[0.006s][info][gc,init] Initializing The Z Garbage Collector
Java HotSpot(TM) 64-Bit Server VM warning: Option FlightRecorder was deprecated in version 13.0 and will likely be removed in a future release.
[0.006s][info][gc,init] Version: 15.0.1+9-18 (release)
[0.006s][info][gc,init] NUMA Support: Disabled
[0.006s][info][gc,init] CPUs: 8 total, 8 available
[0.006s][info][gc,init] Memory: 16234M
[0.006s][info][gc,init] Large Page Support: Disabled
[0.006s][info][gc,init] Workers: 5 parallel, 1 concurrent
[0.006s][info][gc,init] Address Space Type: Contiguous/Unrestricted/Complete
[0.006s][info][gc,init] Address Space Size: 64960M x 3 = 194880M
[0.007s][info][gc,init] Min Capacity: 42M
[0.007s][info][gc,init] Initial Capacity: 254M
[0.007s][info][gc,init] Max Capacity: 4060M
[0.007s][info][gc,init] Max Reserve: 42M
[0.007s][info][gc,init] Medium Page Size: 32M
[0.007s][info][gc,init] Pre-touch: Disabled
[0.007s][info][gc,init] Uncommit: Enabled
[0.007s][info][gc,init] Uncommit Delay: 300s
[0.023s][info][gc,init] Runtime Workers: 5 parallel
[0.023s][info][gc     ] Using The Z Garbage Collector
[0.025s][info][gc,metaspace] CDS archive(s) mapped at: [0x0000000800000000-0x0000000800b50000-0x0000000800b50000), size 11862016, SharedBaseAddress: 0x0000000800000000, ArchiveRelocationMode: 0.
[0.025s][info][gc,metaspace] Compressed class space mapped at: 0x0000000800b50000-0x0000000840b50000, size: 1073741824
[0.025s][info][gc,metaspace] Narrow klass base: 0x0000000800000000, Narrow klass shift: 3, Narrow klass range: 0x100000000
Started recording 1. No limit specified, using maxsize=250MB as default.

Use jcmd 13932 JFR.dump name=GCTypeDemo_2021_02_15_035321 to copy recording data to file.
[0.838s][info][gc,start    ] GC(0) Garbage Collection (Warmup)
[0.839s][info][gc,phases   ] GC(0) Pause Mark Start 0.289ms
[0.945s][info][gc,phases   ] GC(0) Concurrent Mark 106.230ms
[0.945s][info][gc,phases   ] GC(0) Pause Mark End 0.075ms
[0.946s][info][gc,phases   ] GC(0) Concurrent Process Non-Strong References 1.216ms
[0.946s][info][gc,phases   ] GC(0) Concurrent Reset Relocation Set 0.000ms
[0.954s][info][gc,phases   ] GC(0) Concurrent Select Relocation Set 7.978ms
[0.955s][info][gc,phases   ] GC(0) Pause Relocate Start 0.060ms
[0.992s][info][gc,phases   ] GC(0) Concurrent Relocate 37.378ms
[0.992s][info][gc,load     ] GC(0) Load: 0.00/0.00/0.00
[0.992s][info][gc,mmu      ] GC(0) MMU: 2ms/85.5%, 5ms/94.2%, 10ms/97.1%, 20ms/98.6%, 50ms/99.4%, 100ms/99.7%
[0.992s][info][gc,marking  ] GC(0) Mark: 1 stripe(s), 2 proactive flush(es), 1 terminate flush(es), 1 completion(s), 0 continuation(s) 
[0.992s][info][gc,nmethod  ] GC(0) NMethods: 1391 registered, 0 unregistered
[0.992s][info][gc,metaspace] GC(0) Metaspace: 3M used, 4M capacity, 4M committed, 1032M reserved
[0.992s][info][gc,ref      ] GC(0) Soft: 224 encountered, 0 discovered, 0 enqueued
[0.992s][info][gc,ref      ] GC(0) Weak: 348 encountered, 295 discovered, 80 enqueued
[0.992s][info][gc,ref      ] GC(0) Final: 1 encountered, 1 discovered, 0 enqueued
[0.992s][info][gc,ref      ] GC(0) Phantom: 111 encountered, 102 discovered, 72 enqueued
[0.992s][info][gc,reloc    ] GC(0) Small Pages: 199 / 398M(98%), Empty: 242M(60%), Compacting: 88M(22%)->40M(10%)
[0.992s][info][gc,reloc    ] GC(0) Medium Pages: 0 / 0M(0%), Empty: 0M(0%), Compacting: 0M(0%)->0M(0%)
[0.992s][info][gc,reloc    ] GC(0) Large Pages: 1 / 8M(2%), Empty: 0M(0%), Compacting: 0M(0%)->0M(0%)
[0.992s][info][gc,reloc    ] GC(0) Relocation: Successful
[0.992s][info][gc,heap     ] GC(0) Min Capacity: 42M(1%)
[0.992s][info][gc,heap     ] GC(0) Max Capacity: 4060M(100%)
[0.992s][info][gc,heap     ] GC(0) Soft Max Capacity: 4060M(100%)
[0.992s][info][gc,heap     ] GC(0)                Mark Start          Mark End        Relocate Start      Relocate End           High               Low         
[0.992s][info][gc,heap     ] GC(0)  Capacity:      448M (11%)         596M (15%)         600M (15%)         600M (15%)         600M (15%)         448M (11%)    
[0.992s][info][gc,heap     ] GC(0)   Reserve:       42M (1%)           42M (1%)           42M (1%)           42M (1%)           42M (1%)           42M (1%)     
[0.992s][info][gc,heap     ] GC(0)      Free:     3612M (89%)        3464M (85%)        3688M (91%)        3620M (89%)        3702M (91%)        3460M (85%)    
[0.992s][info][gc,heap     ] GC(0)      Used:      406M (10%)         554M (14%)         330M (8%)          398M (10%)         558M (14%)         316M (8%)     
[0.992s][info][gc,heap     ] GC(0)      Live:         -                96M (2%)           96M (2%)           96M (2%)             -                  -          
[0.992s][info][gc,heap     ] GC(0) Allocated:         -               148M (4%)          166M (4%)          322M (8%)             -                  -          
[0.992s][info][gc,heap     ] GC(0)   Garbage:         -               309M (8%)           67M (2%)           21M (1%)             -                  -          
[0.992s][info][gc,heap     ] GC(0) Reclaimed:         -                  -               242M (6%)          288M (7%)             -                  -          
[0.992s][info][gc          ] GC(0) Garbage Collection (Warmup) 406M(10%)->398M(10%)
[1.238s][info][gc,start    ] GC(1) Garbage Collection (Warmup)
[1.239s][info][gc,phases   ] GC(1) Pause Mark Start 0.048ms
[1.338s][info][gc,phases   ] GC(1) Concurrent Mark 99.513ms
[1.339s][info][gc,phases   ] GC(1) Pause Mark End 0.396ms
[1.340s][info][gc,phases   ] GC(1) Concurrent Process Non-Strong References 1.737ms
[1.341s][info][gc,phases   ] GC(1) Concurrent Reset Relocation Set 0.588ms
[1.343s][info][gc,phases   ] GC(1) Concurrent Select Relocation Set 1.881ms
[1.343s][info][gc,phases   ] GC(1) Pause Relocate Start 0.051ms
[1.345s][info][gc,phases   ] GC(1) Concurrent Relocate 1.910ms
[1.345s][info][gc,load     ] GC(1) Load: 0.00/0.00/0.00
[1.345s][info][gc,mmu      ] GC(1) MMU: 2ms/80.2%, 5ms/91.0%, 10ms/95.5%, 20ms/97.8%, 50ms/99.1%, 100ms/99.6%
[1.345s][info][gc,marking  ] GC(1) Mark: 1 stripe(s), 2 proactive flush(es), 1 terminate flush(es), 1 completion(s), 0 continuation(s) 
[1.345s][info][gc,nmethod  ] GC(1) NMethods: 1447 registered, 0 unregistered
[1.345s][info][gc,metaspace] GC(1) Metaspace: 4M used, 4M capacity, 4M committed, 1032M reserved
[1.345s][info][gc,ref      ] GC(1) Soft: 261 encountered, 0 discovered, 0 enqueued
[1.345s][info][gc,ref      ] GC(1) Weak: 284 encountered, 233 discovered, 4 enqueued
[1.345s][info][gc,ref      ] GC(1) Final: 1 encountered, 0 discovered, 0 enqueued
[1.345s][info][gc,ref      ] GC(1) Phantom: 43 encountered, 34 discovered, 4 enqueued
[1.345s][info][gc,reloc    ] GC(1) Small Pages: 419 / 838M(99%), Empty: 746M(88%), Compacting: 16M(2%)->2M(0%)
[1.345s][info][gc,reloc    ] GC(1) Medium Pages: 0 / 0M(0%), Empty: 0M(0%), Compacting: 0M(0%)->0M(0%)
[1.345s][info][gc,reloc    ] GC(1) Large Pages: 1 / 8M(1%), Empty: 0M(0%), Compacting: 0M(0%)->0M(0%)
[1.345s][info][gc,reloc    ] GC(1) Relocation: Successful
[1.345s][info][gc,heap     ] GC(1) Min Capacity: 42M(1%)
[1.345s][info][gc,heap     ] GC(1) Max Capacity: 4060M(100%)
[1.345s][info][gc,heap     ] GC(1) Soft Max Capacity: 4060M(100%)
[1.345s][info][gc,heap     ] GC(1)                Mark Start          Mark End        Relocate Start      Relocate End           High               Low         
[1.345s][info][gc,heap     ] GC(1)  Capacity:      888M (22%)         988M (24%)         992M (24%)         992M (24%)         992M (24%)         888M (22%)    
[1.345s][info][gc,heap     ] GC(1)   Reserve:       42M (1%)           42M (1%)           42M (1%)           42M (1%)           42M (1%)           42M (1%)     
[1.345s][info][gc,heap     ] GC(1)      Free:     3172M (78%)        3072M (76%)        3812M (94%)        3812M (94%)        3814M (94%)        3068M (76%)    
[1.345s][info][gc,heap     ] GC(1)      Used:      846M (21%)         946M (23%)         206M (5%)          206M (5%)          950M (23%)         204M (5%)     
[1.345s][info][gc,heap     ] GC(1)      Live:         -                74M (2%)           74M (2%)           74M (2%)             -                  -          
[1.345s][info][gc,heap     ] GC(1) Allocated:         -               100M (2%)          106M (3%)          122M (3%)             -                  -          
[1.345s][info][gc,heap     ] GC(1)   Garbage:         -               771M (19%)          25M (1%)           19M (0%)             -                  -          
[1.345s][info][gc,heap     ] GC(1) Reclaimed:         -                  -               746M (18%)         752M (19%)            -                  -          
[1.345s][info][gc          ] GC(1) Garbage Collection (Warmup) 846M(21%)->206M(5%)
[1.738s][info][gc,start    ] GC(2) Garbage Collection (Warmup)
[1.738s][info][gc,phases   ] GC(2) Pause Mark Start 0.138ms
[1.826s][info][gc,phases   ] GC(2) Concurrent Mark 88.224ms
[1.827s][info][gc,phases   ] GC(2) Pause Mark End 0.283ms
[1.828s][info][gc,phases   ] GC(2) Concurrent Process Non-Strong References 1.754ms
[1.828s][info][gc,phases   ] GC(2) Concurrent Reset Relocation Set 0.012ms
[1.830s][info][gc,phases   ] GC(2) Concurrent Select Relocation Set 1.328ms
[1.830s][info][gc,phases   ] GC(2) Pause Relocate Start 0.067ms
[1.831s][info][gc,phases   ] GC(2) Concurrent Relocate 1.003ms
[1.831s][info][gc,load     ] GC(2) Load: 0.00/0.00/0.00
[1.831s][info][gc,mmu      ] GC(2) MMU: 2ms/80.2%, 5ms/91.0%, 10ms/95.5%, 20ms/97.8%, 50ms/99.1%, 100ms/99.5%
[1.831s][info][gc,marking  ] GC(2) Mark: 1 stripe(s), 2 proactive flush(es), 1 terminate flush(es), 1 completion(s), 0 continuation(s) 
[1.831s][info][gc,nmethod  ] GC(2) NMethods: 1448 registered, 0 unregistered
[1.831s][info][gc,metaspace] GC(2) Metaspace: 4M used, 4M capacity, 4M committed, 1032M reserved
[1.831s][info][gc,ref      ] GC(2) Soft: 261 encountered, 0 discovered, 0 enqueued
[1.831s][info][gc,ref      ] GC(2) Weak: 280 encountered, 229 discovered, 0 enqueued
[1.831s][info][gc,ref      ] GC(2) Final: 1 encountered, 0 discovered, 0 enqueued
[1.831s][info][gc,ref      ] GC(2) Phantom: 39 encountered, 30 discovered, 0 enqueued
[1.831s][info][gc,reloc    ] GC(2) Small Pages: 640 / 1280M(99%), Empty: 1174M(91%), Compacting: 16M(1%)->2M(0%)
[1.831s][info][gc,reloc    ] GC(2) Medium Pages: 0 / 0M(0%), Empty: 0M(0%), Compacting: 0M(0%)->0M(0%)
[1.831s][info][gc,reloc    ] GC(2) Large Pages: 1 / 8M(1%), Empty: 0M(0%), Compacting: 0M(0%)->0M(0%)
[1.831s][info][gc,reloc    ] GC(2) Relocation: Successful
[1.831s][info][gc,heap     ] GC(2) Min Capacity: 42M(1%)
[1.831s][info][gc,heap     ] GC(2) Max Capacity: 4060M(100%)
[1.831s][info][gc,heap     ] GC(2) Soft Max Capacity: 4060M(100%)
[1.831s][info][gc,heap     ] GC(2)                Mark Start          Mark End        Relocate Start      Relocate End           High               Low         
[1.831s][info][gc,heap     ] GC(2)  Capacity:     1330M (33%)        1494M (37%)        1496M (37%)        1496M (37%)        1496M (37%)        1330M (33%)    
[1.831s][info][gc,heap     ] GC(2)   Reserve:       42M (1%)           42M (1%)           42M (1%)           42M (1%)           42M (1%)           42M (1%)     
[1.831s][info][gc,heap     ] GC(2)      Free:     2730M (67%)        2566M (63%)        3734M (92%)        3736M (92%)        3736M (92%)        2564M (63%)    
[1.831s][info][gc,heap     ] GC(2)      Used:     1288M (32%)        1452M (36%)         284M (7%)          282M (7%)         1454M (36%)         282M (7%)     
[1.831s][info][gc,heap     ] GC(2)      Live:         -                86M (2%)           86M (2%)           86M (2%)             -                  -          
[1.831s][info][gc,heap     ] GC(2) Allocated:         -               164M (4%)          170M (4%)          184M (5%)             -                  -          
[1.831s][info][gc,heap     ] GC(2)   Garbage:         -              1201M (30%)          27M (1%)           21M (1%)             -                  -          
[1.831s][info][gc,heap     ] GC(2) Reclaimed:         -                  -              1174M (29%)        1180M (29%)            -                  -          
[1.831s][info][gc          ] GC(2) Garbage Collection (Warmup) 1288M(32%)->282M(7%)
[2.737s][info][gc,start    ] GC(3) Garbage Collection (Allocation Rate)
[2.738s][info][gc,phases   ] GC(3) Pause Mark Start 0.056ms
[2.833s][info][gc,phases   ] GC(3) Concurrent Mark 95.271ms
[2.833s][info][gc,phases   ] GC(3) Pause Mark End 0.262ms
[2.835s][info][gc,phases   ] GC(3) Concurrent Process Non-Strong References 1.713ms
[2.835s][info][gc,phases   ] GC(3) Concurrent Reset Relocation Set 0.013ms
[2.839s][info][gc,phases   ] GC(3) Concurrent Select Relocation Set 3.390ms
[2.839s][info][gc,phases   ] GC(3) Pause Relocate Start 0.066ms
[2.858s][info][gc,phases   ] GC(3) Concurrent Relocate 19.365ms
[2.858s][info][gc,load     ] GC(3) Load: 0.00/0.00/0.00
[2.858s][info][gc,mmu      ] GC(3) MMU: 2ms/80.2%, 5ms/91.0%, 10ms/95.5%, 20ms/97.8%, 50ms/99.1%, 100ms/99.5%
[2.858s][info][gc,marking  ] GC(3) Mark: 1 stripe(s), 2 proactive flush(es), 1 terminate flush(es), 1 completion(s), 0 continuation(s) 
[2.858s][info][gc,nmethod  ] GC(3) NMethods: 1448 registered, 0 unregistered
[2.858s][info][gc,metaspace] GC(3) Metaspace: 4M used, 4M capacity, 4M committed, 1032M reserved
[2.858s][info][gc,ref      ] GC(3) Soft: 261 encountered, 0 discovered, 0 enqueued
[2.858s][info][gc,ref      ] GC(3) Weak: 280 encountered, 229 discovered, 0 enqueued
[2.858s][info][gc,ref      ] GC(3) Final: 1 encountered, 0 discovered, 0 enqueued
[2.858s][info][gc,ref      ] GC(3) Phantom: 39 encountered, 30 discovered, 0 enqueued
[2.858s][info][gc,reloc    ] GC(3) Small Pages: 1334 / 2668M(100%), Empty: 2520M(94%), Compacting: 68M(3%)->34M(1%)
[2.858s][info][gc,reloc    ] GC(3) Medium Pages: 0 / 0M(0%), Empty: 0M(0%), Compacting: 0M(0%)->0M(0%)
[2.858s][info][gc,reloc    ] GC(3) Large Pages: 1 / 8M(0%), Empty: 0M(0%), Compacting: 0M(0%)->0M(0%)
[2.858s][info][gc,reloc    ] GC(3) Relocation: Successful
[2.858s][info][gc,heap     ] GC(3) Min Capacity: 42M(1%)
[2.858s][info][gc,heap     ] GC(3) Max Capacity: 4060M(100%)
[2.858s][info][gc,heap     ] GC(3) Soft Max Capacity: 4060M(100%)
[2.858s][info][gc,heap     ] GC(3)                Mark Start          Mark End        Relocate Start      Relocate End           High               Low         
[2.858s][info][gc,heap     ] GC(3)  Capacity:     2718M (67%)        2894M (71%)        2898M (71%)        2898M (71%)        2898M (71%)        2718M (67%)    
[2.858s][info][gc,heap     ] GC(3)   Reserve:       42M (1%)           42M (1%)           42M (1%)           42M (1%)           42M (1%)           42M (1%)     
[2.858s][info][gc,heap     ] GC(3)      Free:     1342M (33%)        1166M (29%)        3674M (90%)        3618M (89%)        3682M (91%)        1162M (29%)    
[2.858s][info][gc,heap     ] GC(3)      Used:     2676M (66%)        2852M (70%)         344M (8%)          400M (10%)        2856M (70%)         336M (8%)     
[2.858s][info][gc,heap     ] GC(3)      Live:         -               106M (3%)          106M (3%)          106M (3%)             -                  -          
[2.858s][info][gc,heap     ] GC(3) Allocated:         -               176M (4%)          188M (5%)          312M (8%)             -                  -          
[2.858s][info][gc,heap     ] GC(3)   Garbage:         -              2569M (63%)          49M (1%)           17M (0%)             -                  -          
[2.858s][info][gc,heap     ] GC(3) Reclaimed:         -                  -              2520M (62%)        2552M (63%)            -                  -          
[2.858s][info][gc          ] GC(3) Garbage Collection (Allocation Rate) 2676M(66%)->400M(10%)
[3.338s][info][gc,start    ] GC(4) Garbage Collection (Allocation Rate)
[3.338s][info][gc,phases   ] GC(4) Pause Mark Start 0.064ms
[3.390s][info][gc,phases   ] GC(4) Concurrent Mark 51.470ms
[3.390s][info][gc,phases   ] GC(4) Pause Mark End 0.341ms
[3.392s][info][gc,phases   ] GC(4) Concurrent Process Non-Strong References 1.736ms
[3.392s][info][gc,phases   ] GC(4) Concurrent Reset Relocation Set 0.118ms
[3.394s][info][gc,phases   ] GC(4) Concurrent Select Relocation Set 1.744ms
[3.394s][info][gc,phases   ] GC(4) Pause Relocate Start 0.059ms
[3.403s][info][gc,phases   ] GC(4) Concurrent Relocate 9.115ms
[3.403s][info][gc,load     ] GC(4) Load: 0.00/0.00/0.00
[3.403s][info][gc,mmu      ] GC(4) MMU: 2ms/80.2%, 5ms/91.0%, 10ms/95.5%, 20ms/97.8%, 50ms/99.1%, 100ms/99.5%
[3.403s][info][gc,marking  ] GC(4) Mark: 1 stripe(s), 2 proactive flush(es), 1 terminate flush(es), 1 completion(s), 0 continuation(s) 
[3.403s][info][gc,nmethod  ] GC(4) NMethods: 1451 registered, 0 unregistered
[3.403s][info][gc,metaspace] GC(4) Metaspace: 4M used, 4M capacity, 4M committed, 1032M reserved
[3.403s][info][gc,ref      ] GC(4) Soft: 261 encountered, 0 discovered, 0 enqueued
[3.403s][info][gc,ref      ] GC(4) Weak: 280 encountered, 229 discovered, 0 enqueued
[3.403s][info][gc,ref      ] GC(4) Final: 1 encountered, 0 discovered, 0 enqueued
[3.403s][info][gc,ref      ] GC(4) Phantom: 39 encountered, 30 discovered, 0 enqueued
[3.403s][info][gc,reloc    ] GC(4) Small Pages: 1228 / 2456M(100%), Empty: 2332M(95%), Compacting: 42M(2%)->14M(1%)
[3.403s][info][gc,reloc    ] GC(4) Medium Pages: 0 / 0M(0%), Empty: 0M(0%), Compacting: 0M(0%)->0M(0%)
[3.403s][info][gc,reloc    ] GC(4) Large Pages: 1 / 8M(0%), Empty: 0M(0%), Compacting: 0M(0%)->0M(0%)
[3.403s][info][gc,reloc    ] GC(4) Relocation: Successful
[3.403s][info][gc,heap     ] GC(4) Min Capacity: 42M(1%)
[3.403s][info][gc,heap     ] GC(4) Max Capacity: 4060M(100%)
[3.403s][info][gc,heap     ] GC(4) Soft Max Capacity: 4060M(100%)
[3.403s][info][gc,heap     ] GC(4)                Mark Start          Mark End        Relocate Start      Relocate End           High               Low         
[3.403s][info][gc,heap     ] GC(4)  Capacity:     2898M (71%)        2898M (71%)        2898M (71%)        2898M (71%)        2898M (71%)        2898M (71%)    
[3.403s][info][gc,heap     ] GC(4)   Reserve:       42M (1%)           42M (1%)           42M (1%)           42M (1%)           42M (1%)           42M (1%)     
[3.403s][info][gc,heap     ] GC(4)      Free:     1554M (38%)        1376M (34%)        3700M (91%)        3686M (91%)        3706M (91%)        1372M (34%)    
[3.403s][info][gc,heap     ] GC(4)      Used:     2464M (61%)        2642M (65%)         318M (8%)          332M (8%)         2646M (65%)         312M (8%)     
[3.403s][info][gc,heap     ] GC(4)      Live:         -                90M (2%)           90M (2%)           90M (2%)             -                  -          
[3.403s][info][gc,heap     ] GC(4) Allocated:         -               178M (4%)          186M (5%)          242M (6%)             -                  -          
[3.403s][info][gc,heap     ] GC(4)   Garbage:         -              2373M (58%)          41M (1%)           19M (0%)             -                  -          
[3.403s][info][gc,heap     ] GC(4) Reclaimed:         -                  -              2332M (57%)        2354M (58%)            -                  -          
[3.403s][info][gc          ] GC(4) Garbage Collection (Allocation Rate) 2464M(61%)->332M(8%)
[3.838s][info][gc,start    ] GC(5) Garbage Collection (Allocation Rate)
[3.839s][info][gc,phases   ] GC(5) Pause Mark Start 0.102ms
[3.874s][info][gc,phases   ] GC(5) Concurrent Mark 35.481ms
[3.875s][info][gc,phases   ] GC(5) Pause Mark End 0.372ms
[3.877s][info][gc,phases   ] GC(5) Concurrent Process Non-Strong References 1.995ms
[3.877s][info][gc,phases   ] GC(5) Concurrent Reset Relocation Set 0.151ms
[3.880s][info][gc,phases   ] GC(5) Concurrent Select Relocation Set 2.558ms
[3.880s][info][gc,phases   ] GC(5) Pause Relocate Start 0.067ms
[3.893s][info][gc,phases   ] GC(5) Concurrent Relocate 12.638ms
[3.893s][info][gc,load     ] GC(5) Load: 0.00/0.00/0.00
[3.893s][info][gc,mmu      ] GC(5) MMU: 2ms/80.2%, 5ms/91.0%, 10ms/95.5%, 20ms/97.8%, 50ms/98.9%, 100ms/99.5%
[3.893s][info][gc,marking  ] GC(5) Mark: 1 stripe(s), 2 proactive flush(es), 1 terminate flush(es), 1 completion(s), 0 continuation(s) 
[3.893s][info][gc,nmethod  ] GC(5) NMethods: 1454 registered, 0 unregistered
[3.893s][info][gc,metaspace] GC(5) Metaspace: 4M used, 4M capacity, 4M committed, 1032M reserved
[3.893s][info][gc,ref      ] GC(5) Soft: 261 encountered, 0 discovered, 0 enqueued
[3.893s][info][gc,ref      ] GC(5) Weak: 280 encountered, 229 discovered, 0 enqueued
[3.893s][info][gc,ref      ] GC(5) Final: 1 encountered, 0 discovered, 0 enqueued
[3.893s][info][gc,ref      ] GC(5) Phantom: 39 encountered, 30 discovered, 0 enqueued
[3.893s][info][gc,reloc    ] GC(5) Small Pages: 1099 / 2198M(100%), Empty: 2078M(94%), Compacting: 110M(5%)->24M(1%)
[3.893s][info][gc,reloc    ] GC(5) Medium Pages: 0 / 0M(0%), Empty: 0M(0%), Compacting: 0M(0%)->0M(0%)
[3.893s][info][gc,reloc    ] GC(5) Large Pages: 1 / 8M(0%), Empty: 0M(0%), Compacting: 0M(0%)->0M(0%)
[3.893s][info][gc,reloc    ] GC(5) Relocation: Successful
[3.893s][info][gc,heap     ] GC(5) Min Capacity: 42M(1%)
[3.893s][info][gc,heap     ] GC(5) Max Capacity: 4060M(100%)
[3.893s][info][gc,heap     ] GC(5) Soft Max Capacity: 4060M(100%)
[3.893s][info][gc,heap     ] GC(5)                Mark Start          Mark End        Relocate Start      Relocate End           High               Low         
[3.893s][info][gc,heap     ] GC(5)  Capacity:     2898M (71%)        2898M (71%)        2898M (71%)        2898M (71%)        2898M (71%)        2898M (71%)    
[3.893s][info][gc,heap     ] GC(5)   Reserve:       42M (1%)           42M (1%)           42M (1%)           42M (1%)           42M (1%)           42M (1%)     
[3.893s][info][gc,heap     ] GC(5)      Free:     1812M (45%)        1646M (41%)        3702M (91%)        3722M (92%)        3730M (92%)        1636M (40%)    
[3.893s][info][gc,heap     ] GC(5)      Used:     2206M (54%)        2372M (58%)         316M (8%)          296M (7%)         2382M (59%)         288M (7%)     
[3.893s][info][gc,heap     ] GC(5)      Live:         -                36M (1%)           36M (1%)           36M (1%)             -                  -          
[3.893s][info][gc,heap     ] GC(5) Allocated:         -               166M (4%)          188M (5%)          278M (7%)             -                  -          
[3.893s][info][gc,heap     ] GC(5)   Garbage:         -              2169M (53%)          91M (2%)           11M (0%)             -                  -          
[3.893s][info][gc,heap     ] GC(5) Reclaimed:         -                  -              2078M (51%)        2158M (53%)            -                  -          
[3.893s][info][gc          ] GC(5) Garbage Collection (Allocation Rate) 2206M(54%)->296M(7%)
[4.338s][info][gc,start    ] GC(6) Garbage Collection (Allocation Rate)
[4.338s][info][gc,phases   ] GC(6) Pause Mark Start 0.067ms
[4.412s][info][gc,phases   ] GC(6) Concurrent Mark 73.171ms
[4.412s][info][gc,phases   ] GC(6) Pause Mark End 0.295ms
[4.414s][info][gc,phases   ] GC(6) Concurrent Process Non-Strong References 1.478ms
[4.414s][info][gc,phases   ] GC(6) Concurrent Reset Relocation Set 0.119ms
[4.416s][info][gc,phases   ] GC(6) Concurrent Select Relocation Set 1.924ms
[4.416s][info][gc,phases   ] GC(6) Pause Relocate Start 0.096ms
[4.417s][info][gc,phases   ] GC(6) Concurrent Relocate 0.986ms
[4.417s][info][gc,load     ] GC(6) Load: 0.00/0.00/0.00
[4.417s][info][gc,mmu      ] GC(6) MMU: 2ms/80.2%, 5ms/91.0%, 10ms/95.5%, 20ms/97.8%, 50ms/98.9%, 100ms/99.5%
[4.417s][info][gc,marking  ] GC(6) Mark: 1 stripe(s), 2 proactive flush(es), 1 terminate flush(es), 1 completion(s), 0 continuation(s) 
[4.417s][info][gc,nmethod  ] GC(6) NMethods: 1454 registered, 0 unregistered
[4.417s][info][gc,metaspace] GC(6) Metaspace: 4M used, 4M capacity, 4M committed, 1032M reserved
[4.417s][info][gc,ref      ] GC(6) Soft: 261 encountered, 0 discovered, 0 enqueued
[4.417s][info][gc,ref      ] GC(6) Weak: 280 encountered, 229 discovered, 0 enqueued
[4.417s][info][gc,ref      ] GC(6) Final: 1 encountered, 0 discovered, 0 enqueued
[4.417s][info][gc,ref      ] GC(6) Phantom: 39 encountered, 30 discovered, 0 enqueued
[4.417s][info][gc,reloc    ] GC(6) Small Pages: 1187 / 2374M(100%), Empty: 2204M(93%), Compacting: 14M(1%)->2M(0%)
[4.417s][info][gc,reloc    ] GC(6) Medium Pages: 0 / 0M(0%), Empty: 0M(0%), Compacting: 0M(0%)->0M(0%)
[4.417s][info][gc,reloc    ] GC(6) Large Pages: 1 / 8M(0%), Empty: 0M(0%), Compacting: 0M(0%)->0M(0%)
[4.417s][info][gc,reloc    ] GC(6) Relocation: Successful
[4.417s][info][gc,heap     ] GC(6) Min Capacity: 42M(1%)
[4.417s][info][gc,heap     ] GC(6) Max Capacity: 4060M(100%)
[4.417s][info][gc,heap     ] GC(6) Soft Max Capacity: 4060M(100%)
[4.417s][info][gc,heap     ] GC(6)                Mark Start          Mark End        Relocate Start      Relocate End           High               Low         
[4.417s][info][gc,heap     ] GC(6)  Capacity:     2898M (71%)        2898M (71%)        2898M (71%)        2898M (71%)        2898M (71%)        2898M (71%)    
[4.417s][info][gc,heap     ] GC(6)   Reserve:       42M (1%)           42M (1%)           42M (1%)           42M (1%)           42M (1%)           42M (1%)     
[4.417s][info][gc,heap     ] GC(6)      Free:     1636M (40%)        1466M (36%)        3660M (90%)        3664M (90%)        3666M (90%)        1462M (36%)    
[4.417s][info][gc,heap     ] GC(6)      Used:     2382M (59%)        2552M (63%)         358M (9%)          354M (9%)         2556M (63%)         352M (9%)     
[4.417s][info][gc,heap     ] GC(6)      Live:         -               143M (4%)          143M (4%)          143M (4%)             -                  -          
[4.417s][info][gc,heap     ] GC(6) Allocated:         -               170M (4%)          180M (4%)          190M (5%)             -                  -          
[4.417s][info][gc,heap     ] GC(6)   Garbage:         -              2238M (55%)          34M (1%)           26M (1%)             -                  -          
[4.417s][info][gc,heap     ] GC(6) Reclaimed:         -                  -              2204M (54%)        2212M (54%)            -                  -          
[4.417s][info][gc          ] GC(6) Garbage Collection (Allocation Rate) 2382M(59%)->354M(9%)
[4.838s][info][gc,start    ] GC(7) Garbage Collection (Allocation Rate)
[4.838s][info][gc,phases   ] GC(7) Pause Mark Start 0.048ms
[4.906s][info][gc,phases   ] GC(7) Concurrent Mark 67.651ms
[4.906s][info][gc,phases   ] GC(7) Pause Mark End 0.357ms
[4.909s][info][gc,phases   ] GC(7) Concurrent Process Non-Strong References 2.079ms
[4.909s][info][gc,phases   ] GC(7) Concurrent Reset Relocation Set 0.013ms
[4.910s][info][gc,phases   ] GC(7) Concurrent Select Relocation Set 1.578ms
[4.911s][info][gc,phases   ] GC(7) Pause Relocate Start 0.105ms
[4.917s][info][gc,phases   ] GC(7) Concurrent Relocate 6.126ms
[4.917s][info][gc,load     ] GC(7) Load: 0.00/0.00/0.00
[4.917s][info][gc,mmu      ] GC(7) MMU: 2ms/80.2%, 5ms/90.8%, 10ms/95.4%, 20ms/97.7%, 50ms/98.9%, 100ms/99.5%
[4.917s][info][gc,marking  ] GC(7) Mark: 1 stripe(s), 2 proactive flush(es), 1 terminate flush(es), 1 completion(s), 0 continuation(s) 
[4.917s][info][gc,nmethod  ] GC(7) NMethods: 1454 registered, 0 unregistered
[4.917s][info][gc,metaspace] GC(7) Metaspace: 4M used, 4M capacity, 4M committed, 1032M reserved
[4.917s][info][gc,ref      ] GC(7) Soft: 261 encountered, 0 discovered, 0 enqueued
[4.917s][info][gc,ref      ] GC(7) Weak: 280 encountered, 229 discovered, 0 enqueued
[4.917s][info][gc,ref      ] GC(7) Final: 1 encountered, 0 discovered, 0 enqueued
[4.917s][info][gc,ref      ] GC(7) Phantom: 39 encountered, 30 discovered, 0 enqueued
[4.917s][info][gc,reloc    ] GC(7) Small Pages: 1177 / 2354M(100%), Empty: 2200M(93%), Compacting: 38M(2%)->10M(0%)
[4.917s][info][gc,reloc    ] GC(7) Medium Pages: 0 / 0M(0%), Empty: 0M(0%), Compacting: 0M(0%)->0M(0%)
[4.917s][info][gc,reloc    ] GC(7) Large Pages: 1 / 8M(0%), Empty: 0M(0%), Compacting: 0M(0%)->0M(0%)
[4.917s][info][gc,reloc    ] GC(7) Relocation: Successful
[4.917s][info][gc,heap     ] GC(7) Min Capacity: 42M(1%)
[4.917s][info][gc,heap     ] GC(7) Max Capacity: 4060M(100%)
[4.917s][info][gc,heap     ] GC(7) Soft Max Capacity: 4060M(100%)
[4.917s][info][gc,heap     ] GC(7)                Mark Start          Mark End        Relocate Start      Relocate End           High               Low         
[4.917s][info][gc,heap     ] GC(7)  Capacity:     2898M (71%)        2898M (71%)        2898M (71%)        2898M (71%)        2898M (71%)        2898M (71%)    
[4.917s][info][gc,heap     ] GC(7)   Reserve:       42M (1%)           42M (1%)           42M (1%)           42M (1%)           42M (1%)           42M (1%)     
[4.917s][info][gc,heap     ] GC(7)      Free:     1656M (41%)        1484M (37%)        3672M (90%)        3672M (90%)        3682M (91%)        1480M (36%)    
[4.917s][info][gc,heap     ] GC(7)      Used:     2362M (58%)        2534M (62%)         346M (9%)          346M (9%)         2538M (63%)         336M (8%)     
[4.917s][info][gc,heap     ] GC(7)      Live:         -               113M (3%)          113M (3%)          113M (3%)             -                  -          
[4.917s][info][gc,heap     ] GC(7) Allocated:         -               172M (4%)          184M (5%)          222M (5%)             -                  -          
[4.917s][info][gc,heap     ] GC(7)   Garbage:         -              2248M (55%)          48M (1%)           22M (1%)             -                  -          
[4.917s][info][gc,heap     ] GC(7) Reclaimed:         -                  -              2200M (54%)        2226M (55%)            -                  -          
[4.917s][info][gc          ] GC(7) Garbage Collection (Allocation Rate) 2362M(58%)->346M(9%)
[5.439s][info][gc,start    ] GC(8) Garbage Collection (Allocation Rate)
[5.439s][info][gc,phases   ] GC(8) Pause Mark Start 0.075ms
[5.523s][info][gc,phases   ] GC(8) Concurrent Mark 84.550ms
[5.524s][info][gc,phases   ] GC(8) Pause Mark End 0.243ms
[5.526s][info][gc,phases   ] GC(8) Concurrent Process Non-Strong References 1.687ms
[5.526s][info][gc,phases   ] GC(8) Concurrent Reset Relocation Set 0.017ms
[5.527s][info][gc,phases   ] GC(8) Concurrent Select Relocation Set 1.752ms
[5.528s][info][gc,phases   ] GC(8) Pause Relocate Start 0.066ms
[5.533s][info][gc,phases   ] GC(8) Concurrent Relocate 4.721ms
[5.533s][info][gc,load     ] GC(8) Load: 0.00/0.00/0.00
[5.533s][info][gc,mmu      ] GC(8) MMU: 2ms/80.2%, 5ms/90.8%, 10ms/95.4%, 20ms/97.7%, 50ms/98.9%, 100ms/99.5%
[5.533s][info][gc,marking  ] GC(8) Mark: 1 stripe(s), 2 proactive flush(es), 1 terminate flush(es), 1 completion(s), 0 continuation(s) 
[5.533s][info][gc,nmethod  ] GC(8) NMethods: 1458 registered, 0 unregistered
[5.533s][info][gc,metaspace] GC(8) Metaspace: 4M used, 4M capacity, 4M committed, 1032M reserved
[5.533s][info][gc,ref      ] GC(8) Soft: 261 encountered, 0 discovered, 0 enqueued
[5.533s][info][gc,ref      ] GC(8) Weak: 280 encountered, 229 discovered, 0 enqueued
[5.533s][info][gc,ref      ] GC(8) Final: 1 encountered, 0 discovered, 0 enqueued
[5.533s][info][gc,ref      ] GC(8) Phantom: 39 encountered, 30 discovered, 0 enqueued
[5.533s][info][gc,reloc    ] GC(8) Small Pages: 1385 / 2770M(100%), Empty: 2652M(95%), Compacting: 24M(1%)->8M(0%)
[5.533s][info][gc,reloc    ] GC(8) Medium Pages: 0 / 0M(0%), Empty: 0M(0%), Compacting: 0M(0%)->0M(0%)
[5.533s][info][gc,reloc    ] GC(8) Large Pages: 1 / 8M(0%), Empty: 0M(0%), Compacting: 0M(0%)->0M(0%)
[5.533s][info][gc,reloc    ] GC(8) Relocation: Successful
[5.533s][info][gc,heap     ] GC(8) Min Capacity: 42M(1%)
[5.533s][info][gc,heap     ] GC(8) Max Capacity: 4060M(100%)
[5.533s][info][gc,heap     ] GC(8) Soft Max Capacity: 4060M(100%)
[5.533s][info][gc,heap     ] GC(8)                Mark Start          Mark End        Relocate Start      Relocate End           High               Low         
[5.533s][info][gc,heap     ] GC(8)  Capacity:     2898M (71%)        3000M (74%)        3002M (74%)        3002M (74%)        3002M (74%)        2898M (71%)    
[5.533s][info][gc,heap     ] GC(8)   Reserve:       42M (1%)           42M (1%)           42M (1%)           42M (1%)           42M (1%)           42M (1%)     
[5.533s][info][gc,heap     ] GC(8)      Free:     1240M (31%)        1060M (26%)        3706M (91%)        3692M (91%)        3710M (91%)        1058M (26%)    
[5.533s][info][gc,heap     ] GC(8)      Used:     2778M (68%)        2958M (73%)         312M (8%)          326M (8%)         2960M (73%)         308M (8%)     
[5.533s][info][gc,heap     ] GC(8)      Live:         -                95M (2%)           95M (2%)           95M (2%)             -                  -          
[5.533s][info][gc,heap     ] GC(8) Allocated:         -               180M (4%)          186M (5%)          224M (6%)             -                  -          
[5.533s][info][gc,heap     ] GC(8)   Garbage:         -              2682M (66%)          30M (1%)           22M (1%)             -                  -          
[5.533s][info][gc,heap     ] GC(8) Reclaimed:         -                  -              2652M (65%)        2660M (66%)            -                  -          
[5.533s][info][gc          ] GC(8) Garbage Collection (Allocation Rate) 2778M(68%)->326M(8%)
[5.938s][info][gc,start    ] GC(9) Garbage Collection (Allocation Rate)
[5.938s][info][gc,phases   ] GC(9) Pause Mark Start 0.064ms
[5.966s][info][gc,phases   ] GC(9) Concurrent Mark 27.936ms
[5.967s][info][gc,phases   ] GC(9) Pause Mark End 0.267ms
[5.968s][info][gc,phases   ] GC(9) Concurrent Process Non-Strong References 1.495ms
[5.968s][info][gc,phases   ] GC(9) Concurrent Reset Relocation Set 0.041ms
[5.970s][info][gc,phases   ] GC(9) Concurrent Select Relocation Set 1.488ms
[5.970s][info][gc,phases   ] GC(9) Pause Relocate Start 0.069ms
[5.972s][info][gc,phases   ] GC(9) Concurrent Relocate 1.481ms
[5.972s][info][gc,load     ] GC(9) Load: 0.00/0.00/0.00
[5.972s][info][gc,mmu      ] GC(9) MMU: 2ms/80.2%, 5ms/90.8%, 10ms/95.4%, 20ms/97.7%, 50ms/98.9%, 100ms/99.5%
[5.972s][info][gc,marking  ] GC(9) Mark: 1 stripe(s), 2 proactive flush(es), 1 terminate flush(es), 1 completion(s), 0 continuation(s) 
[5.972s][info][gc,nmethod  ] GC(9) NMethods: 1458 registered, 0 unregistered
[5.972s][info][gc,metaspace] GC(9) Metaspace: 4M used, 4M capacity, 4M committed, 1032M reserved
[5.972s][info][gc,ref      ] GC(9) Soft: 261 encountered, 0 discovered, 0 enqueued
[5.972s][info][gc,ref      ] GC(9) Weak: 280 encountered, 229 discovered, 0 enqueued
[5.972s][info][gc,ref      ] GC(9) Final: 1 encountered, 0 discovered, 0 enqueued
[5.972s][info][gc,ref      ] GC(9) Phantom: 39 encountered, 30 discovered, 0 enqueued
[5.972s][info][gc,reloc    ] GC(9) Small Pages: 1116 / 2232M(100%), Empty: 2178M(97%), Compacting: 14M(1%)->2M(0%)
[5.972s][info][gc,reloc    ] GC(9) Medium Pages: 0 / 0M(0%), Empty: 0M(0%), Compacting: 0M(0%)->0M(0%)
[5.972s][info][gc,reloc    ] GC(9) Large Pages: 1 / 8M(0%), Empty: 0M(0%), Compacting: 0M(0%)->0M(0%)
[5.972s][info][gc,reloc    ] GC(9) Relocation: Successful
[5.972s][info][gc,heap     ] GC(9) Min Capacity: 42M(1%)
[5.972s][info][gc,heap     ] GC(9) Max Capacity: 4060M(100%)
[5.972s][info][gc,heap     ] GC(9) Soft Max Capacity: 4060M(100%)
[5.972s][info][gc,heap     ] GC(9)                Mark Start          Mark End        Relocate Start      Relocate End           High               Low         
[5.972s][info][gc,heap     ] GC(9)  Capacity:     3002M (74%)        3002M (74%)        3002M (74%)        3002M (74%)        3002M (74%)        3002M (74%)    
[5.972s][info][gc,heap     ] GC(9)   Reserve:       42M (1%)           42M (1%)           42M (1%)           42M (1%)           42M (1%)           42M (1%)     
[5.972s][info][gc,heap     ] GC(9)      Free:     1778M (44%)        1642M (40%)        3808M (94%)        3812M (94%)        3812M (94%)        1634M (40%)    
[5.972s][info][gc,heap     ] GC(9)      Used:     2240M (55%)        2376M (59%)         210M (5%)          206M (5%)         2384M (59%)         206M (5%)     
[5.972s][info][gc,heap     ] GC(9)      Live:         -                43M (1%)           43M (1%)           43M (1%)             -                  -          
[5.972s][info][gc,heap     ] GC(9) Allocated:         -               136M (3%)          148M (4%)          158M (4%)             -                  -          
[5.972s][info][gc,heap     ] GC(9)   Garbage:         -              2196M (54%)          18M (0%)           12M (0%)             -                  -          
[5.972s][info][gc,heap     ] GC(9) Reclaimed:         -                  -              2178M (54%)        2184M (54%)            -                  -          
[5.972s][info][gc          ] GC(9) Garbage Collection (Allocation Rate) 2240M(55%)->206M(5%)
[6.439s][info][gc,start    ] GC(10) Garbage Collection (Allocation Rate)
[6.439s][info][gc,phases   ] GC(10) Pause Mark Start 0.064ms
[6.476s][info][gc,phases   ] GC(10) Concurrent Mark 37.549ms
[6.477s][info][gc,phases   ] GC(10) Pause Mark End 0.348ms
[6.479s][info][gc,phases   ] GC(10) Concurrent Process Non-Strong References 1.598ms
[6.479s][info][gc,phases   ] GC(10) Concurrent Reset Relocation Set 0.023ms
[6.484s][info][gc,phases   ] GC(10) Concurrent Select Relocation Set 5.625ms
[6.485s][info][gc,phases   ] GC(10) Pause Relocate Start 0.060ms
[6.518s][info][gc,phases   ] GC(10) Concurrent Relocate 32.973ms
[6.518s][info][gc,load     ] GC(10) Load: 0.00/0.00/0.00
[6.518s][info][gc,mmu      ] GC(10) MMU: 2ms/80.2%, 5ms/90.8%, 10ms/95.4%, 20ms/97.7%, 50ms/98.9%, 100ms/99.5%
[6.518s][info][gc,marking  ] GC(10) Mark: 1 stripe(s), 2 proactive flush(es), 1 terminate flush(es), 1 completion(s), 0 continuation(s) 
[6.518s][info][gc,nmethod  ] GC(10) NMethods: 1463 registered, 0 unregistered
[6.518s][info][gc,metaspace] GC(10) Metaspace: 4M used, 4M capacity, 4M committed, 1032M reserved
[6.518s][info][gc,ref      ] GC(10) Soft: 261 encountered, 0 discovered, 0 enqueued
[6.518s][info][gc,ref      ] GC(10) Weak: 280 encountered, 229 discovered, 0 enqueued
[6.518s][info][gc,ref      ] GC(10) Final: 1 encountered, 0 discovered, 0 enqueued
[6.518s][info][gc,ref      ] GC(10) Phantom: 39 encountered, 30 discovered, 0 enqueued
[6.518s][info][gc,reloc    ] GC(10) Small Pages: 1172 / 2344M(100%), Empty: 2186M(93%), Compacting: 154M(7%)->56M(2%)
[6.518s][info][gc,reloc    ] GC(10) Medium Pages: 0 / 0M(0%), Empty: 0M(0%), Compacting: 0M(0%)->0M(0%)
[6.518s][info][gc,reloc    ] GC(10) Large Pages: 1 / 8M(0%), Empty: 0M(0%), Compacting: 0M(0%)->0M(0%)
[6.518s][info][gc,reloc    ] GC(10) Relocation: Successful
[6.518s][info][gc,heap     ] GC(10) Min Capacity: 42M(1%)
[6.518s][info][gc,heap     ] GC(10) Max Capacity: 4060M(100%)
[6.518s][info][gc,heap     ] GC(10) Soft Max Capacity: 4060M(100%)
[6.518s][info][gc,heap     ] GC(10)                Mark Start          Mark End        Relocate Start      Relocate End           High               Low         
[6.518s][info][gc,heap     ] GC(10)  Capacity:     3002M (74%)        3002M (74%)        3002M (74%)        3002M (74%)        3002M (74%)        3002M (74%)    
[6.518s][info][gc,heap     ] GC(10)   Reserve:       42M (1%)           42M (1%)           42M (1%)           42M (1%)           42M (1%)           42M (1%)     
[6.518s][info][gc,heap     ] GC(10)      Free:     1666M (41%)        1488M (37%)        3640M (90%)        3584M (88%)        3666M (90%)        1480M (36%)    
[6.518s][info][gc,heap     ] GC(10)      Used:     2352M (58%)        2530M (62%)         378M (9%)          434M (11%)        2538M (63%)         352M (9%)     
[6.518s][info][gc,heap     ] GC(10)      Live:         -                60M (1%)           60M (1%)           60M (1%)             -                  -          
[6.518s][info][gc,heap     ] GC(10) Allocated:         -               178M (4%)          212M (5%)          422M (10%)            -                  -          
[6.518s][info][gc,heap     ] GC(10)   Garbage:         -              2291M (56%)         105M (3%)            5M (0%)             -                  -          
[6.518s][info][gc,heap     ] GC(10) Reclaimed:         -                  -              2186M (54%)        2286M (56%)            -                  -          
[6.518s][info][gc          ] GC(10) Garbage Collection (Allocation Rate) 2352M(58%)->434M(11%)
[6.938s][info][gc,start    ] GC(11) Garbage Collection (Allocation Rate)
[6.939s][info][gc,phases   ] GC(11) Pause Mark Start 0.086ms
[6.994s][info][gc,phases   ] GC(11) Concurrent Mark 55.102ms
[6.994s][info][gc,phases   ] GC(11) Pause Mark End 0.298ms
[6.996s][info][gc,phases   ] GC(11) Concurrent Process Non-Strong References 1.575ms
[6.997s][info][gc,phases   ] GC(11) Concurrent Reset Relocation Set 1.503ms
[7.001s][info][gc,phases   ] GC(11) Concurrent Select Relocation Set 3.288ms
[7.001s][info][gc,phases   ] GC(11) Pause Relocate Start 0.062ms
[7.013s][info][gc,phases   ] GC(11) Concurrent Relocate 11.983ms
[7.013s][info][gc,load     ] GC(11) Load: 0.00/0.00/0.00
[7.013s][info][gc,mmu      ] GC(11) MMU: 2ms/80.2%, 5ms/90.8%, 10ms/95.4%, 20ms/97.7%, 50ms/98.9%, 100ms/99.5%
[7.013s][info][gc,marking  ] GC(11) Mark: 1 stripe(s), 2 proactive flush(es), 1 terminate flush(es), 1 completion(s), 0 continuation(s) 
[7.013s][info][gc,nmethod  ] GC(11) NMethods: 1463 registered, 0 unregistered
[7.013s][info][gc,metaspace] GC(11) Metaspace: 4M used, 4M capacity, 4M committed, 1032M reserved
[7.013s][info][gc,ref      ] GC(11) Soft: 261 encountered, 0 discovered, 0 enqueued
[7.013s][info][gc,ref      ] GC(11) Weak: 280 encountered, 229 discovered, 0 enqueued
[7.013s][info][gc,ref      ] GC(11) Final: 1 encountered, 0 discovered, 0 enqueued
[7.013s][info][gc,ref      ] GC(11) Phantom: 39 encountered, 30 discovered, 0 enqueued
[7.013s][info][gc,reloc    ] GC(11) Small Pages: 1212 / 2424M(100%), Empty: 2268M(93%), Compacting: 82M(3%)->22M(1%)
[7.013s][info][gc,reloc    ] GC(11) Medium Pages: 0 / 0M(0%), Empty: 0M(0%), Compacting: 0M(0%)->0M(0%)
[7.013s][info][gc,reloc    ] GC(11) Large Pages: 1 / 8M(0%), Empty: 0M(0%), Compacting: 0M(0%)->0M(0%)
[7.013s][info][gc,reloc    ] GC(11) Relocation: Successful
[7.013s][info][gc,heap     ] GC(11) Min Capacity: 42M(1%)
[7.013s][info][gc,heap     ] GC(11) Max Capacity: 4060M(100%)
[7.013s][info][gc,heap     ] GC(11) Soft Max Capacity: 4060M(100%)
[7.013s][info][gc,heap     ] GC(11)                Mark Start          Mark End        Relocate Start      Relocate End           High               Low         
[7.013s][info][gc,heap     ] GC(11)  Capacity:     3002M (74%)        3002M (74%)        3002M (74%)        3002M (74%)        3002M (74%)        3002M (74%)    
[7.013s][info][gc,heap     ] GC(11)   Reserve:       42M (1%)           42M (1%)           42M (1%)           42M (1%)           42M (1%)           42M (1%)     
[7.013s][info][gc,heap     ] GC(11)      Free:     1586M (39%)        1412M (35%)        3664M (90%)        3668M (90%)        3678M (91%)        1406M (35%)    
[7.013s][info][gc,heap     ] GC(11)      Used:     2432M (60%)        2606M (64%)         354M (9%)          350M (9%)         2612M (64%)         340M (8%)     
[7.013s][info][gc,heap     ] GC(11)      Live:         -                89M (2%)           89M (2%)           89M (2%)             -                  -          
[7.013s][info][gc,heap     ] GC(11) Allocated:         -               174M (4%)          190M (5%)          268M (7%)             -                  -          
[7.013s][info][gc,heap     ] GC(11)   Garbage:         -              2342M (58%)          74M (2%)           14M (0%)             -                  -          
[7.013s][info][gc,heap     ] GC(11) Reclaimed:         -                  -              2268M (56%)        2328M (57%)            -                  -          
[7.013s][info][gc          ] GC(11) Garbage Collection (Allocation Rate) 2432M(60%)->350M(9%)
[7.437s][info][gc,start    ] GC(12) Garbage Collection (Allocation Rate)
[7.437s][info][gc,phases   ] GC(12) Pause Mark Start 0.081ms
[7.474s][info][gc,phases   ] GC(12) Concurrent Mark 36.547ms
[7.475s][info][gc,phases   ] GC(12) Pause Mark End 0.343ms
[7.477s][info][gc,phases   ] GC(12) Concurrent Process Non-Strong References 1.914ms
[7.477s][info][gc,phases   ] GC(12) Concurrent Reset Relocation Set 0.071ms
[7.478s][info][gc,phases   ] GC(12) Concurrent Select Relocation Set 1.685ms
[7.479s][info][gc,phases   ] GC(12) Pause Relocate Start 0.062ms
[7.480s][info][gc,phases   ] GC(12) Concurrent Relocate 1.726ms
[7.480s][info][gc,load     ] GC(12) Load: 0.00/0.00/0.00
[7.480s][info][gc,mmu      ] GC(12) MMU: 2ms/80.2%, 5ms/90.8%, 10ms/95.4%, 20ms/97.7%, 50ms/98.9%, 100ms/99.5%
[7.480s][info][gc,marking  ] GC(12) Mark: 1 stripe(s), 2 proactive flush(es), 1 terminate flush(es), 1 completion(s), 0 continuation(s) 
[7.480s][info][gc,nmethod  ] GC(12) NMethods: 1463 registered, 0 unregistered
[7.480s][info][gc,metaspace] GC(12) Metaspace: 4M used, 4M capacity, 4M committed, 1032M reserved
[7.480s][info][gc,ref      ] GC(12) Soft: 261 encountered, 0 discovered, 0 enqueued
[7.480s][info][gc,ref      ] GC(12) Weak: 280 encountered, 229 discovered, 0 enqueued
[7.480s][info][gc,ref      ] GC(12) Final: 1 encountered, 0 discovered, 0 enqueued
[7.480s][info][gc,ref      ] GC(12) Phantom: 39 encountered, 30 discovered, 0 enqueued
[7.480s][info][gc,reloc    ] GC(12) Small Pages: 1177 / 2354M(100%), Empty: 2286M(97%), Compacting: 16M(1%)->4M(0%)
[7.480s][info][gc,reloc    ] GC(12) Medium Pages: 0 / 0M(0%), Empty: 0M(0%), Compacting: 0M(0%)->0M(0%)
[7.480s][info][gc,reloc    ] GC(12) Large Pages: 1 / 8M(0%), Empty: 0M(0%), Compacting: 0M(0%)->0M(0%)
[7.480s][info][gc,reloc    ] GC(12) Relocation: Successful
[7.480s][info][gc,heap     ] GC(12) Min Capacity: 42M(1%)
[7.480s][info][gc,heap     ] GC(12) Max Capacity: 4060M(100%)
[7.480s][info][gc,heap     ] GC(12) Soft Max Capacity: 4060M(100%)
[7.480s][info][gc,heap     ] GC(12)                Mark Start          Mark End        Relocate Start      Relocate End           High               Low         
[7.480s][info][gc,heap     ] GC(12)  Capacity:     3002M (74%)        3002M (74%)        3002M (74%)        3002M (74%)        3002M (74%)        3002M (74%)    
[7.480s][info][gc,heap     ] GC(12)   Reserve:       42M (1%)           42M (1%)           42M (1%)           42M (1%)           42M (1%)           42M (1%)     
[7.480s][info][gc,heap     ] GC(12)      Free:     1656M (41%)        1482M (37%)        3750M (92%)        3750M (92%)        3758M (93%)        1472M (36%)    
[7.480s][info][gc,heap     ] GC(12)      Used:     2362M (58%)        2536M (62%)         268M (7%)          268M (7%)         2546M (63%)         260M (6%)     
[7.480s][info][gc,heap     ] GC(12)      Live:         -                55M (1%)           55M (1%)           55M (1%)             -                  -          
[7.480s][info][gc,heap     ] GC(12) Allocated:         -               174M (4%)          192M (5%)          208M (5%)             -                  -          
[7.480s][info][gc,heap     ] GC(12)   Garbage:         -              2306M (57%)          20M (1%)           12M (0%)             -                  -          
[7.480s][info][gc,heap     ] GC(12) Reclaimed:         -                  -              2286M (56%)        2294M (57%)            -                  -          
[7.480s][info][gc          ] GC(12) Garbage Collection (Allocation Rate) 2362M(58%)->268M(7%)
[7.937s][info][gc,start    ] GC(13) Garbage Collection (Allocation Rate)
[7.938s][info][gc,phases   ] GC(13) Pause Mark Start 0.063ms
[7.990s][info][gc,phases   ] GC(13) Concurrent Mark 52.647ms
[7.991s][info][gc,phases   ] GC(13) Pause Mark End 0.397ms
[7.993s][info][gc,phases   ] GC(13) Concurrent Process Non-Strong References 1.885ms
[7.993s][info][gc,phases   ] GC(13) Concurrent Reset Relocation Set 0.024ms
[7.994s][info][gc,phases   ] GC(13) Concurrent Select Relocation Set 1.465ms
[7.995s][info][gc,phases   ] GC(13) Pause Relocate Start 0.096ms
[7.996s][info][gc,phases   ] GC(13) Concurrent Relocate 1.380ms
[7.996s][info][gc,load     ] GC(13) Load: 0.00/0.00/0.00
[7.996s][info][gc,mmu      ] GC(13) MMU: 2ms/80.2%, 5ms/90.2%, 10ms/95.1%, 20ms/97.5%, 50ms/98.9%, 100ms/99.4%
[7.996s][info][gc,marking  ] GC(13) Mark: 1 stripe(s), 2 proactive flush(es), 1 terminate flush(es), 1 completion(s), 0 continuation(s) 
[7.996s][info][gc,nmethod  ] GC(13) NMethods: 1463 registered, 0 unregistered
[7.996s][info][gc,metaspace] GC(13) Metaspace: 4M used, 4M capacity, 4M committed, 1032M reserved
[7.996s][info][gc,ref      ] GC(13) Soft: 261 encountered, 0 discovered, 0 enqueued
[7.996s][info][gc,ref      ] GC(13) Weak: 280 encountered, 229 discovered, 0 enqueued
[7.996s][info][gc,ref      ] GC(13) Final: 1 encountered, 0 discovered, 0 enqueued
[7.996s][info][gc,ref      ] GC(13) Phantom: 39 encountered, 30 discovered, 0 enqueued
[7.996s][info][gc,reloc    ] GC(13) Small Pages: 1225 / 2450M(100%), Empty: 2356M(96%), Compacting: 10M(0%)->2M(0%)
[7.996s][info][gc,reloc    ] GC(13) Medium Pages: 0 / 0M(0%), Empty: 0M(0%), Compacting: 0M(0%)->0M(0%)
[7.996s][info][gc,reloc    ] GC(13) Large Pages: 1 / 8M(0%), Empty: 0M(0%), Compacting: 0M(0%)->0M(0%)
[7.996s][info][gc,reloc    ] GC(13) Relocation: Successful
[7.996s][info][gc,heap     ] GC(13) Min Capacity: 42M(1%)
[7.996s][info][gc,heap     ] GC(13) Max Capacity: 4060M(100%)
[7.996s][info][gc,heap     ] GC(13) Soft Max Capacity: 4060M(100%)
[7.996s][info][gc,heap     ] GC(13)                Mark Start          Mark End        Relocate Start      Relocate End           High               Low         
[7.996s][info][gc,heap     ] GC(13)  Capacity:     3002M (74%)        3002M (74%)        3002M (74%)        3002M (74%)        3002M (74%)        3002M (74%)    
[7.996s][info][gc,heap     ] GC(13)   Reserve:       42M (1%)           42M (1%)           42M (1%)           42M (1%)           42M (1%)           42M (1%)     
[7.996s][info][gc,heap     ] GC(13)      Free:     1560M (38%)        1394M (34%)        3740M (92%)        3742M (92%)        3746M (92%)        1390M (34%)    
[7.996s][info][gc,heap     ] GC(13)      Used:     2458M (61%)        2624M (65%)         278M (7%)          276M (7%)         2628M (65%)         272M (7%)     
[7.996s][info][gc,heap     ] GC(13)      Live:         -                81M (2%)           81M (2%)           81M (2%)             -                  -          
[7.996s][info][gc,heap     ] GC(13) Allocated:         -               166M (4%)          176M (4%)          184M (5%)             -                  -          
[7.996s][info][gc,heap     ] GC(13)   Garbage:         -              2376M (59%)          20M (1%)           14M (0%)             -                  -          
[7.996s][info][gc,heap     ] GC(13) Reclaimed:         -                  -              2356M (58%)        2362M (58%)            -                  -          
[7.996s][info][gc          ] GC(13) Garbage Collection (Allocation Rate) 2458M(61%)->276M(7%)
[8.538s][info][gc,start    ] GC(14) Garbage Collection (Allocation Rate)
[8.538s][info][gc,phases   ] GC(14) Pause Mark Start 0.062ms
[8.594s][info][gc,phases   ] GC(14) Concurrent Mark 56.238ms
[8.595s][info][gc,phases   ] GC(14) Pause Mark End 0.311ms
[8.597s][info][gc,phases   ] GC(14) Concurrent Process Non-Strong References 1.749ms
[8.597s][info][gc,phases   ] GC(14) Concurrent Reset Relocation Set 0.012ms
[8.599s][info][gc,phases   ] GC(14) Concurrent Select Relocation Set 2.821ms
[8.600s][info][gc,phases   ] GC(14) Pause Relocate Start 0.065ms
[8.612s][info][gc,phases   ] GC(14) Concurrent Relocate 12.270ms
[8.612s][info][gc,load     ] GC(14) Load: 0.00/0.00/0.00
[8.612s][info][gc,mmu      ] GC(14) MMU: 2ms/80.2%, 5ms/90.2%, 10ms/95.1%, 20ms/97.5%, 50ms/98.9%, 100ms/99.4%
[8.612s][info][gc,marking  ] GC(14) Mark: 1 stripe(s), 2 proactive flush(es), 1 terminate flush(es), 1 completion(s), 0 continuation(s) 
[8.612s][info][gc,nmethod  ] GC(14) NMethods: 1463 registered, 0 unregistered
[8.612s][info][gc,metaspace] GC(14) Metaspace: 4M used, 4M capacity, 4M committed, 1032M reserved
[8.612s][info][gc,ref      ] GC(14) Soft: 261 encountered, 0 discovered, 0 enqueued
[8.612s][info][gc,ref      ] GC(14) Weak: 280 encountered, 229 discovered, 0 enqueued
[8.612s][info][gc,ref      ] GC(14) Final: 1 encountered, 0 discovered, 0 enqueued
[8.612s][info][gc,ref      ] GC(14) Phantom: 39 encountered, 30 discovered, 0 enqueued
[8.612s][info][gc,reloc    ] GC(14) Small Pages: 1419 / 2838M(100%), Empty: 2690M(95%), Compacting: 56M(2%)->20M(1%)
[8.612s][info][gc,reloc    ] GC(14) Medium Pages: 0 / 0M(0%), Empty: 0M(0%), Compacting: 0M(0%)->0M(0%)
[8.612s][info][gc,reloc    ] GC(14) Large Pages: 1 / 8M(0%), Empty: 0M(0%), Compacting: 0M(0%)->0M(0%)
[8.612s][info][gc,reloc    ] GC(14) Relocation: Successful
[8.612s][info][gc,heap     ] GC(14) Min Capacity: 42M(1%)
[8.612s][info][gc,heap     ] GC(14) Max Capacity: 4060M(100%)
[8.612s][info][gc,heap     ] GC(14) Soft Max Capacity: 4060M(100%)
[8.612s][info][gc,heap     ] GC(14)                Mark Start          Mark End        Relocate Start      Relocate End           High               Low         
[8.612s][info][gc,heap     ] GC(14)  Capacity:     3002M (74%)        3054M (75%)        3058M (75%)        3058M (75%)        3058M (75%)        3002M (74%)    
[8.612s][info][gc,heap     ] GC(14)   Reserve:       42M (1%)           42M (1%)           42M (1%)           42M (1%)           42M (1%)           42M (1%)     
[8.612s][info][gc,heap     ] GC(14)      Free:     1172M (29%)        1006M (25%)        3678M (91%)        3658M (90%)        3692M (91%)        1002M (25%)    
[8.612s][info][gc,heap     ] GC(14)      Used:     2846M (70%)        3012M (74%)         340M (8%)          360M (9%)         3016M (74%)         326M (8%)     
[8.612s][info][gc,heap     ] GC(14)      Live:         -               104M (3%)          104M (3%)          104M (3%)             -                  -          
[8.612s][info][gc,heap     ] GC(14) Allocated:         -               166M (4%)          184M (5%)          260M (6%)             -                  -          
[8.612s][info][gc,heap     ] GC(14)   Garbage:         -              2741M (68%)          51M (1%)           17M (0%)             -                  -          
[8.612s][info][gc,heap     ] GC(14) Reclaimed:         -                  -              2690M (66%)        2724M (67%)            -                  -          
[8.612s][info][gc          ] GC(14) Garbage Collection (Allocation Rate) 2846M(70%)->360M(9%)
[9.038s][info][gc,start    ] GC(15) Garbage Collection (Allocation Rate)
[9.038s][info][gc,phases   ] GC(15) Pause Mark Start 0.068ms
[9.076s][info][gc,phases   ] GC(15) Concurrent Mark 37.521ms
[9.076s][info][gc,phases   ] GC(15) Pause Mark End 0.421ms
[9.078s][info][gc,phases   ] GC(15) Concurrent Process Non-Strong References 1.817ms
[9.078s][info][gc,phases   ] GC(15) Concurrent Reset Relocation Set 0.047ms
[9.080s][info][gc,phases   ] GC(15) Concurrent Select Relocation Set 1.427ms
[9.080s][info][gc,phases   ] GC(15) Pause Relocate Start 0.104ms
[9.081s][info][gc,phases   ] GC(15) Concurrent Relocate 0.915ms
[9.081s][info][gc,load     ] GC(15) Load: 0.00/0.00/0.00
[9.081s][info][gc,mmu      ] GC(15) MMU: 2ms/78.9%, 5ms/89.5%, 10ms/94.8%, 20ms/97.4%, 50ms/98.8%, 100ms/99.4%
[9.081s][info][gc,marking  ] GC(15) Mark: 1 stripe(s), 2 proactive flush(es), 1 terminate flush(es), 1 completion(s), 0 continuation(s) 
[9.081s][info][gc,nmethod  ] GC(15) NMethods: 1465 registered, 0 unregistered
[9.081s][info][gc,metaspace] GC(15) Metaspace: 4M used, 4M capacity, 4M committed, 1032M reserved
[9.081s][info][gc,ref      ] GC(15) Soft: 261 encountered, 0 discovered, 0 enqueued
[9.081s][info][gc,ref      ] GC(15) Weak: 280 encountered, 229 discovered, 0 enqueued
[9.081s][info][gc,ref      ] GC(15) Final: 1 encountered, 0 discovered, 0 enqueued
[9.081s][info][gc,ref      ] GC(15) Phantom: 39 encountered, 30 discovered, 0 enqueued
[9.081s][info][gc,reloc    ] GC(15) Small Pages: 1191 / 2382M(100%), Empty: 2320M(97%), Compacting: 14M(1%)->2M(0%)
[9.081s][info][gc,reloc    ] GC(15) Medium Pages: 0 / 0M(0%), Empty: 0M(0%), Compacting: 0M(0%)->0M(0%)
[9.081s][info][gc,reloc    ] GC(15) Large Pages: 1 / 8M(0%), Empty: 0M(0%), Compacting: 0M(0%)->0M(0%)
[9.081s][info][gc,reloc    ] GC(15) Relocation: Successful
[9.081s][info][gc,heap     ] GC(15) Min Capacity: 42M(1%)
[9.081s][info][gc,heap     ] GC(15) Max Capacity: 4060M(100%)
[9.081s][info][gc,heap     ] GC(15) Soft Max Capacity: 4060M(100%)
[9.081s][info][gc,heap     ] GC(15)                Mark Start          Mark End        Relocate Start      Relocate End           High               Low         
[9.081s][info][gc,heap     ] GC(15)  Capacity:     3058M (75%)        3058M (75%)        3058M (75%)        3058M (75%)        3058M (75%)        3058M (75%)    
[9.081s][info][gc,heap     ] GC(15)   Reserve:       42M (1%)           42M (1%)           42M (1%)           42M (1%)           42M (1%)           42M (1%)     
[9.081s][info][gc,heap     ] GC(15)      Free:     1628M (40%)        1464M (36%)        3776M (93%)        3782M (93%)        3782M (93%)        1460M (36%)    
[9.081s][info][gc,heap     ] GC(15)      Used:     2390M (59%)        2554M (63%)         242M (6%)          236M (6%)         2558M (63%)         236M (6%)     
[9.081s][info][gc,heap     ] GC(15)      Live:         -                49M (1%)           49M (1%)           49M (1%)             -                  -          
[9.081s][info][gc,heap     ] GC(15) Allocated:         -               164M (4%)          172M (4%)          180M (4%)             -                  -          
[9.081s][info][gc,heap     ] GC(15)   Garbage:         -              2340M (58%)          20M (0%)           12M (0%)             -                  -          
[9.081s][info][gc,heap     ] GC(15) Reclaimed:         -                  -              2320M (57%)        2328M (57%)            -                  -          
[9.081s][info][gc          ] GC(15) Garbage Collection (Allocation Rate) 2390M(59%)->236M(6%)
[9.638s][info][gc,start    ] GC(16) Garbage Collection (Allocation Rate)
[9.638s][info][gc,phases   ] GC(16) Pause Mark Start 0.064ms
[9.679s][info][gc,phases   ] GC(16) Concurrent Mark 40.215ms
[9.679s][info][gc,phases   ] GC(16) Pause Mark End 0.291ms
[9.681s][info][gc,phases   ] GC(16) Concurrent Process Non-Strong References 1.827ms
[9.681s][info][gc,phases   ] GC(16) Concurrent Reset Relocation Set 0.020ms
[9.684s][info][gc,phases   ] GC(16) Concurrent Select Relocation Set 3.322ms
[9.685s][info][gc,phases   ] GC(16) Pause Relocate Start 0.068ms
[9.706s][info][gc,phases   ] GC(16) Concurrent Relocate 20.684ms
[9.706s][info][gc,load     ] GC(16) Load: 0.00/0.00/0.00
[9.706s][info][gc,mmu      ] GC(16) MMU: 2ms/78.9%, 5ms/89.5%, 10ms/94.8%, 20ms/97.4%, 50ms/98.8%, 100ms/99.4%
[9.706s][info][gc,marking  ] GC(16) Mark: 1 stripe(s), 2 proactive flush(es), 1 terminate flush(es), 1 completion(s), 0 continuation(s) 
[9.706s][info][gc,nmethod  ] GC(16) NMethods: 1465 registered, 0 unregistered
[9.706s][info][gc,metaspace] GC(16) Metaspace: 4M used, 4M capacity, 4M committed, 1032M reserved
[9.706s][info][gc,ref      ] GC(16) Soft: 261 encountered, 0 discovered, 0 enqueued
[9.706s][info][gc,ref      ] GC(16) Weak: 280 encountered, 229 discovered, 0 enqueued
[9.706s][info][gc,ref      ] GC(16) Final: 1 encountered, 0 discovered, 0 enqueued
[9.706s][info][gc,ref      ] GC(16) Phantom: 39 encountered, 30 discovered, 0 enqueued
[9.706s][info][gc,reloc    ] GC(16) Small Pages: 1406 / 2812M(100%), Empty: 2690M(95%), Compacting: 96M(3%)->36M(1%)
[9.706s][info][gc,reloc    ] GC(16) Medium Pages: 0 / 0M(0%), Empty: 0M(0%), Compacting: 0M(0%)->0M(0%)
[9.706s][info][gc,reloc    ] GC(16) Large Pages: 1 / 8M(0%), Empty: 0M(0%), Compacting: 0M(0%)->0M(0%)
[9.706s][info][gc,reloc    ] GC(16) Relocation: Successful
[9.706s][info][gc,heap     ] GC(16) Min Capacity: 42M(1%)
[9.706s][info][gc,heap     ] GC(16) Max Capacity: 4060M(100%)
[9.706s][info][gc,heap     ] GC(16) Soft Max Capacity: 4060M(100%)
[9.706s][info][gc,heap     ] GC(16)                Mark Start          Mark End        Relocate Start      Relocate End           High               Low         
[9.706s][info][gc,heap     ] GC(16)  Capacity:     3058M (75%)        3058M (75%)        3060M (75%)        3060M (75%)        3060M (75%)        3058M (75%)    
[9.706s][info][gc,heap     ] GC(16)   Reserve:       42M (1%)           42M (1%)           42M (1%)           42M (1%)           42M (1%)           42M (1%)     
[9.706s][info][gc,heap     ] GC(16)      Free:     1198M (30%)        1010M (25%)        3678M (91%)        3646M (90%)        3690M (91%)        1000M (25%)    
[9.706s][info][gc,heap     ] GC(16)      Used:     2820M (69%)        3008M (74%)         340M (8%)          372M (9%)         3018M (74%)         328M (8%)     
[9.706s][info][gc,heap     ] GC(16)      Live:         -                60M (2%)           60M (2%)           60M (2%)             -                  -          
[9.706s][info][gc,heap     ] GC(16) Allocated:         -               188M (5%)          210M (5%)          338M (8%)             -                  -          
[9.706s][info][gc,heap     ] GC(16)   Garbage:         -              2759M (68%)          69M (2%)            7M (0%)             -                  -          
[9.706s][info][gc,heap     ] GC(16) Reclaimed:         -                  -              2690M (66%)        2752M (68%)            -                  -          
[9.706s][info][gc          ] GC(16) Garbage Collection (Allocation Rate) 2820M(69%)->372M(9%)
[10.038s][info][gc,stats    ] === Garbage Collection Statistics =======================================================================================================================
[10.038s][info][gc,stats    ]                                                              Last 10s              Last 10m              Last 10h                Total
[10.038s][info][gc,stats    ]                                                              Avg / Max             Avg / Max             Avg / Max             Avg / Max
[10.038s][info][gc,stats    ]   Collector: Garbage Collection Cycle                     77.643 / 153.808      77.643 / 153.808      77.643 / 153.808      77.643 / 153.808     ms
[10.038s][info][gc,stats    ]  Contention: Mark Segment Reset Contention                     0 / 0                 0 / 0                 0 / 0                 0 / 0           ops/s
[10.038s][info][gc,stats    ]  Contention: Mark SeqNum Reset Contention                      0 / 0                 0 / 0                 0 / 0                 0 / 0           ops/s
[10.038s][info][gc,stats    ]  Contention: Relocation Contention                             0 / 0                 0 / 0                 0 / 0                 0 / 0           ops/s
[10.038s][info][gc,stats    ]    Critical: Allocation Stall                              0.000 / 0.000         0.000 / 0.000         0.000 / 0.000         0.000 / 0.000       ms
[10.038s][info][gc,stats    ]    Critical: Allocation Stall                                  0 / 0                 0 / 0                 0 / 0                 0 / 0           ops/s
[10.038s][info][gc,stats    ]    Critical: GC Locker Stall                               0.000 / 0.000         0.000 / 0.000         0.000 / 0.000         0.000 / 0.000       ms
[10.038s][info][gc,stats    ]    Critical: GC Locker Stall                                   0 / 0                 0 / 0                 0 / 0                 0 / 0           ops/s
[10.038s][info][gc,stats    ]      Memory: Allocation Rate                                3786 / 4664           3786 / 4664           3786 / 4664           3786 / 4664        MB/s
[10.038s][info][gc,stats    ]      Memory: Heap Used After Mark                           2359 / 3012           2359 / 3012           2359 / 3012           2359 / 3012        MB
[10.038s][info][gc,stats    ]      Memory: Heap Used After Relocation                      320 / 434             320 / 434             320 / 434             320 / 434         MB
[10.038s][info][gc,stats    ]      Memory: Heap Used Before Mark                          2194 / 2846           2194 / 2846           2194 / 2846           2194 / 2846        MB
[10.038s][info][gc,stats    ]      Memory: Heap Used Before Relocation                     307 / 378             307 / 378             307 / 378             307 / 378         MB
[10.038s][info][gc,stats    ]      Memory: Out Of Memory                                     0 / 0                 0 / 0                 0 / 0                 0 / 0           ops/s
[10.038s][info][gc,stats    ]      Memory: Page Cache Flush                                  0 / 0                 0 / 0                 0 / 0                 0 / 0           MB/s
[10.038s][info][gc,stats    ]      Memory: Page Cache Hit L1                              1746 / 2364           1746 / 2364           1746 / 2364           1746 / 2364        ops/s
[10.038s][info][gc,stats    ]      Memory: Page Cache Hit L2                                 0 / 0                 0 / 0                 0 / 0                 0 / 0           ops/s
[10.038s][info][gc,stats    ]      Memory: Page Cache Hit L3                                10 / 103              10 / 103              10 / 103              10 / 103         ops/s
[10.038s][info][gc,stats    ]      Memory: Page Cache Miss                                   0 / 0                 0 / 0                 0 / 0                 0 / 0           ops/s
[10.038s][info][gc,stats    ]      Memory: Uncommit                                          0 / 0                 0 / 0                 0 / 0                 0 / 0           MB/s
[10.038s][info][gc,stats    ]      Memory: Undo Object Allocation Failed                     0 / 0                 0 / 0                 0 / 0                 0 / 0           ops/s
[10.038s][info][gc,stats    ]      Memory: Undo Object Allocation Succeeded                  0 / 0                 0 / 0                 0 / 0                 0 / 0           ops/s
[10.038s][info][gc,stats    ]      Memory: Undo Page Allocation                              0 / 0                 0 / 0                 0 / 0                 0 / 0           ops/s
[10.038s][info][gc,stats    ]       Phase: Concurrent Mark                              61.489 / 106.230      61.489 / 106.230      61.489 / 106.230      61.489 / 106.230     ms
[10.038s][info][gc,stats    ]       Phase: Concurrent Mark Continue                      0.000 / 0.000         0.000 / 0.000         0.000 / 0.000         0.000 / 0.000       ms
[10.038s][info][gc,stats    ]       Phase: Concurrent Process Non-Strong References      1.721 / 2.079         1.721 / 2.079         1.721 / 2.079         1.721 / 2.079       ms
[10.038s][info][gc,stats    ]       Phase: Concurrent Relocate                          10.391 / 37.378       10.391 / 37.378       10.391 / 37.378       10.391 / 37.378      ms
[10.038s][info][gc,stats    ]       Phase: Concurrent Reset Relocation Set               0.163 / 1.503         0.163 / 1.503         0.163 / 1.503         0.163 / 1.503       ms
[10.038s][info][gc,stats    ]       Phase: Concurrent Select Relocation Set              2.662 / 7.978         2.662 / 7.978         2.662 / 7.978         2.662 / 7.978       ms
[10.038s][info][gc,stats    ]       Phase: Pause Mark End                                0.312 / 0.421         0.312 / 0.421         0.312 / 0.421         0.312 / 0.421       ms
[10.038s][info][gc,stats    ]       Phase: Pause Mark Start                              0.085 / 0.289         0.085 / 0.289         0.085 / 0.289         0.085 / 0.289       ms
[10.038s][info][gc,stats    ]       Phase: Pause Relocate Start                          0.072 / 0.105         0.072 / 0.105         0.072 / 0.105         0.072 / 0.105       ms
[10.038s][info][gc,stats    ]    Subphase: Concurrent Classes Purge                      0.083 / 0.116         0.083 / 0.116         0.083 / 0.116         0.083 / 0.116       ms
[10.038s][info][gc,stats    ]    Subphase: Concurrent Classes Unlink                     1.198 / 1.594         1.198 / 1.594         1.198 / 1.594         1.198 / 1.594       ms
[10.038s][info][gc,stats    ]    Subphase: Concurrent Mark                              61.316 / 106.127      61.316 / 106.127      61.316 / 106.127      61.316 / 106.127     ms
[10.038s][info][gc,stats    ]    Subphase: Concurrent Mark Idle                          0.000 / 0.000         0.000 / 0.000         0.000 / 0.000         0.000 / 0.000       ms
[10.038s][info][gc,stats    ]    Subphase: Concurrent Mark Try Flush                     0.061 / 0.160         0.061 / 0.160         0.061 / 0.160         0.061 / 0.160       ms
[10.038s][info][gc,stats    ]    Subphase: Concurrent Mark Try Terminate                 0.026 / 0.090         0.026 / 0.090         0.026 / 0.090         0.026 / 0.090       ms
[10.038s][info][gc,stats    ]    Subphase: Concurrent References Enqueue                 0.000 / 0.002         0.000 / 0.002         0.000 / 0.002         0.000 / 0.002       ms
[10.038s][info][gc,stats    ]    Subphase: Concurrent References Process                 0.057 / 0.099         0.057 / 0.099         0.057 / 0.099         0.057 / 0.099       ms
[10.038s][info][gc,stats    ]    Subphase: Concurrent Roots                              0.091 / 0.196         0.091 / 0.196         0.091 / 0.196         0.091 / 0.196       ms
[10.038s][info][gc,stats    ]    Subphase: Concurrent Roots ClassLoaderDataGraph         0.083 / 0.184         0.083 / 0.184         0.083 / 0.184         0.083 / 0.184       ms
[10.038s][info][gc,stats    ]    Subphase: Concurrent Roots JNIHandles                   0.004 / 0.009         0.004 / 0.009         0.004 / 0.009         0.004 / 0.009       ms
[10.038s][info][gc,stats    ]    Subphase: Concurrent Roots Setup                        0.003 / 0.006         0.003 / 0.006         0.003 / 0.006         0.003 / 0.006       ms
[10.038s][info][gc,stats    ]    Subphase: Concurrent Roots Teardown                     0.000 / 0.000         0.000 / 0.000         0.000 / 0.000         0.000 / 0.000       ms
[10.038s][info][gc,stats    ]    Subphase: Concurrent Roots VMHandles                    0.003 / 0.007         0.003 / 0.007         0.003 / 0.007         0.003 / 0.007       ms
[10.038s][info][gc,stats    ]    Subphase: Concurrent Weak Roots                         0.265 / 0.414         0.265 / 0.414         0.265 / 0.414         0.265 / 0.414       ms
[10.038s][info][gc,stats    ]    Subphase: Concurrent Weak Roots JNIWeakHandles          0.000 / 0.001         0.000 / 0.001         0.000 / 0.001         0.000 / 0.001       ms
[10.038s][info][gc,stats    ]    Subphase: Concurrent Weak Roots ResolvedMethodTable     0.010 / 0.017         0.010 / 0.017         0.010 / 0.017         0.010 / 0.017       ms
[10.038s][info][gc,stats    ]    Subphase: Concurrent Weak Roots StringTable             0.252 / 0.398         0.252 / 0.398         0.252 / 0.398         0.252 / 0.398       ms
[10.038s][info][gc,stats    ]    Subphase: Concurrent Weak Roots VMWeakHandles           0.003 / 0.005         0.003 / 0.005         0.003 / 0.005         0.003 / 0.005       ms
[10.038s][info][gc,stats    ]    Subphase: Pause Mark Try Complete                       0.200 / 0.348         0.200 / 0.348         0.200 / 0.348         0.200 / 0.348       ms
[10.038s][info][gc,stats    ]    Subphase: Pause Roots                                   0.017 / 0.246         0.017 / 0.246         0.017 / 0.246         0.017 / 0.246       ms
[10.038s][info][gc,stats    ]    Subphase: Pause Roots CodeCache                         0.000 / 0.000         0.000 / 0.000         0.000 / 0.000         0.000 / 0.000       ms
[10.038s][info][gc,stats    ]    Subphase: Pause Roots JVMTIExport                       0.001 / 0.001         0.001 / 0.001         0.001 / 0.001         0.001 / 0.001       ms
[10.038s][info][gc,stats    ]    Subphase: Pause Roots JVMTIWeakExport                   0.001 / 0.001         0.001 / 0.001         0.001 / 0.001         0.001 / 0.001       ms
[10.038s][info][gc,stats    ]    Subphase: Pause Roots Java Threads                      0.022 / 0.246         0.022 / 0.246         0.022 / 0.246         0.022 / 0.246       ms
[10.038s][info][gc,stats    ]    Subphase: Pause Roots Management                        0.001 / 0.001         0.001 / 0.001         0.001 / 0.001         0.001 / 0.001       ms
[10.038s][info][gc,stats    ]    Subphase: Pause Roots ObjectSynchronizer                0.001 / 0.022         0.001 / 0.022         0.001 / 0.022         0.001 / 0.022       ms
[10.038s][info][gc,stats    ]    Subphase: Pause Roots Setup                             0.000 / 0.001         0.000 / 0.001         0.000 / 0.001         0.000 / 0.001       ms
[10.038s][info][gc,stats    ]    Subphase: Pause Roots Teardown                          0.000 / 0.001         0.000 / 0.001         0.000 / 0.001         0.000 / 0.001       ms
[10.038s][info][gc,stats    ]    Subphase: Pause Roots Universe                          0.002 / 0.015         0.002 / 0.015         0.002 / 0.015         0.002 / 0.015       ms
[10.038s][info][gc,stats    ]    Subphase: Pause Roots VM Thread                         0.001 / 0.001         0.001 / 0.001         0.001 / 0.001         0.001 / 0.001       ms
[10.038s][info][gc,stats    ]    Subphase: Pause Weak Roots                              0.003 / 0.018         0.003 / 0.018         0.003 / 0.018         0.003 / 0.018       ms
[10.038s][info][gc,stats    ]    Subphase: Pause Weak Roots JFRWeak                      0.012 / 0.017         0.012 / 0.017         0.012 / 0.017         0.012 / 0.017       ms
[10.038s][info][gc,stats    ]    Subphase: Pause Weak Roots JVMTIWeakExport              0.001 / 0.001         0.001 / 0.001         0.001 / 0.001         0.001 / 0.001       ms
[10.038s][info][gc,stats    ]    Subphase: Pause Weak Roots Setup                        0.000 / 0.000         0.000 / 0.000         0.000 / 0.000         0.000 / 0.000       ms
[10.038s][info][gc,stats    ]    Subphase: Pause Weak Roots Teardown                     0.000 / 0.000         0.000 / 0.000         0.000 / 0.000         0.000 / 0.000       ms
[10.039s][info][gc,stats    ]      System: Java Threads                                     14 / 15               14 / 15               14 / 15               14 / 15          threads
[10.039s][info][gc,stats    ] =========================================================================================================================================================
[10.139s][info][gc,start    ] GC(17) Garbage Collection (Allocation Rate)
[10.139s][info][gc,phases   ] GC(17) Pause Mark Start 0.058ms
[10.177s][info][gc,phases   ] GC(17) Concurrent Mark 38.428ms
[10.178s][info][gc,phases   ] GC(17) Pause Mark End 0.356ms
[10.180s][info][gc,phases   ] GC(17) Concurrent Process Non-Strong References 1.692ms
[10.180s][info][gc,phases   ] GC(17) Concurrent Reset Relocation Set 0.835ms
[10.186s][info][gc,phases   ] GC(17) Concurrent Select Relocation Set 5.079ms
[10.186s][info][gc,phases   ] GC(17) Pause Relocate Start 0.063ms
[10.210s][info][gc,phases   ] GC(17) Concurrent Relocate 24.144ms
[10.210s][info][gc,load     ] GC(17) Load: 0.00/0.00/0.00
[10.210s][info][gc,mmu      ] GC(17) MMU: 2ms/78.9%, 5ms/89.5%, 10ms/94.8%, 20ms/97.4%, 50ms/98.8%, 100ms/99.4%
[10.210s][info][gc,marking  ] GC(17) Mark: 1 stripe(s), 2 proactive flush(es), 1 terminate flush(es), 1 completion(s), 0 continuation(s) 
[10.210s][info][gc,nmethod  ] GC(17) NMethods: 1465 registered, 0 unregistered
[10.210s][info][gc,metaspace] GC(17) Metaspace: 4M used, 4M capacity, 4M committed, 1032M reserved
[10.210s][info][gc,ref      ] GC(17) Soft: 261 encountered, 0 discovered, 0 enqueued
[10.210s][info][gc,ref      ] GC(17) Weak: 280 encountered, 229 discovered, 0 enqueued
[10.210s][info][gc,ref      ] GC(17) Final: 1 encountered, 0 discovered, 0 enqueued
[10.210s][info][gc,ref      ] GC(17) Phantom: 39 encountered, 30 discovered, 0 enqueued
[10.210s][info][gc,reloc    ] GC(17) Small Pages: 1216 / 2432M(100%), Empty: 2296M(94%), Compacting: 124M(5%)->40M(2%)
[10.210s][info][gc,reloc    ] GC(17) Medium Pages: 0 / 0M(0%), Empty: 0M(0%), Compacting: 0M(0%)->0M(0%)
[10.210s][info][gc,reloc    ] GC(17) Large Pages: 1 / 8M(0%), Empty: 0M(0%), Compacting: 0M(0%)->0M(0%)
[10.210s][info][gc,reloc    ] GC(17) Relocation: Successful
[10.210s][info][gc,heap     ] GC(17) Min Capacity: 42M(1%)
[10.210s][info][gc,heap     ] GC(17) Max Capacity: 4060M(100%)
[10.210s][info][gc,heap     ] GC(17) Soft Max Capacity: 4060M(100%)
[10.210s][info][gc,heap     ] GC(17)                Mark Start          Mark End        Relocate Start      Relocate End           High               Low         
[10.210s][info][gc,heap     ] GC(17)  Capacity:     3060M (75%)        3060M (75%)        3060M (75%)        3060M (75%)        3060M (75%)        3060M (75%)    
[10.210s][info][gc,heap     ] GC(17)   Reserve:       42M (1%)           42M (1%)           42M (1%)           42M (1%)           42M (1%)           42M (1%)     
[10.210s][info][gc,heap     ] GC(17)      Free:     1578M (39%)        1398M (34%)        3674M (90%)        3654M (90%)        3688M (91%)        1394M (34%)    
[10.210s][info][gc,heap     ] GC(17)      Used:     2440M (60%)        2620M (65%)         344M (8%)          364M (9%)         2624M (65%)         330M (8%)     
[10.210s][info][gc,heap     ] GC(17)      Live:         -                52M (1%)           52M (1%)           52M (1%)             -                  -          
[10.210s][info][gc,heap     ] GC(17) Allocated:         -               180M (4%)          200M (5%)          344M (8%)             -                  -          
[10.210s][info][gc,heap     ] GC(17)   Garbage:         -              2387M (59%)          91M (2%)            7M (0%)             -                  -          
[10.210s][info][gc,heap     ] GC(17) Reclaimed:         -                  -              2296M (57%)        2380M (59%)            -                  -          
[10.210s][info][gc          ] GC(17) Garbage Collection (Allocation Rate) 2440M(60%)->364M(9%)
[10.638s][info][gc,start    ] GC(18) Garbage Collection (Allocation Rate)
[10.639s][info][gc,phases   ] GC(18) Pause Mark Start 0.099ms
[10.678s][info][gc,phases   ] GC(18) Concurrent Mark 39.457ms
[10.679s][info][gc,phases   ] GC(18) Pause Mark End 0.407ms
[10.681s][info][gc,phases   ] GC(18) Concurrent Process Non-Strong References 1.747ms
[10.681s][info][gc,phases   ] GC(18) Concurrent Reset Relocation Set 0.827ms
[10.685s][info][gc,phases   ] GC(18) Concurrent Select Relocation Set 3.737ms
[10.686s][info][gc,phases   ] GC(18) Pause Relocate Start 0.118ms
[10.708s][info][gc,phases   ] GC(18) Concurrent Relocate 22.282ms
[10.708s][info][gc,load     ] GC(18) Load: 0.00/0.00/0.00
[10.708s][info][gc,mmu      ] GC(18) MMU: 2ms/78.9%, 5ms/89.5%, 10ms/94.7%, 20ms/97.4%, 50ms/98.8%, 100ms/99.4%
[10.708s][info][gc,marking  ] GC(18) Mark: 1 stripe(s), 2 proactive flush(es), 1 terminate flush(es), 1 completion(s), 0 continuation(s) 
[10.708s][info][gc,nmethod  ] GC(18) NMethods: 1465 registered, 0 unregistered
[10.708s][info][gc,metaspace] GC(18) Metaspace: 4M used, 4M capacity, 4M committed, 1032M reserved
[10.708s][info][gc,ref      ] GC(18) Soft: 261 encountered, 0 discovered, 0 enqueued
[10.708s][info][gc,ref      ] GC(18) Weak: 280 encountered, 229 discovered, 0 enqueued
[10.708s][info][gc,ref      ] GC(18) Final: 1 encountered, 0 discovered, 0 enqueued
[10.708s][info][gc,ref      ] GC(18) Phantom: 39 encountered, 30 discovered, 0 enqueued
[10.708s][info][gc,reloc    ] GC(18) Small Pages: 1195 / 2390M(100%), Empty: 2270M(95%), Compacting: 100M(4%)->34M(1%)
[10.708s][info][gc,reloc    ] GC(18) Medium Pages: 0 / 0M(0%), Empty: 0M(0%), Compacting: 0M(0%)->0M(0%)
[10.708s][info][gc,reloc    ] GC(18) Large Pages: 1 / 8M(0%), Empty: 0M(0%), Compacting: 0M(0%)->0M(0%)
[10.708s][info][gc,reloc    ] GC(18) Relocation: Successful
[10.708s][info][gc,heap     ] GC(18) Min Capacity: 42M(1%)
[10.708s][info][gc,heap     ] GC(18) Max Capacity: 4060M(100%)
[10.708s][info][gc,heap     ] GC(18) Soft Max Capacity: 4060M(100%)
[10.708s][info][gc,heap     ] GC(18)                Mark Start          Mark End        Relocate Start      Relocate End           High               Low         
[10.708s][info][gc,heap     ] GC(18)  Capacity:     3060M (75%)        3060M (75%)        3060M (75%)        3060M (75%)        3060M (75%)        3060M (75%)    
[10.708s][info][gc,heap     ] GC(18)   Reserve:       42M (1%)           42M (1%)           42M (1%)           42M (1%)           42M (1%)           42M (1%)     
[10.708s][info][gc,heap     ] GC(18)      Free:     1620M (40%)        1430M (35%)        3672M (90%)        3644M (90%)        3690M (91%)        1420M (35%)    
[10.708s][info][gc,heap     ] GC(18)      Used:     2398M (59%)        2588M (64%)         346M (9%)          374M (9%)         2598M (64%)         328M (8%)     
[10.708s][info][gc,heap     ] GC(18)      Live:         -                53M (1%)           53M (1%)           53M (1%)             -                  -          
[10.708s][info][gc,heap     ] GC(18) Allocated:         -               190M (5%)          218M (5%)          346M (9%)             -                  -          
[10.708s][info][gc,heap     ] GC(18)   Garbage:         -              2344M (58%)          74M (2%)           10M (0%)             -                  -          
[10.708s][info][gc,heap     ] GC(18) Reclaimed:         -                  -              2270M (56%)        2334M (57%)            -                  -          
[10.708s][info][gc          ] GC(18) Garbage Collection (Allocation Rate) 2398M(59%)->374M(9%)
[11.138s][info][gc,start    ] GC(19) Garbage Collection (Allocation Rate)
[11.138s][info][gc,phases   ] GC(19) Pause Mark Start 0.111ms
[11.177s][info][gc,phases   ] GC(19) Concurrent Mark 39.192ms
[11.178s][info][gc,phases   ] GC(19) Pause Mark End 0.279ms
[11.180s][info][gc,phases   ] GC(19) Concurrent Process Non-Strong References 1.710ms
[11.180s][info][gc,phases   ] GC(19) Concurrent Reset Relocation Set 0.634ms
[11.184s][info][gc,phases   ] GC(19) Concurrent Select Relocation Set 4.104ms
[11.185s][info][gc,phases   ] GC(19) Pause Relocate Start 0.069ms
[11.207s][info][gc,phases   ] GC(19) Concurrent Relocate 22.583ms
[11.207s][info][gc,load     ] GC(19) Load: 0.00/0.00/0.00
[11.207s][info][gc,mmu      ] GC(19) MMU: 2ms/78.9%, 5ms/89.5%, 10ms/94.7%, 20ms/97.4%, 50ms/98.8%, 100ms/99.4%
[11.207s][info][gc,marking  ] GC(19) Mark: 1 stripe(s), 2 proactive flush(es), 1 terminate flush(es), 1 completion(s), 0 continuation(s) 
[11.207s][info][gc,nmethod  ] GC(19) NMethods: 1465 registered, 0 unregistered
[11.207s][info][gc,metaspace] GC(19) Metaspace: 4M used, 4M capacity, 4M committed, 1032M reserved
[11.207s][info][gc,ref      ] GC(19) Soft: 261 encountered, 0 discovered, 0 enqueued
[11.207s][info][gc,ref      ] GC(19) Weak: 280 encountered, 229 discovered, 0 enqueued
[11.207s][info][gc,ref      ] GC(19) Final: 1 encountered, 0 discovered, 0 enqueued
[11.207s][info][gc,ref      ] GC(19) Phantom: 39 encountered, 30 discovered, 0 enqueued
[11.207s][info][gc,reloc    ] GC(19) Small Pages: 1210 / 2420M(100%), Empty: 2296M(95%), Compacting: 96M(4%)->32M(1%)
[11.207s][info][gc,reloc    ] GC(19) Medium Pages: 0 / 0M(0%), Empty: 0M(0%), Compacting: 0M(0%)->0M(0%)
[11.207s][info][gc,reloc    ] GC(19) Large Pages: 1 / 8M(0%), Empty: 0M(0%), Compacting: 0M(0%)->0M(0%)
[11.207s][info][gc,reloc    ] GC(19) Relocation: Successful
[11.207s][info][gc,heap     ] GC(19) Min Capacity: 42M(1%)
[11.207s][info][gc,heap     ] GC(19) Max Capacity: 4060M(100%)
[11.207s][info][gc,heap     ] GC(19) Soft Max Capacity: 4060M(100%)
[11.207s][info][gc,heap     ] GC(19)                Mark Start          Mark End        Relocate Start      Relocate End           High               Low         
[11.207s][info][gc,heap     ] GC(19)  Capacity:     3060M (75%)        3060M (75%)        3060M (75%)        3060M (75%)        3060M (75%)        3060M (75%)    
[11.207s][info][gc,heap     ] GC(19)   Reserve:       42M (1%)           42M (1%)           42M (1%)           42M (1%)           42M (1%)           42M (1%)     
[11.207s][info][gc,heap     ] GC(19)      Free:     1590M (39%)        1402M (35%)        3672M (90%)        3646M (90%)        3688M (91%)        1392M (34%)    
[11.207s][info][gc,heap     ] GC(19)      Used:     2428M (60%)        2616M (64%)         346M (9%)          372M (9%)         2626M (65%)         330M (8%)     
[11.207s][info][gc,heap     ] GC(19)      Live:         -                58M (1%)           58M (1%)           58M (1%)             -                  -          
[11.208s][info][gc,heap     ] GC(19) Allocated:         -               188M (5%)          214M (5%)          336M (8%)             -                  -          
[11.208s][info][gc,heap     ] GC(19)   Garbage:         -              2369M (58%)          73M (2%)           11M (0%)             -                  -          
[11.208s][info][gc,heap     ] GC(19) Reclaimed:         -                  -              2296M (57%)        2358M (58%)            -                  -          
[11.208s][info][gc          ] GC(19) Garbage Collection (Allocation Rate) 2428M(60%)->372M(9%)
[11.738s][info][gc,start    ] GC(20) Garbage Collection (Allocation Rate)
[11.739s][info][gc,phases   ] GC(20) Pause Mark Start 0.102ms
[11.776s][info][gc,phases   ] GC(20) Concurrent Mark 37.430ms
[11.777s][info][gc,phases   ] GC(20) Pause Mark End 0.274ms
[11.778s][info][gc,phases   ] GC(20) Concurrent Process Non-Strong References 1.668ms
[11.779s][info][gc,phases   ] GC(20) Concurrent Reset Relocation Set 0.643ms
[11.784s][info][gc,phases   ] GC(20) Concurrent Select Relocation Set 5.268ms
[11.785s][info][gc,phases   ] GC(20) Pause Relocate Start 0.066ms
[11.812s][info][gc,phases   ] GC(20) Concurrent Relocate 27.214ms
[11.812s][info][gc,load     ] GC(20) Load: 0.00/0.00/0.00
[11.812s][info][gc,mmu      ] GC(20) MMU: 2ms/78.9%, 5ms/89.5%, 10ms/94.7%, 20ms/97.4%, 50ms/98.8%, 100ms/99.4%
[11.812s][info][gc,marking  ] GC(20) Mark: 1 stripe(s), 2 proactive flush(es), 1 terminate flush(es), 1 completion(s), 0 continuation(s) 
[11.812s][info][gc,nmethod  ] GC(20) NMethods: 1465 registered, 0 unregistered
[11.812s][info][gc,metaspace] GC(20) Metaspace: 4M used, 4M capacity, 4M committed, 1032M reserved
[11.812s][info][gc,ref      ] GC(20) Soft: 261 encountered, 0 discovered, 0 enqueued
[11.812s][info][gc,ref      ] GC(20) Weak: 280 encountered, 229 discovered, 0 enqueued
[11.812s][info][gc,ref      ] GC(20) Final: 1 encountered, 0 discovered, 0 enqueued
[11.812s][info][gc,ref      ] GC(20) Phantom: 39 encountered, 30 discovered, 0 enqueued
[11.812s][info][gc,reloc    ] GC(20) Small Pages: 1397 / 2794M(100%), Empty: 2636M(94%), Compacting: 154M(5%)->48M(2%)
[11.812s][info][gc,reloc    ] GC(20) Medium Pages: 0 / 0M(0%), Empty: 0M(0%), Compacting: 0M(0%)->0M(0%)
[11.812s][info][gc,reloc    ] GC(20) Large Pages: 1 / 8M(0%), Empty: 0M(0%), Compacting: 0M(0%)->0M(0%)
[11.812s][info][gc,reloc    ] GC(20) Relocation: Successful
[11.812s][info][gc,heap     ] GC(20) Min Capacity: 42M(1%)
[11.812s][info][gc,heap     ] GC(20) Max Capacity: 4060M(100%)
[11.812s][info][gc,heap     ] GC(20) Soft Max Capacity: 4060M(100%)
[11.812s][info][gc,heap     ] GC(20)                Mark Start          Mark End        Relocate Start      Relocate End           High               Low         
[11.812s][info][gc,heap     ] GC(20)  Capacity:     3060M (75%)        3060M (75%)        3060M (75%)        3060M (75%)        3060M (75%)        3060M (75%)    
[11.812s][info][gc,heap     ] GC(20)   Reserve:       42M (1%)           42M (1%)           42M (1%)           42M (1%)           42M (1%)           42M (1%)     
[11.812s][info][gc,heap     ] GC(20)      Free:     1216M (30%)        1038M (26%)        3640M (90%)        3618M (89%)        3662M (90%)        1028M (25%)    
[11.812s][info][gc,heap     ] GC(20)      Used:     2802M (69%)        2980M (73%)         378M (9%)          400M (10%)        2990M (74%)         356M (9%)     
[11.812s][info][gc,heap     ] GC(20)      Live:         -                52M (1%)           52M (1%)           52M (1%)             -                  -          
[11.812s][info][gc,heap     ] GC(20) Allocated:         -               178M (4%)          212M (5%)          388M (10%)            -                  -          
[11.812s][info][gc,heap     ] GC(20)   Garbage:         -              2749M (68%)         113M (3%)            5M (0%)             -                  -          
[11.812s][info][gc,heap     ] GC(20) Reclaimed:         -                  -              2636M (65%)        2744M (68%)            -                  -          
[11.812s][info][gc          ] GC(20) Garbage Collection (Allocation Rate) 2802M(69%)->400M(10%)
[12.238s][info][gc,start    ] GC(21) Garbage Collection (Allocation Rate)
[12.238s][info][gc,phases   ] GC(21) Pause Mark Start 0.074ms
[12.283s][info][gc,phases   ] GC(21) Concurrent Mark 45.124ms
[12.284s][info][gc,phases   ] GC(21) Pause Mark End 0.349ms
[12.286s][info][gc,phases   ] GC(21) Concurrent Process Non-Strong References 1.725ms
[12.286s][info][gc,phases   ] GC(21) Concurrent Reset Relocation Set 0.712ms
[12.291s][info][gc,phases   ] GC(21) Concurrent Select Relocation Set 4.851ms
[12.292s][info][gc,phases   ] GC(21) Pause Relocate Start 0.064ms
[12.320s][info][gc,phases   ] GC(21) Concurrent Relocate 27.805ms
[12.320s][info][gc,load     ] GC(21) Load: 0.00/0.00/0.00
[12.320s][info][gc,mmu      ] GC(21) MMU: 2ms/78.9%, 5ms/89.5%, 10ms/94.7%, 20ms/97.4%, 50ms/98.8%, 100ms/99.4%
[12.320s][info][gc,marking  ] GC(21) Mark: 1 stripe(s), 2 proactive flush(es), 1 terminate flush(es), 1 completion(s), 0 continuation(s) 
[12.320s][info][gc,nmethod  ] GC(21) NMethods: 1465 registered, 0 unregistered
[12.320s][info][gc,metaspace] GC(21) Metaspace: 4M used, 4M capacity, 4M committed, 1032M reserved
[12.320s][info][gc,ref      ] GC(21) Soft: 261 encountered, 0 discovered, 0 enqueued
[12.320s][info][gc,ref      ] GC(21) Weak: 280 encountered, 229 discovered, 0 enqueued
[12.320s][info][gc,ref      ] GC(21) Final: 1 encountered, 0 discovered, 0 enqueued
[12.320s][info][gc,ref      ] GC(21) Phantom: 39 encountered, 30 discovered, 0 enqueued
[12.320s][info][gc,reloc    ] GC(21) Small Pages: 1202 / 2404M(100%), Empty: 2246M(93%), Compacting: 156M(6%)->44M(2%)
[12.320s][info][gc,reloc    ] GC(21) Medium Pages: 0 / 0M(0%), Empty: 0M(0%), Compacting: 0M(0%)->0M(0%)
[12.320s][info][gc,reloc    ] GC(21) Large Pages: 1 / 8M(0%), Empty: 0M(0%), Compacting: 0M(0%)->0M(0%)
[12.320s][info][gc,reloc    ] GC(21) Relocation: Successful
[12.320s][info][gc,heap     ] GC(21) Min Capacity: 42M(1%)
[12.320s][info][gc,heap     ] GC(21) Max Capacity: 4060M(100%)
[12.320s][info][gc,heap     ] GC(21) Soft Max Capacity: 4060M(100%)
[12.320s][info][gc,heap     ] GC(21)                Mark Start          Mark End        Relocate Start      Relocate End           High               Low         
[12.320s][info][gc,heap     ] GC(21)  Capacity:     3060M (75%)        3060M (75%)        3060M (75%)        3060M (75%)        3060M (75%)        3060M (75%)    
[12.320s][info][gc,heap     ] GC(21)   Reserve:       42M (1%)           42M (1%)           42M (1%)           42M (1%)           42M (1%)           42M (1%)     
[12.320s][info][gc,heap     ] GC(21)      Free:     1606M (40%)        1428M (35%)        3646M (90%)        3638M (90%)        3664M (90%)        1418M (35%)    
[12.320s][info][gc,heap     ] GC(21)      Used:     2412M (59%)        2590M (64%)         372M (9%)          380M (9%)         2600M (64%)         354M (9%)     
[12.320s][info][gc,heap     ] GC(21)      Live:         -                48M (1%)           48M (1%)           48M (1%)             -                  -          
[12.320s][info][gc,heap     ] GC(21) Allocated:         -               178M (4%)          206M (5%)          370M (9%)             -                  -          
[12.320s][info][gc,heap     ] GC(21)   Garbage:         -              2363M (58%)         117M (3%)            7M (0%)             -                  -          
[12.320s][info][gc,heap     ] GC(21) Reclaimed:         -                  -              2246M (55%)        2356M (58%)            -                  -          
[12.320s][info][gc          ] GC(21) Garbage Collection (Allocation Rate) 2412M(59%)->380M(9%)
[12.739s][info][gc,start    ] GC(22) Garbage Collection (Allocation Rate)
[12.739s][info][gc,phases   ] GC(22) Pause Mark Start 0.065ms
[12.779s][info][gc,phases   ] GC(22) Concurrent Mark 40.275ms
[12.780s][info][gc,phases   ] GC(22) Pause Mark End 0.351ms
[12.782s][info][gc,phases   ] GC(22) Concurrent Process Non-Strong References 1.818ms
[12.783s][info][gc,phases   ] GC(22) Concurrent Reset Relocation Set 0.890ms
[12.786s][info][gc,phases   ] GC(22) Concurrent Select Relocation Set 3.519ms
[12.786s][info][gc,phases   ] GC(22) Pause Relocate Start 0.065ms
[12.801s][info][gc,phases   ] GC(22) Concurrent Relocate 14.679ms
[12.801s][info][gc,load     ] GC(22) Load: 0.00/0.00/0.00
[12.801s][info][gc,mmu      ] GC(22) MMU: 2ms/78.9%, 5ms/89.5%, 10ms/94.7%, 20ms/97.4%, 50ms/98.8%, 100ms/99.4%
[12.801s][info][gc,marking  ] GC(22) Mark: 1 stripe(s), 2 proactive flush(es), 1 terminate flush(es), 1 completion(s), 0 continuation(s) 
[12.801s][info][gc,nmethod  ] GC(22) NMethods: 1465 registered, 0 unregistered
[12.801s][info][gc,metaspace] GC(22) Metaspace: 4M used, 4M capacity, 4M committed, 1032M reserved
[12.801s][info][gc,ref      ] GC(22) Soft: 261 encountered, 0 discovered, 0 enqueued
[12.801s][info][gc,ref      ] GC(22) Weak: 280 encountered, 229 discovered, 0 enqueued
[12.801s][info][gc,ref      ] GC(22) Final: 1 encountered, 0 discovered, 0 enqueued
[12.801s][info][gc,ref      ] GC(22) Phantom: 39 encountered, 30 discovered, 0 enqueued
[12.801s][info][gc,reloc    ] GC(22) Small Pages: 1184 / 2368M(100%), Empty: 2240M(94%), Compacting: 96M(4%)->26M(1%)
[12.801s][info][gc,reloc    ] GC(22) Medium Pages: 0 / 0M(0%), Empty: 0M(0%), Compacting: 0M(0%)->0M(0%)
[12.801s][info][gc,reloc    ] GC(22) Large Pages: 1 / 8M(0%), Empty: 0M(0%), Compacting: 0M(0%)->0M(0%)
[12.801s][info][gc,reloc    ] GC(22) Relocation: Successful
[12.801s][info][gc,heap     ] GC(22) Min Capacity: 42M(1%)
[12.801s][info][gc,heap     ] GC(22) Max Capacity: 4060M(100%)
[12.801s][info][gc,heap     ] GC(22) Soft Max Capacity: 4060M(100%)
[12.801s][info][gc,heap     ] GC(22)                Mark Start          Mark End        Relocate Start      Relocate End           High               Low         
[12.801s][info][gc,heap     ] GC(22)  Capacity:     3060M (75%)        3060M (75%)        3060M (75%)        3060M (75%)        3060M (75%)        3060M (75%)    
[12.801s][info][gc,heap     ] GC(22)   Reserve:       42M (1%)           42M (1%)           42M (1%)           42M (1%)           42M (1%)           42M (1%)     
[12.801s][info][gc,heap     ] GC(22)      Free:     1642M (40%)        1452M (36%)        3662M (90%)        3658M (90%)        3680M (91%)        1438M (35%)    
[12.801s][info][gc,heap     ] GC(22)      Used:     2376M (59%)        2566M (63%)         356M (9%)          360M (9%)         2580M (64%)         338M (8%)     
[12.801s][info][gc,heap     ] GC(22)      Live:         -                58M (1%)           58M (1%)           58M (1%)             -                  -          
[12.801s][info][gc,heap     ] GC(22) Allocated:         -               190M (5%)          220M (5%)          320M (8%)             -                  -          
[12.801s][info][gc,heap     ] GC(22)   Garbage:         -              2317M (57%)          77M (2%)           11M (0%)             -                  -          
[12.801s][info][gc,heap     ] GC(22) Reclaimed:         -                  -              2240M (55%)        2306M (57%)            -                  -          
[12.801s][info][gc          ] GC(22) Garbage Collection (Allocation Rate) 2376M(59%)->360M(9%)
[13.238s][info][gc,start    ] GC(23) Garbage Collection (Allocation Rate)
[13.239s][info][gc,phases   ] GC(23) Pause Mark Start 0.076ms
[13.282s][info][gc,phases   ] GC(23) Concurrent Mark 43.248ms
[13.282s][info][gc,phases   ] GC(23) Pause Mark End 0.354ms
[13.284s][info][gc,phases   ] GC(23) Concurrent Process Non-Strong References 1.839ms
[13.284s][info][gc,phases   ] GC(23) Concurrent Reset Relocation Set 0.059ms
[13.287s][info][gc,phases   ] GC(23) Concurrent Select Relocation Set 2.808ms
[13.287s][info][gc,phases   ] GC(23) Pause Relocate Start 0.060ms
[13.310s][info][gc,phases   ] GC(23) Concurrent Relocate 22.303ms
[13.310s][info][gc,load     ] GC(23) Load: 0.00/0.00/0.00
[13.310s][info][gc,mmu      ] GC(23) MMU: 2ms/78.9%, 5ms/89.5%, 10ms/94.7%, 20ms/97.4%, 50ms/98.8%, 100ms/99.4%
[13.310s][info][gc,marking  ] GC(23) Mark: 1 stripe(s), 2 proactive flush(es), 1 terminate flush(es), 1 completion(s), 0 continuation(s) 
[13.310s][info][gc,nmethod  ] GC(23) NMethods: 1465 registered, 0 unregistered
[13.310s][info][gc,metaspace] GC(23) Metaspace: 4M used, 4M capacity, 4M committed, 1032M reserved
[13.310s][info][gc,ref      ] GC(23) Soft: 261 encountered, 0 discovered, 0 enqueued
[13.310s][info][gc,ref      ] GC(23) Weak: 280 encountered, 229 discovered, 0 enqueued
[13.310s][info][gc,ref      ] GC(23) Final: 1 encountered, 0 discovered, 0 enqueued
[13.310s][info][gc,ref      ] GC(23) Phantom: 39 encountered, 30 discovered, 0 enqueued
[13.310s][info][gc,reloc    ] GC(23) Small Pages: 1221 / 2442M(100%), Empty: 2300M(94%), Compacting: 110M(4%)->38M(2%)
[13.310s][info][gc,reloc    ] GC(23) Medium Pages: 0 / 0M(0%), Empty: 0M(0%), Compacting: 0M(0%)->0M(0%)
[13.310s][info][gc,reloc    ] GC(23) Large Pages: 1 / 8M(0%), Empty: 0M(0%), Compacting: 0M(0%)->0M(0%)
[13.310s][info][gc,reloc    ] GC(23) Relocation: Successful
[13.310s][info][gc,heap     ] GC(23) Min Capacity: 42M(1%)
[13.310s][info][gc,heap     ] GC(23) Max Capacity: 4060M(100%)
[13.310s][info][gc,heap     ] GC(23) Soft Max Capacity: 4060M(100%)
[13.310s][info][gc,heap     ] GC(23)                Mark Start          Mark End        Relocate Start      Relocate End           High               Low         
[13.310s][info][gc,heap     ] GC(23)  Capacity:     3060M (75%)        3060M (75%)        3060M (75%)        3060M (75%)        3060M (75%)        3060M (75%)    
[13.310s][info][gc,heap     ] GC(23)   Reserve:       42M (1%)           42M (1%)           42M (1%)           42M (1%)           42M (1%)           42M (1%)     
[13.310s][info][gc,heap     ] GC(23)      Free:     1568M (39%)        1384M (34%)        3662M (90%)        3630M (89%)        3674M (90%)        1374M (34%)    
[13.310s][info][gc,heap     ] GC(23)      Used:     2450M (60%)        2634M (65%)         356M (9%)          388M (10%)        2644M (65%)         344M (8%)     
[13.310s][info][gc,heap     ] GC(23)      Live:         -                68M (2%)           68M (2%)           68M (2%)             -                  -          
[13.310s][info][gc,heap     ] GC(23) Allocated:         -               184M (5%)          206M (5%)          348M (9%)             -                  -          
[13.310s][info][gc,heap     ] GC(23)   Garbage:         -              2381M (59%)          81M (2%)            9M (0%)             -                  -          
[13.310s][info][gc,heap     ] GC(23) Reclaimed:         -                  -              2300M (57%)        2372M (58%)            -                  -          
[13.310s][info][gc          ] GC(23) Garbage Collection (Allocation Rate) 2450M(60%)->388M(10%)
[13.737s][info][gc,start    ] GC(24) Garbage Collection (Allocation Rate)
[13.738s][info][gc,phases   ] GC(24) Pause Mark Start 0.062ms
[13.779s][info][gc,phases   ] GC(24) Concurrent Mark 41.545ms
[13.780s][info][gc,phases   ] GC(24) Pause Mark End 0.331ms
[13.781s][info][gc,phases   ] GC(24) Concurrent Process Non-Strong References 1.841ms
[13.782s][info][gc,phases   ] GC(24) Concurrent Reset Relocation Set 0.785ms
[13.786s][info][gc,phases   ] GC(24) Concurrent Select Relocation Set 4.002ms
[13.787s][info][gc,phases   ] GC(24) Pause Relocate Start 0.067ms
[13.804s][info][gc,phases   ] GC(24) Concurrent Relocate 17.348ms
[13.804s][info][gc,load     ] GC(24) Load: 0.00/0.00/0.00
[13.804s][info][gc,mmu      ] GC(24) MMU: 2ms/78.9%, 5ms/89.5%, 10ms/94.7%, 20ms/97.4%, 50ms/98.8%, 100ms/99.4%
[13.804s][info][gc,marking  ] GC(24) Mark: 1 stripe(s), 2 proactive flush(es), 1 terminate flush(es), 1 completion(s), 0 continuation(s) 
[13.804s][info][gc,nmethod  ] GC(24) NMethods: 1465 registered, 0 unregistered
[13.804s][info][gc,metaspace] GC(24) Metaspace: 4M used, 4M capacity, 4M committed, 1032M reserved
[13.804s][info][gc,ref      ] GC(24) Soft: 261 encountered, 0 discovered, 0 enqueued
[13.804s][info][gc,ref      ] GC(24) Weak: 280 encountered, 229 discovered, 0 enqueued
[13.804s][info][gc,ref      ] GC(24) Final: 1 encountered, 0 discovered, 0 enqueued
[13.804s][info][gc,ref      ] GC(24) Phantom: 39 encountered, 30 discovered, 0 enqueued
[13.804s][info][gc,reloc    ] GC(24) Small Pages: 1206 / 2412M(100%), Empty: 2286M(94%), Compacting: 94M(4%)->30M(1%)
[13.804s][info][gc,reloc    ] GC(24) Medium Pages: 0 / 0M(0%), Empty: 0M(0%), Compacting: 0M(0%)->0M(0%)
[13.804s][info][gc,reloc    ] GC(24) Large Pages: 1 / 8M(0%), Empty: 0M(0%), Compacting: 0M(0%)->0M(0%)
[13.804s][info][gc,reloc    ] GC(24) Relocation: Successful
[13.804s][info][gc,heap     ] GC(24) Min Capacity: 42M(1%)
[13.804s][info][gc,heap     ] GC(24) Max Capacity: 4060M(100%)
[13.804s][info][gc,heap     ] GC(24) Soft Max Capacity: 4060M(100%)
[13.804s][info][gc,heap     ] GC(24)                Mark Start          Mark End        Relocate Start      Relocate End           High               Low         
[13.804s][info][gc,heap     ] GC(24)  Capacity:     3060M (75%)        3060M (75%)        3060M (75%)        3060M (75%)        3060M (75%)        3060M (75%)    
[13.804s][info][gc,heap     ] GC(24)   Reserve:       42M (1%)           42M (1%)           42M (1%)           42M (1%)           42M (1%)           42M (1%)     
[13.804s][info][gc,heap     ] GC(24)      Free:     1598M (39%)        1412M (35%)        3668M (90%)        3650M (90%)        3684M (91%)        1400M (34%)    
[13.804s][info][gc,heap     ] GC(24)      Used:     2420M (60%)        2606M (64%)         350M (9%)          368M (9%)         2618M (64%)         334M (8%)     
[13.804s][info][gc,heap     ] GC(24)      Live:         -                60M (1%)           60M (1%)           60M (1%)             -                  -          
[13.804s][info][gc,heap     ] GC(24) Allocated:         -               186M (5%)          216M (5%)          328M (8%)             -                  -          
[13.804s][info][gc,heap     ] GC(24)   Garbage:         -              2359M (58%)          73M (2%)            9M (0%)             -                  -          
[13.804s][info][gc,heap     ] GC(24) Reclaimed:         -                  -              2286M (56%)        2350M (58%)            -                  -          
[13.804s][info][gc          ] GC(24) Garbage Collection (Allocation Rate) 2420M(60%)->368M(9%)
[14.237s][info][gc,start    ] GC(25) Garbage Collection (Allocation Rate)
[14.237s][info][gc,phases   ] GC(25) Pause Mark Start 0.076ms
[14.276s][info][gc,phases   ] GC(25) Concurrent Mark 38.927ms
[14.277s][info][gc,phases   ] GC(25) Pause Mark End 0.306ms
[14.279s][info][gc,phases   ] GC(25) Concurrent Process Non-Strong References 1.701ms
[14.280s][info][gc,phases   ] GC(25) Concurrent Reset Relocation Set 0.860ms
[14.284s][info][gc,phases   ] GC(25) Concurrent Select Relocation Set 4.869ms
[14.285s][info][gc,phases   ] GC(25) Pause Relocate Start 0.069ms
[14.309s][info][gc,phases   ] GC(25) Concurrent Relocate 24.093ms
[14.309s][info][gc,load     ] GC(25) Load: 0.00/0.00/0.00
[14.309s][info][gc,mmu      ] GC(25) MMU: 2ms/78.9%, 5ms/89.5%, 10ms/94.7%, 20ms/97.4%, 50ms/98.8%, 100ms/99.4%
[14.309s][info][gc,marking  ] GC(25) Mark: 1 stripe(s), 2 proactive flush(es), 1 terminate flush(es), 1 completion(s), 0 continuation(s) 
[14.309s][info][gc,nmethod  ] GC(25) NMethods: 1465 registered, 0 unregistered
[14.309s][info][gc,metaspace] GC(25) Metaspace: 4M used, 4M capacity, 4M committed, 1032M reserved
[14.309s][info][gc,ref      ] GC(25) Soft: 261 encountered, 0 discovered, 0 enqueued
[14.309s][info][gc,ref      ] GC(25) Weak: 280 encountered, 229 discovered, 0 enqueued
[14.309s][info][gc,ref      ] GC(25) Final: 1 encountered, 0 discovered, 0 enqueued
[14.309s][info][gc,ref      ] GC(25) Phantom: 39 encountered, 30 discovered, 0 enqueued
[14.309s][info][gc,reloc    ] GC(25) Small Pages: 1214 / 2428M(100%), Empty: 2298M(94%), Compacting: 110M(5%)->42M(2%)
[14.309s][info][gc,reloc    ] GC(25) Medium Pages: 0 / 0M(0%), Empty: 0M(0%), Compacting: 0M(0%)->0M(0%)
[14.309s][info][gc,reloc    ] GC(25) Large Pages: 1 / 8M(0%), Empty: 0M(0%), Compacting: 0M(0%)->0M(0%)
[14.309s][info][gc,reloc    ] GC(25) Relocation: Successful
[14.309s][info][gc,heap     ] GC(25) Min Capacity: 42M(1%)
[14.309s][info][gc,heap     ] GC(25) Max Capacity: 4060M(100%)
[14.309s][info][gc,heap     ] GC(25) Soft Max Capacity: 4060M(100%)
[14.309s][info][gc,heap     ] GC(25)                Mark Start          Mark End        Relocate Start      Relocate End           High               Low         
[14.309s][info][gc,heap     ] GC(25)  Capacity:     3060M (75%)        3060M (75%)        3060M (75%)        3060M (75%)        3060M (75%)        3060M (75%)    
[14.309s][info][gc,heap     ] GC(25)   Reserve:       42M (1%)           42M (1%)           42M (1%)           42M (1%)           42M (1%)           42M (1%)     
[14.309s][info][gc,heap     ] GC(25)      Free:     1582M (39%)        1398M (34%)        3670M (90%)        3620M (89%)        3690M (91%)        1392M (34%)    
[14.309s][info][gc,heap     ] GC(25)      Used:     2436M (60%)        2620M (65%)         348M (9%)          398M (10%)        2626M (65%)         328M (8%)     
[14.309s][info][gc,heap     ] GC(25)      Live:         -                62M (2%)           62M (2%)           62M (2%)             -                  -          
[14.309s][info][gc,heap     ] GC(25) Allocated:         -               184M (5%)          210M (5%)          370M (9%)             -                  -          
[14.309s][info][gc,heap     ] GC(25)   Garbage:         -              2373M (58%)          75M (2%)           11M (0%)             -                  -          
[14.309s][info][gc,heap     ] GC(25) Reclaimed:         -                  -              2298M (57%)        2362M (58%)            -                  -          
[14.309s][info][gc          ] GC(25) Garbage Collection (Allocation Rate) 2436M(60%)->398M(10%)
[14.738s][info][gc,start    ] GC(26) Garbage Collection (Allocation Rate)
[14.738s][info][gc,phases   ] GC(26) Pause Mark Start 0.108ms
[14.780s][info][gc,phases   ] GC(26) Concurrent Mark 41.479ms
[14.780s][info][gc,phases   ] GC(26) Pause Mark End 0.434ms
[14.782s][info][gc,phases   ] GC(26) Concurrent Process Non-Strong References 1.802ms
[14.783s][info][gc,phases   ] GC(26) Concurrent Reset Relocation Set 0.670ms
[14.787s][info][gc,phases   ] GC(26) Concurrent Select Relocation Set 4.537ms
[14.788s][info][gc,phases   ] GC(26) Pause Relocate Start 0.095ms
[14.815s][info][gc,phases   ] GC(26) Concurrent Relocate 26.784ms
[14.815s][info][gc,load     ] GC(26) Load: 0.00/0.00/0.00
[14.815s][info][gc,mmu      ] GC(26) MMU: 2ms/78.3%, 5ms/89.5%, 10ms/94.7%, 20ms/97.4%, 50ms/98.7%, 100ms/99.4%
[14.815s][info][gc,marking  ] GC(26) Mark: 1 stripe(s), 2 proactive flush(es), 1 terminate flush(es), 1 completion(s), 0 continuation(s) 
[14.815s][info][gc,nmethod  ] GC(26) NMethods: 1465 registered, 0 unregistered
[14.815s][info][gc,metaspace] GC(26) Metaspace: 4M used, 4M capacity, 4M committed, 1032M reserved
[14.815s][info][gc,ref      ] GC(26) Soft: 261 encountered, 0 discovered, 0 enqueued
[14.815s][info][gc,ref      ] GC(26) Weak: 280 encountered, 229 discovered, 0 enqueued
[14.815s][info][gc,ref      ] GC(26) Final: 1 encountered, 0 discovered, 0 enqueued
[14.815s][info][gc,ref      ] GC(26) Phantom: 39 encountered, 30 discovered, 0 enqueued
[14.815s][info][gc,reloc    ] GC(26) Small Pages: 1203 / 2406M(100%), Empty: 2286M(95%), Compacting: 94M(4%)->26M(1%)
[14.815s][info][gc,reloc    ] GC(26) Medium Pages: 0 / 0M(0%), Empty: 0M(0%), Compacting: 0M(0%)->0M(0%)
[14.815s][info][gc,reloc    ] GC(26) Large Pages: 1 / 8M(0%), Empty: 0M(0%), Compacting: 0M(0%)->0M(0%)
[14.815s][info][gc,reloc    ] GC(26) Relocation: Successful
[14.815s][info][gc,heap     ] GC(26) Min Capacity: 42M(1%)
[14.815s][info][gc,heap     ] GC(26) Max Capacity: 4060M(100%)
[14.815s][info][gc,heap     ] GC(26) Soft Max Capacity: 4060M(100%)
[14.815s][info][gc,heap     ] GC(26)                Mark Start          Mark End        Relocate Start      Relocate End           High               Low         
[14.815s][info][gc,heap     ] GC(26)  Capacity:     3060M (75%)        3060M (75%)        3060M (75%)        3060M (75%)        3060M (75%)        3060M (75%)    
[14.815s][info][gc,heap     ] GC(26)   Reserve:       42M (1%)           42M (1%)           42M (1%)           42M (1%)           42M (1%)           42M (1%)     
[14.815s][info][gc,heap     ] GC(26)      Free:     1604M (40%)        1414M (35%)        3670M (90%)        3630M (89%)        3688M (91%)        1402M (35%)    
[14.815s][info][gc,heap     ] GC(26)      Used:     2414M (59%)        2604M (64%)         348M (9%)          388M (10%)        2616M (64%)         330M (8%)     
[14.815s][info][gc,heap     ] GC(26)      Live:         -                52M (1%)           52M (1%)           52M (1%)             -                  -          
[14.815s][info][gc,heap     ] GC(26) Allocated:         -               190M (5%)          220M (5%)          354M (9%)             -                  -          
[14.815s][info][gc,heap     ] GC(26)   Garbage:         -              2361M (58%)          75M (2%)           13M (0%)             -                  -          
[14.815s][info][gc,heap     ] GC(26) Reclaimed:         -                  -              2286M (56%)        2348M (58%)            -                  -          
[14.815s][info][gc          ] GC(26) Garbage Collection (Allocation Rate) 2414M(59%)->388M(10%)
[15.338s][info][gc,start    ] GC(27) Garbage Collection (Allocation Rate)
[15.338s][info][gc,phases   ] GC(27) Pause Mark Start 0.044ms
[15.387s][info][gc,phases   ] GC(27) Concurrent Mark 48.073ms
[15.387s][info][gc,phases   ] GC(27) Pause Mark End 0.290ms
[15.389s][info][gc,phases   ] GC(27) Concurrent Process Non-Strong References 1.641ms
[15.389s][info][gc,phases   ] GC(27) Concurrent Reset Relocation Set 0.059ms
[15.390s][info][gc,phases   ] GC(27) Concurrent Select Relocation Set 1.460ms
[15.390s][info][gc,phases   ] GC(27) Pause Relocate Start 0.062ms
[15.393s][info][gc,phases   ] GC(27) Concurrent Relocate 2.156ms
[15.393s][info][gc,load     ] GC(27) Load: 0.00/0.00/0.00
[15.393s][info][gc,mmu      ] GC(27) MMU: 2ms/78.3%, 5ms/89.5%, 10ms/94.7%, 20ms/97.4%, 50ms/98.7%, 100ms/99.4%
[15.393s][info][gc,marking  ] GC(27) Mark: 1 stripe(s), 2 proactive flush(es), 1 terminate flush(es), 1 completion(s), 0 continuation(s) 
[15.393s][info][gc,nmethod  ] GC(27) NMethods: 1465 registered, 0 unregistered
[15.393s][info][gc,metaspace] GC(27) Metaspace: 4M used, 4M capacity, 4M committed, 1032M reserved
[15.393s][info][gc,ref      ] GC(27) Soft: 261 encountered, 0 discovered, 0 enqueued
[15.393s][info][gc,ref      ] GC(27) Weak: 280 encountered, 229 discovered, 0 enqueued
[15.393s][info][gc,ref      ] GC(27) Final: 1 encountered, 0 discovered, 0 enqueued
[15.393s][info][gc,ref      ] GC(27) Phantom: 39 encountered, 30 discovered, 0 enqueued
[15.393s][info][gc,reloc    ] GC(27) Small Pages: 1353 / 2706M(100%), Empty: 2632M(97%), Compacting: 22M(1%)->4M(0%)
[15.393s][info][gc,reloc    ] GC(27) Medium Pages: 0 / 0M(0%), Empty: 0M(0%), Compacting: 0M(0%)->0M(0%)
[15.393s][info][gc,reloc    ] GC(27) Large Pages: 1 / 8M(0%), Empty: 0M(0%), Compacting: 0M(0%)->0M(0%)
[15.393s][info][gc,reloc    ] GC(27) Relocation: Successful
[15.393s][info][gc,heap     ] GC(27) Min Capacity: 42M(1%)
[15.393s][info][gc,heap     ] GC(27) Max Capacity: 4060M(100%)
[15.393s][info][gc,heap     ] GC(27) Soft Max Capacity: 4060M(100%)
[15.393s][info][gc,heap     ] GC(27)                Mark Start          Mark End        Relocate Start      Relocate End           High               Low         
[15.393s][info][gc,heap     ] GC(27)  Capacity:     3060M (75%)        3060M (75%)        3060M (75%)        3060M (75%)        3060M (75%)        3060M (75%)    
[15.393s][info][gc,heap     ] GC(27)   Reserve:       42M (1%)           42M (1%)           42M (1%)           42M (1%)           42M (1%)           42M (1%)     
[15.393s][info][gc,heap     ] GC(27)      Free:     1304M (32%)        1166M (29%)        3788M (93%)        3790M (93%)        3794M (93%)        1162M (29%)    
[15.393s][info][gc,heap     ] GC(27)      Used:     2714M (67%)        2852M (70%)         230M (6%)          228M (6%)         2856M (70%)         224M (6%)     
[15.393s][info][gc,heap     ] GC(27)      Live:         -                56M (1%)           56M (1%)           56M (1%)             -                  -          
[15.393s][info][gc,heap     ] GC(27) Allocated:         -               138M (3%)          148M (4%)          168M (4%)             -                  -          
[15.393s][info][gc,heap     ] GC(27)   Garbage:         -              2657M (65%)          25M (1%)           13M (0%)             -                  -          
[15.393s][info][gc,heap     ] GC(27) Reclaimed:         -                  -              2632M (65%)        2644M (65%)            -                  -          
[15.393s][info][gc          ] GC(27) Garbage Collection (Allocation Rate) 2714M(67%)->228M(6%)
[15.939s][info][gc,start    ] GC(28) Garbage Collection (Allocation Rate)
[15.939s][info][gc,phases   ] GC(28) Pause Mark Start 0.057ms
[15.978s][info][gc,phases   ] GC(28) Concurrent Mark 39.606ms
[15.979s][info][gc,phases   ] GC(28) Pause Mark End 0.353ms
[15.981s][info][gc,phases   ] GC(28) Concurrent Process Non-Strong References 1.947ms
[15.981s][info][gc,phases   ] GC(28) Concurrent Reset Relocation Set 0.026ms
[15.983s][info][gc,phases   ] GC(28) Concurrent Select Relocation Set 2.522ms
[15.984s][info][gc,phases   ] GC(28) Pause Relocate Start 0.057ms
[15.997s][info][gc,phases   ] GC(28) Concurrent Relocate 13.508ms
[15.997s][info][gc,load     ] GC(28) Load: 0.00/0.00/0.00
[15.997s][info][gc,mmu      ] GC(28) MMU: 2ms/78.3%, 5ms/89.5%, 10ms/94.7%, 20ms/97.4%, 50ms/98.7%, 100ms/99.4%
[15.997s][info][gc,marking  ] GC(28) Mark: 1 stripe(s), 2 proactive flush(es), 1 terminate flush(es), 1 completion(s), 0 continuation(s) 
[15.997s][info][gc,nmethod  ] GC(28) NMethods: 1466 registered, 0 unregistered
[15.997s][info][gc,metaspace] GC(28) Metaspace: 4M used, 4M capacity, 4M committed, 1032M reserved
[15.997s][info][gc,ref      ] GC(28) Soft: 261 encountered, 0 discovered, 0 enqueued
[15.997s][info][gc,ref      ] GC(28) Weak: 280 encountered, 229 discovered, 0 enqueued
[15.997s][info][gc,ref      ] GC(28) Final: 1 encountered, 0 discovered, 0 enqueued
[15.997s][info][gc,ref      ] GC(28) Phantom: 39 encountered, 30 discovered, 0 enqueued
[15.997s][info][gc,reloc    ] GC(28) Small Pages: 1316 / 2632M(100%), Empty: 2522M(96%), Compacting: 64M(2%)->22M(1%)
[15.997s][info][gc,reloc    ] GC(28) Medium Pages: 0 / 0M(0%), Empty: 0M(0%), Compacting: 0M(0%)->0M(0%)
[15.997s][info][gc,reloc    ] GC(28) Large Pages: 1 / 8M(0%), Empty: 0M(0%), Compacting: 0M(0%)->0M(0%)
[15.997s][info][gc,reloc    ] GC(28) Relocation: Successful
[15.997s][info][gc,heap     ] GC(28) Min Capacity: 42M(1%)
[15.997s][info][gc,heap     ] GC(28) Max Capacity: 4060M(100%)
[15.997s][info][gc,heap     ] GC(28) Soft Max Capacity: 4060M(100%)
[15.997s][info][gc,heap     ] GC(28)                Mark Start          Mark End        Relocate Start      Relocate End           High               Low         
[15.997s][info][gc,heap     ] GC(28)  Capacity:     3060M (75%)        3060M (75%)        3060M (75%)        3060M (75%)        3060M (75%)        3060M (75%)    
[15.997s][info][gc,heap     ] GC(28)   Reserve:       42M (1%)           42M (1%)           42M (1%)           42M (1%)           42M (1%)           42M (1%)     
[15.997s][info][gc,heap     ] GC(28)      Free:     1378M (34%)        1188M (29%)        3690M (91%)        3674M (90%)        3702M (91%)        1180M (29%)    
[15.997s][info][gc,heap     ] GC(28)      Used:     2640M (65%)        2830M (70%)         328M (8%)          344M (8%)         2838M (70%)         316M (8%)     
[15.997s][info][gc,heap     ] GC(28)      Live:         -                65M (2%)           65M (2%)           65M (2%)             -                  -          
[15.997s][info][gc,heap     ] GC(28) Allocated:         -               190M (5%)          210M (5%)          290M (7%)             -                  -          
[15.997s][info][gc,heap     ] GC(28)   Garbage:         -              2574M (63%)          52M (1%)           14M (0%)             -                  -          
[15.997s][info][gc,heap     ] GC(28) Reclaimed:         -                  -              2522M (62%)        2560M (63%)            -                  -          
[15.997s][info][gc          ] GC(28) Garbage Collection (Allocation Rate) 2640M(65%)->344M(8%)
[16.537s][info][gc,start    ] GC(29) Garbage Collection (Allocation Rate)
[16.537s][info][gc,phases   ] GC(29) Pause Mark Start 0.062ms
[16.588s][info][gc,phases   ] GC(29) Concurrent Mark 50.096ms
[16.588s][info][gc,phases   ] GC(29) Pause Mark End 0.296ms
[16.590s][info][gc,phases   ] GC(29) Concurrent Process Non-Strong References 1.443ms
[16.590s][info][gc,phases   ] GC(29) Concurrent Reset Relocation Set 0.028ms
[16.591s][info][gc,phases   ] GC(29) Concurrent Select Relocation Set 1.720ms
[16.592s][info][gc,phases   ] GC(29) Pause Relocate Start 0.093ms
[16.606s][info][gc,phases   ] GC(29) Concurrent Relocate 14.710ms
[16.606s][info][gc,load     ] GC(29) Load: 0.00/0.00/0.00
[16.606s][info][gc,mmu      ] GC(29) MMU: 2ms/78.3%, 5ms/89.5%, 10ms/94.7%, 20ms/97.4%, 50ms/98.7%, 100ms/99.4%
[16.606s][info][gc,marking  ] GC(29) Mark: 1 stripe(s), 2 proactive flush(es), 1 terminate flush(es), 1 completion(s), 0 continuation(s) 
[16.606s][info][gc,nmethod  ] GC(29) NMethods: 1467 registered, 0 unregistered
[16.606s][info][gc,metaspace] GC(29) Metaspace: 4M used, 4M capacity, 4M committed, 1032M reserved
[16.606s][info][gc,ref      ] GC(29) Soft: 261 encountered, 0 discovered, 0 enqueued
[16.606s][info][gc,ref      ] GC(29) Weak: 280 encountered, 229 discovered, 0 enqueued
[16.606s][info][gc,ref      ] GC(29) Final: 1 encountered, 0 discovered, 0 enqueued
[16.606s][info][gc,ref      ] GC(29) Phantom: 39 encountered, 30 discovered, 0 enqueued
[16.606s][info][gc,reloc    ] GC(29) Small Pages: 1436 / 2872M(100%), Empty: 2768M(96%), Compacting: 60M(2%)->26M(1%)
[16.606s][info][gc,reloc    ] GC(29) Medium Pages: 0 / 0M(0%), Empty: 0M(0%), Compacting: 0M(0%)->0M(0%)
[16.606s][info][gc,reloc    ] GC(29) Large Pages: 1 / 8M(0%), Empty: 0M(0%), Compacting: 0M(0%)->0M(0%)
[16.606s][info][gc,reloc    ] GC(29) Relocation: Successful
[16.606s][info][gc,heap     ] GC(29) Min Capacity: 42M(1%)
[16.606s][info][gc,heap     ] GC(29) Max Capacity: 4060M(100%)
[16.606s][info][gc,heap     ] GC(29) Soft Max Capacity: 4060M(100%)
[16.606s][info][gc,heap     ] GC(29)                Mark Start          Mark End        Relocate Start      Relocate End           High               Low         
[16.606s][info][gc,heap     ] GC(29)  Capacity:     3060M (75%)        3062M (75%)        3064M (75%)        3064M (75%)        3064M (75%)        3060M (75%)    
[16.606s][info][gc,heap     ] GC(29)   Reserve:       42M (1%)           42M (1%)           42M (1%)           42M (1%)           42M (1%)           42M (1%)     
[16.606s][info][gc,heap     ] GC(29)      Free:     1138M (28%)         998M (25%)        3756M (93%)        3718M (92%)        3764M (93%)         996M (25%)    
[16.606s][info][gc,heap     ] GC(29)      Used:     2880M (71%)        3020M (74%)         262M (6%)          300M (7%)         3022M (74%)         254M (6%)     
[16.606s][info][gc,heap     ] GC(29)      Live:         -                68M (2%)           68M (2%)           68M (2%)             -                  -          
[16.606s][info][gc,heap     ] GC(29) Allocated:         -               140M (3%)          150M (4%)          248M (6%)             -                  -          
[16.606s][info][gc,heap     ] GC(29)   Garbage:         -              2811M (69%)          43M (1%)           13M (0%)             -                  -          
[16.606s][info][gc,heap     ] GC(29) Reclaimed:         -                  -              2768M (68%)        2798M (69%)            -                  -          
[16.606s][info][gc          ] GC(29) Garbage Collection (Allocation Rate) 2880M(71%)->300M(7%)
[17.038s][info][gc,start    ] GC(30) Garbage Collection (Allocation Rate)
[17.038s][info][gc,phases   ] GC(30) Pause Mark Start 0.049ms
[17.105s][info][gc,phases   ] GC(30) Concurrent Mark 66.885ms
[17.106s][info][gc,phases   ] GC(30) Pause Mark End 0.324ms
[17.107s][info][gc,phases   ] GC(30) Concurrent Process Non-Strong References 1.692ms
[17.108s][info][gc,phases   ] GC(30) Concurrent Reset Relocation Set 0.043ms
[17.110s][info][gc,phases   ] GC(30) Concurrent Select Relocation Set 2.208ms
[17.110s][info][gc,phases   ] GC(30) Pause Relocate Start 0.152ms
[17.140s][info][gc,phases   ] GC(30) Concurrent Relocate 30.210ms
[17.140s][info][gc,load     ] GC(30) Load: 0.00/0.00/0.00
[17.140s][info][gc,mmu      ] GC(30) MMU: 2ms/78.3%, 5ms/89.5%, 10ms/94.7%, 20ms/97.4%, 50ms/98.7%, 100ms/99.4%
[17.140s][info][gc,marking  ] GC(30) Mark: 1 stripe(s), 2 proactive flush(es), 1 terminate flush(es), 1 completion(s), 0 continuation(s) 
[17.140s][info][gc,nmethod  ] GC(30) NMethods: 1467 registered, 0 unregistered
[17.140s][info][gc,metaspace] GC(30) Metaspace: 4M used, 4M capacity, 4M committed, 1032M reserved
[17.140s][info][gc,ref      ] GC(30) Soft: 261 encountered, 0 discovered, 0 enqueued
[17.140s][info][gc,ref      ] GC(30) Weak: 280 encountered, 229 discovered, 0 enqueued
[17.140s][info][gc,ref      ] GC(30) Final: 1 encountered, 0 discovered, 0 enqueued
[17.140s][info][gc,ref      ] GC(30) Phantom: 39 encountered, 30 discovered, 0 enqueued
[17.140s][info][gc,reloc    ] GC(30) Small Pages: 1190 / 2380M(100%), Empty: 2212M(93%), Compacting: 130M(5%)->44M(2%)
[17.140s][info][gc,reloc    ] GC(30) Medium Pages: 0 / 0M(0%), Empty: 0M(0%), Compacting: 0M(0%)->0M(0%)
[17.140s][info][gc,reloc    ] GC(30) Large Pages: 1 / 8M(0%), Empty: 0M(0%), Compacting: 0M(0%)->0M(0%)
[17.140s][info][gc,reloc    ] GC(30) Relocation: Successful
[17.140s][info][gc,heap     ] GC(30) Min Capacity: 42M(1%)
[17.140s][info][gc,heap     ] GC(30) Max Capacity: 4060M(100%)
[17.140s][info][gc,heap     ] GC(30) Soft Max Capacity: 4060M(100%)
[17.140s][info][gc,heap     ] GC(30)                Mark Start          Mark End        Relocate Start      Relocate End           High               Low         
[17.140s][info][gc,heap     ] GC(30)  Capacity:     3064M (75%)        3064M (75%)        3064M (75%)        3064M (75%)        3064M (75%)        3064M (75%)    
[17.140s][info][gc,heap     ] GC(30)   Reserve:       42M (1%)           42M (1%)           42M (1%)           42M (1%)           42M (1%)           42M (1%)     
[17.140s][info][gc,heap     ] GC(30)      Free:     1630M (40%)        1456M (36%)        3654M (90%)        3610M (89%)        3678M (91%)        1448M (36%)    
[17.141s][info][gc,heap     ] GC(30)      Used:     2388M (59%)        2562M (63%)         364M (9%)          408M (10%)        2570M (63%)         340M (8%)     
[17.141s][info][gc,heap     ] GC(30)      Live:         -                78M (2%)           78M (2%)           78M (2%)             -                  -          
[17.141s][info][gc,heap     ] GC(30) Allocated:         -               174M (4%)          188M (5%)          362M (9%)             -                  -          
[17.141s][info][gc,heap     ] GC(30)   Garbage:         -              2309M (57%)          97M (2%)           15M (0%)             -                  -          
[17.141s][info][gc,heap     ] GC(30) Reclaimed:         -                  -              2212M (54%)        2294M (57%)            -                  -          
[17.141s][info][gc          ] GC(30) Garbage Collection (Allocation Rate) 2388M(59%)->408M(10%)
[17.538s][info][gc,start    ] GC(31) Garbage Collection (Allocation Rate)
[17.538s][info][gc,phases   ] GC(31) Pause Mark Start 0.058ms
[17.583s][info][gc,phases   ] GC(31) Concurrent Mark 44.493ms
[17.583s][info][gc,phases   ] GC(31) Pause Mark End 0.321ms
[17.585s][info][gc,phases   ] GC(31) Concurrent Process Non-Strong References 2.073ms
[17.587s][info][gc,phases   ] GC(31) Concurrent Reset Relocation Set 1.199ms
[17.591s][info][gc,phases   ] GC(31) Concurrent Select Relocation Set 4.024ms
[17.591s][info][gc,phases   ] GC(31) Pause Relocate Start 0.064ms
[17.612s][info][gc,phases   ] GC(31) Concurrent Relocate 21.231ms
[17.612s][info][gc,load     ] GC(31) Load: 0.00/0.00/0.00
[17.612s][info][gc,mmu      ] GC(31) MMU: 2ms/78.3%, 5ms/89.5%, 10ms/94.7%, 20ms/97.4%, 50ms/98.7%, 100ms/99.4%
[17.612s][info][gc,marking  ] GC(31) Mark: 1 stripe(s), 2 proactive flush(es), 1 terminate flush(es), 1 completion(s), 0 continuation(s) 
[17.612s][info][gc,nmethod  ] GC(31) NMethods: 1467 registered, 0 unregistered
[17.612s][info][gc,metaspace] GC(31) Metaspace: 4M used, 4M capacity, 4M committed, 1032M reserved
[17.612s][info][gc,ref      ] GC(31) Soft: 261 encountered, 0 discovered, 0 enqueued
[17.612s][info][gc,ref      ] GC(31) Weak: 280 encountered, 229 discovered, 0 enqueued
[17.612s][info][gc,ref      ] GC(31) Final: 1 encountered, 0 discovered, 0 enqueued
[17.612s][info][gc,ref      ] GC(31) Phantom: 39 encountered, 30 discovered, 0 enqueued
[17.612s][info][gc,reloc    ] GC(31) Small Pages: 1146 / 2292M(100%), Empty: 2120M(92%), Compacting: 168M(7%)->38M(2%)
[17.612s][info][gc,reloc    ] GC(31) Medium Pages: 0 / 0M(0%), Empty: 0M(0%), Compacting: 0M(0%)->0M(0%)
[17.612s][info][gc,reloc    ] GC(31) Large Pages: 1 / 8M(0%), Empty: 0M(0%), Compacting: 0M(0%)->0M(0%)
[17.612s][info][gc,reloc    ] GC(31) Relocation: Successful
[17.612s][info][gc,heap     ] GC(31) Min Capacity: 42M(1%)
[17.612s][info][gc,heap     ] GC(31) Max Capacity: 4060M(100%)
[17.612s][info][gc,heap     ] GC(31) Soft Max Capacity: 4060M(100%)
[17.612s][info][gc,heap     ] GC(31)                Mark Start          Mark End        Relocate Start      Relocate End           High               Low         
[17.612s][info][gc,heap     ] GC(31)  Capacity:     3064M (75%)        3064M (75%)        3064M (75%)        3064M (75%)        3064M (75%)        3064M (75%)    
[17.612s][info][gc,heap     ] GC(31)   Reserve:       42M (1%)           42M (1%)           42M (1%)           42M (1%)           42M (1%)           42M (1%)     
[17.612s][info][gc,heap     ] GC(31)      Free:     1718M (42%)        1546M (38%)        3636M (90%)        3664M (90%)        3672M (90%)        1532M (38%)    
[17.612s][info][gc,heap     ] GC(31)      Used:     2300M (57%)        2472M (61%)         382M (9%)          354M (9%)         2486M (61%)         346M (9%)     
[17.612s][info][gc,heap     ] GC(31)      Live:         -                44M (1%)           44M (1%)           44M (1%)             -                  -          
[17.612s][info][gc,heap     ] GC(31) Allocated:         -               172M (4%)          202M (5%)          342M (8%)             -                  -          
[17.612s][info][gc,heap     ] GC(31)   Garbage:         -              2255M (56%)         135M (3%)            7M (0%)             -                  -          
[17.612s][info][gc,heap     ] GC(31) Reclaimed:         -                  -              2120M (52%)        2248M (55%)            -                  -          
[17.612s][info][gc          ] GC(31) Garbage Collection (Allocation Rate) 2300M(57%)->354M(9%)
[18.038s][info][gc,start    ] GC(32) Garbage Collection (Allocation Rate)
[18.038s][info][gc,phases   ] GC(32) Pause Mark Start 0.053ms
[18.083s][info][gc,phases   ] GC(32) Concurrent Mark 45.575ms
[18.084s][info][gc,phases   ] GC(32) Pause Mark End 0.266ms
[18.086s][info][gc,phases   ] GC(32) Concurrent Process Non-Strong References 1.858ms
[18.087s][info][gc,phases   ] GC(32) Concurrent Reset Relocation Set 1.007ms
[18.091s][info][gc,phases   ] GC(32) Concurrent Select Relocation Set 4.513ms
[18.092s][info][gc,phases   ] GC(32) Pause Relocate Start 0.081ms
[18.118s][info][gc,phases   ] GC(32) Concurrent Relocate 26.179ms
[18.118s][info][gc,load     ] GC(32) Load: 0.00/0.00/0.00
[18.118s][info][gc,mmu      ] GC(32) MMU: 2ms/78.3%, 5ms/89.5%, 10ms/94.7%, 20ms/97.4%, 50ms/98.7%, 100ms/99.4%
[18.118s][info][gc,marking  ] GC(32) Mark: 1 stripe(s), 2 proactive flush(es), 1 terminate flush(es), 1 completion(s), 0 continuation(s) 
[18.118s][info][gc,nmethod  ] GC(32) NMethods: 1467 registered, 0 unregistered
[18.118s][info][gc,metaspace] GC(32) Metaspace: 4M used, 4M capacity, 4M committed, 1032M reserved
[18.118s][info][gc,ref      ] GC(32) Soft: 261 encountered, 0 discovered, 0 enqueued
[18.118s][info][gc,ref      ] GC(32) Weak: 280 encountered, 229 discovered, 0 enqueued
[18.118s][info][gc,ref      ] GC(32) Final: 1 encountered, 0 discovered, 0 enqueued
[18.118s][info][gc,ref      ] GC(32) Phantom: 39 encountered, 30 discovered, 0 enqueued
[18.118s][info][gc,reloc    ] GC(32) Small Pages: 1177 / 2354M(100%), Empty: 2220M(94%), Compacting: 118M(5%)->40M(2%)
[18.118s][info][gc,reloc    ] GC(32) Medium Pages: 0 / 0M(0%), Empty: 0M(0%), Compacting: 0M(0%)->0M(0%)
[18.118s][info][gc,reloc    ] GC(32) Large Pages: 1 / 8M(0%), Empty: 0M(0%), Compacting: 0M(0%)->0M(0%)
[18.118s][info][gc,reloc    ] GC(32) Relocation: Successful
[18.118s][info][gc,heap     ] GC(32) Min Capacity: 42M(1%)
[18.118s][info][gc,heap     ] GC(32) Max Capacity: 4060M(100%)
[18.118s][info][gc,heap     ] GC(32) Soft Max Capacity: 4060M(100%)
[18.118s][info][gc,heap     ] GC(32)                Mark Start          Mark End        Relocate Start      Relocate End           High               Low         
[18.118s][info][gc,heap     ] GC(32)  Capacity:     3064M (75%)        3064M (75%)        3064M (75%)        3064M (75%)        3064M (75%)        3064M (75%)    
[18.118s][info][gc,heap     ] GC(32)   Reserve:       42M (1%)           42M (1%)           42M (1%)           42M (1%)           42M (1%)           42M (1%)     
[18.118s][info][gc,heap     ] GC(32)      Free:     1656M (41%)        1478M (36%)        3670M (90%)        3640M (90%)        3686M (91%)        1468M (36%)    
[18.118s][info][gc,heap     ] GC(32)      Used:     2362M (58%)        2540M (63%)         348M (9%)          378M (9%)         2550M (63%)         332M (8%)     
[18.118s][info][gc,heap     ] GC(32)      Live:         -                56M (1%)           56M (1%)           56M (1%)             -                  -          
[18.118s][info][gc,heap     ] GC(32) Allocated:         -               178M (4%)          206M (5%)          354M (9%)             -                  -          
[18.118s][info][gc,heap     ] GC(32)   Garbage:         -              2305M (57%)          85M (2%)           13M (0%)             -                  -          
[18.118s][info][gc,heap     ] GC(32) Reclaimed:         -                  -              2220M (55%)        2292M (56%)            -                  -          
[18.118s][info][gc          ] GC(32) Garbage Collection (Allocation Rate) 2362M(58%)->378M(9%)
[18.538s][info][gc,start    ] GC(33) Garbage Collection (Allocation Rate)
[18.539s][info][gc,phases   ] GC(33) Pause Mark Start 0.064ms
[18.580s][info][gc,phases   ] GC(33) Concurrent Mark 41.219ms
[18.580s][info][gc,phases   ] GC(33) Pause Mark End 0.356ms
[18.582s][info][gc,phases   ] GC(33) Concurrent Process Non-Strong References 1.724ms
[18.583s][info][gc,phases   ] GC(33) Concurrent Reset Relocation Set 1.013ms
[18.586s][info][gc,phases   ] GC(33) Concurrent Select Relocation Set 2.721ms
[18.586s][info][gc,phases   ] GC(33) Pause Relocate Start 0.061ms
[18.590s][info][gc,phases   ] GC(33) Concurrent Relocate 3.692ms
[18.590s][info][gc,load     ] GC(33) Load: 0.00/0.00/0.00
[18.590s][info][gc,mmu      ] GC(33) MMU: 2ms/78.3%, 5ms/89.5%, 10ms/94.7%, 20ms/97.4%, 50ms/98.7%, 100ms/99.4%
[18.590s][info][gc,marking  ] GC(33) Mark: 1 stripe(s), 2 proactive flush(es), 1 terminate flush(es), 1 completion(s), 0 continuation(s) 
[18.590s][info][gc,nmethod  ] GC(33) NMethods: 1467 registered, 0 unregistered
[18.590s][info][gc,metaspace] GC(33) Metaspace: 4M used, 4M capacity, 4M committed, 1032M reserved
[18.590s][info][gc,ref      ] GC(33) Soft: 261 encountered, 0 discovered, 0 enqueued
[18.590s][info][gc,ref      ] GC(33) Weak: 280 encountered, 229 discovered, 0 enqueued
[18.590s][info][gc,ref      ] GC(33) Final: 1 encountered, 0 discovered, 0 enqueued
[18.590s][info][gc,ref      ] GC(33) Phantom: 39 encountered, 30 discovered, 0 enqueued
[18.590s][info][gc,reloc    ] GC(33) Small Pages: 1180 / 2360M(100%), Empty: 2274M(96%), Compacting: 24M(1%)->4M(0%)
[18.590s][info][gc,reloc    ] GC(33) Medium Pages: 0 / 0M(0%), Empty: 0M(0%), Compacting: 0M(0%)->0M(0%)
[18.590s][info][gc,reloc    ] GC(33) Large Pages: 1 / 8M(0%), Empty: 0M(0%), Compacting: 0M(0%)->0M(0%)
[18.590s][info][gc,reloc    ] GC(33) Relocation: Successful
[18.590s][info][gc,heap     ] GC(33) Min Capacity: 42M(1%)
[18.590s][info][gc,heap     ] GC(33) Max Capacity: 4060M(100%)
[18.590s][info][gc,heap     ] GC(33) Soft Max Capacity: 4060M(100%)
[18.590s][info][gc,heap     ] GC(33)                Mark Start          Mark End        Relocate Start      Relocate End           High               Low         
[18.590s][info][gc,heap     ] GC(33)  Capacity:     3064M (75%)        3064M (75%)        3064M (75%)        3064M (75%)        3064M (75%)        3064M (75%)    
[18.590s][info][gc,heap     ] GC(33)   Reserve:       42M (1%)           42M (1%)           42M (1%)           42M (1%)           42M (1%)           42M (1%)     
[18.590s][info][gc,heap     ] GC(33)      Free:     1650M (41%)        1460M (36%)        3714M (91%)        3714M (91%)        3724M (92%)        1450M (36%)    
[18.590s][info][gc,heap     ] GC(33)      Used:     2368M (58%)        2558M (63%)         304M (7%)          304M (7%)         2568M (63%)         294M (7%)     
[18.590s][info][gc,heap     ] GC(33)      Live:         -                64M (2%)           64M (2%)           64M (2%)             -                  -          
[18.590s][info][gc,heap     ] GC(33) Allocated:         -               190M (5%)          210M (5%)          234M (6%)             -                  -          
[18.590s][info][gc,heap     ] GC(33)   Garbage:         -              2303M (57%)          29M (1%)           19M (0%)             -                  -          
[18.590s][info][gc,heap     ] GC(33) Reclaimed:         -                  -              2274M (56%)        2284M (56%)            -                  -          
[18.590s][info][gc          ] GC(33) Garbage Collection (Allocation Rate) 2368M(58%)->304M(7%)
[19.038s][info][gc,start    ] GC(34) Garbage Collection (Allocation Rate)
[19.038s][info][gc,phases   ] GC(34) Pause Mark Start 0.065ms
[19.079s][info][gc,phases   ] GC(34) Concurrent Mark 40.846ms
[19.080s][info][gc,phases   ] GC(34) Pause Mark End 0.328ms
[19.081s][info][gc,phases   ] GC(34) Concurrent Process Non-Strong References 1.603ms
[19.081s][info][gc,phases   ] GC(34) Concurrent Reset Relocation Set 0.023ms
[19.083s][info][gc,phases   ] GC(34) Concurrent Select Relocation Set 2.027ms
[19.084s][info][gc,phases   ] GC(34) Pause Relocate Start 0.058ms
[19.089s][info][gc,phases   ] GC(34) Concurrent Relocate 4.947ms
[19.089s][info][gc,load     ] GC(34) Load: 0.00/0.00/0.00
[19.089s][info][gc,mmu      ] GC(34) MMU: 2ms/78.3%, 5ms/89.5%, 10ms/94.7%, 20ms/97.4%, 50ms/98.7%, 100ms/99.4%
[19.089s][info][gc,marking  ] GC(34) Mark: 1 stripe(s), 2 proactive flush(es), 1 terminate flush(es), 1 completion(s), 0 continuation(s) 
[19.089s][info][gc,nmethod  ] GC(34) NMethods: 1467 registered, 0 unregistered
[19.089s][info][gc,metaspace] GC(34) Metaspace: 4M used, 4M capacity, 4M committed, 1032M reserved
[19.089s][info][gc,ref      ] GC(34) Soft: 261 encountered, 0 discovered, 0 enqueued
[19.089s][info][gc,ref      ] GC(34) Weak: 280 encountered, 229 discovered, 0 enqueued
[19.089s][info][gc,ref      ] GC(34) Final: 1 encountered, 0 discovered, 0 enqueued
[19.089s][info][gc,ref      ] GC(34) Phantom: 39 encountered, 30 discovered, 0 enqueued
[19.089s][info][gc,reloc    ] GC(34) Small Pages: 1222 / 2444M(100%), Empty: 2356M(96%), Compacting: 32M(1%)->8M(0%)
[19.089s][info][gc,reloc    ] GC(34) Medium Pages: 0 / 0M(0%), Empty: 0M(0%), Compacting: 0M(0%)->0M(0%)
[19.089s][info][gc,reloc    ] GC(34) Large Pages: 1 / 8M(0%), Empty: 0M(0%), Compacting: 0M(0%)->0M(0%)
[19.089s][info][gc,reloc    ] GC(34) Relocation: Successful
[19.089s][info][gc,heap     ] GC(34) Min Capacity: 42M(1%)
[19.089s][info][gc,heap     ] GC(34) Max Capacity: 4060M(100%)
[19.089s][info][gc,heap     ] GC(34) Soft Max Capacity: 4060M(100%)
[19.089s][info][gc,heap     ] GC(34)                Mark Start          Mark End        Relocate Start      Relocate End           High               Low         
[19.089s][info][gc,heap     ] GC(34)  Capacity:     3064M (75%)        3064M (75%)        3064M (75%)        3064M (75%)        3064M (75%)        3064M (75%)    
[19.089s][info][gc,heap     ] GC(34)   Reserve:       42M (1%)           42M (1%)           42M (1%)           42M (1%)           42M (1%)           42M (1%)     
[19.089s][info][gc,heap     ] GC(34)      Free:     1566M (39%)        1370M (34%)        3710M (91%)        3710M (91%)        3720M (92%)        1364M (34%)    
[19.089s][info][gc,heap     ] GC(34)      Used:     2452M (60%)        2648M (65%)         308M (8%)          308M (8%)         2654M (65%)         298M (7%)     
[19.089s][info][gc,heap     ] GC(34)      Live:         -                62M (2%)           62M (2%)           62M (2%)             -                  -          
[19.089s][info][gc,heap     ] GC(34) Allocated:         -               196M (5%)          212M (5%)          244M (6%)             -                  -          
[19.089s][info][gc,heap     ] GC(34)   Garbage:         -              2389M (59%)          33M (1%)           11M (0%)             -                  -          
[19.089s][info][gc,heap     ] GC(34) Reclaimed:         -                  -              2356M (58%)        2378M (59%)            -                  -          
[19.089s][info][gc          ] GC(34) Garbage Collection (Allocation Rate) 2452M(60%)->308M(8%)
[19.638s][info][gc,start    ] GC(35) Garbage Collection (Allocation Rate)
[19.638s][info][gc,phases   ] GC(35) Pause Mark Start 0.092ms
[19.680s][info][gc,phases   ] GC(35) Concurrent Mark 41.469ms
[19.680s][info][gc,phases   ] GC(35) Pause Mark End 0.286ms
[19.682s][info][gc,phases   ] GC(35) Concurrent Process Non-Strong References 1.482ms
[19.682s][info][gc,phases   ] GC(35) Concurrent Reset Relocation Set 0.022ms
[19.683s][info][gc,phases   ] GC(35) Concurrent Select Relocation Set 1.379ms
[19.684s][info][gc,phases   ] GC(35) Pause Relocate Start 0.060ms
[19.684s][info][gc,phases   ] GC(35) Concurrent Relocate 0.613ms
[19.684s][info][gc,load     ] GC(35) Load: 0.00/0.00/0.00
[19.684s][info][gc,mmu      ] GC(35) MMU: 2ms/78.3%, 5ms/89.5%, 10ms/94.7%, 20ms/97.4%, 50ms/98.7%, 100ms/99.4%
[19.684s][info][gc,marking  ] GC(35) Mark: 1 stripe(s), 2 proactive flush(es), 1 terminate flush(es), 1 completion(s), 0 continuation(s) 
[19.684s][info][gc,nmethod  ] GC(35) NMethods: 1467 registered, 0 unregistered
[19.684s][info][gc,metaspace] GC(35) Metaspace: 4M used, 4M capacity, 4M committed, 1032M reserved
[19.684s][info][gc,ref      ] GC(35) Soft: 261 encountered, 0 discovered, 0 enqueued
[19.684s][info][gc,ref      ] GC(35) Weak: 280 encountered, 229 discovered, 0 enqueued
[19.684s][info][gc,ref      ] GC(35) Final: 1 encountered, 0 discovered, 0 enqueued
[19.684s][info][gc,ref      ] GC(35) Phantom: 39 encountered, 30 discovered, 0 enqueued
[19.684s][info][gc,reloc    ] GC(35) Small Pages: 1381 / 2762M(100%), Empty: 2678M(97%), Compacting: 8M(0%)->2M(0%)
[19.684s][info][gc,reloc    ] GC(35) Medium Pages: 0 / 0M(0%), Empty: 0M(0%), Compacting: 0M(0%)->0M(0%)
[19.684s][info][gc,reloc    ] GC(35) Large Pages: 1 / 8M(0%), Empty: 0M(0%), Compacting: 0M(0%)->0M(0%)
[19.684s][info][gc,reloc    ] GC(35) Relocation: Successful
[19.684s][info][gc,heap     ] GC(35) Min Capacity: 42M(1%)
[19.684s][info][gc,heap     ] GC(35) Max Capacity: 4060M(100%)
[19.684s][info][gc,heap     ] GC(35) Soft Max Capacity: 4060M(100%)
[19.684s][info][gc,heap     ] GC(35)                Mark Start          Mark End        Relocate Start      Relocate End           High               Low         
[19.684s][info][gc,heap     ] GC(35)  Capacity:     3064M (75%)        3064M (75%)        3064M (75%)        3064M (75%)        3064M (75%)        3064M (75%)    
[19.684s][info][gc,heap     ] GC(35)   Reserve:       42M (1%)           42M (1%)           42M (1%)           42M (1%)           42M (1%)           42M (1%)     
[19.684s][info][gc,heap     ] GC(35)      Free:     1248M (31%)        1106M (27%)        3774M (93%)        3776M (93%)        3780M (93%)        1102M (27%)    
[19.684s][info][gc,heap     ] GC(35)      Used:     2770M (68%)        2912M (72%)         244M (6%)          242M (6%)         2916M (72%)         238M (6%)     
[19.684s][info][gc,heap     ] GC(35)      Live:         -                74M (2%)           74M (2%)           74M (2%)             -                  -          
[19.684s][info][gc,heap     ] GC(35) Allocated:         -               142M (3%)          152M (4%)          158M (4%)             -                  -          
[19.684s][info][gc,heap     ] GC(35)   Garbage:         -              2695M (66%)          17M (0%)           13M (0%)             -                  -          
[19.684s][info][gc,heap     ] GC(35) Reclaimed:         -                  -              2678M (66%)        2682M (66%)            -                  -          
[19.684s][info][gc          ] GC(35) Garbage Collection (Allocation Rate) 2770M(68%)->242M(6%)
[20.039s][info][gc,stats    ] === Garbage Collection Statistics =======================================================================================================================
[20.039s][info][gc,stats    ]                                                              Last 10s              Last 10m              Last 10h                Total
[20.039s][info][gc,stats    ]                                                              Avg / Max             Avg / Max             Avg / Max             Avg / Max
[20.039s][info][gc,stats    ]   Collector: Garbage Collection Cycle                     68.498 / 102.144      72.817 / 153.808      72.817 / 153.808      72.817 / 153.808     ms
[20.039s][info][gc,stats    ]  Contention: Mark Segment Reset Contention                     0 / 0                 0 / 0                 0 / 0                 0 / 0           ops/s
[20.039s][info][gc,stats    ]  Contention: Mark SeqNum Reset Contention                      0 / 0                 0 / 0                 0 / 0                 0 / 0           ops/s
[20.039s][info][gc,stats    ]  Contention: Relocation Contention                             0 / 2                 0 / 2                 0 / 2                 0 / 2           ops/s
[20.039s][info][gc,stats    ]    Critical: Allocation Stall                              0.000 / 0.000         0.000 / 0.000         0.000 / 0.000         0.000 / 0.000       ms
[20.039s][info][gc,stats    ]    Critical: Allocation Stall                                  0 / 0                 0 / 0                 0 / 0                 0 / 0           ops/s
[20.039s][info][gc,stats    ]    Critical: GC Locker Stall                               0.000 / 0.000         0.000 / 0.000         0.000 / 0.000         0.000 / 0.000       ms
[20.039s][info][gc,stats    ]    Critical: GC Locker Stall                                   0 / 0                 0 / 0                 0 / 0                 0 / 0           ops/s
[20.039s][info][gc,stats    ]      Memory: Allocation Rate                                4601 / 4716           4194 / 4716           4194 / 4716           4194 / 4716        MB/s
[20.039s][info][gc,stats    ]      Memory: Heap Used After Mark                           2674 / 3020           2525 / 3020           2525 / 3020           2525 / 3020        MB
[20.039s][info][gc,stats    ]      Memory: Heap Used After Relocation                      350 / 408             336 / 434             336 / 434             336 / 434         MB
[20.039s][info][gc,stats    ]      Memory: Heap Used Before Mark                          2497 / 2880           2354 / 2880           2354 / 2880           2354 / 2880        MB
[20.039s][info][gc,stats    ]      Memory: Heap Used Before Relocation                     332 / 382             320 / 382             320 / 382             320 / 382         MB
[20.039s][info][gc,stats    ]      Memory: Out Of Memory                                     0 / 0                 0 / 0                 0 / 0                 0 / 0           ops/s
[20.039s][info][gc,stats    ]      Memory: Page Cache Flush                                  0 / 0                 0 / 0                 0 / 0                 0 / 0           MB/s
[20.039s][info][gc,stats    ]      Memory: Page Cache Hit L1                              2330 / 2391           2038 / 2391           2038 / 2391           2038 / 2391        ops/s
[20.039s][info][gc,stats    ]      Memory: Page Cache Hit L2                                 0 / 0                 0 / 0                 0 / 0                 0 / 0           ops/s
[20.039s][info][gc,stats    ]      Memory: Page Cache Hit L3                                 0 / 0                 5 / 103               5 / 103               5 / 103         ops/s
[20.039s][info][gc,stats    ]      Memory: Page Cache Miss                                   0 / 0                 0 / 0                 0 / 0                 0 / 0           ops/s
[20.039s][info][gc,stats    ]      Memory: Uncommit                                          0 / 0                 0 / 0                 0 / 0                 0 / 0           MB/s
[20.039s][info][gc,stats    ]      Memory: Undo Object Allocation Failed                     0 / 0                 0 / 0                 0 / 0                 0 / 0           ops/s
[20.039s][info][gc,stats    ]      Memory: Undo Object Allocation Succeeded                  0 / 2                 0 / 2                 0 / 2                 0 / 2           ops/s
[20.039s][info][gc,stats    ]      Memory: Undo Page Allocation                              0 / 0                 0 / 0                 0 / 0                 0 / 0           ops/s
[20.039s][info][gc,stats    ]       Phase: Concurrent Mark                              43.335 / 66.885       51.908 / 106.230      51.908 / 106.230      51.908 / 106.230     ms
[20.039s][info][gc,stats    ]       Phase: Concurrent Mark Continue                      0.000 / 0.000         0.000 / 0.000         0.000 / 0.000         0.000 / 0.000       ms
[20.039s][info][gc,stats    ]       Phase: Concurrent Process Non-Strong References      1.737 / 2.073         1.729 / 2.079         1.729 / 2.079         1.729 / 2.079       ms
[20.039s][info][gc,stats    ]       Phase: Concurrent Relocate                          18.236 / 30.210       14.531 / 37.378       14.531 / 37.378       14.531 / 37.378      ms
[20.039s][info][gc,stats    ]       Phase: Concurrent Reset Relocation Set               0.544 / 1.199         0.364 / 1.503         0.364 / 1.503         0.364 / 1.503       ms
[20.039s][info][gc,stats    ]       Phase: Concurrent Select Relocation Set              3.439 / 5.268         3.072 / 7.978         3.072 / 7.978         3.072 / 7.978       ms
[20.039s][info][gc,stats    ]       Phase: Pause Mark End                                0.329 / 0.434         0.321 / 0.434         0.321 / 0.434         0.321 / 0.434       ms
[20.039s][info][gc,stats    ]       Phase: Pause Mark Start                              0.072 / 0.111         0.078 / 0.289         0.078 / 0.289         0.078 / 0.289       ms
[20.039s][info][gc,stats    ]       Phase: Pause Relocate Start                          0.075 / 0.152         0.073 / 0.152         0.073 / 0.152         0.073 / 0.152       ms
[20.039s][info][gc,stats    ]    Subphase: Concurrent Classes Purge                      0.076 / 0.115         0.079 / 0.116         0.079 / 0.116         0.079 / 0.116       ms
[20.039s][info][gc,stats    ]    Subphase: Concurrent Classes Unlink                     1.210 / 1.426         1.205 / 1.594         1.205 / 1.594         1.205 / 1.594       ms
[20.039s][info][gc,stats    ]    Subphase: Concurrent Mark                              43.154 / 66.637       51.730 / 106.127      51.730 / 106.127      51.730 / 106.127     ms
[20.039s][info][gc,stats    ]    Subphase: Concurrent Mark Idle                          0.000 / 0.000         0.000 / 0.000         0.000 / 0.000         0.000 / 0.000       ms
[20.039s][info][gc,stats    ]    Subphase: Concurrent Mark Try Flush                     0.068 / 0.106         0.064 / 0.160         0.064 / 0.160         0.064 / 0.160       ms
[20.039s][info][gc,stats    ]    Subphase: Concurrent Mark Try Terminate                 0.031 / 0.107         0.029 / 0.107         0.029 / 0.107         0.029 / 0.107       ms
[20.039s][info][gc,stats    ]    Subphase: Concurrent References Enqueue                 0.000 / 0.001         0.000 / 0.002         0.000 / 0.002         0.000 / 0.002       ms
[20.039s][info][gc,stats    ]    Subphase: Concurrent References Process                 0.054 / 0.097         0.056 / 0.099         0.056 / 0.099         0.056 / 0.099       ms
[20.039s][info][gc,stats    ]    Subphase: Concurrent Roots                              0.095 / 0.151         0.093 / 0.196         0.093 / 0.196         0.093 / 0.196       ms
[20.039s][info][gc,stats    ]    Subphase: Concurrent Roots ClassLoaderDataGraph         0.087 / 0.137         0.085 / 0.184         0.085 / 0.184         0.085 / 0.184       ms
[20.039s][info][gc,stats    ]    Subphase: Concurrent Roots JNIHandles                   0.004 / 0.008         0.004 / 0.009         0.004 / 0.009         0.004 / 0.009       ms
[20.039s][info][gc,stats    ]    Subphase: Concurrent Roots Setup                        0.003 / 0.008         0.003 / 0.008         0.003 / 0.008         0.003 / 0.008       ms
[20.039s][info][gc,stats    ]    Subphase: Concurrent Roots Teardown                     0.000 / 0.000         0.000 / 0.000         0.000 / 0.000         0.000 / 0.000       ms
[20.039s][info][gc,stats    ]    Subphase: Concurrent Roots VMHandles                    0.003 / 0.005         0.003 / 0.007         0.003 / 0.007         0.003 / 0.007       ms
[20.039s][info][gc,stats    ]    Subphase: Concurrent Weak Roots                         0.303 / 0.433         0.285 / 0.433         0.285 / 0.433         0.285 / 0.433       ms
[20.039s][info][gc,stats    ]    Subphase: Concurrent Weak Roots JNIWeakHandles          0.000 / 0.001         0.000 / 0.001         0.000 / 0.001         0.000 / 0.001       ms
[20.039s][info][gc,stats    ]    Subphase: Concurrent Weak Roots ResolvedMethodTable     0.009 / 0.013         0.009 / 0.017         0.009 / 0.017         0.009 / 0.017       ms
[20.039s][info][gc,stats    ]    Subphase: Concurrent Weak Roots StringTable             0.290 / 0.416         0.272 / 0.416         0.272 / 0.416         0.272 / 0.416       ms
[20.039s][info][gc,stats    ]    Subphase: Concurrent Weak Roots VMWeakHandles           0.003 / 0.004         0.003 / 0.005         0.003 / 0.005         0.003 / 0.005       ms
[20.039s][info][gc,stats    ]    Subphase: Pause Mark Try Complete                       0.218 / 0.252         0.209 / 0.348         0.209 / 0.348         0.209 / 0.348       ms
[20.039s][info][gc,stats    ]    Subphase: Pause Roots                                   0.014 / 0.072         0.015 / 0.246         0.015 / 0.246         0.015 / 0.246       ms
[20.039s][info][gc,stats    ]    Subphase: Pause Roots CodeCache                         0.000 / 0.000         0.000 / 0.000         0.000 / 0.000         0.000 / 0.000       ms
[20.039s][info][gc,stats    ]    Subphase: Pause Roots JVMTIExport                       0.001 / 0.002         0.001 / 0.002         0.001 / 0.002         0.001 / 0.002       ms
[20.039s][info][gc,stats    ]    Subphase: Pause Roots JVMTIWeakExport                   0.001 / 0.001         0.001 / 0.001         0.001 / 0.001         0.001 / 0.001       ms
[20.039s][info][gc,stats    ]    Subphase: Pause Roots Java Threads                      0.018 / 0.067         0.020 / 0.246         0.020 / 0.246         0.020 / 0.246       ms
[20.039s][info][gc,stats    ]    Subphase: Pause Roots Management                        0.001 / 0.002         0.001 / 0.002         0.001 / 0.002         0.001 / 0.002       ms
[20.039s][info][gc,stats    ]    Subphase: Pause Roots ObjectSynchronizer                0.000 / 0.001         0.001 / 0.022         0.001 / 0.022         0.001 / 0.022       ms
[20.039s][info][gc,stats    ]    Subphase: Pause Roots Setup                             0.000 / 0.001         0.000 / 0.001         0.000 / 0.001         0.000 / 0.001       ms
[20.039s][info][gc,stats    ]    Subphase: Pause Roots Teardown                          0.001 / 0.001         0.000 / 0.001         0.000 / 0.001         0.000 / 0.001       ms
[20.039s][info][gc,stats    ]    Subphase: Pause Roots Universe                          0.001 / 0.003         0.002 / 0.015         0.002 / 0.015         0.002 / 0.015       ms
[20.039s][info][gc,stats    ]    Subphase: Pause Roots VM Thread                         0.001 / 0.002         0.001 / 0.002         0.001 / 0.002         0.001 / 0.002       ms
[20.039s][info][gc,stats    ]    Subphase: Pause Weak Roots                              0.003 / 0.016         0.003 / 0.018         0.003 / 0.018         0.003 / 0.018       ms
[20.039s][info][gc,stats    ]    Subphase: Pause Weak Roots JFRWeak                      0.012 / 0.016         0.012 / 0.017         0.012 / 0.017         0.012 / 0.017       ms
[20.039s][info][gc,stats    ]    Subphase: Pause Weak Roots JVMTIWeakExport              0.001 / 0.001         0.001 / 0.001         0.001 / 0.001         0.001 / 0.001       ms
[20.039s][info][gc,stats    ]    Subphase: Pause Weak Roots Setup                        0.000 / 0.000         0.000 / 0.000         0.000 / 0.000         0.000 / 0.000       ms
[20.039s][info][gc,stats    ]    Subphase: Pause Weak Roots Teardown                     0.000 / 0.000         0.000 / 0.000         0.000 / 0.000         0.000 / 0.000       ms
[20.039s][info][gc,stats    ]      System: Java Threads                                     14 / 14               14 / 15               14 / 15               14 / 15          threads
[20.039s][info][gc,stats    ] =========================================================================================================================================================
[20.238s][info][gc,start    ] GC(36) Garbage Collection (Allocation Rate)
[20.239s][info][gc,phases   ] GC(36) Pause Mark Start 0.083ms
[20.303s][info][gc,phases   ] GC(36) Concurrent Mark 64.048ms
[20.303s][info][gc,phases   ] GC(36) Pause Mark End 0.263ms
[20.306s][info][gc,phases   ] GC(36) Concurrent Process Non-Strong References 3.036ms
[20.306s][info][gc,phases   ] GC(36) Concurrent Reset Relocation Set 0.019ms
[20.310s][info][gc,phases   ] GC(36) Concurrent Select Relocation Set 4.019ms
[20.311s][info][gc,phases   ] GC(36) Pause Relocate Start 0.060ms
[20.342s][info][gc,phases   ] GC(36) Concurrent Relocate 31.012ms
[20.342s][info][gc,load     ] GC(36) Load: 0.00/0.00/0.00
[20.342s][info][gc,mmu      ] GC(36) MMU: 2ms/78.3%, 5ms/89.5%, 10ms/94.7%, 20ms/97.4%, 50ms/98.7%, 100ms/99.4%
[20.342s][info][gc,marking  ] GC(36) Mark: 1 stripe(s), 2 proactive flush(es), 1 terminate flush(es), 1 completion(s), 0 continuation(s) 
[20.342s][info][gc,nmethod  ] GC(36) NMethods: 1467 registered, 0 unregistered
[20.342s][info][gc,metaspace] GC(36) Metaspace: 4M used, 4M capacity, 4M committed, 1032M reserved
[20.342s][info][gc,ref      ] GC(36) Soft: 261 encountered, 0 discovered, 0 enqueued
[20.342s][info][gc,ref      ] GC(36) Weak: 280 encountered, 229 discovered, 0 enqueued
[20.342s][info][gc,ref      ] GC(36) Final: 1 encountered, 0 discovered, 0 enqueued
[20.342s][info][gc,ref      ] GC(36) Phantom: 39 encountered, 30 discovered, 0 enqueued
[20.342s][info][gc,reloc    ] GC(36) Small Pages: 1323 / 2646M(100%), Empty: 2520M(95%), Compacting: 66M(2%)->28M(1%)
[20.342s][info][gc,reloc    ] GC(36) Medium Pages: 0 / 0M(0%), Empty: 0M(0%), Compacting: 0M(0%)->0M(0%)
[20.342s][info][gc,reloc    ] GC(36) Large Pages: 1 / 8M(0%), Empty: 0M(0%), Compacting: 0M(0%)->0M(0%)
[20.342s][info][gc,reloc    ] GC(36) Relocation: Successful
[20.342s][info][gc,heap     ] GC(36) Min Capacity: 42M(1%)
[20.342s][info][gc,heap     ] GC(36) Max Capacity: 4060M(100%)
[20.342s][info][gc,heap     ] GC(36) Soft Max Capacity: 4060M(100%)
[20.342s][info][gc,heap     ] GC(36)                Mark Start          Mark End        Relocate Start      Relocate End           High               Low         
[20.342s][info][gc,heap     ] GC(36)  Capacity:     3064M (75%)        3064M (75%)        3064M (75%)        3064M (75%)        3064M (75%)        3064M (75%)    
[20.342s][info][gc,heap     ] GC(36)   Reserve:       42M (1%)           42M (1%)           42M (1%)           42M (1%)           42M (1%)           42M (1%)     
[20.342s][info][gc,heap     ] GC(36)      Free:     1364M (34%)        1186M (29%)        3686M (91%)        3618M (89%)        3698M (91%)        1178M (29%)    
[20.342s][info][gc,heap     ] GC(36)      Used:     2654M (65%)        2832M (70%)         332M (8%)          400M (10%)        2840M (70%)         320M (8%)     
[20.342s][info][gc,heap     ] GC(36)      Live:         -                83M (2%)           83M (2%)           83M (2%)             -                  -          
[20.342s][info][gc,heap     ] GC(36) Allocated:         -               178M (4%)          198M (5%)          332M (8%)             -                  -          
[20.342s][info][gc,heap     ] GC(36)   Garbage:         -              2570M (63%)          50M (1%)           20M (1%)             -                  -          
[20.342s][info][gc,heap     ] GC(36) Reclaimed:         -                  -              2520M (62%)        2550M (63%)            -                  -          
[20.342s][info][gc          ] GC(36) Garbage Collection (Allocation Rate) 2654M(65%)->400M(10%)
[20.838s][info][gc,start    ] GC(37) Garbage Collection (Allocation Rate)
[20.838s][info][gc,phases   ] GC(37) Pause Mark Start 0.110ms
[20.887s][info][gc,phases   ] GC(37) Concurrent Mark 48.108ms
[20.887s][info][gc,phases   ] GC(37) Pause Mark End 0.403ms
[20.889s][info][gc,phases   ] GC(37) Concurrent Process Non-Strong References 2.112ms
[20.890s][info][gc,phases   ] GC(37) Concurrent Reset Relocation Set 1.054ms
[20.894s][info][gc,phases   ] GC(37) Concurrent Select Relocation Set 3.917ms
[20.895s][info][gc,phases   ] GC(37) Pause Relocate Start 0.063ms
[20.914s][info][gc,phases   ] GC(37) Concurrent Relocate 19.268ms
[20.914s][info][gc,load     ] GC(37) Load: 0.00/0.00/0.00
[20.914s][info][gc,mmu      ] GC(37) MMU: 2ms/78.3%, 5ms/89.5%, 10ms/94.7%, 20ms/97.4%, 50ms/98.7%, 100ms/99.4%
[20.914s][info][gc,marking  ] GC(37) Mark: 1 stripe(s), 2 proactive flush(es), 1 terminate flush(es), 1 completion(s), 0 continuation(s) 
[20.914s][info][gc,nmethod  ] GC(37) NMethods: 1467 registered, 0 unregistered
[20.914s][info][gc,metaspace] GC(37) Metaspace: 4M used, 4M capacity, 4M committed, 1032M reserved
[20.914s][info][gc,ref      ] GC(37) Soft: 261 encountered, 0 discovered, 0 enqueued
[20.914s][info][gc,ref      ] GC(37) Weak: 280 encountered, 229 discovered, 0 enqueued
[20.914s][info][gc,ref      ] GC(37) Final: 1 encountered, 0 discovered, 0 enqueued
[20.914s][info][gc,ref      ] GC(37) Phantom: 39 encountered, 30 discovered, 0 enqueued
[20.914s][info][gc,reloc    ] GC(37) Small Pages: 1143 / 2286M(100%), Empty: 2152M(94%), Compacting: 114M(5%)->26M(1%)
[20.914s][info][gc,reloc    ] GC(37) Medium Pages: 0 / 0M(0%), Empty: 0M(0%), Compacting: 0M(0%)->0M(0%)
[20.914s][info][gc,reloc    ] GC(37) Large Pages: 1 / 8M(0%), Empty: 0M(0%), Compacting: 0M(0%)->0M(0%)
[20.914s][info][gc,reloc    ] GC(37) Relocation: Successful
[20.914s][info][gc,heap     ] GC(37) Min Capacity: 42M(1%)
[20.914s][info][gc,heap     ] GC(37) Max Capacity: 4060M(100%)
[20.914s][info][gc,heap     ] GC(37) Soft Max Capacity: 4060M(100%)
[20.914s][info][gc,heap     ] GC(37)                Mark Start          Mark End        Relocate Start      Relocate End           High               Low         
[20.914s][info][gc,heap     ] GC(37)  Capacity:     3064M (75%)        3064M (75%)        3064M (75%)        3064M (75%)        3064M (75%)        3064M (75%)    
[20.914s][info][gc,heap     ] GC(37)   Reserve:       42M (1%)           42M (1%)           42M (1%)           42M (1%)           42M (1%)           42M (1%)     
[20.914s][info][gc,heap     ] GC(37)      Free:     1724M (42%)        1538M (38%)        3660M (90%)        3670M (90%)        3678M (91%)        1526M (38%)    
[20.914s][info][gc,heap     ] GC(37)      Used:     2294M (57%)        2480M (61%)         358M (9%)          348M (9%)         2492M (61%)         340M (8%)     
[20.914s][info][gc,heap     ] GC(37)      Live:         -                46M (1%)           46M (1%)           46M (1%)             -                  -          
[20.914s][info][gc,heap     ] GC(37) Allocated:         -               186M (5%)          216M (5%)          320M (8%)             -                  -          
[20.914s][info][gc,heap     ] GC(37)   Garbage:         -              2247M (55%)          95M (2%)           15M (0%)             -                  -          
[20.914s][info][gc,heap     ] GC(37) Reclaimed:         -                  -              2152M (53%)        2232M (55%)            -                  -          
[20.914s][info][gc          ] GC(37) Garbage Collection (Allocation Rate) 2294M(57%)->348M(9%)
[21.438s][info][gc,start    ] GC(38) Garbage Collection (Allocation Rate)
[21.438s][info][gc,phases   ] GC(38) Pause Mark Start 0.180ms
[21.477s][info][gc,phases   ] GC(38) Concurrent Mark 38.810ms
[21.477s][info][gc,phases   ] GC(38) Pause Mark End 0.265ms
[21.481s][info][gc,phases   ] GC(38) Concurrent Process Non-Strong References 3.379ms
[21.481s][info][gc,phases   ] GC(38) Concurrent Reset Relocation Set 0.064ms
[21.484s][info][gc,phases   ] GC(38) Concurrent Select Relocation Set 2.696ms
[21.484s][info][gc,phases   ] GC(38) Pause Relocate Start 0.114ms
[21.501s][info][gc,phases   ] GC(38) Concurrent Relocate 16.960ms
[21.501s][info][gc,load     ] GC(38) Load: 0.00/0.00/0.00
[21.501s][info][gc,mmu      ] GC(38) MMU: 2ms/78.3%, 5ms/89.5%, 10ms/94.7%, 20ms/97.4%, 50ms/98.7%, 100ms/99.4%
[21.501s][info][gc,marking  ] GC(38) Mark: 1 stripe(s), 2 proactive flush(es), 1 terminate flush(es), 1 completion(s), 0 continuation(s) 
[21.501s][info][gc,nmethod  ] GC(38) NMethods: 1467 registered, 0 unregistered
[21.501s][info][gc,metaspace] GC(38) Metaspace: 4M used, 4M capacity, 4M committed, 1032M reserved
[21.501s][info][gc,ref      ] GC(38) Soft: 261 encountered, 0 discovered, 0 enqueued
[21.501s][info][gc,ref      ] GC(38) Weak: 280 encountered, 229 discovered, 0 enqueued
[21.501s][info][gc,ref      ] GC(38) Final: 1 encountered, 0 discovered, 0 enqueued
[21.501s][info][gc,ref      ] GC(38) Phantom: 39 encountered, 30 discovered, 0 enqueued
[21.501s][info][gc,reloc    ] GC(38) Small Pages: 1239 / 2478M(100%), Empty: 2386M(96%), Compacting: 72M(3%)->22M(1%)
[21.501s][info][gc,reloc    ] GC(38) Medium Pages: 0 / 0M(0%), Empty: 0M(0%), Compacting: 0M(0%)->0M(0%)
[21.501s][info][gc,reloc    ] GC(38) Large Pages: 1 / 8M(0%), Empty: 0M(0%), Compacting: 0M(0%)->0M(0%)
[21.501s][info][gc,reloc    ] GC(38) Relocation: Successful
[21.501s][info][gc,heap     ] GC(38) Min Capacity: 42M(1%)
[21.501s][info][gc,heap     ] GC(38) Max Capacity: 4060M(100%)
[21.501s][info][gc,heap     ] GC(38) Soft Max Capacity: 4060M(100%)
[21.501s][info][gc,heap     ] GC(38)                Mark Start          Mark End        Relocate Start      Relocate End           High               Low         
[21.501s][info][gc,heap     ] GC(38)  Capacity:     3064M (75%)        3064M (75%)        3064M (75%)        3064M (75%)        3064M (75%)        3064M (75%)    
[21.501s][info][gc,heap     ] GC(38)   Reserve:       42M (1%)           42M (1%)           42M (1%)           42M (1%)           42M (1%)           42M (1%)     
[21.501s][info][gc,heap     ] GC(38)      Free:     1532M (38%)        1378M (34%)        3746M (92%)        3738M (92%)        3756M (93%)        1370M (34%)    
[21.501s][info][gc,heap     ] GC(38)      Used:     2486M (61%)        2640M (65%)         272M (7%)          280M (7%)         2648M (65%)         262M (6%)     
[21.501s][info][gc,heap     ] GC(38)      Live:         -                44M (1%)           44M (1%)           44M (1%)             -                  -          
[21.501s][info][gc,heap     ] GC(38) Allocated:         -               154M (4%)          172M (4%)          252M (6%)             -                  -          
[21.501s][info][gc,heap     ] GC(38)   Garbage:         -              2441M (60%)          55M (1%)            7M (0%)             -                  -          
[21.501s][info][gc,heap     ] GC(38) Reclaimed:         -                  -              2386M (59%)        2434M (60%)            -                  -          
[21.501s][info][gc          ] GC(38) Garbage Collection (Allocation Rate) 2486M(61%)->280M(7%)
[22.139s][info][gc,start    ] GC(39) Garbage Collection (Allocation Rate)
[22.139s][info][gc,phases   ] GC(39) Pause Mark Start 0.074ms
[22.180s][info][gc,phases   ] GC(39) Concurrent Mark 40.895ms
[22.180s][info][gc,phases   ] GC(39) Pause Mark End 0.218ms
[22.182s][info][gc,phases   ] GC(39) Concurrent Process Non-Strong References 1.492ms
[22.182s][info][gc,phases   ] GC(39) Concurrent Reset Relocation Set 0.063ms
[22.184s][info][gc,phases   ] GC(39) Concurrent Select Relocation Set 1.954ms
[22.184s][info][gc,phases   ] GC(39) Pause Relocate Start 0.059ms
[22.185s][info][gc,phases   ] GC(39) Concurrent Relocate 0.474ms
[22.185s][info][gc,load     ] GC(39) Load: 0.00/0.00/0.00
[22.185s][info][gc,mmu      ] GC(39) MMU: 2ms/78.3%, 5ms/89.5%, 10ms/94.7%, 20ms/97.4%, 50ms/98.7%, 100ms/99.4%
[22.185s][info][gc,marking  ] GC(39) Mark: 1 stripe(s), 2 proactive flush(es), 1 terminate flush(es), 1 completion(s), 0 continuation(s) 
[22.185s][info][gc,nmethod  ] GC(39) NMethods: 1467 registered, 0 unregistered
[22.185s][info][gc,metaspace] GC(39) Metaspace: 4M used, 4M capacity, 4M committed, 1032M reserved
[22.185s][info][gc,ref      ] GC(39) Soft: 261 encountered, 0 discovered, 0 enqueued
[22.185s][info][gc,ref      ] GC(39) Weak: 280 encountered, 229 discovered, 0 enqueued
[22.185s][info][gc,ref      ] GC(39) Final: 1 encountered, 0 discovered, 0 enqueued
[22.185s][info][gc,ref      ] GC(39) Phantom: 39 encountered, 30 discovered, 0 enqueued
[22.185s][info][gc,reloc    ] GC(39) Small Pages: 1386 / 2772M(100%), Empty: 2708M(97%), Compacting: 10M(0%)->2M(0%)
[22.185s][info][gc,reloc    ] GC(39) Medium Pages: 0 / 0M(0%), Empty: 0M(0%), Compacting: 0M(0%)->0M(0%)
[22.185s][info][gc,reloc    ] GC(39) Large Pages: 1 / 8M(0%), Empty: 0M(0%), Compacting: 0M(0%)->0M(0%)
[22.185s][info][gc,reloc    ] GC(39) Relocation: Successful
[22.185s][info][gc,heap     ] GC(39) Min Capacity: 42M(1%)
[22.185s][info][gc,heap     ] GC(39) Max Capacity: 4060M(100%)
[22.185s][info][gc,heap     ] GC(39) Soft Max Capacity: 4060M(100%)
[22.185s][info][gc,heap     ] GC(39)                Mark Start          Mark End        Relocate Start      Relocate End           High               Low         
[22.185s][info][gc,heap     ] GC(39)  Capacity:     3064M (75%)        3064M (75%)        3064M (75%)        3064M (75%)        3064M (75%)        3064M (75%)    
[22.185s][info][gc,heap     ] GC(39)   Reserve:       42M (1%)           42M (1%)           42M (1%)           42M (1%)           42M (1%)           42M (1%)     
[22.185s][info][gc,heap     ] GC(39)      Free:     1238M (30%)        1094M (27%)        3792M (93%)        3794M (93%)        3798M (94%)        1090M (27%)    
[22.185s][info][gc,heap     ] GC(39)      Used:     2780M (68%)        2924M (72%)         226M (6%)          224M (6%)         2928M (72%)         220M (5%)     
[22.185s][info][gc,heap     ] GC(39)      Live:         -                55M (1%)           55M (1%)           55M (1%)             -                  -          
[22.185s][info][gc,heap     ] GC(39) Allocated:         -               144M (4%)          154M (4%)          162M (4%)             -                  -          
[22.185s][info][gc,heap     ] GC(39)   Garbage:         -              2724M (67%)          16M (0%)           12M (0%)             -                  -          
[22.185s][info][gc,heap     ] GC(39) Reclaimed:         -                  -              2708M (67%)        2712M (67%)            -                  -          
[22.185s][info][gc          ] GC(39) Garbage Collection (Allocation Rate) 2780M(68%)->224M(6%)
[22.838s][info][gc,start    ] GC(40) Garbage Collection (Allocation Rate)
[22.838s][info][gc,phases   ] GC(40) Pause Mark Start 0.056ms
[22.886s][info][gc,phases   ] GC(40) Concurrent Mark 48.426ms
[22.887s][info][gc,phases   ] GC(40) Pause Mark End 0.459ms
[22.889s][info][gc,phases   ] GC(40) Concurrent Process Non-Strong References 2.264ms
[22.889s][info][gc,phases   ] GC(40) Concurrent Reset Relocation Set 0.016ms
[22.893s][info][gc,phases   ] GC(40) Concurrent Select Relocation Set 3.194ms
[22.893s][info][gc,phases   ] GC(40) Pause Relocate Start 0.098ms
[22.933s][info][gc,phases   ] GC(40) Concurrent Relocate 40.312ms
[22.933s][info][gc,load     ] GC(40) Load: 0.00/0.00/0.00
[22.933s][info][gc,mmu      ] GC(40) MMU: 2ms/77.0%, 5ms/89.5%, 10ms/94.4%, 20ms/97.2%, 50ms/98.7%, 100ms/99.4%
[22.933s][info][gc,marking  ] GC(40) Mark: 1 stripe(s), 2 proactive flush(es), 1 terminate flush(es), 1 completion(s), 0 continuation(s) 
[22.933s][info][gc,nmethod  ] GC(40) NMethods: 1467 registered, 0 unregistered
[22.933s][info][gc,metaspace] GC(40) Metaspace: 4M used, 4M capacity, 4M committed, 1032M reserved
[22.933s][info][gc,ref      ] GC(40) Soft: 261 encountered, 0 discovered, 0 enqueued
[22.933s][info][gc,ref      ] GC(40) Weak: 280 encountered, 229 discovered, 0 enqueued
[22.933s][info][gc,ref      ] GC(40) Final: 1 encountered, 0 discovered, 0 enqueued
[22.933s][info][gc,ref      ] GC(40) Phantom: 39 encountered, 30 discovered, 0 enqueued
[22.933s][info][gc,reloc    ] GC(40) Small Pages: 1428 / 2856M(100%), Empty: 2700M(94%), Compacting: 140M(5%)->48M(2%)
[22.933s][info][gc,reloc    ] GC(40) Medium Pages: 0 / 0M(0%), Empty: 0M(0%), Compacting: 0M(0%)->0M(0%)
[22.933s][info][gc,reloc    ] GC(40) Large Pages: 1 / 8M(0%), Empty: 0M(0%), Compacting: 0M(0%)->0M(0%)
[22.933s][info][gc,reloc    ] GC(40) Relocation: Successful
[22.933s][info][gc,heap     ] GC(40) Min Capacity: 42M(1%)
[22.933s][info][gc,heap     ] GC(40) Max Capacity: 4060M(100%)
[22.933s][info][gc,heap     ] GC(40) Soft Max Capacity: 4060M(100%)
[22.933s][info][gc,heap     ] GC(40)                Mark Start          Mark End        Relocate Start      Relocate End           High               Low         
[22.933s][info][gc,heap     ] GC(40)  Capacity:     3064M (75%)        3074M (76%)        3078M (76%)        3078M (76%)        3078M (76%)        3064M (75%)    
[22.933s][info][gc,heap     ] GC(40)   Reserve:       42M (1%)           42M (1%)           42M (1%)           42M (1%)           42M (1%)           42M (1%)     
[22.933s][info][gc,heap     ] GC(40)      Free:     1154M (28%)         986M (24%)        3674M (90%)        3630M (89%)        3682M (91%)         982M (24%)    
[22.933s][info][gc,heap     ] GC(40)      Used:     2864M (71%)        3032M (75%)         344M (8%)          388M (10%)        3036M (75%)         336M (8%)     
[22.933s][info][gc,heap     ] GC(40)      Live:         -                62M (2%)           62M (2%)           62M (2%)             -                  -          
[22.933s][info][gc,heap     ] GC(40) Allocated:         -               168M (4%)          180M (4%)          364M (9%)             -                  -          
[22.933s][info][gc,heap     ] GC(40)   Garbage:         -              2801M (69%)         101M (2%)            5M (0%)             -                  -          
[22.933s][info][gc,heap     ] GC(40) Reclaimed:         -                  -              2700M (67%)        2796M (69%)            -                  -          
[22.933s][info][gc          ] GC(40) Garbage Collection (Allocation Rate) 2864M(71%)->388M(10%)
[23.338s][info][gc,start    ] GC(41) Garbage Collection (Allocation Rate)
[23.339s][info][gc,phases   ] GC(41) Pause Mark Start 0.072ms
[23.387s][info][gc,phases   ] GC(41) Concurrent Mark 48.694ms
[23.388s][info][gc,phases   ] GC(41) Pause Mark End 0.256ms
[23.389s][info][gc,phases   ] GC(41) Concurrent Process Non-Strong References 1.560ms
[23.390s][info][gc,phases   ] GC(41) Concurrent Reset Relocation Set 0.888ms
[23.393s][info][gc,phases   ] GC(41) Concurrent Select Relocation Set 3.009ms
[23.394s][info][gc,phases   ] GC(41) Pause Relocate Start 0.112ms
[23.404s][info][gc,phases   ] GC(41) Concurrent Relocate 10.611ms
[23.404s][info][gc,load     ] GC(41) Load: 0.00/0.00/0.00
[23.404s][info][gc,mmu      ] GC(41) MMU: 2ms/77.0%, 5ms/89.5%, 10ms/94.4%, 20ms/97.2%, 50ms/98.7%, 100ms/99.4%
[23.404s][info][gc,marking  ] GC(41) Mark: 1 stripe(s), 2 proactive flush(es), 1 terminate flush(es), 1 completion(s), 0 continuation(s) 
[23.404s][info][gc,nmethod  ] GC(41) NMethods: 1467 registered, 0 unregistered
[23.404s][info][gc,metaspace] GC(41) Metaspace: 4M used, 4M capacity, 4M committed, 1032M reserved
[23.404s][info][gc,ref      ] GC(41) Soft: 261 encountered, 0 discovered, 0 enqueued
[23.404s][info][gc,ref      ] GC(41) Weak: 280 encountered, 229 discovered, 0 enqueued
[23.404s][info][gc,ref      ] GC(41) Final: 1 encountered, 0 discovered, 0 enqueued
[23.404s][info][gc,ref      ] GC(41) Phantom: 39 encountered, 30 discovered, 0 enqueued
[23.404s][info][gc,reloc    ] GC(41) Small Pages: 1099 / 2198M(100%), Empty: 2084M(94%), Compacting: 78M(4%)->18M(1%)
[23.404s][info][gc,reloc    ] GC(41) Medium Pages: 0 / 0M(0%), Empty: 0M(0%), Compacting: 0M(0%)->0M(0%)
[23.404s][info][gc,reloc    ] GC(41) Large Pages: 1 / 8M(0%), Empty: 0M(0%), Compacting: 0M(0%)->0M(0%)
[23.404s][info][gc,reloc    ] GC(41) Relocation: Successful
[23.404s][info][gc,heap     ] GC(41) Min Capacity: 42M(1%)
[23.404s][info][gc,heap     ] GC(41) Max Capacity: 4060M(100%)
[23.404s][info][gc,heap     ] GC(41) Soft Max Capacity: 4060M(100%)
[23.404s][info][gc,heap     ] GC(41)                Mark Start          Mark End        Relocate Start      Relocate End           High               Low         
[23.404s][info][gc,heap     ] GC(41)  Capacity:     3078M (76%)        3078M (76%)        3078M (76%)        3078M (76%)        3078M (76%)        3078M (76%)    
[23.404s][info][gc,heap     ] GC(41)   Reserve:       42M (1%)           42M (1%)           42M (1%)           42M (1%)           42M (1%)           42M (1%)     
[23.404s][info][gc,heap     ] GC(41)      Free:     1812M (45%)        1628M (40%)        3694M (91%)        3702M (91%)        3708M (91%)        1616M (40%)    
[23.404s][info][gc,heap     ] GC(41)      Used:     2206M (54%)        2390M (59%)         324M (8%)          316M (8%)         2402M (59%)         310M (8%)     
[23.404s][info][gc,heap     ] GC(41)      Live:         -                54M (1%)           54M (1%)           54M (1%)             -                  -          
[23.404s][info][gc,heap     ] GC(41) Allocated:         -               184M (5%)          202M (5%)          272M (7%)             -                  -          
[23.404s][info][gc,heap     ] GC(41)   Garbage:         -              2151M (53%)          67M (2%)           15M (0%)             -                  -          
[23.404s][info][gc,heap     ] GC(41) Reclaimed:         -                  -              2084M (51%)        2136M (53%)            -                  -          
[23.404s][info][gc          ] GC(41) Garbage Collection (Allocation Rate) 2206M(54%)->316M(8%)
[23.939s][info][gc,start    ] GC(42) Garbage Collection (Allocation Rate)
[23.939s][info][gc,phases   ] GC(42) Pause Mark Start 0.087ms
[23.992s][info][gc,phases   ] GC(42) Concurrent Mark 52.870ms
[23.992s][info][gc,phases   ] GC(42) Pause Mark End 0.260ms
[23.994s][info][gc,phases   ] GC(42) Concurrent Process Non-Strong References 1.706ms
[23.994s][info][gc,phases   ] GC(42) Concurrent Reset Relocation Set 0.088ms
[23.999s][info][gc,phases   ] GC(42) Concurrent Select Relocation Set 4.991ms
[24.000s][info][gc,phases   ] GC(42) Pause Relocate Start 0.081ms
[24.032s][info][gc,phases   ] GC(42) Concurrent Relocate 32.415ms
[24.032s][info][gc,load     ] GC(42) Load: 0.00/0.00/0.00
[24.032s][info][gc,mmu      ] GC(42) MMU: 2ms/77.0%, 5ms/89.5%, 10ms/94.4%, 20ms/97.2%, 50ms/98.7%, 100ms/99.4%
[24.032s][info][gc,marking  ] GC(42) Mark: 1 stripe(s), 2 proactive flush(es), 1 terminate flush(es), 1 completion(s), 0 continuation(s) 
[24.032s][info][gc,nmethod  ] GC(42) NMethods: 1467 registered, 0 unregistered
[24.032s][info][gc,metaspace] GC(42) Metaspace: 4M used, 4M capacity, 4M committed, 1032M reserved
[24.032s][info][gc,ref      ] GC(42) Soft: 261 encountered, 0 discovered, 0 enqueued
[24.032s][info][gc,ref      ] GC(42) Weak: 280 encountered, 229 discovered, 0 enqueued
[24.032s][info][gc,ref      ] GC(42) Final: 1 encountered, 0 discovered, 0 enqueued
[24.032s][info][gc,ref      ] GC(42) Phantom: 39 encountered, 30 discovered, 0 enqueued
[24.032s][info][gc,reloc    ] GC(42) Small Pages: 1224 / 2448M(100%), Empty: 2300M(94%), Compacting: 110M(4%)->40M(2%)
[24.032s][info][gc,reloc    ] GC(42) Medium Pages: 0 / 0M(0%), Empty: 0M(0%), Compacting: 0M(0%)->0M(0%)
[24.032s][info][gc,reloc    ] GC(42) Large Pages: 1 / 8M(0%), Empty: 0M(0%), Compacting: 0M(0%)->0M(0%)
[24.032s][info][gc,reloc    ] GC(42) Relocation: Successful
[24.032s][info][gc,heap     ] GC(42) Min Capacity: 42M(1%)
[24.032s][info][gc,heap     ] GC(42) Max Capacity: 4060M(100%)
[24.032s][info][gc,heap     ] GC(42) Soft Max Capacity: 4060M(100%)
[24.032s][info][gc,heap     ] GC(42)                Mark Start          Mark End        Relocate Start      Relocate End           High               Low         
[24.032s][info][gc,heap     ] GC(42)  Capacity:     3078M (76%)        3078M (76%)        3078M (76%)        3078M (76%)        3078M (76%)        3078M (76%)    
[24.032s][info][gc,heap     ] GC(42)   Reserve:       42M (1%)           42M (1%)           42M (1%)           42M (1%)           42M (1%)           42M (1%)     
[24.032s][info][gc,heap     ] GC(42)      Free:     1562M (38%)        1382M (34%)        3656M (90%)        3596M (89%)        3674M (90%)        1374M (34%)    
[24.032s][info][gc,heap     ] GC(42)      Used:     2456M (60%)        2636M (65%)         362M (9%)          422M (10%)        2644M (65%)         344M (8%)     
[24.032s][info][gc,heap     ] GC(42)      Live:         -                73M (2%)           73M (2%)           73M (2%)             -                  -          
[24.032s][info][gc,heap     ] GC(42) Allocated:         -               180M (4%)          206M (5%)          376M (9%)             -                  -          
[24.032s][info][gc,heap     ] GC(42)   Garbage:         -              2382M (59%)          82M (2%)           16M (0%)             -                  -          
[24.032s][info][gc,heap     ] GC(42) Reclaimed:         -                  -              2300M (57%)        2366M (58%)            -                  -          
[24.032s][info][gc          ] GC(42) Garbage Collection (Allocation Rate) 2456M(60%)->422M(10%)
[24.538s][info][gc,start    ] GC(43) Garbage Collection (Allocation Rate)
[24.539s][info][gc,phases   ] GC(43) Pause Mark Start 0.084ms
[24.616s][info][gc,phases   ] GC(43) Concurrent Mark 77.240ms
[24.616s][info][gc,phases   ] GC(43) Pause Mark End 0.261ms
[24.618s][info][gc,phases   ] GC(43) Concurrent Process Non-Strong References 1.652ms
[24.620s][info][gc,phases   ] GC(43) Concurrent Reset Relocation Set 1.488ms
[24.625s][info][gc,phases   ] GC(43) Concurrent Select Relocation Set 5.004ms
[24.625s][info][gc,phases   ] GC(43) Pause Relocate Start 0.067ms
[24.654s][info][gc,phases   ] GC(43) Concurrent Relocate 28.523ms
[24.654s][info][gc,load     ] GC(43) Load: 0.00/0.00/0.00
[24.654s][info][gc,mmu      ] GC(43) MMU: 2ms/77.0%, 5ms/89.5%, 10ms/94.4%, 20ms/97.2%, 50ms/98.7%, 100ms/99.4%
[24.654s][info][gc,marking  ] GC(43) Mark: 1 stripe(s), 2 proactive flush(es), 1 terminate flush(es), 1 completion(s), 0 continuation(s) 
[24.654s][info][gc,nmethod  ] GC(43) NMethods: 1467 registered, 0 unregistered
[24.654s][info][gc,metaspace] GC(43) Metaspace: 4M used, 4M capacity, 4M committed, 1032M reserved
[24.654s][info][gc,ref      ] GC(43) Soft: 261 encountered, 0 discovered, 0 enqueued
[24.654s][info][gc,ref      ] GC(43) Weak: 280 encountered, 229 discovered, 0 enqueued
[24.654s][info][gc,ref      ] GC(43) Final: 1 encountered, 0 discovered, 0 enqueued
[24.654s][info][gc,ref      ] GC(43) Phantom: 39 encountered, 30 discovered, 0 enqueued
[24.654s][info][gc,reloc    ] GC(43) Small Pages: 1231 / 2462M(100%), Empty: 2292M(93%), Compacting: 84M(3%)->36M(1%)
[24.654s][info][gc,reloc    ] GC(43) Medium Pages: 0 / 0M(0%), Empty: 0M(0%), Compacting: 0M(0%)->0M(0%)
[24.654s][info][gc,reloc    ] GC(43) Large Pages: 1 / 8M(0%), Empty: 0M(0%), Compacting: 0M(0%)->0M(0%)
[24.654s][info][gc,reloc    ] GC(43) Relocation: Successful
[24.654s][info][gc,heap     ] GC(43) Min Capacity: 42M(1%)
[24.654s][info][gc,heap     ] GC(43) Max Capacity: 4060M(100%)
[24.654s][info][gc,heap     ] GC(43) Soft Max Capacity: 4060M(100%)
[24.654s][info][gc,heap     ] GC(43)                Mark Start          Mark End        Relocate Start      Relocate End           High               Low         
[24.654s][info][gc,heap     ] GC(43)  Capacity:     3078M (76%)        3078M (76%)        3078M (76%)        3078M (76%)        3078M (76%)        3078M (76%)    
[24.654s][info][gc,heap     ] GC(43)   Reserve:       42M (1%)           42M (1%)           42M (1%)           42M (1%)           42M (1%)           42M (1%)     
[24.654s][info][gc,heap     ] GC(43)      Free:     1548M (38%)        1372M (34%)        3646M (90%)        3586M (88%)        3658M (90%)        1366M (34%)    
[24.654s][info][gc,heap     ] GC(43)      Used:     2470M (61%)        2646M (65%)         372M (9%)          432M (11%)        2652M (65%)         360M (9%)     
[24.654s][info][gc,heap     ] GC(43)      Live:         -               111M (3%)          111M (3%)          111M (3%)             -                  -          
[24.654s][info][gc,heap     ] GC(43) Allocated:         -               176M (4%)          194M (5%)          338M (8%)             -                  -          
[24.654s][info][gc,heap     ] GC(43)   Garbage:         -              2358M (58%)          66M (2%)           16M (0%)             -                  -          
[24.654s][info][gc,heap     ] GC(43) Reclaimed:         -                  -              2292M (56%)        2342M (58%)            -                  -          
[24.654s][info][gc          ] GC(43) Garbage Collection (Allocation Rate) 2470M(61%)->432M(11%)
[25.138s][info][gc,start    ] GC(44) Garbage Collection (Allocation Rate)
[25.139s][info][gc,phases   ] GC(44) Pause Mark Start 0.085ms
[25.189s][info][gc,phases   ] GC(44) Concurrent Mark 50.262ms
[25.189s][info][gc,phases   ] GC(44) Pause Mark End 0.309ms
[25.191s][info][gc,phases   ] GC(44) Concurrent Process Non-Strong References 1.568ms
[25.192s][info][gc,phases   ] GC(44) Concurrent Reset Relocation Set 0.678ms
[25.196s][info][gc,phases   ] GC(44) Concurrent Select Relocation Set 4.527ms
[25.197s][info][gc,phases   ] GC(44) Pause Relocate Start 0.122ms
[25.210s][info][gc,phases   ] GC(44) Concurrent Relocate 12.906ms
[25.210s][info][gc,load     ] GC(44) Load: 0.00/0.00/0.00
[25.210s][info][gc,mmu      ] GC(44) MMU: 2ms/77.0%, 5ms/89.5%, 10ms/94.4%, 20ms/97.2%, 50ms/98.7%, 100ms/99.4%
[25.210s][info][gc,marking  ] GC(44) Mark: 1 stripe(s), 2 proactive flush(es), 1 terminate flush(es), 1 completion(s), 0 continuation(s) 
[25.210s][info][gc,nmethod  ] GC(44) NMethods: 1467 registered, 0 unregistered
[25.210s][info][gc,metaspace] GC(44) Metaspace: 4M used, 4M capacity, 4M committed, 1032M reserved
[25.210s][info][gc,ref      ] GC(44) Soft: 261 encountered, 0 discovered, 0 enqueued
[25.210s][info][gc,ref      ] GC(44) Weak: 280 encountered, 229 discovered, 0 enqueued
[25.210s][info][gc,ref      ] GC(44) Final: 1 encountered, 0 discovered, 0 enqueued
[25.210s][info][gc,ref      ] GC(44) Phantom: 39 encountered, 30 discovered, 0 enqueued
[25.210s][info][gc,reloc    ] GC(44) Small Pages: 1207 / 2414M(100%), Empty: 2314M(96%), Compacting: 58M(2%)->18M(1%)
[25.210s][info][gc,reloc    ] GC(44) Medium Pages: 0 / 0M(0%), Empty: 0M(0%), Compacting: 0M(0%)->0M(0%)
[25.210s][info][gc,reloc    ] GC(44) Large Pages: 1 / 8M(0%), Empty: 0M(0%), Compacting: 0M(0%)->0M(0%)
[25.210s][info][gc,reloc    ] GC(44) Relocation: Successful
[25.210s][info][gc,heap     ] GC(44) Min Capacity: 42M(1%)
[25.210s][info][gc,heap     ] GC(44) Max Capacity: 4060M(100%)
[25.210s][info][gc,heap     ] GC(44) Soft Max Capacity: 4060M(100%)
[25.210s][info][gc,heap     ] GC(44)                Mark Start          Mark End        Relocate Start      Relocate End           High               Low         
[25.210s][info][gc,heap     ] GC(44)  Capacity:     3078M (76%)        3078M (76%)        3078M (76%)        3078M (76%)        3078M (76%)        3078M (76%)    
[25.210s][info][gc,heap     ] GC(44)   Reserve:       42M (1%)           42M (1%)           42M (1%)           42M (1%)           42M (1%)           42M (1%)     
[25.210s][info][gc,heap     ] GC(44)      Free:     1596M (39%)        1408M (35%)        3696M (91%)        3684M (91%)        3712M (91%)        1398M (34%)    
[25.210s][info][gc,heap     ] GC(44)      Used:     2422M (60%)        2610M (64%)         322M (8%)          334M (8%)         2620M (65%)         306M (8%)     
[25.210s][info][gc,heap     ] GC(44)      Live:         -                59M (1%)           59M (1%)           59M (1%)             -                  -          
[25.210s][info][gc,heap     ] GC(44) Allocated:         -               188M (5%)          214M (5%)          284M (7%)             -                  -          
[25.210s][info][gc,heap     ] GC(44)   Garbage:         -              2362M (58%)          48M (1%)            8M (0%)             -                  -          
[25.210s][info][gc,heap     ] GC(44) Reclaimed:         -                  -              2314M (57%)        2354M (58%)            -                  -          
[25.210s][info][gc          ] GC(44) Garbage Collection (Allocation Rate) 2422M(60%)->334M(8%)
[25.738s][info][gc,start    ] GC(45) Garbage Collection (Allocation Rate)
[25.738s][info][gc,phases   ] GC(45) Pause Mark Start 0.053ms
[25.789s][info][gc,phases   ] GC(45) Concurrent Mark 51.193ms
[25.789s][info][gc,phases   ] GC(45) Pause Mark End 0.198ms
[25.791s][info][gc,phases   ] GC(45) Concurrent Process Non-Strong References 1.583ms
[25.791s][info][gc,phases   ] GC(45) Concurrent Reset Relocation Set 0.051ms
[25.796s][info][gc,phases   ] GC(45) Concurrent Select Relocation Set 4.669ms
[25.796s][info][gc,phases   ] GC(45) Pause Relocate Start 0.059ms
[25.817s][info][gc,phases   ] GC(45) Concurrent Relocate 21.280ms
[25.817s][info][gc,load     ] GC(45) Load: 0.00/0.00/0.00
[25.817s][info][gc,mmu      ] GC(45) MMU: 2ms/77.0%, 5ms/89.5%, 10ms/94.4%, 20ms/97.2%, 50ms/98.7%, 100ms/99.4%
[25.817s][info][gc,marking  ] GC(45) Mark: 1 stripe(s), 2 proactive flush(es), 1 terminate flush(es), 1 completion(s), 0 continuation(s) 
[25.817s][info][gc,nmethod  ] GC(45) NMethods: 1467 registered, 0 unregistered
[25.817s][info][gc,metaspace] GC(45) Metaspace: 4M used, 4M capacity, 4M committed, 1032M reserved
[25.817s][info][gc,ref      ] GC(45) Soft: 261 encountered, 0 discovered, 0 enqueued
[25.817s][info][gc,ref      ] GC(45) Weak: 280 encountered, 229 discovered, 0 enqueued
[25.817s][info][gc,ref      ] GC(45) Final: 1 encountered, 0 discovered, 0 enqueued
[25.817s][info][gc,ref      ] GC(45) Phantom: 39 encountered, 30 discovered, 0 enqueued
[25.817s][info][gc,reloc    ] GC(45) Small Pages: 1210 / 2420M(100%), Empty: 2318M(95%), Compacting: 64M(3%)->24M(1%)
[25.818s][info][gc,reloc    ] GC(45) Medium Pages: 0 / 0M(0%), Empty: 0M(0%), Compacting: 0M(0%)->0M(0%)
[25.818s][info][gc,reloc    ] GC(45) Large Pages: 1 / 8M(0%), Empty: 0M(0%), Compacting: 0M(0%)->0M(0%)
[25.818s][info][gc,reloc    ] GC(45) Relocation: Successful
[25.818s][info][gc,heap     ] GC(45) Min Capacity: 42M(1%)
[25.818s][info][gc,heap     ] GC(45) Max Capacity: 4060M(100%)
[25.818s][info][gc,heap     ] GC(45) Soft Max Capacity: 4060M(100%)
[25.818s][info][gc,heap     ] GC(45)                Mark Start          Mark End        Relocate Start      Relocate End           High               Low         
[25.818s][info][gc,heap     ] GC(45)  Capacity:     3078M (76%)        3078M (76%)        3078M (76%)        3078M (76%)        3078M (76%)        3078M (76%)    
[25.818s][info][gc,heap     ] GC(45)   Reserve:       42M (1%)           42M (1%)           42M (1%)           42M (1%)           42M (1%)           42M (1%)     
[25.818s][info][gc,heap     ] GC(45)      Free:     1590M (39%)        1406M (35%)        3702M (91%)        3662M (90%)        3716M (92%)        1398M (34%)    
[25.818s][info][gc,heap     ] GC(45)      Used:     2428M (60%)        2612M (64%)         316M (8%)          356M (9%)         2620M (65%)         302M (7%)     
[25.818s][info][gc,heap     ] GC(45)      Live:         -                61M (2%)           61M (2%)           61M (2%)             -                  -          
[25.818s][info][gc,heap     ] GC(45) Allocated:         -               184M (5%)          206M (5%)          310M (8%)             -                  -          
[25.818s][info][gc,heap     ] GC(45)   Garbage:         -              2366M (58%)          48M (1%)            8M (0%)             -                  -          
[25.818s][info][gc,heap     ] GC(45) Reclaimed:         -                  -              2318M (57%)        2358M (58%)            -                  -          
[25.818s][info][gc          ] GC(45) Garbage Collection (Allocation Rate) 2428M(60%)->356M(9%)
[26.339s][info][gc,start    ] GC(46) Garbage Collection (Allocation Rate)
[26.339s][info][gc,phases   ] GC(46) Pause Mark Start 0.053ms
[26.390s][info][gc,phases   ] GC(46) Concurrent Mark 51.526ms
[26.391s][info][gc,phases   ] GC(46) Pause Mark End 0.247ms
[26.392s][info][gc,phases   ] GC(46) Concurrent Process Non-Strong References 1.495ms
[26.392s][info][gc,phases   ] GC(46) Concurrent Reset Relocation Set 0.053ms
[26.397s][info][gc,phases   ] GC(46) Concurrent Select Relocation Set 4.270ms
[26.397s][info][gc,phases   ] GC(46) Pause Relocate Start 0.097ms
[26.422s][info][gc,phases   ] GC(46) Concurrent Relocate 24.843ms
[26.422s][info][gc,load     ] GC(46) Load: 0.00/0.00/0.00
[26.422s][info][gc,mmu      ] GC(46) MMU: 2ms/77.0%, 5ms/89.5%, 10ms/94.4%, 20ms/97.2%, 50ms/98.7%, 100ms/99.4%
[26.422s][info][gc,marking  ] GC(46) Mark: 1 stripe(s), 2 proactive flush(es), 1 terminate flush(es), 1 completion(s), 0 continuation(s) 
[26.422s][info][gc,nmethod  ] GC(46) NMethods: 1467 registered, 0 unregistered
[26.422s][info][gc,metaspace] GC(46) Metaspace: 4M used, 4M capacity, 4M committed, 1032M reserved
[26.422s][info][gc,ref      ] GC(46) Soft: 261 encountered, 0 discovered, 0 enqueued
[26.422s][info][gc,ref      ] GC(46) Weak: 280 encountered, 229 discovered, 0 enqueued
[26.422s][info][gc,ref      ] GC(46) Final: 1 encountered, 0 discovered, 0 enqueued
[26.422s][info][gc,ref      ] GC(46) Phantom: 39 encountered, 30 discovered, 0 enqueued
[26.422s][info][gc,reloc    ] GC(46) Small Pages: 1222 / 2444M(100%), Empty: 2316M(94%), Compacting: 82M(3%)->28M(1%)
[26.422s][info][gc,reloc    ] GC(46) Medium Pages: 0 / 0M(0%), Empty: 0M(0%), Compacting: 0M(0%)->0M(0%)
[26.422s][info][gc,reloc    ] GC(46) Large Pages: 1 / 8M(0%), Empty: 0M(0%), Compacting: 0M(0%)->0M(0%)
[26.422s][info][gc,reloc    ] GC(46) Relocation: Successful
[26.422s][info][gc,heap     ] GC(46) Min Capacity: 42M(1%)
[26.422s][info][gc,heap     ] GC(46) Max Capacity: 4060M(100%)
[26.422s][info][gc,heap     ] GC(46) Soft Max Capacity: 4060M(100%)
[26.422s][info][gc,heap     ] GC(46)                Mark Start          Mark End        Relocate Start      Relocate End           High               Low         
[26.422s][info][gc,heap     ] GC(46)  Capacity:     3078M (76%)        3078M (76%)        3078M (76%)        3078M (76%)        3078M (76%)        3078M (76%)    
[26.422s][info][gc,heap     ] GC(46)   Reserve:       42M (1%)           42M (1%)           42M (1%)           42M (1%)           42M (1%)           42M (1%)     
[26.422s][info][gc,heap     ] GC(46)      Free:     1566M (39%)        1378M (34%)        3672M (90%)        3630M (89%)        3686M (91%)        1370M (34%)    
[26.422s][info][gc,heap     ] GC(46)      Used:     2452M (60%)        2640M (65%)         346M (9%)          388M (10%)        2648M (65%)         332M (8%)     
[26.422s][info][gc,heap     ] GC(46)      Live:         -                71M (2%)           71M (2%)           71M (2%)             -                  -          
[26.422s][info][gc,heap     ] GC(46) Allocated:         -               188M (5%)          210M (5%)          334M (8%)             -                  -          
[26.422s][info][gc,heap     ] GC(46)   Garbage:         -              2380M (59%)          64M (2%)           10M (0%)             -                  -          
[26.422s][info][gc,heap     ] GC(46) Reclaimed:         -                  -              2316M (57%)        2370M (58%)            -                  -          
[26.422s][info][gc          ] GC(46) Garbage Collection (Allocation Rate) 2452M(60%)->388M(10%)
[27.039s][info][gc,start    ] GC(47) Garbage Collection (Allocation Rate)
[27.039s][info][gc,phases   ] GC(47) Pause Mark Start 0.093ms
[27.081s][info][gc,phases   ] GC(47) Concurrent Mark 42.418ms
[27.082s][info][gc,phases   ] GC(47) Pause Mark End 0.280ms
[27.084s][info][gc,phases   ] GC(47) Concurrent Process Non-Strong References 1.688ms
[27.085s][info][gc,phases   ] GC(47) Concurrent Reset Relocation Set 0.954ms
[27.089s][info][gc,phases   ] GC(47) Concurrent Select Relocation Set 4.044ms
[27.089s][info][gc,phases   ] GC(47) Pause Relocate Start 0.147ms
[27.090s][info][gc,phases   ] GC(47) Concurrent Relocate 0.784ms
[27.090s][info][gc,load     ] GC(47) Load: 0.00/0.00/0.00
[27.090s][info][gc,mmu      ] GC(47) MMU: 2ms/77.0%, 5ms/89.5%, 10ms/94.4%, 20ms/97.2%, 50ms/98.7%, 100ms/99.4%
[27.090s][info][gc,marking  ] GC(47) Mark: 1 stripe(s), 2 proactive flush(es), 1 terminate flush(es), 1 completion(s), 0 continuation(s) 
[27.090s][info][gc,nmethod  ] GC(47) NMethods: 1467 registered, 0 unregistered
[27.090s][info][gc,metaspace] GC(47) Metaspace: 4M used, 4M capacity, 4M committed, 1032M reserved
[27.090s][info][gc,ref      ] GC(47) Soft: 261 encountered, 0 discovered, 0 enqueued
[27.090s][info][gc,ref      ] GC(47) Weak: 280 encountered, 229 discovered, 0 enqueued
[27.090s][info][gc,ref      ] GC(47) Final: 1 encountered, 0 discovered, 0 enqueued
[27.090s][info][gc,ref      ] GC(47) Phantom: 39 encountered, 30 discovered, 0 enqueued
[27.090s][info][gc,reloc    ] GC(47) Small Pages: 1435 / 2870M(100%), Empty: 2810M(98%), Compacting: 8M(0%)->2M(0%)
[27.090s][info][gc,reloc    ] GC(47) Medium Pages: 0 / 0M(0%), Empty: 0M(0%), Compacting: 0M(0%)->0M(0%)
[27.090s][info][gc,reloc    ] GC(47) Large Pages: 1 / 8M(0%), Empty: 0M(0%), Compacting: 0M(0%)->0M(0%)
[27.090s][info][gc,reloc    ] GC(47) Relocation: Successful
[27.090s][info][gc,heap     ] GC(47) Min Capacity: 42M(1%)
[27.090s][info][gc,heap     ] GC(47) Max Capacity: 4060M(100%)
[27.090s][info][gc,heap     ] GC(47) Soft Max Capacity: 4060M(100%)
[27.090s][info][gc,heap     ] GC(47)                Mark Start          Mark End        Relocate Start      Relocate End           High               Low         
[27.090s][info][gc,heap     ] GC(47)  Capacity:     3078M (76%)        3078M (76%)        3078M (76%)        3078M (76%)        3078M (76%)        3078M (76%)    
[27.090s][info][gc,heap     ] GC(47)   Reserve:       42M (1%)           42M (1%)           42M (1%)           42M (1%)           42M (1%)           42M (1%)     
[27.090s][info][gc,heap     ] GC(47)      Free:     1140M (28%)        1006M (25%)        3794M (93%)        3792M (93%)        3804M (94%)         996M (25%)    
[27.090s][info][gc,heap     ] GC(47)      Used:     2878M (71%)        3012M (74%)         224M (6%)          226M (6%)         3022M (74%)         214M (5%)     
[27.090s][info][gc,heap     ] GC(47)      Live:         -                53M (1%)           53M (1%)           53M (1%)             -                  -          
[27.090s][info][gc,heap     ] GC(47) Allocated:         -               134M (3%)          156M (4%)          166M (4%)             -                  -          
[27.090s][info][gc,heap     ] GC(47)   Garbage:         -              2824M (70%)          14M (0%)           14M (0%)             -                  -          
[27.090s][info][gc,heap     ] GC(47) Reclaimed:         -                  -              2810M (69%)        2810M (69%)            -                  -          
[27.090s][info][gc          ] GC(47) Garbage Collection (Allocation Rate) 2878M(71%)->226M(6%)
[27.638s][info][gc,start    ] GC(48) Garbage Collection (Allocation Rate)
[27.638s][info][gc,phases   ] GC(48) Pause Mark Start 0.109ms
[27.674s][info][gc,phases   ] GC(48) Concurrent Mark 35.950ms
[27.675s][info][gc,phases   ] GC(48) Pause Mark End 0.285ms
[27.677s][info][gc,phases   ] GC(48) Concurrent Process Non-Strong References 2.225ms
[27.677s][info][gc,phases   ] GC(48) Concurrent Reset Relocation Set 0.057ms
[27.682s][info][gc,phases   ] GC(48) Concurrent Select Relocation Set 4.716ms
[27.682s][info][gc,phases   ] GC(48) Pause Relocate Start 0.065ms
[27.706s][info][gc,phases   ] GC(48) Concurrent Relocate 23.696ms
[27.706s][info][gc,load     ] GC(48) Load: 0.00/0.00/0.00
[27.706s][info][gc,mmu      ] GC(48) MMU: 2ms/77.0%, 5ms/89.5%, 10ms/94.4%, 20ms/97.2%, 50ms/98.7%, 100ms/99.4%
[27.706s][info][gc,marking  ] GC(48) Mark: 1 stripe(s), 2 proactive flush(es), 1 terminate flush(es), 1 completion(s), 0 continuation(s) 
[27.706s][info][gc,nmethod  ] GC(48) NMethods: 1467 registered, 0 unregistered
[27.706s][info][gc,metaspace] GC(48) Metaspace: 4M used, 4M capacity, 4M committed, 1032M reserved
[27.706s][info][gc,ref      ] GC(48) Soft: 261 encountered, 0 discovered, 0 enqueued
[27.706s][info][gc,ref      ] GC(48) Weak: 280 encountered, 229 discovered, 0 enqueued
[27.706s][info][gc,ref      ] GC(48) Final: 1 encountered, 0 discovered, 0 enqueued
[27.706s][info][gc,ref      ] GC(48) Phantom: 39 encountered, 30 discovered, 0 enqueued
[27.706s][info][gc,reloc    ] GC(48) Small Pages: 1278 / 2556M(100%), Empty: 2454M(96%), Compacting: 78M(3%)->24M(1%)
[27.706s][info][gc,reloc    ] GC(48) Medium Pages: 0 / 0M(0%), Empty: 0M(0%), Compacting: 0M(0%)->0M(0%)
[27.706s][info][gc,reloc    ] GC(48) Large Pages: 1 / 8M(0%), Empty: 0M(0%), Compacting: 0M(0%)->0M(0%)
[27.706s][info][gc,reloc    ] GC(48) Relocation: Successful
[27.706s][info][gc,heap     ] GC(48) Min Capacity: 42M(1%)
[27.706s][info][gc,heap     ] GC(48) Max Capacity: 4060M(100%)
[27.706s][info][gc,heap     ] GC(48) Soft Max Capacity: 4060M(100%)
[27.706s][info][gc,heap     ] GC(48)                Mark Start          Mark End        Relocate Start      Relocate End           High               Low         
[27.706s][info][gc,heap     ] GC(48)  Capacity:     3078M (76%)        3078M (76%)        3078M (76%)        3078M (76%)        3078M (76%)        3078M (76%)    
[27.706s][info][gc,heap     ] GC(48)   Reserve:       42M (1%)           42M (1%)           42M (1%)           42M (1%)           42M (1%)           42M (1%)     
[27.706s][info][gc,heap     ] GC(48)      Free:     1454M (36%)        1302M (32%)        3726M (92%)        3688M (91%)        3744M (92%)        1292M (32%)    
[27.706s][info][gc,heap     ] GC(48)      Used:     2564M (63%)        2716M (67%)         292M (7%)          330M (8%)         2726M (67%)         274M (7%)     
[27.706s][info][gc,heap     ] GC(48)      Live:         -                49M (1%)           49M (1%)           49M (1%)             -                  -          
[27.706s][info][gc,heap     ] GC(48) Allocated:         -               152M (4%)          182M (4%)          298M (7%)             -                  -          
[27.706s][info][gc,heap     ] GC(48)   Garbage:         -              2514M (62%)          60M (1%)            6M (0%)             -                  -          
[27.706s][info][gc,heap     ] GC(48) Reclaimed:         -                  -              2454M (60%)        2508M (62%)            -                  -          
[27.706s][info][gc          ] GC(48) Garbage Collection (Allocation Rate) 2564M(63%)->330M(8%)
[28.139s][info][gc,start    ] GC(49) Garbage Collection (Allocation Rate)
[28.139s][info][gc,phases   ] GC(49) Pause Mark Start 0.060ms
[28.177s][info][gc,phases   ] GC(49) Concurrent Mark 37.997ms
[28.177s][info][gc,phases   ] GC(49) Pause Mark End 0.207ms
[28.179s][info][gc,phases   ] GC(49) Concurrent Process Non-Strong References 1.426ms
[28.179s][info][gc,phases   ] GC(49) Concurrent Reset Relocation Set 0.051ms
[28.183s][info][gc,phases   ] GC(49) Concurrent Select Relocation Set 3.891ms
[28.183s][info][gc,phases   ] GC(49) Pause Relocate Start 0.065ms
[28.210s][info][gc,phases   ] GC(49) Concurrent Relocate 26.784ms
[28.210s][info][gc,load     ] GC(49) Load: 0.00/0.00/0.00
[28.210s][info][gc,mmu      ] GC(49) MMU: 2ms/77.0%, 5ms/89.5%, 10ms/94.4%, 20ms/97.2%, 50ms/98.7%, 100ms/99.4%
[28.210s][info][gc,marking  ] GC(49) Mark: 1 stripe(s), 2 proactive flush(es), 1 terminate flush(es), 1 completion(s), 0 continuation(s) 
[28.210s][info][gc,nmethod  ] GC(49) NMethods: 1467 registered, 0 unregistered
[28.210s][info][gc,metaspace] GC(49) Metaspace: 4M used, 4M capacity, 4M committed, 1032M reserved
[28.210s][info][gc,ref      ] GC(49) Soft: 261 encountered, 0 discovered, 0 enqueued
[28.210s][info][gc,ref      ] GC(49) Weak: 280 encountered, 229 discovered, 0 enqueued
[28.210s][info][gc,ref      ] GC(49) Final: 1 encountered, 0 discovered, 0 enqueued
[28.210s][info][gc,ref      ] GC(49) Phantom: 39 encountered, 30 discovered, 0 enqueued
[28.210s][info][gc,reloc    ] GC(49) Small Pages: 1174 / 2348M(100%), Empty: 2206M(94%), Compacting: 124M(5%)->46M(2%)
[28.210s][info][gc,reloc    ] GC(49) Medium Pages: 0 / 0M(0%), Empty: 0M(0%), Compacting: 0M(0%)->0M(0%)
[28.210s][info][gc,reloc    ] GC(49) Large Pages: 1 / 8M(0%), Empty: 0M(0%), Compacting: 0M(0%)->0M(0%)
[28.210s][info][gc,reloc    ] GC(49) Relocation: Successful
[28.210s][info][gc,heap     ] GC(49) Min Capacity: 42M(1%)
[28.210s][info][gc,heap     ] GC(49) Max Capacity: 4060M(100%)
[28.210s][info][gc,heap     ] GC(49) Soft Max Capacity: 4060M(100%)
[28.210s][info][gc,heap     ] GC(49)                Mark Start          Mark End        Relocate Start      Relocate End           High               Low         
[28.210s][info][gc,heap     ] GC(49)  Capacity:     3078M (76%)        3078M (76%)        3078M (76%)        3078M (76%)        3078M (76%)        3078M (76%)    
[28.210s][info][gc,heap     ] GC(49)   Reserve:       42M (1%)           42M (1%)           42M (1%)           42M (1%)           42M (1%)           42M (1%)     
[28.210s][info][gc,heap     ] GC(49)      Free:     1662M (41%)        1482M (37%)        3664M (90%)        3616M (89%)        3682M (91%)        1476M (36%)    
[28.210s][info][gc,heap     ] GC(49)      Used:     2356M (58%)        2536M (62%)         354M (9%)          402M (10%)        2542M (63%)         336M (8%)     
[28.210s][info][gc,heap     ] GC(49)      Live:         -                63M (2%)           63M (2%)           63M (2%)             -                  -          
[28.210s][info][gc,heap     ] GC(49) Allocated:         -               180M (4%)          204M (5%)          376M (9%)             -                  -          
[28.210s][info][gc,heap     ] GC(49)   Garbage:         -              2292M (56%)          86M (2%)            6M (0%)             -                  -          
[28.210s][info][gc,heap     ] GC(49) Reclaimed:         -                  -              2206M (54%)        2286M (56%)            -                  -          
[28.210s][info][gc          ] GC(49) Garbage Collection (Allocation Rate) 2356M(58%)->402M(10%)
[28.638s][info][gc,start    ] GC(50) Garbage Collection (Allocation Rate)
[28.638s][info][gc,phases   ] GC(50) Pause Mark Start 0.063ms
[28.678s][info][gc,phases   ] GC(50) Concurrent Mark 40.130ms
[28.679s][info][gc,phases   ] GC(50) Pause Mark End 0.231ms
[28.680s][info][gc,phases   ] GC(50) Concurrent Process Non-Strong References 1.548ms
[28.681s][info][gc,phases   ] GC(50) Concurrent Reset Relocation Set 0.841ms
[28.685s][info][gc,phases   ] GC(50) Concurrent Select Relocation Set 4.025ms
[28.685s][info][gc,phases   ] GC(50) Pause Relocate Start 0.063ms
[28.706s][info][gc,phases   ] GC(50) Concurrent Relocate 20.255ms
[28.706s][info][gc,load     ] GC(50) Load: 0.00/0.00/0.00
[28.706s][info][gc,mmu      ] GC(50) MMU: 2ms/77.0%, 5ms/89.5%, 10ms/94.4%, 20ms/97.2%, 50ms/98.7%, 100ms/99.4%
[28.706s][info][gc,marking  ] GC(50) Mark: 1 stripe(s), 2 proactive flush(es), 1 terminate flush(es), 1 completion(s), 0 continuation(s) 
[28.706s][info][gc,nmethod  ] GC(50) NMethods: 1467 registered, 0 unregistered
[28.706s][info][gc,metaspace] GC(50) Metaspace: 4M used, 4M capacity, 4M committed, 1032M reserved
[28.706s][info][gc,ref      ] GC(50) Soft: 261 encountered, 0 discovered, 0 enqueued
[28.706s][info][gc,ref      ] GC(50) Weak: 280 encountered, 229 discovered, 0 enqueued
[28.706s][info][gc,ref      ] GC(50) Final: 1 encountered, 0 discovered, 0 enqueued
[28.706s][info][gc,ref      ] GC(50) Phantom: 39 encountered, 30 discovered, 0 enqueued
[28.706s][info][gc,reloc    ] GC(50) Small Pages: 1200 / 2400M(100%), Empty: 2278M(95%), Compacting: 80M(3%)->28M(1%)
[28.706s][info][gc,reloc    ] GC(50) Medium Pages: 0 / 0M(0%), Empty: 0M(0%), Compacting: 0M(0%)->0M(0%)
[28.706s][info][gc,reloc    ] GC(50) Large Pages: 1 / 8M(0%), Empty: 0M(0%), Compacting: 0M(0%)->0M(0%)
[28.706s][info][gc,reloc    ] GC(50) Relocation: Successful
[28.706s][info][gc,heap     ] GC(50) Min Capacity: 42M(1%)
[28.706s][info][gc,heap     ] GC(50) Max Capacity: 4060M(100%)
[28.706s][info][gc,heap     ] GC(50) Soft Max Capacity: 4060M(100%)
[28.706s][info][gc,heap     ] GC(50)                Mark Start          Mark End        Relocate Start      Relocate End           High               Low         
[28.706s][info][gc,heap     ] GC(50)  Capacity:     3078M (76%)        3078M (76%)        3078M (76%)        3078M (76%)        3078M (76%)        3078M (76%)    
[28.706s][info][gc,heap     ] GC(50)   Reserve:       42M (1%)           42M (1%)           42M (1%)           42M (1%)           42M (1%)           42M (1%)     
[28.706s][info][gc,heap     ] GC(50)      Free:     1610M (40%)        1426M (35%)        3674M (90%)        3648M (90%)        3692M (91%)        1414M (35%)    
[28.706s][info][gc,heap     ] GC(50)      Used:     2408M (59%)        2592M (64%)         344M (8%)          370M (9%)         2604M (64%)         326M (8%)     
[28.706s][info][gc,heap     ] GC(50)      Live:         -                67M (2%)           67M (2%)           67M (2%)             -                  -          
[28.706s][info][gc,heap     ] GC(50) Allocated:         -               184M (5%)          214M (5%)          320M (8%)             -                  -          
[28.706s][info][gc,heap     ] GC(50)   Garbage:         -              2340M (58%)          62M (2%)           12M (0%)             -                  -          
[28.706s][info][gc,heap     ] GC(50) Reclaimed:         -                  -              2278M (56%)        2328M (57%)            -                  -          
[28.706s][info][gc          ] GC(50) Garbage Collection (Allocation Rate) 2408M(59%)->370M(9%)
[29.238s][info][gc,start    ] GC(51) Garbage Collection (Allocation Rate)
[29.238s][info][gc,phases   ] GC(51) Pause Mark Start 0.076ms
[29.275s][info][gc,phases   ] GC(51) Concurrent Mark 37.303ms
[29.276s][info][gc,phases   ] GC(51) Pause Mark End 0.199ms
[29.277s][info][gc,phases   ] GC(51) Concurrent Process Non-Strong References 1.524ms
[29.278s][info][gc,phases   ] GC(51) Concurrent Reset Relocation Set 0.998ms
[29.285s][info][gc,phases   ] GC(51) Concurrent Select Relocation Set 6.449ms
[29.285s][info][gc,phases   ] GC(51) Pause Relocate Start 0.065ms
[29.317s][info][gc,phases   ] GC(51) Concurrent Relocate 32.092ms
[29.317s][info][gc,load     ] GC(51) Load: 0.00/0.00/0.00
[29.317s][info][gc,mmu      ] GC(51) MMU: 2ms/77.0%, 5ms/89.5%, 10ms/94.4%, 20ms/97.2%, 50ms/98.7%, 100ms/99.4%
[29.317s][info][gc,marking  ] GC(51) Mark: 1 stripe(s), 2 proactive flush(es), 1 terminate flush(es), 1 completion(s), 0 continuation(s) 
[29.317s][info][gc,nmethod  ] GC(51) NMethods: 1467 registered, 0 unregistered
[29.317s][info][gc,metaspace] GC(51) Metaspace: 4M used, 4M capacity, 4M committed, 1032M reserved
[29.317s][info][gc,ref      ] GC(51) Soft: 261 encountered, 0 discovered, 0 enqueued
[29.317s][info][gc,ref      ] GC(51) Weak: 280 encountered, 229 discovered, 0 enqueued
[29.317s][info][gc,ref      ] GC(51) Final: 1 encountered, 0 discovered, 0 enqueued
[29.317s][info][gc,ref      ] GC(51) Phantom: 39 encountered, 30 discovered, 0 enqueued
[29.317s][info][gc,reloc    ] GC(51) Small Pages: 1402 / 2804M(100%), Empty: 2648M(94%), Compacting: 150M(5%)->54M(2%)
[29.317s][info][gc,reloc    ] GC(51) Medium Pages: 0 / 0M(0%), Empty: 0M(0%), Compacting: 0M(0%)->0M(0%)
[29.317s][info][gc,reloc    ] GC(51) Large Pages: 1 / 8M(0%), Empty: 0M(0%), Compacting: 0M(0%)->0M(0%)
[29.317s][info][gc,reloc    ] GC(51) Relocation: Successful
[29.317s][info][gc,heap     ] GC(51) Min Capacity: 42M(1%)
[29.317s][info][gc,heap     ] GC(51) Max Capacity: 4060M(100%)
[29.317s][info][gc,heap     ] GC(51) Soft Max Capacity: 4060M(100%)
[29.317s][info][gc,heap     ] GC(51)                Mark Start          Mark End        Relocate Start      Relocate End           High               Low         
[29.317s][info][gc,heap     ] GC(51)  Capacity:     3078M (76%)        3078M (76%)        3078M (76%)        3078M (76%)        3078M (76%)        3078M (76%)    
[29.317s][info][gc,heap     ] GC(51)   Reserve:       42M (1%)           42M (1%)           42M (1%)           42M (1%)           42M (1%)           42M (1%)     
[29.317s][info][gc,heap     ] GC(51)      Free:     1206M (30%)        1032M (25%)        3642M (90%)        3590M (88%)        3672M (90%)        1024M (25%)    
[29.317s][info][gc,heap     ] GC(51)      Used:     2812M (69%)        2986M (74%)         376M (9%)          428M (11%)        2994M (74%)         346M (9%)     
[29.317s][info][gc,heap     ] GC(51)      Live:         -                59M (1%)           59M (1%)           59M (1%)             -                  -          
[29.317s][info][gc,heap     ] GC(51) Allocated:         -               174M (4%)          212M (5%)          414M (10%)            -                  -          
[29.317s][info][gc,heap     ] GC(51)   Garbage:         -              2752M (68%)         104M (3%)            6M (0%)             -                  -          
[29.317s][info][gc,heap     ] GC(51) Reclaimed:         -                  -              2648M (65%)        2746M (68%)            -                  -          
[29.317s][info][gc          ] GC(51) Garbage Collection (Allocation Rate) 2812M(69%)->428M(11%)
[29.738s][info][gc,start    ] GC(52) Garbage Collection (Allocation Rate)
[29.738s][info][gc,phases   ] GC(52) Pause Mark Start 0.075ms
[29.777s][info][gc,phases   ] GC(52) Concurrent Mark 38.453ms
[29.777s][info][gc,phases   ] GC(52) Pause Mark End 0.254ms
[29.779s][info][gc,phases   ] GC(52) Concurrent Process Non-Strong References 1.503ms
[29.780s][info][gc,phases   ] GC(52) Concurrent Reset Relocation Set 1.364ms
[29.785s][info][gc,phases   ] GC(52) Concurrent Select Relocation Set 5.449ms
[29.786s][info][gc,phases   ] GC(52) Pause Relocate Start 0.062ms
[29.812s][info][gc,phases   ] GC(52) Concurrent Relocate 25.806ms
[29.812s][info][gc,load     ] GC(52) Load: 0.00/0.00/0.00
[29.812s][info][gc,mmu      ] GC(52) MMU: 2ms/77.0%, 5ms/89.5%, 10ms/94.4%, 20ms/97.2%, 50ms/98.7%, 100ms/99.4%
[29.812s][info][gc,marking  ] GC(52) Mark: 1 stripe(s), 2 proactive flush(es), 1 terminate flush(es), 1 completion(s), 0 continuation(s) 
[29.812s][info][gc,nmethod  ] GC(52) NMethods: 1467 registered, 0 unregistered
[29.812s][info][gc,metaspace] GC(52) Metaspace: 4M used, 4M capacity, 4M committed, 1032M reserved
[29.812s][info][gc,ref      ] GC(52) Soft: 261 encountered, 0 discovered, 0 enqueued
[29.812s][info][gc,ref      ] GC(52) Weak: 280 encountered, 229 discovered, 0 enqueued
[29.812s][info][gc,ref      ] GC(52) Final: 1 encountered, 0 discovered, 0 enqueued
[29.812s][info][gc,ref      ] GC(52) Phantom: 39 encountered, 30 discovered, 0 enqueued
[29.812s][info][gc,reloc    ] GC(52) Small Pages: 1204 / 2408M(100%), Empty: 2250M(93%), Compacting: 154M(6%)->46M(2%)
[29.812s][info][gc,reloc    ] GC(52) Medium Pages: 0 / 0M(0%), Empty: 0M(0%), Compacting: 0M(0%)->0M(0%)
[29.812s][info][gc,reloc    ] GC(52) Large Pages: 1 / 8M(0%), Empty: 0M(0%), Compacting: 0M(0%)->0M(0%)
[29.812s][info][gc,reloc    ] GC(52) Relocation: Successful
[29.812s][info][gc,heap     ] GC(52) Min Capacity: 42M(1%)
[29.812s][info][gc,heap     ] GC(52) Max Capacity: 4060M(100%)
[29.812s][info][gc,heap     ] GC(52) Soft Max Capacity: 4060M(100%)
[29.812s][info][gc,heap     ] GC(52)                Mark Start          Mark End        Relocate Start      Relocate End           High               Low         
[29.812s][info][gc,heap     ] GC(52)  Capacity:     3078M (76%)        3078M (76%)        3078M (76%)        3078M (76%)        3078M (76%)        3078M (76%)    
[29.812s][info][gc,heap     ] GC(52)   Reserve:       42M (1%)           42M (1%)           42M (1%)           42M (1%)           42M (1%)           42M (1%)     
[29.812s][info][gc,heap     ] GC(52)      Free:     1602M (39%)        1426M (35%)        3638M (90%)        3626M (89%)        3662M (90%)        1412M (35%)    
[29.812s][info][gc,heap     ] GC(52)      Used:     2416M (60%)        2592M (64%)         380M (9%)          392M (10%)        2606M (64%)         356M (9%)     
[29.812s][info][gc,heap     ] GC(52)      Live:         -                51M (1%)           51M (1%)           51M (1%)             -                  -          
[29.812s][info][gc,heap     ] GC(52) Allocated:         -               176M (4%)          214M (5%)          380M (9%)             -                  -          
[29.812s][info][gc,heap     ] GC(52)   Garbage:         -              2364M (58%)         114M (3%)            4M (0%)             -                  -          
[29.812s][info][gc,heap     ] GC(52) Reclaimed:         -                  -              2250M (55%)        2360M (58%)            -                  -          
[29.812s][info][gc          ] GC(52) Garbage Collection (Allocation Rate) 2416M(60%)->392M(10%)
[30.038s][info][gc,stats    ] === Garbage Collection Statistics =======================================================================================================================
[30.038s][info][gc,stats    ]                                                              Last 10s              Last 10m              Last 10h                Total
[30.038s][info][gc,stats    ]                                                              Avg / Max             Avg / Max             Avg / Max             Avg / Max
[30.038s][info][gc,stats    ]   Collector: Garbage Collection Cycle                     76.776 / 115.215      74.087 / 153.808      74.087 / 153.808      74.087 / 153.808     ms
[30.038s][info][gc,stats    ]  Contention: Mark Segment Reset Contention                     0 / 0                 0 / 0                 0 / 0                 0 / 0           ops/s
[30.038s][info][gc,stats    ]  Contention: Mark SeqNum Reset Contention                      0 / 0                 0 / 0                 0 / 0                 0 / 0           ops/s
[30.038s][info][gc,stats    ]  Contention: Relocation Contention                             0 / 2                 0 / 2                 0 / 2                 0 / 2           ops/s
[30.038s][info][gc,stats    ]    Critical: Allocation Stall                              0.000 / 0.000         0.000 / 0.000         0.000 / 0.000         0.000 / 0.000       ms
[30.038s][info][gc,stats    ]    Critical: Allocation Stall                                  0 / 0                 0 / 0                 0 / 0                 0 / 0           ops/s
[30.038s][info][gc,stats    ]    Critical: GC Locker Stall                               0.000 / 0.000         0.000 / 0.000         0.000 / 0.000         0.000 / 0.000       ms
[30.038s][info][gc,stats    ]    Critical: GC Locker Stall                                   0 / 0                 0 / 0                 0 / 0                 0 / 0           ops/s
[30.038s][info][gc,stats    ]      Memory: Allocation Rate                                4130 / 4694           4172 / 4716           4172 / 4716           4172 / 4716        MB/s
[30.038s][info][gc,stats    ]      Memory: Heap Used After Mark                           2698 / 3032           2581 / 3032           2581 / 3032           2581 / 3032        MB
[30.038s][info][gc,stats    ]      Memory: Heap Used After Relocation                      355 / 432             342 / 434             342 / 434             342 / 434         MB
[30.038s][info][gc,stats    ]      Memory: Heap Used Before Mark                          2526 / 2878           2409 / 2880           2409 / 2880           2409 / 2880        MB
[30.038s][info][gc,stats    ]      Memory: Heap Used Before Relocation                     326 / 380             322 / 382             322 / 382             322 / 382         MB
[30.038s][info][gc,stats    ]      Memory: Out Of Memory                                     0 / 0                 0 / 0                 0 / 0                 0 / 0           ops/s
[30.038s][info][gc,stats    ]      Memory: Page Cache Flush                                  0 / 0                 0 / 0                 0 / 0                 0 / 0           MB/s
[30.038s][info][gc,stats    ]      Memory: Page Cache Hit L1                              2090 / 2394           2055 / 2394           2055 / 2394           2055 / 2394        ops/s
[30.038s][info][gc,stats    ]      Memory: Page Cache Hit L2                                 0 / 0                 0 / 0                 0 / 0                 0 / 0           ops/s
[30.038s][info][gc,stats    ]      Memory: Page Cache Hit L3                                 0 / 0                 3 / 103               3 / 103               3 / 103         ops/s
[30.038s][info][gc,stats    ]      Memory: Page Cache Miss                                   0 / 0                 0 / 0                 0 / 0                 0 / 0           ops/s
[30.038s][info][gc,stats    ]      Memory: Uncommit                                          0 / 0                 0 / 0                 0 / 0                 0 / 0           MB/s
[30.038s][info][gc,stats    ]      Memory: Undo Object Allocation Failed                     0 / 0                 0 / 0                 0 / 0                 0 / 0           ops/s
[30.038s][info][gc,stats    ]      Memory: Undo Object Allocation Succeeded                  0 / 2                 0 / 2                 0 / 2                 0 / 2           ops/s
[30.038s][info][gc,stats    ]      Memory: Undo Page Allocation                              0 / 0                 0 / 0                 0 / 0                 0 / 0           ops/s
[30.038s][info][gc,stats    ]       Phase: Concurrent Mark                              47.313 / 77.240       50.434 / 106.230      50.434 / 106.230      50.434 / 106.230     ms
[30.038s][info][gc,stats    ]       Phase: Concurrent Mark Continue                      0.000 / 0.000         0.000 / 0.000         0.000 / 0.000         0.000 / 0.000       ms
[30.038s][info][gc,stats    ]       Phase: Concurrent Process Non-Strong References      1.868 / 3.379         1.774 / 3.379         1.774 / 3.379         1.774 / 3.379       ms
[30.038s][info][gc,stats    ]       Phase: Concurrent Relocate                          21.648 / 40.312       16.814 / 40.312       16.814 / 40.312       16.814 / 40.312      ms
[30.038s][info][gc,stats    ]       Phase: Concurrent Reset Relocation Set               0.513 / 1.488         0.412 / 1.503         0.412 / 1.503         0.412 / 1.503       ms
[30.038s][info][gc,stats    ]       Phase: Concurrent Select Relocation Set              4.166 / 6.449         3.423 / 7.978         3.423 / 7.978         3.423 / 7.978       ms
[30.038s][info][gc,stats    ]       Phase: Pause Mark End                                0.270 / 0.459         0.305 / 0.459         0.305 / 0.459         0.305 / 0.459       ms
[30.038s][info][gc,stats    ]       Phase: Pause Mark Start                              0.083 / 0.180         0.080 / 0.289         0.080 / 0.289         0.080 / 0.289       ms
[30.038s][info][gc,stats    ]       Phase: Pause Relocate Start                          0.082 / 0.147         0.076 / 0.152         0.076 / 0.152         0.076 / 0.152       ms
[30.038s][info][gc,stats    ]    Subphase: Concurrent Classes Purge                      0.092 / 0.200         0.083 / 0.200         0.083 / 0.200         0.083 / 0.200       ms
[30.038s][info][gc,stats    ]    Subphase: Concurrent Classes Unlink                     1.435 / 2.988         1.278 / 2.988         1.278 / 2.988         1.278 / 2.988       ms
[30.038s][info][gc,stats    ]    Subphase: Concurrent Mark                              47.174 / 77.062       50.269 / 106.127      50.269 / 106.127      50.269 / 106.127     ms
[30.038s][info][gc,stats    ]    Subphase: Concurrent Mark Idle                          0.000 / 0.000         0.000 / 0.000         0.000 / 0.000         0.000 / 0.000       ms
[30.038s][info][gc,stats    ]    Subphase: Concurrent Mark Try Flush                     0.072 / 0.140         0.067 / 0.160         0.067 / 0.160         0.067 / 0.160       ms
[30.038s][info][gc,stats    ]    Subphase: Concurrent Mark Try Terminate                 0.030 / 0.103         0.029 / 0.107         0.029 / 0.107         0.029 / 0.107       ms
[30.038s][info][gc,stats    ]    Subphase: Concurrent References Enqueue                 0.000 / 0.001         0.000 / 0.002         0.000 / 0.002         0.000 / 0.002       ms
[30.038s][info][gc,stats    ]    Subphase: Concurrent References Process                 0.061 / 0.131         0.057 / 0.131         0.057 / 0.131         0.057 / 0.131       ms
[30.038s][info][gc,stats    ]    Subphase: Concurrent Roots                              0.045 / 0.077         0.078 / 0.196         0.078 / 0.196         0.078 / 0.196       ms
[30.038s][info][gc,stats    ]    Subphase: Concurrent Roots ClassLoaderDataGraph         0.041 / 0.073         0.071 / 0.184         0.071 / 0.184         0.071 / 0.184       ms
[30.038s][info][gc,stats    ]    Subphase: Concurrent Roots JNIHandles                   0.002 / 0.002         0.003 / 0.009         0.003 / 0.009         0.003 / 0.009       ms
[30.038s][info][gc,stats    ]    Subphase: Concurrent Roots Setup                        0.003 / 0.003         0.003 / 0.008         0.003 / 0.008         0.003 / 0.008       ms
[30.038s][info][gc,stats    ]    Subphase: Concurrent Roots Teardown                     0.000 / 0.000         0.000 / 0.000         0.000 / 0.000         0.000 / 0.000       ms
[30.038s][info][gc,stats    ]    Subphase: Concurrent Roots VMHandles                    0.002 / 0.002         0.003 / 0.007         0.003 / 0.007         0.003 / 0.007       ms
[30.038s][info][gc,stats    ]    Subphase: Concurrent Weak Roots                         0.168 / 0.324         0.247 / 0.433         0.247 / 0.433         0.247 / 0.433       ms
[30.038s][info][gc,stats    ]    Subphase: Concurrent Weak Roots JNIWeakHandles          0.000 / 0.001         0.000 / 0.001         0.000 / 0.001         0.000 / 0.001       ms
[30.038s][info][gc,stats    ]    Subphase: Concurrent Weak Roots ResolvedMethodTable     0.007 / 0.018         0.009 / 0.018         0.009 / 0.018         0.009 / 0.018       ms
[30.038s][info][gc,stats    ]    Subphase: Concurrent Weak Roots StringTable             0.156 / 0.292         0.235 / 0.416         0.235 / 0.416         0.235 / 0.416       ms
[30.038s][info][gc,stats    ]    Subphase: Concurrent Weak Roots VMWeakHandles           0.003 / 0.010         0.003 / 0.010         0.003 / 0.010         0.003 / 0.010       ms
[30.038s][info][gc,stats    ]    Subphase: Pause Mark Try Complete                       0.156 / 0.279         0.192 / 0.348         0.192 / 0.348         0.192 / 0.348       ms
[30.038s][info][gc,stats    ]    Subphase: Pause Roots                                   0.016 / 0.080         0.015 / 0.246         0.015 / 0.246         0.015 / 0.246       ms
[30.038s][info][gc,stats    ]    Subphase: Pause Roots CodeCache                         0.000 / 0.000         0.000 / 0.000         0.000 / 0.000         0.000 / 0.000       ms
[30.038s][info][gc,stats    ]    Subphase: Pause Roots JVMTIExport                       0.001 / 0.004         0.001 / 0.004         0.001 / 0.004         0.001 / 0.004       ms
[30.038s][info][gc,stats    ]    Subphase: Pause Roots JVMTIWeakExport                   0.001 / 0.001         0.001 / 0.001         0.001 / 0.001         0.001 / 0.001       ms
[30.038s][info][gc,stats    ]    Subphase: Pause Roots Java Threads                      0.020 / 0.079         0.020 / 0.246         0.020 / 0.246         0.020 / 0.246       ms
[30.038s][info][gc,stats    ]    Subphase: Pause Roots Management                        0.001 / 0.004         0.001 / 0.004         0.001 / 0.004         0.001 / 0.004       ms
[30.038s][info][gc,stats    ]    Subphase: Pause Roots ObjectSynchronizer                0.000 / 0.002         0.000 / 0.022         0.000 / 0.022         0.000 / 0.022       ms
[30.038s][info][gc,stats    ]    Subphase: Pause Roots Setup                             0.000 / 0.001         0.000 / 0.001         0.000 / 0.001         0.000 / 0.001       ms
[30.038s][info][gc,stats    ]    Subphase: Pause Roots Teardown                          0.001 / 0.002         0.001 / 0.002         0.001 / 0.002         0.001 / 0.002       ms
[30.038s][info][gc,stats    ]    Subphase: Pause Roots Universe                          0.002 / 0.005         0.002 / 0.015         0.002 / 0.015         0.002 / 0.015       ms
[30.038s][info][gc,stats    ]    Subphase: Pause Roots VM Thread                         0.001 / 0.003         0.001 / 0.003         0.001 / 0.003         0.001 / 0.003       ms
[30.038s][info][gc,stats    ]    Subphase: Pause Weak Roots                              0.004 / 0.086         0.003 / 0.086         0.003 / 0.086         0.003 / 0.086       ms
[30.038s][info][gc,stats    ]    Subphase: Pause Weak Roots JFRWeak                      0.018 / 0.082         0.014 / 0.082         0.014 / 0.082         0.014 / 0.082       ms
[30.038s][info][gc,stats    ]    Subphase: Pause Weak Roots JVMTIWeakExport              0.001 / 0.003         0.001 / 0.003         0.001 / 0.003         0.001 / 0.003       ms
[30.038s][info][gc,stats    ]    Subphase: Pause Weak Roots Setup                        0.000 / 0.001         0.000 / 0.001         0.000 / 0.001         0.000 / 0.001       ms
[30.039s][info][gc,stats    ]    Subphase: Pause Weak Roots Teardown                     0.000 / 0.000         0.000 / 0.000         0.000 / 0.000         0.000 / 0.000       ms
[30.039s][info][gc,stats    ]      System: Java Threads                                     14 / 14               14 / 15               14 / 15               14 / 15          threads
[30.039s][info][gc,stats    ] =========================================================================================================================================================
[30.239s][info][gc,start    ] GC(53) Garbage Collection (Allocation Rate)
[30.239s][info][gc,phases   ] GC(53) Pause Mark Start 0.048ms
[30.274s][info][gc,phases   ] GC(53) Concurrent Mark 35.321ms
[30.274s][info][gc,phases   ] GC(53) Pause Mark End 0.230ms
[30.276s][info][gc,phases   ] GC(53) Concurrent Process Non-Strong References 1.686ms
[30.277s][info][gc,phases   ] GC(53) Concurrent Reset Relocation Set 0.803ms
[30.281s][info][gc,phases   ] GC(53) Concurrent Select Relocation Set 3.467ms
[30.281s][info][gc,phases   ] GC(53) Pause Relocate Start 0.072ms
[30.301s][info][gc,phases   ] GC(53) Concurrent Relocate 19.767ms
[30.301s][info][gc,load     ] GC(53) Load: 0.00/0.00/0.00
[30.301s][info][gc,mmu      ] GC(53) MMU: 2ms/77.0%, 5ms/89.5%, 10ms/94.4%, 20ms/97.2%, 50ms/98.7%, 100ms/99.4%
[30.301s][info][gc,marking  ] GC(53) Mark: 1 stripe(s), 2 proactive flush(es), 1 terminate flush(es), 1 completion(s), 0 continuation(s) 
[30.301s][info][gc,nmethod  ] GC(53) NMethods: 1467 registered, 0 unregistered
[30.301s][info][gc,metaspace] GC(53) Metaspace: 4M used, 4M capacity, 4M committed, 1032M reserved
[30.301s][info][gc,ref      ] GC(53) Soft: 261 encountered, 0 discovered, 0 enqueued
[30.301s][info][gc,ref      ] GC(53) Weak: 280 encountered, 229 discovered, 0 enqueued
[30.301s][info][gc,ref      ] GC(53) Final: 1 encountered, 0 discovered, 0 enqueued
[30.301s][info][gc,ref      ] GC(53) Phantom: 39 encountered, 30 discovered, 0 enqueued
[30.301s][info][gc,reloc    ] GC(53) Small Pages: 1219 / 2438M(100%), Empty: 2324M(95%), Compacting: 96M(4%)->34M(1%)
[30.301s][info][gc,reloc    ] GC(53) Medium Pages: 0 / 0M(0%), Empty: 0M(0%), Compacting: 0M(0%)->0M(0%)
[30.301s][info][gc,reloc    ] GC(53) Large Pages: 1 / 8M(0%), Empty: 0M(0%), Compacting: 0M(0%)->0M(0%)
[30.301s][info][gc,reloc    ] GC(53) Relocation: Successful
[30.301s][info][gc,heap     ] GC(53) Min Capacity: 42M(1%)
[30.301s][info][gc,heap     ] GC(53) Max Capacity: 4060M(100%)
[30.301s][info][gc,heap     ] GC(53) Soft Max Capacity: 4060M(100%)
[30.301s][info][gc,heap     ] GC(53)                Mark Start          Mark End        Relocate Start      Relocate End           High               Low         
[30.301s][info][gc,heap     ] GC(53)  Capacity:     3078M (76%)        3078M (76%)        3078M (76%)        3078M (76%)        3078M (76%)        3078M (76%)    
[30.301s][info][gc,heap     ] GC(53)   Reserve:       42M (1%)           42M (1%)           42M (1%)           42M (1%)           42M (1%)           42M (1%)     
[30.301s][info][gc,heap     ] GC(53)      Free:     1572M (39%)        1414M (35%)        3710M (91%)        3678M (91%)        3726M (92%)        1402M (35%)    
[30.301s][info][gc,heap     ] GC(53)      Used:     2446M (60%)        2604M (64%)         308M (8%)          340M (8%)         2616M (64%)         292M (7%)     
[30.301s][info][gc,heap     ] GC(53)      Live:         -                52M (1%)           52M (1%)           52M (1%)             -                  -          
[30.301s][info][gc,heap     ] GC(53) Allocated:         -               158M (4%)          186M (5%)          314M (8%)             -                  -          
[30.301s][info][gc,heap     ] GC(53)   Garbage:         -              2393M (59%)          69M (2%)            7M (0%)             -                  -          
[30.301s][info][gc,heap     ] GC(53) Reclaimed:         -                  -              2324M (57%)        2386M (59%)            -                  -          
[30.301s][info][gc          ] GC(53) Garbage Collection (Allocation Rate) 2446M(60%)->340M(8%)
[30.737s][info][gc,start    ] GC(54) Garbage Collection (Allocation Rate)
[30.737s][info][gc,phases   ] GC(54) Pause Mark Start 0.066ms
[30.766s][info][gc,phases   ] GC(54) Concurrent Mark 28.701ms
[30.766s][info][gc,phases   ] GC(54) Pause Mark End 0.224ms
[30.768s][info][gc,phases   ] GC(54) Concurrent Process Non-Strong References 1.559ms
[30.769s][info][gc,phases   ] GC(54) Concurrent Reset Relocation Set 0.755ms
[30.770s][info][gc,phases   ] GC(54) Concurrent Select Relocation Set 1.675ms
[30.771s][info][gc,phases   ] GC(54) Pause Relocate Start 0.063ms
[30.771s][info][gc,phases   ] GC(54) Concurrent Relocate 0.616ms
[30.771s][info][gc,load     ] GC(54) Load: 0.00/0.00/0.00
[30.771s][info][gc,mmu      ] GC(54) MMU: 2ms/77.0%, 5ms/89.5%, 10ms/94.4%, 20ms/97.2%, 50ms/98.7%, 100ms/99.4%
[30.771s][info][gc,marking  ] GC(54) Mark: 1 stripe(s), 2 proactive flush(es), 1 terminate flush(es), 1 completion(s), 0 continuation(s) 
[30.771s][info][gc,nmethod  ] GC(54) NMethods: 1467 registered, 0 unregistered
[30.771s][info][gc,metaspace] GC(54) Metaspace: 4M used, 4M capacity, 4M committed, 1032M reserved
[30.771s][info][gc,ref      ] GC(54) Soft: 261 encountered, 0 discovered, 0 enqueued
[30.771s][info][gc,ref      ] GC(54) Weak: 280 encountered, 229 discovered, 0 enqueued
[30.771s][info][gc,ref      ] GC(54) Final: 1 encountered, 0 discovered, 0 enqueued
[30.771s][info][gc,ref      ] GC(54) Phantom: 39 encountered, 30 discovered, 0 enqueued
[30.771s][info][gc,reloc    ] GC(54) Small Pages: 1218 / 2436M(100%), Empty: 2384M(98%), Compacting: 10M(0%)->2M(0%)
[30.771s][info][gc,reloc    ] GC(54) Medium Pages: 0 / 0M(0%), Empty: 0M(0%), Compacting: 0M(0%)->0M(0%)
[30.772s][info][gc,reloc    ] GC(54) Large Pages: 1 / 8M(0%), Empty: 0M(0%), Compacting: 0M(0%)->0M(0%)
[30.772s][info][gc,reloc    ] GC(54) Relocation: Successful
[30.772s][info][gc,heap     ] GC(54) Min Capacity: 42M(1%)
[30.772s][info][gc,heap     ] GC(54) Max Capacity: 4060M(100%)
[30.772s][info][gc,heap     ] GC(54) Soft Max Capacity: 4060M(100%)
[30.772s][info][gc,heap     ] GC(54)                Mark Start          Mark End        Relocate Start      Relocate End           High               Low         
[30.772s][info][gc,heap     ] GC(54)  Capacity:     3078M (76%)        3078M (76%)        3078M (76%)        3078M (76%)        3078M (76%)        3078M (76%)    
[30.772s][info][gc,heap     ] GC(54)   Reserve:       42M (1%)           42M (1%)           42M (1%)           42M (1%)           42M (1%)           42M (1%)     
[30.772s][info][gc,heap     ] GC(54)      Free:     1574M (39%)        1436M (35%)        3802M (94%)        3806M (94%)        3810M (94%)        1426M (35%)    
[30.772s][info][gc,heap     ] GC(54)      Used:     2444M (60%)        2582M (64%)         216M (5%)          212M (5%)         2592M (64%)         208M (5%)     
[30.772s][info][gc,heap     ] GC(54)      Live:         -                45M (1%)           45M (1%)           45M (1%)             -                  -          
[30.772s][info][gc,heap     ] GC(54) Allocated:         -               138M (3%)          156M (4%)          162M (4%)             -                  -          
[30.772s][info][gc,heap     ] GC(54)   Garbage:         -              2398M (59%)          14M (0%)            8M (0%)             -                  -          
[30.772s][info][gc,heap     ] GC(54) Reclaimed:         -                  -              2384M (59%)        2390M (59%)            -                  -          
[30.772s][info][gc          ] GC(54) Garbage Collection (Allocation Rate) 2444M(60%)->212M(5%)
[31.238s][info][gc,start    ] GC(55) Garbage Collection (Allocation Rate)
[31.238s][info][gc,phases   ] GC(55) Pause Mark Start 0.064ms
[31.279s][info][gc,phases   ] GC(55) Concurrent Mark 41.148ms
[31.280s][info][gc,phases   ] GC(55) Pause Mark End 0.223ms
[31.281s][info][gc,phases   ] GC(55) Concurrent Process Non-Strong References 1.507ms
[31.281s][info][gc,phases   ] GC(55) Concurrent Reset Relocation Set 0.022ms
[31.283s][info][gc,phases   ] GC(55) Concurrent Select Relocation Set 1.702ms
[31.283s][info][gc,phases   ] GC(55) Pause Relocate Start 0.057ms
[31.284s][info][gc,phases   ] GC(55) Concurrent Relocate 0.125ms
[31.284s][info][gc,load     ] GC(55) Load: 0.00/0.00/0.00
[31.284s][info][gc,mmu      ] GC(55) MMU: 2ms/77.0%, 5ms/89.5%, 10ms/94.4%, 20ms/97.2%, 50ms/98.7%, 100ms/99.4%
[31.284s][info][gc,marking  ] GC(55) Mark: 1 stripe(s), 2 proactive flush(es), 1 terminate flush(es), 1 completion(s), 0 continuation(s) 
[31.284s][info][gc,nmethod  ] GC(55) NMethods: 1467 registered, 0 unregistered
[31.284s][info][gc,metaspace] GC(55) Metaspace: 4M used, 4M capacity, 4M committed, 1032M reserved
[31.284s][info][gc,ref      ] GC(55) Soft: 261 encountered, 0 discovered, 0 enqueued
[31.284s][info][gc,ref      ] GC(55) Weak: 280 encountered, 229 discovered, 0 enqueued
[31.284s][info][gc,ref      ] GC(55) Final: 1 encountered, 0 discovered, 0 enqueued
[31.284s][info][gc,ref      ] GC(55) Phantom: 39 encountered, 30 discovered, 0 enqueued
[31.284s][info][gc,reloc    ] GC(55) Small Pages: 1218 / 2436M(100%), Empty: 2352M(96%), Compacting: 8M(0%)->2M(0%)
[31.284s][info][gc,reloc    ] GC(55) Medium Pages: 0 / 0M(0%), Empty: 0M(0%), Compacting: 0M(0%)->0M(0%)
[31.284s][info][gc,reloc    ] GC(55) Large Pages: 1 / 8M(0%), Empty: 0M(0%), Compacting: 0M(0%)->0M(0%)
[31.284s][info][gc,reloc    ] GC(55) Relocation: Successful
[31.284s][info][gc,heap     ] GC(55) Min Capacity: 42M(1%)
[31.284s][info][gc,heap     ] GC(55) Max Capacity: 4060M(100%)
[31.284s][info][gc,heap     ] GC(55) Soft Max Capacity: 4060M(100%)
[31.284s][info][gc,heap     ] GC(55)                Mark Start          Mark End        Relocate Start      Relocate End           High               Low         
[31.284s][info][gc,heap     ] GC(55)  Capacity:     3078M (76%)        3078M (76%)        3078M (76%)        3078M (76%)        3078M (76%)        3078M (76%)    
[31.284s][info][gc,heap     ] GC(55)   Reserve:       42M (1%)           42M (1%)           42M (1%)           42M (1%)           42M (1%)           42M (1%)     
[31.284s][info][gc,heap     ] GC(55)      Free:     1574M (39%)        1380M (34%)        3718M (92%)        3720M (92%)        3726M (92%)        1374M (34%)    
[31.284s][info][gc,heap     ] GC(55)      Used:     2444M (60%)        2638M (65%)         300M (7%)          298M (7%)         2644M (65%)         292M (7%)     
[31.284s][info][gc,heap     ] GC(55)      Live:         -                73M (2%)           73M (2%)           73M (2%)             -                  -          
[31.284s][info][gc,heap     ] GC(55) Allocated:         -               194M (5%)          208M (5%)          214M (5%)             -                  -          
[31.284s][info][gc,heap     ] GC(55)   Garbage:         -              2370M (58%)          18M (0%)           14M (0%)             -                  -          
[31.284s][info][gc,heap     ] GC(55) Reclaimed:         -                  -              2352M (58%)        2356M (58%)            -                  -          
[31.284s][info][gc          ] GC(55) Garbage Collection (Allocation Rate) 2444M(60%)->298M(7%)
[31.838s][info][gc,start    ] GC(56) Garbage Collection (Allocation Rate)
[31.838s][info][gc,phases   ] GC(56) Pause Mark Start 0.063ms
[31.883s][info][gc,phases   ] GC(56) Concurrent Mark 44.720ms
[31.884s][info][gc,phases   ] GC(56) Pause Mark End 0.225ms
[31.885s][info][gc,phases   ] GC(56) Concurrent Process Non-Strong References 1.539ms
[31.885s][info][gc,phases   ] GC(56) Concurrent Reset Relocation Set 0.009ms
[31.887s][info][gc,phases   ] GC(56) Concurrent Select Relocation Set 1.365ms
[31.887s][info][gc,phases   ] GC(56) Pause Relocate Start 0.061ms
[31.887s][info][gc,phases   ] GC(56) Concurrent Relocate 0.120ms
[31.887s][info][gc,load     ] GC(56) Load: 0.00/0.00/0.00
[31.887s][info][gc,mmu      ] GC(56) MMU: 2ms/77.0%, 5ms/89.5%, 10ms/94.4%, 20ms/97.2%, 50ms/98.7%, 100ms/99.4%
[31.887s][info][gc,marking  ] GC(56) Mark: 1 stripe(s), 2 proactive flush(es), 1 terminate flush(es), 1 completion(s), 0 continuation(s) 
[31.887s][info][gc,nmethod  ] GC(56) NMethods: 1467 registered, 0 unregistered
[31.887s][info][gc,metaspace] GC(56) Metaspace: 4M used, 4M capacity, 4M committed, 1032M reserved
[31.887s][info][gc,ref      ] GC(56) Soft: 261 encountered, 0 discovered, 0 enqueued
[31.887s][info][gc,ref      ] GC(56) Weak: 280 encountered, 229 discovered, 0 enqueued
[31.887s][info][gc,ref      ] GC(56) Final: 1 encountered, 0 discovered, 0 enqueued
[31.887s][info][gc,ref      ] GC(56) Phantom: 39 encountered, 30 discovered, 0 enqueued
[31.887s][info][gc,reloc    ] GC(56) Small Pages: 1476 / 2952M(100%), Empty: 2858M(97%), Compacting: 10M(0%)->2M(0%)
[31.887s][info][gc,reloc    ] GC(56) Medium Pages: 0 / 0M(0%), Empty: 0M(0%), Compacting: 0M(0%)->0M(0%)
[31.887s][info][gc,reloc    ] GC(56) Large Pages: 1 / 8M(0%), Empty: 0M(0%), Compacting: 0M(0%)->0M(0%)
[31.887s][info][gc,reloc    ] GC(56) Relocation: Successful
[31.887s][info][gc,heap     ] GC(56) Min Capacity: 42M(1%)
[31.887s][info][gc,heap     ] GC(56) Max Capacity: 4060M(100%)
[31.887s][info][gc,heap     ] GC(56) Soft Max Capacity: 4060M(100%)
[31.887s][info][gc,heap     ] GC(56)                Mark Start          Mark End        Relocate Start      Relocate End           High               Low         
[31.887s][info][gc,heap     ] GC(56)  Capacity:     3078M (76%)        3134M (77%)        3138M (77%)        3138M (77%)        3138M (77%)        3078M (76%)    
[31.887s][info][gc,heap     ] GC(56)   Reserve:       42M (1%)           42M (1%)           42M (1%)           42M (1%)           42M (1%)           42M (1%)     
[31.887s][info][gc,heap     ] GC(56)      Free:     1058M (26%)         926M (23%)        3774M (93%)        3776M (93%)        3780M (93%)         922M (23%)    
[31.887s][info][gc,heap     ] GC(56)      Used:     2960M (73%)        3092M (76%)         244M (6%)          242M (6%)         3096M (76%)         238M (6%)     
[31.887s][info][gc,heap     ] GC(56)      Live:         -                80M (2%)           80M (2%)           80M (2%)             -                  -          
[31.887s][info][gc,heap     ] GC(56) Allocated:         -               132M (3%)          142M (3%)          150M (4%)             -                  -          
[31.887s][info][gc,heap     ] GC(56)   Garbage:         -              2879M (71%)          21M (1%)           19M (0%)             -                  -          
[31.887s][info][gc,heap     ] GC(56) Reclaimed:         -                  -              2858M (70%)        2860M (70%)            -                  -          
[31.887s][info][gc          ] GC(56) Garbage Collection (Allocation Rate) 2960M(73%)->242M(6%)
[32.439s][info][gc,start    ] GC(57) Garbage Collection (Allocation Rate)
[32.439s][info][gc,phases   ] GC(57) Pause Mark Start 0.060ms
[32.472s][info][gc,phases   ] GC(57) Concurrent Mark 33.468ms
[32.473s][info][gc,phases   ] GC(57) Pause Mark End 0.192ms
[32.474s][info][gc,phases   ] GC(57) Concurrent Process Non-Strong References 1.727ms
[32.475s][info][gc,phases   ] GC(57) Concurrent Reset Relocation Set 0.014ms
[32.478s][info][gc,phases   ] GC(57) Concurrent Select Relocation Set 3.815ms
[32.479s][info][gc,phases   ] GC(57) Pause Relocate Start 0.103ms
[32.501s][info][gc,phases   ] GC(57) Concurrent Relocate 22.380ms
[32.501s][info][gc,load     ] GC(57) Load: 0.00/0.00/0.00
[32.501s][info][gc,mmu      ] GC(57) MMU: 2ms/77.0%, 5ms/89.5%, 10ms/94.4%, 20ms/97.2%, 50ms/98.7%, 100ms/99.4%
[32.501s][info][gc,marking  ] GC(57) Mark: 1 stripe(s), 2 proactive flush(es), 1 terminate flush(es), 1 completion(s), 0 continuation(s) 
[32.501s][info][gc,nmethod  ] GC(57) NMethods: 1467 registered, 0 unregistered
[32.501s][info][gc,metaspace] GC(57) Metaspace: 4M used, 4M capacity, 4M committed, 1032M reserved
[32.501s][info][gc,ref      ] GC(57) Soft: 261 encountered, 0 discovered, 0 enqueued
[32.501s][info][gc,ref      ] GC(57) Weak: 280 encountered, 229 discovered, 0 enqueued
[32.501s][info][gc,ref      ] GC(57) Final: 1 encountered, 0 discovered, 0 enqueued
[32.501s][info][gc,ref      ] GC(57) Phantom: 39 encountered, 30 discovered, 0 enqueued
[32.501s][info][gc,reloc    ] GC(57) Small Pages: 1444 / 2888M(100%), Empty: 2770M(96%), Compacting: 98M(3%)->34M(1%)
[32.501s][info][gc,reloc    ] GC(57) Medium Pages: 0 / 0M(0%), Empty: 0M(0%), Compacting: 0M(0%)->0M(0%)
[32.501s][info][gc,reloc    ] GC(57) Large Pages: 1 / 8M(0%), Empty: 0M(0%), Compacting: 0M(0%)->0M(0%)
[32.501s][info][gc,reloc    ] GC(57) Relocation: Successful
[32.501s][info][gc,heap     ] GC(57) Min Capacity: 42M(1%)
[32.501s][info][gc,heap     ] GC(57) Max Capacity: 4060M(100%)
[32.501s][info][gc,heap     ] GC(57) Soft Max Capacity: 4060M(100%)
[32.501s][info][gc,heap     ] GC(57)                Mark Start          Mark End        Relocate Start      Relocate End           High               Low         
[32.501s][info][gc,heap     ] GC(57)  Capacity:     3138M (77%)        3138M (77%)        3138M (77%)        3138M (77%)        3138M (77%)        3138M (77%)    
[32.501s][info][gc,heap     ] GC(57)   Reserve:       42M (1%)           42M (1%)           42M (1%)           42M (1%)           42M (1%)           42M (1%)     
[32.501s][info][gc,heap     ] GC(57)      Free:     1122M (28%)         966M (24%)        3718M (92%)        3702M (91%)        3728M (92%)         958M (24%)    
[32.501s][info][gc,heap     ] GC(57)      Used:     2896M (71%)        3052M (75%)         300M (7%)          316M (8%)         3060M (75%)         290M (7%)     
[32.501s][info][gc,heap     ] GC(57)      Live:         -                53M (1%)           53M (1%)           53M (1%)             -                  -          
[32.501s][info][gc,heap     ] GC(57) Allocated:         -               156M (4%)          174M (4%)          288M (7%)             -                  -          
[32.501s][info][gc,heap     ] GC(57)   Garbage:         -              2842M (70%)          72M (2%)            6M (0%)             -                  -          
[32.501s][info][gc,heap     ] GC(57) Reclaimed:         -                  -              2770M (68%)        2836M (70%)            -                  -          
[32.501s][info][gc          ] GC(57) Garbage Collection (Allocation Rate) 2896M(71%)->316M(8%)
[33.038s][info][gc,start    ] GC(58) Garbage Collection (Allocation Rate)
[33.038s][info][gc,phases   ] GC(58) Pause Mark Start 0.072ms
[33.077s][info][gc,phases   ] GC(58) Concurrent Mark 38.757ms
[33.078s][info][gc,phases   ] GC(58) Pause Mark End 0.232ms
[33.079s][info][gc,phases   ] GC(58) Concurrent Process Non-Strong References 1.408ms
[33.080s][info][gc,phases   ] GC(58) Concurrent Reset Relocation Set 0.659ms
[33.084s][info][gc,phases   ] GC(58) Concurrent Select Relocation Set 3.903ms
[33.084s][info][gc,phases   ] GC(58) Pause Relocate Start 0.052ms
[33.102s][info][gc,phases   ] GC(58) Concurrent Relocate 18.291ms
[33.102s][info][gc,load     ] GC(58) Load: 0.00/0.00/0.00
[33.102s][info][gc,mmu      ] GC(58) MMU: 2ms/77.0%, 5ms/89.5%, 10ms/94.4%, 20ms/97.2%, 50ms/98.7%, 100ms/99.4%
[33.102s][info][gc,marking  ] GC(58) Mark: 1 stripe(s), 2 proactive flush(es), 1 terminate flush(es), 1 completion(s), 0 continuation(s) 
[33.102s][info][gc,nmethod  ] GC(58) NMethods: 1467 registered, 0 unregistered
[33.102s][info][gc,metaspace] GC(58) Metaspace: 4M used, 4M capacity, 4M committed, 1032M reserved
[33.102s][info][gc,ref      ] GC(58) Soft: 261 encountered, 0 discovered, 0 enqueued
[33.102s][info][gc,ref      ] GC(58) Weak: 280 encountered, 229 discovered, 0 enqueued
[33.102s][info][gc,ref      ] GC(58) Final: 1 encountered, 0 discovered, 0 enqueued
[33.102s][info][gc,ref      ] GC(58) Phantom: 39 encountered, 30 discovered, 0 enqueued
[33.102s][info][gc,reloc    ] GC(58) Small Pages: 1423 / 2846M(100%), Empty: 2720M(95%), Compacting: 90M(3%)->32M(1%)
[33.102s][info][gc,reloc    ] GC(58) Medium Pages: 0 / 0M(0%), Empty: 0M(0%), Compacting: 0M(0%)->0M(0%)
[33.102s][info][gc,reloc    ] GC(58) Large Pages: 1 / 8M(0%), Empty: 0M(0%), Compacting: 0M(0%)->0M(0%)
[33.102s][info][gc,reloc    ] GC(58) Relocation: Successful
[33.102s][info][gc,heap     ] GC(58) Min Capacity: 42M(1%)
[33.102s][info][gc,heap     ] GC(58) Max Capacity: 4060M(100%)
[33.102s][info][gc,heap     ] GC(58) Soft Max Capacity: 4060M(100%)
[33.102s][info][gc,heap     ] GC(58)                Mark Start          Mark End        Relocate Start      Relocate End           High               Low         
[33.102s][info][gc,heap     ] GC(58)  Capacity:     3138M (77%)        3138M (77%)        3138M (77%)        3138M (77%)        3138M (77%)        3138M (77%)    
[33.102s][info][gc,heap     ] GC(58)   Reserve:       42M (1%)           42M (1%)           42M (1%)           42M (1%)           42M (1%)           42M (1%)     
[33.102s][info][gc,heap     ] GC(58)      Free:     1164M (29%)         980M (24%)        3674M (90%)        3646M (90%)        3690M (91%)         970M (24%)    
[33.103s][info][gc,heap     ] GC(58)      Used:     2854M (70%)        3038M (75%)         344M (8%)          372M (9%)         3048M (75%)         328M (8%)     
[33.103s][info][gc,heap     ] GC(58)      Live:         -                65M (2%)           65M (2%)           65M (2%)             -                  -          
[33.103s][info][gc,heap     ] GC(58) Allocated:         -               184M (5%)          210M (5%)          328M (8%)             -                  -          
[33.103s][info][gc,heap     ] GC(58)   Garbage:         -              2788M (69%)          68M (2%)           10M (0%)             -                  -          
[33.103s][info][gc,heap     ] GC(58) Reclaimed:         -                  -              2720M (67%)        2778M (68%)            -                  -          
[33.103s][info][gc          ] GC(58) Garbage Collection (Allocation Rate) 2854M(70%)->372M(9%)
[33.538s][info][gc,start    ] GC(59) Garbage Collection (Allocation Rate)
[33.538s][info][gc,phases   ] GC(59) Pause Mark Start 0.055ms
[33.575s][info][gc,phases   ] GC(59) Concurrent Mark 37.239ms
[33.576s][info][gc,phases   ] GC(59) Pause Mark End 0.237ms
[33.577s][info][gc,phases   ] GC(59) Concurrent Process Non-Strong References 1.620ms
[33.578s][info][gc,phases   ] GC(59) Concurrent Reset Relocation Set 0.636ms
[33.585s][info][gc,phases   ] GC(59) Concurrent Select Relocation Set 6.585ms
[33.585s][info][gc,phases   ] GC(59) Pause Relocate Start 0.084ms
[33.620s][info][gc,phases   ] GC(59) Concurrent Relocate 34.971ms
[33.620s][info][gc,load     ] GC(59) Load: 0.00/0.00/0.00
[33.620s][info][gc,mmu      ] GC(59) MMU: 2ms/77.0%, 5ms/89.5%, 10ms/94.4%, 20ms/97.2%, 50ms/98.7%, 100ms/99.4%
[33.620s][info][gc,marking  ] GC(59) Mark: 1 stripe(s), 2 proactive flush(es), 1 terminate flush(es), 1 completion(s), 0 continuation(s) 
[33.620s][info][gc,nmethod  ] GC(59) NMethods: 1467 registered, 0 unregistered
[33.620s][info][gc,metaspace] GC(59) Metaspace: 4M used, 4M capacity, 4M committed, 1032M reserved
[33.620s][info][gc,ref      ] GC(59) Soft: 261 encountered, 0 discovered, 0 enqueued
[33.620s][info][gc,ref      ] GC(59) Weak: 280 encountered, 229 discovered, 0 enqueued
[33.620s][info][gc,ref      ] GC(59) Final: 1 encountered, 0 discovered, 0 enqueued
[33.620s][info][gc,ref      ] GC(59) Phantom: 39 encountered, 30 discovered, 0 enqueued
[33.620s][info][gc,reloc    ] GC(59) Small Pages: 1231 / 2462M(100%), Empty: 2304M(93%), Compacting: 152M(6%)->54M(2%)
[33.620s][info][gc,reloc    ] GC(59) Medium Pages: 0 / 0M(0%), Empty: 0M(0%), Compacting: 0M(0%)->0M(0%)
[33.620s][info][gc,reloc    ] GC(59) Large Pages: 1 / 8M(0%), Empty: 0M(0%), Compacting: 0M(0%)->0M(0%)
[33.620s][info][gc,reloc    ] GC(59) Relocation: Successful
[33.620s][info][gc,heap     ] GC(59) Min Capacity: 42M(1%)
[33.620s][info][gc,heap     ] GC(59) Max Capacity: 4060M(100%)
[33.620s][info][gc,heap     ] GC(59) Soft Max Capacity: 4060M(100%)
[33.620s][info][gc,heap     ] GC(59)                Mark Start          Mark End        Relocate Start      Relocate End           High               Low         
[33.620s][info][gc,heap     ] GC(59)  Capacity:     3138M (77%)        3138M (77%)        3138M (77%)        3138M (77%)        3138M (77%)        3138M (77%)    
[33.620s][info][gc,heap     ] GC(59)   Reserve:       42M (1%)           42M (1%)           42M (1%)           42M (1%)           42M (1%)           42M (1%)     
[33.620s][info][gc,heap     ] GC(59)      Free:     1548M (38%)        1372M (34%)        3648M (90%)        3586M (88%)        3666M (90%)        1362M (34%)    
[33.620s][info][gc,heap     ] GC(59)      Used:     2470M (61%)        2646M (65%)         370M (9%)          432M (11%)        2656M (65%)         352M (9%)     
[33.620s][info][gc,heap     ] GC(59)      Live:         -                59M (1%)           59M (1%)           59M (1%)             -                  -          
[33.620s][info][gc,heap     ] GC(59) Allocated:         -               176M (4%)          204M (5%)          418M (10%)            -                  -          
[33.620s][info][gc,heap     ] GC(59)   Garbage:         -              2410M (59%)         106M (3%)            4M (0%)             -                  -          
[33.620s][info][gc,heap     ] GC(59) Reclaimed:         -                  -              2304M (57%)        2406M (59%)            -                  -          
[33.620s][info][gc          ] GC(59) Garbage Collection (Allocation Rate) 2470M(61%)->432M(11%)
[34.038s][info][gc,start    ] GC(60) Garbage Collection (Allocation Rate)
[34.038s][info][gc,phases   ] GC(60) Pause Mark Start 0.063ms
[34.075s][info][gc,phases   ] GC(60) Concurrent Mark 36.551ms
[34.075s][info][gc,phases   ] GC(60) Pause Mark End 0.230ms
[34.077s][info][gc,phases   ] GC(60) Concurrent Process Non-Strong References 1.504ms
[34.078s][info][gc,phases   ] GC(60) Concurrent Reset Relocation Set 1.054ms
[34.083s][info][gc,phases   ] GC(60) Concurrent Select Relocation Set 5.465ms
[34.084s][info][gc,phases   ] GC(60) Pause Relocate Start 0.063ms
[34.110s][info][gc,phases   ] GC(60) Concurrent Relocate 26.301ms
[34.110s][info][gc,load     ] GC(60) Load: 0.00/0.00/0.00
[34.110s][info][gc,mmu      ] GC(60) MMU: 2ms/77.0%, 5ms/89.5%, 10ms/94.4%, 20ms/97.2%, 50ms/98.7%, 100ms/99.4%
[34.110s][info][gc,marking  ] GC(60) Mark: 1 stripe(s), 2 proactive flush(es), 1 terminate flush(es), 1 completion(s), 0 continuation(s) 
[34.110s][info][gc,nmethod  ] GC(60) NMethods: 1467 registered, 0 unregistered
[34.110s][info][gc,metaspace] GC(60) Metaspace: 4M used, 4M capacity, 4M committed, 1032M reserved
[34.110s][info][gc,ref      ] GC(60) Soft: 261 encountered, 0 discovered, 0 enqueued
[34.110s][info][gc,ref      ] GC(60) Weak: 280 encountered, 229 discovered, 0 enqueued
[34.110s][info][gc,ref      ] GC(60) Final: 1 encountered, 0 discovered, 0 enqueued
[34.110s][info][gc,ref      ] GC(60) Phantom: 39 encountered, 30 discovered, 0 enqueued
[34.110s][info][gc,reloc    ] GC(60) Small Pages: 1213 / 2426M(100%), Empty: 2274M(93%), Compacting: 146M(6%)->46M(2%)
[34.110s][info][gc,reloc    ] GC(60) Medium Pages: 0 / 0M(0%), Empty: 0M(0%), Compacting: 0M(0%)->0M(0%)
[34.110s][info][gc,reloc    ] GC(60) Large Pages: 1 / 8M(0%), Empty: 0M(0%), Compacting: 0M(0%)->0M(0%)
[34.110s][info][gc,reloc    ] GC(60) Relocation: Successful
[34.110s][info][gc,heap     ] GC(60) Min Capacity: 42M(1%)
[34.110s][info][gc,heap     ] GC(60) Max Capacity: 4060M(100%)
[34.110s][info][gc,heap     ] GC(60) Soft Max Capacity: 4060M(100%)
[34.110s][info][gc,heap     ] GC(60)                Mark Start          Mark End        Relocate Start      Relocate End           High               Low         
[34.110s][info][gc,heap     ] GC(60)  Capacity:     3138M (77%)        3138M (77%)        3138M (77%)        3138M (77%)        3138M (77%)        3138M (77%)    
[34.110s][info][gc,heap     ] GC(60)   Reserve:       42M (1%)           42M (1%)           42M (1%)           42M (1%)           42M (1%)           42M (1%)     
[34.110s][info][gc,heap     ] GC(60)      Free:     1584M (39%)        1412M (35%)        3650M (90%)        3628M (89%)        3674M (90%)        1402M (35%)    
[34.110s][info][gc,heap     ] GC(60)      Used:     2434M (60%)        2606M (64%)         368M (9%)          390M (10%)        2616M (64%)         344M (8%)     
[34.110s][info][gc,heap     ] GC(60)      Live:         -                52M (1%)           52M (1%)           52M (1%)             -                  -          
[34.110s][info][gc,heap     ] GC(60) Allocated:         -               172M (4%)          208M (5%)          376M (9%)             -                  -          
[34.110s][info][gc,heap     ] GC(60)   Garbage:         -              2381M (59%)         107M (3%)            7M (0%)             -                  -          
[34.110s][info][gc,heap     ] GC(60) Reclaimed:         -                  -              2274M (56%)        2374M (58%)            -                  -          
[34.110s][info][gc          ] GC(60) Garbage Collection (Allocation Rate) 2434M(60%)->390M(10%)
[34.638s][info][gc,start    ] GC(61) Garbage Collection (Allocation Rate)
[34.639s][info][gc,phases   ] GC(61) Pause Mark Start 0.082ms
[34.683s][info][gc,phases   ] GC(61) Concurrent Mark 44.663ms
[34.684s][info][gc,phases   ] GC(61) Pause Mark End 0.300ms
[34.685s][info][gc,phases   ] GC(61) Concurrent Process Non-Strong References 1.572ms
[34.686s][info][gc,phases   ] GC(61) Concurrent Reset Relocation Set 0.759ms
[34.691s][info][gc,phases   ] GC(61) Concurrent Select Relocation Set 4.975ms
[34.691s][info][gc,phases   ] GC(61) Pause Relocate Start 0.097ms
[34.726s][info][gc,phases   ] GC(61) Concurrent Relocate 34.497ms
[34.726s][info][gc,load     ] GC(61) Load: 0.00/0.00/0.00
[34.726s][info][gc,mmu      ] GC(61) MMU: 2ms/77.0%, 5ms/89.5%, 10ms/94.4%, 20ms/97.2%, 50ms/98.7%, 100ms/99.4%
[34.726s][info][gc,marking  ] GC(61) Mark: 1 stripe(s), 2 proactive flush(es), 1 terminate flush(es), 1 completion(s), 0 continuation(s) 
[34.726s][info][gc,nmethod  ] GC(61) NMethods: 1467 registered, 0 unregistered
[34.726s][info][gc,metaspace] GC(61) Metaspace: 4M used, 4M capacity, 4M committed, 1032M reserved
[34.726s][info][gc,ref      ] GC(61) Soft: 261 encountered, 0 discovered, 0 enqueued
[34.726s][info][gc,ref      ] GC(61) Weak: 280 encountered, 229 discovered, 0 enqueued
[34.726s][info][gc,ref      ] GC(61) Final: 1 encountered, 0 discovered, 0 enqueued
[34.726s][info][gc,ref      ] GC(61) Phantom: 39 encountered, 30 discovered, 0 enqueued
[34.726s][info][gc,reloc    ] GC(61) Small Pages: 1371 / 2742M(100%), Empty: 2572M(94%), Compacting: 146M(5%)->54M(2%)
[34.726s][info][gc,reloc    ] GC(61) Medium Pages: 0 / 0M(0%), Empty: 0M(0%), Compacting: 0M(0%)->0M(0%)
[34.726s][info][gc,reloc    ] GC(61) Large Pages: 1 / 8M(0%), Empty: 0M(0%), Compacting: 0M(0%)->0M(0%)
[34.726s][info][gc,reloc    ] GC(61) Relocation: Successful
[34.726s][info][gc,heap     ] GC(61) Min Capacity: 42M(1%)
[34.726s][info][gc,heap     ] GC(61) Max Capacity: 4060M(100%)
[34.726s][info][gc,heap     ] GC(61) Soft Max Capacity: 4060M(100%)
[34.726s][info][gc,heap     ] GC(61)                Mark Start          Mark End        Relocate Start      Relocate End           High               Low         
[34.726s][info][gc,heap     ] GC(61)  Capacity:     3138M (77%)        3138M (77%)        3138M (77%)        3138M (77%)        3138M (77%)        3138M (77%)    
[34.726s][info][gc,heap     ] GC(61)   Reserve:       42M (1%)           42M (1%)           42M (1%)           42M (1%)           42M (1%)           42M (1%)     
[34.726s][info][gc,heap     ] GC(61)      Free:     1268M (31%)        1096M (27%)        3636M (90%)        3570M (88%)        3656M (90%)        1084M (27%)    
[34.726s][info][gc,heap     ] GC(61)      Used:     2750M (68%)        2922M (72%)         382M (9%)          448M (11%)        2934M (72%)         362M (9%)     
[34.726s][info][gc,heap     ] GC(61)      Live:         -                75M (2%)           75M (2%)           75M (2%)             -                  -          
[34.726s][info][gc,heap     ] GC(61) Allocated:         -               172M (4%)          204M (5%)          416M (10%)            -                  -          
[34.726s][info][gc,heap     ] GC(61)   Garbage:         -              2674M (66%)         102M (3%)            6M (0%)             -                  -          
[34.726s][info][gc,heap     ] GC(61) Reclaimed:         -                  -              2572M (63%)        2668M (66%)            -                  -          
[34.726s][info][gc          ] GC(61) Garbage Collection (Allocation Rate) 2750M(68%)->448M(11%)
[35.139s][info][gc,start    ] GC(62) Garbage Collection (Allocation Rate)
[35.139s][info][gc,phases   ] GC(62) Pause Mark Start 0.107ms
[35.192s][info][gc,phases   ] GC(62) Concurrent Mark 53.061ms
[35.192s][info][gc,phases   ] GC(62) Pause Mark End 0.327ms
[35.194s][info][gc,phases   ] GC(62) Concurrent Process Non-Strong References 1.737ms
[35.195s][info][gc,phases   ] GC(62) Concurrent Reset Relocation Set 0.667ms
[35.197s][info][gc,phases   ] GC(62) Concurrent Select Relocation Set 1.993ms
[35.197s][info][gc,phases   ] GC(62) Pause Relocate Start 0.098ms
[35.202s][info][gc,phases   ] GC(62) Concurrent Relocate 4.512ms
[35.202s][info][gc,load     ] GC(62) Load: 0.00/0.00/0.00
[35.202s][info][gc,mmu      ] GC(62) MMU: 2ms/77.0%, 5ms/89.5%, 10ms/94.4%, 20ms/97.2%, 50ms/98.7%, 100ms/99.4%
[35.202s][info][gc,marking  ] GC(62) Mark: 1 stripe(s), 2 proactive flush(es), 1 terminate flush(es), 1 completion(s), 0 continuation(s) 
[35.202s][info][gc,nmethod  ] GC(62) NMethods: 1467 registered, 0 unregistered
[35.202s][info][gc,metaspace] GC(62) Metaspace: 4M used, 4M capacity, 4M committed, 1032M reserved
[35.202s][info][gc,ref      ] GC(62) Soft: 261 encountered, 0 discovered, 0 enqueued
[35.202s][info][gc,ref      ] GC(62) Weak: 280 encountered, 229 discovered, 0 enqueued
[35.202s][info][gc,ref      ] GC(62) Final: 1 encountered, 0 discovered, 0 enqueued
[35.202s][info][gc,ref      ] GC(62) Phantom: 39 encountered, 30 discovered, 0 enqueued
[35.202s][info][gc,reloc    ] GC(62) Small Pages: 1172 / 2344M(100%), Empty: 2260M(96%), Compacting: 38M(2%)->8M(0%)
[35.202s][info][gc,reloc    ] GC(62) Medium Pages: 0 / 0M(0%), Empty: 0M(0%), Compacting: 0M(0%)->0M(0%)
[35.202s][info][gc,reloc    ] GC(62) Large Pages: 1 / 8M(0%), Empty: 0M(0%), Compacting: 0M(0%)->0M(0%)
[35.202s][info][gc,reloc    ] GC(62) Relocation: Successful
[35.202s][info][gc,heap     ] GC(62) Min Capacity: 42M(1%)
[35.202s][info][gc,heap     ] GC(62) Max Capacity: 4060M(100%)
[35.202s][info][gc,heap     ] GC(62) Soft Max Capacity: 4060M(100%)
[35.202s][info][gc,heap     ] GC(62)                Mark Start          Mark End        Relocate Start      Relocate End           High               Low         
[35.202s][info][gc,heap     ] GC(62)  Capacity:     3138M (77%)        3138M (77%)        3138M (77%)        3138M (77%)        3138M (77%)        3138M (77%)    
[35.202s][info][gc,heap     ] GC(62)   Reserve:       42M (1%)           42M (1%)           42M (1%)           42M (1%)           42M (1%)           42M (1%)     
[35.202s][info][gc,heap     ] GC(62)      Free:     1666M (41%)        1472M (36%)        3714M (91%)        3720M (92%)        3722M (92%)        1462M (36%)    
[35.202s][info][gc,heap     ] GC(62)      Used:     2352M (58%)        2546M (63%)         304M (7%)          298M (7%)         2556M (63%)         296M (7%)     
[35.202s][info][gc,heap     ] GC(62)      Live:         -                54M (1%)           54M (1%)           54M (1%)             -                  -          
[35.202s][info][gc,heap     ] GC(62) Allocated:         -               194M (5%)          212M (5%)          244M (6%)             -                  -          
[35.202s][info][gc,heap     ] GC(62)   Garbage:         -              2297M (57%)          37M (1%)            9M (0%)             -                  -          
[35.202s][info][gc,heap     ] GC(62) Reclaimed:         -                  -              2260M (56%)        2288M (56%)            -                  -          
[35.202s][info][gc          ] GC(62) Garbage Collection (Allocation Rate) 2352M(58%)->298M(7%)
[35.639s][info][gc,start    ] GC(63) Garbage Collection (Allocation Rate)
[35.639s][info][gc,phases   ] GC(63) Pause Mark Start 0.058ms
[35.675s][info][gc,phases   ] GC(63) Concurrent Mark 36.158ms
[35.675s][info][gc,phases   ] GC(63) Pause Mark End 0.310ms
[35.677s][info][gc,phases   ] GC(63) Concurrent Process Non-Strong References 1.698ms
[35.677s][info][gc,phases   ] GC(63) Concurrent Reset Relocation Set 0.032ms
[35.681s][info][gc,phases   ] GC(63) Concurrent Select Relocation Set 3.933ms
[35.682s][info][gc,phases   ] GC(63) Pause Relocate Start 0.100ms
[35.709s][info][gc,phases   ] GC(63) Concurrent Relocate 27.099ms
[35.709s][info][gc,load     ] GC(63) Load: 0.00/0.00/0.00
[35.709s][info][gc,mmu      ] GC(63) MMU: 2ms/77.0%, 5ms/89.5%, 10ms/94.4%, 20ms/97.2%, 50ms/98.7%, 100ms/99.4%
[35.709s][info][gc,marking  ] GC(63) Mark: 1 stripe(s), 2 proactive flush(es), 1 terminate flush(es), 1 completion(s), 0 continuation(s) 
[35.709s][info][gc,nmethod  ] GC(63) NMethods: 1467 registered, 0 unregistered
[35.709s][info][gc,metaspace] GC(63) Metaspace: 4M used, 4M capacity, 4M committed, 1032M reserved
[35.709s][info][gc,ref      ] GC(63) Soft: 261 encountered, 0 discovered, 0 enqueued
[35.709s][info][gc,ref      ] GC(63) Weak: 280 encountered, 229 discovered, 0 enqueued
[35.709s][info][gc,ref      ] GC(63) Final: 1 encountered, 0 discovered, 0 enqueued
[35.709s][info][gc,ref      ] GC(63) Phantom: 39 encountered, 30 discovered, 0 enqueued
[35.709s][info][gc,reloc    ] GC(63) Small Pages: 1172 / 2344M(100%), Empty: 2200M(94%), Compacting: 136M(6%)->46M(2%)
[35.709s][info][gc,reloc    ] GC(63) Medium Pages: 0 / 0M(0%), Empty: 0M(0%), Compacting: 0M(0%)->0M(0%)
[35.709s][info][gc,reloc    ] GC(63) Large Pages: 1 / 8M(0%), Empty: 0M(0%), Compacting: 0M(0%)->0M(0%)
[35.709s][info][gc,reloc    ] GC(63) Relocation: Successful
[35.709s][info][gc,heap     ] GC(63) Min Capacity: 42M(1%)
[35.709s][info][gc,heap     ] GC(63) Max Capacity: 4060M(100%)
[35.709s][info][gc,heap     ] GC(63) Soft Max Capacity: 4060M(100%)
[35.709s][info][gc,heap     ] GC(63)                Mark Start          Mark End        Relocate Start      Relocate End           High               Low         
[35.709s][info][gc,heap     ] GC(63)  Capacity:     3138M (77%)        3138M (77%)        3138M (77%)        3138M (77%)        3138M (77%)        3138M (77%)    
[35.709s][info][gc,heap     ] GC(63)   Reserve:       42M (1%)           42M (1%)           42M (1%)           42M (1%)           42M (1%)           42M (1%)     
[35.709s][info][gc,heap     ] GC(63)      Free:     1666M (41%)        1498M (37%)        3672M (90%)        3634M (90%)        3688M (91%)        1488M (37%)    
[35.709s][info][gc,heap     ] GC(63)      Used:     2352M (58%)        2520M (62%)         346M (9%)          384M (9%)         2530M (62%)         330M (8%)     
[35.709s][info][gc,heap     ] GC(63)      Live:         -                54M (1%)           54M (1%)           54M (1%)             -                  -          
[35.709s][info][gc,heap     ] GC(63) Allocated:         -               168M (4%)          194M (5%)          368M (9%)             -                  -          
[35.709s][info][gc,heap     ] GC(63)   Garbage:         -              2297M (57%)          97M (2%)            5M (0%)             -                  -          
[35.709s][info][gc,heap     ] GC(63) Reclaimed:         -                  -              2200M (54%)        2292M (56%)            -                  -          
[35.709s][info][gc          ] GC(63) Garbage Collection (Allocation Rate) 2352M(58%)->384M(9%)
[36.139s][info][gc,start    ] GC(64) Garbage Collection (Allocation Rate)
[36.139s][info][gc,phases   ] GC(64) Pause Mark Start 0.105ms
[36.167s][info][gc,phases   ] GC(64) Concurrent Mark 28.278ms
[36.168s][info][gc,phases   ] GC(64) Pause Mark End 0.344ms
[36.169s][info][gc,phases   ] GC(64) Concurrent Process Non-Strong References 1.548ms
[36.170s][info][gc,phases   ] GC(64) Concurrent Reset Relocation Set 0.832ms
[36.172s][info][gc,phases   ] GC(64) Concurrent Select Relocation Set 1.893ms
[36.172s][info][gc,phases   ] GC(64) Pause Relocate Start 0.046ms
[36.174s][info][gc,phases   ] GC(64) Concurrent Relocate 1.739ms
[36.174s][info][gc,load     ] GC(64) Load: 0.00/0.00/0.00
[36.174s][info][gc,mmu      ] GC(64) MMU: 2ms/77.0%, 5ms/89.5%, 10ms/94.4%, 20ms/97.2%, 50ms/98.7%, 100ms/99.4%
[36.174s][info][gc,marking  ] GC(64) Mark: 1 stripe(s), 2 proactive flush(es), 1 terminate flush(es), 1 completion(s), 0 continuation(s) 
[36.174s][info][gc,nmethod  ] GC(64) NMethods: 1467 registered, 0 unregistered
[36.174s][info][gc,metaspace] GC(64) Metaspace: 4M used, 4M capacity, 4M committed, 1032M reserved
[36.174s][info][gc,ref      ] GC(64) Soft: 261 encountered, 0 discovered, 0 enqueued
[36.174s][info][gc,ref      ] GC(64) Weak: 280 encountered, 229 discovered, 0 enqueued
[36.174s][info][gc,ref      ] GC(64) Final: 1 encountered, 0 discovered, 0 enqueued
[36.174s][info][gc,ref      ] GC(64) Phantom: 39 encountered, 30 discovered, 0 enqueued
[36.174s][info][gc,reloc    ] GC(64) Small Pages: 1221 / 2442M(100%), Empty: 2386M(97%), Compacting: 16M(1%)->4M(0%)
[36.174s][info][gc,reloc    ] GC(64) Medium Pages: 0 / 0M(0%), Empty: 0M(0%), Compacting: 0M(0%)->0M(0%)
[36.174s][info][gc,reloc    ] GC(64) Large Pages: 1 / 8M(0%), Empty: 0M(0%), Compacting: 0M(0%)->0M(0%)
[36.174s][info][gc,reloc    ] GC(64) Relocation: Successful
[36.174s][info][gc,heap     ] GC(64) Min Capacity: 42M(1%)
[36.174s][info][gc,heap     ] GC(64) Max Capacity: 4060M(100%)
[36.174s][info][gc,heap     ] GC(64) Soft Max Capacity: 4060M(100%)
[36.174s][info][gc,heap     ] GC(64)                Mark Start          Mark End        Relocate Start      Relocate End           High               Low         
[36.174s][info][gc,heap     ] GC(64)  Capacity:     3138M (77%)        3138M (77%)        3138M (77%)        3138M (77%)        3138M (77%)        3138M (77%)    
[36.174s][info][gc,heap     ] GC(64)   Reserve:       42M (1%)           42M (1%)           42M (1%)           42M (1%)           42M (1%)           42M (1%)     
[36.174s][info][gc,heap     ] GC(64)      Free:     1568M (39%)        1432M (35%)        3798M (94%)        3800M (94%)        3806M (94%)        1422M (35%)    
[36.174s][info][gc,heap     ] GC(64)      Used:     2450M (60%)        2586M (64%)         220M (5%)          218M (5%)         2596M (64%)         212M (5%)     
[36.174s][info][gc,heap     ] GC(64)      Live:         -                44M (1%)           44M (1%)           44M (1%)             -                  -          
[36.174s][info][gc,heap     ] GC(64) Allocated:         -               136M (3%)          156M (4%)          170M (4%)             -                  -          
[36.174s][info][gc,heap     ] GC(64)   Garbage:         -              2405M (59%)          19M (0%)            9M (0%)             -                  -          
[36.174s][info][gc,heap     ] GC(64) Reclaimed:         -                  -              2386M (59%)        2396M (59%)            -                  -          
[36.174s][info][gc          ] GC(64) Garbage Collection (Allocation Rate) 2450M(60%)->218M(5%)
[36.638s][info][gc,start    ] GC(65) Garbage Collection (Allocation Rate)
[36.639s][info][gc,phases   ] GC(65) Pause Mark Start 0.072ms
[36.679s][info][gc,phases   ] GC(65) Concurrent Mark 40.113ms
[36.679s][info][gc,phases   ] GC(65) Pause Mark End 0.233ms
[36.681s][info][gc,phases   ] GC(65) Concurrent Process Non-Strong References 1.584ms
[36.681s][info][gc,phases   ] GC(65) Concurrent Reset Relocation Set 0.024ms
[36.683s][info][gc,phases   ] GC(65) Concurrent Select Relocation Set 1.784ms
[36.683s][info][gc,phases   ] GC(65) Pause Relocate Start 0.068ms
[36.690s][info][gc,phases   ] GC(65) Concurrent Relocate 6.894ms
[36.690s][info][gc,load     ] GC(65) Load: 0.00/0.00/0.00
[36.690s][info][gc,mmu      ] GC(65) MMU: 2ms/77.0%, 5ms/89.5%, 10ms/94.4%, 20ms/97.2%, 50ms/98.7%, 100ms/99.4%
[36.690s][info][gc,marking  ] GC(65) Mark: 1 stripe(s), 2 proactive flush(es), 1 terminate flush(es), 1 completion(s), 0 continuation(s) 
[36.690s][info][gc,nmethod  ] GC(65) NMethods: 1467 registered, 0 unregistered
[36.690s][info][gc,metaspace] GC(65) Metaspace: 4M used, 4M capacity, 4M committed, 1032M reserved
[36.690s][info][gc,ref      ] GC(65) Soft: 261 encountered, 0 discovered, 0 enqueued
[36.690s][info][gc,ref      ] GC(65) Weak: 280 encountered, 229 discovered, 0 enqueued
[36.690s][info][gc,ref      ] GC(65) Final: 1 encountered, 0 discovered, 0 enqueued
[36.690s][info][gc,ref      ] GC(65) Phantom: 39 encountered, 30 discovered, 0 enqueued
[36.690s][info][gc,reloc    ] GC(65) Small Pages: 1223 / 2446M(100%), Empty: 2358M(96%), Compacting: 26M(1%)->8M(0%)
[36.690s][info][gc,reloc    ] GC(65) Medium Pages: 0 / 0M(0%), Empty: 0M(0%), Compacting: 0M(0%)->0M(0%)
[36.690s][info][gc,reloc    ] GC(65) Large Pages: 1 / 8M(0%), Empty: 0M(0%), Compacting: 0M(0%)->0M(0%)
[36.690s][info][gc,reloc    ] GC(65) Relocation: Successful
[36.690s][info][gc,heap     ] GC(65) Min Capacity: 42M(1%)
[36.690s][info][gc,heap     ] GC(65) Max Capacity: 4060M(100%)
[36.690s][info][gc,heap     ] GC(65) Soft Max Capacity: 4060M(100%)
[36.690s][info][gc,heap     ] GC(65)                Mark Start          Mark End        Relocate Start      Relocate End           High               Low         
[36.690s][info][gc,heap     ] GC(65)  Capacity:     3138M (77%)        3138M (77%)        3138M (77%)        3138M (77%)        3138M (77%)        3138M (77%)    
[36.690s][info][gc,heap     ] GC(65)   Reserve:       42M (1%)           42M (1%)           42M (1%)           42M (1%)           42M (1%)           42M (1%)     
[36.690s][info][gc,heap     ] GC(65)      Free:     1564M (39%)        1372M (34%)        3712M (91%)        3710M (91%)        3722M (92%)        1364M (34%)    
[36.690s][info][gc,heap     ] GC(65)      Used:     2454M (60%)        2646M (65%)         306M (8%)          308M (8%)         2654M (65%)         296M (7%)     
[36.690s][info][gc,heap     ] GC(65)      Live:         -                68M (2%)           68M (2%)           68M (2%)             -                  -          
[36.690s][info][gc,heap     ] GC(65) Allocated:         -               192M (5%)          210M (5%)          238M (6%)             -                  -          
[36.690s][info][gc,heap     ] GC(65)   Garbage:         -              2385M (59%)          27M (1%)            9M (0%)             -                  -          
[36.690s][info][gc,heap     ] GC(65) Reclaimed:         -                  -              2358M (58%)        2376M (59%)            -                  -          
[36.690s][info][gc          ] GC(65) Garbage Collection (Allocation Rate) 2454M(60%)->308M(8%)
[37.137s][info][gc,start    ] GC(66) Garbage Collection (Allocation Rate)
[37.138s][info][gc,phases   ] GC(66) Pause Mark Start 0.058ms
[37.176s][info][gc,phases   ] GC(66) Concurrent Mark 38.814ms
[37.177s][info][gc,phases   ] GC(66) Pause Mark End 0.244ms
[37.178s][info][gc,phases   ] GC(66) Concurrent Process Non-Strong References 1.574ms
[37.178s][info][gc,phases   ] GC(66) Concurrent Reset Relocation Set 0.031ms
[37.181s][info][gc,phases   ] GC(66) Concurrent Select Relocation Set 2.866ms
[37.182s][info][gc,phases   ] GC(66) Pause Relocate Start 0.068ms
[37.197s][info][gc,phases   ] GC(66) Concurrent Relocate 15.615ms
[37.197s][info][gc,load     ] GC(66) Load: 0.00/0.00/0.00
[37.197s][info][gc,mmu      ] GC(66) MMU: 2ms/77.0%, 5ms/89.5%, 10ms/94.4%, 20ms/97.2%, 50ms/98.7%, 100ms/99.4%
[37.197s][info][gc,marking  ] GC(66) Mark: 1 stripe(s), 2 proactive flush(es), 1 terminate flush(es), 1 completion(s), 0 continuation(s) 
[37.197s][info][gc,nmethod  ] GC(66) NMethods: 1467 registered, 0 unregistered
[37.197s][info][gc,metaspace] GC(66) Metaspace: 4M used, 4M capacity, 4M committed, 1032M reserved
[37.197s][info][gc,ref      ] GC(66) Soft: 261 encountered, 0 discovered, 0 enqueued
[37.197s][info][gc,ref      ] GC(66) Weak: 280 encountered, 229 discovered, 0 enqueued
[37.197s][info][gc,ref      ] GC(66) Final: 1 encountered, 0 discovered, 0 enqueued
[37.197s][info][gc,ref      ] GC(66) Phantom: 39 encountered, 30 discovered, 0 enqueued
[37.197s][info][gc,reloc    ] GC(66) Small Pages: 1228 / 2456M(100%), Empty: 2340M(95%), Compacting: 74M(3%)->28M(1%)
[37.197s][info][gc,reloc    ] GC(66) Medium Pages: 0 / 0M(0%), Empty: 0M(0%), Compacting: 0M(0%)->0M(0%)
[37.197s][info][gc,reloc    ] GC(66) Large Pages: 1 / 8M(0%), Empty: 0M(0%), Compacting: 0M(0%)->0M(0%)
[37.197s][info][gc,reloc    ] GC(66) Relocation: Successful
[37.197s][info][gc,heap     ] GC(66) Min Capacity: 42M(1%)
[37.197s][info][gc,heap     ] GC(66) Max Capacity: 4060M(100%)
[37.197s][info][gc,heap     ] GC(66) Soft Max Capacity: 4060M(100%)
[37.197s][info][gc,heap     ] GC(66)                Mark Start          Mark End        Relocate Start      Relocate End           High               Low         
[37.197s][info][gc,heap     ] GC(66)  Capacity:     3138M (77%)        3138M (77%)        3138M (77%)        3138M (77%)        3138M (77%)        3138M (77%)    
[37.197s][info][gc,heap     ] GC(66)   Reserve:       42M (1%)           42M (1%)           42M (1%)           42M (1%)           42M (1%)           42M (1%)     
[37.197s][info][gc,heap     ] GC(66)      Free:     1554M (38%)        1370M (34%)        3688M (91%)        3662M (90%)        3702M (91%)        1362M (34%)    
[37.197s][info][gc,heap     ] GC(66)      Used:     2464M (61%)        2648M (65%)         330M (8%)          356M (9%)         2656M (65%)         316M (8%)     
[37.197s][info][gc,heap     ] GC(66)      Live:         -                67M (2%)           67M (2%)           67M (2%)             -                  -          
[37.197s][info][gc,heap     ] GC(66) Allocated:         -               184M (5%)          206M (5%)          306M (8%)             -                  -          
[37.197s][info][gc,heap     ] GC(66)   Garbage:         -              2396M (59%)          56M (1%)            8M (0%)             -                  -          
[37.197s][info][gc,heap     ] GC(66) Reclaimed:         -                  -              2340M (58%)        2388M (59%)            -                  -          
[37.197s][info][gc          ] GC(66) Garbage Collection (Allocation Rate) 2464M(61%)->356M(9%)
[37.639s][info][gc,start    ] GC(67) Garbage Collection (Allocation Rate)
[37.639s][info][gc,phases   ] GC(67) Pause Mark Start 0.049ms
[37.676s][info][gc,phases   ] GC(67) Concurrent Mark 37.188ms
[37.676s][info][gc,phases   ] GC(67) Pause Mark End 0.245ms
[37.678s][info][gc,phases   ] GC(67) Concurrent Process Non-Strong References 1.618ms
[37.679s][info][gc,phases   ] GC(67) Concurrent Reset Relocation Set 0.959ms
[37.686s][info][gc,phases   ] GC(67) Concurrent Select Relocation Set 6.686ms
[37.686s][info][gc,phases   ] GC(67) Pause Relocate Start 0.063ms
[37.719s][info][gc,phases   ] GC(67) Concurrent Relocate 33.032ms
[37.719s][info][gc,load     ] GC(67) Load: 0.00/0.00/0.00
[37.719s][info][gc,mmu      ] GC(67) MMU: 2ms/77.0%, 5ms/89.5%, 10ms/94.4%, 20ms/97.2%, 50ms/98.7%, 100ms/99.4%
[37.719s][info][gc,marking  ] GC(67) Mark: 1 stripe(s), 2 proactive flush(es), 1 terminate flush(es), 1 completion(s), 0 continuation(s) 
[37.719s][info][gc,nmethod  ] GC(67) NMethods: 1467 registered, 0 unregistered
[37.719s][info][gc,metaspace] GC(67) Metaspace: 4M used, 4M capacity, 4M committed, 1032M reserved
[37.719s][info][gc,ref      ] GC(67) Soft: 261 encountered, 0 discovered, 0 enqueued
[37.719s][info][gc,ref      ] GC(67) Weak: 280 encountered, 229 discovered, 0 enqueued
[37.719s][info][gc,ref      ] GC(67) Final: 1 encountered, 0 discovered, 0 enqueued
[37.719s][info][gc,ref      ] GC(67) Phantom: 39 encountered, 30 discovered, 0 enqueued
[37.719s][info][gc,reloc    ] GC(67) Small Pages: 1236 / 2472M(100%), Empty: 2316M(93%), Compacting: 150M(6%)->56M(2%)
[37.719s][info][gc,reloc    ] GC(67) Medium Pages: 0 / 0M(0%), Empty: 0M(0%), Compacting: 0M(0%)->0M(0%)
[37.719s][info][gc,reloc    ] GC(67) Large Pages: 1 / 8M(0%), Empty: 0M(0%), Compacting: 0M(0%)->0M(0%)
[37.719s][info][gc,reloc    ] GC(67) Relocation: Successful
[37.719s][info][gc,heap     ] GC(67) Min Capacity: 42M(1%)
[37.719s][info][gc,heap     ] GC(67) Max Capacity: 4060M(100%)
[37.719s][info][gc,heap     ] GC(67) Soft Max Capacity: 4060M(100%)
[37.719s][info][gc,heap     ] GC(67)                Mark Start          Mark End        Relocate Start      Relocate End           High               Low         
[37.719s][info][gc,heap     ] GC(67)  Capacity:     3138M (77%)        3138M (77%)        3138M (77%)        3138M (77%)        3138M (77%)        3138M (77%)    
[37.719s][info][gc,heap     ] GC(67)   Reserve:       42M (1%)           42M (1%)           42M (1%)           42M (1%)           42M (1%)           42M (1%)     
[37.719s][info][gc,heap     ] GC(67)      Free:     1538M (38%)        1362M (34%)        3644M (90%)        3586M (88%)        3668M (90%)        1352M (33%)    
[37.719s][info][gc,heap     ] GC(67)      Used:     2480M (61%)        2656M (65%)         374M (9%)          432M (11%)        2666M (66%)         350M (9%)     
[37.719s][info][gc,heap     ] GC(67)      Live:         -                61M (2%)           61M (2%)           61M (2%)             -                  -          
[37.719s][info][gc,heap     ] GC(67) Allocated:         -               176M (4%)          210M (5%)          418M (10%)            -                  -          
[37.719s][info][gc,heap     ] GC(67)   Garbage:         -              2418M (60%)         102M (3%)            4M (0%)             -                  -          
[37.719s][info][gc,heap     ] GC(67) Reclaimed:         -                  -              2316M (57%)        2414M (59%)            -                  -          
[37.719s][info][gc          ] GC(67) Garbage Collection (Allocation Rate) 2480M(61%)->432M(11%)
[38.138s][info][gc,start    ] GC(68) Garbage Collection (Allocation Rate)
[38.138s][info][gc,phases   ] GC(68) Pause Mark Start 0.062ms
[38.179s][info][gc,phases   ] GC(68) Concurrent Mark 40.203ms
[38.179s][info][gc,phases   ] GC(68) Pause Mark End 0.238ms
[38.181s][info][gc,phases   ] GC(68) Concurrent Process Non-Strong References 1.674ms
[38.182s][info][gc,phases   ] GC(68) Concurrent Reset Relocation Set 1.248ms
[38.188s][info][gc,phases   ] GC(68) Concurrent Select Relocation Set 6.002ms
[38.188s][info][gc,phases   ] GC(68) Pause Relocate Start 0.069ms
[38.217s][info][gc,phases   ] GC(68) Concurrent Relocate 28.420ms
[38.217s][info][gc,load     ] GC(68) Load: 0.00/0.00/0.00
[38.217s][info][gc,mmu      ] GC(68) MMU: 2ms/77.0%, 5ms/89.5%, 10ms/94.4%, 20ms/97.2%, 50ms/98.7%, 100ms/99.4%
[38.217s][info][gc,marking  ] GC(68) Mark: 1 stripe(s), 2 proactive flush(es), 1 terminate flush(es), 1 completion(s), 0 continuation(s) 
[38.217s][info][gc,nmethod  ] GC(68) NMethods: 1467 registered, 0 unregistered
[38.217s][info][gc,metaspace] GC(68) Metaspace: 4M used, 4M capacity, 4M committed, 1032M reserved
[38.217s][info][gc,ref      ] GC(68) Soft: 261 encountered, 0 discovered, 0 enqueued
[38.217s][info][gc,ref      ] GC(68) Weak: 280 encountered, 229 discovered, 0 enqueued
[38.217s][info][gc,ref      ] GC(68) Final: 1 encountered, 0 discovered, 0 enqueued
[38.217s][info][gc,ref      ] GC(68) Phantom: 39 encountered, 30 discovered, 0 enqueued
[38.217s][info][gc,reloc    ] GC(68) Small Pages: 1201 / 2402M(100%), Empty: 2250M(93%), Compacting: 142M(6%)->50M(2%)
[38.217s][info][gc,reloc    ] GC(68) Medium Pages: 0 / 0M(0%), Empty: 0M(0%), Compacting: 0M(0%)->0M(0%)
[38.217s][info][gc,reloc    ] GC(68) Large Pages: 1 / 8M(0%), Empty: 0M(0%), Compacting: 0M(0%)->0M(0%)
[38.217s][info][gc,reloc    ] GC(68) Relocation: Successful
[38.217s][info][gc,heap     ] GC(68) Min Capacity: 42M(1%)
[38.217s][info][gc,heap     ] GC(68) Max Capacity: 4060M(100%)
[38.217s][info][gc,heap     ] GC(68) Soft Max Capacity: 4060M(100%)
[38.217s][info][gc,heap     ] GC(68)                Mark Start          Mark End        Relocate Start      Relocate End           High               Low         
[38.217s][info][gc,heap     ] GC(68)  Capacity:     3138M (77%)        3138M (77%)        3138M (77%)        3138M (77%)        3138M (77%)        3138M (77%)    
[38.217s][info][gc,heap     ] GC(68)   Reserve:       42M (1%)           42M (1%)           42M (1%)           42M (1%)           42M (1%)           42M (1%)     
[38.217s][info][gc,heap     ] GC(68)      Free:     1608M (40%)        1432M (35%)        3640M (90%)        3600M (89%)        3668M (90%)        1418M (35%)    
[38.217s][info][gc,heap     ] GC(68)      Used:     2410M (59%)        2586M (64%)         378M (9%)          418M (10%)        2600M (64%)         350M (9%)     
[38.217s][info][gc,heap     ] GC(68)      Live:         -                60M (1%)           60M (1%)           60M (1%)             -                  -          
[38.217s][info][gc,heap     ] GC(68) Allocated:         -               176M (4%)          218M (5%)          400M (10%)            -                  -          
[38.217s][info][gc,heap     ] GC(68)   Garbage:         -              2349M (58%)          99M (2%)            3M (0%)             -                  -          
[38.217s][info][gc,heap     ] GC(68) Reclaimed:         -                  -              2250M (55%)        2346M (58%)            -                  -          
[38.217s][info][gc          ] GC(68) Garbage Collection (Allocation Rate) 2410M(59%)->418M(10%)
[38.638s][info][gc,start    ] GC(69) Garbage Collection (Allocation Rate)
[38.638s][info][gc,phases   ] GC(69) Pause Mark Start 0.104ms
[38.675s][info][gc,phases   ] GC(69) Concurrent Mark 37.074ms
[38.676s][info][gc,phases   ] GC(69) Pause Mark End 0.281ms
[38.677s][info][gc,phases   ] GC(69) Concurrent Process Non-Strong References 1.539ms
[38.678s][info][gc,phases   ] GC(69) Concurrent Reset Relocation Set 0.765ms
[38.683s][info][gc,phases   ] GC(69) Concurrent Select Relocation Set 5.043ms
[38.684s][info][gc,phases   ] GC(69) Pause Relocate Start 0.126ms
[38.725s][info][gc,phases   ] GC(69) Concurrent Relocate 40.994ms
[38.725s][info][gc,load     ] GC(69) Load: 0.00/0.00/0.00
[38.725s][info][gc,mmu      ] GC(69) MMU: 2ms/77.0%, 5ms/89.5%, 10ms/94.4%, 20ms/97.2%, 50ms/98.7%, 100ms/99.4%
[38.725s][info][gc,marking  ] GC(69) Mark: 1 stripe(s), 2 proactive flush(es), 1 terminate flush(es), 1 completion(s), 0 continuation(s) 
[38.725s][info][gc,nmethod  ] GC(69) NMethods: 1467 registered, 0 unregistered
[38.725s][info][gc,metaspace] GC(69) Metaspace: 4M used, 4M capacity, 4M committed, 1032M reserved
[38.725s][info][gc,ref      ] GC(69) Soft: 261 encountered, 0 discovered, 0 enqueued
[38.725s][info][gc,ref      ] GC(69) Weak: 280 encountered, 229 discovered, 0 enqueued
[38.725s][info][gc,ref      ] GC(69) Final: 1 encountered, 0 discovered, 0 enqueued
[38.725s][info][gc,ref      ] GC(69) Phantom: 39 encountered, 30 discovered, 0 enqueued
[38.725s][info][gc,reloc    ] GC(69) Small Pages: 1215 / 2430M(100%), Empty: 2274M(93%), Compacting: 152M(6%)->54M(2%)
[38.725s][info][gc,reloc    ] GC(69) Medium Pages: 0 / 0M(0%), Empty: 0M(0%), Compacting: 0M(0%)->0M(0%)
[38.725s][info][gc,reloc    ] GC(69) Large Pages: 1 / 8M(0%), Empty: 0M(0%), Compacting: 0M(0%)->0M(0%)
[38.725s][info][gc,reloc    ] GC(69) Relocation: Successful
[38.725s][info][gc,heap     ] GC(69) Min Capacity: 42M(1%)
[38.725s][info][gc,heap     ] GC(69) Max Capacity: 4060M(100%)
[38.725s][info][gc,heap     ] GC(69) Soft Max Capacity: 4060M(100%)
[38.725s][info][gc,heap     ] GC(69)                Mark Start          Mark End        Relocate Start      Relocate End           High               Low         
[38.725s][info][gc,heap     ] GC(69)  Capacity:     3138M (77%)        3138M (77%)        3138M (77%)        3138M (77%)        3138M (77%)        3138M (77%)    
[38.725s][info][gc,heap     ] GC(69)   Reserve:       42M (1%)           42M (1%)           42M (1%)           42M (1%)           42M (1%)           42M (1%)     
[38.725s][info][gc,heap     ] GC(69)      Free:     1580M (39%)        1406M (35%)        3652M (90%)        3596M (89%)        3670M (90%)        1396M (34%)    
[38.725s][info][gc,heap     ] GC(69)      Used:     2438M (60%)        2612M (64%)         366M (9%)          422M (10%)        2622M (65%)         348M (9%)     
[38.725s][info][gc,heap     ] GC(69)      Live:         -                58M (1%)           58M (1%)           58M (1%)             -                  -          
[38.725s][info][gc,heap     ] GC(69) Allocated:         -               174M (4%)          202M (5%)          410M (10%)            -                  -          
[38.725s][info][gc,heap     ] GC(69)   Garbage:         -              2379M (59%)         105M (3%)            3M (0%)             -                  -          
[38.725s][info][gc,heap     ] GC(69) Reclaimed:         -                  -              2274M (56%)        2376M (59%)            -                  -          
[38.725s][info][gc          ] GC(69) Garbage Collection (Allocation Rate) 2438M(60%)->422M(10%)
[39.138s][info][gc,start    ] GC(70) Garbage Collection (Allocation Rate)
[39.138s][info][gc,phases   ] GC(70) Pause Mark Start 0.064ms
[39.176s][info][gc,phases   ] GC(70) Concurrent Mark 38.106ms
[39.177s][info][gc,phases   ] GC(70) Pause Mark End 0.317ms
[39.178s][info][gc,phases   ] GC(70) Concurrent Process Non-Strong References 1.718ms
[39.179s][info][gc,phases   ] GC(70) Concurrent Reset Relocation Set 1.153ms
[39.185s][info][gc,phases   ] GC(70) Concurrent Select Relocation Set 5.711ms
[39.186s][info][gc,phases   ] GC(70) Pause Relocate Start 0.066ms
[39.214s][info][gc,phases   ] GC(70) Concurrent Relocate 28.588ms
[39.214s][info][gc,load     ] GC(70) Load: 0.00/0.00/0.00
[39.214s][info][gc,mmu      ] GC(70) MMU: 2ms/77.0%, 5ms/89.5%, 10ms/94.4%, 20ms/97.2%, 50ms/98.7%, 100ms/99.4%
[39.214s][info][gc,marking  ] GC(70) Mark: 1 stripe(s), 2 proactive flush(es), 1 terminate flush(es), 1 completion(s), 0 continuation(s) 
[39.214s][info][gc,nmethod  ] GC(70) NMethods: 1467 registered, 0 unregistered
[39.214s][info][gc,metaspace] GC(70) Metaspace: 4M used, 4M capacity, 4M committed, 1032M reserved
[39.214s][info][gc,ref      ] GC(70) Soft: 261 encountered, 0 discovered, 0 enqueued
[39.214s][info][gc,ref      ] GC(70) Weak: 280 encountered, 229 discovered, 0 enqueued
[39.214s][info][gc,ref      ] GC(70) Final: 1 encountered, 0 discovered, 0 enqueued
[39.214s][info][gc,ref      ] GC(70) Phantom: 39 encountered, 30 discovered, 0 enqueued
[39.214s][info][gc,reloc    ] GC(70) Small Pages: 1199 / 2398M(100%), Empty: 2244M(93%), Compacting: 148M(6%)->50M(2%)
[39.214s][info][gc,reloc    ] GC(70) Medium Pages: 0 / 0M(0%), Empty: 0M(0%), Compacting: 0M(0%)->0M(0%)
[39.214s][info][gc,reloc    ] GC(70) Large Pages: 1 / 8M(0%), Empty: 0M(0%), Compacting: 0M(0%)->0M(0%)
[39.214s][info][gc,reloc    ] GC(70) Relocation: Successful
[39.214s][info][gc,heap     ] GC(70) Min Capacity: 42M(1%)
[39.214s][info][gc,heap     ] GC(70) Max Capacity: 4060M(100%)
[39.214s][info][gc,heap     ] GC(70) Soft Max Capacity: 4060M(100%)
[39.214s][info][gc,heap     ] GC(70)                Mark Start          Mark End        Relocate Start      Relocate End           High               Low         
[39.214s][info][gc,heap     ] GC(70)  Capacity:     3138M (77%)        3138M (77%)        3138M (77%)        3138M (77%)        3138M (77%)        3138M (77%)    
[39.214s][info][gc,heap     ] GC(70)   Reserve:       42M (1%)           42M (1%)           42M (1%)           42M (1%)           42M (1%)           42M (1%)     
[39.214s][info][gc,heap     ] GC(70)      Free:     1612M (40%)        1434M (35%)        3636M (90%)        3604M (89%)        3664M (90%)        1420M (35%)    
[39.214s][info][gc,heap     ] GC(70)      Used:     2406M (59%)        2584M (64%)         382M (9%)          414M (10%)        2598M (64%)         354M (9%)     
[39.215s][info][gc,heap     ] GC(70)      Live:         -                55M (1%)           55M (1%)           55M (1%)             -                  -          
[39.215s][info][gc,heap     ] GC(70) Allocated:         -               178M (4%)          220M (5%)          400M (10%)            -                  -          
[39.215s][info][gc,heap     ] GC(70)   Garbage:         -              2350M (58%)         106M (3%)            4M (0%)             -                  -          
[39.215s][info][gc,heap     ] GC(70) Reclaimed:         -                  -              2244M (55%)        2346M (58%)            -                  -          
[39.215s][info][gc          ] GC(70) Garbage Collection (Allocation Rate) 2406M(59%)->414M(10%)
[39.638s][info][gc,start    ] GC(71) Garbage Collection (Allocation Rate)
[39.638s][info][gc,phases   ] GC(71) Pause Mark Start 0.067ms
[39.672s][info][gc,phases   ] GC(71) Concurrent Mark 33.617ms
[39.672s][info][gc,phases   ] GC(71) Pause Mark End 0.222ms
[39.674s][info][gc,phases   ] GC(71) Concurrent Process Non-Strong References 1.695ms
[39.675s][info][gc,phases   ] GC(71) Concurrent Reset Relocation Set 0.805ms
[39.679s][info][gc,phases   ] GC(71) Concurrent Select Relocation Set 3.858ms
[39.679s][info][gc,phases   ] GC(71) Pause Relocate Start 0.053ms
[39.701s][info][gc,phases   ] GC(71) Concurrent Relocate 21.846ms
[39.701s][info][gc,load     ] GC(71) Load: 0.00/0.00/0.00
[39.701s][info][gc,mmu      ] GC(71) MMU: 2ms/77.0%, 5ms/89.5%, 10ms/94.4%, 20ms/97.2%, 50ms/98.7%, 100ms/99.4%
[39.701s][info][gc,marking  ] GC(71) Mark: 1 stripe(s), 2 proactive flush(es), 1 terminate flush(es), 1 completion(s), 0 continuation(s) 
[39.701s][info][gc,nmethod  ] GC(71) NMethods: 1467 registered, 0 unregistered
[39.701s][info][gc,metaspace] GC(71) Metaspace: 4M used, 4M capacity, 4M committed, 1032M reserved
[39.701s][info][gc,ref      ] GC(71) Soft: 261 encountered, 0 discovered, 0 enqueued
[39.701s][info][gc,ref      ] GC(71) Weak: 280 encountered, 229 discovered, 0 enqueued
[39.701s][info][gc,ref      ] GC(71) Final: 1 encountered, 0 discovered, 0 enqueued
[39.701s][info][gc,ref      ] GC(71) Phantom: 39 encountered, 30 discovered, 0 enqueued
[39.701s][info][gc,reloc    ] GC(71) Small Pages: 1225 / 2450M(100%), Empty: 2328M(95%), Compacting: 106M(4%)->38M(2%)
[39.701s][info][gc,reloc    ] GC(71) Medium Pages: 0 / 0M(0%), Empty: 0M(0%), Compacting: 0M(0%)->0M(0%)
[39.701s][info][gc,reloc    ] GC(71) Large Pages: 1 / 8M(0%), Empty: 0M(0%), Compacting: 0M(0%)->0M(0%)
[39.701s][info][gc,reloc    ] GC(71) Relocation: Successful
[39.701s][info][gc,heap     ] GC(71) Min Capacity: 42M(1%)
[39.701s][info][gc,heap     ] GC(71) Max Capacity: 4060M(100%)
[39.701s][info][gc,heap     ] GC(71) Soft Max Capacity: 4060M(100%)
[39.701s][info][gc,heap     ] GC(71)                Mark Start          Mark End        Relocate Start      Relocate End           High               Low         
[39.701s][info][gc,heap     ] GC(71)  Capacity:     3138M (77%)        3138M (77%)        3138M (77%)        3138M (77%)        3138M (77%)        3138M (77%)    
[39.701s][info][gc,heap     ] GC(71)   Reserve:       42M (1%)           42M (1%)           42M (1%)           42M (1%)           42M (1%)           42M (1%)     
[39.701s][info][gc,heap     ] GC(71)      Free:     1560M (38%)        1400M (34%)        3700M (91%)        3664M (90%)        3716M (92%)        1390M (34%)    
[39.701s][info][gc,heap     ] GC(71)      Used:     2458M (61%)        2618M (64%)         318M (8%)          354M (9%)         2628M (65%)         302M (7%)     
[39.701s][info][gc,heap     ] GC(71)      Live:         -                53M (1%)           53M (1%)           53M (1%)             -                  -          
[39.701s][info][gc,heap     ] GC(71) Allocated:         -               160M (4%)          188M (5%)          330M (8%)             -                  -          
[39.701s][info][gc,heap     ] GC(71)   Garbage:         -              2404M (59%)          76M (2%)            8M (0%)             -                  -          
[39.701s][info][gc,heap     ] GC(71) Reclaimed:         -                  -              2328M (57%)        2396M (59%)            -                  -          
[39.701s][info][gc          ] GC(71) Garbage Collection (Allocation Rate) 2458M(61%)->354M(9%)
[40.038s][info][gc,stats    ] === Garbage Collection Statistics =======================================================================================================================
[40.038s][info][gc,stats    ]                                                              Last 10s              Last 10m              Last 10h                Total
[40.038s][info][gc,stats    ]                                                              Avg / Max             Avg / Max             Avg / Max             Avg / Max
[40.038s][info][gc,stats    ]   Collector: Garbage Collection Cycle                     64.505 / 87.720       71.558 / 153.808      71.558 / 153.808      71.558 / 153.808     ms
[40.038s][info][gc,stats    ]  Contention: Mark Segment Reset Contention                     0 / 0                 0 / 0                 0 / 0                 0 / 0           ops/s
[40.038s][info][gc,stats    ]  Contention: Mark SeqNum Reset Contention                      0 / 0                 0 / 0                 0 / 0                 0 / 0           ops/s
[40.038s][info][gc,stats    ]  Contention: Relocation Contention                             0 / 2                 0 / 2                 0 / 2                 0 / 2           ops/s
[40.038s][info][gc,stats    ]    Critical: Allocation Stall                              0.000 / 0.000         0.000 / 0.000         0.000 / 0.000         0.000 / 0.000       ms
[40.038s][info][gc,stats    ]    Critical: Allocation Stall                                  0 / 0                 0 / 0                 0 / 0                 0 / 0           ops/s
[40.038s][info][gc,stats    ]    Critical: GC Locker Stall                               0.000 / 0.000         0.000 / 0.000         0.000 / 0.000         0.000 / 0.000       ms
[40.038s][info][gc,stats    ]    Critical: GC Locker Stall                                   0 / 0                 0 / 0                 0 / 0                 0 / 0           ops/s
[40.038s][info][gc,stats    ]      Memory: Allocation Rate                                4716 / 4794           4308 / 4794           4308 / 4794           4308 / 4794        MB/s
[40.038s][info][gc,stats    ]      Memory: Heap Used After Mark                           2693 / 3092           2610 / 3092           2610 / 3092           2610 / 3092        MB
[40.038s][info][gc,stats    ]      Memory: Heap Used After Relocation                      350 / 448             344 / 448             344 / 448             344 / 448         MB
[40.038s][info][gc,stats    ]      Memory: Heap Used Before Mark                          2524 / 2960           2439 / 2960           2439 / 2960           2439 / 2960        MB
[40.038s][info][gc,stats    ]      Memory: Heap Used Before Relocation                     324 / 382             322 / 382             322 / 382             322 / 382         MB
[40.038s][info][gc,stats    ]      Memory: Out Of Memory                                     0 / 0                 0 / 0                 0 / 0                 0 / 0           ops/s
[40.038s][info][gc,stats    ]      Memory: Page Cache Flush                                  0 / 0                 0 / 0                 0 / 0                 0 / 0           MB/s
[40.038s][info][gc,stats    ]      Memory: Page Cache Hit L1                              2384 / 2433           2137 / 2433           2137 / 2433           2137 / 2433        ops/s
[40.038s][info][gc,stats    ]      Memory: Page Cache Hit L2                                 0 / 0                 0 / 0                 0 / 0                 0 / 0           ops/s
[40.038s][info][gc,stats    ]      Memory: Page Cache Hit L3                                 0 / 0                 2 / 103               2 / 103               2 / 103         ops/s
[40.038s][info][gc,stats    ]      Memory: Page Cache Miss                                   0 / 0                 0 / 0                 0 / 0                 0 / 0           ops/s
[40.038s][info][gc,stats    ]      Memory: Uncommit                                          0 / 0                 0 / 0                 0 / 0                 0 / 0           MB/s
[40.038s][info][gc,stats    ]      Memory: Undo Object Allocation Failed                     0 / 0                 0 / 0                 0 / 0                 0 / 0           ops/s
[40.038s][info][gc,stats    ]      Memory: Undo Object Allocation Succeeded                  0 / 2                 0 / 2                 0 / 2                 0 / 2           ops/s
[40.038s][info][gc,stats    ]      Memory: Undo Page Allocation                              0 / 0                 0 / 0                 0 / 0                 0 / 0           ops/s
[40.038s][info][gc,stats    ]       Phase: Concurrent Mark                              38.062 / 53.061       47.169 / 106.230      47.169 / 106.230      47.169 / 106.230     ms
[40.038s][info][gc,stats    ]       Phase: Concurrent Mark Continue                      0.000 / 0.000         0.000 / 0.000         0.000 / 0.000         0.000 / 0.000       ms
[40.038s][info][gc,stats    ]       Phase: Concurrent Process Non-Strong References      1.606 / 1.737         1.730 / 3.379         1.730 / 3.379         1.730 / 3.379       ms
[40.038s][info][gc,stats    ]       Phase: Concurrent Relocate                          19.253 / 40.994       17.458 / 40.994       17.458 / 40.994       17.458 / 40.994      ms
[40.038s][info][gc,stats    ]       Phase: Concurrent Reset Relocation Set               0.591 / 1.248         0.459 / 1.503         0.459 / 1.503         0.459 / 1.503       ms
[40.038s][info][gc,stats    ]       Phase: Concurrent Select Relocation Set              3.827 / 6.686         3.530 / 7.978         3.530 / 7.978         3.530 / 7.978       ms
[40.038s][info][gc,stats    ]       Phase: Pause Mark End                                0.255 / 0.344         0.292 / 0.459         0.292 / 0.459         0.292 / 0.459       ms
[40.038s][info][gc,stats    ]       Phase: Pause Mark Start                              0.069 / 0.107         0.077 / 0.289         0.077 / 0.289         0.077 / 0.289       ms
[40.038s][info][gc,stats    ]       Phase: Pause Relocate Start                          0.074 / 0.126         0.076 / 0.152         0.076 / 0.152         0.076 / 0.152       ms
[40.038s][info][gc,stats    ]    Subphase: Concurrent Classes Purge                      0.094 / 0.119         0.086 / 0.200         0.086 / 0.200         0.086 / 0.200       ms
[40.038s][info][gc,stats    ]    Subphase: Concurrent Classes Unlink                     1.183 / 1.271         1.253 / 2.988         1.253 / 2.988         1.253 / 2.988       ms
[40.038s][info][gc,stats    ]    Subphase: Concurrent Mark                              37.937 / 52.898       47.015 / 106.127      47.015 / 106.127      47.015 / 106.127     ms
[40.038s][info][gc,stats    ]    Subphase: Concurrent Mark Idle                          0.000 / 0.000         0.000 / 0.000         0.000 / 0.000         0.000 / 0.000       ms
[40.038s][info][gc,stats    ]    Subphase: Concurrent Mark Try Flush                     0.072 / 0.114         0.068 / 0.160         0.068 / 0.160         0.068 / 0.160       ms
[40.038s][info][gc,stats    ]    Subphase: Concurrent Mark Try Terminate                 0.033 / 0.106         0.030 / 0.107         0.030 / 0.107         0.030 / 0.107       ms
[40.038s][info][gc,stats    ]    Subphase: Concurrent References Enqueue                 0.000 / 0.001         0.000 / 0.002         0.000 / 0.002         0.000 / 0.002       ms
[40.038s][info][gc,stats    ]    Subphase: Concurrent References Process                 0.061 / 0.098         0.058 / 0.131         0.058 / 0.131         0.058 / 0.131       ms
[40.038s][info][gc,stats    ]    Subphase: Concurrent Roots                              0.040 / 0.042         0.068 / 0.196         0.068 / 0.196         0.068 / 0.196       ms
[40.038s][info][gc,stats    ]    Subphase: Concurrent Roots ClassLoaderDataGraph         0.036 / 0.038         0.062 / 0.184         0.062 / 0.184         0.062 / 0.184       ms
[40.038s][info][gc,stats    ]    Subphase: Concurrent Roots JNIHandles                   0.002 / 0.002         0.003 / 0.009         0.003 / 0.009         0.003 / 0.009       ms
[40.038s][info][gc,stats    ]    Subphase: Concurrent Roots Setup                        0.003 / 0.003         0.003 / 0.008         0.003 / 0.008         0.003 / 0.008       ms
[40.038s][info][gc,stats    ]    Subphase: Concurrent Roots Teardown                     0.000 / 0.000         0.000 / 0.000         0.000 / 0.000         0.000 / 0.000       ms
[40.038s][info][gc,stats    ]    Subphase: Concurrent Roots VMHandles                    0.002 / 0.002         0.002 / 0.007         0.002 / 0.007         0.002 / 0.007       ms
[40.038s][info][gc,stats    ]    Subphase: Concurrent Weak Roots                         0.147 / 0.156         0.221 / 0.433         0.221 / 0.433         0.221 / 0.433       ms
[40.038s][info][gc,stats    ]    Subphase: Concurrent Weak Roots JNIWeakHandles          0.000 / 0.000         0.000 / 0.001         0.000 / 0.001         0.000 / 0.001       ms
[40.038s][info][gc,stats    ]    Subphase: Concurrent Weak Roots ResolvedMethodTable     0.006 / 0.006         0.008 / 0.018         0.008 / 0.018         0.008 / 0.018       ms
[40.038s][info][gc,stats    ]    Subphase: Concurrent Weak Roots StringTable             0.138 / 0.147         0.209 / 0.416         0.209 / 0.416         0.209 / 0.416       ms
[40.038s][info][gc,stats    ]    Subphase: Concurrent Weak Roots VMWeakHandles           0.002 / 0.003         0.003 / 0.010         0.003 / 0.010         0.003 / 0.010       ms
[40.038s][info][gc,stats    ]    Subphase: Pause Mark Try Complete                       0.134 / 0.162         0.177 / 0.348         0.177 / 0.348         0.177 / 0.348       ms
[40.038s][info][gc,stats    ]    Subphase: Pause Roots                                   0.012 / 0.058         0.015 / 0.246         0.015 / 0.246         0.015 / 0.246       ms
[40.038s][info][gc,stats    ]    Subphase: Pause Roots CodeCache                         0.000 / 0.000         0.000 / 0.000         0.000 / 0.000         0.000 / 0.000       ms
[40.038s][info][gc,stats    ]    Subphase: Pause Roots JVMTIExport                       0.001 / 0.001         0.001 / 0.004         0.001 / 0.004         0.001 / 0.004       ms
[40.038s][info][gc,stats    ]    Subphase: Pause Roots JVMTIWeakExport                   0.001 / 0.001         0.001 / 0.001         0.001 / 0.001         0.001 / 0.001       ms
[40.038s][info][gc,stats    ]    Subphase: Pause Roots Java Threads                      0.018 / 0.055         0.020 / 0.246         0.020 / 0.246         0.020 / 0.246       ms
[40.038s][info][gc,stats    ]    Subphase: Pause Roots Management                        0.001 / 0.001         0.001 / 0.004         0.001 / 0.004         0.001 / 0.004       ms
[40.039s][info][gc,stats    ]    Subphase: Pause Roots ObjectSynchronizer                0.000 / 0.001         0.000 / 0.022         0.000 / 0.022         0.000 / 0.022       ms
[40.039s][info][gc,stats    ]    Subphase: Pause Roots Setup                             0.000 / 0.001         0.000 / 0.001         0.000 / 0.001         0.000 / 0.001       ms
[40.039s][info][gc,stats    ]    Subphase: Pause Roots Teardown                          0.000 / 0.001         0.000 / 0.002         0.000 / 0.002         0.000 / 0.002       ms
[40.039s][info][gc,stats    ]    Subphase: Pause Roots Universe                          0.001 / 0.003         0.002 / 0.015         0.002 / 0.015         0.002 / 0.015       ms
[40.039s][info][gc,stats    ]    Subphase: Pause Roots VM Thread                         0.001 / 0.001         0.001 / 0.003         0.001 / 0.003         0.001 / 0.003       ms
[40.039s][info][gc,stats    ]    Subphase: Pause Weak Roots                              0.003 / 0.017         0.003 / 0.086         0.003 / 0.086         0.003 / 0.086       ms
[40.039s][info][gc,stats    ]    Subphase: Pause Weak Roots JFRWeak                      0.012 / 0.015         0.014 / 0.082         0.014 / 0.082         0.014 / 0.082       ms
[40.039s][info][gc,stats    ]    Subphase: Pause Weak Roots JVMTIWeakExport              0.001 / 0.001         0.001 / 0.003         0.001 / 0.003         0.001 / 0.003       ms
[40.039s][info][gc,stats    ]    Subphase: Pause Weak Roots Setup                        0.000 / 0.000         0.000 / 0.001         0.000 / 0.001         0.000 / 0.001       ms
[40.039s][info][gc,stats    ]    Subphase: Pause Weak Roots Teardown                     0.000 / 0.000         0.000 / 0.000         0.000 / 0.000         0.000 / 0.000       ms
[40.039s][info][gc,stats    ]      System: Java Threads                                     14 / 14               14 / 15               14 / 15               14 / 15          threads
[40.039s][info][gc,stats    ] =========================================================================================================================================================
[40.139s][info][gc,start    ] GC(72) Garbage Collection (Allocation Rate)
[40.139s][info][gc,phases   ] GC(72) Pause Mark Start 0.077ms
[40.167s][info][gc,phases   ] GC(72) Concurrent Mark 28.252ms
[40.167s][info][gc,phases   ] GC(72) Pause Mark End 0.193ms
[40.169s][info][gc,phases   ] GC(72) Concurrent Process Non-Strong References 1.458ms
[40.170s][info][gc,phases   ] GC(72) Concurrent Reset Relocation Set 0.760ms
[40.172s][info][gc,phases   ] GC(72) Concurrent Select Relocation Set 1.980ms
[40.172s][info][gc,phases   ] GC(72) Pause Relocate Start 0.062ms
[40.175s][info][gc,phases   ] GC(72) Concurrent Relocate 3.194ms
[40.175s][info][gc,load     ] GC(72) Load: 0.00/0.00/0.00
[40.175s][info][gc,mmu      ] GC(72) MMU: 2ms/77.0%, 5ms/89.5%, 10ms/94.4%, 20ms/97.2%, 50ms/98.7%, 100ms/99.4%
[40.175s][info][gc,marking  ] GC(72) Mark: 1 stripe(s), 2 proactive flush(es), 1 terminate flush(es), 1 completion(s), 0 continuation(s) 
[40.175s][info][gc,nmethod  ] GC(72) NMethods: 1467 registered, 0 unregistered
[40.175s][info][gc,metaspace] GC(72) Metaspace: 4M used, 4M capacity, 4M committed, 1032M reserved
[40.175s][info][gc,ref      ] GC(72) Soft: 261 encountered, 0 discovered, 0 enqueued
[40.175s][info][gc,ref      ] GC(72) Weak: 280 encountered, 229 discovered, 0 enqueued
[40.175s][info][gc,ref      ] GC(72) Final: 1 encountered, 0 discovered, 0 enqueued
[40.175s][info][gc,ref      ] GC(72) Phantom: 39 encountered, 30 discovered, 0 enqueued
[40.175s][info][gc,reloc    ] GC(72) Small Pages: 1218 / 2436M(100%), Empty: 2374M(97%), Compacting: 22M(1%)->4M(0%)
[40.175s][info][gc,reloc    ] GC(72) Medium Pages: 0 / 0M(0%), Empty: 0M(0%), Compacting: 0M(0%)->0M(0%)
[40.175s][info][gc,reloc    ] GC(72) Large Pages: 1 / 8M(0%), Empty: 0M(0%), Compacting: 0M(0%)->0M(0%)
[40.175s][info][gc,reloc    ] GC(72) Relocation: Successful
[40.175s][info][gc,heap     ] GC(72) Min Capacity: 42M(1%)
[40.175s][info][gc,heap     ] GC(72) Max Capacity: 4060M(100%)
[40.175s][info][gc,heap     ] GC(72) Soft Max Capacity: 4060M(100%)
[40.175s][info][gc,heap     ] GC(72)                Mark Start          Mark End        Relocate Start      Relocate End           High               Low         
[40.175s][info][gc,heap     ] GC(72)  Capacity:     3138M (77%)        3138M (77%)        3138M (77%)        3138M (77%)        3138M (77%)        3138M (77%)    
[40.175s][info][gc,heap     ] GC(72)   Reserve:       42M (1%)           42M (1%)           42M (1%)           42M (1%)           42M (1%)           42M (1%)     
[40.175s][info][gc,heap     ] GC(72)      Free:     1574M (39%)        1438M (35%)        3792M (93%)        3800M (94%)        3802M (94%)        1428M (35%)    
[40.175s][info][gc,heap     ] GC(72)      Used:     2444M (60%)        2580M (64%)         226M (6%)          218M (5%)         2590M (64%)         216M (5%)     
[40.175s][info][gc,heap     ] GC(72)      Live:         -                45M (1%)           45M (1%)           45M (1%)             -                  -          
[40.175s][info][gc,heap     ] GC(72) Allocated:         -               136M (3%)          156M (4%)          170M (4%)             -                  -          
[40.175s][info][gc,heap     ] GC(72)   Garbage:         -              2398M (59%)          24M (1%)            8M (0%)             -                  -          
[40.175s][info][gc,heap     ] GC(72) Reclaimed:         -                  -              2374M (58%)        2390M (59%)            -                  -          
[40.175s][info][gc          ] GC(72) Garbage Collection (Allocation Rate) 2444M(60%)->218M(5%)
[40.638s][info][gc,start    ] GC(73) Garbage Collection (Allocation Rate)
[40.638s][info][gc,phases   ] GC(73) Pause Mark Start 0.084ms
[40.679s][info][gc,phases   ] GC(73) Concurrent Mark 40.458ms
[40.679s][info][gc,phases   ] GC(73) Pause Mark End 0.207ms
[40.681s][info][gc,phases   ] GC(73) Concurrent Process Non-Strong References 1.482ms
[40.681s][info][gc,phases   ] GC(73) Concurrent Reset Relocation Set 0.025ms
[40.682s][info][gc,phases   ] GC(73) Concurrent Select Relocation Set 1.783ms
[40.683s][info][gc,phases   ] GC(73) Pause Relocate Start 0.059ms
[40.684s][info][gc,phases   ] GC(73) Concurrent Relocate 1.473ms
[40.684s][info][gc,load     ] GC(73) Load: 0.00/0.00/0.00
[40.684s][info][gc,mmu      ] GC(73) MMU: 2ms/77.0%, 5ms/89.5%, 10ms/94.4%, 20ms/97.2%, 50ms/98.7%, 100ms/99.4%
[40.684s][info][gc,marking  ] GC(73) Mark: 1 stripe(s), 2 proactive flush(es), 1 terminate flush(es), 1 completion(s), 0 continuation(s) 
[40.684s][info][gc,nmethod  ] GC(73) NMethods: 1467 registered, 0 unregistered
[40.684s][info][gc,metaspace] GC(73) Metaspace: 4M used, 4M capacity, 4M committed, 1032M reserved
[40.684s][info][gc,ref      ] GC(73) Soft: 261 encountered, 0 discovered, 0 enqueued
[40.684s][info][gc,ref      ] GC(73) Weak: 280 encountered, 229 discovered, 0 enqueued
[40.684s][info][gc,ref      ] GC(73) Final: 1 encountered, 0 discovered, 0 enqueued
[40.684s][info][gc,ref      ] GC(73) Phantom: 39 encountered, 30 discovered, 0 enqueued
[40.684s][info][gc,reloc    ] GC(73) Small Pages: 1220 / 2440M(100%), Empty: 2358M(96%), Compacting: 12M(0%)->2M(0%)
[40.684s][info][gc,reloc    ] GC(73) Medium Pages: 0 / 0M(0%), Empty: 0M(0%), Compacting: 0M(0%)->0M(0%)
[40.684s][info][gc,reloc    ] GC(73) Large Pages: 1 / 8M(0%), Empty: 0M(0%), Compacting: 0M(0%)->0M(0%)
[40.684s][info][gc,reloc    ] GC(73) Relocation: Successful
[40.684s][info][gc,heap     ] GC(73) Min Capacity: 42M(1%)
[40.684s][info][gc,heap     ] GC(73) Max Capacity: 4060M(100%)
[40.684s][info][gc,heap     ] GC(73) Soft Max Capacity: 4060M(100%)
[40.684s][info][gc,heap     ] GC(73)                Mark Start          Mark End        Relocate Start      Relocate End           High               Low         
[40.684s][info][gc,heap     ] GC(73)  Capacity:     3138M (77%)        3138M (77%)        3138M (77%)        3138M (77%)        3138M (77%)        3138M (77%)    
[40.684s][info][gc,heap     ] GC(73)   Reserve:       42M (1%)           42M (1%)           42M (1%)           42M (1%)           42M (1%)           42M (1%)     
[40.684s][info][gc,heap     ] GC(73)      Free:     1570M (39%)        1378M (34%)        3720M (92%)        3724M (92%)        3728M (92%)        1370M (34%)    
[40.684s][info][gc,heap     ] GC(73)      Used:     2448M (60%)        2640M (65%)         298M (7%)          294M (7%)         2648M (65%)         290M (7%)     
[40.684s][info][gc,heap     ] GC(73)      Live:         -                68M (2%)           68M (2%)           68M (2%)             -                  -          
[40.684s][info][gc,heap     ] GC(73) Allocated:         -               192M (5%)          208M (5%)          216M (5%)             -                  -          
[40.684s][info][gc,heap     ] GC(73)   Garbage:         -              2379M (59%)          21M (1%)           13M (0%)             -                  -          
[40.684s][info][gc,heap     ] GC(73) Reclaimed:         -                  -              2358M (58%)        2366M (58%)            -                  -          
[40.684s][info][gc          ] GC(73) Garbage Collection (Allocation Rate) 2448M(60%)->294M(7%)
[41.138s][info][gc,start    ] GC(74) Garbage Collection (Allocation Rate)
[41.138s][info][gc,phases   ] GC(74) Pause Mark Start 0.058ms
[41.177s][info][gc,phases   ] GC(74) Concurrent Mark 39.068ms
[41.178s][info][gc,phases   ] GC(74) Pause Mark End 0.330ms
[41.179s][info][gc,phases   ] GC(74) Concurrent Process Non-Strong References 1.612ms
[41.179s][info][gc,phases   ] GC(74) Concurrent Reset Relocation Set 0.022ms
[41.183s][info][gc,phases   ] GC(74) Concurrent Select Relocation Set 3.555ms
[41.183s][info][gc,phases   ] GC(74) Pause Relocate Start 0.094ms
[41.202s][info][gc,phases   ] GC(74) Concurrent Relocate 18.521ms
[41.202s][info][gc,load     ] GC(74) Load: 0.00/0.00/0.00
[41.202s][info][gc,mmu      ] GC(74) MMU: 2ms/77.0%, 5ms/89.5%, 10ms/94.4%, 20ms/97.2%, 50ms/98.7%, 100ms/99.4%
[41.202s][info][gc,marking  ] GC(74) Mark: 1 stripe(s), 2 proactive flush(es), 1 terminate flush(es), 1 completion(s), 0 continuation(s) 
[41.202s][info][gc,nmethod  ] GC(74) NMethods: 1467 registered, 0 unregistered
[41.202s][info][gc,metaspace] GC(74) Metaspace: 4M used, 4M capacity, 4M committed, 1032M reserved
[41.202s][info][gc,ref      ] GC(74) Soft: 261 encountered, 0 discovered, 0 enqueued
[41.202s][info][gc,ref      ] GC(74) Weak: 280 encountered, 229 discovered, 0 enqueued
[41.202s][info][gc,ref      ] GC(74) Final: 1 encountered, 0 discovered, 0 enqueued
[41.202s][info][gc,ref      ] GC(74) Phantom: 39 encountered, 30 discovered, 0 enqueued
[41.202s][info][gc,reloc    ] GC(74) Small Pages: 1236 / 2472M(100%), Empty: 2348M(95%), Compacting: 90M(4%)->32M(1%)
[41.202s][info][gc,reloc    ] GC(74) Medium Pages: 0 / 0M(0%), Empty: 0M(0%), Compacting: 0M(0%)->0M(0%)
[41.202s][info][gc,reloc    ] GC(74) Large Pages: 1 / 8M(0%), Empty: 0M(0%), Compacting: 0M(0%)->0M(0%)
[41.202s][info][gc,reloc    ] GC(74) Relocation: Successful
[41.202s][info][gc,heap     ] GC(74) Min Capacity: 42M(1%)
[41.202s][info][gc,heap     ] GC(74) Max Capacity: 4060M(100%)
[41.202s][info][gc,heap     ] GC(74) Soft Max Capacity: 4060M(100%)
[41.202s][info][gc,heap     ] GC(74)                Mark Start          Mark End        Relocate Start      Relocate End           High               Low         
[41.202s][info][gc,heap     ] GC(74)  Capacity:     3138M (77%)        3138M (77%)        3138M (77%)        3138M (77%)        3138M (77%)        3138M (77%)    
[41.202s][info][gc,heap     ] GC(74)   Reserve:       42M (1%)           42M (1%)           42M (1%)           42M (1%)           42M (1%)           42M (1%)     
[41.202s][info][gc,heap     ] GC(74)      Free:     1538M (38%)        1354M (33%)        3676M (91%)        3650M (90%)        3694M (91%)        1346M (33%)    
[41.202s][info][gc,heap     ] GC(74)      Used:     2480M (61%)        2664M (66%)         342M (8%)          368M (9%)         2672M (66%)         324M (8%)     
[41.202s][info][gc,heap     ] GC(74)      Live:         -                65M (2%)           65M (2%)           65M (2%)             -                  -          
[41.202s][info][gc,heap     ] GC(74) Allocated:         -               184M (5%)          210M (5%)          326M (8%)             -                  -          
[41.202s][info][gc,heap     ] GC(74)   Garbage:         -              2414M (59%)          66M (2%)            6M (0%)             -                  -          
[41.202s][info][gc,heap     ] GC(74) Reclaimed:         -                  -              2348M (58%)        2408M (59%)            -                  -          
[41.202s][info][gc          ] GC(74) Garbage Collection (Allocation Rate) 2480M(61%)->368M(9%)
[41.639s][info][gc,start    ] GC(75) Garbage Collection (Allocation Rate)
[41.639s][info][gc,phases   ] GC(75) Pause Mark Start 0.064ms
[41.676s][info][gc,phases   ] GC(75) Concurrent Mark 37.493ms
[41.677s][info][gc,phases   ] GC(75) Pause Mark End 0.342ms
[41.678s][info][gc,phases   ] GC(75) Concurrent Process Non-Strong References 1.546ms
[41.679s][info][gc,phases   ] GC(75) Concurrent Reset Relocation Set 0.763ms
[41.685s][info][gc,phases   ] GC(75) Concurrent Select Relocation Set 5.750ms
[41.685s][info][gc,phases   ] GC(75) Pause Relocate Start 0.066ms
[41.715s][info][gc,phases   ] GC(75) Concurrent Relocate 29.793ms
[41.715s][info][gc,load     ] GC(75) Load: 0.00/0.00/0.00
[41.715s][info][gc,mmu      ] GC(75) MMU: 2ms/77.0%, 5ms/89.5%, 10ms/94.4%, 20ms/97.2%, 50ms/98.7%, 100ms/99.4%
[41.715s][info][gc,marking  ] GC(75) Mark: 1 stripe(s), 2 proactive flush(es), 1 terminate flush(es), 1 completion(s), 0 continuation(s) 
[41.715s][info][gc,nmethod  ] GC(75) NMethods: 1467 registered, 0 unregistered
[41.715s][info][gc,metaspace] GC(75) Metaspace: 4M used, 4M capacity, 4M committed, 1032M reserved
[41.715s][info][gc,ref      ] GC(75) Soft: 261 encountered, 0 discovered, 0 enqueued
[41.715s][info][gc,ref      ] GC(75) Weak: 280 encountered, 229 discovered, 0 enqueued
[41.715s][info][gc,ref      ] GC(75) Final: 1 encountered, 0 discovered, 0 enqueued
[41.715s][info][gc,ref      ] GC(75) Phantom: 39 encountered, 30 discovered, 0 enqueued
[41.715s][info][gc,reloc    ] GC(75) Small Pages: 1224 / 2448M(100%), Empty: 2298M(94%), Compacting: 140M(6%)->52M(2%)
[41.715s][info][gc,reloc    ] GC(75) Medium Pages: 0 / 0M(0%), Empty: 0M(0%), Compacting: 0M(0%)->0M(0%)
[41.715s][info][gc,reloc    ] GC(75) Large Pages: 1 / 8M(0%), Empty: 0M(0%), Compacting: 0M(0%)->0M(0%)
[41.715s][info][gc,reloc    ] GC(75) Relocation: Successful
[41.715s][info][gc,heap     ] GC(75) Min Capacity: 42M(1%)
[41.715s][info][gc,heap     ] GC(75) Max Capacity: 4060M(100%)
[41.715s][info][gc,heap     ] GC(75) Soft Max Capacity: 4060M(100%)
[41.715s][info][gc,heap     ] GC(75)                Mark Start          Mark End        Relocate Start      Relocate End           High               Low         
[41.715s][info][gc,heap     ] GC(75)  Capacity:     3138M (77%)        3138M (77%)        3138M (77%)        3138M (77%)        3138M (77%)        3138M (77%)    
[41.715s][info][gc,heap     ] GC(75)   Reserve:       42M (1%)           42M (1%)           42M (1%)           42M (1%)           42M (1%)           42M (1%)     
[41.715s][info][gc,heap     ] GC(75)      Free:     1562M (38%)        1384M (34%)        3648M (90%)        3596M (89%)        3672M (90%)        1374M (34%)    
[41.715s][info][gc,heap     ] GC(75)      Used:     2456M (60%)        2634M (65%)         370M (9%)          422M (10%)        2644M (65%)         346M (9%)     
[41.715s][info][gc,heap     ] GC(75)      Live:         -                62M (2%)           62M (2%)           62M (2%)             -                  -          
[41.715s][info][gc,heap     ] GC(75) Allocated:         -               178M (4%)          212M (5%)          404M (10%)            -                  -          
[41.715s][info][gc,heap     ] GC(75)   Garbage:         -              2393M (59%)          95M (2%)            5M (0%)             -                  -          
[41.715s][info][gc,heap     ] GC(75) Reclaimed:         -                  -              2298M (57%)        2388M (59%)            -                  -          
[41.715s][info][gc          ] GC(75) Garbage Collection (Allocation Rate) 2456M(60%)->422M(10%)
[42.138s][info][gc,start    ] GC(76) Garbage Collection (Allocation Rate)
[42.138s][info][gc,phases   ] GC(76) Pause Mark Start 0.060ms
[42.173s][info][gc,phases   ] GC(76) Concurrent Mark 35.255ms
[42.174s][info][gc,phases   ] GC(76) Pause Mark End 0.261ms
[42.175s][info][gc,phases   ] GC(76) Concurrent Process Non-Strong References 1.509ms
[42.176s][info][gc,phases   ] GC(76) Concurrent Reset Relocation Set 0.698ms
[42.180s][info][gc,phases   ] GC(76) Concurrent Select Relocation Set 4.272ms
[42.181s][info][gc,phases   ] GC(76) Pause Relocate Start 0.050ms
[42.209s][info][gc,phases   ] GC(76) Concurrent Relocate 28.393ms
[42.209s][info][gc,load     ] GC(76) Load: 0.00/0.00/0.00
[42.209s][info][gc,mmu      ] GC(76) MMU: 2ms/77.0%, 5ms/89.5%, 10ms/94.4%, 20ms/97.2%, 50ms/98.7%, 100ms/99.4%
[42.209s][info][gc,marking  ] GC(76) Mark: 1 stripe(s), 2 proactive flush(es), 1 terminate flush(es), 1 completion(s), 0 continuation(s) 
[42.209s][info][gc,nmethod  ] GC(76) NMethods: 1467 registered, 0 unregistered
[42.209s][info][gc,metaspace] GC(76) Metaspace: 4M used, 4M capacity, 4M committed, 1032M reserved
[42.209s][info][gc,ref      ] GC(76) Soft: 261 encountered, 0 discovered, 0 enqueued
[42.209s][info][gc,ref      ] GC(76) Weak: 280 encountered, 229 discovered, 0 enqueued
[42.209s][info][gc,ref      ] GC(76) Final: 1 encountered, 0 discovered, 0 enqueued
[42.209s][info][gc,ref      ] GC(76) Phantom: 39 encountered, 30 discovered, 0 enqueued
[42.209s][info][gc,reloc    ] GC(76) Small Pages: 1224 / 2448M(100%), Empty: 2310M(94%), Compacting: 132M(5%)->50M(2%)
[42.209s][info][gc,reloc    ] GC(76) Medium Pages: 0 / 0M(0%), Empty: 0M(0%), Compacting: 0M(0%)->0M(0%)
[42.209s][info][gc,reloc    ] GC(76) Large Pages: 1 / 8M(0%), Empty: 0M(0%), Compacting: 0M(0%)->0M(0%)
[42.209s][info][gc,reloc    ] GC(76) Relocation: Successful
[42.209s][info][gc,heap     ] GC(76) Min Capacity: 42M(1%)
[42.209s][info][gc,heap     ] GC(76) Max Capacity: 4060M(100%)
[42.209s][info][gc,heap     ] GC(76) Soft Max Capacity: 4060M(100%)
[42.209s][info][gc,heap     ] GC(76)                Mark Start          Mark End        Relocate Start      Relocate End           High               Low         
[42.209s][info][gc,heap     ] GC(76)  Capacity:     3138M (77%)        3138M (77%)        3138M (77%)        3138M (77%)        3138M (77%)        3138M (77%)    
[42.209s][info][gc,heap     ] GC(76)   Reserve:       42M (1%)           42M (1%)           42M (1%)           42M (1%)           42M (1%)           42M (1%)     
[42.209s][info][gc,heap     ] GC(76)      Free:     1562M (38%)        1396M (34%)        3676M (91%)        3626M (89%)        3694M (91%)        1386M (34%)    
[42.209s][info][gc,heap     ] GC(76)      Used:     2456M (60%)        2622M (65%)         342M (8%)          392M (10%)        2632M (65%)         324M (8%)     
[42.209s][info][gc,heap     ] GC(76)      Live:         -                57M (1%)           57M (1%)           57M (1%)             -                  -          
[42.209s][info][gc,heap     ] GC(76) Allocated:         -               166M (4%)          196M (5%)          378M (9%)             -                  -          
[42.209s][info][gc,heap     ] GC(76)   Garbage:         -              2398M (59%)          88M (2%)            4M (0%)             -                  -          
[42.209s][info][gc,heap     ] GC(76) Reclaimed:         -                  -              2310M (57%)        2394M (59%)            -                  -          
[42.209s][info][gc          ] GC(76) Garbage Collection (Allocation Rate) 2456M(60%)->392M(10%)
[42.638s][info][gc,start    ] GC(77) Garbage Collection (Allocation Rate)
[42.638s][info][gc,phases   ] GC(77) Pause Mark Start 0.053ms
[42.670s][info][gc,phases   ] GC(77) Concurrent Mark 31.772ms
[42.670s][info][gc,phases   ] GC(77) Pause Mark End 0.253ms
[42.672s][info][gc,phases   ] GC(77) Concurrent Process Non-Strong References 1.417ms
[42.673s][info][gc,phases   ] GC(77) Concurrent Reset Relocation Set 0.781ms
[42.674s][info][gc,phases   ] GC(77) Concurrent Select Relocation Set 1.810ms
[42.675s][info][gc,phases   ] GC(77) Pause Relocate Start 0.061ms
[42.676s][info][gc,phases   ] GC(77) Concurrent Relocate 0.823ms
[42.676s][info][gc,load     ] GC(77) Load: 0.00/0.00/0.00
[42.676s][info][gc,mmu      ] GC(77) MMU: 2ms/77.0%, 5ms/89.5%, 10ms/94.4%, 20ms/97.2%, 50ms/98.7%, 100ms/99.4%
[42.676s][info][gc,marking  ] GC(77) Mark: 1 stripe(s), 2 proactive flush(es), 1 terminate flush(es), 1 completion(s), 0 continuation(s) 
[42.676s][info][gc,nmethod  ] GC(77) NMethods: 1471 registered, 0 unregistered
[42.676s][info][gc,metaspace] GC(77) Metaspace: 4M used, 4M capacity, 4M committed, 1032M reserved
[42.676s][info][gc,ref      ] GC(77) Soft: 261 encountered, 0 discovered, 0 enqueued
[42.676s][info][gc,ref      ] GC(77) Weak: 280 encountered, 229 discovered, 0 enqueued
[42.676s][info][gc,ref      ] GC(77) Final: 1 encountered, 0 discovered, 0 enqueued
[42.676s][info][gc,ref      ] GC(77) Phantom: 39 encountered, 30 discovered, 0 enqueued
[42.676s][info][gc,reloc    ] GC(77) Small Pages: 1227 / 2454M(100%), Empty: 2394M(97%), Compacting: 10M(0%)->2M(0%)
[42.676s][info][gc,reloc    ] GC(77) Medium Pages: 0 / 0M(0%), Empty: 0M(0%), Compacting: 0M(0%)->0M(0%)
[42.676s][info][gc,reloc    ] GC(77) Large Pages: 1 / 8M(0%), Empty: 0M(0%), Compacting: 0M(0%)->0M(0%)
[42.676s][info][gc,reloc    ] GC(77) Relocation: Successful
[42.676s][info][gc,heap     ] GC(77) Min Capacity: 42M(1%)
[42.676s][info][gc,heap     ] GC(77) Max Capacity: 4060M(100%)
[42.676s][info][gc,heap     ] GC(77) Soft Max Capacity: 4060M(100%)
[42.676s][info][gc,heap     ] GC(77)                Mark Start          Mark End        Relocate Start      Relocate End           High               Low         
[42.676s][info][gc,heap     ] GC(77)  Capacity:     3138M (77%)        3138M (77%)        3138M (77%)        3138M (77%)        3138M (77%)        3138M (77%)    
[42.676s][info][gc,heap     ] GC(77)   Reserve:       42M (1%)           42M (1%)           42M (1%)           42M (1%)           42M (1%)           42M (1%)     
[42.676s][info][gc,heap     ] GC(77)      Free:     1556M (38%)        1402M (35%)        3778M (93%)        3778M (93%)        3786M (93%)        1392M (34%)    
[42.676s][info][gc,heap     ] GC(77)      Used:     2462M (61%)        2616M (64%)         240M (6%)          240M (6%)         2626M (65%)         232M (6%)     
[42.676s][info][gc,heap     ] GC(77)      Live:         -                52M (1%)           52M (1%)           52M (1%)             -                  -          
[42.676s][info][gc,heap     ] GC(77) Allocated:         -               154M (4%)          172M (4%)          182M (4%)             -                  -          
[42.676s][info][gc,heap     ] GC(77)   Garbage:         -              2409M (59%)          15M (0%)           13M (0%)             -                  -          
[42.676s][info][gc,heap     ] GC(77) Reclaimed:         -                  -              2394M (59%)        2396M (59%)            -                  -          
[42.676s][info][gc          ] GC(77) Garbage Collection (Allocation Rate) 2462M(61%)->240M(6%)
[43.139s][info][gc,start    ] GC(78) Garbage Collection (Allocation Rate)
[43.139s][info][gc,phases   ] GC(78) Pause Mark Start 0.063ms
[43.178s][info][gc,phases   ] GC(78) Concurrent Mark 39.236ms
[43.178s][info][gc,phases   ] GC(78) Pause Mark End 0.233ms
[43.180s][info][gc,phases   ] GC(78) Concurrent Process Non-Strong References 1.720ms
[43.180s][info][gc,phases   ] GC(78) Concurrent Reset Relocation Set 0.021ms
[43.184s][info][gc,phases   ] GC(78) Concurrent Select Relocation Set 3.694ms
[43.184s][info][gc,phases   ] GC(78) Pause Relocate Start 0.066ms
[43.199s][info][gc,phases   ] GC(78) Concurrent Relocate 14.866ms
[43.199s][info][gc,load     ] GC(78) Load: 0.00/0.00/0.00
[43.199s][info][gc,mmu      ] GC(78) MMU: 2ms/77.0%, 5ms/89.5%, 10ms/94.4%, 20ms/97.2%, 50ms/98.7%, 100ms/99.4%
[43.199s][info][gc,marking  ] GC(78) Mark: 1 stripe(s), 2 proactive flush(es), 1 terminate flush(es), 1 completion(s), 0 continuation(s) 
[43.199s][info][gc,nmethod  ] GC(78) NMethods: 1471 registered, 0 unregistered
[43.199s][info][gc,metaspace] GC(78) Metaspace: 4M used, 4M capacity, 4M committed, 1032M reserved
[43.199s][info][gc,ref      ] GC(78) Soft: 261 encountered, 0 discovered, 0 enqueued
[43.199s][info][gc,ref      ] GC(78) Weak: 280 encountered, 229 discovered, 0 enqueued
[43.199s][info][gc,ref      ] GC(78) Final: 1 encountered, 0 discovered, 0 enqueued
[43.199s][info][gc,ref      ] GC(78) Phantom: 39 encountered, 30 discovered, 0 enqueued
[43.199s][info][gc,reloc    ] GC(78) Small Pages: 1234 / 2468M(100%), Empty: 2352M(95%), Compacting: 74M(3%)->26M(1%)
[43.199s][info][gc,reloc    ] GC(78) Medium Pages: 0 / 0M(0%), Empty: 0M(0%), Compacting: 0M(0%)->0M(0%)
[43.199s][info][gc,reloc    ] GC(78) Large Pages: 1 / 8M(0%), Empty: 0M(0%), Compacting: 0M(0%)->0M(0%)
[43.199s][info][gc,reloc    ] GC(78) Relocation: Successful
[43.199s][info][gc,heap     ] GC(78) Min Capacity: 42M(1%)
[43.199s][info][gc,heap     ] GC(78) Max Capacity: 4060M(100%)
[43.199s][info][gc,heap     ] GC(78) Soft Max Capacity: 4060M(100%)
[43.199s][info][gc,heap     ] GC(78)                Mark Start          Mark End        Relocate Start      Relocate End           High               Low         
[43.199s][info][gc,heap     ] GC(78)  Capacity:     3138M (77%)        3138M (77%)        3138M (77%)        3138M (77%)        3138M (77%)        3138M (77%)    
[43.199s][info][gc,heap     ] GC(78)   Reserve:       42M (1%)           42M (1%)           42M (1%)           42M (1%)           42M (1%)           42M (1%)     
[43.199s][info][gc,heap     ] GC(78)      Free:     1542M (38%)        1356M (33%)        3680M (91%)        3658M (90%)        3698M (91%)        1346M (33%)    
[43.199s][info][gc,heap     ] GC(78)      Used:     2476M (61%)        2662M (66%)         338M (8%)          360M (9%)         2672M (66%)         320M (8%)     
[43.199s][info][gc,heap     ] GC(78)      Live:         -                67M (2%)           67M (2%)           67M (2%)             -                  -          
[43.199s][info][gc,heap     ] GC(78) Allocated:         -               186M (5%)          214M (5%)          310M (8%)             -                  -          
[43.199s][info][gc,heap     ] GC(78)   Garbage:         -              2408M (59%)          56M (1%)            8M (0%)             -                  -          
[43.199s][info][gc,heap     ] GC(78) Reclaimed:         -                  -              2352M (58%)        2400M (59%)            -                  -          
[43.199s][info][gc          ] GC(78) Garbage Collection (Allocation Rate) 2476M(61%)->360M(9%)
[43.638s][info][gc,start    ] GC(79) Garbage Collection (Allocation Rate)
[43.639s][info][gc,phases   ] GC(79) Pause Mark Start 0.088ms
[43.676s][info][gc,phases   ] GC(79) Concurrent Mark 37.758ms
[43.677s][info][gc,phases   ] GC(79) Pause Mark End 0.256ms
[43.678s][info][gc,phases   ] GC(79) Concurrent Process Non-Strong References 1.533ms
[43.679s][info][gc,phases   ] GC(79) Concurrent Reset Relocation Set 1.025ms
[43.686s][info][gc,phases   ] GC(79) Concurrent Select Relocation Set 6.774ms
[43.687s][info][gc,phases   ] GC(79) Pause Relocate Start 0.065ms
[43.718s][info][gc,phases   ] GC(79) Concurrent Relocate 31.109ms
[43.718s][info][gc,load     ] GC(79) Load: 0.00/0.00/0.00
[43.718s][info][gc,mmu      ] GC(79) MMU: 2ms/77.0%, 5ms/89.5%, 10ms/94.4%, 20ms/97.2%, 50ms/98.7%, 100ms/99.4%
[43.718s][info][gc,marking  ] GC(79) Mark: 1 stripe(s), 2 proactive flush(es), 1 terminate flush(es), 1 completion(s), 0 continuation(s) 
[43.718s][info][gc,nmethod  ] GC(79) NMethods: 1471 registered, 0 unregistered
[43.718s][info][gc,metaspace] GC(79) Metaspace: 4M used, 4M capacity, 4M committed, 1032M reserved
[43.718s][info][gc,ref      ] GC(79) Soft: 261 encountered, 0 discovered, 0 enqueued
[43.718s][info][gc,ref      ] GC(79) Weak: 280 encountered, 229 discovered, 0 enqueued
[43.718s][info][gc,ref      ] GC(79) Final: 1 encountered, 0 discovered, 0 enqueued
[43.718s][info][gc,ref      ] GC(79) Phantom: 39 encountered, 30 discovered, 0 enqueued
[43.718s][info][gc,reloc    ] GC(79) Small Pages: 1232 / 2464M(100%), Empty: 2312M(94%), Compacting: 144M(6%)->54M(2%)
[43.718s][info][gc,reloc    ] GC(79) Medium Pages: 0 / 0M(0%), Empty: 0M(0%), Compacting: 0M(0%)->0M(0%)
[43.718s][info][gc,reloc    ] GC(79) Large Pages: 1 / 8M(0%), Empty: 0M(0%), Compacting: 0M(0%)->0M(0%)
[43.718s][info][gc,reloc    ] GC(79) Relocation: Successful
[43.718s][info][gc,heap     ] GC(79) Min Capacity: 42M(1%)
[43.718s][info][gc,heap     ] GC(79) Max Capacity: 4060M(100%)
[43.718s][info][gc,heap     ] GC(79) Soft Max Capacity: 4060M(100%)
[43.718s][info][gc,heap     ] GC(79)                Mark Start          Mark End        Relocate Start      Relocate End           High               Low         
[43.718s][info][gc,heap     ] GC(79)  Capacity:     3138M (77%)        3138M (77%)        3138M (77%)        3138M (77%)        3138M (77%)        3138M (77%)    
[43.718s][info][gc,heap     ] GC(79)   Reserve:       42M (1%)           42M (1%)           42M (1%)           42M (1%)           42M (1%)           42M (1%)     
[43.718s][info][gc,heap     ] GC(79)      Free:     1546M (38%)        1368M (34%)        3640M (90%)        3588M (88%)        3668M (90%)        1356M (33%)    
[43.718s][info][gc,heap     ] GC(79)      Used:     2472M (61%)        2650M (65%)         378M (9%)          430M (11%)        2662M (66%)         350M (9%)     
[43.718s][info][gc,heap     ] GC(79)      Live:         -                62M (2%)           62M (2%)           62M (2%)             -                  -          
[43.718s][info][gc,heap     ] GC(79) Allocated:         -               178M (4%)          218M (5%)          414M (10%)            -                  -          
[43.718s][info][gc,heap     ] GC(79)   Garbage:         -              2409M (59%)          97M (2%)            3M (0%)             -                  -          
[43.718s][info][gc,heap     ] GC(79) Reclaimed:         -                  -              2312M (57%)        2406M (59%)            -                  -          
[43.718s][info][gc          ] GC(79) Garbage Collection (Allocation Rate) 2472M(61%)->430M(11%)
[44.138s][info][gc,start    ] GC(80) Garbage Collection (Allocation Rate)
[44.138s][info][gc,phases   ] GC(80) Pause Mark Start 0.060ms
[44.174s][info][gc,phases   ] GC(80) Concurrent Mark 35.940ms
[44.175s][info][gc,phases   ] GC(80) Pause Mark End 0.234ms
[44.176s][info][gc,phases   ] GC(80) Concurrent Process Non-Strong References 1.487ms
[44.177s][info][gc,phases   ] GC(80) Concurrent Reset Relocation Set 0.768ms
[44.182s][info][gc,phases   ] GC(80) Concurrent Select Relocation Set 4.547ms
[44.182s][info][gc,phases   ] GC(80) Pause Relocate Start 0.051ms
[44.210s][info][gc,phases   ] GC(80) Concurrent Relocate 27.443ms
[44.210s][info][gc,load     ] GC(80) Load: 0.00/0.00/0.00
[44.210s][info][gc,mmu      ] GC(80) MMU: 2ms/77.0%, 5ms/89.5%, 10ms/94.4%, 20ms/97.2%, 50ms/98.7%, 100ms/99.4%
[44.210s][info][gc,marking  ] GC(80) Mark: 1 stripe(s), 2 proactive flush(es), 1 terminate flush(es), 1 completion(s), 0 continuation(s) 
[44.210s][info][gc,nmethod  ] GC(80) NMethods: 1471 registered, 0 unregistered
[44.210s][info][gc,metaspace] GC(80) Metaspace: 4M used, 4M capacity, 4M committed, 1032M reserved
[44.210s][info][gc,ref      ] GC(80) Soft: 261 encountered, 0 discovered, 0 enqueued
[44.210s][info][gc,ref      ] GC(80) Weak: 280 encountered, 229 discovered, 0 enqueued
[44.210s][info][gc,ref      ] GC(80) Final: 1 encountered, 0 discovered, 0 enqueued
[44.210s][info][gc,ref      ] GC(80) Phantom: 39 encountered, 30 discovered, 0 enqueued
[44.210s][info][gc,reloc    ] GC(80) Small Pages: 1222 / 2444M(100%), Empty: 2300M(94%), Compacting: 136M(6%)->48M(2%)
[44.210s][info][gc,reloc    ] GC(80) Medium Pages: 0 / 0M(0%), Empty: 0M(0%), Compacting: 0M(0%)->0M(0%)
[44.210s][info][gc,reloc    ] GC(80) Large Pages: 1 / 8M(0%), Empty: 0M(0%), Compacting: 0M(0%)->0M(0%)
[44.210s][info][gc,reloc    ] GC(80) Relocation: Successful
[44.210s][info][gc,heap     ] GC(80) Min Capacity: 42M(1%)
[44.210s][info][gc,heap     ] GC(80) Max Capacity: 4060M(100%)
[44.210s][info][gc,heap     ] GC(80) Soft Max Capacity: 4060M(100%)
[44.210s][info][gc,heap     ] GC(80)                Mark Start          Mark End        Relocate Start      Relocate End           High               Low         
[44.210s][info][gc,heap     ] GC(80)  Capacity:     3138M (77%)        3138M (77%)        3138M (77%)        3138M (77%)        3138M (77%)        3138M (77%)    
[44.210s][info][gc,heap     ] GC(80)   Reserve:       42M (1%)           42M (1%)           42M (1%)           42M (1%)           42M (1%)           42M (1%)     
[44.210s][info][gc,heap     ] GC(80)      Free:     1566M (39%)        1398M (34%)        3668M (90%)        3626M (89%)        3686M (91%)        1388M (34%)    
[44.210s][info][gc,heap     ] GC(80)      Used:     2452M (60%)        2620M (65%)         350M (9%)          392M (10%)        2630M (65%)         332M (8%)     
[44.210s][info][gc,heap     ] GC(80)      Live:         -                55M (1%)           55M (1%)           55M (1%)             -                  -          
[44.210s][info][gc,heap     ] GC(80) Allocated:         -               168M (4%)          198M (5%)          376M (9%)             -                  -          
[44.210s][info][gc,heap     ] GC(80)   Garbage:         -              2396M (59%)          96M (2%)            8M (0%)             -                  -          
[44.210s][info][gc,heap     ] GC(80) Reclaimed:         -                  -              2300M (57%)        2388M (59%)            -                  -          
[44.210s][info][gc          ] GC(80) Garbage Collection (Allocation Rate) 2452M(60%)->392M(10%)
[44.638s][info][gc,start    ] GC(81) Garbage Collection (Allocation Rate)
[44.638s][info][gc,phases   ] GC(81) Pause Mark Start 0.067ms
[44.677s][info][gc,phases   ] GC(81) Concurrent Mark 38.860ms
[44.677s][info][gc,phases   ] GC(81) Pause Mark End 0.308ms
[44.679s][info][gc,phases   ] GC(81) Concurrent Process Non-Strong References 1.480ms
[44.680s][info][gc,phases   ] GC(81) Concurrent Reset Relocation Set 1.079ms
[44.685s][info][gc,phases   ] GC(81) Concurrent Select Relocation Set 5.350ms
[44.686s][info][gc,phases   ] GC(81) Pause Relocate Start 0.081ms
[44.724s][info][gc,phases   ] GC(81) Concurrent Relocate 38.649ms
[44.724s][info][gc,load     ] GC(81) Load: 0.00/0.00/0.00
[44.724s][info][gc,mmu      ] GC(81) MMU: 2ms/77.0%, 5ms/89.5%, 10ms/94.4%, 20ms/97.2%, 50ms/98.7%, 100ms/99.4%
[44.724s][info][gc,marking  ] GC(81) Mark: 1 stripe(s), 2 proactive flush(es), 1 terminate flush(es), 1 completion(s), 0 continuation(s) 
[44.724s][info][gc,nmethod  ] GC(81) NMethods: 1471 registered, 0 unregistered
[44.724s][info][gc,metaspace] GC(81) Metaspace: 4M used, 4M capacity, 4M committed, 1032M reserved
[44.724s][info][gc,ref      ] GC(81) Soft: 261 encountered, 0 discovered, 0 enqueued
[44.724s][info][gc,ref      ] GC(81) Weak: 280 encountered, 229 discovered, 0 enqueued
[44.724s][info][gc,ref      ] GC(81) Final: 1 encountered, 0 discovered, 0 enqueued
[44.724s][info][gc,ref      ] GC(81) Phantom: 39 encountered, 30 discovered, 0 enqueued
[44.725s][info][gc,reloc    ] GC(81) Small Pages: 1194 / 2388M(100%), Empty: 2230M(93%), Compacting: 154M(6%)->58M(2%)
[44.725s][info][gc,reloc    ] GC(81) Medium Pages: 0 / 0M(0%), Empty: 0M(0%), Compacting: 0M(0%)->0M(0%)
[44.725s][info][gc,reloc    ] GC(81) Large Pages: 1 / 8M(0%), Empty: 0M(0%), Compacting: 0M(0%)->0M(0%)
[44.725s][info][gc,reloc    ] GC(81) Relocation: Successful
[44.725s][info][gc,heap     ] GC(81) Min Capacity: 42M(1%)
[44.725s][info][gc,heap     ] GC(81) Max Capacity: 4060M(100%)
[44.725s][info][gc,heap     ] GC(81) Soft Max Capacity: 4060M(100%)
[44.725s][info][gc,heap     ] GC(81)                Mark Start          Mark End        Relocate Start      Relocate End           High               Low         
[44.725s][info][gc,heap     ] GC(81)  Capacity:     3138M (77%)        3138M (77%)        3138M (77%)        3138M (77%)        3138M (77%)        3138M (77%)    
[44.725s][info][gc,heap     ] GC(81)   Reserve:       42M (1%)           42M (1%)           42M (1%)           42M (1%)           42M (1%)           42M (1%)     
[44.725s][info][gc,heap     ] GC(81)      Free:     1622M (40%)        1446M (36%)        3638M (90%)        3556M (88%)        3664M (90%)        1434M (35%)    
[44.725s][info][gc,heap     ] GC(81)      Used:     2396M (59%)        2572M (63%)         380M (9%)          462M (11%)        2584M (64%)         354M (9%)     
[44.725s][info][gc,heap     ] GC(81)      Live:         -                62M (2%)           62M (2%)           62M (2%)             -                  -          
[44.725s][info][gc,heap     ] GC(81) Allocated:         -               176M (4%)          214M (5%)          450M (11%)            -                  -          
[44.725s][info][gc,heap     ] GC(81)   Garbage:         -              2333M (57%)         103M (3%)            5M (0%)             -                  -          
[44.725s][info][gc,heap     ] GC(81) Reclaimed:         -                  -              2230M (55%)        2328M (57%)            -                  -          
[44.725s][info][gc          ] GC(81) Garbage Collection (Allocation Rate) 2396M(59%)->462M(11%)
[45.139s][info][gc,start    ] GC(82) Garbage Collection (Allocation Rate)
[45.139s][info][gc,phases   ] GC(82) Pause Mark Start 0.086ms
[45.172s][info][gc,phases   ] GC(82) Concurrent Mark 33.500ms
[45.173s][info][gc,phases   ] GC(82) Pause Mark End 0.208ms
[45.174s][info][gc,phases   ] GC(82) Concurrent Process Non-Strong References 1.750ms
[45.175s][info][gc,phases   ] GC(82) Concurrent Reset Relocation Set 0.819ms
[45.179s][info][gc,phases   ] GC(82) Concurrent Select Relocation Set 3.820ms
[45.179s][info][gc,phases   ] GC(82) Pause Relocate Start 0.061ms
[45.201s][info][gc,phases   ] GC(82) Concurrent Relocate 21.408ms
[45.201s][info][gc,load     ] GC(82) Load: 0.00/0.00/0.00
[45.201s][info][gc,mmu      ] GC(82) MMU: 2ms/77.0%, 5ms/89.5%, 10ms/94.4%, 20ms/97.2%, 50ms/98.7%, 100ms/99.4%
[45.201s][info][gc,marking  ] GC(82) Mark: 1 stripe(s), 2 proactive flush(es), 1 terminate flush(es), 1 completion(s), 0 continuation(s) 
[45.201s][info][gc,nmethod  ] GC(82) NMethods: 1471 registered, 0 unregistered
[45.201s][info][gc,metaspace] GC(82) Metaspace: 4M used, 4M capacity, 4M committed, 1032M reserved
[45.201s][info][gc,ref      ] GC(82) Soft: 261 encountered, 0 discovered, 0 enqueued
[45.201s][info][gc,ref      ] GC(82) Weak: 280 encountered, 229 discovered, 0 enqueued
[45.201s][info][gc,ref      ] GC(82) Final: 1 encountered, 0 discovered, 0 enqueued
[45.201s][info][gc,ref      ] GC(82) Phantom: 39 encountered, 30 discovered, 0 enqueued
[45.201s][info][gc,reloc    ] GC(82) Small Pages: 1226 / 2452M(100%), Empty: 2334M(95%), Compacting: 102M(4%)->38M(2%)
[45.201s][info][gc,reloc    ] GC(82) Medium Pages: 0 / 0M(0%), Empty: 0M(0%), Compacting: 0M(0%)->0M(0%)
[45.201s][info][gc,reloc    ] GC(82) Large Pages: 1 / 8M(0%), Empty: 0M(0%), Compacting: 0M(0%)->0M(0%)
[45.201s][info][gc,reloc    ] GC(82) Relocation: Successful
[45.201s][info][gc,heap     ] GC(82) Min Capacity: 42M(1%)
[45.201s][info][gc,heap     ] GC(82) Max Capacity: 4060M(100%)
[45.201s][info][gc,heap     ] GC(82) Soft Max Capacity: 4060M(100%)
[45.201s][info][gc,heap     ] GC(82)                Mark Start          Mark End        Relocate Start      Relocate End           High               Low         
[45.201s][info][gc,heap     ] GC(82)  Capacity:     3138M (77%)        3138M (77%)        3138M (77%)        3138M (77%)        3138M (77%)        3138M (77%)    
[45.201s][info][gc,heap     ] GC(82)   Reserve:       42M (1%)           42M (1%)           42M (1%)           42M (1%)           42M (1%)           42M (1%)     
[45.201s][info][gc,heap     ] GC(82)      Free:     1558M (38%)        1398M (34%)        3704M (91%)        3666M (90%)        3718M (92%)        1386M (34%)    
[45.201s][info][gc,heap     ] GC(82)      Used:     2460M (61%)        2620M (65%)         314M (8%)          352M (9%)         2632M (65%)         300M (7%)     
[45.201s][info][gc,heap     ] GC(82)      Live:         -                54M (1%)           54M (1%)           54M (1%)             -                  -          
[45.201s][info][gc,heap     ] GC(82) Allocated:         -               160M (4%)          188M (5%)          328M (8%)             -                  -          
[45.201s][info][gc,heap     ] GC(82)   Garbage:         -              2405M (59%)          71M (2%)            7M (0%)             -                  -          
[45.201s][info][gc,heap     ] GC(82) Reclaimed:         -                  -              2334M (57%)        2398M (59%)            -                  -          
[45.201s][info][gc          ] GC(82) Garbage Collection (Allocation Rate) 2460M(61%)->352M(9%)
[45.638s][info][gc,start    ] GC(83) Garbage Collection (Allocation Rate)
[45.638s][info][gc,phases   ] GC(83) Pause Mark Start 0.060ms
[45.667s][info][gc,phases   ] GC(83) Concurrent Mark 28.557ms
[45.667s][info][gc,phases   ] GC(83) Pause Mark End 0.323ms
[45.669s][info][gc,phases   ] GC(83) Concurrent Process Non-Strong References 1.681ms
[45.670s][info][gc,phases   ] GC(83) Concurrent Reset Relocation Set 0.948ms
[45.672s][info][gc,phases   ] GC(83) Concurrent Select Relocation Set 1.959ms
[45.672s][info][gc,phases   ] GC(83) Pause Relocate Start 0.095ms
[45.674s][info][gc,phases   ] GC(83) Concurrent Relocate 1.464ms
[45.674s][info][gc,load     ] GC(83) Load: 0.00/0.00/0.00
[45.674s][info][gc,mmu      ] GC(83) MMU: 2ms/77.0%, 5ms/89.5%, 10ms/94.4%, 20ms/97.2%, 50ms/98.7%, 100ms/99.4%
[45.674s][info][gc,marking  ] GC(83) Mark: 1 stripe(s), 2 proactive flush(es), 1 terminate flush(es), 1 completion(s), 0 continuation(s) 
[45.674s][info][gc,nmethod  ] GC(83) NMethods: 1471 registered, 0 unregistered
[45.674s][info][gc,metaspace] GC(83) Metaspace: 4M used, 4M capacity, 4M committed, 1032M reserved
[45.674s][info][gc,ref      ] GC(83) Soft: 261 encountered, 0 discovered, 0 enqueued
[45.674s][info][gc,ref      ] GC(83) Weak: 280 encountered, 229 discovered, 0 enqueued
[45.674s][info][gc,ref      ] GC(83) Final: 1 encountered, 0 discovered, 0 enqueued
[45.674s][info][gc,ref      ] GC(83) Phantom: 39 encountered, 30 discovered, 0 enqueued
[45.674s][info][gc,reloc    ] GC(83) Small Pages: 1219 / 2438M(100%), Empty: 2380M(97%), Compacting: 18M(1%)->4M(0%)
[45.674s][info][gc,reloc    ] GC(83) Medium Pages: 0 / 0M(0%), Empty: 0M(0%), Compacting: 0M(0%)->0M(0%)
[45.674s][info][gc,reloc    ] GC(83) Large Pages: 1 / 8M(0%), Empty: 0M(0%), Compacting: 0M(0%)->0M(0%)
[45.674s][info][gc,reloc    ] GC(83) Relocation: Successful
[45.674s][info][gc,heap     ] GC(83) Min Capacity: 42M(1%)
[45.674s][info][gc,heap     ] GC(83) Max Capacity: 4060M(100%)
[45.674s][info][gc,heap     ] GC(83) Soft Max Capacity: 4060M(100%)
[45.674s][info][gc,heap     ] GC(83)                Mark Start          Mark End        Relocate Start      Relocate End           High               Low         
[45.674s][info][gc,heap     ] GC(83)  Capacity:     3138M (77%)        3138M (77%)        3138M (77%)        3138M (77%)        3138M (77%)        3138M (77%)    
[45.674s][info][gc,heap     ] GC(83)   Reserve:       42M (1%)           42M (1%)           42M (1%)           42M (1%)           42M (1%)           42M (1%)     
[45.674s][info][gc,heap     ] GC(83)      Free:     1572M (39%)        1436M (35%)        3794M (93%)        3798M (94%)        3804M (94%)        1424M (35%)    
[45.674s][info][gc,heap     ] GC(83)      Used:     2446M (60%)        2582M (64%)         224M (6%)          220M (5%)         2594M (64%)         214M (5%)     
[45.674s][info][gc,heap     ] GC(83)      Live:         -                44M (1%)           44M (1%)           44M (1%)             -                  -          
[45.674s][info][gc,heap     ] GC(83) Allocated:         -               136M (3%)          158M (4%)          172M (4%)             -                  -          
[45.674s][info][gc,heap     ] GC(83)   Garbage:         -              2401M (59%)          21M (1%)            9M (0%)             -                  -          
[45.674s][info][gc,heap     ] GC(83) Reclaimed:         -                  -              2380M (59%)        2392M (59%)            -                  -          
[45.674s][info][gc          ] GC(83) Garbage Collection (Allocation Rate) 2446M(60%)->220M(5%)
[46.138s][info][gc,start    ] GC(84) Garbage Collection (Allocation Rate)
[46.138s][info][gc,phases   ] GC(84) Pause Mark Start 0.047ms
[46.178s][info][gc,phases   ] GC(84) Concurrent Mark 39.841ms
[46.178s][info][gc,phases   ] GC(84) Pause Mark End 0.208ms
[46.180s][info][gc,phases   ] GC(84) Concurrent Process Non-Strong References 1.507ms
[46.180s][info][gc,phases   ] GC(84) Concurrent Reset Relocation Set 0.025ms
[46.182s][info][gc,phases   ] GC(84) Concurrent Select Relocation Set 1.852ms
[46.182s][info][gc,phases   ] GC(84) Pause Relocate Start 0.058ms
[46.186s][info][gc,phases   ] GC(84) Concurrent Relocate 4.058ms
[46.186s][info][gc,load     ] GC(84) Load: 0.00/0.00/0.00
[46.186s][info][gc,mmu      ] GC(84) MMU: 2ms/77.0%, 5ms/89.5%, 10ms/94.4%, 20ms/97.2%, 50ms/98.7%, 100ms/99.4%
[46.186s][info][gc,marking  ] GC(84) Mark: 1 stripe(s), 2 proactive flush(es), 1 terminate flush(es), 1 completion(s), 0 continuation(s) 
[46.186s][info][gc,nmethod  ] GC(84) NMethods: 1471 registered, 0 unregistered
[46.186s][info][gc,metaspace] GC(84) Metaspace: 4M used, 4M capacity, 4M committed, 1032M reserved
[46.186s][info][gc,ref      ] GC(84) Soft: 261 encountered, 0 discovered, 0 enqueued
[46.186s][info][gc,ref      ] GC(84) Weak: 280 encountered, 229 discovered, 0 enqueued
[46.186s][info][gc,ref      ] GC(84) Final: 1 encountered, 0 discovered, 0 enqueued
[46.186s][info][gc,ref      ] GC(84) Phantom: 39 encountered, 30 discovered, 0 enqueued
[46.186s][info][gc,reloc    ] GC(84) Small Pages: 1224 / 2448M(100%), Empty: 2356M(96%), Compacting: 26M(1%)->8M(0%)
[46.186s][info][gc,reloc    ] GC(84) Medium Pages: 0 / 0M(0%), Empty: 0M(0%), Compacting: 0M(0%)->0M(0%)
[46.186s][info][gc,reloc    ] GC(84) Large Pages: 1 / 8M(0%), Empty: 0M(0%), Compacting: 0M(0%)->0M(0%)
[46.186s][info][gc,reloc    ] GC(84) Relocation: Successful
[46.186s][info][gc,heap     ] GC(84) Min Capacity: 42M(1%)
[46.186s][info][gc,heap     ] GC(84) Max Capacity: 4060M(100%)
[46.186s][info][gc,heap     ] GC(84) Soft Max Capacity: 4060M(100%)
[46.186s][info][gc,heap     ] GC(84)                Mark Start          Mark End        Relocate Start      Relocate End           High               Low         
[46.186s][info][gc,heap     ] GC(84)  Capacity:     3138M (77%)        3138M (77%)        3138M (77%)        3138M (77%)        3138M (77%)        3138M (77%)    
[46.186s][info][gc,heap     ] GC(84)   Reserve:       42M (1%)           42M (1%)           42M (1%)           42M (1%)           42M (1%)           42M (1%)     
[46.186s][info][gc,heap     ] GC(84)      Free:     1562M (38%)        1370M (34%)        3708M (91%)        3704M (91%)        3718M (92%)        1362M (34%)    
[46.186s][info][gc,heap     ] GC(84)      Used:     2456M (60%)        2648M (65%)         310M (8%)          314M (8%)         2656M (65%)         300M (7%)     
[46.186s][info][gc,heap     ] GC(84)      Live:         -                70M (2%)           70M (2%)           70M (2%)             -                  -          
[46.186s][info][gc,heap     ] GC(84) Allocated:         -               192M (5%)          210M (5%)          240M (6%)             -                  -          
[46.186s][info][gc,heap     ] GC(84)   Garbage:         -              2385M (59%)          29M (1%)           15M (0%)             -                  -          
[46.186s][info][gc,heap     ] GC(84) Reclaimed:         -                  -              2356M (58%)        2370M (58%)            -                  -          
[46.186s][info][gc          ] GC(84) Garbage Collection (Allocation Rate) 2456M(60%)->314M(8%)
[46.638s][info][gc,start    ] GC(85) Garbage Collection (Allocation Rate)
[46.639s][info][gc,phases   ] GC(85) Pause Mark Start 0.104ms
[46.677s][info][gc,phases   ] GC(85) Concurrent Mark 37.925ms
[46.677s][info][gc,phases   ] GC(85) Pause Mark End 0.295ms
[46.679s][info][gc,phases   ] GC(85) Concurrent Process Non-Strong References 1.444ms
[46.679s][info][gc,phases   ] GC(85) Concurrent Reset Relocation Set 0.029ms
[46.683s][info][gc,phases   ] GC(85) Concurrent Select Relocation Set 4.071ms
[46.683s][info][gc,phases   ] GC(85) Pause Relocate Start 0.098ms
[46.708s][info][gc,phases   ] GC(85) Concurrent Relocate 25.293ms
[46.708s][info][gc,load     ] GC(85) Load: 0.00/0.00/0.00
[46.708s][info][gc,mmu      ] GC(85) MMU: 2ms/77.0%, 5ms/89.5%, 10ms/94.4%, 20ms/97.2%, 50ms/98.7%, 100ms/99.4%
[46.708s][info][gc,marking  ] GC(85) Mark: 1 stripe(s), 2 proactive flush(es), 1 terminate flush(es), 1 completion(s), 0 continuation(s) 
[46.708s][info][gc,nmethod  ] GC(85) NMethods: 1471 registered, 0 unregistered
[46.708s][info][gc,metaspace] GC(85) Metaspace: 4M used, 4M capacity, 4M committed, 1032M reserved
[46.708s][info][gc,ref      ] GC(85) Soft: 261 encountered, 0 discovered, 0 enqueued
[46.708s][info][gc,ref      ] GC(85) Weak: 280 encountered, 229 discovered, 0 enqueued
[46.708s][info][gc,ref      ] GC(85) Final: 1 encountered, 0 discovered, 0 enqueued
[46.708s][info][gc,ref      ] GC(85) Phantom: 39 encountered, 30 discovered, 0 enqueued
[46.708s][info][gc,reloc    ] GC(85) Small Pages: 1243 / 2486M(100%), Empty: 2344M(94%), Compacting: 122M(5%)->44M(2%)
[46.708s][info][gc,reloc    ] GC(85) Medium Pages: 0 / 0M(0%), Empty: 0M(0%), Compacting: 0M(0%)->0M(0%)
[46.708s][info][gc,reloc    ] GC(85) Large Pages: 1 / 8M(0%), Empty: 0M(0%), Compacting: 0M(0%)->0M(0%)
[46.708s][info][gc,reloc    ] GC(85) Relocation: Successful
[46.708s][info][gc,heap     ] GC(85) Min Capacity: 42M(1%)
[46.708s][info][gc,heap     ] GC(85) Max Capacity: 4060M(100%)
[46.708s][info][gc,heap     ] GC(85) Soft Max Capacity: 4060M(100%)
[46.708s][info][gc,heap     ] GC(85)                Mark Start          Mark End        Relocate Start      Relocate End           High               Low         
[46.708s][info][gc,heap     ] GC(85)  Capacity:     3138M (77%)        3138M (77%)        3138M (77%)        3138M (77%)        3138M (77%)        3138M (77%)    
[46.708s][info][gc,heap     ] GC(85)   Reserve:       42M (1%)           42M (1%)           42M (1%)           42M (1%)           42M (1%)           42M (1%)     
[46.708s][info][gc,heap     ] GC(85)      Free:     1524M (38%)        1344M (33%)        3666M (90%)        3626M (89%)        3686M (91%)        1342M (33%)    
[46.708s][info][gc,heap     ] GC(85)      Used:     2494M (61%)        2674M (66%)         352M (9%)          392M (10%)        2676M (66%)         332M (8%)     
[46.708s][info][gc,heap     ] GC(85)      Live:         -                63M (2%)           63M (2%)           63M (2%)             -                  -          
[46.708s][info][gc,heap     ] GC(85) Allocated:         -               180M (4%)          202M (5%)          364M (9%)             -                  -          
[46.708s][info][gc,heap     ] GC(85)   Garbage:         -              2430M (60%)          86M (2%)            6M (0%)             -                  -          
[46.708s][info][gc,heap     ] GC(85) Reclaimed:         -                  -              2344M (58%)        2424M (60%)            -                  -          
[46.708s][info][gc          ] GC(85) Garbage Collection (Allocation Rate) 2494M(61%)->392M(10%)
[47.138s][info][gc,start    ] GC(86) Garbage Collection (Allocation Rate)
[47.138s][info][gc,phases   ] GC(86) Pause Mark Start 0.090ms
[47.175s][info][gc,phases   ] GC(86) Concurrent Mark 36.360ms
[47.175s][info][gc,phases   ] GC(86) Pause Mark End 0.182ms
[47.177s][info][gc,phases   ] GC(86) Concurrent Process Non-Strong References 1.625ms
[47.177s][info][gc,phases   ] GC(86) Concurrent Reset Relocation Set 0.745ms
[47.182s][info][gc,phases   ] GC(86) Concurrent Select Relocation Set 5.000ms
[47.183s][info][gc,phases   ] GC(86) Pause Relocate Start 0.065ms
[47.214s][info][gc,phases   ] GC(86) Concurrent Relocate 30.724ms
[47.214s][info][gc,load     ] GC(86) Load: 0.00/0.00/0.00
[47.214s][info][gc,mmu      ] GC(86) MMU: 2ms/77.0%, 5ms/89.5%, 10ms/94.4%, 20ms/97.2%, 50ms/98.7%, 100ms/99.4%
[47.214s][info][gc,marking  ] GC(86) Mark: 1 stripe(s), 2 proactive flush(es), 1 terminate flush(es), 1 completion(s), 0 continuation(s) 
[47.214s][info][gc,nmethod  ] GC(86) NMethods: 1471 registered, 0 unregistered
[47.214s][info][gc,metaspace] GC(86) Metaspace: 4M used, 4M capacity, 4M committed, 1032M reserved
[47.214s][info][gc,ref      ] GC(86) Soft: 261 encountered, 0 discovered, 0 enqueued
[47.214s][info][gc,ref      ] GC(86) Weak: 280 encountered, 229 discovered, 0 enqueued
[47.214s][info][gc,ref      ] GC(86) Final: 1 encountered, 0 discovered, 0 enqueued
[47.214s][info][gc,ref      ] GC(86) Phantom: 39 encountered, 30 discovered, 0 enqueued
[47.214s][info][gc,reloc    ] GC(86) Small Pages: 1228 / 2456M(100%), Empty: 2306M(94%), Compacting: 144M(6%)->54M(2%)
[47.214s][info][gc,reloc    ] GC(86) Medium Pages: 0 / 0M(0%), Empty: 0M(0%), Compacting: 0M(0%)->0M(0%)
[47.214s][info][gc,reloc    ] GC(86) Large Pages: 1 / 8M(0%), Empty: 0M(0%), Compacting: 0M(0%)->0M(0%)
[47.214s][info][gc,reloc    ] GC(86) Relocation: Successful
[47.214s][info][gc,heap     ] GC(86) Min Capacity: 42M(1%)
[47.214s][info][gc,heap     ] GC(86) Max Capacity: 4060M(100%)
[47.214s][info][gc,heap     ] GC(86) Soft Max Capacity: 4060M(100%)
[47.214s][info][gc,heap     ] GC(86)                Mark Start          Mark End        Relocate Start      Relocate End           High               Low         
[47.214s][info][gc,heap     ] GC(86)  Capacity:     3138M (77%)        3138M (77%)        3138M (77%)        3138M (77%)        3138M (77%)        3138M (77%)    
[47.214s][info][gc,heap     ] GC(86)   Reserve:       42M (1%)           42M (1%)           42M (1%)           42M (1%)           42M (1%)           42M (1%)     
[47.214s][info][gc,heap     ] GC(86)      Free:     1554M (38%)        1382M (34%)        3654M (90%)        3602M (89%)        3678M (91%)        1372M (34%)    
[47.214s][info][gc,heap     ] GC(86)      Used:     2464M (61%)        2636M (65%)         364M (9%)          416M (10%)        2646M (65%)         340M (8%)     
[47.214s][info][gc,heap     ] GC(86)      Live:         -                59M (1%)           59M (1%)           59M (1%)             -                  -          
[47.214s][info][gc,heap     ] GC(86) Allocated:         -               172M (4%)          206M (5%)          402M (10%)            -                  -          
[47.214s][info][gc,heap     ] GC(86)   Garbage:         -              2404M (59%)          98M (2%)            4M (0%)             -                  -          
[47.214s][info][gc,heap     ] GC(86) Reclaimed:         -                  -              2306M (57%)        2400M (59%)            -                  -          
[47.214s][info][gc          ] GC(86) Garbage Collection (Allocation Rate) 2464M(61%)->416M(10%)
[47.639s][info][gc,start    ] GC(87) Garbage Collection (Allocation Rate)
[47.639s][info][gc,phases   ] GC(87) Pause Mark Start 0.102ms
[47.668s][info][gc,phases   ] GC(87) Concurrent Mark 28.983ms
[47.668s][info][gc,phases   ] GC(87) Pause Mark End 0.298ms
[47.670s][info][gc,phases   ] GC(87) Concurrent Process Non-Strong References 1.697ms
[47.671s][info][gc,phases   ] GC(87) Concurrent Reset Relocation Set 1.291ms
[47.674s][info][gc,phases   ] GC(87) Concurrent Select Relocation Set 2.989ms
[47.675s][info][gc,phases   ] GC(87) Pause Relocate Start 0.116ms
[47.687s][info][gc,phases   ] GC(87) Concurrent Relocate 11.985ms
[47.687s][info][gc,load     ] GC(87) Load: 0.00/0.00/0.00
[47.687s][info][gc,mmu      ] GC(87) MMU: 2ms/77.0%, 5ms/89.5%, 10ms/94.4%, 20ms/97.2%, 50ms/98.7%, 100ms/99.4%
[47.687s][info][gc,marking  ] GC(87) Mark: 1 stripe(s), 2 proactive flush(es), 1 terminate flush(es), 1 completion(s), 0 continuation(s) 
[47.687s][info][gc,nmethod  ] GC(87) NMethods: 1471 registered, 0 unregistered
[47.687s][info][gc,metaspace] GC(87) Metaspace: 4M used, 4M capacity, 4M committed, 1032M reserved
[47.687s][info][gc,ref      ] GC(87) Soft: 261 encountered, 0 discovered, 0 enqueued
[47.687s][info][gc,ref      ] GC(87) Weak: 280 encountered, 229 discovered, 0 enqueued
[47.687s][info][gc,ref      ] GC(87) Final: 1 encountered, 0 discovered, 0 enqueued
[47.687s][info][gc,ref      ] GC(87) Phantom: 39 encountered, 30 discovered, 0 enqueued
[47.687s][info][gc,reloc    ] GC(87) Small Pages: 1223 / 2446M(100%), Empty: 2382M(97%), Compacting: 30M(1%)->10M(0%)
[47.687s][info][gc,reloc    ] GC(87) Medium Pages: 0 / 0M(0%), Empty: 0M(0%), Compacting: 0M(0%)->0M(0%)
[47.687s][info][gc,reloc    ] GC(87) Large Pages: 1 / 8M(0%), Empty: 0M(0%), Compacting: 0M(0%)->0M(0%)
[47.687s][info][gc,reloc    ] GC(87) Relocation: Successful
[47.687s][info][gc,heap     ] GC(87) Min Capacity: 42M(1%)
[47.687s][info][gc,heap     ] GC(87) Max Capacity: 4060M(100%)
[47.687s][info][gc,heap     ] GC(87) Soft Max Capacity: 4060M(100%)
[47.687s][info][gc,heap     ] GC(87)                Mark Start          Mark End        Relocate Start      Relocate End           High               Low         
[47.687s][info][gc,heap     ] GC(87)  Capacity:     3138M (77%)        3138M (77%)        3138M (77%)        3138M (77%)        3138M (77%)        3138M (77%)    
[47.687s][info][gc,heap     ] GC(87)   Reserve:       42M (1%)           42M (1%)           42M (1%)           42M (1%)           42M (1%)           42M (1%)     
[47.687s][info][gc,heap     ] GC(87)      Free:     1564M (39%)        1424M (35%)        3782M (93%)        3746M (92%)        3792M (93%)        1410M (35%)    
[47.687s][info][gc,heap     ] GC(87)      Used:     2454M (60%)        2594M (64%)         236M (6%)          272M (7%)         2608M (64%)         226M (6%)     
[47.687s][info][gc,heap     ] GC(87)      Live:         -                46M (1%)           46M (1%)           46M (1%)             -                  -          
[47.687s][info][gc,heap     ] GC(87) Allocated:         -               140M (3%)          164M (4%)          230M (6%)             -                  -          
[47.687s][info][gc,heap     ] GC(87)   Garbage:         -              2407M (59%)          25M (1%)            7M (0%)             -                  -          
[47.687s][info][gc,heap     ] GC(87) Reclaimed:         -                  -              2382M (59%)        2400M (59%)            -                  -          
[47.687s][info][gc          ] GC(87) Garbage Collection (Allocation Rate) 2454M(60%)->272M(7%)
[48.138s][info][gc,start    ] GC(88) Garbage Collection (Allocation Rate)
[48.138s][info][gc,phases   ] GC(88) Pause Mark Start 0.043ms
[48.170s][info][gc,phases   ] GC(88) Concurrent Mark 31.199ms
[48.170s][info][gc,phases   ] GC(88) Pause Mark End 0.241ms
[48.172s][info][gc,phases   ] GC(88) Concurrent Process Non-Strong References 1.842ms
[48.172s][info][gc,phases   ] GC(88) Concurrent Reset Relocation Set 0.032ms
[48.174s][info][gc,phases   ] GC(88) Concurrent Select Relocation Set 2.602ms
[48.175s][info][gc,phases   ] GC(88) Pause Relocate Start 0.063ms
[48.187s][info][gc,phases   ] GC(88) Concurrent Relocate 11.947ms
[48.187s][info][gc,load     ] GC(88) Load: 0.00/0.00/0.00
[48.187s][info][gc,mmu      ] GC(88) MMU: 2ms/77.0%, 5ms/89.5%, 10ms/94.4%, 20ms/97.2%, 50ms/98.7%, 100ms/99.4%
[48.187s][info][gc,marking  ] GC(88) Mark: 1 stripe(s), 2 proactive flush(es), 1 terminate flush(es), 1 completion(s), 0 continuation(s) 
[48.187s][info][gc,nmethod  ] GC(88) NMethods: 1471 registered, 0 unregistered
[48.187s][info][gc,metaspace] GC(88) Metaspace: 4M used, 4M capacity, 4M committed, 1032M reserved
[48.187s][info][gc,ref      ] GC(88) Soft: 261 encountered, 0 discovered, 0 enqueued
[48.187s][info][gc,ref      ] GC(88) Weak: 280 encountered, 229 discovered, 0 enqueued
[48.187s][info][gc,ref      ] GC(88) Final: 1 encountered, 0 discovered, 0 enqueued
[48.187s][info][gc,ref      ] GC(88) Phantom: 39 encountered, 30 discovered, 0 enqueued
[48.187s][info][gc,reloc    ] GC(88) Small Pages: 1197 / 2394M(100%), Empty: 2308M(96%), Compacting: 58M(2%)->20M(1%)
[48.187s][info][gc,reloc    ] GC(88) Medium Pages: 0 / 0M(0%), Empty: 0M(0%), Compacting: 0M(0%)->0M(0%)
[48.187s][info][gc,reloc    ] GC(88) Large Pages: 1 / 8M(0%), Empty: 0M(0%), Compacting: 0M(0%)->0M(0%)
[48.187s][info][gc,reloc    ] GC(88) Relocation: Successful
[48.187s][info][gc,heap     ] GC(88) Min Capacity: 42M(1%)
[48.187s][info][gc,heap     ] GC(88) Max Capacity: 4060M(100%)
[48.187s][info][gc,heap     ] GC(88) Soft Max Capacity: 4060M(100%)
[48.187s][info][gc,heap     ] GC(88)                Mark Start          Mark End        Relocate Start      Relocate End           High               Low         
[48.187s][info][gc,heap     ] GC(88)  Capacity:     3138M (77%)        3138M (77%)        3138M (77%)        3138M (77%)        3138M (77%)        3138M (77%)    
[48.187s][info][gc,heap     ] GC(88)   Reserve:       42M (1%)           42M (1%)           42M (1%)           42M (1%)           42M (1%)           42M (1%)     
[48.187s][info][gc,heap     ] GC(88)      Free:     1616M (40%)        1468M (36%)        3756M (93%)        3736M (92%)        3768M (93%)        1460M (36%)    
[48.187s][info][gc,heap     ] GC(88)      Used:     2402M (59%)        2550M (63%)         262M (6%)          282M (7%)         2558M (63%)         250M (6%)     
[48.187s][info][gc,heap     ] GC(88)      Live:         -                48M (1%)           48M (1%)           48M (1%)             -                  -          
[48.187s][info][gc,heap     ] GC(88) Allocated:         -               148M (4%)          168M (4%)          246M (6%)             -                  -          
[48.187s][info][gc,heap     ] GC(88)   Garbage:         -              2353M (58%)          45M (1%)            9M (0%)             -                  -          
[48.187s][info][gc,heap     ] GC(88) Reclaimed:         -                  -              2308M (57%)        2344M (58%)            -                  -          
[48.187s][info][gc          ] GC(88) Garbage Collection (Allocation Rate) 2402M(59%)->282M(7%)
[48.738s][info][gc,start    ] GC(89) Garbage Collection (Allocation Rate)
[48.739s][info][gc,phases   ] GC(89) Pause Mark Start 0.063ms
[48.769s][info][gc,phases   ] GC(89) Concurrent Mark 29.968ms
[48.769s][info][gc,phases   ] GC(89) Pause Mark End 0.268ms
[48.771s][info][gc,phases   ] GC(89) Concurrent Process Non-Strong References 1.716ms
[48.771s][info][gc,phases   ] GC(89) Concurrent Reset Relocation Set 0.045ms
[48.773s][info][gc,phases   ] GC(89) Concurrent Select Relocation Set 1.760ms
[48.773s][info][gc,phases   ] GC(89) Pause Relocate Start 0.108ms
[48.780s][info][gc,phases   ] GC(89) Concurrent Relocate 6.855ms
[48.780s][info][gc,load     ] GC(89) Load: 0.00/0.00/0.00
[48.780s][info][gc,mmu      ] GC(89) MMU: 2ms/77.0%, 5ms/89.5%, 10ms/94.4%, 20ms/97.2%, 50ms/98.7%, 100ms/99.4%
[48.780s][info][gc,marking  ] GC(89) Mark: 1 stripe(s), 2 proactive flush(es), 1 terminate flush(es), 1 completion(s), 0 continuation(s) 
[48.780s][info][gc,nmethod  ] GC(89) NMethods: 1471 registered, 0 unregistered
[48.780s][info][gc,metaspace] GC(89) Metaspace: 4M used, 4M capacity, 4M committed, 1032M reserved
[48.780s][info][gc,ref      ] GC(89) Soft: 261 encountered, 0 discovered, 0 enqueued
[48.780s][info][gc,ref      ] GC(89) Weak: 280 encountered, 229 discovered, 0 enqueued
[48.780s][info][gc,ref      ] GC(89) Final: 1 encountered, 0 discovered, 0 enqueued
[48.780s][info][gc,ref      ] GC(89) Phantom: 39 encountered, 30 discovered, 0 enqueued
[48.780s][info][gc,reloc    ] GC(89) Small Pages: 1458 / 2916M(100%), Empty: 2844M(97%), Compacting: 38M(1%)->12M(0%)
[48.780s][info][gc,reloc    ] GC(89) Medium Pages: 0 / 0M(0%), Empty: 0M(0%), Compacting: 0M(0%)->0M(0%)
[48.780s][info][gc,reloc    ] GC(89) Large Pages: 1 / 8M(0%), Empty: 0M(0%), Compacting: 0M(0%)->0M(0%)
[48.780s][info][gc,reloc    ] GC(89) Relocation: Successful
[48.780s][info][gc,heap     ] GC(89) Min Capacity: 42M(1%)
[48.780s][info][gc,heap     ] GC(89) Max Capacity: 4060M(100%)
[48.780s][info][gc,heap     ] GC(89) Soft Max Capacity: 4060M(100%)
[48.780s][info][gc,heap     ] GC(89)                Mark Start          Mark End        Relocate Start      Relocate End           High               Low         
[48.780s][info][gc,heap     ] GC(89)  Capacity:     3138M (77%)        3138M (77%)        3138M (77%)        3138M (77%)        3138M (77%)        3138M (77%)    
[48.780s][info][gc,heap     ] GC(89)   Reserve:       42M (1%)           42M (1%)           42M (1%)           42M (1%)           42M (1%)           42M (1%)     
[48.780s][info][gc,heap     ] GC(89)      Free:     1094M (27%)         950M (23%)        3778M (93%)        3770M (93%)        3786M (93%)         942M (23%)    
[48.780s][info][gc,heap     ] GC(89)      Used:     2924M (72%)        3068M (76%)         240M (6%)          248M (6%)         3076M (76%)         232M (6%)     
[48.780s][info][gc,heap     ] GC(89)      Live:         -                46M (1%)           46M (1%)           46M (1%)             -                  -          
[48.780s][info][gc,heap     ] GC(89) Allocated:         -               144M (4%)          160M (4%)          206M (5%)             -                  -          
[48.780s][info][gc,heap     ] GC(89)   Garbage:         -              2877M (71%)          33M (1%)            9M (0%)             -                  -          
[48.780s][info][gc,heap     ] GC(89) Reclaimed:         -                  -              2844M (70%)        2868M (71%)            -                  -          
[48.780s][info][gc          ] GC(89) Garbage Collection (Allocation Rate) 2924M(72%)->248M(6%)
[49.337s][info][gc,start    ] GC(90) Garbage Collection (Allocation Rate)
[49.338s][info][gc,phases   ] GC(90) Pause Mark Start 0.054ms
[49.371s][info][gc,phases   ] GC(90) Concurrent Mark 33.531ms
[49.372s][info][gc,phases   ] GC(90) Pause Mark End 0.235ms
[49.373s][info][gc,phases   ] GC(90) Concurrent Process Non-Strong References 1.558ms
[49.373s][info][gc,phases   ] GC(90) Concurrent Reset Relocation Set 0.040ms
[49.376s][info][gc,phases   ] GC(90) Concurrent Select Relocation Set 2.755ms
[49.376s][info][gc,phases   ] GC(90) Pause Relocate Start 0.090ms
[49.394s][info][gc,phases   ] GC(90) Concurrent Relocate 17.656ms
[49.394s][info][gc,load     ] GC(90) Load: 0.00/0.00/0.00
[49.394s][info][gc,mmu      ] GC(90) MMU: 2ms/77.0%, 5ms/89.5%, 10ms/94.4%, 20ms/97.2%, 50ms/98.7%, 100ms/99.4%
[49.394s][info][gc,marking  ] GC(90) Mark: 1 stripe(s), 2 proactive flush(es), 1 terminate flush(es), 1 completion(s), 0 continuation(s) 
[49.394s][info][gc,nmethod  ] GC(90) NMethods: 1471 registered, 0 unregistered
[49.394s][info][gc,metaspace] GC(90) Metaspace: 4M used, 4M capacity, 4M committed, 1032M reserved
[49.394s][info][gc,ref      ] GC(90) Soft: 261 encountered, 0 discovered, 0 enqueued
[49.394s][info][gc,ref      ] GC(90) Weak: 280 encountered, 229 discovered, 0 enqueued
[49.394s][info][gc,ref      ] GC(90) Final: 1 encountered, 0 discovered, 0 enqueued
[49.394s][info][gc,ref      ] GC(90) Phantom: 39 encountered, 30 discovered, 0 enqueued
[49.394s][info][gc,reloc    ] GC(90) Small Pages: 1450 / 2900M(100%), Empty: 2794M(96%), Compacting: 84M(3%)->30M(1%)
[49.394s][info][gc,reloc    ] GC(90) Medium Pages: 0 / 0M(0%), Empty: 0M(0%), Compacting: 0M(0%)->0M(0%)
[49.394s][info][gc,reloc    ] GC(90) Large Pages: 1 / 8M(0%), Empty: 0M(0%), Compacting: 0M(0%)->0M(0%)
[49.394s][info][gc,reloc    ] GC(90) Relocation: Successful
[49.394s][info][gc,heap     ] GC(90) Min Capacity: 42M(1%)
[49.394s][info][gc,heap     ] GC(90) Max Capacity: 4060M(100%)
[49.394s][info][gc,heap     ] GC(90) Soft Max Capacity: 4060M(100%)
[49.394s][info][gc,heap     ] GC(90)                Mark Start          Mark End        Relocate Start      Relocate End           High               Low         
[49.394s][info][gc,heap     ] GC(90)  Capacity:     3138M (77%)        3138M (77%)        3138M (77%)        3138M (77%)        3138M (77%)        3138M (77%)    
[49.394s][info][gc,heap     ] GC(90)   Reserve:       42M (1%)           42M (1%)           42M (1%)           42M (1%)           42M (1%)           42M (1%)     
[49.394s][info][gc,heap     ] GC(90)      Free:     1110M (27%)         958M (24%)        3732M (92%)        3704M (91%)        3744M (92%)         950M (23%)    
[49.394s][info][gc,heap     ] GC(90)      Used:     2908M (72%)        3060M (75%)         286M (7%)          314M (8%)         3068M (76%)         274M (7%)     
[49.394s][info][gc,heap     ] GC(90)      Live:         -                53M (1%)           53M (1%)           53M (1%)             -                  -          
[49.394s][info][gc,heap     ] GC(90) Allocated:         -               152M (4%)          172M (4%)          284M (7%)             -                  -          
[49.394s][info][gc,heap     ] GC(90)   Garbage:         -              2854M (70%)          60M (1%)            6M (0%)             -                  -          
[49.394s][info][gc,heap     ] GC(90) Reclaimed:         -                  -              2794M (69%)        2848M (70%)            -                  -          
[49.394s][info][gc          ] GC(90) Garbage Collection (Allocation Rate) 2908M(72%)->314M(8%)
[49.838s][info][gc,start    ] GC(91) Garbage Collection (Allocation Rate)
[49.838s][info][gc,phases   ] GC(91) Pause Mark Start 0.073ms
[49.871s][info][gc,phases   ] GC(91) Concurrent Mark 32.614ms
[49.871s][info][gc,phases   ] GC(91) Pause Mark End 0.239ms
[49.873s][info][gc,phases   ] GC(91) Concurrent Process Non-Strong References 1.681ms
[49.874s][info][gc,phases   ] GC(91) Concurrent Reset Relocation Set 0.744ms
[49.875s][info][gc,phases   ] GC(91) Concurrent Select Relocation Set 1.654ms
[49.876s][info][gc,phases   ] GC(91) Pause Relocate Start 0.059ms
[49.877s][info][gc,phases   ] GC(91) Concurrent Relocate 0.789ms
[49.877s][info][gc,load     ] GC(91) Load: 0.00/0.00/0.00
[49.877s][info][gc,mmu      ] GC(91) MMU: 2ms/77.0%, 5ms/89.5%, 10ms/94.4%, 20ms/97.2%, 50ms/98.7%, 100ms/99.4%
[49.877s][info][gc,marking  ] GC(91) Mark: 1 stripe(s), 2 proactive flush(es), 1 terminate flush(es), 1 completion(s), 0 continuation(s) 
[49.877s][info][gc,nmethod  ] GC(91) NMethods: 1471 registered, 0 unregistered
[49.877s][info][gc,metaspace] GC(91) Metaspace: 4M used, 4M capacity, 4M committed, 1032M reserved
[49.877s][info][gc,ref      ] GC(91) Soft: 261 encountered, 0 discovered, 0 enqueued
[49.877s][info][gc,ref      ] GC(91) Weak: 280 encountered, 229 discovered, 0 enqueued
[49.877s][info][gc,ref      ] GC(91) Final: 1 encountered, 0 discovered, 0 enqueued
[49.877s][info][gc,ref      ] GC(91) Phantom: 39 encountered, 30 discovered, 0 enqueued
[49.877s][info][gc,reloc    ] GC(91) Small Pages: 1221 / 2442M(100%), Empty: 2380M(97%), Compacting: 8M(0%)->2M(0%)
[49.877s][info][gc,reloc    ] GC(91) Medium Pages: 0 / 0M(0%), Empty: 0M(0%), Compacting: 0M(0%)->0M(0%)
[49.877s][info][gc,reloc    ] GC(91) Large Pages: 1 / 8M(0%), Empty: 0M(0%), Compacting: 0M(0%)->0M(0%)
[49.877s][info][gc,reloc    ] GC(91) Relocation: Successful
[49.877s][info][gc,heap     ] GC(91) Min Capacity: 42M(1%)
[49.877s][info][gc,heap     ] GC(91) Max Capacity: 4060M(100%)
[49.877s][info][gc,heap     ] GC(91) Soft Max Capacity: 4060M(100%)
[49.877s][info][gc,heap     ] GC(91)                Mark Start          Mark End        Relocate Start      Relocate End           High               Low         
[49.877s][info][gc,heap     ] GC(91)  Capacity:     3138M (77%)        3138M (77%)        3138M (77%)        3138M (77%)        3138M (77%)        3138M (77%)    
[49.877s][info][gc,heap     ] GC(91)   Reserve:       42M (1%)           42M (1%)           42M (1%)           42M (1%)           42M (1%)           42M (1%)     
[49.877s][info][gc,heap     ] GC(91)      Free:     1568M (39%)        1442M (36%)        3806M (94%)        3808M (94%)        3812M (94%)        1432M (35%)    
[49.877s][info][gc,heap     ] GC(91)      Used:     2450M (60%)        2576M (63%)         212M (5%)          210M (5%)         2586M (64%)         206M (5%)     
[49.877s][info][gc,heap     ] GC(91)      Live:         -                55M (1%)           55M (1%)           55M (1%)             -                  -          
[49.877s][info][gc,heap     ] GC(91) Allocated:         -               126M (3%)          142M (3%)          148M (4%)             -                  -          
[49.877s][info][gc,heap     ] GC(91)   Garbage:         -              2394M (59%)          14M (0%)           10M (0%)             -                  -          
[49.877s][info][gc,heap     ] GC(91) Reclaimed:         -                  -              2380M (59%)        2384M (59%)            -                  -          
[49.877s][info][gc          ] GC(91) Garbage Collection (Allocation Rate) 2450M(60%)->210M(5%)
[50.038s][info][gc,stats    ] === Garbage Collection Statistics =======================================================================================================================
[50.038s][info][gc,stats    ]                                                              Last 10s              Last 10m              Last 10h                Total
[50.038s][info][gc,stats    ]                                                              Avg / Max             Avg / Max             Avg / Max             Avg / Max
[50.038s][info][gc,stats    ]   Collector: Garbage Collection Cycle                     57.837 / 86.594       68.575 / 153.808      68.575 / 153.808      68.575 / 153.808     ms
[50.038s][info][gc,stats    ]  Contention: Mark Segment Reset Contention                     0 / 0                 0 / 0                 0 / 0                 0 / 0           ops/s
[50.038s][info][gc,stats    ]  Contention: Mark SeqNum Reset Contention                      0 / 0                 0 / 0                 0 / 0                 0 / 0           ops/s
[50.038s][info][gc,stats    ]  Contention: Relocation Contention                             0 / 1                 0 / 2                 0 / 2                 0 / 2           ops/s
[50.038s][info][gc,stats    ]    Critical: Allocation Stall                              0.000 / 0.000         0.000 / 0.000         0.000 / 0.000         0.000 / 0.000       ms
[50.038s][info][gc,stats    ]    Critical: Allocation Stall                                  0 / 0                 0 / 0                 0 / 0                 0 / 0           ops/s
[50.038s][info][gc,stats    ]    Critical: GC Locker Stall                               0.000 / 0.000         0.000 / 0.000         0.000 / 0.000         0.000 / 0.000       ms
[50.038s][info][gc,stats    ]    Critical: GC Locker Stall                                   0 / 0                 0 / 0                 0 / 0                 0 / 0           ops/s
[50.038s][info][gc,stats    ]      Memory: Allocation Rate                                4772 / 4810           4401 / 4810           4401 / 4810           4401 / 4810        MB/s
[50.038s][info][gc,stats    ]      Memory: Heap Used After Mark                           2663 / 3068           2622 / 3092           2622 / 3092           2622 / 3092        MB
[50.038s][info][gc,stats    ]      Memory: Heap Used After Relocation                      329 / 462             341 / 462             341 / 462             341 / 462         MB
[50.038s][info][gc,stats    ]      Memory: Heap Used Before Mark                          2500 / 2924           2452 / 2960           2452 / 2960           2452 / 2960        MB
[50.038s][info][gc,stats    ]      Memory: Heap Used Before Relocation                     303 / 380             318 / 382             318 / 382             318 / 382         MB
[50.038s][info][gc,stats    ]      Memory: Out Of Memory                                     0 / 0                 0 / 0                 0 / 0                 0 / 0           ops/s
[50.038s][info][gc,stats    ]      Memory: Page Cache Flush                                  0 / 0                 0 / 0                 0 / 0                 0 / 0           MB/s
[50.038s][info][gc,stats    ]      Memory: Page Cache Hit L1                              2413 / 2433           2192 / 2433           2192 / 2433           2192 / 2433        ops/s
[50.038s][info][gc,stats    ]      Memory: Page Cache Hit L2                                 0 / 0                 0 / 0                 0 / 0                 0 / 0           ops/s
[50.038s][info][gc,stats    ]      Memory: Page Cache Hit L3                                 0 / 0                 2 / 103               2 / 103               2 / 103         ops/s
[50.038s][info][gc,stats    ]      Memory: Page Cache Miss                                   0 / 0                 0 / 0                 0 / 0                 0 / 0           ops/s
[50.038s][info][gc,stats    ]      Memory: Uncommit                                          0 / 0                 0 / 0                 0 / 0                 0 / 0           MB/s
[50.038s][info][gc,stats    ]      Memory: Undo Object Allocation Failed                     0 / 0                 0 / 0                 0 / 0                 0 / 0           ops/s
[50.038s][info][gc,stats    ]      Memory: Undo Object Allocation Succeeded                  0 / 1                 0 / 2                 0 / 2                 0 / 2           ops/s
[50.038s][info][gc,stats    ]      Memory: Undo Page Allocation                              0 / 0                 0 / 0                 0 / 0                 0 / 0           ops/s
[50.038s][info][gc,stats    ]       Phase: Concurrent Mark                              34.828 / 40.458       44.486 / 106.230      44.486 / 106.230      44.486 / 106.230     ms
[50.038s][info][gc,stats    ]       Phase: Concurrent Mark Continue                      0.000 / 0.000         0.000 / 0.000         0.000 / 0.000         0.000 / 0.000       ms
[50.038s][info][gc,stats    ]       Phase: Concurrent Process Non-Strong References      1.587 / 1.842         1.699 / 3.379         1.699 / 3.379         1.699 / 3.379       ms
[50.038s][info][gc,stats    ]       Phase: Concurrent Relocate                          16.322 / 38.649       17.211 / 40.994       17.211 / 40.994       17.211 / 40.994      ms
[50.038s][info][gc,stats    ]       Phase: Concurrent Reset Relocation Set               0.533 / 1.291         0.475 / 1.503         0.475 / 1.503         0.475 / 1.503       ms
[50.038s][info][gc,stats    ]       Phase: Concurrent Select Relocation Set              3.399 / 6.774         3.501 / 7.978         3.501 / 7.978         3.501 / 7.978       ms
[50.038s][info][gc,stats    ]       Phase: Pause Mark End                                0.256 / 0.342         0.284 / 0.459         0.284 / 0.459         0.284 / 0.459       ms
[50.038s][info][gc,stats    ]       Phase: Pause Mark Start                              0.070 / 0.104         0.075 / 0.289         0.075 / 0.289         0.075 / 0.289       ms
[50.038s][info][gc,stats    ]       Phase: Pause Relocate Start                          0.073 / 0.116         0.075 / 0.152         0.075 / 0.152         0.075 / 0.152       ms
[50.038s][info][gc,stats    ]    Subphase: Concurrent Classes Purge                      0.087 / 0.120         0.086 / 0.200         0.086 / 0.200         0.086 / 0.200       ms
[50.038s][info][gc,stats    ]    Subphase: Concurrent Classes Unlink                     1.190 / 1.443         1.239 / 2.988         1.239 / 2.988         1.239 / 2.988       ms
[50.038s][info][gc,stats    ]    Subphase: Concurrent Mark                              34.703 / 40.311       44.338 / 106.127      44.338 / 106.127      44.338 / 106.127     ms
[50.038s][info][gc,stats    ]    Subphase: Concurrent Mark Idle                          0.000 / 0.000         0.000 / 0.000         0.000 / 0.000         0.000 / 0.000       ms
[50.038s][info][gc,stats    ]    Subphase: Concurrent Mark Try Flush                     0.073 / 0.101         0.069 / 0.160         0.069 / 0.160         0.069 / 0.160       ms
[50.038s][info][gc,stats    ]    Subphase: Concurrent Mark Try Terminate                 0.034 / 0.087         0.031 / 0.107         0.031 / 0.107         0.031 / 0.107       ms
[50.038s][info][gc,stats    ]    Subphase: Concurrent References Enqueue                 0.000 / 0.000         0.000 / 0.002         0.000 / 0.002         0.000 / 0.002       ms
[50.038s][info][gc,stats    ]    Subphase: Concurrent References Process                 0.055 / 0.096         0.058 / 0.131         0.058 / 0.131         0.058 / 0.131       ms
[50.038s][info][gc,stats    ]    Subphase: Concurrent Roots                              0.041 / 0.054         0.062 / 0.196         0.062 / 0.196         0.062 / 0.196       ms
[50.038s][info][gc,stats    ]    Subphase: Concurrent Roots ClassLoaderDataGraph         0.037 / 0.049         0.056 / 0.184         0.056 / 0.184         0.056 / 0.184       ms
[50.038s][info][gc,stats    ]    Subphase: Concurrent Roots JNIHandles                   0.002 / 0.003         0.003 / 0.009         0.003 / 0.009         0.003 / 0.009       ms
[50.038s][info][gc,stats    ]    Subphase: Concurrent Roots Setup                        0.002 / 0.003         0.003 / 0.008         0.003 / 0.008         0.003 / 0.008       ms
[50.038s][info][gc,stats    ]    Subphase: Concurrent Roots Teardown                     0.000 / 0.000         0.000 / 0.000         0.000 / 0.000         0.000 / 0.000       ms
[50.038s][info][gc,stats    ]    Subphase: Concurrent Roots VMHandles                    0.002 / 0.002         0.002 / 0.007         0.002 / 0.007         0.002 / 0.007       ms
[50.038s][info][gc,stats    ]    Subphase: Concurrent Weak Roots                         0.146 / 0.155         0.205 / 0.433         0.205 / 0.433         0.205 / 0.433       ms
[50.038s][info][gc,stats    ]    Subphase: Concurrent Weak Roots JNIWeakHandles          0.000 / 0.001         0.000 / 0.001         0.000 / 0.001         0.000 / 0.001       ms
[50.038s][info][gc,stats    ]    Subphase: Concurrent Weak Roots ResolvedMethodTable     0.006 / 0.007         0.007 / 0.018         0.007 / 0.018         0.007 / 0.018       ms
[50.038s][info][gc,stats    ]    Subphase: Concurrent Weak Roots StringTable             0.138 / 0.146         0.194 / 0.416         0.194 / 0.416         0.194 / 0.416       ms
[50.038s][info][gc,stats    ]    Subphase: Concurrent Weak Roots VMWeakHandles           0.002 / 0.003         0.002 / 0.010         0.002 / 0.010         0.002 / 0.010       ms
[50.038s][info][gc,stats    ]    Subphase: Pause Mark Try Complete                       0.133 / 0.138         0.167 / 0.348         0.167 / 0.348         0.167 / 0.348       ms
[50.038s][info][gc,stats    ]    Subphase: Pause Roots                                   0.012 / 0.047         0.014 / 0.246         0.014 / 0.246         0.014 / 0.246       ms
[50.038s][info][gc,stats    ]    Subphase: Pause Roots CodeCache                         0.000 / 0.000         0.000 / 0.000         0.000 / 0.000         0.000 / 0.000       ms
[50.038s][info][gc,stats    ]    Subphase: Pause Roots JVMTIExport                       0.001 / 0.001         0.001 / 0.004         0.001 / 0.004         0.001 / 0.004       ms
[50.038s][info][gc,stats    ]    Subphase: Pause Roots JVMTIWeakExport                   0.001 / 0.001         0.001 / 0.001         0.001 / 0.001         0.001 / 0.001       ms
[50.038s][info][gc,stats    ]    Subphase: Pause Roots Java Threads                      0.020 / 0.043         0.020 / 0.246         0.020 / 0.246         0.020 / 0.246       ms
[50.038s][info][gc,stats    ]    Subphase: Pause Roots Management                        0.001 / 0.001         0.001 / 0.004         0.001 / 0.004         0.001 / 0.004       ms
[50.038s][info][gc,stats    ]    Subphase: Pause Roots ObjectSynchronizer                0.000 / 0.000         0.000 / 0.022         0.000 / 0.022         0.000 / 0.022       ms
[50.038s][info][gc,stats    ]    Subphase: Pause Roots Setup                             0.000 / 0.001         0.000 / 0.001         0.000 / 0.001         0.000 / 0.001       ms
[50.038s][info][gc,stats    ]    Subphase: Pause Roots Teardown                          0.000 / 0.001         0.000 / 0.002         0.000 / 0.002         0.000 / 0.002       ms
[50.038s][info][gc,stats    ]    Subphase: Pause Roots Universe                          0.002 / 0.008         0.002 / 0.015         0.002 / 0.015         0.002 / 0.015       ms
[50.038s][info][gc,stats    ]    Subphase: Pause Roots VM Thread                         0.001 / 0.001         0.001 / 0.003         0.001 / 0.003         0.001 / 0.003       ms
[50.038s][info][gc,stats    ]    Subphase: Pause Weak Roots                              0.003 / 0.015         0.003 / 0.086         0.003 / 0.086         0.003 / 0.086       ms
[50.038s][info][gc,stats    ]    Subphase: Pause Weak Roots JFRWeak                      0.012 / 0.014         0.013 / 0.082         0.013 / 0.082         0.013 / 0.082       ms
[50.038s][info][gc,stats    ]    Subphase: Pause Weak Roots JVMTIWeakExport              0.001 / 0.001         0.001 / 0.003         0.001 / 0.003         0.001 / 0.003       ms
[50.038s][info][gc,stats    ]    Subphase: Pause Weak Roots Setup                        0.000 / 0.000         0.000 / 0.001         0.000 / 0.001         0.000 / 0.001       ms
[50.039s][info][gc,stats    ]    Subphase: Pause Weak Roots Teardown                     0.000 / 0.000         0.000 / 0.000         0.000 / 0.000         0.000 / 0.000       ms
[50.039s][info][gc,stats    ]      System: Java Threads                                     14 / 14               14 / 15               14 / 15               14 / 15          threads
[50.039s][info][gc,stats    ] =========================================================================================================================================================
[50.438s][info][gc,start    ] GC(92) Garbage Collection (Allocation Rate)
[50.439s][info][gc,phases   ] GC(92) Pause Mark Start 0.103ms
[50.473s][info][gc,phases   ] GC(92) Concurrent Mark 34.364ms
[50.474s][info][gc,phases   ] GC(92) Pause Mark End 0.344ms
[50.475s][info][gc,phases   ] GC(92) Concurrent Process Non-Strong References 1.643ms
[50.475s][info][gc,phases   ] GC(92) Concurrent Reset Relocation Set 0.021ms
[50.480s][info][gc,phases   ] GC(92) Concurrent Select Relocation Set 4.694ms
[50.480s][info][gc,phases   ] GC(92) Pause Relocate Start 0.102ms
[50.503s][info][gc,phases   ] GC(92) Concurrent Relocate 22.150ms
[50.503s][info][gc,load     ] GC(92) Load: 0.00/0.00/0.00
[50.503s][info][gc,mmu      ] GC(92) MMU: 2ms/77.0%, 5ms/89.5%, 10ms/94.4%, 20ms/97.2%, 50ms/98.7%, 100ms/99.4%
[50.503s][info][gc,marking  ] GC(92) Mark: 1 stripe(s), 2 proactive flush(es), 1 terminate flush(es), 1 completion(s), 0 continuation(s) 
[50.503s][info][gc,nmethod  ] GC(92) NMethods: 1471 registered, 0 unregistered
[50.503s][info][gc,metaspace] GC(92) Metaspace: 4M used, 4M capacity, 4M committed, 1032M reserved
[50.503s][info][gc,ref      ] GC(92) Soft: 261 encountered, 0 discovered, 0 enqueued
[50.503s][info][gc,ref      ] GC(92) Weak: 280 encountered, 229 discovered, 0 enqueued
[50.503s][info][gc,ref      ] GC(92) Final: 1 encountered, 0 discovered, 0 enqueued
[50.503s][info][gc,ref      ] GC(92) Phantom: 39 encountered, 30 discovered, 0 enqueued
[50.503s][info][gc,reloc    ] GC(92) Small Pages: 1440 / 2880M(100%), Empty: 2758M(95%), Compacting: 108M(4%)->38M(1%)
[50.503s][info][gc,reloc    ] GC(92) Medium Pages: 0 / 0M(0%), Empty: 0M(0%), Compacting: 0M(0%)->0M(0%)
[50.503s][info][gc,reloc    ] GC(92) Large Pages: 1 / 8M(0%), Empty: 0M(0%), Compacting: 0M(0%)->0M(0%)
[50.503s][info][gc,reloc    ] GC(92) Relocation: Successful
[50.503s][info][gc,heap     ] GC(92) Min Capacity: 42M(1%)
[50.503s][info][gc,heap     ] GC(92) Max Capacity: 4060M(100%)
[50.503s][info][gc,heap     ] GC(92) Soft Max Capacity: 4060M(100%)
[50.503s][info][gc,heap     ] GC(92)                Mark Start          Mark End        Relocate Start      Relocate End           High               Low         
[50.503s][info][gc,heap     ] GC(92)  Capacity:     3138M (77%)        3138M (77%)        3138M (77%)        3138M (77%)        3138M (77%)        3138M (77%)    
[50.503s][info][gc,heap     ] GC(92)   Reserve:       42M (1%)           42M (1%)           42M (1%)           42M (1%)           42M (1%)           42M (1%)     
[50.503s][info][gc,heap     ] GC(92)      Free:     1130M (28%)         970M (24%)        3698M (91%)        3662M (90%)        3720M (92%)         962M (24%)    
[50.503s][info][gc,heap     ] GC(92)      Used:     2888M (71%)        3048M (75%)         320M (8%)          356M (9%)         3056M (75%)         298M (7%)     
[50.503s][info][gc,heap     ] GC(92)      Live:         -                53M (1%)           53M (1%)           53M (1%)             -                  -          
[50.503s][info][gc,heap     ] GC(92) Allocated:         -               160M (4%)          190M (5%)          334M (8%)             -                  -          
[50.503s][info][gc,heap     ] GC(92)   Garbage:         -              2834M (70%)          76M (2%)           10M (0%)             -                  -          
[50.503s][info][gc,heap     ] GC(92) Reclaimed:         -                  -              2758M (68%)        2824M (70%)            -                  -          
[50.503s][info][gc          ] GC(92) Garbage Collection (Allocation Rate) 2888M(71%)->356M(9%)
[50.938s][info][gc,start    ] GC(93) Garbage Collection (Allocation Rate)
[50.938s][info][gc,phases   ] GC(93) Pause Mark Start 0.061ms
[50.972s][info][gc,phases   ] GC(93) Concurrent Mark 33.402ms
[50.972s][info][gc,phases   ] GC(93) Pause Mark End 0.247ms
[50.974s][info][gc,phases   ] GC(93) Concurrent Process Non-Strong References 1.593ms
[50.975s][info][gc,phases   ] GC(93) Concurrent Reset Relocation Set 0.727ms
[50.979s][info][gc,phases   ] GC(93) Concurrent Select Relocation Set 4.136ms
[50.979s][info][gc,phases   ] GC(93) Pause Relocate Start 0.075ms
[51.000s][info][gc,phases   ] GC(93) Concurrent Relocate 20.870ms
[51.000s][info][gc,load     ] GC(93) Load: 0.00/0.00/0.00
[51.000s][info][gc,mmu      ] GC(93) MMU: 2ms/77.0%, 5ms/89.5%, 10ms/94.4%, 20ms/97.2%, 50ms/98.7%, 100ms/99.4%
[51.000s][info][gc,marking  ] GC(93) Mark: 1 stripe(s), 2 proactive flush(es), 1 terminate flush(es), 1 completion(s), 0 continuation(s) 
[51.000s][info][gc,nmethod  ] GC(93) NMethods: 1471 registered, 0 unregistered
[51.000s][info][gc,metaspace] GC(93) Metaspace: 4M used, 4M capacity, 4M committed, 1032M reserved
[51.000s][info][gc,ref      ] GC(93) Soft: 261 encountered, 0 discovered, 0 enqueued
[51.000s][info][gc,ref      ] GC(93) Weak: 280 encountered, 229 discovered, 0 enqueued
[51.000s][info][gc,ref      ] GC(93) Final: 1 encountered, 0 discovered, 0 enqueued
[51.000s][info][gc,ref      ] GC(93) Phantom: 39 encountered, 30 discovered, 0 enqueued
[51.000s][info][gc,reloc    ] GC(93) Small Pages: 1211 / 2422M(100%), Empty: 2312M(95%), Compacting: 88M(4%)->32M(1%)
[51.000s][info][gc,reloc    ] GC(93) Medium Pages: 0 / 0M(0%), Empty: 0M(0%), Compacting: 0M(0%)->0M(0%)
[51.000s][info][gc,reloc    ] GC(93) Large Pages: 1 / 8M(0%), Empty: 0M(0%), Compacting: 0M(0%)->0M(0%)
[51.000s][info][gc,reloc    ] GC(93) Relocation: Successful
[51.000s][info][gc,heap     ] GC(93) Min Capacity: 42M(1%)
[51.000s][info][gc,heap     ] GC(93) Max Capacity: 4060M(100%)
[51.000s][info][gc,heap     ] GC(93) Soft Max Capacity: 4060M(100%)
[51.000s][info][gc,heap     ] GC(93)                Mark Start          Mark End        Relocate Start      Relocate End           High               Low         
[51.000s][info][gc,heap     ] GC(93)  Capacity:     3138M (77%)        3138M (77%)        3138M (77%)        3138M (77%)        3138M (77%)        3138M (77%)    
[51.000s][info][gc,heap     ] GC(93)   Reserve:       42M (1%)           42M (1%)           42M (1%)           42M (1%)           42M (1%)           42M (1%)     
[51.000s][info][gc,heap     ] GC(93)      Free:     1588M (39%)        1436M (35%)        3720M (92%)        3686M (91%)        3738M (92%)        1426M (35%)    
[51.000s][info][gc,heap     ] GC(93)      Used:     2430M (60%)        2582M (64%)         298M (7%)          332M (8%)         2592M (64%)         280M (7%)     
[51.000s][info][gc,heap     ] GC(93)      Live:         -                54M (1%)           54M (1%)           54M (1%)             -                  -          
[51.000s][info][gc,heap     ] GC(93) Allocated:         -               152M (4%)          180M (4%)          302M (7%)             -                  -          
[51.000s][info][gc,heap     ] GC(93)   Garbage:         -              2375M (59%)          63M (2%)            5M (0%)             -                  -          
[51.000s][info][gc,heap     ] GC(93) Reclaimed:         -                  -              2312M (57%)        2370M (58%)            -                  -          
[51.000s][info][gc          ] GC(93) Garbage Collection (Allocation Rate) 2430M(60%)->332M(8%)
[51.438s][info][gc,start    ] GC(94) Garbage Collection (Allocation Rate)
[51.438s][info][gc,phases   ] GC(94) Pause Mark Start 0.064ms
[51.467s][info][gc,phases   ] GC(94) Concurrent Mark 28.459ms
[51.467s][info][gc,phases   ] GC(94) Pause Mark End 0.205ms
[51.468s][info][gc,phases   ] GC(94) Concurrent Process Non-Strong References 1.571ms
[51.469s][info][gc,phases   ] GC(94) Concurrent Reset Relocation Set 0.805ms
[51.471s][info][gc,phases   ] GC(94) Concurrent Select Relocation Set 1.851ms
[51.471s][info][gc,phases   ] GC(94) Pause Relocate Start 0.062ms
[51.472s][info][gc,phases   ] GC(94) Concurrent Relocate 0.740ms
[51.472s][info][gc,load     ] GC(94) Load: 0.00/0.00/0.00
[51.472s][info][gc,mmu      ] GC(94) MMU: 2ms/77.0%, 5ms/89.5%, 10ms/94.4%, 20ms/97.2%, 50ms/98.7%, 100ms/99.4%
[51.472s][info][gc,marking  ] GC(94) Mark: 1 stripe(s), 2 proactive flush(es), 1 terminate flush(es), 1 completion(s), 0 continuation(s) 
[51.472s][info][gc,nmethod  ] GC(94) NMethods: 1471 registered, 0 unregistered
[51.472s][info][gc,metaspace] GC(94) Metaspace: 4M used, 4M capacity, 4M committed, 1032M reserved
[51.472s][info][gc,ref      ] GC(94) Soft: 261 encountered, 0 discovered, 0 enqueued
[51.472s][info][gc,ref      ] GC(94) Weak: 280 encountered, 229 discovered, 0 enqueued
[51.472s][info][gc,ref      ] GC(94) Final: 1 encountered, 0 discovered, 0 enqueued
[51.472s][info][gc,ref      ] GC(94) Phantom: 39 encountered, 30 discovered, 0 enqueued
[51.472s][info][gc,reloc    ] GC(94) Small Pages: 1215 / 2430M(100%), Empty: 2380M(98%), Compacting: 8M(0%)->2M(0%)
[51.472s][info][gc,reloc    ] GC(94) Medium Pages: 0 / 0M(0%), Empty: 0M(0%), Compacting: 0M(0%)->0M(0%)
[51.472s][info][gc,reloc    ] GC(94) Large Pages: 1 / 8M(0%), Empty: 0M(0%), Compacting: 0M(0%)->0M(0%)
[51.472s][info][gc,reloc    ] GC(94) Relocation: Successful
[51.472s][info][gc,heap     ] GC(94) Min Capacity: 42M(1%)
[51.472s][info][gc,heap     ] GC(94) Max Capacity: 4060M(100%)
[51.472s][info][gc,heap     ] GC(94) Soft Max Capacity: 4060M(100%)
[51.472s][info][gc,heap     ] GC(94)                Mark Start          Mark End        Relocate Start      Relocate End           High               Low         
[51.472s][info][gc,heap     ] GC(94)  Capacity:     3138M (77%)        3138M (77%)        3138M (77%)        3138M (77%)        3138M (77%)        3138M (77%)    
[51.472s][info][gc,heap     ] GC(94)   Reserve:       42M (1%)           42M (1%)           42M (1%)           42M (1%)           42M (1%)           42M (1%)     
[51.472s][info][gc,heap     ] GC(94)      Free:     1580M (39%)        1444M (36%)        3804M (94%)        3806M (94%)        3812M (94%)        1432M (35%)    
[51.472s][info][gc,heap     ] GC(94)      Used:     2438M (60%)        2574M (63%)         214M (5%)          212M (5%)         2586M (64%)         206M (5%)     
[51.472s][info][gc,heap     ] GC(94)      Live:         -                44M (1%)           44M (1%)           44M (1%)             -                  -          
[51.472s][info][gc,heap     ] GC(94) Allocated:         -               136M (3%)          156M (4%)          162M (4%)             -                  -          
[51.472s][info][gc,heap     ] GC(94)   Garbage:         -              2393M (59%)          13M (0%)            9M (0%)             -                  -          
[51.472s][info][gc,heap     ] GC(94) Reclaimed:         -                  -              2380M (59%)        2384M (59%)            -                  -          
[51.472s][info][gc          ] GC(94) Garbage Collection (Allocation Rate) 2438M(60%)->212M(5%)
[51.938s][info][gc,start    ] GC(95) Garbage Collection (Allocation Rate)
[51.938s][info][gc,phases   ] GC(95) Pause Mark Start 0.063ms
[51.979s][info][gc,phases   ] GC(95) Concurrent Mark 41.428ms
[51.980s][info][gc,phases   ] GC(95) Pause Mark End 0.248ms
[51.981s][info][gc,phases   ] GC(95) Concurrent Process Non-Strong References 1.537ms
[51.981s][info][gc,phases   ] GC(95) Concurrent Reset Relocation Set 0.019ms
[51.983s][info][gc,phases   ] GC(95) Concurrent Select Relocation Set 1.681ms
[51.983s][info][gc,phases   ] GC(95) Pause Relocate Start 0.091ms
[51.984s][info][gc,phases   ] GC(95) Concurrent Relocate 0.543ms
[51.984s][info][gc,load     ] GC(95) Load: 0.00/0.00/0.00
[51.984s][info][gc,mmu      ] GC(95) MMU: 2ms/77.0%, 5ms/89.5%, 10ms/94.4%, 20ms/97.2%, 50ms/98.7%, 100ms/99.4%
[51.984s][info][gc,marking  ] GC(95) Mark: 1 stripe(s), 2 proactive flush(es), 1 terminate flush(es), 1 completion(s), 0 continuation(s) 
[51.984s][info][gc,nmethod  ] GC(95) NMethods: 1471 registered, 0 unregistered
[51.984s][info][gc,metaspace] GC(95) Metaspace: 4M used, 4M capacity, 4M committed, 1032M reserved
[51.984s][info][gc,ref      ] GC(95) Soft: 261 encountered, 0 discovered, 0 enqueued
[51.984s][info][gc,ref      ] GC(95) Weak: 280 encountered, 229 discovered, 0 enqueued
[51.984s][info][gc,ref      ] GC(95) Final: 1 encountered, 0 discovered, 0 enqueued
[51.984s][info][gc,ref      ] GC(95) Phantom: 39 encountered, 30 discovered, 0 enqueued
[51.984s][info][gc,reloc    ] GC(95) Small Pages: 1218 / 2436M(100%), Empty: 2354M(96%), Compacting: 8M(0%)->2M(0%)
[51.984s][info][gc,reloc    ] GC(95) Medium Pages: 0 / 0M(0%), Empty: 0M(0%), Compacting: 0M(0%)->0M(0%)
[51.984s][info][gc,reloc    ] GC(95) Large Pages: 1 / 8M(0%), Empty: 0M(0%), Compacting: 0M(0%)->0M(0%)
[51.984s][info][gc,reloc    ] GC(95) Relocation: Successful
[51.984s][info][gc,heap     ] GC(95) Min Capacity: 42M(1%)
[51.984s][info][gc,heap     ] GC(95) Max Capacity: 4060M(100%)
[51.984s][info][gc,heap     ] GC(95) Soft Max Capacity: 4060M(100%)
[51.984s][info][gc,heap     ] GC(95)                Mark Start          Mark End        Relocate Start      Relocate End           High               Low         
[51.984s][info][gc,heap     ] GC(95)  Capacity:     3138M (77%)        3138M (77%)        3138M (77%)        3138M (77%)        3138M (77%)        3138M (77%)    
[51.984s][info][gc,heap     ] GC(95)   Reserve:       42M (1%)           42M (1%)           42M (1%)           42M (1%)           42M (1%)           42M (1%)     
[51.984s][info][gc,heap     ] GC(95)      Free:     1574M (39%)        1406M (35%)        3746M (92%)        3746M (92%)        3754M (92%)        1400M (34%)    
[51.984s][info][gc,heap     ] GC(95)      Used:     2444M (60%)        2612M (64%)         272M (7%)          272M (7%)         2618M (64%)         264M (7%)     
[51.984s][info][gc,heap     ] GC(95)      Live:         -                72M (2%)           72M (2%)           72M (2%)             -                  -          
[51.984s][info][gc,heap     ] GC(95) Allocated:         -               168M (4%)          182M (4%)          190M (5%)             -                  -          
[51.984s][info][gc,heap     ] GC(95)   Garbage:         -              2371M (58%)          17M (0%)           15M (0%)             -                  -          
[51.984s][info][gc,heap     ] GC(95) Reclaimed:         -                  -              2354M (58%)        2356M (58%)            -                  -          
[51.984s][info][gc          ] GC(95) Garbage Collection (Allocation Rate) 2444M(60%)->272M(7%)
[52.538s][info][gc,start    ] GC(96) Garbage Collection (Allocation Rate)
[52.539s][info][gc,phases   ] GC(96) Pause Mark Start 0.072ms
[52.578s][info][gc,phases   ] GC(96) Concurrent Mark 39.041ms
[52.578s][info][gc,phases   ] GC(96) Pause Mark End 0.224ms
[52.580s][info][gc,phases   ] GC(96) Concurrent Process Non-Strong References 1.449ms
[52.580s][info][gc,phases   ] GC(96) Concurrent Reset Relocation Set 0.010ms
[52.581s][info][gc,phases   ] GC(96) Concurrent Select Relocation Set 1.771ms
[52.582s][info][gc,phases   ] GC(96) Pause Relocate Start 0.080ms
[52.583s][info][gc,phases   ] GC(96) Concurrent Relocate 1.222ms
[52.583s][info][gc,load     ] GC(96) Load: 0.00/0.00/0.00
[52.583s][info][gc,mmu      ] GC(96) MMU: 2ms/77.0%, 5ms/89.5%, 10ms/94.4%, 20ms/97.2%, 50ms/98.7%, 100ms/99.4%
[52.583s][info][gc,marking  ] GC(96) Mark: 1 stripe(s), 2 proactive flush(es), 1 terminate flush(es), 1 completion(s), 0 continuation(s) 
[52.583s][info][gc,nmethod  ] GC(96) NMethods: 1471 registered, 0 unregistered
[52.583s][info][gc,metaspace] GC(96) Metaspace: 4M used, 4M capacity, 4M committed, 1032M reserved
[52.583s][info][gc,ref      ] GC(96) Soft: 261 encountered, 0 discovered, 0 enqueued
[52.583s][info][gc,ref      ] GC(96) Weak: 280 encountered, 229 discovered, 0 enqueued
[52.583s][info][gc,ref      ] GC(96) Final: 1 encountered, 0 discovered, 0 enqueued
[52.583s][info][gc,ref      ] GC(96) Phantom: 39 encountered, 30 discovered, 0 enqueued
[52.583s][info][gc,reloc    ] GC(96) Small Pages: 1468 / 2936M(100%), Empty: 2858M(97%), Compacting: 10M(0%)->2M(0%)
[52.583s][info][gc,reloc    ] GC(96) Medium Pages: 0 / 0M(0%), Empty: 0M(0%), Compacting: 0M(0%)->0M(0%)
[52.583s][info][gc,reloc    ] GC(96) Large Pages: 1 / 8M(0%), Empty: 0M(0%), Compacting: 0M(0%)->0M(0%)
[52.583s][info][gc,reloc    ] GC(96) Relocation: Successful
[52.583s][info][gc,heap     ] GC(96) Min Capacity: 42M(1%)
[52.583s][info][gc,heap     ] GC(96) Max Capacity: 4060M(100%)
[52.583s][info][gc,heap     ] GC(96) Soft Max Capacity: 4060M(100%)
[52.583s][info][gc,heap     ] GC(96)                Mark Start          Mark End        Relocate Start      Relocate End           High               Low         
[52.583s][info][gc,heap     ] GC(96)  Capacity:     3138M (77%)        3154M (78%)        3156M (78%)        3156M (78%)        3156M (78%)        3138M (77%)    
[52.583s][info][gc,heap     ] GC(96)   Reserve:       42M (1%)           42M (1%)           42M (1%)           42M (1%)           42M (1%)           42M (1%)     
[52.583s][info][gc,heap     ] GC(96)      Free:     1074M (26%)         906M (22%)        3754M (92%)        3754M (92%)        3762M (93%)         904M (22%)    
[52.583s][info][gc,heap     ] GC(96)      Used:     2944M (73%)        3112M (77%)         264M (7%)          264M (7%)         3114M (77%)         256M (6%)     
[52.583s][info][gc,heap     ] GC(96)      Live:         -                68M (2%)           68M (2%)           68M (2%)             -                  -          
[52.583s][info][gc,heap     ] GC(96) Allocated:         -               168M (4%)          178M (4%)          188M (5%)             -                  -          
[52.583s][info][gc,heap     ] GC(96)   Garbage:         -              2875M (71%)          17M (0%)           13M (0%)             -                  -          
[52.583s][info][gc,heap     ] GC(96) Reclaimed:         -                  -              2858M (70%)        2862M (70%)            -                  -          
[52.583s][info][gc          ] GC(96) Garbage Collection (Allocation Rate) 2944M(73%)->264M(7%)
[53.138s][info][gc,start    ] GC(97) Garbage Collection (Allocation Rate)
[53.138s][info][gc,phases   ] GC(97) Pause Mark Start 0.086ms
[53.173s][info][gc,phases   ] GC(97) Concurrent Mark 35.314ms
[53.174s][info][gc,phases   ] GC(97) Pause Mark End 0.191ms
[53.175s][info][gc,phases   ] GC(97) Concurrent Process Non-Strong References 1.492ms
[53.175s][info][gc,phases   ] GC(97) Concurrent Reset Relocation Set 0.023ms
[53.179s][info][gc,phases   ] GC(97) Concurrent Select Relocation Set 3.227ms
[53.179s][info][gc,phases   ] GC(97) Pause Relocate Start 0.101ms
[53.195s][info][gc,phases   ] GC(97) Concurrent Relocate 15.620ms
[53.195s][info][gc,load     ] GC(97) Load: 0.00/0.00/0.00
[53.195s][info][gc,mmu      ] GC(97) MMU: 2ms/77.0%, 5ms/89.5%, 10ms/94.4%, 20ms/97.2%, 50ms/98.7%, 100ms/99.4%
[53.195s][info][gc,marking  ] GC(97) Mark: 1 stripe(s), 2 proactive flush(es), 1 terminate flush(es), 1 completion(s), 0 continuation(s) 
[53.195s][info][gc,nmethod  ] GC(97) NMethods: 1471 registered, 0 unregistered
[53.195s][info][gc,metaspace] GC(97) Metaspace: 4M used, 4M capacity, 4M committed, 1032M reserved
[53.195s][info][gc,ref      ] GC(97) Soft: 261 encountered, 0 discovered, 0 enqueued
[53.195s][info][gc,ref      ] GC(97) Weak: 280 encountered, 229 discovered, 0 enqueued
[53.195s][info][gc,ref      ] GC(97) Final: 1 encountered, 0 discovered, 0 enqueued
[53.195s][info][gc,ref      ] GC(97) Phantom: 39 encountered, 30 discovered, 0 enqueued
[53.195s][info][gc,reloc    ] GC(97) Small Pages: 1443 / 2886M(100%), Empty: 2768M(96%), Compacting: 100M(3%)->28M(1%)
[53.195s][info][gc,reloc    ] GC(97) Medium Pages: 0 / 0M(0%), Empty: 0M(0%), Compacting: 0M(0%)->0M(0%)
[53.195s][info][gc,reloc    ] GC(97) Large Pages: 1 / 8M(0%), Empty: 0M(0%), Compacting: 0M(0%)->0M(0%)
[53.195s][info][gc,reloc    ] GC(97) Relocation: Successful
[53.195s][info][gc,heap     ] GC(97) Min Capacity: 42M(1%)
[53.195s][info][gc,heap     ] GC(97) Max Capacity: 4060M(100%)
[53.195s][info][gc,heap     ] GC(97) Soft Max Capacity: 4060M(100%)
[53.195s][info][gc,heap     ] GC(97)                Mark Start          Mark End        Relocate Start      Relocate End           High               Low         
[53.195s][info][gc,heap     ] GC(97)  Capacity:     3156M (78%)        3156M (78%)        3156M (78%)        3156M (78%)        3156M (78%)        3156M (78%)    
[53.195s][info][gc,heap     ] GC(97)   Reserve:       42M (1%)           42M (1%)           42M (1%)           42M (1%)           42M (1%)           42M (1%)     
[53.195s][info][gc,heap     ] GC(97)      Free:     1124M (28%)         968M (24%)        3722M (92%)        3720M (92%)        3732M (92%)         962M (24%)    
[53.195s][info][gc,heap     ] GC(97)      Used:     2894M (71%)        3050M (75%)         296M (7%)          298M (7%)         3056M (75%)         286M (7%)     
[53.195s][info][gc,heap     ] GC(97)      Live:         -                47M (1%)           47M (1%)           47M (1%)             -                  -          
[53.195s][info][gc,heap     ] GC(97) Allocated:         -               156M (4%)          170M (4%)          272M (7%)             -                  -          
[53.195s][info][gc,heap     ] GC(97)   Garbage:         -              2846M (70%)          78M (2%)           10M (0%)             -                  -          
[53.195s][info][gc,heap     ] GC(97) Reclaimed:         -                  -              2768M (68%)        2836M (70%)            -                  -          
[53.195s][info][gc          ] GC(97) Garbage Collection (Allocation Rate) 2894M(71%)->298M(7%)
[53.739s][info][gc,start    ] GC(98) Garbage Collection (Allocation Rate)
[53.739s][info][gc,phases   ] GC(98) Pause Mark Start 0.067ms
[53.775s][info][gc,phases   ] GC(98) Concurrent Mark 36.303ms
[53.776s][info][gc,phases   ] GC(98) Pause Mark End 0.243ms
[53.777s][info][gc,phases   ] GC(98) Concurrent Process Non-Strong References 1.593ms
[53.777s][info][gc,phases   ] GC(98) Concurrent Reset Relocation Set 0.060ms
[53.781s][info][gc,phases   ] GC(98) Concurrent Select Relocation Set 3.628ms
[53.781s][info][gc,phases   ] GC(98) Pause Relocate Start 0.061ms
[53.808s][info][gc,phases   ] GC(98) Concurrent Relocate 26.807ms
[53.808s][info][gc,load     ] GC(98) Load: 0.00/0.00/0.00
[53.808s][info][gc,mmu      ] GC(98) MMU: 2ms/77.0%, 5ms/89.5%, 10ms/94.4%, 20ms/97.2%, 50ms/98.7%, 100ms/99.4%
[53.808s][info][gc,marking  ] GC(98) Mark: 1 stripe(s), 2 proactive flush(es), 1 terminate flush(es), 1 completion(s), 0 continuation(s) 
[53.808s][info][gc,nmethod  ] GC(98) NMethods: 1471 registered, 0 unregistered
[53.808s][info][gc,metaspace] GC(98) Metaspace: 4M used, 4M capacity, 4M committed, 1032M reserved
[53.808s][info][gc,ref      ] GC(98) Soft: 261 encountered, 0 discovered, 0 enqueued
[53.808s][info][gc,ref      ] GC(98) Weak: 280 encountered, 229 discovered, 0 enqueued
[53.808s][info][gc,ref      ] GC(98) Final: 1 encountered, 0 discovered, 0 enqueued
[53.808s][info][gc,ref      ] GC(98) Phantom: 39 encountered, 30 discovered, 0 enqueued
[53.808s][info][gc,reloc    ] GC(98) Small Pages: 1450 / 2900M(100%), Empty: 2760M(95%), Compacting: 130M(4%)->46M(2%)
[53.808s][info][gc,reloc    ] GC(98) Medium Pages: 0 / 0M(0%), Empty: 0M(0%), Compacting: 0M(0%)->0M(0%)
[53.808s][info][gc,reloc    ] GC(98) Large Pages: 1 / 8M(0%), Empty: 0M(0%), Compacting: 0M(0%)->0M(0%)
[53.808s][info][gc,reloc    ] GC(98) Relocation: Successful
[53.808s][info][gc,heap     ] GC(98) Min Capacity: 42M(1%)
[53.808s][info][gc,heap     ] GC(98) Max Capacity: 4060M(100%)
[53.808s][info][gc,heap     ] GC(98) Soft Max Capacity: 4060M(100%)
[53.808s][info][gc,heap     ] GC(98)                Mark Start          Mark End        Relocate Start      Relocate End           High               Low         
[53.808s][info][gc,heap     ] GC(98)  Capacity:     3156M (78%)        3156M (78%)        3156M (78%)        3156M (78%)        3156M (78%)        3156M (78%)    
[53.808s][info][gc,heap     ] GC(98)   Reserve:       42M (1%)           42M (1%)           42M (1%)           42M (1%)           42M (1%)           42M (1%)     
[53.808s][info][gc,heap     ] GC(98)      Free:     1110M (27%)         942M (23%)        3678M (91%)        3644M (90%)        3694M (91%)         936M (23%)    
[53.808s][info][gc,heap     ] GC(98)      Used:     2908M (72%)        3076M (76%)         340M (8%)          374M (9%)         3082M (76%)         324M (8%)     
[53.808s][info][gc,heap     ] GC(98)      Live:         -                55M (1%)           55M (1%)           55M (1%)             -                  -          
[53.808s][info][gc,heap     ] GC(98) Allocated:         -               168M (4%)          192M (5%)          356M (9%)             -                  -          
[53.808s][info][gc,heap     ] GC(98)   Garbage:         -              2852M (70%)          92M (2%)            4M (0%)             -                  -          
[53.808s][info][gc,heap     ] GC(98) Reclaimed:         -                  -              2760M (68%)        2848M (70%)            -                  -          
[53.808s][info][gc          ] GC(98) Garbage Collection (Allocation Rate) 2908M(72%)->374M(9%)
[54.238s][info][gc,start    ] GC(99) Garbage Collection (Allocation Rate)
[54.239s][info][gc,phases   ] GC(99) Pause Mark Start 0.100ms
[54.275s][info][gc,phases   ] GC(99) Concurrent Mark 36.129ms
[54.275s][info][gc,phases   ] GC(99) Pause Mark End 0.254ms
[54.277s][info][gc,phases   ] GC(99) Concurrent Process Non-Strong References 1.702ms
[54.278s][info][gc,phases   ] GC(99) Concurrent Reset Relocation Set 0.859ms
[54.282s][info][gc,phases   ] GC(99) Concurrent Select Relocation Set 3.806ms
[54.282s][info][gc,phases   ] GC(99) Pause Relocate Start 0.064ms
[54.307s][info][gc,phases   ] GC(99) Concurrent Relocate 24.722ms
[54.307s][info][gc,load     ] GC(99) Load: 0.00/0.00/0.00
[54.307s][info][gc,mmu      ] GC(99) MMU: 2ms/77.0%, 5ms/89.5%, 10ms/94.4%, 20ms/97.2%, 50ms/98.7%, 100ms/99.4%
[54.307s][info][gc,marking  ] GC(99) Mark: 1 stripe(s), 2 proactive flush(es), 1 terminate flush(es), 1 completion(s), 0 continuation(s) 
[54.307s][info][gc,nmethod  ] GC(99) NMethods: 1471 registered, 0 unregistered
[54.307s][info][gc,metaspace] GC(99) Metaspace: 4M used, 4M capacity, 4M committed, 1032M reserved
[54.307s][info][gc,ref      ] GC(99) Soft: 261 encountered, 0 discovered, 0 enqueued
[54.307s][info][gc,ref      ] GC(99) Weak: 280 encountered, 229 discovered, 0 enqueued
[54.307s][info][gc,ref      ] GC(99) Final: 1 encountered, 0 discovered, 0 enqueued
[54.307s][info][gc,ref      ] GC(99) Phantom: 39 encountered, 30 discovered, 0 enqueued
[54.307s][info][gc,reloc    ] GC(99) Small Pages: 1209 / 2418M(100%), Empty: 2300M(95%), Compacting: 102M(4%)->44M(2%)
[54.307s][info][gc,reloc    ] GC(99) Medium Pages: 0 / 0M(0%), Empty: 0M(0%), Compacting: 0M(0%)->0M(0%)
[54.307s][info][gc,reloc    ] GC(99) Large Pages: 1 / 8M(0%), Empty: 0M(0%), Compacting: 0M(0%)->0M(0%)
[54.307s][info][gc,reloc    ] GC(99) Relocation: Successful
[54.307s][info][gc,heap     ] GC(99) Min Capacity: 42M(1%)
[54.307s][info][gc,heap     ] GC(99) Max Capacity: 4060M(100%)
[54.307s][info][gc,heap     ] GC(99) Soft Max Capacity: 4060M(100%)
[54.307s][info][gc,heap     ] GC(99)                Mark Start          Mark End        Relocate Start      Relocate End           High               Low         
[54.307s][info][gc,heap     ] GC(99)  Capacity:     3156M (78%)        3156M (78%)        3156M (78%)        3156M (78%)        3156M (78%)        3156M (78%)    
[54.307s][info][gc,heap     ] GC(99)   Reserve:       42M (1%)           42M (1%)           42M (1%)           42M (1%)           42M (1%)           42M (1%)     
[54.307s][info][gc,heap     ] GC(99)      Free:     1592M (39%)        1434M (35%)        3708M (91%)        3652M (90%)        3720M (92%)        1422M (35%)    
[54.307s][info][gc,heap     ] GC(99)      Used:     2426M (60%)        2584M (64%)         310M (8%)          366M (9%)         2596M (64%)         298M (7%)     
[54.307s][info][gc,heap     ] GC(99)      Live:         -                60M (1%)           60M (1%)           60M (1%)             -                  -          
[54.307s][info][gc,heap     ] GC(99) Allocated:         -               158M (4%)          184M (5%)          342M (8%)             -                  -          
[54.307s][info][gc,heap     ] GC(99)   Garbage:         -              2365M (58%)          65M (2%)            5M (0%)             -                  -          
[54.307s][info][gc,heap     ] GC(99) Reclaimed:         -                  -              2300M (57%)        2360M (58%)            -                  -          
[54.307s][info][gc          ] GC(99) Garbage Collection (Allocation Rate) 2426M(60%)->366M(9%)
[54.838s][info][gc,start    ] GC(100) Garbage Collection (Allocation Rate)
[54.838s][info][gc,phases   ] GC(100) Pause Mark Start 0.065ms
[54.875s][info][gc,phases   ] GC(100) Concurrent Mark 37.360ms
[54.876s][info][gc,phases   ] GC(100) Pause Mark End 0.322ms
[54.878s][info][gc,phases   ] GC(100) Concurrent Process Non-Strong References 1.586ms
[54.878s][info][gc,phases   ] GC(100) Concurrent Reset Relocation Set 0.781ms
[54.884s][info][gc,phases   ] GC(100) Concurrent Select Relocation Set 5.599ms
[54.884s][info][gc,phases   ] GC(100) Pause Relocate Start 0.068ms
[54.915s][info][gc,phases   ] GC(100) Concurrent Relocate 30.751ms
[54.915s][info][gc,load     ] GC(100) Load: 0.00/0.00/0.00
[54.915s][info][gc,mmu      ] GC(100) MMU: 2ms/77.0%, 5ms/89.5%, 10ms/94.4%, 20ms/97.2%, 50ms/98.7%, 100ms/99.4%
[54.915s][info][gc,marking  ] GC(100) Mark: 1 stripe(s), 2 proactive flush(es), 1 terminate flush(es), 1 completion(s), 0 continuation(s) 
[54.915s][info][gc,nmethod  ] GC(100) NMethods: 1471 registered, 0 unregistered
[54.915s][info][gc,metaspace] GC(100) Metaspace: 4M used, 4M capacity, 4M committed, 1032M reserved
[54.915s][info][gc,ref      ] GC(100) Soft: 261 encountered, 0 discovered, 0 enqueued
[54.915s][info][gc,ref      ] GC(100) Weak: 280 encountered, 229 discovered, 0 enqueued
[54.915s][info][gc,ref      ] GC(100) Final: 1 encountered, 0 discovered, 0 enqueued
[54.915s][info][gc,ref      ] GC(100) Phantom: 39 encountered, 30 discovered, 0 enqueued
[54.915s][info][gc,reloc    ] GC(100) Small Pages: 1361 / 2722M(100%), Empty: 2566M(94%), Compacting: 150M(5%)->54M(2%)
[54.915s][info][gc,reloc    ] GC(100) Medium Pages: 0 / 0M(0%), Empty: 0M(0%), Compacting: 0M(0%)->0M(0%)
[54.915s][info][gc,reloc    ] GC(100) Large Pages: 1 / 8M(0%), Empty: 0M(0%), Compacting: 0M(0%)->0M(0%)
[54.915s][info][gc,reloc    ] GC(100) Relocation: Successful
[54.915s][info][gc,heap     ] GC(100) Min Capacity: 42M(1%)
[54.915s][info][gc,heap     ] GC(100) Max Capacity: 4060M(100%)
[54.915s][info][gc,heap     ] GC(100) Soft Max Capacity: 4060M(100%)
[54.915s][info][gc,heap     ] GC(100)                Mark Start          Mark End        Relocate Start      Relocate End           High               Low         
[54.915s][info][gc,heap     ] GC(100)  Capacity:     3156M (78%)        3156M (78%)        3156M (78%)        3156M (78%)        3156M (78%)        3156M (78%)    
[54.915s][info][gc,heap     ] GC(100)   Reserve:       42M (1%)           42M (1%)           42M (1%)           42M (1%)           42M (1%)           42M (1%)     
[54.915s][info][gc,heap     ] GC(100)      Free:     1288M (32%)        1112M (27%)        3642M (90%)        3596M (89%)        3668M (90%)        1102M (27%)    
[54.915s][info][gc,heap     ] GC(100)      Used:     2730M (67%)        2906M (72%)         376M (9%)          422M (10%)        2916M (72%)         350M (9%)     
[54.915s][info][gc,heap     ] GC(100)      Live:         -                59M (1%)           59M (1%)           59M (1%)             -                  -          
[54.915s][info][gc,heap     ] GC(100) Allocated:         -               176M (4%)          212M (5%)          408M (10%)            -                  -          
[54.915s][info][gc,heap     ] GC(100)   Garbage:         -              2670M (66%)         104M (3%)            4M (0%)             -                  -          
[54.915s][info][gc,heap     ] GC(100) Reclaimed:         -                  -              2566M (63%)        2666M (66%)            -                  -          
[54.915s][info][gc          ] GC(100) Garbage Collection (Allocation Rate) 2730M(67%)->422M(10%)
[55.338s][info][gc,start    ] GC(101) Garbage Collection (Allocation Rate)
[55.338s][info][gc,phases   ] GC(101) Pause Mark Start 0.059ms
[55.372s][info][gc,phases   ] GC(101) Concurrent Mark 33.639ms
[55.372s][info][gc,phases   ] GC(101) Pause Mark End 0.237ms
[55.374s][info][gc,phases   ] GC(101) Concurrent Process Non-Strong References 1.658ms
[55.375s][info][gc,phases   ] GC(101) Concurrent Reset Relocation Set 1.247ms
[55.379s][info][gc,phases   ] GC(101) Concurrent Select Relocation Set 4.170ms
[55.380s][info][gc,phases   ] GC(101) Pause Relocate Start 0.065ms
[55.397s][info][gc,phases   ] GC(101) Concurrent Relocate 17.247ms
[55.397s][info][gc,load     ] GC(101) Load: 0.00/0.00/0.00
[55.397s][info][gc,mmu      ] GC(101) MMU: 2ms/77.0%, 5ms/89.5%, 10ms/94.4%, 20ms/97.2%, 50ms/98.7%, 100ms/99.4%
[55.397s][info][gc,marking  ] GC(101) Mark: 1 stripe(s), 2 proactive flush(es), 1 terminate flush(es), 1 completion(s), 0 continuation(s) 
[55.397s][info][gc,nmethod  ] GC(101) NMethods: 1471 registered, 0 unregistered
[55.397s][info][gc,metaspace] GC(101) Metaspace: 4M used, 4M capacity, 4M committed, 1032M reserved
[55.397s][info][gc,ref      ] GC(101) Soft: 261 encountered, 0 discovered, 0 enqueued
[55.397s][info][gc,ref      ] GC(101) Weak: 280 encountered, 229 discovered, 0 enqueued
[55.397s][info][gc,ref      ] GC(101) Final: 1 encountered, 0 discovered, 0 enqueued
[55.397s][info][gc,ref      ] GC(101) Phantom: 39 encountered, 30 discovered, 0 enqueued
[55.397s][info][gc,reloc    ] GC(101) Small Pages: 1224 / 2448M(100%), Empty: 2342M(95%), Compacting: 84M(3%)->30M(1%)
[55.397s][info][gc,reloc    ] GC(101) Medium Pages: 0 / 0M(0%), Empty: 0M(0%), Compacting: 0M(0%)->0M(0%)
[55.397s][info][gc,reloc    ] GC(101) Large Pages: 1 / 8M(0%), Empty: 0M(0%), Compacting: 0M(0%)->0M(0%)
[55.397s][info][gc,reloc    ] GC(101) Relocation: Successful
[55.397s][info][gc,heap     ] GC(101) Min Capacity: 42M(1%)
[55.397s][info][gc,heap     ] GC(101) Max Capacity: 4060M(100%)
[55.397s][info][gc,heap     ] GC(101) Soft Max Capacity: 4060M(100%)
[55.397s][info][gc,heap     ] GC(101)                Mark Start          Mark End        Relocate Start      Relocate End           High               Low         
[55.397s][info][gc,heap     ] GC(101)  Capacity:     3156M (78%)        3156M (78%)        3156M (78%)        3156M (78%)        3156M (78%)        3156M (78%)    
[55.397s][info][gc,heap     ] GC(101)   Reserve:       42M (1%)           42M (1%)           42M (1%)           42M (1%)           42M (1%)           42M (1%)     
[55.397s][info][gc,heap     ] GC(101)      Free:     1562M (38%)        1410M (35%)        3724M (92%)        3700M (91%)        3738M (92%)        1396M (34%)    
[55.397s][info][gc,heap     ] GC(101)      Used:     2456M (60%)        2608M (64%)         294M (7%)          318M (8%)         2622M (65%)         280M (7%)     
[55.397s][info][gc,heap     ] GC(101)      Live:         -                52M (1%)           52M (1%)           52M (1%)             -                  -          
[55.397s][info][gc,heap     ] GC(101) Allocated:         -               152M (4%)          180M (4%)          288M (7%)             -                  -          
[55.397s][info][gc,heap     ] GC(101)   Garbage:         -              2403M (59%)          61M (2%)            3M (0%)             -                  -          
[55.397s][info][gc,heap     ] GC(101) Reclaimed:         -                  -              2342M (58%)        2400M (59%)            -                  -          
[55.397s][info][gc          ] GC(101) Garbage Collection (Allocation Rate) 2456M(60%)->318M(8%)
[55.838s][info][gc,start    ] GC(102) Garbage Collection (Allocation Rate)
[55.838s][info][gc,phases   ] GC(102) Pause Mark Start 0.071ms
[55.871s][info][gc,phases   ] GC(102) Concurrent Mark 32.429ms
[55.871s][info][gc,phases   ] GC(102) Pause Mark End 0.244ms
[55.872s][info][gc,phases   ] GC(102) Concurrent Process Non-Strong References 1.497ms
[55.873s][info][gc,phases   ] GC(102) Concurrent Reset Relocation Set 0.738ms
[55.875s][info][gc,phases   ] GC(102) Concurrent Select Relocation Set 1.585ms
[55.875s][info][gc,phases   ] GC(102) Pause Relocate Start 0.099ms
[55.876s][info][gc,phases   ] GC(102) Concurrent Relocate 0.585ms
[55.876s][info][gc,load     ] GC(102) Load: 0.00/0.00/0.00
[55.876s][info][gc,mmu      ] GC(102) MMU: 2ms/77.0%, 5ms/89.5%, 10ms/94.4%, 20ms/97.2%, 50ms/98.7%, 100ms/99.4%
[55.876s][info][gc,marking  ] GC(102) Mark: 1 stripe(s), 2 proactive flush(es), 1 terminate flush(es), 1 completion(s), 0 continuation(s) 
[55.876s][info][gc,nmethod  ] GC(102) NMethods: 1471 registered, 0 unregistered
[55.876s][info][gc,metaspace] GC(102) Metaspace: 4M used, 4M capacity, 4M committed, 1032M reserved
[55.876s][info][gc,ref      ] GC(102) Soft: 261 encountered, 0 discovered, 0 enqueued
[55.876s][info][gc,ref      ] GC(102) Weak: 280 encountered, 229 discovered, 0 enqueued
[55.876s][info][gc,ref      ] GC(102) Final: 1 encountered, 0 discovered, 0 enqueued
[55.876s][info][gc,ref      ] GC(102) Phantom: 39 encountered, 30 discovered, 0 enqueued
[55.876s][info][gc,reloc    ] GC(102) Small Pages: 1218 / 2436M(100%), Empty: 2378M(97%), Compacting: 6M(0%)->2M(0%)
[55.876s][info][gc,reloc    ] GC(102) Medium Pages: 0 / 0M(0%), Empty: 0M(0%), Compacting: 0M(0%)->0M(0%)
[55.876s][info][gc,reloc    ] GC(102) Large Pages: 1 / 8M(0%), Empty: 0M(0%), Compacting: 0M(0%)->0M(0%)
[55.876s][info][gc,reloc    ] GC(102) Relocation: Successful
[55.876s][info][gc,heap     ] GC(102) Min Capacity: 42M(1%)
[55.876s][info][gc,heap     ] GC(102) Max Capacity: 4060M(100%)
[55.876s][info][gc,heap     ] GC(102) Soft Max Capacity: 4060M(100%)
[55.876s][info][gc,heap     ] GC(102)                Mark Start          Mark End        Relocate Start      Relocate End           High               Low         
[55.876s][info][gc,heap     ] GC(102)  Capacity:     3156M (78%)        3156M (78%)        3156M (78%)        3156M (78%)        3156M (78%)        3156M (78%)    
[55.876s][info][gc,heap     ] GC(102)   Reserve:       42M (1%)           42M (1%)           42M (1%)           42M (1%)           42M (1%)           42M (1%)     
[55.876s][info][gc,heap     ] GC(102)      Free:     1574M (39%)        1418M (35%)        3782M (93%)        3784M (93%)        3786M (93%)        1410M (35%)    
[55.876s][info][gc,heap     ] GC(102)      Used:     2444M (60%)        2600M (64%)         236M (6%)          234M (6%)         2608M (64%)         232M (6%)     
[55.876s][info][gc,heap     ] GC(102)      Live:         -                53M (1%)           53M (1%)           53M (1%)             -                  -          
[55.876s][info][gc,heap     ] GC(102) Allocated:         -               156M (4%)          170M (4%)          174M (4%)             -                  -          
[55.876s][info][gc,heap     ] GC(102)   Garbage:         -              2390M (59%)          12M (0%)           10M (0%)             -                  -          
[55.876s][info][gc,heap     ] GC(102) Reclaimed:         -                  -              2378M (59%)        2380M (59%)            -                  -          
[55.876s][info][gc          ] GC(102) Garbage Collection (Allocation Rate) 2444M(60%)->234M(6%)
[56.339s][info][gc,start    ] GC(103) Garbage Collection (Allocation Rate)
[56.339s][info][gc,phases   ] GC(103) Pause Mark Start 0.066ms
[56.381s][info][gc,phases   ] GC(103) Concurrent Mark 42.517ms
[56.382s][info][gc,phases   ] GC(103) Pause Mark End 0.311ms
[56.383s][info][gc,phases   ] GC(103) Concurrent Process Non-Strong References 1.540ms
[56.384s][info][gc,phases   ] GC(103) Concurrent Reset Relocation Set 0.020ms
[56.386s][info][gc,phases   ] GC(103) Concurrent Select Relocation Set 2.520ms
[56.386s][info][gc,phases   ] GC(103) Pause Relocate Start 0.092ms
[56.396s][info][gc,phases   ] GC(103) Concurrent Relocate 10.025ms
[56.396s][info][gc,load     ] GC(103) Load: 0.00/0.00/0.00
[56.396s][info][gc,mmu      ] GC(103) MMU: 2ms/77.0%, 5ms/89.5%, 10ms/94.4%, 20ms/97.2%, 50ms/98.7%, 100ms/99.4%
[56.396s][info][gc,marking  ] GC(103) Mark: 1 stripe(s), 2 proactive flush(es), 1 terminate flush(es), 1 completion(s), 0 continuation(s) 
[56.396s][info][gc,nmethod  ] GC(103) NMethods: 1471 registered, 0 unregistered
[56.396s][info][gc,metaspace] GC(103) Metaspace: 4M used, 4M capacity, 4M committed, 1032M reserved
[56.396s][info][gc,ref      ] GC(103) Soft: 261 encountered, 0 discovered, 0 enqueued
[56.396s][info][gc,ref      ] GC(103) Weak: 280 encountered, 229 discovered, 0 enqueued
[56.396s][info][gc,ref      ] GC(103) Final: 1 encountered, 0 discovered, 0 enqueued
[56.396s][info][gc,ref      ] GC(103) Phantom: 39 encountered, 30 discovered, 0 enqueued
[56.397s][info][gc,reloc    ] GC(103) Small Pages: 1228 / 2456M(100%), Empty: 2352M(95%), Compacting: 44M(2%)->18M(1%)
[56.397s][info][gc,reloc    ] GC(103) Medium Pages: 0 / 0M(0%), Empty: 0M(0%), Compacting: 0M(0%)->0M(0%)
[56.397s][info][gc,reloc    ] GC(103) Large Pages: 1 / 8M(0%), Empty: 0M(0%), Compacting: 0M(0%)->0M(0%)
[56.397s][info][gc,reloc    ] GC(103) Relocation: Successful
[56.397s][info][gc,heap     ] GC(103) Min Capacity: 42M(1%)
[56.397s][info][gc,heap     ] GC(103) Max Capacity: 4060M(100%)
[56.397s][info][gc,heap     ] GC(103) Soft Max Capacity: 4060M(100%)
[56.397s][info][gc,heap     ] GC(103)                Mark Start          Mark End        Relocate Start      Relocate End           High               Low         
[56.397s][info][gc,heap     ] GC(103)  Capacity:     3156M (78%)        3156M (78%)        3156M (78%)        3156M (78%)        3156M (78%)        3156M (78%)    
[56.397s][info][gc,heap     ] GC(103)   Reserve:       42M (1%)           42M (1%)           42M (1%)           42M (1%)           42M (1%)           42M (1%)     
[56.397s][info][gc,heap     ] GC(103)      Free:     1554M (38%)        1368M (34%)        3704M (91%)        3686M (91%)        3714M (91%)        1362M (34%)    
[56.397s][info][gc,heap     ] GC(103)      Used:     2464M (61%)        2650M (65%)         314M (8%)          332M (8%)         2656M (65%)         304M (7%)     
[56.397s][info][gc,heap     ] GC(103)      Live:         -                74M (2%)           74M (2%)           74M (2%)             -                  -          
[56.397s][info][gc,heap     ] GC(103) Allocated:         -               186M (5%)          202M (5%)          264M (7%)             -                  -          
[56.397s][info][gc,heap     ] GC(103)   Garbage:         -              2389M (59%)          37M (1%)           11M (0%)             -                  -          
[56.397s][info][gc,heap     ] GC(103) Reclaimed:         -                  -              2352M (58%)        2378M (59%)            -                  -          
[56.397s][info][gc          ] GC(103) Garbage Collection (Allocation Rate) 2464M(61%)->332M(8%)
[56.838s][info][gc,start    ] GC(104) Garbage Collection (Allocation Rate)
[56.838s][info][gc,phases   ] GC(104) Pause Mark Start 0.064ms
[56.877s][info][gc,phases   ] GC(104) Concurrent Mark 38.767ms
[56.878s][info][gc,phases   ] GC(104) Pause Mark End 0.238ms
[56.879s][info][gc,phases   ] GC(104) Concurrent Process Non-Strong References 1.651ms
[56.879s][info][gc,phases   ] GC(104) Concurrent Reset Relocation Set 0.037ms
[56.883s][info][gc,phases   ] GC(104) Concurrent Select Relocation Set 3.162ms
[56.883s][info][gc,phases   ] GC(104) Pause Relocate Start 0.064ms
[56.902s][info][gc,phases   ] GC(104) Concurrent Relocate 19.492ms
[56.903s][info][gc,load     ] GC(104) Load: 0.00/0.00/0.00
[56.903s][info][gc,mmu      ] GC(104) MMU: 2ms/77.0%, 5ms/89.5%, 10ms/94.4%, 20ms/97.2%, 50ms/98.7%, 100ms/99.4%
[56.903s][info][gc,marking  ] GC(104) Mark: 1 stripe(s), 2 proactive flush(es), 1 terminate flush(es), 1 completion(s), 0 continuation(s) 
[56.903s][info][gc,nmethod  ] GC(104) NMethods: 1471 registered, 0 unregistered
[56.903s][info][gc,metaspace] GC(104) Metaspace: 4M used, 4M capacity, 4M committed, 1032M reserved
[56.903s][info][gc,ref      ] GC(104) Soft: 261 encountered, 0 discovered, 0 enqueued
[56.903s][info][gc,ref      ] GC(104) Weak: 280 encountered, 229 discovered, 0 enqueued
[56.903s][info][gc,ref      ] GC(104) Final: 1 encountered, 0 discovered, 0 enqueued
[56.903s][info][gc,ref      ] GC(104) Phantom: 39 encountered, 30 discovered, 0 enqueued
[56.903s][info][gc,reloc    ] GC(104) Small Pages: 1230 / 2460M(100%), Empty: 2334M(95%), Compacting: 92M(4%)->34M(1%)
[56.903s][info][gc,reloc    ] GC(104) Medium Pages: 0 / 0M(0%), Empty: 0M(0%), Compacting: 0M(0%)->0M(0%)
[56.903s][info][gc,reloc    ] GC(104) Large Pages: 1 / 8M(0%), Empty: 0M(0%), Compacting: 0M(0%)->0M(0%)
[56.903s][info][gc,reloc    ] GC(104) Relocation: Successful
[56.903s][info][gc,heap     ] GC(104) Min Capacity: 42M(1%)
[56.903s][info][gc,heap     ] GC(104) Max Capacity: 4060M(100%)
[56.903s][info][gc,heap     ] GC(104) Soft Max Capacity: 4060M(100%)
[56.903s][info][gc,heap     ] GC(104)                Mark Start          Mark End        Relocate Start      Relocate End           High               Low         
[56.903s][info][gc,heap     ] GC(104)  Capacity:     3156M (78%)        3156M (78%)        3156M (78%)        3156M (78%)        3156M (78%)        3156M (78%)    
[56.903s][info][gc,heap     ] GC(104)   Reserve:       42M (1%)           42M (1%)           42M (1%)           42M (1%)           42M (1%)           42M (1%)     
[56.903s][info][gc,heap     ] GC(104)      Free:     1550M (38%)        1366M (34%)        3676M (91%)        3644M (90%)        3692M (91%)        1358M (33%)    
[56.903s][info][gc,heap     ] GC(104)      Used:     2468M (61%)        2652M (65%)         342M (8%)          374M (9%)         2660M (66%)         326M (8%)     
[56.903s][info][gc,heap     ] GC(104)      Live:         -                66M (2%)           66M (2%)           66M (2%)             -                  -          
[56.903s][info][gc,heap     ] GC(104) Allocated:         -               184M (5%)          208M (5%)          332M (8%)             -                  -          
[56.903s][info][gc,heap     ] GC(104)   Garbage:         -              2401M (59%)          67M (2%)            7M (0%)             -                  -          
[56.903s][info][gc,heap     ] GC(104) Reclaimed:         -                  -              2334M (57%)        2394M (59%)            -                  -          
[56.903s][info][gc          ] GC(104) Garbage Collection (Allocation Rate) 2468M(61%)->374M(9%)
[57.338s][info][gc,start    ] GC(105) Garbage Collection (Allocation Rate)
[57.338s][info][gc,phases   ] GC(105) Pause Mark Start 0.078ms
[57.375s][info][gc,phases   ] GC(105) Concurrent Mark 37.188ms
[57.376s][info][gc,phases   ] GC(105) Pause Mark End 0.247ms
[57.377s][info][gc,phases   ] GC(105) Concurrent Process Non-Strong References 1.701ms
[57.378s][info][gc,phases   ] GC(105) Concurrent Reset Relocation Set 0.757ms
[57.384s][info][gc,phases   ] GC(105) Concurrent Select Relocation Set 6.291ms
[57.385s][info][gc,phases   ] GC(105) Pause Relocate Start 0.059ms
[57.416s][info][gc,phases   ] GC(105) Concurrent Relocate 31.120ms
[57.416s][info][gc,load     ] GC(105) Load: 0.00/0.00/0.00
[57.416s][info][gc,mmu      ] GC(105) MMU: 2ms/77.0%, 5ms/89.5%, 10ms/94.4%, 20ms/97.2%, 50ms/98.7%, 100ms/99.4%
[57.416s][info][gc,marking  ] GC(105) Mark: 1 stripe(s), 2 proactive flush(es), 1 terminate flush(es), 1 completion(s), 0 continuation(s) 
[57.416s][info][gc,nmethod  ] GC(105) NMethods: 1471 registered, 0 unregistered
[57.416s][info][gc,metaspace] GC(105) Metaspace: 4M used, 4M capacity, 4M committed, 1032M reserved
[57.416s][info][gc,ref      ] GC(105) Soft: 261 encountered, 0 discovered, 0 enqueued
[57.416s][info][gc,ref      ] GC(105) Weak: 280 encountered, 229 discovered, 0 enqueued
[57.416s][info][gc,ref      ] GC(105) Final: 1 encountered, 0 discovered, 0 enqueued
[57.416s][info][gc,ref      ] GC(105) Phantom: 39 encountered, 30 discovered, 0 enqueued
[57.416s][info][gc,reloc    ] GC(105) Small Pages: 1232 / 2464M(100%), Empty: 2308M(93%), Compacting: 150M(6%)->54M(2%)
[57.416s][info][gc,reloc    ] GC(105) Medium Pages: 0 / 0M(0%), Empty: 0M(0%), Compacting: 0M(0%)->0M(0%)
[57.416s][info][gc,reloc    ] GC(105) Large Pages: 1 / 8M(0%), Empty: 0M(0%), Compacting: 0M(0%)->0M(0%)
[57.416s][info][gc,reloc    ] GC(105) Relocation: Successful
[57.416s][info][gc,heap     ] GC(105) Min Capacity: 42M(1%)
[57.416s][info][gc,heap     ] GC(105) Max Capacity: 4060M(100%)
[57.416s][info][gc,heap     ] GC(105) Soft Max Capacity: 4060M(100%)
[57.416s][info][gc,heap     ] GC(105)                Mark Start          Mark End        Relocate Start      Relocate End           High               Low         
[57.416s][info][gc,heap     ] GC(105)  Capacity:     3156M (78%)        3156M (78%)        3156M (78%)        3156M (78%)        3156M (78%)        3156M (78%)    
[57.416s][info][gc,heap     ] GC(105)   Reserve:       42M (1%)           42M (1%)           42M (1%)           42M (1%)           42M (1%)           42M (1%)     
[57.416s][info][gc,heap     ] GC(105)      Free:     1546M (38%)        1372M (34%)        3644M (90%)        3594M (89%)        3668M (90%)        1360M (33%)    
[57.416s][info][gc,heap     ] GC(105)      Used:     2472M (61%)        2646M (65%)         374M (9%)          424M (10%)        2658M (65%)         350M (9%)     
[57.416s][info][gc,heap     ] GC(105)      Live:         -                59M (1%)           59M (1%)           59M (1%)             -                  -          
[57.416s][info][gc,heap     ] GC(105) Allocated:         -               174M (4%)          210M (5%)          410M (10%)            -                  -          
[57.416s][info][gc,heap     ] GC(105)   Garbage:         -              2412M (59%)         104M (3%)            4M (0%)             -                  -          
[57.416s][info][gc,heap     ] GC(105) Reclaimed:         -                  -              2308M (57%)        2408M (59%)            -                  -          
[57.416s][info][gc          ] GC(105) Garbage Collection (Allocation Rate) 2472M(61%)->424M(10%)
[57.839s][info][gc,start    ] GC(106) Garbage Collection (Allocation Rate)
[57.839s][info][gc,phases   ] GC(106) Pause Mark Start 0.117ms
[57.872s][info][gc,phases   ] GC(106) Concurrent Mark 33.312ms
[57.873s][info][gc,phases   ] GC(106) Pause Mark End 0.296ms
[57.874s][info][gc,phases   ] GC(106) Concurrent Process Non-Strong References 1.728ms
[57.876s][info][gc,phases   ] GC(106) Concurrent Reset Relocation Set 1.393ms
[57.880s][info][gc,phases   ] GC(106) Concurrent Select Relocation Set 4.572ms
[57.881s][info][gc,phases   ] GC(106) Pause Relocate Start 0.068ms
[57.900s][info][gc,phases   ] GC(106) Concurrent Relocate 19.328ms
[57.900s][info][gc,load     ] GC(106) Load: 0.00/0.00/0.00
[57.900s][info][gc,mmu      ] GC(106) MMU: 2ms/77.0%, 5ms/89.5%, 10ms/94.4%, 20ms/97.2%, 50ms/98.7%, 100ms/99.4%
[57.900s][info][gc,marking  ] GC(106) Mark: 1 stripe(s), 2 proactive flush(es), 1 terminate flush(es), 1 completion(s), 0 continuation(s) 
[57.900s][info][gc,nmethod  ] GC(106) NMethods: 1471 registered, 0 unregistered
[57.900s][info][gc,metaspace] GC(106) Metaspace: 4M used, 4M capacity, 4M committed, 1032M reserved
[57.900s][info][gc,ref      ] GC(106) Soft: 261 encountered, 0 discovered, 0 enqueued
[57.900s][info][gc,ref      ] GC(106) Weak: 280 encountered, 229 discovered, 0 enqueued
[57.900s][info][gc,ref      ] GC(106) Final: 1 encountered, 0 discovered, 0 enqueued
[57.900s][info][gc,ref      ] GC(106) Phantom: 39 encountered, 30 discovered, 0 enqueued
[57.900s][info][gc,reloc    ] GC(106) Small Pages: 1220 / 2440M(100%), Empty: 2328M(95%), Compacting: 94M(4%)->34M(1%)
[57.900s][info][gc,reloc    ] GC(106) Medium Pages: 0 / 0M(0%), Empty: 0M(0%), Compacting: 0M(0%)->0M(0%)
[57.900s][info][gc,reloc    ] GC(106) Large Pages: 1 / 8M(0%), Empty: 0M(0%), Compacting: 0M(0%)->0M(0%)
[57.900s][info][gc,reloc    ] GC(106) Relocation: Successful
[57.900s][info][gc,heap     ] GC(106) Min Capacity: 42M(1%)
[57.900s][info][gc,heap     ] GC(106) Max Capacity: 4060M(100%)
[57.900s][info][gc,heap     ] GC(106) Soft Max Capacity: 4060M(100%)
[57.900s][info][gc,heap     ] GC(106)                Mark Start          Mark End        Relocate Start      Relocate End           High               Low         
[57.900s][info][gc,heap     ] GC(106)  Capacity:     3156M (78%)        3156M (78%)        3156M (78%)        3156M (78%)        3156M (78%)        3156M (78%)    
[57.900s][info][gc,heap     ] GC(106)   Reserve:       42M (1%)           42M (1%)           42M (1%)           42M (1%)           42M (1%)           42M (1%)     
[57.900s][info][gc,heap     ] GC(106)      Free:     1570M (39%)        1412M (35%)        3706M (91%)        3676M (91%)        3726M (92%)        1398M (34%)    
[57.900s][info][gc,heap     ] GC(106)      Used:     2448M (60%)        2606M (64%)         312M (8%)          342M (8%)         2620M (65%)         292M (7%)     
[57.900s][info][gc,heap     ] GC(106)      Live:         -                52M (1%)           52M (1%)           52M (1%)             -                  -          
[57.900s][info][gc,heap     ] GC(106) Allocated:         -               158M (4%)          192M (5%)          316M (8%)             -                  -          
[57.900s][info][gc,heap     ] GC(106)   Garbage:         -              2395M (59%)          67M (2%)            5M (0%)             -                  -          
[57.900s][info][gc,heap     ] GC(106) Reclaimed:         -                  -              2328M (57%)        2390M (59%)            -                  -          
[57.900s][info][gc          ] GC(106) Garbage Collection (Allocation Rate) 2448M(60%)->342M(8%)
[58.338s][info][gc,start    ] GC(107) Garbage Collection (Allocation Rate)
[58.338s][info][gc,phases   ] GC(107) Pause Mark Start 0.063ms
[58.373s][info][gc,phases   ] GC(107) Concurrent Mark 34.517ms
[58.373s][info][gc,phases   ] GC(107) Pause Mark End 0.236ms
[58.375s][info][gc,phases   ] GC(107) Concurrent Process Non-Strong References 1.548ms
[58.376s][info][gc,phases   ] GC(107) Concurrent Reset Relocation Set 0.743ms
[58.378s][info][gc,phases   ] GC(107) Concurrent Select Relocation Set 1.701ms
[58.378s][info][gc,phases   ] GC(107) Pause Relocate Start 0.062ms
[58.379s][info][gc,phases   ] GC(107) Concurrent Relocate 1.242ms
[58.379s][info][gc,load     ] GC(107) Load: 0.00/0.00/0.00
[58.379s][info][gc,mmu      ] GC(107) MMU: 2ms/77.0%, 5ms/89.5%, 10ms/94.4%, 20ms/97.2%, 50ms/98.7%, 100ms/99.4%
[58.379s][info][gc,marking  ] GC(107) Mark: 1 stripe(s), 2 proactive flush(es), 1 terminate flush(es), 1 completion(s), 0 continuation(s) 
[58.379s][info][gc,nmethod  ] GC(107) NMethods: 1471 registered, 0 unregistered
[58.379s][info][gc,metaspace] GC(107) Metaspace: 4M used, 4M capacity, 4M committed, 1032M reserved
[58.379s][info][gc,ref      ] GC(107) Soft: 261 encountered, 0 discovered, 0 enqueued
[58.379s][info][gc,ref      ] GC(107) Weak: 280 encountered, 229 discovered, 0 enqueued
[58.379s][info][gc,ref      ] GC(107) Final: 1 encountered, 0 discovered, 0 enqueued
[58.379s][info][gc,ref      ] GC(107) Phantom: 39 encountered, 30 discovered, 0 enqueued
[58.379s][info][gc,reloc    ] GC(107) Small Pages: 1224 / 2448M(100%), Empty: 2380M(97%), Compacting: 10M(0%)->2M(0%)
[58.379s][info][gc,reloc    ] GC(107) Medium Pages: 0 / 0M(0%), Empty: 0M(0%), Compacting: 0M(0%)->0M(0%)
[58.379s][info][gc,reloc    ] GC(107) Large Pages: 1 / 8M(0%), Empty: 0M(0%), Compacting: 0M(0%)->0M(0%)
[58.379s][info][gc,reloc    ] GC(107) Relocation: Successful
[58.379s][info][gc,heap     ] GC(107) Min Capacity: 42M(1%)
[58.379s][info][gc,heap     ] GC(107) Max Capacity: 4060M(100%)
[58.379s][info][gc,heap     ] GC(107) Soft Max Capacity: 4060M(100%)
[58.379s][info][gc,heap     ] GC(107)                Mark Start          Mark End        Relocate Start      Relocate End           High               Low         
[58.379s][info][gc,heap     ] GC(107)  Capacity:     3156M (78%)        3156M (78%)        3156M (78%)        3156M (78%)        3156M (78%)        3156M (78%)    
[58.379s][info][gc,heap     ] GC(107)   Reserve:       42M (1%)           42M (1%)           42M (1%)           42M (1%)           42M (1%)           42M (1%)     
[58.379s][info][gc,heap     ] GC(107)      Free:     1562M (38%)        1402M (35%)        3764M (93%)        3768M (93%)        3772M (93%)        1392M (34%)    
[58.379s][info][gc,heap     ] GC(107)      Used:     2456M (60%)        2616M (64%)         254M (6%)          250M (6%)         2626M (65%)         246M (6%)     
[58.379s][info][gc,heap     ] GC(107)      Live:         -                59M (1%)           59M (1%)           59M (1%)             -                  -          
[58.379s][info][gc,heap     ] GC(107) Allocated:         -               160M (4%)          178M (4%)          184M (5%)             -                  -          
[58.379s][info][gc,heap     ] GC(107)   Garbage:         -              2396M (59%)          16M (0%)           10M (0%)             -                  -          
[58.379s][info][gc,heap     ] GC(107) Reclaimed:         -                  -              2380M (59%)        2386M (59%)            -                  -          
[58.379s][info][gc          ] GC(107) Garbage Collection (Allocation Rate) 2456M(60%)->250M(6%)
[58.838s][info][gc,start    ] GC(108) Garbage Collection (Allocation Rate)
[58.839s][info][gc,phases   ] GC(108) Pause Mark Start 0.061ms
[58.879s][info][gc,phases   ] GC(108) Concurrent Mark 39.898ms
[58.879s][info][gc,phases   ] GC(108) Pause Mark End 0.239ms
[58.880s][info][gc,phases   ] GC(108) Concurrent Process Non-Strong References 1.494ms
[58.880s][info][gc,phases   ] GC(108) Concurrent Reset Relocation Set 0.021ms
[58.883s][info][gc,phases   ] GC(108) Concurrent Select Relocation Set 2.297ms
[58.883s][info][gc,phases   ] GC(108) Pause Relocate Start 0.060ms
[58.891s][info][gc,phases   ] GC(108) Concurrent Relocate 7.738ms
[58.891s][info][gc,load     ] GC(108) Load: 0.00/0.00/0.00
[58.891s][info][gc,mmu      ] GC(108) MMU: 2ms/77.0%, 5ms/89.5%, 10ms/94.4%, 20ms/97.2%, 50ms/98.7%, 100ms/99.4%
[58.891s][info][gc,marking  ] GC(108) Mark: 1 stripe(s), 2 proactive flush(es), 1 terminate flush(es), 1 completion(s), 0 continuation(s) 
[58.891s][info][gc,nmethod  ] GC(108) NMethods: 1471 registered, 0 unregistered
[58.891s][info][gc,metaspace] GC(108) Metaspace: 4M used, 4M capacity, 4M committed, 1032M reserved
[58.891s][info][gc,ref      ] GC(108) Soft: 261 encountered, 0 discovered, 0 enqueued
[58.891s][info][gc,ref      ] GC(108) Weak: 280 encountered, 229 discovered, 0 enqueued
[58.891s][info][gc,ref      ] GC(108) Final: 1 encountered, 0 discovered, 0 enqueued
[58.891s][info][gc,ref      ] GC(108) Phantom: 39 encountered, 30 discovered, 0 enqueued
[58.891s][info][gc,reloc    ] GC(108) Small Pages: 1228 / 2456M(100%), Empty: 2352M(95%), Compacting: 50M(2%)->14M(1%)
[58.891s][info][gc,reloc    ] GC(108) Medium Pages: 0 / 0M(0%), Empty: 0M(0%), Compacting: 0M(0%)->0M(0%)
[58.891s][info][gc,reloc    ] GC(108) Large Pages: 1 / 8M(0%), Empty: 0M(0%), Compacting: 0M(0%)->0M(0%)
[58.891s][info][gc,reloc    ] GC(108) Relocation: Successful
[58.891s][info][gc,heap     ] GC(108) Min Capacity: 42M(1%)
[58.891s][info][gc,heap     ] GC(108) Max Capacity: 4060M(100%)
[58.891s][info][gc,heap     ] GC(108) Soft Max Capacity: 4060M(100%)
[58.891s][info][gc,heap     ] GC(108)                Mark Start          Mark End        Relocate Start      Relocate End           High               Low         
[58.891s][info][gc,heap     ] GC(108)  Capacity:     3156M (78%)        3156M (78%)        3156M (78%)        3156M (78%)        3156M (78%)        3156M (78%)    
[58.891s][info][gc,heap     ] GC(108)   Reserve:       42M (1%)           42M (1%)           42M (1%)           42M (1%)           42M (1%)           42M (1%)     
[58.891s][info][gc,heap     ] GC(108)      Free:     1554M (38%)        1364M (34%)        3698M (91%)        3696M (91%)        3708M (91%)        1358M (33%)    
[58.891s][info][gc,heap     ] GC(108)      Used:     2464M (61%)        2654M (65%)         320M (8%)          322M (8%)         2660M (66%)         310M (8%)     
[58.891s][info][gc,heap     ] GC(108)      Live:         -                67M (2%)           67M (2%)           67M (2%)             -                  -          
[58.891s][info][gc,heap     ] GC(108) Allocated:         -               190M (5%)          208M (5%)          260M (6%)             -                  -          
[58.891s][info][gc,heap     ] GC(108)   Garbage:         -              2396M (59%)          44M (1%)           10M (0%)             -                  -          
[58.891s][info][gc,heap     ] GC(108) Reclaimed:         -                  -              2352M (58%)        2386M (59%)            -                  -          
[58.891s][info][gc          ] GC(108) Garbage Collection (Allocation Rate) 2464M(61%)->322M(8%)
[59.338s][info][gc,start    ] GC(109) Garbage Collection (Allocation Rate)
[59.338s][info][gc,phases   ] GC(109) Pause Mark Start 0.088ms
[59.376s][info][gc,phases   ] GC(109) Concurrent Mark 37.913ms
[59.376s][info][gc,phases   ] GC(109) Pause Mark End 0.298ms
[59.378s][info][gc,phases   ] GC(109) Concurrent Process Non-Strong References 1.675ms
[59.378s][info][gc,phases   ] GC(109) Concurrent Reset Relocation Set 0.039ms
[59.382s][info][gc,phases   ] GC(109) Concurrent Select Relocation Set 3.566ms
[59.382s][info][gc,phases   ] GC(109) Pause Relocate Start 0.058ms
[59.405s][info][gc,phases   ] GC(109) Concurrent Relocate 22.796ms
[59.405s][info][gc,load     ] GC(109) Load: 0.00/0.00/0.00
[59.405s][info][gc,mmu      ] GC(109) MMU: 2ms/77.0%, 5ms/89.5%, 10ms/94.4%, 20ms/97.2%, 50ms/98.7%, 100ms/99.4%
[59.405s][info][gc,marking  ] GC(109) Mark: 1 stripe(s), 2 proactive flush(es), 1 terminate flush(es), 1 completion(s), 0 continuation(s) 
[59.405s][info][gc,nmethod  ] GC(109) NMethods: 1471 registered, 0 unregistered
[59.405s][info][gc,metaspace] GC(109) Metaspace: 4M used, 4M capacity, 4M committed, 1032M reserved
[59.405s][info][gc,ref      ] GC(109) Soft: 261 encountered, 0 discovered, 0 enqueued
[59.405s][info][gc,ref      ] GC(109) Weak: 280 encountered, 229 discovered, 0 enqueued
[59.405s][info][gc,ref      ] GC(109) Final: 1 encountered, 0 discovered, 0 enqueued
[59.405s][info][gc,ref      ] GC(109) Phantom: 39 encountered, 30 discovered, 0 enqueued
[59.405s][info][gc,reloc    ] GC(109) Small Pages: 1233 / 2466M(100%), Empty: 2324M(94%), Compacting: 124M(5%)->40M(2%)
[59.405s][info][gc,reloc    ] GC(109) Medium Pages: 0 / 0M(0%), Empty: 0M(0%), Compacting: 0M(0%)->0M(0%)
[59.405s][info][gc,reloc    ] GC(109) Large Pages: 1 / 8M(0%), Empty: 0M(0%), Compacting: 0M(0%)->0M(0%)
[59.405s][info][gc,reloc    ] GC(109) Relocation: Successful
[59.405s][info][gc,heap     ] GC(109) Min Capacity: 42M(1%)
[59.405s][info][gc,heap     ] GC(109) Max Capacity: 4060M(100%)
[59.405s][info][gc,heap     ] GC(109) Soft Max Capacity: 4060M(100%)
[59.405s][info][gc,heap     ] GC(109)                Mark Start          Mark End        Relocate Start      Relocate End           High               Low         
[59.405s][info][gc,heap     ] GC(109)  Capacity:     3156M (78%)        3156M (78%)        3156M (78%)        3156M (78%)        3156M (78%)        3156M (78%)    
[59.405s][info][gc,heap     ] GC(109)   Reserve:       42M (1%)           42M (1%)           42M (1%)           42M (1%)           42M (1%)           42M (1%)     
[59.405s][info][gc,heap     ] GC(109)      Free:     1544M (38%)        1366M (34%)        3664M (90%)        3640M (90%)        3680M (91%)        1356M (33%)    
[59.405s][info][gc,heap     ] GC(109)      Used:     2474M (61%)        2652M (65%)         354M (9%)          378M (9%)         2662M (66%)         338M (8%)     
[59.405s][info][gc,heap     ] GC(109)      Live:         -                58M (1%)           58M (1%)           58M (1%)             -                  -          
[59.405s][info][gc,heap     ] GC(109) Allocated:         -               178M (4%)          204M (5%)          352M (9%)             -                  -          
[59.405s][info][gc,heap     ] GC(109)   Garbage:         -              2415M (60%)          91M (2%)            7M (0%)             -                  -          
[59.405s][info][gc,heap     ] GC(109) Reclaimed:         -                  -              2324M (57%)        2408M (59%)            -                  -          
[59.405s][info][gc          ] GC(109) Garbage Collection (Allocation Rate) 2474M(61%)->378M(9%)
[59.838s][info][gc,start    ] GC(110) Garbage Collection (Allocation Rate)
[59.838s][info][gc,phases   ] GC(110) Pause Mark Start 0.063ms
[59.875s][info][gc,phases   ] GC(110) Concurrent Mark 36.326ms
[59.875s][info][gc,phases   ] GC(110) Pause Mark End 0.218ms
[59.877s][info][gc,phases   ] GC(110) Concurrent Process Non-Strong References 1.561ms
[59.877s][info][gc,phases   ] GC(110) Concurrent Reset Relocation Set 0.798ms
[59.883s][info][gc,phases   ] GC(110) Concurrent Select Relocation Set 5.373ms
[59.883s][info][gc,phases   ] GC(110) Pause Relocate Start 0.067ms
[59.914s][info][gc,phases   ] GC(110) Concurrent Relocate 30.769ms
[59.914s][info][gc,load     ] GC(110) Load: 0.00/0.00/0.00
[59.914s][info][gc,mmu      ] GC(110) MMU: 2ms/77.0%, 5ms/89.5%, 10ms/94.4%, 20ms/97.2%, 50ms/98.7%, 100ms/99.4%
[59.914s][info][gc,marking  ] GC(110) Mark: 1 stripe(s), 2 proactive flush(es), 1 terminate flush(es), 1 completion(s), 0 continuation(s) 
[59.914s][info][gc,nmethod  ] GC(110) NMethods: 1471 registered, 0 unregistered
[59.914s][info][gc,metaspace] GC(110) Metaspace: 4M used, 4M capacity, 4M committed, 1032M reserved
[59.914s][info][gc,ref      ] GC(110) Soft: 261 encountered, 0 discovered, 0 enqueued
[59.914s][info][gc,ref      ] GC(110) Weak: 280 encountered, 229 discovered, 0 enqueued
[59.914s][info][gc,ref      ] GC(110) Final: 1 encountered, 0 discovered, 0 enqueued
[59.914s][info][gc,ref      ] GC(110) Phantom: 39 encountered, 30 discovered, 0 enqueued
[59.914s][info][gc,reloc    ] GC(110) Small Pages: 1224 / 2448M(100%), Empty: 2294M(93%), Compacting: 150M(6%)->54M(2%)
[59.914s][info][gc,reloc    ] GC(110) Medium Pages: 0 / 0M(0%), Empty: 0M(0%), Compacting: 0M(0%)->0M(0%)
[59.914s][info][gc,reloc    ] GC(110) Large Pages: 1 / 8M(0%), Empty: 0M(0%), Compacting: 0M(0%)->0M(0%)
[59.914s][info][gc,reloc    ] GC(110) Relocation: Successful
[59.914s][info][gc,heap     ] GC(110) Min Capacity: 42M(1%)
[59.914s][info][gc,heap     ] GC(110) Max Capacity: 4060M(100%)
[59.914s][info][gc,heap     ] GC(110) Soft Max Capacity: 4060M(100%)
[59.914s][info][gc,heap     ] GC(110)                Mark Start          Mark End        Relocate Start      Relocate End           High               Low         
[59.914s][info][gc,heap     ] GC(110)  Capacity:     3156M (78%)        3156M (78%)        3156M (78%)        3156M (78%)        3156M (78%)        3156M (78%)    
[59.914s][info][gc,heap     ] GC(110)   Reserve:       42M (1%)           42M (1%)           42M (1%)           42M (1%)           42M (1%)           42M (1%)     
[59.914s][info][gc,heap     ] GC(110)      Free:     1562M (38%)        1388M (34%)        3646M (90%)        3600M (89%)        3672M (90%)        1378M (34%)    
[59.914s][info][gc,heap     ] GC(110)      Used:     2456M (60%)        2630M (65%)         372M (9%)          418M (10%)        2640M (65%)         346M (9%)     
[59.914s][info][gc,heap     ] GC(110)      Live:         -                58M (1%)           58M (1%)           58M (1%)             -                  -          
[59.914s][info][gc,heap     ] GC(110) Allocated:         -               174M (4%)          210M (5%)          406M (10%)            -                  -          
[59.914s][info][gc,heap     ] GC(110)   Garbage:         -              2397M (59%)         103M (3%)            3M (0%)             -                  -          
[59.914s][info][gc,heap     ] GC(110) Reclaimed:         -                  -              2294M (57%)        2394M (59%)            -                  -          
[59.914s][info][gc          ] GC(110) Garbage Collection (Allocation Rate) 2456M(60%)->418M(10%)
[60.038s][info][gc,stats    ] === Garbage Collection Statistics =======================================================================================================================
[60.038s][info][gc,stats    ]                                                              Last 10s              Last 10m              Last 10h                Total
[60.038s][info][gc,stats    ]                                                              Avg / Max             Avg / Max             Avg / Max             Avg / Max
[60.038s][info][gc,stats    ]   Collector: Garbage Collection Cycle                     58.923 / 78.132       66.923 / 153.808      66.923 / 153.808      66.923 / 153.808     ms
[60.038s][info][gc,stats    ]  Contention: Mark Segment Reset Contention                     0 / 0                 0 / 0                 0 / 0                 0 / 0           ops/s
[60.038s][info][gc,stats    ]  Contention: Mark SeqNum Reset Contention                      0 / 0                 0 / 0                 0 / 0                 0 / 0           ops/s
[60.038s][info][gc,stats    ]  Contention: Relocation Contention                             0 / 0                 0 / 2                 0 / 2                 0 / 2           ops/s
[60.038s][info][gc,stats    ]    Critical: Allocation Stall                              0.000 / 0.000         0.000 / 0.000         0.000 / 0.000         0.000 / 0.000       ms
[60.038s][info][gc,stats    ]    Critical: Allocation Stall                                  0 / 0                 0 / 0                 0 / 0                 0 / 0           ops/s
[60.038s][info][gc,stats    ]    Critical: GC Locker Stall                               0.000 / 0.000         0.000 / 0.000         0.000 / 0.000         0.000 / 0.000       ms
[60.038s][info][gc,stats    ]    Critical: GC Locker Stall                                   0 / 0                 0 / 0                 0 / 0                 0 / 0           ops/s
[60.038s][info][gc,stats    ]      Memory: Allocation Rate                                4746 / 4794           4458 / 4810           4458 / 4810           4458 / 4810        MB/s
[60.038s][info][gc,stats    ]      Memory: Heap Used After Mark                           2729 / 3112           2640 / 3112           2640 / 3112           2640 / 3112        MB
[60.038s][info][gc,stats    ]      Memory: Heap Used After Relocation                      330 / 424             339 / 462             339 / 462             339 / 462         MB
[60.038s][info][gc,stats    ]      Memory: Heap Used Before Mark                          2563 / 2944           2471 / 2960           2471 / 2960           2471 / 2960        MB
[60.038s][info][gc,stats    ]      Memory: Heap Used Before Relocation                     308 / 376             316 / 382             316 / 382             316 / 382         MB
[60.038s][info][gc,stats    ]      Memory: Out Of Memory                                     0 / 0                 0 / 0                 0 / 0                 0 / 0           ops/s
[60.038s][info][gc,stats    ]      Memory: Page Cache Flush                                  0 / 0                 0 / 0                 0 / 0                 0 / 0           MB/s
[60.038s][info][gc,stats    ]      Memory: Page Cache Hit L1                              2398 / 2439           2227 / 2439           2227 / 2439           2227 / 2439        ops/s
[60.038s][info][gc,stats    ]      Memory: Page Cache Hit L2                                 0 / 0                 0 / 0                 0 / 0                 0 / 0           ops/s
[60.038s][info][gc,stats    ]      Memory: Page Cache Hit L3                                 0 / 0                 1 / 103               1 / 103               1 / 103         ops/s
[60.038s][info][gc,stats    ]      Memory: Page Cache Miss                                   0 / 0                 0 / 0                 0 / 0                 0 / 0           ops/s
[60.038s][info][gc,stats    ]      Memory: Uncommit                                          0 / 0                 0 / 0                 0 / 0                 0 / 0           MB/s
[60.038s][info][gc,stats    ]      Memory: Undo Object Allocation Failed                     0 / 0                 0 / 0                 0 / 0                 0 / 0           ops/s
[60.038s][info][gc,stats    ]      Memory: Undo Object Allocation Succeeded                  0 / 0                 0 / 2                 0 / 2                 0 / 2           ops/s
[60.038s][info][gc,stats    ]      Memory: Undo Page Allocation                              0 / 0                 0 / 0                 0 / 0                 0 / 0           ops/s
[60.038s][info][gc,stats    ]       Phase: Concurrent Mark                              36.227 / 42.517       43.073 / 106.230      43.073 / 106.230      43.073 / 106.230     ms
[60.038s][info][gc,stats    ]       Phase: Concurrent Mark Continue                      0.000 / 0.000         0.000 / 0.000         0.000 / 0.000         0.000 / 0.000       ms
[60.038s][info][gc,stats    ]       Phase: Concurrent Process Non-Strong References      1.590 / 1.728         1.680 / 3.379         1.680 / 3.379         1.680 / 3.379       ms
[60.038s][info][gc,stats    ]       Phase: Concurrent Relocate                          15.988 / 31.120       17.002 / 40.994       17.002 / 40.994       17.002 / 40.994      ms
[60.038s][info][gc,stats    ]       Phase: Concurrent Reset Relocation Set               0.479 / 1.393         0.476 / 1.503         0.476 / 1.503         0.476 / 1.503       ms
[60.038s][info][gc,stats    ]       Phase: Concurrent Select Relocation Set              3.454 / 6.291         3.493 / 7.978         3.493 / 7.978         3.493 / 7.978       ms
[60.038s][info][gc,stats    ]       Phase: Pause Mark End                                0.255 / 0.344         0.279 / 0.459         0.279 / 0.459         0.279 / 0.459       ms
[60.038s][info][gc,stats    ]       Phase: Pause Mark Start                              0.074 / 0.117         0.075 / 0.289         0.075 / 0.289         0.075 / 0.289       ms
[60.038s][info][gc,stats    ]       Phase: Pause Relocate Start                          0.073 / 0.102         0.075 / 0.152         0.075 / 0.152         0.075 / 0.152       ms
[60.038s][info][gc,stats    ]    Subphase: Concurrent Classes Purge                      0.091 / 0.119         0.087 / 0.200         0.087 / 0.200         0.087 / 0.200       ms
[60.038s][info][gc,stats    ]    Subphase: Concurrent Classes Unlink                     1.181 / 1.236         1.229 / 2.988         1.229 / 2.988         1.229 / 2.988       ms
[60.038s][info][gc,stats    ]    Subphase: Concurrent Mark                              36.095 / 42.409       42.927 / 106.127      42.927 / 106.127      42.927 / 106.127     ms
[60.038s][info][gc,stats    ]    Subphase: Concurrent Mark Idle                          0.000 / 0.000         0.000 / 0.000         0.000 / 0.000         0.000 / 0.000       ms
[60.038s][info][gc,stats    ]    Subphase: Concurrent Mark Try Flush                     0.071 / 0.107         0.070 / 0.160         0.070 / 0.160         0.070 / 0.160       ms
[60.038s][info][gc,stats    ]    Subphase: Concurrent Mark Try Terminate                 0.033 / 0.095         0.031 / 0.107         0.031 / 0.107         0.031 / 0.107       ms
[60.038s][info][gc,stats    ]    Subphase: Concurrent References Enqueue                 0.000 / 0.000         0.000 / 0.002         0.000 / 0.002         0.000 / 0.002       ms
[60.038s][info][gc,stats    ]    Subphase: Concurrent References Process                 0.062 / 0.097         0.058 / 0.131         0.058 / 0.131         0.058 / 0.131       ms
[60.038s][info][gc,stats    ]    Subphase: Concurrent Roots                              0.041 / 0.051         0.058 / 0.196         0.058 / 0.196         0.058 / 0.196       ms
[60.038s][info][gc,stats    ]    Subphase: Concurrent Roots ClassLoaderDataGraph         0.037 / 0.046         0.053 / 0.184         0.053 / 0.184         0.053 / 0.184       ms
[60.038s][info][gc,stats    ]    Subphase: Concurrent Roots JNIHandles                   0.002 / 0.002         0.003 / 0.009         0.003 / 0.009         0.003 / 0.009       ms
[60.038s][info][gc,stats    ]    Subphase: Concurrent Roots Setup                        0.002 / 0.003         0.003 / 0.008         0.003 / 0.008         0.003 / 0.008       ms
[60.038s][info][gc,stats    ]    Subphase: Concurrent Roots Teardown                     0.000 / 0.000         0.000 / 0.000         0.000 / 0.000         0.000 / 0.000       ms
[60.038s][info][gc,stats    ]    Subphase: Concurrent Roots VMHandles                    0.002 / 0.002         0.002 / 0.007         0.002 / 0.007         0.002 / 0.007       ms
[60.038s][info][gc,stats    ]    Subphase: Concurrent Weak Roots                         0.148 / 0.160         0.195 / 0.433         0.195 / 0.433         0.195 / 0.433       ms
[60.038s][info][gc,stats    ]    Subphase: Concurrent Weak Roots JNIWeakHandles          0.000 / 0.001         0.000 / 0.001         0.000 / 0.001         0.000 / 0.001       ms
[60.038s][info][gc,stats    ]    Subphase: Concurrent Weak Roots ResolvedMethodTable     0.006 / 0.006         0.007 / 0.018         0.007 / 0.018         0.007 / 0.018       ms
[60.038s][info][gc,stats    ]    Subphase: Concurrent Weak Roots StringTable             0.139 / 0.151         0.184 / 0.416         0.184 / 0.416         0.184 / 0.416       ms
[60.038s][info][gc,stats    ]    Subphase: Concurrent Weak Roots VMWeakHandles           0.002 / 0.003         0.002 / 0.010         0.002 / 0.010         0.002 / 0.010       ms
[60.038s][info][gc,stats    ]    Subphase: Pause Mark Try Complete                       0.132 / 0.141         0.161 / 0.348         0.161 / 0.348         0.161 / 0.348       ms
[60.038s][info][gc,stats    ]    Subphase: Pause Roots                                   0.012 / 0.052         0.013 / 0.246         0.013 / 0.246         0.013 / 0.246       ms
[60.038s][info][gc,stats    ]    Subphase: Pause Roots CodeCache                         0.000 / 0.000         0.000 / 0.000         0.000 / 0.000         0.000 / 0.000       ms
[60.038s][info][gc,stats    ]    Subphase: Pause Roots JVMTIExport                       0.001 / 0.001         0.001 / 0.004         0.001 / 0.004         0.001 / 0.004       ms
[60.038s][info][gc,stats    ]    Subphase: Pause Roots JVMTIWeakExport                   0.001 / 0.001         0.001 / 0.001         0.001 / 0.001         0.001 / 0.001       ms
[60.038s][info][gc,stats    ]    Subphase: Pause Roots Java Threads                      0.017 / 0.048         0.019 / 0.246         0.019 / 0.246         0.019 / 0.246       ms
[60.038s][info][gc,stats    ]    Subphase: Pause Roots Management                        0.001 / 0.001         0.001 / 0.004         0.001 / 0.004         0.001 / 0.004       ms
[60.038s][info][gc,stats    ]    Subphase: Pause Roots ObjectSynchronizer                0.000 / 0.001         0.000 / 0.022         0.000 / 0.022         0.000 / 0.022       ms
[60.038s][info][gc,stats    ]    Subphase: Pause Roots Setup                             0.000 / 0.001         0.000 / 0.001         0.000 / 0.001         0.000 / 0.001       ms
[60.038s][info][gc,stats    ]    Subphase: Pause Roots Teardown                          0.000 / 0.001         0.000 / 0.002         0.000 / 0.002         0.000 / 0.002       ms
[60.038s][info][gc,stats    ]    Subphase: Pause Roots Universe                          0.001 / 0.002         0.002 / 0.015         0.002 / 0.015         0.002 / 0.015       ms
[60.038s][info][gc,stats    ]    Subphase: Pause Roots VM Thread                         0.001 / 0.001         0.001 / 0.003         0.001 / 0.003         0.001 / 0.003       ms
[60.038s][info][gc,stats    ]    Subphase: Pause Weak Roots                              0.003 / 0.016         0.003 / 0.086         0.003 / 0.086         0.003 / 0.086       ms
[60.038s][info][gc,stats    ]    Subphase: Pause Weak Roots JFRWeak                      0.012 / 0.015         0.013 / 0.082         0.013 / 0.082         0.013 / 0.082       ms
[60.038s][info][gc,stats    ]    Subphase: Pause Weak Roots JVMTIWeakExport              0.001 / 0.001         0.001 / 0.003         0.001 / 0.003         0.001 / 0.003       ms
[60.038s][info][gc,stats    ]    Subphase: Pause Weak Roots Setup                        0.000 / 0.000         0.000 / 0.001         0.000 / 0.001         0.000 / 0.001       ms
[60.038s][info][gc,stats    ]    Subphase: Pause Weak Roots Teardown                     0.000 / 0.000         0.000 / 0.000         0.000 / 0.000         0.000 / 0.000       ms
[60.038s][info][gc,stats    ]      System: Java Threads                                     14 / 14               14 / 15               14 / 15               14 / 15          threads
[60.038s][info][gc,stats    ] =========================================================================================================================================================
[60.338s][info][gc,start    ] GC(111) Garbage Collection (Allocation Rate)
[60.338s][info][gc,phases   ] GC(111) Pause Mark Start 0.048ms
[60.367s][info][gc,phases   ] GC(111) Concurrent Mark 28.582ms
[60.367s][info][gc,phases   ] GC(111) Pause Mark End 0.230ms
[60.369s][info][gc,phases   ] GC(111) Concurrent Process Non-Strong References 1.491ms
[60.370s][info][gc,phases   ] GC(111) Concurrent Reset Relocation Set 0.759ms
[60.371s][info][gc,phases   ] GC(111) Concurrent Select Relocation Set 1.634ms
[60.372s][info][gc,phases   ] GC(111) Pause Relocate Start 0.060ms
[60.372s][info][gc,phases   ] GC(111) Concurrent Relocate 0.483ms
[60.372s][info][gc,load     ] GC(111) Load: 0.00/0.00/0.00
[60.372s][info][gc,mmu      ] GC(111) MMU: 2ms/77.0%, 5ms/89.5%, 10ms/94.4%, 20ms/97.2%, 50ms/98.7%, 100ms/99.4%
[60.372s][info][gc,marking  ] GC(111) Mark: 1 stripe(s), 2 proactive flush(es), 1 terminate flush(es), 1 completion(s), 0 continuation(s) 
[60.372s][info][gc,nmethod  ] GC(111) NMethods: 1471 registered, 0 unregistered
[60.372s][info][gc,metaspace] GC(111) Metaspace: 4M used, 4M capacity, 4M committed, 1032M reserved
[60.372s][info][gc,ref      ] GC(111) Soft: 261 encountered, 0 discovered, 0 enqueued
[60.372s][info][gc,ref      ] GC(111) Weak: 280 encountered, 229 discovered, 0 enqueued
[60.372s][info][gc,ref      ] GC(111) Final: 1 encountered, 0 discovered, 0 enqueued
[60.372s][info][gc,ref      ] GC(111) Phantom: 39 encountered, 30 discovered, 0 enqueued
[60.372s][info][gc,reloc    ] GC(111) Small Pages: 1227 / 2454M(100%), Empty: 2404M(98%), Compacting: 10M(0%)->2M(0%)
[60.372s][info][gc,reloc    ] GC(111) Medium Pages: 0 / 0M(0%), Empty: 0M(0%), Compacting: 0M(0%)->0M(0%)
[60.372s][info][gc,reloc    ] GC(111) Large Pages: 1 / 8M(0%), Empty: 0M(0%), Compacting: 0M(0%)->0M(0%)
[60.372s][info][gc,reloc    ] GC(111) Relocation: Successful
[60.372s][info][gc,heap     ] GC(111) Min Capacity: 42M(1%)
[60.372s][info][gc,heap     ] GC(111) Max Capacity: 4060M(100%)
[60.372s][info][gc,heap     ] GC(111) Soft Max Capacity: 4060M(100%)
[60.372s][info][gc,heap     ] GC(111)                Mark Start          Mark End        Relocate Start      Relocate End           High               Low         
[60.372s][info][gc,heap     ] GC(111)  Capacity:     3156M (78%)        3156M (78%)        3156M (78%)        3156M (78%)        3156M (78%)        3156M (78%)    
[60.372s][info][gc,heap     ] GC(111)   Reserve:       42M (1%)           42M (1%)           42M (1%)           42M (1%)           42M (1%)           42M (1%)     
[60.372s][info][gc,heap     ] GC(111)      Free:     1556M (38%)        1422M (35%)        3806M (94%)        3810M (94%)        3814M (94%)        1410M (35%)    
[60.372s][info][gc,heap     ] GC(111)      Used:     2462M (61%)        2596M (64%)         212M (5%)          208M (5%)         2608M (64%)         204M (5%)     
[60.372s][info][gc,heap     ] GC(111)      Live:         -                42M (1%)           42M (1%)           42M (1%)             -                  -          
[60.372s][info][gc,heap     ] GC(111) Allocated:         -               134M (3%)          154M (4%)          160M (4%)             -                  -          
[60.372s][info][gc,heap     ] GC(111)   Garbage:         -              2419M (60%)          15M (0%)            9M (0%)             -                  -          
[60.372s][info][gc,heap     ] GC(111) Reclaimed:         -                  -              2404M (59%)        2410M (59%)            -                  -          
[60.372s][info][gc          ] GC(111) Garbage Collection (Allocation Rate) 2462M(61%)->208M(5%)
[60.837s][info][gc,start    ] GC(112) Garbage Collection (Allocation Rate)
[60.838s][info][gc,phases   ] GC(112) Pause Mark Start 0.069ms
[60.874s][info][gc,phases   ] GC(112) Concurrent Mark 35.919ms
[60.874s][info][gc,phases   ] GC(112) Pause Mark End 0.236ms
[60.876s][info][gc,phases   ] GC(112) Concurrent Process Non-Strong References 1.621ms
[60.876s][info][gc,phases   ] GC(112) Concurrent Reset Relocation Set 0.022ms
[60.877s][info][gc,phases   ] GC(112) Concurrent Select Relocation Set 1.770ms
[60.878s][info][gc,phases   ] GC(112) Pause Relocate Start 0.060ms
[60.878s][info][gc,phases   ] GC(112) Concurrent Relocate 0.736ms
[60.878s][info][gc,load     ] GC(112) Load: 0.00/0.00/0.00
[60.878s][info][gc,mmu      ] GC(112) MMU: 2ms/77.0%, 5ms/89.5%, 10ms/94.4%, 20ms/97.2%, 50ms/98.7%, 100ms/99.4%
[60.878s][info][gc,marking  ] GC(112) Mark: 1 stripe(s), 2 proactive flush(es), 1 terminate flush(es), 1 completion(s), 0 continuation(s) 
[60.879s][info][gc,nmethod  ] GC(112) NMethods: 1471 registered, 0 unregistered
[60.879s][info][gc,metaspace] GC(112) Metaspace: 4M used, 4M capacity, 4M committed, 1032M reserved
[60.879s][info][gc,ref      ] GC(112) Soft: 261 encountered, 0 discovered, 0 enqueued
[60.879s][info][gc,ref      ] GC(112) Weak: 280 encountered, 229 discovered, 0 enqueued
[60.879s][info][gc,ref      ] GC(112) Final: 1 encountered, 0 discovered, 0 enqueued
[60.879s][info][gc,ref      ] GC(112) Phantom: 39 encountered, 30 discovered, 0 enqueued
[60.879s][info][gc,reloc    ] GC(112) Small Pages: 1212 / 2424M(100%), Empty: 2356M(97%), Compacting: 8M(0%)->2M(0%)
[60.879s][info][gc,reloc    ] GC(112) Medium Pages: 0 / 0M(0%), Empty: 0M(0%), Compacting: 0M(0%)->0M(0%)
[60.879s][info][gc,reloc    ] GC(112) Large Pages: 1 / 8M(0%), Empty: 0M(0%), Compacting: 0M(0%)->0M(0%)
[60.879s][info][gc,reloc    ] GC(112) Relocation: Successful
[60.879s][info][gc,heap     ] GC(112) Min Capacity: 42M(1%)
[60.879s][info][gc,heap     ] GC(112) Max Capacity: 4060M(100%)
[60.879s][info][gc,heap     ] GC(112) Soft Max Capacity: 4060M(100%)
[60.879s][info][gc,heap     ] GC(112)                Mark Start          Mark End        Relocate Start      Relocate End           High               Low         
[60.879s][info][gc,heap     ] GC(112)  Capacity:     3156M (78%)        3156M (78%)        3156M (78%)        3156M (78%)        3156M (78%)        3156M (78%)    
[60.879s][info][gc,heap     ] GC(112)   Reserve:       42M (1%)           42M (1%)           42M (1%)           42M (1%)           42M (1%)           42M (1%)     
[60.879s][info][gc,heap     ] GC(112)      Free:     1586M (39%)        1414M (35%)        3752M (92%)        3754M (92%)        3760M (93%)        1406M (35%)    
[60.879s][info][gc,heap     ] GC(112)      Used:     2432M (60%)        2604M (64%)         266M (7%)          264M (7%)         2612M (64%)         258M (6%)     
[60.879s][info][gc,heap     ] GC(112)      Live:         -                61M (2%)           61M (2%)           61M (2%)             -                  -          
[60.879s][info][gc,heap     ] GC(112) Allocated:         -               172M (4%)          190M (5%)          196M (5%)             -                  -          
[60.879s][info][gc,heap     ] GC(112)   Garbage:         -              2370M (58%)          14M (0%)           10M (0%)             -                  -          
[60.879s][info][gc,heap     ] GC(112) Reclaimed:         -                  -              2356M (58%)        2360M (58%)            -                  -          
[60.879s][info][gc          ] GC(112) Garbage Collection (Allocation Rate) 2432M(60%)->264M(7%)
[61.438s][info][gc,start    ] GC(113) Garbage Collection (Allocation Rate)
[61.438s][info][gc,phases   ] GC(113) Pause Mark Start 0.060ms
[61.480s][info][gc,phases   ] GC(113) Concurrent Mark 41.620ms
[61.480s][info][gc,phases   ] GC(113) Pause Mark End 0.176ms
[61.482s][info][gc,phases   ] GC(113) Concurrent Process Non-Strong References 1.491ms
[61.482s][info][gc,phases   ] GC(113) Concurrent Reset Relocation Set 0.013ms
[61.483s][info][gc,phases   ] GC(113) Concurrent Select Relocation Set 1.729ms
[61.484s][info][gc,phases   ] GC(113) Pause Relocate Start 0.054ms
[61.486s][info][gc,phases   ] GC(113) Concurrent Relocate 2.413ms
[61.486s][info][gc,load     ] GC(113) Load: 0.00/0.00/0.00
[61.486s][info][gc,mmu      ] GC(113) MMU: 2ms/77.0%, 5ms/89.5%, 10ms/94.4%, 20ms/97.2%, 50ms/98.7%, 100ms/99.4%
[61.486s][info][gc,marking  ] GC(113) Mark: 1 stripe(s), 2 proactive flush(es), 1 terminate flush(es), 1 completion(s), 0 continuation(s) 
[61.486s][info][gc,nmethod  ] GC(113) NMethods: 1471 registered, 0 unregistered
[61.486s][info][gc,metaspace] GC(113) Metaspace: 4M used, 4M capacity, 4M committed, 1032M reserved
[61.486s][info][gc,ref      ] GC(113) Soft: 261 encountered, 0 discovered, 0 enqueued
[61.486s][info][gc,ref      ] GC(113) Weak: 280 encountered, 229 discovered, 0 enqueued
[61.486s][info][gc,ref      ] GC(113) Final: 1 encountered, 0 discovered, 0 enqueued
[61.486s][info][gc,ref      ] GC(113) Phantom: 39 encountered, 30 discovered, 0 enqueued
[61.486s][info][gc,reloc    ] GC(113) Small Pages: 1471 / 2942M(100%), Empty: 2856M(97%), Compacting: 14M(0%)->4M(0%)
[61.486s][info][gc,reloc    ] GC(113) Medium Pages: 0 / 0M(0%), Empty: 0M(0%), Compacting: 0M(0%)->0M(0%)
[61.486s][info][gc,reloc    ] GC(113) Large Pages: 1 / 8M(0%), Empty: 0M(0%), Compacting: 0M(0%)->0M(0%)
[61.486s][info][gc,reloc    ] GC(113) Relocation: Successful
[61.486s][info][gc,heap     ] GC(113) Min Capacity: 42M(1%)
[61.486s][info][gc,heap     ] GC(113) Max Capacity: 4060M(100%)
[61.486s][info][gc,heap     ] GC(113) Soft Max Capacity: 4060M(100%)
[61.486s][info][gc,heap     ] GC(113)                Mark Start          Mark End        Relocate Start      Relocate End           High               Low         
[61.486s][info][gc,heap     ] GC(113)  Capacity:     3156M (78%)        3170M (78%)        3174M (78%)        3174M (78%)        3174M (78%)        3156M (78%)    
[61.486s][info][gc,heap     ] GC(113)   Reserve:       42M (1%)           42M (1%)           42M (1%)           42M (1%)           42M (1%)           42M (1%)     
[61.486s][info][gc,heap     ] GC(113)      Free:     1068M (26%)         890M (22%)        3736M (92%)        3732M (92%)        3742M (92%)         886M (22%)    
[61.486s][info][gc,heap     ] GC(113)      Used:     2950M (73%)        3128M (77%)         282M (7%)          286M (7%)         3132M (77%)         276M (7%)     
[61.486s][info][gc,heap     ] GC(113)      Live:         -                73M (2%)           73M (2%)           73M (2%)             -                  -          
[61.486s][info][gc,heap     ] GC(113) Allocated:         -               178M (4%)          188M (5%)          206M (5%)             -                  -          
[61.486s][info][gc,heap     ] GC(113)   Garbage:         -              2876M (71%)          20M (1%)           12M (0%)             -                  -          
[61.486s][info][gc,heap     ] GC(113) Reclaimed:         -                  -              2856M (70%)        2864M (71%)            -                  -          
[61.486s][info][gc          ] GC(113) Garbage Collection (Allocation Rate) 2950M(73%)->286M(7%)
[62.038s][info][gc,start    ] GC(114) Garbage Collection (Allocation Rate)
[62.038s][info][gc,phases   ] GC(114) Pause Mark Start 0.068ms
[62.073s][info][gc,phases   ] GC(114) Concurrent Mark 34.352ms
[62.073s][info][gc,phases   ] GC(114) Pause Mark End 0.190ms
[62.075s][info][gc,phases   ] GC(114) Concurrent Process Non-Strong References 1.500ms
[62.075s][info][gc,phases   ] GC(114) Concurrent Reset Relocation Set 0.026ms
[62.076s][info][gc,phases   ] GC(114) Concurrent Select Relocation Set 1.646ms
[62.077s][info][gc,phases   ] GC(114) Pause Relocate Start 0.069ms
[62.078s][info][gc,phases   ] GC(114) Concurrent Relocate 1.181ms
[62.078s][info][gc,load     ] GC(114) Load: 0.00/0.00/0.00
[62.078s][info][gc,mmu      ] GC(114) MMU: 2ms/77.0%, 5ms/89.5%, 10ms/94.4%, 20ms/97.2%, 50ms/98.7%, 100ms/99.4%
[62.078s][info][gc,marking  ] GC(114) Mark: 1 stripe(s), 2 proactive flush(es), 1 terminate flush(es), 1 completion(s), 0 continuation(s) 
[62.078s][info][gc,nmethod  ] GC(114) NMethods: 1471 registered, 0 unregistered
[62.078s][info][gc,metaspace] GC(114) Metaspace: 4M used, 4M capacity, 4M committed, 1032M reserved
[62.078s][info][gc,ref      ] GC(114) Soft: 261 encountered, 0 discovered, 0 enqueued
[62.078s][info][gc,ref      ] GC(114) Weak: 280 encountered, 229 discovered, 0 enqueued
[62.078s][info][gc,ref      ] GC(114) Final: 1 encountered, 0 discovered, 0 enqueued
[62.078s][info][gc,ref      ] GC(114) Phantom: 39 encountered, 30 discovered, 0 enqueued
[62.078s][info][gc,reloc    ] GC(114) Small Pages: 1461 / 2922M(100%), Empty: 2856M(97%), Compacting: 10M(0%)->2M(0%)
[62.078s][info][gc,reloc    ] GC(114) Medium Pages: 0 / 0M(0%), Empty: 0M(0%), Compacting: 0M(0%)->0M(0%)
[62.078s][info][gc,reloc    ] GC(114) Large Pages: 1 / 8M(0%), Empty: 0M(0%), Compacting: 0M(0%)->0M(0%)
[62.078s][info][gc,reloc    ] GC(114) Relocation: Successful
[62.078s][info][gc,heap     ] GC(114) Min Capacity: 42M(1%)
[62.078s][info][gc,heap     ] GC(114) Max Capacity: 4060M(100%)
[62.078s][info][gc,heap     ] GC(114) Soft Max Capacity: 4060M(100%)
[62.078s][info][gc,heap     ] GC(114)                Mark Start          Mark End        Relocate Start      Relocate End           High               Low         
[62.078s][info][gc,heap     ] GC(114)  Capacity:     3174M (78%)        3174M (78%)        3174M (78%)        3174M (78%)        3174M (78%)        3174M (78%)    
[62.078s][info][gc,heap     ] GC(114)   Reserve:       42M (1%)           42M (1%)           42M (1%)           42M (1%)           42M (1%)           42M (1%)     
[62.078s][info][gc,heap     ] GC(114)      Free:     1088M (27%)         922M (23%)        3766M (93%)        3766M (93%)        3770M (93%)         914M (23%)    
[62.078s][info][gc,heap     ] GC(114)      Used:     2930M (72%)        3096M (76%)         252M (6%)          252M (6%)         3104M (76%)         248M (6%)     
[62.078s][info][gc,heap     ] GC(114)      Live:         -                58M (1%)           58M (1%)           58M (1%)             -                  -          
[62.078s][info][gc,heap     ] GC(114) Allocated:         -               166M (4%)          178M (4%)          188M (5%)             -                  -          
[62.078s][info][gc,heap     ] GC(114)   Garbage:         -              2871M (71%)          15M (0%)            9M (0%)             -                  -          
[62.078s][info][gc,heap     ] GC(114) Reclaimed:         -                  -              2856M (70%)        2862M (70%)            -                  -          
[62.078s][info][gc          ] GC(114) Garbage Collection (Allocation Rate) 2930M(72%)->252M(6%)
[62.639s][info][gc,start    ] GC(115) Garbage Collection (Allocation Rate)
[62.639s][info][gc,phases   ] GC(115) Pause Mark Start 0.066ms
[62.677s][info][gc,phases   ] GC(115) Concurrent Mark 38.588ms
[62.678s][info][gc,phases   ] GC(115) Pause Mark End 0.208ms
[62.679s][info][gc,phases   ] GC(115) Concurrent Process Non-Strong References 1.571ms
[62.679s][info][gc,phases   ] GC(115) Concurrent Reset Relocation Set 0.025ms
[62.683s][info][gc,phases   ] GC(115) Concurrent Select Relocation Set 3.670ms
[62.683s][info][gc,phases   ] GC(115) Pause Relocate Start 0.065ms
[62.703s][info][gc,phases   ] GC(115) Concurrent Relocate 19.706ms
[62.703s][info][gc,load     ] GC(115) Load: 0.00/0.00/0.00
[62.703s][info][gc,mmu      ] GC(115) MMU: 2ms/77.0%, 5ms/89.5%, 10ms/94.4%, 20ms/97.2%, 50ms/98.7%, 100ms/99.4%
[62.703s][info][gc,marking  ] GC(115) Mark: 1 stripe(s), 2 proactive flush(es), 1 terminate flush(es), 1 completion(s), 0 continuation(s) 
[62.703s][info][gc,nmethod  ] GC(115) NMethods: 1471 registered, 0 unregistered
[62.703s][info][gc,metaspace] GC(115) Metaspace: 4M used, 4M capacity, 4M committed, 1032M reserved
[62.703s][info][gc,ref      ] GC(115) Soft: 261 encountered, 0 discovered, 0 enqueued
[62.703s][info][gc,ref      ] GC(115) Weak: 280 encountered, 229 discovered, 0 enqueued
[62.703s][info][gc,ref      ] GC(115) Final: 1 encountered, 0 discovered, 0 enqueued
[62.703s][info][gc,ref      ] GC(115) Phantom: 39 encountered, 30 discovered, 0 enqueued
[62.703s][info][gc,reloc    ] GC(115) Small Pages: 1409 / 2818M(100%), Empty: 2690M(95%), Compacting: 98M(3%)->34M(1%)
[62.703s][info][gc,reloc    ] GC(115) Medium Pages: 0 / 0M(0%), Empty: 0M(0%), Compacting: 0M(0%)->0M(0%)
[62.703s][info][gc,reloc    ] GC(115) Large Pages: 1 / 8M(0%), Empty: 0M(0%), Compacting: 0M(0%)->0M(0%)
[62.703s][info][gc,reloc    ] GC(115) Relocation: Successful
[62.703s][info][gc,heap     ] GC(115) Min Capacity: 42M(1%)
[62.703s][info][gc,heap     ] GC(115) Max Capacity: 4060M(100%)
[62.703s][info][gc,heap     ] GC(115) Soft Max Capacity: 4060M(100%)
[62.703s][info][gc,heap     ] GC(115)                Mark Start          Mark End        Relocate Start      Relocate End           High               Low         
[62.703s][info][gc,heap     ] GC(115)  Capacity:     3174M (78%)        3174M (78%)        3174M (78%)        3174M (78%)        3174M (78%)        3174M (78%)    
[62.703s][info][gc,heap     ] GC(115)   Reserve:       42M (1%)           42M (1%)           42M (1%)           42M (1%)           42M (1%)           42M (1%)     
[62.703s][info][gc,heap     ] GC(115)      Free:     1192M (29%)        1008M (25%)        3674M (90%)        3648M (90%)        3690M (91%)        1000M (25%)    
[62.703s][info][gc,heap     ] GC(115)      Used:     2826M (70%)        3010M (74%)         344M (8%)          370M (9%)         3018M (74%)         328M (8%)     
[62.703s][info][gc,heap     ] GC(115)      Live:         -                63M (2%)           63M (2%)           63M (2%)             -                  -          
[62.703s][info][gc,heap     ] GC(115) Allocated:         -               184M (5%)          208M (5%)          332M (8%)             -                  -          
[62.703s][info][gc,heap     ] GC(115)   Garbage:         -              2762M (68%)          72M (2%)            8M (0%)             -                  -          
[62.703s][info][gc,heap     ] GC(115) Reclaimed:         -                  -              2690M (66%)        2754M (68%)            -                  -          
[62.703s][info][gc          ] GC(115) Garbage Collection (Allocation Rate) 2826M(70%)->370M(9%)
[63.139s][info][gc,start    ] GC(116) Garbage Collection (Allocation Rate)
[63.139s][info][gc,phases   ] GC(116) Pause Mark Start 0.067ms
[63.177s][info][gc,phases   ] GC(116) Concurrent Mark 38.215ms
[63.177s][info][gc,phases   ] GC(116) Pause Mark End 0.211ms
[63.179s][info][gc,phases   ] GC(116) Concurrent Process Non-Strong References 1.533ms
[63.180s][info][gc,phases   ] GC(116) Concurrent Reset Relocation Set 1.051ms
[63.186s][info][gc,phases   ] GC(116) Concurrent Select Relocation Set 5.897ms
[63.186s][info][gc,phases   ] GC(116) Pause Relocate Start 0.064ms
[63.220s][info][gc,phases   ] GC(116) Concurrent Relocate 33.916ms
[63.220s][info][gc,load     ] GC(116) Load: 0.00/0.00/0.00
[63.220s][info][gc,mmu      ] GC(116) MMU: 2ms/77.0%, 5ms/89.5%, 10ms/94.4%, 20ms/97.2%, 50ms/98.7%, 100ms/99.4%
[63.220s][info][gc,marking  ] GC(116) Mark: 1 stripe(s), 2 proactive flush(es), 1 terminate flush(es), 1 completion(s), 0 continuation(s) 
[63.220s][info][gc,nmethod  ] GC(116) NMethods: 1471 registered, 0 unregistered
[63.220s][info][gc,metaspace] GC(116) Metaspace: 4M used, 4M capacity, 4M committed, 1032M reserved
[63.220s][info][gc,ref      ] GC(116) Soft: 261 encountered, 0 discovered, 0 enqueued
[63.220s][info][gc,ref      ] GC(116) Weak: 280 encountered, 229 discovered, 0 enqueued
[63.220s][info][gc,ref      ] GC(116) Final: 1 encountered, 0 discovered, 0 enqueued
[63.220s][info][gc,ref      ] GC(116) Phantom: 39 encountered, 30 discovered, 0 enqueued
[63.220s][info][gc,reloc    ] GC(116) Small Pages: 1219 / 2438M(100%), Empty: 2290M(94%), Compacting: 136M(6%)->48M(2%)
[63.220s][info][gc,reloc    ] GC(116) Medium Pages: 0 / 0M(0%), Empty: 0M(0%), Compacting: 0M(0%)->0M(0%)
[63.220s][info][gc,reloc    ] GC(116) Large Pages: 1 / 8M(0%), Empty: 0M(0%), Compacting: 0M(0%)->0M(0%)
[63.220s][info][gc,reloc    ] GC(116) Relocation: Successful
[63.220s][info][gc,heap     ] GC(116) Min Capacity: 42M(1%)
[63.220s][info][gc,heap     ] GC(116) Max Capacity: 4060M(100%)
[63.220s][info][gc,heap     ] GC(116) Soft Max Capacity: 4060M(100%)
[63.220s][info][gc,heap     ] GC(116)                Mark Start          Mark End        Relocate Start      Relocate End           High               Low         
[63.220s][info][gc,heap     ] GC(116)  Capacity:     3174M (78%)        3174M (78%)        3174M (78%)        3174M (78%)        3174M (78%)        3174M (78%)    
[63.220s][info][gc,heap     ] GC(116)   Reserve:       42M (1%)           42M (1%)           42M (1%)           42M (1%)           42M (1%)           42M (1%)     
[63.220s][info][gc,heap     ] GC(116)      Free:     1572M (39%)        1394M (34%)        3658M (90%)        3616M (89%)        3672M (90%)        1382M (34%)    
[63.220s][info][gc,heap     ] GC(116)      Used:     2446M (60%)        2624M (65%)         360M (9%)          402M (10%)        2636M (65%)         346M (9%)     
[63.220s][info][gc,heap     ] GC(116)      Live:         -                60M (1%)           60M (1%)           60M (1%)             -                  -          
[63.220s][info][gc,heap     ] GC(116) Allocated:         -               178M (4%)          204M (5%)          382M (9%)             -                  -          
[63.220s][info][gc,heap     ] GC(116)   Garbage:         -              2385M (59%)          95M (2%)            5M (0%)             -                  -          
[63.220s][info][gc,heap     ] GC(116) Reclaimed:         -                  -              2290M (56%)        2380M (59%)            -                  -          
[63.220s][info][gc          ] GC(116) Garbage Collection (Allocation Rate) 2446M(60%)->402M(10%)
[63.639s][info][gc,start    ] GC(117) Garbage Collection (Allocation Rate)
[63.639s][info][gc,phases   ] GC(117) Pause Mark Start 0.056ms
[63.681s][info][gc,phases   ] GC(117) Concurrent Mark 42.317ms
[63.682s][info][gc,phases   ] GC(117) Pause Mark End 0.237ms
[63.683s][info][gc,phases   ] GC(117) Concurrent Process Non-Strong References 1.699ms
[63.684s][info][gc,phases   ] GC(117) Concurrent Reset Relocation Set 0.834ms
[63.686s][info][gc,phases   ] GC(117) Concurrent Select Relocation Set 1.432ms
[63.686s][info][gc,phases   ] GC(117) Pause Relocate Start 0.062ms
[63.686s][info][gc,phases   ] GC(117) Concurrent Relocate 0.272ms
[63.686s][info][gc,load     ] GC(117) Load: 0.00/0.00/0.00
[63.686s][info][gc,mmu      ] GC(117) MMU: 2ms/77.0%, 5ms/89.5%, 10ms/94.4%, 20ms/97.2%, 50ms/98.7%, 100ms/99.4%
[63.686s][info][gc,marking  ] GC(117) Mark: 1 stripe(s), 2 proactive flush(es), 1 terminate flush(es), 1 completion(s), 0 continuation(s) 
[63.686s][info][gc,nmethod  ] GC(117) NMethods: 1471 registered, 0 unregistered
[63.686s][info][gc,metaspace] GC(117) Metaspace: 4M used, 4M capacity, 4M committed, 1032M reserved
[63.686s][info][gc,ref      ] GC(117) Soft: 261 encountered, 0 discovered, 0 enqueued
[63.686s][info][gc,ref      ] GC(117) Weak: 280 encountered, 229 discovered, 0 enqueued
[63.686s][info][gc,ref      ] GC(117) Final: 1 encountered, 0 discovered, 0 enqueued
[63.686s][info][gc,ref      ] GC(117) Phantom: 39 encountered, 30 discovered, 0 enqueued
[63.686s][info][gc,reloc    ] GC(117) Small Pages: 1172 / 2344M(100%), Empty: 2266M(96%), Compacting: 10M(0%)->2M(0%)
[63.686s][info][gc,reloc    ] GC(117) Medium Pages: 0 / 0M(0%), Empty: 0M(0%), Compacting: 0M(0%)->0M(0%)
[63.686s][info][gc,reloc    ] GC(117) Large Pages: 1 / 8M(0%), Empty: 0M(0%), Compacting: 0M(0%)->0M(0%)
[63.686s][info][gc,reloc    ] GC(117) Relocation: Successful
[63.686s][info][gc,heap     ] GC(117) Min Capacity: 42M(1%)
[63.686s][info][gc,heap     ] GC(117) Max Capacity: 4060M(100%)
[63.686s][info][gc,heap     ] GC(117) Soft Max Capacity: 4060M(100%)
[63.686s][info][gc,heap     ] GC(117)                Mark Start          Mark End        Relocate Start      Relocate End           High               Low         
[63.686s][info][gc,heap     ] GC(117)  Capacity:     3174M (78%)        3174M (78%)        3174M (78%)        3174M (78%)        3174M (78%)        3174M (78%)    
[63.686s][info][gc,heap     ] GC(117)   Reserve:       42M (1%)           42M (1%)           42M (1%)           42M (1%)           42M (1%)           42M (1%)     
[63.686s][info][gc,heap     ] GC(117)      Free:     1666M (41%)        1474M (36%)        3722M (92%)        3728M (92%)        3728M (92%)        1462M (36%)    
[63.686s][info][gc,heap     ] GC(117)      Used:     2352M (58%)        2544M (63%)         296M (7%)          290M (7%)         2556M (63%)         290M (7%)     
[63.686s][info][gc,heap     ] GC(117)      Live:         -                67M (2%)           67M (2%)           67M (2%)             -                  -          
[63.686s][info][gc,heap     ] GC(117) Allocated:         -               192M (5%)          210M (5%)          214M (5%)             -                  -          
[63.686s][info][gc,heap     ] GC(117)   Garbage:         -              2284M (56%)          18M (0%)           12M (0%)             -                  -          
[63.686s][info][gc,heap     ] GC(117) Reclaimed:         -                  -              2266M (56%)        2272M (56%)            -                  -          
[63.686s][info][gc          ] GC(117) Garbage Collection (Allocation Rate) 2352M(58%)->290M(7%)
[64.138s][info][gc,start    ] GC(118) Garbage Collection (Allocation Rate)
[64.139s][info][gc,phases   ] GC(118) Pause Mark Start 0.054ms
[64.173s][info][gc,phases   ] GC(118) Concurrent Mark 33.908ms
[64.173s][info][gc,phases   ] GC(118) Pause Mark End 0.295ms
[64.175s][info][gc,phases   ] GC(118) Concurrent Process Non-Strong References 1.722ms
[64.175s][info][gc,phases   ] GC(118) Concurrent Reset Relocation Set 0.020ms
[64.176s][info][gc,phases   ] GC(118) Concurrent Select Relocation Set 1.586ms
[64.177s][info][gc,phases   ] GC(118) Pause Relocate Start 0.075ms
[64.177s][info][gc,phases   ] GC(118) Concurrent Relocate 0.599ms
[64.177s][info][gc,load     ] GC(118) Load: 0.00/0.00/0.00
[64.177s][info][gc,mmu      ] GC(118) MMU: 2ms/77.0%, 5ms/89.5%, 10ms/94.4%, 20ms/97.2%, 50ms/98.7%, 100ms/99.4%
[64.177s][info][gc,marking  ] GC(118) Mark: 1 stripe(s), 2 proactive flush(es), 1 terminate flush(es), 1 completion(s), 0 continuation(s) 
[64.177s][info][gc,nmethod  ] GC(118) NMethods: 1471 registered, 0 unregistered
[64.177s][info][gc,metaspace] GC(118) Metaspace: 4M used, 4M capacity, 4M committed, 1032M reserved
[64.177s][info][gc,ref      ] GC(118) Soft: 261 encountered, 0 discovered, 0 enqueued
[64.177s][info][gc,ref      ] GC(118) Weak: 280 encountered, 229 discovered, 0 enqueued
[64.177s][info][gc,ref      ] GC(118) Final: 1 encountered, 0 discovered, 0 enqueued
[64.177s][info][gc,ref      ] GC(118) Phantom: 39 encountered, 30 discovered, 0 enqueued
[64.177s][info][gc,reloc    ] GC(118) Small Pages: 1208 / 2416M(100%), Empty: 2352M(97%), Compacting: 8M(0%)->2M(0%)
[64.177s][info][gc,reloc    ] GC(118) Medium Pages: 0 / 0M(0%), Empty: 0M(0%), Compacting: 0M(0%)->0M(0%)
[64.177s][info][gc,reloc    ] GC(118) Large Pages: 1 / 8M(0%), Empty: 0M(0%), Compacting: 0M(0%)->0M(0%)
[64.177s][info][gc,reloc    ] GC(118) Relocation: Successful
[64.177s][info][gc,heap     ] GC(118) Min Capacity: 42M(1%)
[64.177s][info][gc,heap     ] GC(118) Max Capacity: 4060M(100%)
[64.178s][info][gc,heap     ] GC(118) Soft Max Capacity: 4060M(100%)
[64.178s][info][gc,heap     ] GC(118)                Mark Start          Mark End        Relocate Start      Relocate End           High               Low         
[64.178s][info][gc,heap     ] GC(118)  Capacity:     3174M (78%)        3174M (78%)        3174M (78%)        3174M (78%)        3174M (78%)        3174M (78%)    
[64.178s][info][gc,heap     ] GC(118)   Reserve:       42M (1%)           42M (1%)           42M (1%)           42M (1%)           42M (1%)           42M (1%)     
[64.178s][info][gc,heap     ] GC(118)      Free:     1594M (39%)        1430M (35%)        3768M (93%)        3766M (93%)        3774M (93%)        1422M (35%)    
[64.178s][info][gc,heap     ] GC(118)      Used:     2424M (60%)        2588M (64%)         250M (6%)          252M (6%)         2596M (64%)         244M (6%)     
[64.178s][info][gc,heap     ] GC(118)      Live:         -                56M (1%)           56M (1%)           56M (1%)             -                  -          
[64.178s][info][gc,heap     ] GC(118) Allocated:         -               164M (4%)          178M (4%)          188M (5%)             -                  -          
[64.178s][info][gc,heap     ] GC(118)   Garbage:         -              2367M (58%)          15M (0%)           15M (0%)             -                  -          
[64.178s][info][gc,heap     ] GC(118) Reclaimed:         -                  -              2352M (58%)        2352M (58%)            -                  -          
[64.178s][info][gc          ] GC(118) Garbage Collection (Allocation Rate) 2424M(60%)->252M(6%)
[64.738s][info][gc,start    ] GC(119) Garbage Collection (Allocation Rate)
[64.738s][info][gc,phases   ] GC(119) Pause Mark Start 0.053ms
[64.772s][info][gc,phases   ] GC(119) Concurrent Mark 33.405ms
[64.772s][info][gc,phases   ] GC(119) Pause Mark End 0.241ms
[64.773s][info][gc,phases   ] GC(119) Concurrent Process Non-Strong References 1.547ms
[64.774s][info][gc,phases   ] GC(119) Concurrent Reset Relocation Set 0.021ms
[64.777s][info][gc,phases   ] GC(119) Concurrent Select Relocation Set 3.062ms
[64.777s][info][gc,phases   ] GC(119) Pause Relocate Start 0.088ms
[64.793s][info][gc,phases   ] GC(119) Concurrent Relocate 15.958ms
[64.793s][info][gc,load     ] GC(119) Load: 0.00/0.00/0.00
[64.793s][info][gc,mmu      ] GC(119) MMU: 2ms/77.0%, 5ms/89.5%, 10ms/94.4%, 20ms/97.2%, 50ms/98.7%, 100ms/99.4%
[64.793s][info][gc,marking  ] GC(119) Mark: 1 stripe(s), 2 proactive flush(es), 1 terminate flush(es), 1 completion(s), 0 continuation(s) 
[64.793s][info][gc,nmethod  ] GC(119) NMethods: 1471 registered, 0 unregistered
[64.793s][info][gc,metaspace] GC(119) Metaspace: 4M used, 4M capacity, 4M committed, 1032M reserved
[64.793s][info][gc,ref      ] GC(119) Soft: 261 encountered, 0 discovered, 0 enqueued
[64.793s][info][gc,ref      ] GC(119) Weak: 280 encountered, 229 discovered, 0 enqueued
[64.793s][info][gc,ref      ] GC(119) Final: 1 encountered, 0 discovered, 0 enqueued
[64.793s][info][gc,ref      ] GC(119) Phantom: 39 encountered, 30 discovered, 0 enqueued
[64.793s][info][gc,reloc    ] GC(119) Small Pages: 1448 / 2896M(100%), Empty: 2814M(97%), Compacting: 54M(2%)->18M(1%)
[64.793s][info][gc,reloc    ] GC(119) Medium Pages: 0 / 0M(0%), Empty: 0M(0%), Compacting: 0M(0%)->0M(0%)
[64.793s][info][gc,reloc    ] GC(119) Large Pages: 1 / 8M(0%), Empty: 0M(0%), Compacting: 0M(0%)->0M(0%)
[64.793s][info][gc,reloc    ] GC(119) Relocation: Successful
[64.793s][info][gc,heap     ] GC(119) Min Capacity: 42M(1%)
[64.793s][info][gc,heap     ] GC(119) Max Capacity: 4060M(100%)
[64.793s][info][gc,heap     ] GC(119) Soft Max Capacity: 4060M(100%)
[64.793s][info][gc,heap     ] GC(119)                Mark Start          Mark End        Relocate Start      Relocate End           High               Low         
[64.793s][info][gc,heap     ] GC(119)  Capacity:     3174M (78%)        3174M (78%)        3174M (78%)        3174M (78%)        3174M (78%)        3174M (78%)    
[64.793s][info][gc,heap     ] GC(119)   Reserve:       42M (1%)           42M (1%)           42M (1%)           42M (1%)           42M (1%)           42M (1%)     
[64.793s][info][gc,heap     ] GC(119)      Free:     1114M (27%)         966M (24%)        3760M (93%)        3744M (92%)        3774M (93%)         960M (24%)    
[64.793s][info][gc,heap     ] GC(119)      Used:     2904M (72%)        3052M (75%)         258M (6%)          274M (7%)         3058M (75%)         244M (6%)     
[64.793s][info][gc,heap     ] GC(119)      Live:         -                47M (1%)           47M (1%)           47M (1%)             -                  -          
[64.793s][info][gc,heap     ] GC(119) Allocated:         -               148M (4%)          168M (4%)          238M (6%)             -                  -          
[64.793s][info][gc,heap     ] GC(119)   Garbage:         -              2856M (70%)          42M (1%)            6M (0%)             -                  -          
[64.793s][info][gc,heap     ] GC(119) Reclaimed:         -                  -              2814M (69%)        2850M (70%)            -                  -          
[64.793s][info][gc          ] GC(119) Garbage Collection (Allocation Rate) 2904M(72%)->274M(7%)
[65.338s][info][gc,start    ] GC(120) Garbage Collection (Allocation Rate)
[65.338s][info][gc,phases   ] GC(120) Pause Mark Start 0.045ms
[65.378s][info][gc,phases   ] GC(120) Concurrent Mark 39.881ms
[65.379s][info][gc,phases   ] GC(120) Pause Mark End 0.185ms
[65.380s][info][gc,phases   ] GC(120) Concurrent Process Non-Strong References 1.410ms
[65.380s][info][gc,phases   ] GC(120) Concurrent Reset Relocation Set 0.047ms
[65.382s][info][gc,phases   ] GC(120) Concurrent Select Relocation Set 1.713ms
[65.382s][info][gc,phases   ] GC(120) Pause Relocate Start 0.065ms
[65.398s][info][gc,phases   ] GC(120) Concurrent Relocate 16.084ms
[65.398s][info][gc,load     ] GC(120) Load: 0.00/0.00/0.00
[65.398s][info][gc,mmu      ] GC(120) MMU: 2ms/77.0%, 5ms/89.5%, 10ms/94.4%, 20ms/97.2%, 50ms/98.7%, 100ms/99.4%
[65.398s][info][gc,marking  ] GC(120) Mark: 1 stripe(s), 2 proactive flush(es), 1 terminate flush(es), 1 completion(s), 0 continuation(s) 
[65.398s][info][gc,nmethod  ] GC(120) NMethods: 1471 registered, 0 unregistered
[65.398s][info][gc,metaspace] GC(120) Metaspace: 4M used, 4M capacity, 4M committed, 1032M reserved
[65.398s][info][gc,ref      ] GC(120) Soft: 261 encountered, 0 discovered, 0 enqueued
[65.398s][info][gc,ref      ] GC(120) Weak: 280 encountered, 229 discovered, 0 enqueued
[65.398s][info][gc,ref      ] GC(120) Final: 1 encountered, 0 discovered, 0 enqueued
[65.398s][info][gc,ref      ] GC(120) Phantom: 39 encountered, 30 discovered, 0 enqueued
[65.398s][info][gc,reloc    ] GC(120) Small Pages: 1404 / 2808M(100%), Empty: 2702M(96%), Compacting: 60M(2%)->20M(1%)
[65.398s][info][gc,reloc    ] GC(120) Medium Pages: 0 / 0M(0%), Empty: 0M(0%), Compacting: 0M(0%)->0M(0%)
[65.398s][info][gc,reloc    ] GC(120) Large Pages: 1 / 8M(0%), Empty: 0M(0%), Compacting: 0M(0%)->0M(0%)
[65.398s][info][gc,reloc    ] GC(120) Relocation: Successful
[65.398s][info][gc,heap     ] GC(120) Min Capacity: 42M(1%)
[65.398s][info][gc,heap     ] GC(120) Max Capacity: 4060M(100%)
[65.398s][info][gc,heap     ] GC(120) Soft Max Capacity: 4060M(100%)
[65.398s][info][gc,heap     ] GC(120)                Mark Start          Mark End        Relocate Start      Relocate End           High               Low         
[65.398s][info][gc,heap     ] GC(120)  Capacity:     3174M (78%)        3174M (78%)        3174M (78%)        3174M (78%)        3174M (78%)        3174M (78%)    
[65.398s][info][gc,heap     ] GC(120)   Reserve:       42M (1%)           42M (1%)           42M (1%)           42M (1%)           42M (1%)           42M (1%)     
[65.398s][info][gc,heap     ] GC(120)      Free:     1202M (30%)        1012M (25%)        3700M (91%)        3682M (91%)        3708M (91%)        1006M (25%)    
[65.398s][info][gc,heap     ] GC(120)      Used:     2816M (69%)        3006M (74%)         318M (8%)          336M (8%)         3012M (74%)         310M (8%)     
[65.398s][info][gc,heap     ] GC(120)      Live:         -                64M (2%)           64M (2%)           64M (2%)             -                  -          
[65.398s][info][gc,heap     ] GC(120) Allocated:         -               190M (5%)          204M (5%)          282M (7%)             -                  -          
[65.398s][info][gc,heap     ] GC(120)   Garbage:         -              2751M (68%)          49M (1%)            9M (0%)             -                  -          
[65.398s][info][gc,heap     ] GC(120) Reclaimed:         -                  -              2702M (67%)        2742M (68%)            -                  -          
[65.398s][info][gc          ] GC(120) Garbage Collection (Allocation Rate) 2816M(69%)->336M(8%)
[65.939s][info][gc,start    ] GC(121) Garbage Collection (Allocation Rate)
[65.939s][info][gc,phases   ] GC(121) Pause Mark Start 0.060ms
[65.976s][info][gc,phases   ] GC(121) Concurrent Mark 37.427ms
[65.977s][info][gc,phases   ] GC(121) Pause Mark End 0.327ms
[65.979s][info][gc,phases   ] GC(121) Concurrent Process Non-Strong References 1.670ms
[65.979s][info][gc,phases   ] GC(121) Concurrent Reset Relocation Set 0.063ms
[65.980s][info][gc,phases   ] GC(121) Concurrent Select Relocation Set 1.709ms
[65.981s][info][gc,phases   ] GC(121) Pause Relocate Start 0.101ms
[65.981s][info][gc,phases   ] GC(121) Concurrent Relocate 0.598ms
[65.981s][info][gc,load     ] GC(121) Load: 0.00/0.00/0.00
[65.981s][info][gc,mmu      ] GC(121) MMU: 2ms/77.0%, 5ms/89.5%, 10ms/94.4%, 20ms/97.2%, 50ms/98.7%, 100ms/99.4%
[65.981s][info][gc,marking  ] GC(121) Mark: 1 stripe(s), 2 proactive flush(es), 1 terminate flush(es), 1 completion(s), 0 continuation(s) 
[65.981s][info][gc,nmethod  ] GC(121) NMethods: 1471 registered, 0 unregistered
[65.981s][info][gc,metaspace] GC(121) Metaspace: 4M used, 4M capacity, 4M committed, 1032M reserved
[65.981s][info][gc,ref      ] GC(121) Soft: 261 encountered, 0 discovered, 0 enqueued
[65.981s][info][gc,ref      ] GC(121) Weak: 280 encountered, 229 discovered, 0 enqueued
[65.981s][info][gc,ref      ] GC(121) Final: 1 encountered, 0 discovered, 0 enqueued
[65.981s][info][gc,ref      ] GC(121) Phantom: 39 encountered, 30 discovered, 0 enqueued
[65.981s][info][gc,reloc    ] GC(121) Small Pages: 1449 / 2898M(100%), Empty: 2822M(97%), Compacting: 10M(0%)->2M(0%)
[65.981s][info][gc,reloc    ] GC(121) Medium Pages: 0 / 0M(0%), Empty: 0M(0%), Compacting: 0M(0%)->0M(0%)
[65.981s][info][gc,reloc    ] GC(121) Large Pages: 1 / 8M(0%), Empty: 0M(0%), Compacting: 0M(0%)->0M(0%)
[65.981s][info][gc,reloc    ] GC(121) Relocation: Successful
[65.981s][info][gc,heap     ] GC(121) Min Capacity: 42M(1%)
[65.981s][info][gc,heap     ] GC(121) Max Capacity: 4060M(100%)
[65.981s][info][gc,heap     ] GC(121) Soft Max Capacity: 4060M(100%)
[65.981s][info][gc,heap     ] GC(121)                Mark Start          Mark End        Relocate Start      Relocate End           High               Low         
[65.981s][info][gc,heap     ] GC(121)  Capacity:     3174M (78%)        3174M (78%)        3174M (78%)        3174M (78%)        3174M (78%)        3174M (78%)    
[65.981s][info][gc,heap     ] GC(121)   Reserve:       42M (1%)           42M (1%)           42M (1%)           42M (1%)           42M (1%)           42M (1%)     
[65.981s][info][gc,heap     ] GC(121)      Free:     1112M (27%)         932M (23%)        3738M (92%)        3740M (92%)        3746M (92%)         924M (23%)    
[65.981s][info][gc,heap     ] GC(121)      Used:     2906M (72%)        3086M (76%)         280M (7%)          278M (7%)         3094M (76%)         272M (7%)     
[65.981s][info][gc,heap     ] GC(121)      Live:         -                65M (2%)           65M (2%)           65M (2%)             -                  -          
[65.981s][info][gc,heap     ] GC(121) Allocated:         -               180M (4%)          196M (5%)          204M (5%)             -                  -          
[65.981s][info][gc,heap     ] GC(121)   Garbage:         -              2840M (70%)          18M (0%)           14M (0%)             -                  -          
[65.981s][info][gc,heap     ] GC(121) Reclaimed:         -                  -              2822M (70%)        2826M (70%)            -                  -          
[65.981s][info][gc          ] GC(121) Garbage Collection (Allocation Rate) 2906M(72%)->278M(7%)
[66.437s][info][gc,start    ] GC(122) Garbage Collection (Allocation Rate)
[66.438s][info][gc,phases   ] GC(122) Pause Mark Start 0.063ms
[66.477s][info][gc,phases   ] GC(122) Concurrent Mark 39.670ms
[66.478s][info][gc,phases   ] GC(122) Pause Mark End 0.265ms
[66.479s][info][gc,phases   ] GC(122) Concurrent Process Non-Strong References 1.503ms
[66.479s][info][gc,phases   ] GC(122) Concurrent Reset Relocation Set 0.025ms
[66.481s][info][gc,phases   ] GC(122) Concurrent Select Relocation Set 1.801ms
[66.482s][info][gc,phases   ] GC(122) Pause Relocate Start 0.082ms
[66.491s][info][gc,phases   ] GC(122) Concurrent Relocate 9.459ms
[66.491s][info][gc,load     ] GC(122) Load: 0.00/0.00/0.00
[66.491s][info][gc,mmu      ] GC(122) MMU: 2ms/77.0%, 5ms/89.5%, 10ms/94.4%, 20ms/97.2%, 50ms/98.7%, 100ms/99.4%
[66.491s][info][gc,marking  ] GC(122) Mark: 1 stripe(s), 2 proactive flush(es), 1 terminate flush(es), 1 completion(s), 0 continuation(s) 
[66.491s][info][gc,nmethod  ] GC(122) NMethods: 1471 registered, 0 unregistered
[66.491s][info][gc,metaspace] GC(122) Metaspace: 4M used, 4M capacity, 4M committed, 1032M reserved
[66.491s][info][gc,ref      ] GC(122) Soft: 261 encountered, 0 discovered, 0 enqueued
[66.491s][info][gc,ref      ] GC(122) Weak: 280 encountered, 229 discovered, 0 enqueued
[66.491s][info][gc,ref      ] GC(122) Final: 1 encountered, 0 discovered, 0 enqueued
[66.491s][info][gc,ref      ] GC(122) Phantom: 39 encountered, 30 discovered, 0 enqueued
[66.491s][info][gc,reloc    ] GC(122) Small Pages: 1229 / 2458M(100%), Empty: 2352M(95%), Compacting: 50M(2%)->16M(1%)
[66.491s][info][gc,reloc    ] GC(122) Medium Pages: 0 / 0M(0%), Empty: 0M(0%), Compacting: 0M(0%)->0M(0%)
[66.491s][info][gc,reloc    ] GC(122) Large Pages: 1 / 8M(0%), Empty: 0M(0%), Compacting: 0M(0%)->0M(0%)
[66.491s][info][gc,reloc    ] GC(122) Relocation: Successful
[66.491s][info][gc,heap     ] GC(122) Min Capacity: 42M(1%)
[66.491s][info][gc,heap     ] GC(122) Max Capacity: 4060M(100%)
[66.491s][info][gc,heap     ] GC(122) Soft Max Capacity: 4060M(100%)
[66.491s][info][gc,heap     ] GC(122)                Mark Start          Mark End        Relocate Start      Relocate End           High               Low         
[66.491s][info][gc,heap     ] GC(122)  Capacity:     3174M (78%)        3174M (78%)        3174M (78%)        3174M (78%)        3174M (78%)        3174M (78%)    
[66.491s][info][gc,heap     ] GC(122)   Reserve:       42M (1%)           42M (1%)           42M (1%)           42M (1%)           42M (1%)           42M (1%)     
[66.491s][info][gc,heap     ] GC(122)      Free:     1552M (38%)        1364M (34%)        3700M (91%)        3690M (91%)        3708M (91%)        1356M (33%)    
[66.491s][info][gc,heap     ] GC(122)      Used:     2466M (61%)        2654M (65%)         318M (8%)          328M (8%)         2662M (66%)         310M (8%)     
[66.491s][info][gc,heap     ] GC(122)      Live:         -                68M (2%)           68M (2%)           68M (2%)             -                  -          
[66.491s][info][gc,heap     ] GC(122) Allocated:         -               188M (5%)          204M (5%)          264M (7%)             -                  -          
[66.491s][info][gc,heap     ] GC(122)   Garbage:         -              2397M (59%)          45M (1%)           11M (0%)             -                  -          
[66.491s][info][gc,heap     ] GC(122) Reclaimed:         -                  -              2352M (58%)        2386M (59%)            -                  -          
[66.491s][info][gc          ] GC(122) Garbage Collection (Allocation Rate) 2466M(61%)->328M(8%)
[66.939s][info][gc,start    ] GC(123) Garbage Collection (Allocation Rate)
[66.939s][info][gc,phases   ] GC(123) Pause Mark Start 0.067ms
[66.977s][info][gc,phases   ] GC(123) Concurrent Mark 37.643ms
[66.977s][info][gc,phases   ] GC(123) Pause Mark End 0.296ms
[66.979s][info][gc,phases   ] GC(123) Concurrent Process Non-Strong References 1.874ms
[66.979s][info][gc,phases   ] GC(123) Concurrent Reset Relocation Set 0.040ms
[66.983s][info][gc,phases   ] GC(123) Concurrent Select Relocation Set 4.097ms
[66.983s][info][gc,phases   ] GC(123) Pause Relocate Start 0.106ms
[67.017s][info][gc,phases   ] GC(123) Concurrent Relocate 33.110ms
[67.017s][info][gc,load     ] GC(123) Load: 0.00/0.00/0.00
[67.017s][info][gc,mmu      ] GC(123) MMU: 2ms/77.0%, 5ms/89.5%, 10ms/94.4%, 20ms/97.2%, 50ms/98.7%, 100ms/99.4%
[67.017s][info][gc,marking  ] GC(123) Mark: 1 stripe(s), 2 proactive flush(es), 1 terminate flush(es), 1 completion(s), 0 continuation(s) 
[67.017s][info][gc,nmethod  ] GC(123) NMethods: 1471 registered, 0 unregistered
[67.017s][info][gc,metaspace] GC(123) Metaspace: 4M used, 4M capacity, 4M committed, 1032M reserved
[67.017s][info][gc,ref      ] GC(123) Soft: 261 encountered, 0 discovered, 0 enqueued
[67.017s][info][gc,ref      ] GC(123) Weak: 280 encountered, 229 discovered, 0 enqueued
[67.017s][info][gc,ref      ] GC(123) Final: 1 encountered, 0 discovered, 0 enqueued
[67.017s][info][gc,ref      ] GC(123) Phantom: 39 encountered, 30 discovered, 0 enqueued
[67.017s][info][gc,reloc    ] GC(123) Small Pages: 1239 / 2478M(100%), Empty: 2326M(94%), Compacting: 144M(6%)->52M(2%)
[67.017s][info][gc,reloc    ] GC(123) Medium Pages: 0 / 0M(0%), Empty: 0M(0%), Compacting: 0M(0%)->0M(0%)
[67.017s][info][gc,reloc    ] GC(123) Large Pages: 1 / 8M(0%), Empty: 0M(0%), Compacting: 0M(0%)->0M(0%)
[67.017s][info][gc,reloc    ] GC(123) Relocation: Successful
[67.017s][info][gc,heap     ] GC(123) Min Capacity: 42M(1%)
[67.017s][info][gc,heap     ] GC(123) Max Capacity: 4060M(100%)
[67.017s][info][gc,heap     ] GC(123) Soft Max Capacity: 4060M(100%)
[67.017s][info][gc,heap     ] GC(123)                Mark Start          Mark End        Relocate Start      Relocate End           High               Low         
[67.017s][info][gc,heap     ] GC(123)  Capacity:     3174M (78%)        3174M (78%)        3174M (78%)        3174M (78%)        3174M (78%)        3174M (78%)    
[67.017s][info][gc,heap     ] GC(123)   Reserve:       42M (1%)           42M (1%)           42M (1%)           42M (1%)           42M (1%)           42M (1%)     
[67.017s][info][gc,heap     ] GC(123)      Free:     1532M (38%)        1356M (33%)        3656M (90%)        3594M (89%)        3672M (90%)        1348M (33%)    
[67.017s][info][gc,heap     ] GC(123)      Used:     2486M (61%)        2662M (66%)         362M (9%)          424M (10%)        2670M (66%)         346M (9%)     
[67.017s][info][gc,heap     ] GC(123)      Live:         -                59M (1%)           59M (1%)           59M (1%)             -                  -          
[67.017s][info][gc,heap     ] GC(123) Allocated:         -               176M (4%)          202M (5%)          408M (10%)            -                  -          
[67.017s][info][gc,heap     ] GC(123)   Garbage:         -              2426M (60%)         100M (2%)            6M (0%)             -                  -          
[67.017s][info][gc,heap     ] GC(123) Reclaimed:         -                  -              2326M (57%)        2420M (60%)            -                  -          
[67.017s][info][gc          ] GC(123) Garbage Collection (Allocation Rate) 2486M(61%)->424M(10%)
[67.438s][info][gc,start    ] GC(124) Garbage Collection (Allocation Rate)
[67.438s][info][gc,phases   ] GC(124) Pause Mark Start 0.060ms
[67.478s][info][gc,phases   ] GC(124) Concurrent Mark 39.016ms
[67.478s][info][gc,phases   ] GC(124) Pause Mark End 0.241ms
[67.479s][info][gc,phases   ] GC(124) Concurrent Process Non-Strong References 1.607ms
[67.481s][info][gc,phases   ] GC(124) Concurrent Reset Relocation Set 1.035ms
[67.485s][info][gc,phases   ] GC(124) Concurrent Select Relocation Set 4.439ms
[67.485s][info][gc,phases   ] GC(124) Pause Relocate Start 0.062ms
[67.522s][info][gc,phases   ] GC(124) Concurrent Relocate 36.245ms
[67.522s][info][gc,load     ] GC(124) Load: 0.00/0.00/0.00
[67.522s][info][gc,mmu      ] GC(124) MMU: 2ms/77.0%, 5ms/89.5%, 10ms/94.4%, 20ms/97.2%, 50ms/98.7%, 100ms/99.4%
[67.522s][info][gc,marking  ] GC(124) Mark: 1 stripe(s), 2 proactive flush(es), 1 terminate flush(es), 1 completion(s), 0 continuation(s) 
[67.522s][info][gc,nmethod  ] GC(124) NMethods: 1471 registered, 0 unregistered
[67.522s][info][gc,metaspace] GC(124) Metaspace: 4M used, 4M capacity, 4M committed, 1032M reserved
[67.522s][info][gc,ref      ] GC(124) Soft: 261 encountered, 0 discovered, 0 enqueued
[67.522s][info][gc,ref      ] GC(124) Weak: 280 encountered, 229 discovered, 0 enqueued
[67.522s][info][gc,ref      ] GC(124) Final: 1 encountered, 0 discovered, 0 enqueued
[67.522s][info][gc,ref      ] GC(124) Phantom: 39 encountered, 30 discovered, 0 enqueued
[67.522s][info][gc,reloc    ] GC(124) Small Pages: 1219 / 2438M(100%), Empty: 2288M(94%), Compacting: 146M(6%)->44M(2%)
[67.522s][info][gc,reloc    ] GC(124) Medium Pages: 0 / 0M(0%), Empty: 0M(0%), Compacting: 0M(0%)->0M(0%)
[67.522s][info][gc,reloc    ] GC(124) Large Pages: 1 / 8M(0%), Empty: 0M(0%), Compacting: 0M(0%)->0M(0%)
[67.522s][info][gc,reloc    ] GC(124) Relocation: Successful
[67.522s][info][gc,heap     ] GC(124) Min Capacity: 42M(1%)
[67.522s][info][gc,heap     ] GC(124) Max Capacity: 4060M(100%)
[67.522s][info][gc,heap     ] GC(124) Soft Max Capacity: 4060M(100%)
[67.522s][info][gc,heap     ] GC(124)                Mark Start          Mark End        Relocate Start      Relocate End           High               Low         
[67.522s][info][gc,heap     ] GC(124)  Capacity:     3174M (78%)        3174M (78%)        3174M (78%)        3174M (78%)        3174M (78%)        3174M (78%)    
[67.522s][info][gc,heap     ] GC(124)   Reserve:       42M (1%)           42M (1%)           42M (1%)           42M (1%)           42M (1%)           42M (1%)     
[67.522s][info][gc,heap     ] GC(124)      Free:     1572M (39%)        1402M (35%)        3662M (90%)        3598M (89%)        3680M (91%)        1392M (34%)    
[67.522s][info][gc,heap     ] GC(124)      Used:     2446M (60%)        2616M (64%)         356M (9%)          420M (10%)        2626M (65%)         338M (8%)     
[67.522s][info][gc,heap     ] GC(124)      Live:         -                49M (1%)           49M (1%)           49M (1%)             -                  -          
[67.522s][info][gc,heap     ] GC(124) Allocated:         -               170M (4%)          198M (5%)          408M (10%)            -                  -          
[67.522s][info][gc,heap     ] GC(124)   Garbage:         -              2396M (59%)         108M (3%)            2M (0%)             -                  -          
[67.522s][info][gc,heap     ] GC(124) Reclaimed:         -                  -              2288M (56%)        2394M (59%)            -                  -          
[67.522s][info][gc          ] GC(124) Garbage Collection (Allocation Rate) 2446M(60%)->420M(10%)
[67.938s][info][gc,start    ] GC(125) Garbage Collection (Allocation Rate)
[67.938s][info][gc,phases   ] GC(125) Pause Mark Start 0.096ms
[67.973s][info][gc,phases   ] GC(125) Concurrent Mark 34.937ms
[67.974s][info][gc,phases   ] GC(125) Pause Mark End 0.263ms
[67.976s][info][gc,phases   ] GC(125) Concurrent Process Non-Strong References 1.715ms
[67.977s][info][gc,phases   ] GC(125) Concurrent Reset Relocation Set 1.214ms
[67.983s][info][gc,phases   ] GC(125) Concurrent Select Relocation Set 5.747ms
[67.983s][info][gc,phases   ] GC(125) Pause Relocate Start 0.083ms
[68.009s][info][gc,phases   ] GC(125) Concurrent Relocate 25.610ms
[68.009s][info][gc,load     ] GC(125) Load: 0.00/0.00/0.00
[68.009s][info][gc,mmu      ] GC(125) MMU: 2ms/77.0%, 5ms/89.5%, 10ms/94.4%, 20ms/97.2%, 50ms/98.7%, 100ms/99.4%
[68.009s][info][gc,marking  ] GC(125) Mark: 1 stripe(s), 2 proactive flush(es), 1 terminate flush(es), 1 completion(s), 0 continuation(s) 
[68.009s][info][gc,nmethod  ] GC(125) NMethods: 1471 registered, 0 unregistered
[68.009s][info][gc,metaspace] GC(125) Metaspace: 4M used, 4M capacity, 4M committed, 1032M reserved
[68.009s][info][gc,ref      ] GC(125) Soft: 261 encountered, 0 discovered, 0 enqueued
[68.009s][info][gc,ref      ] GC(125) Weak: 280 encountered, 229 discovered, 0 enqueued
[68.009s][info][gc,ref      ] GC(125) Final: 1 encountered, 0 discovered, 0 enqueued
[68.009s][info][gc,ref      ] GC(125) Phantom: 39 encountered, 30 discovered, 0 enqueued
[68.009s][info][gc,reloc    ] GC(125) Small Pages: 1205 / 2410M(100%), Empty: 2276M(94%), Compacting: 124M(5%)->44M(2%)
[68.009s][info][gc,reloc    ] GC(125) Medium Pages: 0 / 0M(0%), Empty: 0M(0%), Compacting: 0M(0%)->0M(0%)
[68.009s][info][gc,reloc    ] GC(125) Large Pages: 1 / 8M(0%), Empty: 0M(0%), Compacting: 0M(0%)->0M(0%)
[68.009s][info][gc,reloc    ] GC(125) Relocation: Successful
[68.009s][info][gc,heap     ] GC(125) Min Capacity: 42M(1%)
[68.009s][info][gc,heap     ] GC(125) Max Capacity: 4060M(100%)
[68.009s][info][gc,heap     ] GC(125) Soft Max Capacity: 4060M(100%)
[68.009s][info][gc,heap     ] GC(125)                Mark Start          Mark End        Relocate Start      Relocate End           High               Low         
[68.009s][info][gc,heap     ] GC(125)  Capacity:     3174M (78%)        3174M (78%)        3174M (78%)        3174M (78%)        3174M (78%)        3174M (78%)    
[68.009s][info][gc,heap     ] GC(125)   Reserve:       42M (1%)           42M (1%)           42M (1%)           42M (1%)           42M (1%)           42M (1%)     
[68.009s][info][gc,heap     ] GC(125)      Free:     1600M (39%)        1434M (35%)        3672M (90%)        3632M (89%)        3698M (91%)        1422M (35%)    
[68.009s][info][gc,heap     ] GC(125)      Used:     2418M (60%)        2584M (64%)         346M (9%)          386M (10%)        2596M (64%)         320M (8%)     
[68.009s][info][gc,heap     ] GC(125)      Live:         -                54M (1%)           54M (1%)           54M (1%)             -                  -          
[68.009s][info][gc,heap     ] GC(125) Allocated:         -               166M (4%)          204M (5%)          368M (9%)             -                  -          
[68.009s][info][gc,heap     ] GC(125)   Garbage:         -              2363M (58%)          87M (2%)            5M (0%)             -                  -          
[68.009s][info][gc,heap     ] GC(125) Reclaimed:         -                  -              2276M (56%)        2358M (58%)            -                  -          
[68.009s][info][gc          ] GC(125) Garbage Collection (Allocation Rate) 2418M(60%)->386M(10%)
[68.438s][info][gc,start    ] GC(126) Garbage Collection (Allocation Rate)
[68.438s][info][gc,phases   ] GC(126) Pause Mark Start 0.061ms
[68.467s][info][gc,phases   ] GC(126) Concurrent Mark 28.926ms
[68.468s][info][gc,phases   ] GC(126) Pause Mark End 0.237ms
[68.469s][info][gc,phases   ] GC(126) Concurrent Process Non-Strong References 1.485ms
[68.470s][info][gc,phases   ] GC(126) Concurrent Reset Relocation Set 0.733ms
[68.472s][info][gc,phases   ] GC(126) Concurrent Select Relocation Set 1.702ms
[68.472s][info][gc,phases   ] GC(126) Pause Relocate Start 0.053ms
[68.472s][info][gc,phases   ] GC(126) Concurrent Relocate 0.216ms
[68.472s][info][gc,load     ] GC(126) Load: 0.00/0.00/0.00
[68.472s][info][gc,mmu      ] GC(126) MMU: 2ms/77.0%, 5ms/89.5%, 10ms/94.4%, 20ms/97.2%, 50ms/98.7%, 100ms/99.4%
[68.472s][info][gc,marking  ] GC(126) Mark: 1 stripe(s), 2 proactive flush(es), 1 terminate flush(es), 1 completion(s), 0 continuation(s) 
[68.472s][info][gc,nmethod  ] GC(126) NMethods: 1471 registered, 0 unregistered
[68.472s][info][gc,metaspace] GC(126) Metaspace: 4M used, 4M capacity, 4M committed, 1032M reserved
[68.472s][info][gc,ref      ] GC(126) Soft: 261 encountered, 0 discovered, 0 enqueued
[68.472s][info][gc,ref      ] GC(126) Weak: 280 encountered, 229 discovered, 0 enqueued
[68.472s][info][gc,ref      ] GC(126) Final: 1 encountered, 0 discovered, 0 enqueued
[68.472s][info][gc,ref      ] GC(126) Phantom: 39 encountered, 30 discovered, 0 enqueued
[68.472s][info][gc,reloc    ] GC(126) Small Pages: 1221 / 2442M(100%), Empty: 2388M(97%), Compacting: 10M(0%)->2M(0%)
[68.472s][info][gc,reloc    ] GC(126) Medium Pages: 0 / 0M(0%), Empty: 0M(0%), Compacting: 0M(0%)->0M(0%)
[68.472s][info][gc,reloc    ] GC(126) Large Pages: 1 / 8M(0%), Empty: 0M(0%), Compacting: 0M(0%)->0M(0%)
[68.472s][info][gc,reloc    ] GC(126) Relocation: Successful
[68.472s][info][gc,heap     ] GC(126) Min Capacity: 42M(1%)
[68.472s][info][gc,heap     ] GC(126) Max Capacity: 4060M(100%)
[68.472s][info][gc,heap     ] GC(126) Soft Max Capacity: 4060M(100%)
[68.472s][info][gc,heap     ] GC(126)                Mark Start          Mark End        Relocate Start      Relocate End           High               Low         
[68.472s][info][gc,heap     ] GC(126)  Capacity:     3174M (78%)        3174M (78%)        3174M (78%)        3174M (78%)        3174M (78%)        3174M (78%)    
[68.472s][info][gc,heap     ] GC(126)   Reserve:       42M (1%)           42M (1%)           42M (1%)           42M (1%)           42M (1%)           42M (1%)     
[68.472s][info][gc,heap     ] GC(126)      Free:     1568M (39%)        1428M (35%)        3798M (94%)        3798M (94%)        3806M (94%)        1418M (35%)    
[68.472s][info][gc,heap     ] GC(126)      Used:     2450M (60%)        2590M (64%)         220M (5%)          220M (5%)         2600M (64%)         212M (5%)     
[68.472s][info][gc,heap     ] GC(126)      Live:         -                46M (1%)           46M (1%)           46M (1%)             -                  -          
[68.472s][info][gc,heap     ] GC(126) Allocated:         -               140M (3%)          158M (4%)          168M (4%)             -                  -          
[68.472s][info][gc,heap     ] GC(126)   Garbage:         -              2403M (59%)          15M (0%)           15M (0%)             -                  -          
[68.472s][info][gc,heap     ] GC(126) Reclaimed:         -                  -              2388M (59%)        2388M (59%)            -                  -          
[68.472s][info][gc          ] GC(126) Garbage Collection (Allocation Rate) 2450M(60%)->220M(5%)
[68.938s][info][gc,start    ] GC(127) Garbage Collection (Allocation Rate)
[68.938s][info][gc,phases   ] GC(127) Pause Mark Start 0.065ms
[68.978s][info][gc,phases   ] GC(127) Concurrent Mark 39.961ms
[68.978s][info][gc,phases   ] GC(127) Pause Mark End 0.297ms
[68.980s][info][gc,phases   ] GC(127) Concurrent Process Non-Strong References 1.550ms
[68.980s][info][gc,phases   ] GC(127) Concurrent Reset Relocation Set 0.024ms
[68.983s][info][gc,phases   ] GC(127) Concurrent Select Relocation Set 2.735ms
[68.983s][info][gc,phases   ] GC(127) Pause Relocate Start 0.082ms
[68.989s][info][gc,phases   ] GC(127) Concurrent Relocate 5.522ms
[68.989s][info][gc,load     ] GC(127) Load: 0.00/0.00/0.00
[68.989s][info][gc,mmu      ] GC(127) MMU: 2ms/77.0%, 5ms/89.5%, 10ms/94.4%, 20ms/97.2%, 50ms/98.7%, 100ms/99.4%
[68.989s][info][gc,marking  ] GC(127) Mark: 1 stripe(s), 2 proactive flush(es), 1 terminate flush(es), 1 completion(s), 0 continuation(s) 
[68.989s][info][gc,nmethod  ] GC(127) NMethods: 1472 registered, 0 unregistered
[68.989s][info][gc,metaspace] GC(127) Metaspace: 4M used, 4M capacity, 4M committed, 1032M reserved
[68.989s][info][gc,ref      ] GC(127) Soft: 261 encountered, 0 discovered, 0 enqueued
[68.989s][info][gc,ref      ] GC(127) Weak: 280 encountered, 229 discovered, 0 enqueued
[68.989s][info][gc,ref      ] GC(127) Final: 1 encountered, 0 discovered, 0 enqueued
[68.989s][info][gc,ref      ] GC(127) Phantom: 39 encountered, 30 discovered, 0 enqueued
[68.989s][info][gc,reloc    ] GC(127) Small Pages: 1226 / 2452M(100%), Empty: 2354M(96%), Compacting: 36M(1%)->10M(0%)
[68.989s][info][gc,reloc    ] GC(127) Medium Pages: 0 / 0M(0%), Empty: 0M(0%), Compacting: 0M(0%)->0M(0%)
[68.989s][info][gc,reloc    ] GC(127) Large Pages: 1 / 8M(0%), Empty: 0M(0%), Compacting: 0M(0%)->0M(0%)
[68.989s][info][gc,reloc    ] GC(127) Relocation: Successful
[68.989s][info][gc,heap     ] GC(127) Min Capacity: 42M(1%)
[68.989s][info][gc,heap     ] GC(127) Max Capacity: 4060M(100%)
[68.989s][info][gc,heap     ] GC(127) Soft Max Capacity: 4060M(100%)
[68.989s][info][gc,heap     ] GC(127)                Mark Start          Mark End        Relocate Start      Relocate End           High               Low         
[68.989s][info][gc,heap     ] GC(127)  Capacity:     3174M (78%)        3174M (78%)        3174M (78%)        3174M (78%)        3174M (78%)        3174M (78%)    
[68.989s][info][gc,heap     ] GC(127)   Reserve:       42M (1%)           42M (1%)           42M (1%)           42M (1%)           42M (1%)           42M (1%)     
[68.989s][info][gc,heap     ] GC(127)      Free:     1558M (38%)        1366M (34%)        3700M (91%)        3692M (91%)        3712M (91%)        1360M (33%)    
[68.989s][info][gc,heap     ] GC(127)      Used:     2460M (61%)        2652M (65%)         318M (8%)          326M (8%)         2658M (65%)         306M (8%)     
[68.989s][info][gc,heap     ] GC(127)      Live:         -                70M (2%)           70M (2%)           70M (2%)             -                  -          
[68.989s][info][gc,heap     ] GC(127) Allocated:         -               192M (5%)          212M (5%)          256M (6%)             -                  -          
[68.989s][info][gc,heap     ] GC(127)   Garbage:         -              2389M (59%)          35M (1%)           17M (0%)             -                  -          
[68.989s][info][gc,heap     ] GC(127) Reclaimed:         -                  -              2354M (58%)        2372M (58%)            -                  -          
[68.989s][info][gc          ] GC(127) Garbage Collection (Allocation Rate) 2460M(61%)->326M(8%)
[69.438s][info][gc,start    ] GC(128) Garbage Collection (Allocation Rate)
[69.438s][info][gc,phases   ] GC(128) Pause Mark Start 0.051ms
[69.480s][info][gc,phases   ] GC(128) Concurrent Mark 41.510ms
[69.480s][info][gc,phases   ] GC(128) Pause Mark End 0.237ms
[69.482s][info][gc,phases   ] GC(128) Concurrent Process Non-Strong References 1.707ms
[69.482s][info][gc,phases   ] GC(128) Concurrent Reset Relocation Set 0.041ms
[69.485s][info][gc,phases   ] GC(128) Concurrent Select Relocation Set 3.502ms
[69.486s][info][gc,phases   ] GC(128) Pause Relocate Start 0.062ms
[69.503s][info][gc,phases   ] GC(128) Concurrent Relocate 17.585ms
[69.503s][info][gc,load     ] GC(128) Load: 0.00/0.00/0.00
[69.503s][info][gc,mmu      ] GC(128) MMU: 2ms/77.0%, 5ms/89.5%, 10ms/94.4%, 20ms/97.2%, 50ms/98.7%, 100ms/99.4%
[69.503s][info][gc,marking  ] GC(128) Mark: 1 stripe(s), 2 proactive flush(es), 1 terminate flush(es), 1 completion(s), 0 continuation(s) 
[69.503s][info][gc,nmethod  ] GC(128) NMethods: 1472 registered, 0 unregistered
[69.503s][info][gc,metaspace] GC(128) Metaspace: 4M used, 4M capacity, 4M committed, 1032M reserved
[69.503s][info][gc,ref      ] GC(128) Soft: 261 encountered, 0 discovered, 0 enqueued
[69.503s][info][gc,ref      ] GC(128) Weak: 280 encountered, 229 discovered, 0 enqueued
[69.503s][info][gc,ref      ] GC(128) Final: 1 encountered, 0 discovered, 0 enqueued
[69.503s][info][gc,ref      ] GC(128) Phantom: 39 encountered, 30 discovered, 0 enqueued
[69.503s][info][gc,reloc    ] GC(128) Small Pages: 1235 / 2470M(100%), Empty: 2338M(94%), Compacting: 100M(4%)->30M(1%)
[69.503s][info][gc,reloc    ] GC(128) Medium Pages: 0 / 0M(0%), Empty: 0M(0%), Compacting: 0M(0%)->0M(0%)
[69.503s][info][gc,reloc    ] GC(128) Large Pages: 1 / 8M(0%), Empty: 0M(0%), Compacting: 0M(0%)->0M(0%)
[69.503s][info][gc,reloc    ] GC(128) Relocation: Successful
[69.503s][info][gc,heap     ] GC(128) Min Capacity: 42M(1%)
[69.503s][info][gc,heap     ] GC(128) Max Capacity: 4060M(100%)
[69.503s][info][gc,heap     ] GC(128) Soft Max Capacity: 4060M(100%)
[69.503s][info][gc,heap     ] GC(128)                Mark Start          Mark End        Relocate Start      Relocate End           High               Low         
[69.503s][info][gc,heap     ] GC(128)  Capacity:     3174M (78%)        3174M (78%)        3174M (78%)        3174M (78%)        3174M (78%)        3174M (78%)    
[69.503s][info][gc,heap     ] GC(128)   Reserve:       42M (1%)           42M (1%)           42M (1%)           42M (1%)           42M (1%)           42M (1%)     
[69.503s][info][gc,heap     ] GC(128)      Free:     1540M (38%)        1356M (33%)        3672M (90%)        3658M (90%)        3688M (91%)        1348M (33%)    
[69.503s][info][gc,heap     ] GC(128)      Used:     2478M (61%)        2662M (66%)         346M (9%)          360M (9%)         2670M (66%)         330M (8%)     
[69.503s][info][gc,heap     ] GC(128)      Live:         -                61M (2%)           61M (2%)           61M (2%)             -                  -          
[69.503s][info][gc,heap     ] GC(128) Allocated:         -               184M (5%)          206M (5%)          320M (8%)             -                  -          
[69.503s][info][gc,heap     ] GC(128)   Garbage:         -              2416M (60%)          78M (2%)           10M (0%)             -                  -          
[69.503s][info][gc,heap     ] GC(128) Reclaimed:         -                  -              2338M (58%)        2406M (59%)            -                  -          
[69.503s][info][gc          ] GC(128) Garbage Collection (Allocation Rate) 2478M(61%)->360M(9%)
[69.938s][info][gc,start    ] GC(129) Garbage Collection (Allocation Rate)
[69.938s][info][gc,phases   ] GC(129) Pause Mark Start 0.063ms
[69.976s][info][gc,phases   ] GC(129) Concurrent Mark 37.346ms
[69.976s][info][gc,phases   ] GC(129) Pause Mark End 0.223ms
[69.978s][info][gc,phases   ] GC(129) Concurrent Process Non-Strong References 1.632ms
[69.979s][info][gc,phases   ] GC(129) Concurrent Reset Relocation Set 1.260ms
[69.986s][info][gc,phases   ] GC(129) Concurrent Select Relocation Set 6.621ms
[69.986s][info][gc,phases   ] GC(129) Pause Relocate Start 0.089ms
[70.017s][info][gc,phases   ] GC(129) Concurrent Relocate 31.251ms
[70.018s][info][gc,load     ] GC(129) Load: 0.00/0.00/0.00
[70.018s][info][gc,mmu      ] GC(129) MMU: 2ms/77.0%, 5ms/89.5%, 10ms/94.4%, 20ms/97.2%, 50ms/98.7%, 100ms/99.4%
[70.018s][info][gc,marking  ] GC(129) Mark: 1 stripe(s), 2 proactive flush(es), 1 terminate flush(es), 1 completion(s), 0 continuation(s) 
[70.018s][info][gc,nmethod  ] GC(129) NMethods: 1472 registered, 0 unregistered
[70.018s][info][gc,metaspace] GC(129) Metaspace: 4M used, 4M capacity, 4M committed, 1032M reserved
[70.018s][info][gc,ref      ] GC(129) Soft: 261 encountered, 0 discovered, 0 enqueued
[70.018s][info][gc,ref      ] GC(129) Weak: 280 encountered, 229 discovered, 0 enqueued
[70.018s][info][gc,ref      ] GC(129) Final: 1 encountered, 0 discovered, 0 enqueued
[70.018s][info][gc,ref      ] GC(129) Phantom: 39 encountered, 30 discovered, 0 enqueued
[70.018s][info][gc,reloc    ] GC(129) Small Pages: 1226 / 2452M(100%), Empty: 2294M(93%), Compacting: 154M(6%)->54M(2%)
[70.018s][info][gc,reloc    ] GC(129) Medium Pages: 0 / 0M(0%), Empty: 0M(0%), Compacting: 0M(0%)->0M(0%)
[70.018s][info][gc,reloc    ] GC(129) Large Pages: 1 / 8M(0%), Empty: 0M(0%), Compacting: 0M(0%)->0M(0%)
[70.018s][info][gc,reloc    ] GC(129) Relocation: Successful
[70.018s][info][gc,heap     ] GC(129) Min Capacity: 42M(1%)
[70.018s][info][gc,heap     ] GC(129) Max Capacity: 4060M(100%)
[70.018s][info][gc,heap     ] GC(129) Soft Max Capacity: 4060M(100%)
[70.018s][info][gc,heap     ] GC(129)                Mark Start          Mark End        Relocate Start      Relocate End           High               Low         
[70.018s][info][gc,heap     ] GC(129)  Capacity:     3174M (78%)        3174M (78%)        3174M (78%)        3174M (78%)        3174M (78%)        3174M (78%)    
[70.018s][info][gc,heap     ] GC(129)   Reserve:       42M (1%)           42M (1%)           42M (1%)           42M (1%)           42M (1%)           42M (1%)     
[70.018s][info][gc,heap     ] GC(129)      Free:     1558M (38%)        1382M (34%)        3634M (90%)        3590M (88%)        3662M (90%)        1368M (34%)    
[70.018s][info][gc,heap     ] GC(129)      Used:     2460M (61%)        2636M (65%)         384M (9%)          428M (11%)        2650M (65%)         356M (9%)     
[70.018s][info][gc,heap     ] GC(129)      Live:         -                58M (1%)           58M (1%)           58M (1%)             -                  -          
[70.018s][info][gc,heap     ] GC(129) Allocated:         -               176M (4%)          218M (5%)          416M (10%)            -                  -          
[70.018s][info][gc,heap     ] GC(129)   Garbage:         -              2401M (59%)         107M (3%)            5M (0%)             -                  -          
[70.018s][info][gc,heap     ] GC(129) Reclaimed:         -                  -              2294M (57%)        2396M (59%)            -                  -          
[70.018s][info][gc          ] GC(129) Garbage Collection (Allocation Rate) 2460M(61%)->428M(11%)
[70.038s][info][gc,stats    ] === Garbage Collection Statistics =======================================================================================================================
[70.038s][info][gc,stats    ]                                                              Last 10s              Last 10m              Last 10h                Total
[70.038s][info][gc,stats    ]                                                              Avg / Max             Avg / Max             Avg / Max             Avg / Max
[70.038s][info][gc,stats    ]   Collector: Garbage Collection Cycle                     56.292 / 83.359       65.369 / 153.808      65.369 / 153.808      65.369 / 153.808     ms
[70.038s][info][gc,stats    ]  Contention: Mark Segment Reset Contention                     0 / 0                 0 / 0                 0 / 0                 0 / 0           ops/s
[70.038s][info][gc,stats    ]  Contention: Mark SeqNum Reset Contention                      0 / 0                 0 / 0                 0 / 0                 0 / 0           ops/s
[70.038s][info][gc,stats    ]  Contention: Relocation Contention                             0 / 1                 0 / 2                 0 / 2                 0 / 2           ops/s
[70.038s][info][gc,stats    ]    Critical: Allocation Stall                              0.000 / 0.000         0.000 / 0.000         0.000 / 0.000         0.000 / 0.000       ms
[70.038s][info][gc,stats    ]    Critical: Allocation Stall                                  0 / 0                 0 / 0                 0 / 0                 0 / 0           ops/s
[70.038s][info][gc,stats    ]    Critical: GC Locker Stall                               0.000 / 0.000         0.000 / 0.000         0.000 / 0.000         0.000 / 0.000       ms
[70.038s][info][gc,stats    ]    Critical: GC Locker Stall                                   0 / 0                 0 / 0                 0 / 0                 0 / 0           ops/s
[70.038s][info][gc,stats    ]      Memory: Allocation Rate                                4731 / 4802           4497 / 4810           4497 / 4810           4497 / 4810        MB/s
[70.038s][info][gc,stats    ]      Memory: Heap Used After Mark                           2757 / 3128           2657 / 3128           2657 / 3128           2657 / 3128        MB
[70.038s][info][gc,stats    ]      Memory: Heap Used After Relocation                      321 / 428             336 / 462             336 / 462             336 / 462         MB
[70.038s][info][gc,stats    ]      Memory: Heap Used Before Mark                          2584 / 2950           2488 / 2960           2488 / 2960           2488 / 2960        MB
[70.038s][info][gc,stats    ]      Memory: Heap Used Before Relocation                     303 / 384             314 / 384             314 / 384             314 / 384         MB
[70.038s][info][gc,stats    ]      Memory: Out Of Memory                                     0 / 0                 0 / 0                 0 / 0                 0 / 0           ops/s
[70.038s][info][gc,stats    ]      Memory: Page Cache Flush                                  0 / 0                 0 / 0                 0 / 0                 0 / 0           MB/s
[70.038s][info][gc,stats    ]      Memory: Page Cache Hit L1                              2384 / 2425           2249 / 2439           2249 / 2439           2249 / 2439        ops/s
[70.038s][info][gc,stats    ]      Memory: Page Cache Hit L2                                 0 / 0                 0 / 0                 0 / 0                 0 / 0           ops/s
[70.038s][info][gc,stats    ]      Memory: Page Cache Hit L3                                 0 / 0                 1 / 103               1 / 103               1 / 103         ops/s
[70.038s][info][gc,stats    ]      Memory: Page Cache Miss                                   0 / 0                 0 / 0                 0 / 0                 0 / 0           ops/s
[70.038s][info][gc,stats    ]      Memory: Uncommit                                          0 / 0                 0 / 0                 0 / 0                 0 / 0           MB/s
[70.038s][info][gc,stats    ]      Memory: Undo Object Allocation Failed                     0 / 0                 0 / 0                 0 / 0                 0 / 0           ops/s
[70.038s][info][gc,stats    ]      Memory: Undo Object Allocation Succeeded                  0 / 1                 0 / 2                 0 / 2                 0 / 2           ops/s
[70.038s][info][gc,stats    ]      Memory: Undo Page Allocation                              0 / 0                 0 / 0                 0 / 0                 0 / 0           ops/s
[70.038s][info][gc,stats    ]       Phase: Concurrent Mark                              37.012 / 42.317       42.187 / 106.230      42.187 / 106.230      42.187 / 106.230     ms
[70.038s][info][gc,stats    ]       Phase: Concurrent Mark Continue                      0.000 / 0.000         0.000 / 0.000         0.000 / 0.000         0.000 / 0.000       ms
[70.038s][info][gc,stats    ]       Phase: Concurrent Process Non-Strong References      1.596 / 1.874         1.668 / 3.379         1.668 / 3.379         1.668 / 3.379       ms
[70.038s][info][gc,stats    ]       Phase: Concurrent Relocate                          13.208 / 36.245       16.447 / 40.994       16.447 / 40.994       16.447 / 40.994      ms
[70.038s][info][gc,stats    ]       Phase: Concurrent Reset Relocation Set               0.382 / 1.260         0.462 / 1.503         0.462 / 1.503         0.462 / 1.503       ms
[70.038s][info][gc,stats    ]       Phase: Concurrent Select Relocation Set              2.973 / 6.621         3.417 / 7.978         3.417 / 7.978         3.417 / 7.978       ms
[70.038s][info][gc,stats    ]       Phase: Pause Mark End                                0.242 / 0.327         0.273 / 0.459         0.273 / 0.459         0.273 / 0.459       ms
[70.038s][info][gc,stats    ]       Phase: Pause Mark Start                              0.062 / 0.096         0.073 / 0.289         0.073 / 0.289         0.073 / 0.289       ms
[70.038s][info][gc,stats    ]       Phase: Pause Relocate Start                          0.073 / 0.106         0.075 / 0.152         0.075 / 0.152         0.075 / 0.152       ms
[70.038s][info][gc,stats    ]    Subphase: Concurrent Classes Purge                      0.095 / 0.126         0.088 / 0.200         0.088 / 0.200         0.088 / 0.200       ms
[70.038s][info][gc,stats    ]    Subphase: Concurrent Classes Unlink                     1.198 / 1.335         1.225 / 2.988         1.225 / 2.988         1.225 / 2.988       ms
[70.038s][info][gc,stats    ]    Subphase: Concurrent Mark                              36.888 / 42.152       42.044 / 106.127      42.044 / 106.127      42.044 / 106.127     ms
[70.038s][info][gc,stats    ]    Subphase: Concurrent Mark Idle                          0.000 / 0.000         0.000 / 0.000         0.000 / 0.000         0.000 / 0.000       ms
[70.038s][info][gc,stats    ]    Subphase: Concurrent Mark Try Flush                     0.063 / 0.120         0.069 / 0.160         0.069 / 0.160         0.069 / 0.160       ms
[70.038s][info][gc,stats    ]    Subphase: Concurrent Mark Try Terminate                 0.029 / 0.092         0.031 / 0.107         0.031 / 0.107         0.031 / 0.107       ms
[70.038s][info][gc,stats    ]    Subphase: Concurrent References Enqueue                 0.000 / 0.001         0.000 / 0.002         0.000 / 0.002         0.000 / 0.002       ms
[70.038s][info][gc,stats    ]    Subphase: Concurrent References Process                 0.050 / 0.096         0.057 / 0.131         0.057 / 0.131         0.057 / 0.131       ms
[70.038s][info][gc,stats    ]    Subphase: Concurrent Roots                              0.040 / 0.042         0.056 / 0.196         0.056 / 0.196         0.056 / 0.196       ms
[70.038s][info][gc,stats    ]    Subphase: Concurrent Roots ClassLoaderDataGraph         0.036 / 0.038         0.050 / 0.184         0.050 / 0.184         0.050 / 0.184       ms
[70.038s][info][gc,stats    ]    Subphase: Concurrent Roots JNIHandles                   0.002 / 0.002         0.003 / 0.009         0.003 / 0.009         0.003 / 0.009       ms
[70.038s][info][gc,stats    ]    Subphase: Concurrent Roots Setup                        0.003 / 0.003         0.003 / 0.008         0.003 / 0.008         0.003 / 0.008       ms
[70.038s][info][gc,stats    ]    Subphase: Concurrent Roots Teardown                     0.000 / 0.000         0.000 / 0.000         0.000 / 0.000         0.000 / 0.000       ms
[70.038s][info][gc,stats    ]    Subphase: Concurrent Roots VMHandles                    0.002 / 0.002         0.002 / 0.007         0.002 / 0.007         0.002 / 0.007       ms
[70.038s][info][gc,stats    ]    Subphase: Concurrent Weak Roots                         0.147 / 0.164         0.188 / 0.433         0.188 / 0.433         0.188 / 0.433       ms
[70.038s][info][gc,stats    ]    Subphase: Concurrent Weak Roots JNIWeakHandles          0.000 / 0.001         0.000 / 0.001         0.000 / 0.001         0.000 / 0.001       ms
[70.038s][info][gc,stats    ]    Subphase: Concurrent Weak Roots ResolvedMethodTable     0.006 / 0.006         0.007 / 0.018         0.007 / 0.018         0.007 / 0.018       ms
[70.038s][info][gc,stats    ]    Subphase: Concurrent Weak Roots StringTable             0.139 / 0.155         0.178 / 0.416         0.178 / 0.416         0.178 / 0.416       ms
[70.038s][info][gc,stats    ]    Subphase: Concurrent Weak Roots VMWeakHandles           0.002 / 0.003         0.002 / 0.010         0.002 / 0.010         0.002 / 0.010       ms
[70.038s][info][gc,stats    ]    Subphase: Pause Mark Try Complete                       0.136 / 0.179         0.158 / 0.348         0.158 / 0.348         0.158 / 0.348       ms
[70.038s][info][gc,stats    ]    Subphase: Pause Roots                                   0.012 / 0.051         0.013 / 0.246         0.013 / 0.246         0.013 / 0.246       ms
[70.038s][info][gc,stats    ]    Subphase: Pause Roots CodeCache                         0.000 / 0.000         0.000 / 0.000         0.000 / 0.000         0.000 / 0.000       ms
[70.038s][info][gc,stats    ]    Subphase: Pause Roots JVMTIExport                       0.001 / 0.001         0.001 / 0.004         0.001 / 0.004         0.001 / 0.004       ms
[70.038s][info][gc,stats    ]    Subphase: Pause Roots JVMTIWeakExport                   0.001 / 0.003         0.001 / 0.003         0.001 / 0.003         0.001 / 0.003       ms
[70.038s][info][gc,stats    ]    Subphase: Pause Roots Java Threads                      0.018 / 0.048         0.019 / 0.246         0.019 / 0.246         0.019 / 0.246       ms
[70.038s][info][gc,stats    ]    Subphase: Pause Roots Management                        0.001 / 0.002         0.001 / 0.004         0.001 / 0.004         0.001 / 0.004       ms
[70.038s][info][gc,stats    ]    Subphase: Pause Roots ObjectSynchronizer                0.000 / 0.000         0.000 / 0.022         0.000 / 0.022         0.000 / 0.022       ms
[70.038s][info][gc,stats    ]    Subphase: Pause Roots Setup                             0.000 / 0.001         0.000 / 0.001         0.000 / 0.001         0.000 / 0.001       ms
[70.038s][info][gc,stats    ]    Subphase: Pause Roots Teardown                          0.000 / 0.001         0.000 / 0.002         0.000 / 0.002         0.000 / 0.002       ms
[70.038s][info][gc,stats    ]    Subphase: Pause Roots Universe                          0.001 / 0.003         0.001 / 0.015         0.001 / 0.015         0.001 / 0.015       ms
[70.038s][info][gc,stats    ]    Subphase: Pause Roots VM Thread                         0.001 / 0.002         0.001 / 0.003         0.001 / 0.003         0.001 / 0.003       ms
[70.038s][info][gc,stats    ]    Subphase: Pause Weak Roots                              0.003 / 0.020         0.003 / 0.086         0.003 / 0.086         0.003 / 0.086       ms
[70.038s][info][gc,stats    ]    Subphase: Pause Weak Roots JFRWeak                      0.013 / 0.020         0.013 / 0.082         0.013 / 0.082         0.013 / 0.082       ms
[70.038s][info][gc,stats    ]    Subphase: Pause Weak Roots JVMTIWeakExport              0.001 / 0.001         0.001 / 0.003         0.001 / 0.003         0.001 / 0.003       ms
[70.038s][info][gc,stats    ]    Subphase: Pause Weak Roots Setup                        0.000 / 0.000         0.000 / 0.001         0.000 / 0.001         0.000 / 0.001       ms
[70.038s][info][gc,stats    ]    Subphase: Pause Weak Roots Teardown                     0.000 / 0.000         0.000 / 0.000         0.000 / 0.000         0.000 / 0.000       ms
[70.038s][info][gc,stats    ]      System: Java Threads                                     14 / 14               14 / 15               14 / 15               14 / 15          threads
[70.038s][info][gc,stats    ] =========================================================================================================================================================
[70.438s][info][gc,start    ] GC(130) Garbage Collection (Allocation Rate)
[70.438s][info][gc,phases   ] GC(130) Pause Mark Start 0.067ms
[70.474s][info][gc,phases   ] GC(130) Concurrent Mark 36.277ms
[70.475s][info][gc,phases   ] GC(130) Pause Mark End 0.192ms
[70.476s][info][gc,phases   ] GC(130) Concurrent Process Non-Strong References 1.657ms
[70.477s][info][gc,phases   ] GC(130) Concurrent Reset Relocation Set 0.860ms
[70.484s][info][gc,phases   ] GC(130) Concurrent Select Relocation Set 6.389ms
[70.484s][info][gc,phases   ] GC(130) Pause Relocate Start 0.054ms
[70.514s][info][gc,phases   ] GC(130) Concurrent Relocate 30.267ms
[70.514s][info][gc,load     ] GC(130) Load: 0.00/0.00/0.00
[70.514s][info][gc,mmu      ] GC(130) MMU: 2ms/77.0%, 5ms/89.5%, 10ms/94.4%, 20ms/97.2%, 50ms/98.7%, 100ms/99.4%
[70.514s][info][gc,marking  ] GC(130) Mark: 1 stripe(s), 2 proactive flush(es), 1 terminate flush(es), 1 completion(s), 0 continuation(s) 
[70.514s][info][gc,nmethod  ] GC(130) NMethods: 1472 registered, 0 unregistered
[70.514s][info][gc,metaspace] GC(130) Metaspace: 4M used, 4M capacity, 4M committed, 1032M reserved
[70.514s][info][gc,ref      ] GC(130) Soft: 261 encountered, 0 discovered, 0 enqueued
[70.514s][info][gc,ref      ] GC(130) Weak: 280 encountered, 229 discovered, 0 enqueued
[70.514s][info][gc,ref      ] GC(130) Final: 1 encountered, 0 discovered, 0 enqueued
[70.514s][info][gc,ref      ] GC(130) Phantom: 39 encountered, 30 discovered, 0 enqueued
[70.514s][info][gc,reloc    ] GC(130) Small Pages: 1217 / 2434M(100%), Empty: 2286M(94%), Compacting: 144M(6%)->52M(2%)
[70.514s][info][gc,reloc    ] GC(130) Medium Pages: 0 / 0M(0%), Empty: 0M(0%), Compacting: 0M(0%)->0M(0%)
[70.514s][info][gc,reloc    ] GC(130) Large Pages: 1 / 8M(0%), Empty: 0M(0%), Compacting: 0M(0%)->0M(0%)
[70.514s][info][gc,reloc    ] GC(130) Relocation: Successful
[70.514s][info][gc,heap     ] GC(130) Min Capacity: 42M(1%)
[70.514s][info][gc,heap     ] GC(130) Max Capacity: 4060M(100%)
[70.514s][info][gc,heap     ] GC(130) Soft Max Capacity: 4060M(100%)
[70.514s][info][gc,heap     ] GC(130)                Mark Start          Mark End        Relocate Start      Relocate End           High               Low         
[70.515s][info][gc,heap     ] GC(130)  Capacity:     3174M (78%)        3174M (78%)        3174M (78%)        3174M (78%)        3174M (78%)        3174M (78%)    
[70.515s][info][gc,heap     ] GC(130)   Reserve:       42M (1%)           42M (1%)           42M (1%)           42M (1%)           42M (1%)           42M (1%)     
[70.515s][info][gc,heap     ] GC(130)      Free:     1576M (39%)        1406M (35%)        3654M (90%)        3602M (89%)        3680M (91%)        1394M (34%)    
[70.515s][info][gc,heap     ] GC(130)      Used:     2442M (60%)        2612M (64%)         364M (9%)          416M (10%)        2624M (65%)         338M (8%)     
[70.515s][info][gc,heap     ] GC(130)      Live:         -                57M (1%)           57M (1%)           57M (1%)             -                  -          
[70.515s][info][gc,heap     ] GC(130) Allocated:         -               170M (4%)          208M (5%)          404M (10%)            -                  -          
[70.515s][info][gc,heap     ] GC(130)   Garbage:         -              2384M (59%)          98M (2%)            6M (0%)             -                  -          
[70.515s][info][gc,heap     ] GC(130) Reclaimed:         -                  -              2286M (56%)        2378M (59%)            -                  -          
[70.515s][info][gc          ] GC(130) Garbage Collection (Allocation Rate) 2442M(60%)->416M(10%)
[70.938s][info][gc,start    ] GC(131) Garbage Collection (Allocation Rate)
[70.938s][info][gc,phases   ] GC(131) Pause Mark Start 0.062ms
[70.966s][info][gc,phases   ] GC(131) Concurrent Mark 27.719ms
[70.966s][info][gc,phases   ] GC(131) Pause Mark End 0.216ms
[70.968s][info][gc,phases   ] GC(131) Concurrent Process Non-Strong References 1.394ms
[70.969s][info][gc,phases   ] GC(131) Concurrent Reset Relocation Set 0.802ms
[70.970s][info][gc,phases   ] GC(131) Concurrent Select Relocation Set 1.747ms
[70.971s][info][gc,phases   ] GC(131) Pause Relocate Start 0.058ms
[70.972s][info][gc,phases   ] GC(131) Concurrent Relocate 0.837ms
[70.972s][info][gc,load     ] GC(131) Load: 0.00/0.00/0.00
[70.972s][info][gc,mmu      ] GC(131) MMU: 2ms/77.0%, 5ms/89.5%, 10ms/94.4%, 20ms/97.2%, 50ms/98.7%, 100ms/99.4%
[70.972s][info][gc,marking  ] GC(131) Mark: 1 stripe(s), 2 proactive flush(es), 1 terminate flush(es), 1 completion(s), 0 continuation(s) 
[70.972s][info][gc,nmethod  ] GC(131) NMethods: 1472 registered, 0 unregistered
[70.972s][info][gc,metaspace] GC(131) Metaspace: 4M used, 4M capacity, 4M committed, 1032M reserved
[70.972s][info][gc,ref      ] GC(131) Soft: 261 encountered, 0 discovered, 0 enqueued
[70.972s][info][gc,ref      ] GC(131) Weak: 280 encountered, 229 discovered, 0 enqueued
[70.972s][info][gc,ref      ] GC(131) Final: 1 encountered, 0 discovered, 0 enqueued
[70.972s][info][gc,ref      ] GC(131) Phantom: 39 encountered, 30 discovered, 0 enqueued
[70.972s][info][gc,reloc    ] GC(131) Small Pages: 1225 / 2450M(100%), Empty: 2396M(97%), Compacting: 14M(1%)->2M(0%)
[70.972s][info][gc,reloc    ] GC(131) Medium Pages: 0 / 0M(0%), Empty: 0M(0%), Compacting: 0M(0%)->0M(0%)
[70.972s][info][gc,reloc    ] GC(131) Large Pages: 1 / 8M(0%), Empty: 0M(0%), Compacting: 0M(0%)->0M(0%)
[70.972s][info][gc,reloc    ] GC(131) Relocation: Successful
[70.972s][info][gc,heap     ] GC(131) Min Capacity: 42M(1%)
[70.972s][info][gc,heap     ] GC(131) Max Capacity: 4060M(100%)
[70.972s][info][gc,heap     ] GC(131) Soft Max Capacity: 4060M(100%)
[70.972s][info][gc,heap     ] GC(131)                Mark Start          Mark End        Relocate Start      Relocate End           High               Low         
[70.972s][info][gc,heap     ] GC(131)  Capacity:     3174M (78%)        3174M (78%)        3174M (78%)        3174M (78%)        3174M (78%)        3174M (78%)    
[70.972s][info][gc,heap     ] GC(131)   Reserve:       42M (1%)           42M (1%)           42M (1%)           42M (1%)           42M (1%)           42M (1%)     
[70.972s][info][gc,heap     ] GC(131)      Free:     1560M (38%)        1424M (35%)        3802M (94%)        3810M (94%)        3810M (94%)        1414M (35%)    
[70.972s][info][gc,heap     ] GC(131)      Used:     2458M (61%)        2594M (64%)         216M (5%)          208M (5%)         2604M (64%)         208M (5%)     
[70.972s][info][gc,heap     ] GC(131)      Live:         -                43M (1%)           43M (1%)           43M (1%)             -                  -          
[70.972s][info][gc,heap     ] GC(131) Allocated:         -               136M (3%)          154M (4%)          160M (4%)             -                  -          
[70.972s][info][gc,heap     ] GC(131)   Garbage:         -              2414M (59%)          18M (0%)            6M (0%)             -                  -          
[70.972s][info][gc,heap     ] GC(131) Reclaimed:         -                  -              2396M (59%)        2408M (59%)            -                  -          
[70.972s][info][gc          ] GC(131) Garbage Collection (Allocation Rate) 2458M(61%)->208M(5%)
[71.438s][info][gc,start    ] GC(132) Garbage Collection (Allocation Rate)
[71.438s][info][gc,phases   ] GC(132) Pause Mark Start 0.058ms
[71.479s][info][gc,phases   ] GC(132) Concurrent Mark 40.137ms
[71.479s][info][gc,phases   ] GC(132) Pause Mark End 0.236ms
[71.481s][info][gc,phases   ] GC(132) Concurrent Process Non-Strong References 1.614ms
[71.481s][info][gc,phases   ] GC(132) Concurrent Reset Relocation Set 0.022ms
[71.483s][info][gc,phases   ] GC(132) Concurrent Select Relocation Set 2.351ms
[71.483s][info][gc,phases   ] GC(132) Pause Relocate Start 0.065ms
[71.490s][info][gc,phases   ] GC(132) Concurrent Relocate 6.706ms
[71.490s][info][gc,load     ] GC(132) Load: 0.00/0.00/0.00
[71.490s][info][gc,mmu      ] GC(132) MMU: 2ms/77.0%, 5ms/89.5%, 10ms/94.4%, 20ms/97.2%, 50ms/98.7%, 100ms/99.4%
[71.490s][info][gc,marking  ] GC(132) Mark: 1 stripe(s), 2 proactive flush(es), 1 terminate flush(es), 1 completion(s), 0 continuation(s) 
[71.490s][info][gc,nmethod  ] GC(132) NMethods: 1472 registered, 0 unregistered
[71.490s][info][gc,metaspace] GC(132) Metaspace: 4M used, 4M capacity, 4M committed, 1032M reserved
[71.490s][info][gc,ref      ] GC(132) Soft: 261 encountered, 0 discovered, 0 enqueued
[71.490s][info][gc,ref      ] GC(132) Weak: 280 encountered, 229 discovered, 0 enqueued
[71.490s][info][gc,ref      ] GC(132) Final: 1 encountered, 0 discovered, 0 enqueued
[71.490s][info][gc,ref      ] GC(132) Phantom: 39 encountered, 30 discovered, 0 enqueued
[71.490s][info][gc,reloc    ] GC(132) Small Pages: 1224 / 2448M(100%), Empty: 2354M(96%), Compacting: 34M(1%)->12M(0%)
[71.490s][info][gc,reloc    ] GC(132) Medium Pages: 0 / 0M(0%), Empty: 0M(0%), Compacting: 0M(0%)->0M(0%)
[71.490s][info][gc,reloc    ] GC(132) Large Pages: 1 / 8M(0%), Empty: 0M(0%), Compacting: 0M(0%)->0M(0%)
[71.490s][info][gc,reloc    ] GC(132) Relocation: Successful
[71.490s][info][gc,heap     ] GC(132) Min Capacity: 42M(1%)
[71.490s][info][gc,heap     ] GC(132) Max Capacity: 4060M(100%)
[71.490s][info][gc,heap     ] GC(132) Soft Max Capacity: 4060M(100%)
[71.490s][info][gc,heap     ] GC(132)                Mark Start          Mark End        Relocate Start      Relocate End           High               Low         
[71.490s][info][gc,heap     ] GC(132)  Capacity:     3174M (78%)        3174M (78%)        3174M (78%)        3174M (78%)        3174M (78%)        3174M (78%)    
[71.490s][info][gc,heap     ] GC(132)   Reserve:       42M (1%)           42M (1%)           42M (1%)           42M (1%)           42M (1%)           42M (1%)     
[71.490s][info][gc,heap     ] GC(132)      Free:     1562M (38%)        1370M (34%)        3704M (91%)        3692M (91%)        3716M (92%)        1362M (34%)    
[71.490s][info][gc,heap     ] GC(132)      Used:     2456M (60%)        2648M (65%)         314M (8%)          326M (8%)         2656M (65%)         302M (7%)     
[71.490s][info][gc,heap     ] GC(132)      Live:         -                69M (2%)           69M (2%)           69M (2%)             -                  -          
[71.490s][info][gc,heap     ] GC(132) Allocated:         -               192M (5%)          212M (5%)          258M (6%)             -                  -          
[71.490s][info][gc,heap     ] GC(132)   Garbage:         -              2386M (59%)          32M (1%)           12M (0%)             -                  -          
[71.490s][info][gc,heap     ] GC(132) Reclaimed:         -                  -              2354M (58%)        2374M (58%)            -                  -          
[71.490s][info][gc          ] GC(132) Garbage Collection (Allocation Rate) 2456M(60%)->326M(8%)
[71.938s][info][gc,start    ] GC(133) Garbage Collection (Allocation Rate)
[71.938s][info][gc,phases   ] GC(133) Pause Mark Start 0.062ms
[71.976s][info][gc,phases   ] GC(133) Concurrent Mark 38.271ms
[71.977s][info][gc,phases   ] GC(133) Pause Mark End 0.230ms
[71.978s][info][gc,phases   ] GC(133) Concurrent Process Non-Strong References 1.572ms
[71.978s][info][gc,phases   ] GC(133) Concurrent Reset Relocation Set 0.034ms
[71.982s][info][gc,phases   ] GC(133) Concurrent Select Relocation Set 3.170ms
[71.982s][info][gc,phases   ] GC(133) Pause Relocate Start 0.069ms
[72.004s][info][gc,phases   ] GC(133) Concurrent Relocate 21.548ms
[72.004s][info][gc,load     ] GC(133) Load: 0.00/0.00/0.00
[72.004s][info][gc,mmu      ] GC(133) MMU: 2ms/77.0%, 5ms/89.5%, 10ms/94.4%, 20ms/97.2%, 50ms/98.7%, 100ms/99.4%
[72.004s][info][gc,marking  ] GC(133) Mark: 1 stripe(s), 2 proactive flush(es), 1 terminate flush(es), 1 completion(s), 0 continuation(s) 
[72.004s][info][gc,nmethod  ] GC(133) NMethods: 1472 registered, 0 unregistered
[72.004s][info][gc,metaspace] GC(133) Metaspace: 4M used, 4M capacity, 4M committed, 1032M reserved
[72.004s][info][gc,ref      ] GC(133) Soft: 261 encountered, 0 discovered, 0 enqueued
[72.004s][info][gc,ref      ] GC(133) Weak: 280 encountered, 229 discovered, 0 enqueued
[72.004s][info][gc,ref      ] GC(133) Final: 1 encountered, 0 discovered, 0 enqueued
[72.004s][info][gc,ref      ] GC(133) Phantom: 39 encountered, 30 discovered, 0 enqueued
[72.004s][info][gc,reloc    ] GC(133) Small Pages: 1236 / 2472M(100%), Empty: 2336M(94%), Compacting: 112M(5%)->38M(2%)
[72.004s][info][gc,reloc    ] GC(133) Medium Pages: 0 / 0M(0%), Empty: 0M(0%), Compacting: 0M(0%)->0M(0%)
[72.004s][info][gc,reloc    ] GC(133) Large Pages: 1 / 8M(0%), Empty: 0M(0%), Compacting: 0M(0%)->0M(0%)
[72.004s][info][gc,reloc    ] GC(133) Relocation: Successful
[72.004s][info][gc,heap     ] GC(133) Min Capacity: 42M(1%)
[72.004s][info][gc,heap     ] GC(133) Max Capacity: 4060M(100%)
[72.004s][info][gc,heap     ] GC(133) Soft Max Capacity: 4060M(100%)
[72.004s][info][gc,heap     ] GC(133)                Mark Start          Mark End        Relocate Start      Relocate End           High               Low         
[72.004s][info][gc,heap     ] GC(133)  Capacity:     3174M (78%)        3174M (78%)        3174M (78%)        3174M (78%)        3174M (78%)        3174M (78%)    
[72.004s][info][gc,heap     ] GC(133)   Reserve:       42M (1%)           42M (1%)           42M (1%)           42M (1%)           42M (1%)           42M (1%)     
[72.004s][info][gc,heap     ] GC(133)      Free:     1538M (38%)        1356M (33%)        3670M (90%)        3644M (90%)        3684M (91%)        1350M (33%)    
[72.004s][info][gc,heap     ] GC(133)      Used:     2480M (61%)        2662M (66%)         348M (9%)          374M (9%)         2668M (66%)         334M (8%)     
[72.004s][info][gc,heap     ] GC(133)      Live:         -                61M (2%)           61M (2%)           61M (2%)             -                  -          
[72.004s][info][gc,heap     ] GC(133) Allocated:         -               182M (4%)          204M (5%)          342M (8%)             -                  -          
[72.004s][info][gc,heap     ] GC(133)   Garbage:         -              2418M (60%)          82M (2%)            6M (0%)             -                  -          
[72.004s][info][gc,heap     ] GC(133) Reclaimed:         -                  -              2336M (58%)        2412M (59%)            -                  -          
[72.004s][info][gc          ] GC(133) Garbage Collection (Allocation Rate) 2480M(61%)->374M(9%)
[72.437s][info][gc,start    ] GC(134) Garbage Collection (Allocation Rate)
[72.438s][info][gc,phases   ] GC(134) Pause Mark Start 0.084ms
[72.476s][info][gc,phases   ] GC(134) Concurrent Mark 38.296ms
[72.476s][info][gc,phases   ] GC(134) Pause Mark End 0.259ms
[72.478s][info][gc,phases   ] GC(134) Concurrent Process Non-Strong References 1.575ms
[72.479s][info][gc,phases   ] GC(134) Concurrent Reset Relocation Set 0.999ms
[72.485s][info][gc,phases   ] GC(134) Concurrent Select Relocation Set 5.683ms
[72.485s][info][gc,phases   ] GC(134) Pause Relocate Start 0.084ms
[72.521s][info][gc,phases   ] GC(134) Concurrent Relocate 35.608ms
[72.521s][info][gc,load     ] GC(134) Load: 0.00/0.00/0.00
[72.521s][info][gc,mmu      ] GC(134) MMU: 2ms/77.0%, 5ms/89.5%, 10ms/94.4%, 20ms/97.2%, 50ms/98.7%, 100ms/99.4%
[72.521s][info][gc,marking  ] GC(134) Mark: 1 stripe(s), 2 proactive flush(es), 1 terminate flush(es), 1 completion(s), 0 continuation(s) 
[72.521s][info][gc,nmethod  ] GC(134) NMethods: 1472 registered, 0 unregistered
[72.521s][info][gc,metaspace] GC(134) Metaspace: 4M used, 4M capacity, 4M committed, 1032M reserved
[72.521s][info][gc,ref      ] GC(134) Soft: 261 encountered, 0 discovered, 0 enqueued
[72.521s][info][gc,ref      ] GC(134) Weak: 280 encountered, 229 discovered, 0 enqueued
[72.521s][info][gc,ref      ] GC(134) Final: 1 encountered, 0 discovered, 0 enqueued
[72.521s][info][gc,ref      ] GC(134) Phantom: 39 encountered, 30 discovered, 0 enqueued
[72.521s][info][gc,reloc    ] GC(134) Small Pages: 1218 / 2436M(100%), Empty: 2278M(93%), Compacting: 154M(6%)->52M(2%)
[72.521s][info][gc,reloc    ] GC(134) Medium Pages: 0 / 0M(0%), Empty: 0M(0%), Compacting: 0M(0%)->0M(0%)
[72.521s][info][gc,reloc    ] GC(134) Large Pages: 1 / 8M(0%), Empty: 0M(0%), Compacting: 0M(0%)->0M(0%)
[72.521s][info][gc,reloc    ] GC(134) Relocation: Successful
[72.521s][info][gc,heap     ] GC(134) Min Capacity: 42M(1%)
[72.521s][info][gc,heap     ] GC(134) Max Capacity: 4060M(100%)
[72.521s][info][gc,heap     ] GC(134) Soft Max Capacity: 4060M(100%)
[72.521s][info][gc,heap     ] GC(134)                Mark Start          Mark End        Relocate Start      Relocate End           High               Low         
[72.521s][info][gc,heap     ] GC(134)  Capacity:     3174M (78%)        3174M (78%)        3174M (78%)        3174M (78%)        3174M (78%)        3174M (78%)    
[72.521s][info][gc,heap     ] GC(134)   Reserve:       42M (1%)           42M (1%)           42M (1%)           42M (1%)           42M (1%)           42M (1%)     
[72.521s][info][gc,heap     ] GC(134)      Free:     1574M (39%)        1398M (34%)        3638M (90%)        3600M (89%)        3664M (90%)        1386M (34%)    
[72.521s][info][gc,heap     ] GC(134)      Used:     2444M (60%)        2620M (65%)         380M (9%)          418M (10%)        2632M (65%)         354M (9%)     
[72.521s][info][gc,heap     ] GC(134)      Live:         -                56M (1%)           56M (1%)           56M (1%)             -                  -          
[72.521s][info][gc,heap     ] GC(134) Allocated:         -               176M (4%)          214M (5%)          406M (10%)            -                  -          
[72.521s][info][gc,heap     ] GC(134)   Garbage:         -              2387M (59%)         109M (3%)            5M (0%)             -                  -          
[72.521s][info][gc,heap     ] GC(134) Reclaimed:         -                  -              2278M (56%)        2382M (59%)            -                  -          
[72.521s][info][gc          ] GC(134) Garbage Collection (Allocation Rate) 2444M(60%)->418M(10%)
[72.939s][info][gc,start    ] GC(135) Garbage Collection (Allocation Rate)
[72.939s][info][gc,phases   ] GC(135) Pause Mark Start 0.066ms
[72.976s][info][gc,phases   ] GC(135) Concurrent Mark 37.164ms
[72.977s][info][gc,phases   ] GC(135) Pause Mark End 0.247ms
[72.978s][info][gc,phases   ] GC(135) Concurrent Process Non-Strong References 1.634ms
[72.979s][info][gc,phases   ] GC(135) Concurrent Reset Relocation Set 0.781ms
[72.984s][info][gc,phases   ] GC(135) Concurrent Select Relocation Set 4.740ms
[72.984s][info][gc,phases   ] GC(135) Pause Relocate Start 0.064ms
[73.015s][info][gc,phases   ] GC(135) Concurrent Relocate 31.152ms
[73.015s][info][gc,load     ] GC(135) Load: 0.00/0.00/0.00
[73.015s][info][gc,mmu      ] GC(135) MMU: 2ms/77.0%, 5ms/89.5%, 10ms/94.4%, 20ms/97.2%, 50ms/98.7%, 100ms/99.4%
[73.015s][info][gc,marking  ] GC(135) Mark: 1 stripe(s), 2 proactive flush(es), 1 terminate flush(es), 1 completion(s), 0 continuation(s) 
[73.015s][info][gc,nmethod  ] GC(135) NMethods: 1472 registered, 0 unregistered
[73.015s][info][gc,metaspace] GC(135) Metaspace: 4M used, 4M capacity, 4M committed, 1032M reserved
[73.015s][info][gc,ref      ] GC(135) Soft: 261 encountered, 0 discovered, 0 enqueued
[73.015s][info][gc,ref      ] GC(135) Weak: 280 encountered, 229 discovered, 0 enqueued
[73.015s][info][gc,ref      ] GC(135) Final: 1 encountered, 0 discovered, 0 enqueued
[73.015s][info][gc,ref      ] GC(135) Phantom: 39 encountered, 30 discovered, 0 enqueued
[73.015s][info][gc,reloc    ] GC(135) Small Pages: 1207 / 2414M(100%), Empty: 2254M(93%), Compacting: 156M(6%)->54M(2%)
[73.015s][info][gc,reloc    ] GC(135) Medium Pages: 0 / 0M(0%), Empty: 0M(0%), Compacting: 0M(0%)->0M(0%)
[73.015s][info][gc,reloc    ] GC(135) Large Pages: 1 / 8M(0%), Empty: 0M(0%), Compacting: 0M(0%)->0M(0%)
[73.015s][info][gc,reloc    ] GC(135) Relocation: Successful
[73.015s][info][gc,heap     ] GC(135) Min Capacity: 42M(1%)
[73.015s][info][gc,heap     ] GC(135) Max Capacity: 4060M(100%)
[73.015s][info][gc,heap     ] GC(135) Soft Max Capacity: 4060M(100%)
[73.015s][info][gc,heap     ] GC(135)                Mark Start          Mark End        Relocate Start      Relocate End           High               Low         
[73.015s][info][gc,heap     ] GC(135)  Capacity:     3174M (78%)        3174M (78%)        3174M (78%)        3174M (78%)        3174M (78%)        3174M (78%)    
[73.015s][info][gc,heap     ] GC(135)   Reserve:       42M (1%)           42M (1%)           42M (1%)           42M (1%)           42M (1%)           42M (1%)     
[73.015s][info][gc,heap     ] GC(135)      Free:     1596M (39%)        1420M (35%)        3640M (90%)        3602M (89%)        3662M (90%)        1408M (35%)    
[73.015s][info][gc,heap     ] GC(135)      Used:     2422M (60%)        2598M (64%)         378M (9%)          416M (10%)        2610M (64%)         356M (9%)     
[73.015s][info][gc,heap     ] GC(135)      Live:         -                58M (1%)           58M (1%)           58M (1%)             -                  -          
[73.015s][info][gc,heap     ] GC(135) Allocated:         -               176M (4%)          210M (5%)          404M (10%)            -                  -          
[73.015s][info][gc,heap     ] GC(135)   Garbage:         -              2363M (58%)         109M (3%)            3M (0%)             -                  -          
[73.015s][info][gc,heap     ] GC(135) Reclaimed:         -                  -              2254M (56%)        2360M (58%)            -                  -          
[73.015s][info][gc          ] GC(135) Garbage Collection (Allocation Rate) 2422M(60%)->416M(10%)
[73.438s][info][gc,start    ] GC(136) Garbage Collection (Allocation Rate)
[73.439s][info][gc,phases   ] GC(136) Pause Mark Start 0.063ms
[73.471s][info][gc,phases   ] GC(136) Concurrent Mark 32.529ms
[73.472s][info][gc,phases   ] GC(136) Pause Mark End 0.243ms
[73.473s][info][gc,phases   ] GC(136) Concurrent Process Non-Strong References 1.640ms
[73.474s][info][gc,phases   ] GC(136) Concurrent Reset Relocation Set 0.772ms
[73.478s][info][gc,phases   ] GC(136) Concurrent Select Relocation Set 3.896ms
[73.478s][info][gc,phases   ] GC(136) Pause Relocate Start 0.071ms
[73.496s][info][gc,phases   ] GC(136) Concurrent Relocate 17.192ms
[73.496s][info][gc,load     ] GC(136) Load: 0.00/0.00/0.00
[73.496s][info][gc,mmu      ] GC(136) MMU: 2ms/77.0%, 5ms/89.5%, 10ms/94.4%, 20ms/97.2%, 50ms/98.7%, 100ms/99.4%
[73.496s][info][gc,marking  ] GC(136) Mark: 1 stripe(s), 2 proactive flush(es), 1 terminate flush(es), 1 completion(s), 0 continuation(s) 
[73.496s][info][gc,nmethod  ] GC(136) NMethods: 1472 registered, 0 unregistered
[73.496s][info][gc,metaspace] GC(136) Metaspace: 4M used, 4M capacity, 4M committed, 1032M reserved
[73.496s][info][gc,ref      ] GC(136) Soft: 261 encountered, 0 discovered, 0 enqueued
[73.496s][info][gc,ref      ] GC(136) Weak: 280 encountered, 229 discovered, 0 enqueued
[73.496s][info][gc,ref      ] GC(136) Final: 1 encountered, 0 discovered, 0 enqueued
[73.496s][info][gc,ref      ] GC(136) Phantom: 39 encountered, 30 discovered, 0 enqueued
[73.496s][info][gc,reloc    ] GC(136) Small Pages: 1224 / 2448M(100%), Empty: 2344M(95%), Compacting: 84M(3%)->30M(1%)
[73.496s][info][gc,reloc    ] GC(136) Medium Pages: 0 / 0M(0%), Empty: 0M(0%), Compacting: 0M(0%)->0M(0%)
[73.496s][info][gc,reloc    ] GC(136) Large Pages: 1 / 8M(0%), Empty: 0M(0%), Compacting: 0M(0%)->0M(0%)
[73.496s][info][gc,reloc    ] GC(136) Relocation: Successful
[73.496s][info][gc,heap     ] GC(136) Min Capacity: 42M(1%)
[73.496s][info][gc,heap     ] GC(136) Max Capacity: 4060M(100%)
[73.496s][info][gc,heap     ] GC(136) Soft Max Capacity: 4060M(100%)
[73.496s][info][gc,heap     ] GC(136)                Mark Start          Mark End        Relocate Start      Relocate End           High               Low         
[73.496s][info][gc,heap     ] GC(136)  Capacity:     3174M (78%)        3174M (78%)        3174M (78%)        3174M (78%)        3174M (78%)        3174M (78%)    
[73.496s][info][gc,heap     ] GC(136)   Reserve:       42M (1%)           42M (1%)           42M (1%)           42M (1%)           42M (1%)           42M (1%)     
[73.496s][info][gc,heap     ] GC(136)      Free:     1562M (38%)        1408M (35%)        3722M (92%)        3694M (91%)        3740M (92%)        1396M (34%)    
[73.496s][info][gc,heap     ] GC(136)      Used:     2456M (60%)        2610M (64%)         296M (7%)          324M (8%)         2622M (65%)         278M (7%)     
[73.496s][info][gc,heap     ] GC(136)      Live:         -                51M (1%)           51M (1%)           51M (1%)             -                  -          
[73.496s][info][gc,heap     ] GC(136) Allocated:         -               154M (4%)          184M (5%)          296M (7%)             -                  -          
[73.496s][info][gc,heap     ] GC(136)   Garbage:         -              2404M (59%)          60M (1%)            6M (0%)             -                  -          
[73.496s][info][gc,heap     ] GC(136) Reclaimed:         -                  -              2344M (58%)        2398M (59%)            -                  -          
[73.496s][info][gc          ] GC(136) Garbage Collection (Allocation Rate) 2456M(60%)->324M(8%)
[73.938s][info][gc,start    ] GC(137) Garbage Collection (Allocation Rate)
[73.938s][info][gc,phases   ] GC(137) Pause Mark Start 0.056ms
[73.973s][info][gc,phases   ] GC(137) Concurrent Mark 34.263ms
[73.973s][info][gc,phases   ] GC(137) Pause Mark End 0.196ms
[73.975s][info][gc,phases   ] GC(137) Concurrent Process Non-Strong References 2.038ms
[73.976s][info][gc,phases   ] GC(137) Concurrent Reset Relocation Set 1.323ms
[73.979s][info][gc,phases   ] GC(137) Concurrent Select Relocation Set 2.298ms
[73.979s][info][gc,phases   ] GC(137) Pause Relocate Start 0.056ms
[73.982s][info][gc,phases   ] GC(137) Concurrent Relocate 1.473ms
[73.982s][info][gc,load     ] GC(137) Load: 0.00/0.00/0.00
[73.982s][info][gc,mmu      ] GC(137) MMU: 2ms/77.0%, 5ms/89.5%, 10ms/94.4%, 20ms/97.2%, 50ms/98.7%, 100ms/99.4%
[73.982s][info][gc,marking  ] GC(137) Mark: 1 stripe(s), 2 proactive flush(es), 1 terminate flush(es), 1 completion(s), 0 continuation(s) 
[73.982s][info][gc,nmethod  ] GC(137) NMethods: 1472 registered, 0 unregistered
[73.982s][info][gc,metaspace] GC(137) Metaspace: 4M used, 4M capacity, 4M committed, 1032M reserved
[73.982s][info][gc,ref      ] GC(137) Soft: 261 encountered, 0 discovered, 0 enqueued
[73.982s][info][gc,ref      ] GC(137) Weak: 280 encountered, 229 discovered, 0 enqueued
[73.982s][info][gc,ref      ] GC(137) Final: 1 encountered, 0 discovered, 0 enqueued
[73.982s][info][gc,ref      ] GC(137) Phantom: 39 encountered, 30 discovered, 0 enqueued
[73.982s][info][gc,reloc    ] GC(137) Small Pages: 1223 / 2446M(100%), Empty: 2380M(97%), Compacting: 10M(0%)->2M(0%)
[73.982s][info][gc,reloc    ] GC(137) Medium Pages: 0 / 0M(0%), Empty: 0M(0%), Compacting: 0M(0%)->0M(0%)
[73.982s][info][gc,reloc    ] GC(137) Large Pages: 1 / 8M(0%), Empty: 0M(0%), Compacting: 0M(0%)->0M(0%)
[73.982s][info][gc,reloc    ] GC(137) Relocation: Successful
[73.982s][info][gc,heap     ] GC(137) Min Capacity: 42M(1%)
[73.982s][info][gc,heap     ] GC(137) Max Capacity: 4060M(100%)
[73.982s][info][gc,heap     ] GC(137) Soft Max Capacity: 4060M(100%)
[73.982s][info][gc,heap     ] GC(137)                Mark Start          Mark End        Relocate Start      Relocate End           High               Low         
[73.983s][info][gc,heap     ] GC(137)  Capacity:     3174M (78%)        3174M (78%)        3174M (78%)        3174M (78%)        3174M (78%)        3174M (78%)    
[73.983s][info][gc,heap     ] GC(137)   Reserve:       42M (1%)           42M (1%)           42M (1%)           42M (1%)           42M (1%)           42M (1%)     
[73.983s][info][gc,heap     ] GC(137)      Free:     1564M (39%)        1400M (34%)        3764M (93%)        3754M (92%)        3768M (93%)        1390M (34%)    
[73.983s][info][gc,heap     ] GC(137)      Used:     2454M (60%)        2618M (64%)         254M (6%)          264M (7%)         2628M (65%)         250M (6%)     
[73.983s][info][gc,heap     ] GC(137)      Live:         -                57M (1%)           57M (1%)           57M (1%)             -                  -          
[73.983s][info][gc,heap     ] GC(137) Allocated:         -               164M (4%)          180M (4%)          200M (5%)             -                  -          
[73.983s][info][gc,heap     ] GC(137)   Garbage:         -              2396M (59%)          16M (0%)           16M (0%)             -                  -          
[73.983s][info][gc,heap     ] GC(137) Reclaimed:         -                  -              2380M (59%)        2380M (59%)            -                  -          
[73.983s][info][gc          ] GC(137) Garbage Collection (Allocation Rate) 2454M(60%)->264M(7%)
[74.538s][info][gc,start    ] GC(138) Garbage Collection (Allocation Rate)
[74.538s][info][gc,phases   ] GC(138) Pause Mark Start 0.064ms
[74.575s][info][gc,phases   ] GC(138) Concurrent Mark 36.645ms
[74.575s][info][gc,phases   ] GC(138) Pause Mark End 0.233ms
[74.577s][info][gc,phases   ] GC(138) Concurrent Process Non-Strong References 1.530ms
[74.577s][info][gc,phases   ] GC(138) Concurrent Reset Relocation Set 0.022ms
[74.583s][info][gc,phases   ] GC(138) Concurrent Select Relocation Set 5.840ms
[74.583s][info][gc,phases   ] GC(138) Pause Relocate Start 0.064ms
[74.615s][info][gc,phases   ] GC(138) Concurrent Relocate 31.775ms
[74.615s][info][gc,load     ] GC(138) Load: 0.00/0.00/0.00
[74.615s][info][gc,mmu      ] GC(138) MMU: 2ms/77.0%, 5ms/89.5%, 10ms/94.4%, 20ms/97.2%, 50ms/98.7%, 100ms/99.4%
[74.615s][info][gc,marking  ] GC(138) Mark: 1 stripe(s), 2 proactive flush(es), 1 terminate flush(es), 1 completion(s), 0 continuation(s) 
[74.615s][info][gc,nmethod  ] GC(138) NMethods: 1472 registered, 0 unregistered
[74.615s][info][gc,metaspace] GC(138) Metaspace: 4M used, 4M capacity, 4M committed, 1032M reserved
[74.615s][info][gc,ref      ] GC(138) Soft: 261 encountered, 0 discovered, 0 enqueued
[74.615s][info][gc,ref      ] GC(138) Weak: 280 encountered, 229 discovered, 0 enqueued
[74.615s][info][gc,ref      ] GC(138) Final: 1 encountered, 0 discovered, 0 enqueued
[74.615s][info][gc,ref      ] GC(138) Phantom: 39 encountered, 30 discovered, 0 enqueued
[74.615s][info][gc,reloc    ] GC(138) Small Pages: 1433 / 2866M(100%), Empty: 2708M(94%), Compacting: 154M(5%)->56M(2%)
[74.615s][info][gc,reloc    ] GC(138) Medium Pages: 0 / 0M(0%), Empty: 0M(0%), Compacting: 0M(0%)->0M(0%)
[74.615s][info][gc,reloc    ] GC(138) Large Pages: 1 / 8M(0%), Empty: 0M(0%), Compacting: 0M(0%)->0M(0%)
[74.615s][info][gc,reloc    ] GC(138) Relocation: Successful
[74.615s][info][gc,heap     ] GC(138) Min Capacity: 42M(1%)
[74.615s][info][gc,heap     ] GC(138) Max Capacity: 4060M(100%)
[74.615s][info][gc,heap     ] GC(138) Soft Max Capacity: 4060M(100%)
[74.615s][info][gc,heap     ] GC(138)                Mark Start          Mark End        Relocate Start      Relocate End           High               Low         
[74.615s][info][gc,heap     ] GC(138)  Capacity:     3174M (78%)        3174M (78%)        3174M (78%)        3174M (78%)        3174M (78%)        3174M (78%)    
[74.615s][info][gc,heap     ] GC(138)   Reserve:       42M (1%)           42M (1%)           42M (1%)           42M (1%)           42M (1%)           42M (1%)     
[74.615s][info][gc,heap     ] GC(138)      Free:     1144M (28%)         972M (24%)        3644M (90%)        3598M (89%)        3672M (90%)         964M (24%)    
[74.615s][info][gc,heap     ] GC(138)      Used:     2874M (71%)        3046M (75%)         374M (9%)          420M (10%)        3054M (75%)         346M (9%)     
[74.615s][info][gc,heap     ] GC(138)      Live:         -                60M (1%)           60M (1%)           60M (1%)             -                  -          
[74.615s][info][gc,heap     ] GC(138) Allocated:         -               172M (4%)          208M (5%)          408M (10%)            -                  -          
[74.615s][info][gc,heap     ] GC(138)   Garbage:         -              2813M (69%)         105M (3%)            1M (0%)             -                  -          
[74.615s][info][gc,heap     ] GC(138) Reclaimed:         -                  -              2708M (67%)        2812M (69%)            -                  -          
[74.615s][info][gc          ] GC(138) Garbage Collection (Allocation Rate) 2874M(71%)->420M(10%)
[75.039s][info][gc,start    ] GC(139) Garbage Collection (Allocation Rate)
[75.039s][info][gc,phases   ] GC(139) Pause Mark Start 0.081ms
[75.068s][info][gc,phases   ] GC(139) Concurrent Mark 29.192ms
[75.068s][info][gc,phases   ] GC(139) Pause Mark End 0.257ms
[75.070s][info][gc,phases   ] GC(139) Concurrent Process Non-Strong References 1.649ms
[75.071s][info][gc,phases   ] GC(139) Concurrent Reset Relocation Set 1.301ms
[75.074s][info][gc,phases   ] GC(139) Concurrent Select Relocation Set 2.369ms
[75.074s][info][gc,phases   ] GC(139) Pause Relocate Start 0.060ms
[75.078s][info][gc,phases   ] GC(139) Concurrent Relocate 3.469ms
[75.078s][info][gc,load     ] GC(139) Load: 0.00/0.00/0.00
[75.078s][info][gc,mmu      ] GC(139) MMU: 2ms/77.0%, 5ms/89.5%, 10ms/94.4%, 20ms/97.2%, 50ms/98.7%, 100ms/99.4%
[75.078s][info][gc,marking  ] GC(139) Mark: 1 stripe(s), 2 proactive flush(es), 1 terminate flush(es), 1 completion(s), 0 continuation(s) 
[75.078s][info][gc,nmethod  ] GC(139) NMethods: 1472 registered, 0 unregistered
[75.078s][info][gc,metaspace] GC(139) Metaspace: 4M used, 4M capacity, 4M committed, 1032M reserved
[75.078s][info][gc,ref      ] GC(139) Soft: 261 encountered, 0 discovered, 0 enqueued
[75.078s][info][gc,ref      ] GC(139) Weak: 280 encountered, 229 discovered, 0 enqueued
[75.078s][info][gc,ref      ] GC(139) Final: 1 encountered, 0 discovered, 0 enqueued
[75.078s][info][gc,ref      ] GC(139) Phantom: 39 encountered, 30 discovered, 0 enqueued
[75.078s][info][gc,reloc    ] GC(139) Small Pages: 1226 / 2452M(100%), Empty: 2394M(97%), Compacting: 22M(1%)->6M(0%)
[75.078s][info][gc,reloc    ] GC(139) Medium Pages: 0 / 0M(0%), Empty: 0M(0%), Compacting: 0M(0%)->0M(0%)
[75.078s][info][gc,reloc    ] GC(139) Large Pages: 1 / 8M(0%), Empty: 0M(0%), Compacting: 0M(0%)->0M(0%)
[75.078s][info][gc,reloc    ] GC(139) Relocation: Successful
[75.078s][info][gc,heap     ] GC(139) Min Capacity: 42M(1%)
[75.078s][info][gc,heap     ] GC(139) Max Capacity: 4060M(100%)
[75.078s][info][gc,heap     ] GC(139) Soft Max Capacity: 4060M(100%)
[75.078s][info][gc,heap     ] GC(139)                Mark Start          Mark End        Relocate Start      Relocate End           High               Low         
[75.078s][info][gc,heap     ] GC(139)  Capacity:     3174M (78%)        3174M (78%)        3174M (78%)        3174M (78%)        3174M (78%)        3174M (78%)    
[75.078s][info][gc,heap     ] GC(139)   Reserve:       42M (1%)           42M (1%)           42M (1%)           42M (1%)           42M (1%)           42M (1%)     
[75.078s][info][gc,heap     ] GC(139)      Free:     1558M (38%)        1420M (35%)        3790M (93%)        3788M (93%)        3800M (94%)        1406M (35%)    
[75.078s][info][gc,heap     ] GC(139)      Used:     2460M (61%)        2598M (64%)         228M (6%)          230M (6%)         2612M (64%)         218M (5%)     
[75.078s][info][gc,heap     ] GC(139)      Live:         -                44M (1%)           44M (1%)           44M (1%)             -                  -          
[75.078s][info][gc,heap     ] GC(139) Allocated:         -               138M (3%)          162M (4%)          186M (5%)             -                  -          
[75.078s][info][gc,heap     ] GC(139)   Garbage:         -              2415M (59%)          21M (1%)            7M (0%)             -                  -          
[75.078s][info][gc,heap     ] GC(139) Reclaimed:         -                  -              2394M (59%)        2408M (59%)            -                  -          
[75.078s][info][gc          ] GC(139) Garbage Collection (Allocation Rate) 2460M(61%)->230M(6%)
[75.538s][info][gc,start    ] GC(140) Garbage Collection (Allocation Rate)
[75.538s][info][gc,phases   ] GC(140) Pause Mark Start 0.057ms
[75.579s][info][gc,phases   ] GC(140) Concurrent Mark 40.006ms
[75.579s][info][gc,phases   ] GC(140) Pause Mark End 0.222ms
[75.580s][info][gc,phases   ] GC(140) Concurrent Process Non-Strong References 1.473ms
[75.580s][info][gc,phases   ] GC(140) Concurrent Reset Relocation Set 0.019ms
[75.582s][info][gc,phases   ] GC(140) Concurrent Select Relocation Set 1.669ms
[75.582s][info][gc,phases   ] GC(140) Pause Relocate Start 0.062ms
[75.584s][info][gc,phases   ] GC(140) Concurrent Relocate 1.627ms
[75.584s][info][gc,load     ] GC(140) Load: 0.00/0.00/0.00
[75.584s][info][gc,mmu      ] GC(140) MMU: 2ms/77.0%, 5ms/89.5%, 10ms/94.4%, 20ms/97.2%, 50ms/98.7%, 100ms/99.4%
[75.584s][info][gc,marking  ] GC(140) Mark: 1 stripe(s), 2 proactive flush(es), 1 terminate flush(es), 1 completion(s), 0 continuation(s) 
[75.584s][info][gc,nmethod  ] GC(140) NMethods: 1472 registered, 0 unregistered
[75.584s][info][gc,metaspace] GC(140) Metaspace: 4M used, 4M capacity, 4M committed, 1032M reserved
[75.584s][info][gc,ref      ] GC(140) Soft: 261 encountered, 0 discovered, 0 enqueued
[75.584s][info][gc,ref      ] GC(140) Weak: 280 encountered, 229 discovered, 0 enqueued
[75.584s][info][gc,ref      ] GC(140) Final: 1 encountered, 0 discovered, 0 enqueued
[75.584s][info][gc,ref      ] GC(140) Phantom: 39 encountered, 30 discovered, 0 enqueued
[75.584s][info][gc,reloc    ] GC(140) Small Pages: 1221 / 2442M(100%), Empty: 2356M(96%), Compacting: 16M(1%)->4M(0%)
[75.584s][info][gc,reloc    ] GC(140) Medium Pages: 0 / 0M(0%), Empty: 0M(0%), Compacting: 0M(0%)->0M(0%)
[75.584s][info][gc,reloc    ] GC(140) Large Pages: 1 / 8M(0%), Empty: 0M(0%), Compacting: 0M(0%)->0M(0%)
[75.584s][info][gc,reloc    ] GC(140) Relocation: Successful
[75.584s][info][gc,heap     ] GC(140) Min Capacity: 42M(1%)
[75.584s][info][gc,heap     ] GC(140) Max Capacity: 4060M(100%)
[75.584s][info][gc,heap     ] GC(140) Soft Max Capacity: 4060M(100%)
[75.584s][info][gc,heap     ] GC(140)                Mark Start          Mark End        Relocate Start      Relocate End           High               Low         
[75.584s][info][gc,heap     ] GC(140)  Capacity:     3174M (78%)        3174M (78%)        3174M (78%)        3174M (78%)        3174M (78%)        3174M (78%)    
[75.584s][info][gc,heap     ] GC(140)   Reserve:       42M (1%)           42M (1%)           42M (1%)           42M (1%)           42M (1%)           42M (1%)     
[75.584s][info][gc,heap     ] GC(140)      Free:     1568M (39%)        1374M (34%)        3718M (92%)        3718M (92%)        3722M (92%)        1368M (34%)    
[75.584s][info][gc,heap     ] GC(140)      Used:     2450M (60%)        2644M (65%)         300M (7%)          300M (7%)         2650M (65%)         296M (7%)     
[75.584s][info][gc,heap     ] GC(140)      Live:         -                71M (2%)           71M (2%)           71M (2%)             -                  -          
[75.584s][info][gc,heap     ] GC(140) Allocated:         -               194M (5%)          206M (5%)          222M (5%)             -                  -          
[75.584s][info][gc,heap     ] GC(140)   Garbage:         -              2378M (59%)          22M (1%)           14M (0%)             -                  -          
[75.584s][info][gc,heap     ] GC(140) Reclaimed:         -                  -              2356M (58%)        2364M (58%)            -                  -          
[75.584s][info][gc          ] GC(140) Garbage Collection (Allocation Rate) 2450M(60%)->300M(7%)
[76.037s][info][gc,start    ] GC(141) Garbage Collection (Allocation Rate)
[76.038s][info][gc,phases   ] GC(141) Pause Mark Start 0.061ms
[76.077s][info][gc,phases   ] GC(141) Concurrent Mark 39.160ms
[76.077s][info][gc,phases   ] GC(141) Pause Mark End 0.255ms
[76.079s][info][gc,phases   ] GC(141) Concurrent Process Non-Strong References 1.658ms
[76.079s][info][gc,phases   ] GC(141) Concurrent Reset Relocation Set 0.025ms
[76.083s][info][gc,phases   ] GC(141) Concurrent Select Relocation Set 4.000ms
[76.083s][info][gc,phases   ] GC(141) Pause Relocate Start 0.072ms
[76.102s][info][gc,phases   ] GC(141) Concurrent Relocate 18.277ms
[76.102s][info][gc,load     ] GC(141) Load: 0.00/0.00/0.00
[76.102s][info][gc,mmu      ] GC(141) MMU: 2ms/77.0%, 5ms/89.5%, 10ms/94.4%, 20ms/97.2%, 50ms/98.7%, 100ms/99.4%
[76.102s][info][gc,marking  ] GC(141) Mark: 1 stripe(s), 2 proactive flush(es), 1 terminate flush(es), 1 completion(s), 0 continuation(s) 
[76.102s][info][gc,nmethod  ] GC(141) NMethods: 1472 registered, 0 unregistered
[76.102s][info][gc,metaspace] GC(141) Metaspace: 4M used, 4M capacity, 4M committed, 1032M reserved
[76.102s][info][gc,ref      ] GC(141) Soft: 261 encountered, 0 discovered, 0 enqueued
[76.102s][info][gc,ref      ] GC(141) Weak: 280 encountered, 229 discovered, 0 enqueued
[76.102s][info][gc,ref      ] GC(141) Final: 1 encountered, 0 discovered, 0 enqueued
[76.102s][info][gc,ref      ] GC(141) Phantom: 39 encountered, 30 discovered, 0 enqueued
[76.102s][info][gc,reloc    ] GC(141) Small Pages: 1239 / 2478M(100%), Empty: 2348M(94%), Compacting: 94M(4%)->32M(1%)
[76.102s][info][gc,reloc    ] GC(141) Medium Pages: 0 / 0M(0%), Empty: 0M(0%), Compacting: 0M(0%)->0M(0%)
[76.102s][info][gc,reloc    ] GC(141) Large Pages: 1 / 8M(0%), Empty: 0M(0%), Compacting: 0M(0%)->0M(0%)
[76.102s][info][gc,reloc    ] GC(141) Relocation: Successful
[76.102s][info][gc,heap     ] GC(141) Min Capacity: 42M(1%)
[76.102s][info][gc,heap     ] GC(141) Max Capacity: 4060M(100%)
[76.102s][info][gc,heap     ] GC(141) Soft Max Capacity: 4060M(100%)
[76.102s][info][gc,heap     ] GC(141)                Mark Start          Mark End        Relocate Start      Relocate End           High               Low         
[76.102s][info][gc,heap     ] GC(141)  Capacity:     3174M (78%)        3174M (78%)        3174M (78%)        3174M (78%)        3174M (78%)        3174M (78%)    
[76.102s][info][gc,heap     ] GC(141)   Reserve:       42M (1%)           42M (1%)           42M (1%)           42M (1%)           42M (1%)           42M (1%)     
[76.102s][info][gc,heap     ] GC(141)      Free:     1532M (38%)        1348M (33%)        3670M (90%)        3644M (90%)        3688M (91%)        1340M (33%)    
[76.102s][info][gc,heap     ] GC(141)      Used:     2486M (61%)        2670M (66%)         348M (9%)          374M (9%)         2678M (66%)         330M (8%)     
[76.102s][info][gc,heap     ] GC(141)      Live:         -                66M (2%)           66M (2%)           66M (2%)             -                  -          
[76.102s][info][gc,heap     ] GC(141) Allocated:         -               184M (5%)          210M (5%)          330M (8%)             -                  -          
[76.102s][info][gc,heap     ] GC(141)   Garbage:         -              2419M (60%)          71M (2%)            9M (0%)             -                  -          
[76.102s][info][gc,heap     ] GC(141) Reclaimed:         -                  -              2348M (58%)        2410M (59%)            -                  -          
[76.102s][info][gc          ] GC(141) Garbage Collection (Allocation Rate) 2486M(61%)->374M(9%)
[76.538s][info][gc,start    ] GC(142) Garbage Collection (Allocation Rate)
[76.538s][info][gc,phases   ] GC(142) Pause Mark Start 0.059ms
[76.575s][info][gc,phases   ] GC(142) Concurrent Mark 36.655ms
[76.575s][info][gc,phases   ] GC(142) Pause Mark End 0.233ms
[76.577s][info][gc,phases   ] GC(142) Concurrent Process Non-Strong References 1.644ms
[76.578s][info][gc,phases   ] GC(142) Concurrent Reset Relocation Set 0.731ms
[76.584s][info][gc,phases   ] GC(142) Concurrent Select Relocation Set 6.075ms
[76.584s][info][gc,phases   ] GC(142) Pause Relocate Start 0.061ms
[76.616s][info][gc,phases   ] GC(142) Concurrent Relocate 31.170ms
[76.616s][info][gc,load     ] GC(142) Load: 0.00/0.00/0.00
[76.616s][info][gc,mmu      ] GC(142) MMU: 2ms/77.0%, 5ms/89.5%, 10ms/94.4%, 20ms/97.2%, 50ms/98.7%, 100ms/99.4%
[76.616s][info][gc,marking  ] GC(142) Mark: 1 stripe(s), 2 proactive flush(es), 1 terminate flush(es), 1 completion(s), 0 continuation(s) 
[76.616s][info][gc,nmethod  ] GC(142) NMethods: 1472 registered, 0 unregistered
[76.616s][info][gc,metaspace] GC(142) Metaspace: 4M used, 4M capacity, 4M committed, 1032M reserved
[76.616s][info][gc,ref      ] GC(142) Soft: 261 encountered, 0 discovered, 0 enqueued
[76.616s][info][gc,ref      ] GC(142) Weak: 280 encountered, 229 discovered, 0 enqueued
[76.616s][info][gc,ref      ] GC(142) Final: 1 encountered, 0 discovered, 0 enqueued
[76.616s][info][gc,ref      ] GC(142) Phantom: 39 encountered, 30 discovered, 0 enqueued
[76.616s][info][gc,reloc    ] GC(142) Small Pages: 1235 / 2470M(100%), Empty: 2316M(93%), Compacting: 150M(6%)->54M(2%)
[76.616s][info][gc,reloc    ] GC(142) Medium Pages: 0 / 0M(0%), Empty: 0M(0%), Compacting: 0M(0%)->0M(0%)
[76.616s][info][gc,reloc    ] GC(142) Large Pages: 1 / 8M(0%), Empty: 0M(0%), Compacting: 0M(0%)->0M(0%)
[76.616s][info][gc,reloc    ] GC(142) Relocation: Successful
[76.616s][info][gc,heap     ] GC(142) Min Capacity: 42M(1%)
[76.616s][info][gc,heap     ] GC(142) Max Capacity: 4060M(100%)
[76.616s][info][gc,heap     ] GC(142) Soft Max Capacity: 4060M(100%)
[76.616s][info][gc,heap     ] GC(142)                Mark Start          Mark End        Relocate Start      Relocate End           High               Low         
[76.616s][info][gc,heap     ] GC(142)  Capacity:     3174M (78%)        3174M (78%)        3174M (78%)        3174M (78%)        3174M (78%)        3174M (78%)    
[76.616s][info][gc,heap     ] GC(142)   Reserve:       42M (1%)           42M (1%)           42M (1%)           42M (1%)           42M (1%)           42M (1%)     
[76.616s][info][gc,heap     ] GC(142)      Free:     1540M (38%)        1368M (34%)        3644M (90%)        3598M (89%)        3672M (90%)        1356M (33%)    
[76.616s][info][gc,heap     ] GC(142)      Used:     2478M (61%)        2650M (65%)         374M (9%)          420M (10%)        2662M (66%)         346M (9%)     
[76.616s][info][gc,heap     ] GC(142)      Live:         -                58M (1%)           58M (1%)           58M (1%)             -                  -          
[76.616s][info][gc,heap     ] GC(142) Allocated:         -               172M (4%)          212M (5%)          408M (10%)            -                  -          
[76.616s][info][gc,heap     ] GC(142)   Garbage:         -              2419M (60%)         103M (3%)            3M (0%)             -                  -          
[76.616s][info][gc,heap     ] GC(142) Reclaimed:         -                  -              2316M (57%)        2416M (60%)            -                  -          
[76.616s][info][gc          ] GC(142) Garbage Collection (Allocation Rate) 2478M(61%)->420M(10%)
[77.038s][info][gc,start    ] GC(143) Garbage Collection (Allocation Rate)
[77.039s][info][gc,phases   ] GC(143) Pause Mark Start 0.062ms
[77.070s][info][gc,phases   ] GC(143) Concurrent Mark 31.240ms
[77.070s][info][gc,phases   ] GC(143) Pause Mark End 0.279ms
[77.072s][info][gc,phases   ] GC(143) Concurrent Process Non-Strong References 1.590ms
[77.073s][info][gc,phases   ] GC(143) Concurrent Reset Relocation Set 1.266ms
[77.077s][info][gc,phases   ] GC(143) Concurrent Select Relocation Set 3.552ms
[77.077s][info][gc,phases   ] GC(143) Pause Relocate Start 0.066ms
[77.091s][info][gc,phases   ] GC(143) Concurrent Relocate 13.547ms
[77.091s][info][gc,load     ] GC(143) Load: 0.00/0.00/0.00
[77.091s][info][gc,mmu      ] GC(143) MMU: 2ms/77.0%, 5ms/89.5%, 10ms/94.4%, 20ms/97.2%, 50ms/98.7%, 100ms/99.4%
[77.091s][info][gc,marking  ] GC(143) Mark: 1 stripe(s), 2 proactive flush(es), 1 terminate flush(es), 1 completion(s), 0 continuation(s) 
[77.091s][info][gc,nmethod  ] GC(143) NMethods: 1472 registered, 0 unregistered
[77.091s][info][gc,metaspace] GC(143) Metaspace: 4M used, 4M capacity, 4M committed, 1032M reserved
[77.091s][info][gc,ref      ] GC(143) Soft: 261 encountered, 0 discovered, 0 enqueued
[77.091s][info][gc,ref      ] GC(143) Weak: 280 encountered, 229 discovered, 0 enqueued
[77.091s][info][gc,ref      ] GC(143) Final: 1 encountered, 0 discovered, 0 enqueued
[77.091s][info][gc,ref      ] GC(143) Phantom: 39 encountered, 30 discovered, 0 enqueued
[77.091s][info][gc,reloc    ] GC(143) Small Pages: 1221 / 2442M(100%), Empty: 2348M(96%), Compacting: 68M(3%)->24M(1%)
[77.091s][info][gc,reloc    ] GC(143) Medium Pages: 0 / 0M(0%), Empty: 0M(0%), Compacting: 0M(0%)->0M(0%)
[77.091s][info][gc,reloc    ] GC(143) Large Pages: 1 / 8M(0%), Empty: 0M(0%), Compacting: 0M(0%)->0M(0%)
[77.091s][info][gc,reloc    ] GC(143) Relocation: Successful
[77.091s][info][gc,heap     ] GC(143) Min Capacity: 42M(1%)
[77.091s][info][gc,heap     ] GC(143) Max Capacity: 4060M(100%)
[77.091s][info][gc,heap     ] GC(143) Soft Max Capacity: 4060M(100%)
[77.091s][info][gc,heap     ] GC(143)                Mark Start          Mark End        Relocate Start      Relocate End           High               Low         
[77.091s][info][gc,heap     ] GC(143)  Capacity:     3174M (78%)        3174M (78%)        3174M (78%)        3174M (78%)        3174M (78%)        3174M (78%)    
[77.091s][info][gc,heap     ] GC(143)   Reserve:       42M (1%)           42M (1%)           42M (1%)           42M (1%)           42M (1%)           42M (1%)     
[77.091s][info][gc,heap     ] GC(143)      Free:     1568M (39%)        1418M (35%)        3740M (92%)        3720M (92%)        3754M (92%)        1406M (35%)    
[77.091s][info][gc,heap     ] GC(143)      Used:     2450M (60%)        2600M (64%)         278M (7%)          298M (7%)         2612M (64%)         264M (7%)     
[77.091s][info][gc,heap     ] GC(143)      Live:         -                50M (1%)           50M (1%)           50M (1%)             -                  -          
[77.091s][info][gc,heap     ] GC(143) Allocated:         -               150M (4%)          176M (4%)          264M (7%)             -                  -          
[77.091s][info][gc,heap     ] GC(143)   Garbage:         -              2399M (59%)          51M (1%)            7M (0%)             -                  -          
[77.091s][info][gc,heap     ] GC(143) Reclaimed:         -                  -              2348M (58%)        2392M (59%)            -                  -          
[77.091s][info][gc          ] GC(143) Garbage Collection (Allocation Rate) 2450M(60%)->298M(7%)
[77.538s][info][gc,start    ] GC(144) Garbage Collection (Allocation Rate)
[77.538s][info][gc,phases   ] GC(144) Pause Mark Start 0.122ms
[77.573s][info][gc,phases   ] GC(144) Concurrent Mark 34.339ms
[77.573s][info][gc,phases   ] GC(144) Pause Mark End 0.220ms
[77.575s][info][gc,phases   ] GC(144) Concurrent Process Non-Strong References 1.635ms
[77.575s][info][gc,phases   ] GC(144) Concurrent Reset Relocation Set 0.049ms
[77.576s][info][gc,phases   ] GC(144) Concurrent Select Relocation Set 1.508ms
[77.577s][info][gc,phases   ] GC(144) Pause Relocate Start 0.062ms
[77.577s][info][gc,phases   ] GC(144) Concurrent Relocate 0.013ms
[77.577s][info][gc,load     ] GC(144) Load: 0.00/0.00/0.00
[77.577s][info][gc,mmu      ] GC(144) MMU: 2ms/77.0%, 5ms/89.5%, 10ms/94.4%, 20ms/97.2%, 50ms/98.7%, 100ms/99.4%
[77.577s][info][gc,marking  ] GC(144) Mark: 1 stripe(s), 2 proactive flush(es), 1 terminate flush(es), 1 completion(s), 0 continuation(s) 
[77.577s][info][gc,nmethod  ] GC(144) NMethods: 1472 registered, 0 unregistered
[77.577s][info][gc,metaspace] GC(144) Metaspace: 4M used, 4M capacity, 4M committed, 1032M reserved
[77.577s][info][gc,ref      ] GC(144) Soft: 261 encountered, 0 discovered, 0 enqueued
[77.577s][info][gc,ref      ] GC(144) Weak: 280 encountered, 229 discovered, 0 enqueued
[77.577s][info][gc,ref      ] GC(144) Final: 1 encountered, 0 discovered, 0 enqueued
[77.577s][info][gc,ref      ] GC(144) Phantom: 39 encountered, 30 discovered, 0 enqueued
[77.577s][info][gc,reloc    ] GC(144) Small Pages: 1219 / 2438M(100%), Empty: 2374M(97%), Compacting: 6M(0%)->2M(0%)
[77.577s][info][gc,reloc    ] GC(144) Medium Pages: 0 / 0M(0%), Empty: 0M(0%), Compacting: 0M(0%)->0M(0%)
[77.577s][info][gc,reloc    ] GC(144) Large Pages: 1 / 8M(0%), Empty: 0M(0%), Compacting: 0M(0%)->0M(0%)
[77.577s][info][gc,reloc    ] GC(144) Relocation: Successful
[77.577s][info][gc,heap     ] GC(144) Min Capacity: 42M(1%)
[77.577s][info][gc,heap     ] GC(144) Max Capacity: 4060M(100%)
[77.577s][info][gc,heap     ] GC(144) Soft Max Capacity: 4060M(100%)
[77.577s][info][gc,heap     ] GC(144)                Mark Start          Mark End        Relocate Start      Relocate End           High               Low         
[77.577s][info][gc,heap     ] GC(144)  Capacity:     3174M (78%)        3174M (78%)        3174M (78%)        3174M (78%)        3174M (78%)        3174M (78%)    
[77.577s][info][gc,heap     ] GC(144)   Reserve:       42M (1%)           42M (1%)           42M (1%)           42M (1%)           42M (1%)           42M (1%)     
[77.577s][info][gc,heap     ] GC(144)      Free:     1572M (39%)        1406M (35%)        3764M (93%)        3766M (93%)        3772M (93%)        1398M (34%)    
[77.577s][info][gc,heap     ] GC(144)      Used:     2446M (60%)        2612M (64%)         254M (6%)          252M (6%)         2620M (65%)         246M (6%)     
[77.577s][info][gc,heap     ] GC(144)      Live:         -                58M (1%)           58M (1%)           58M (1%)             -                  -          
[77.577s][info][gc,heap     ] GC(144) Allocated:         -               166M (4%)          182M (4%)          186M (5%)             -                  -          
[77.577s][info][gc,heap     ] GC(144)   Garbage:         -              2387M (59%)          13M (0%)           11M (0%)             -                  -          
[77.577s][info][gc,heap     ] GC(144) Reclaimed:         -                  -              2374M (58%)        2376M (59%)            -                  -          
[77.577s][info][gc          ] GC(144) Garbage Collection (Allocation Rate) 2446M(60%)->252M(6%)
[78.039s][info][gc,start    ] GC(145) Garbage Collection (Allocation Rate)
[78.039s][info][gc,phases   ] GC(145) Pause Mark Start 0.058ms
[78.078s][info][gc,phases   ] GC(145) Concurrent Mark 39.063ms
[78.079s][info][gc,phases   ] GC(145) Pause Mark End 0.277ms
[78.080s][info][gc,phases   ] GC(145) Concurrent Process Non-Strong References 1.654ms
[78.080s][info][gc,phases   ] GC(145) Concurrent Reset Relocation Set 0.004ms
[78.082s][info][gc,phases   ] GC(145) Concurrent Select Relocation Set 1.794ms
[78.082s][info][gc,phases   ] GC(145) Pause Relocate Start 0.067ms
[78.096s][info][gc,phases   ] GC(145) Concurrent Relocate 13.205ms
[78.096s][info][gc,load     ] GC(145) Load: 0.00/0.00/0.00
[78.096s][info][gc,mmu      ] GC(145) MMU: 2ms/77.0%, 5ms/89.5%, 10ms/94.4%, 20ms/97.2%, 50ms/98.7%, 100ms/99.4%
[78.096s][info][gc,marking  ] GC(145) Mark: 1 stripe(s), 2 proactive flush(es), 1 terminate flush(es), 1 completion(s), 0 continuation(s) 
[78.096s][info][gc,nmethod  ] GC(145) NMethods: 1472 registered, 0 unregistered
[78.096s][info][gc,metaspace] GC(145) Metaspace: 4M used, 4M capacity, 4M committed, 1032M reserved
[78.096s][info][gc,ref      ] GC(145) Soft: 261 encountered, 0 discovered, 0 enqueued
[78.096s][info][gc,ref      ] GC(145) Weak: 280 encountered, 229 discovered, 0 enqueued
[78.096s][info][gc,ref      ] GC(145) Final: 1 encountered, 0 discovered, 0 enqueued
[78.096s][info][gc,ref      ] GC(145) Phantom: 39 encountered, 30 discovered, 0 enqueued
[78.096s][info][gc,reloc    ] GC(145) Small Pages: 1233 / 2466M(100%), Empty: 2354M(95%), Compacting: 66M(3%)->24M(1%)
[78.096s][info][gc,reloc    ] GC(145) Medium Pages: 0 / 0M(0%), Empty: 0M(0%), Compacting: 0M(0%)->0M(0%)
[78.096s][info][gc,reloc    ] GC(145) Large Pages: 1 / 8M(0%), Empty: 0M(0%), Compacting: 0M(0%)->0M(0%)
[78.096s][info][gc,reloc    ] GC(145) Relocation: Successful
[78.096s][info][gc,heap     ] GC(145) Min Capacity: 42M(1%)
[78.096s][info][gc,heap     ] GC(145) Max Capacity: 4060M(100%)
[78.096s][info][gc,heap     ] GC(145) Soft Max Capacity: 4060M(100%)
[78.096s][info][gc,heap     ] GC(145)                Mark Start          Mark End        Relocate Start      Relocate End           High               Low         
[78.096s][info][gc,heap     ] GC(145)  Capacity:     3174M (78%)        3174M (78%)        3174M (78%)        3174M (78%)        3174M (78%)        3174M (78%)    
[78.096s][info][gc,heap     ] GC(145)   Reserve:       42M (1%)           42M (1%)           42M (1%)           42M (1%)           42M (1%)           42M (1%)     
[78.096s][info][gc,heap     ] GC(145)      Free:     1544M (38%)        1358M (33%)        3694M (91%)        3674M (90%)        3702M (91%)        1350M (33%)    
[78.096s][info][gc,heap     ] GC(145)      Used:     2474M (61%)        2660M (66%)         324M (8%)          344M (8%)         2668M (66%)         316M (8%)     
[78.096s][info][gc,heap     ] GC(145)      Live:         -                68M (2%)           68M (2%)           68M (2%)             -                  -          
[78.096s][info][gc,heap     ] GC(145) Allocated:         -               186M (5%)          204M (5%)          290M (7%)             -                  -          
[78.096s][info][gc,heap     ] GC(145)   Garbage:         -              2405M (59%)          51M (1%)            9M (0%)             -                  -          
[78.096s][info][gc,heap     ] GC(145) Reclaimed:         -                  -              2354M (58%)        2396M (59%)            -                  -          
[78.096s][info][gc          ] GC(145) Garbage Collection (Allocation Rate) 2474M(61%)->344M(8%)
[78.538s][info][gc,start    ] GC(146) Garbage Collection (Allocation Rate)
[78.539s][info][gc,phases   ] GC(146) Pause Mark Start 0.070ms
[78.577s][info][gc,phases   ] GC(146) Concurrent Mark 37.965ms
[78.577s][info][gc,phases   ] GC(146) Pause Mark End 0.240ms
[78.579s][info][gc,phases   ] GC(146) Concurrent Process Non-Strong References 1.547ms
[78.579s][info][gc,phases   ] GC(146) Concurrent Reset Relocation Set 0.047ms
[78.583s][info][gc,phases   ] GC(146) Concurrent Select Relocation Set 4.068ms
[78.583s][info][gc,phases   ] GC(146) Pause Relocate Start 0.097ms
[78.611s][info][gc,phases   ] GC(146) Concurrent Relocate 28.127ms
[78.611s][info][gc,load     ] GC(146) Load: 0.00/0.00/0.00
[78.611s][info][gc,mmu      ] GC(146) MMU: 2ms/77.0%, 5ms/89.5%, 10ms/94.4%, 20ms/97.2%, 50ms/98.7%, 100ms/99.4%
[78.611s][info][gc,marking  ] GC(146) Mark: 1 stripe(s), 2 proactive flush(es), 1 terminate flush(es), 1 completion(s), 0 continuation(s) 
[78.611s][info][gc,nmethod  ] GC(146) NMethods: 1472 registered, 0 unregistered
[78.611s][info][gc,metaspace] GC(146) Metaspace: 4M used, 4M capacity, 4M committed, 1032M reserved
[78.611s][info][gc,ref      ] GC(146) Soft: 261 encountered, 0 discovered, 0 enqueued
[78.611s][info][gc,ref      ] GC(146) Weak: 280 encountered, 229 discovered, 0 enqueued
[78.611s][info][gc,ref      ] GC(146) Final: 1 encountered, 0 discovered, 0 enqueued
[78.611s][info][gc,ref      ] GC(146) Phantom: 39 encountered, 30 discovered, 0 enqueued
[78.611s][info][gc,reloc    ] GC(146) Small Pages: 1231 / 2462M(100%), Empty: 2314M(94%), Compacting: 134M(5%)->50M(2%)
[78.611s][info][gc,reloc    ] GC(146) Medium Pages: 0 / 0M(0%), Empty: 0M(0%), Compacting: 0M(0%)->0M(0%)
[78.611s][info][gc,reloc    ] GC(146) Large Pages: 1 / 8M(0%), Empty: 0M(0%), Compacting: 0M(0%)->0M(0%)
[78.611s][info][gc,reloc    ] GC(146) Relocation: Successful
[78.611s][info][gc,heap     ] GC(146) Min Capacity: 42M(1%)
[78.611s][info][gc,heap     ] GC(146) Max Capacity: 4060M(100%)
[78.611s][info][gc,heap     ] GC(146) Soft Max Capacity: 4060M(100%)
[78.611s][info][gc,heap     ] GC(146)                Mark Start          Mark End        Relocate Start      Relocate End           High               Low         
[78.611s][info][gc,heap     ] GC(146)  Capacity:     3174M (78%)        3174M (78%)        3174M (78%)        3174M (78%)        3174M (78%)        3174M (78%)    
[78.611s][info][gc,heap     ] GC(146)   Reserve:       42M (1%)           42M (1%)           42M (1%)           42M (1%)           42M (1%)           42M (1%)     
[78.611s][info][gc,heap     ] GC(146)      Free:     1548M (38%)        1370M (34%)        3656M (90%)        3610M (89%)        3674M (90%)        1362M (34%)    
[78.611s][info][gc,heap     ] GC(146)      Used:     2470M (61%)        2648M (65%)         362M (9%)          408M (10%)        2656M (65%)         344M (8%)     
[78.611s][info][gc,heap     ] GC(146)      Live:         -                62M (2%)           62M (2%)           62M (2%)             -                  -          
[78.611s][info][gc,heap     ] GC(146) Allocated:         -               178M (4%)          206M (5%)          386M (10%)            -                  -          
[78.611s][info][gc,heap     ] GC(146)   Garbage:         -              2407M (59%)          93M (2%)            5M (0%)             -                  -          
[78.611s][info][gc,heap     ] GC(146) Reclaimed:         -                  -              2314M (57%)        2402M (59%)            -                  -          
[78.611s][info][gc          ] GC(146) Garbage Collection (Allocation Rate) 2470M(61%)->408M(10%)
[79.038s][info][gc,start    ] GC(147) Garbage Collection (Allocation Rate)
[79.038s][info][gc,phases   ] GC(147) Pause Mark Start 0.061ms
[79.075s][info][gc,phases   ] GC(147) Concurrent Mark 37.148ms
[79.076s][info][gc,phases   ] GC(147) Pause Mark End 0.228ms
[79.077s][info][gc,phases   ] GC(147) Concurrent Process Non-Strong References 1.468ms
[79.078s][info][gc,phases   ] GC(147) Concurrent Reset Relocation Set 0.794ms
[79.083s][info][gc,phases   ] GC(147) Concurrent Select Relocation Set 4.504ms
[79.083s][info][gc,phases   ] GC(147) Pause Relocate Start 0.056ms
[79.118s][info][gc,phases   ] GC(147) Concurrent Relocate 34.899ms
[79.118s][info][gc,load     ] GC(147) Load: 0.00/0.00/0.00
[79.118s][info][gc,mmu      ] GC(147) MMU: 2ms/77.0%, 5ms/89.5%, 10ms/94.4%, 20ms/97.2%, 50ms/98.7%, 100ms/99.4%
[79.118s][info][gc,marking  ] GC(147) Mark: 1 stripe(s), 2 proactive flush(es), 1 terminate flush(es), 1 completion(s), 0 continuation(s) 
[79.118s][info][gc,nmethod  ] GC(147) NMethods: 1472 registered, 0 unregistered
[79.118s][info][gc,metaspace] GC(147) Metaspace: 4M used, 4M capacity, 4M committed, 1032M reserved
[79.118s][info][gc,ref      ] GC(147) Soft: 261 encountered, 0 discovered, 0 enqueued
[79.118s][info][gc,ref      ] GC(147) Weak: 280 encountered, 229 discovered, 0 enqueued
[79.118s][info][gc,ref      ] GC(147) Final: 1 encountered, 0 discovered, 0 enqueued
[79.118s][info][gc,ref      ] GC(147) Phantom: 39 encountered, 30 discovered, 0 enqueued
[79.118s][info][gc,reloc    ] GC(147) Small Pages: 1223 / 2446M(100%), Empty: 2292M(93%), Compacting: 148M(6%)->52M(2%)
[79.118s][info][gc,reloc    ] GC(147) Medium Pages: 0 / 0M(0%), Empty: 0M(0%), Compacting: 0M(0%)->0M(0%)
[79.118s][info][gc,reloc    ] GC(147) Large Pages: 1 / 8M(0%), Empty: 0M(0%), Compacting: 0M(0%)->0M(0%)
[79.118s][info][gc,reloc    ] GC(147) Relocation: Successful
[79.118s][info][gc,heap     ] GC(147) Min Capacity: 42M(1%)
[79.118s][info][gc,heap     ] GC(147) Max Capacity: 4060M(100%)
[79.118s][info][gc,heap     ] GC(147) Soft Max Capacity: 4060M(100%)
[79.118s][info][gc,heap     ] GC(147)                Mark Start          Mark End        Relocate Start      Relocate End           High               Low         
[79.118s][info][gc,heap     ] GC(147)  Capacity:     3174M (78%)        3174M (78%)        3174M (78%)        3174M (78%)        3174M (78%)        3174M (78%)    
[79.118s][info][gc,heap     ] GC(147)   Reserve:       42M (1%)           42M (1%)           42M (1%)           42M (1%)           42M (1%)           42M (1%)     
[79.118s][info][gc,heap     ] GC(147)      Free:     1564M (39%)        1392M (34%)        3654M (90%)        3610M (89%)        3674M (90%)        1382M (34%)    
[79.118s][info][gc,heap     ] GC(147)      Used:     2454M (60%)        2626M (65%)         364M (9%)          408M (10%)        2636M (65%)         344M (8%)     
[79.118s][info][gc,heap     ] GC(147)      Live:         -                57M (1%)           57M (1%)           57M (1%)             -                  -          
[79.118s][info][gc,heap     ] GC(147) Allocated:         -               172M (4%)          202M (5%)          394M (10%)            -                  -          
[79.118s][info][gc,heap     ] GC(147)   Garbage:         -              2396M (59%)         104M (3%)            6M (0%)             -                  -          
[79.118s][info][gc,heap     ] GC(147) Reclaimed:         -                  -              2292M (56%)        2390M (59%)            -                  -          
[79.118s][info][gc          ] GC(147) Garbage Collection (Allocation Rate) 2454M(60%)->408M(10%)
[79.539s][info][gc,start    ] GC(148) Garbage Collection (Allocation Rate)
[79.539s][info][gc,phases   ] GC(148) Pause Mark Start 0.060ms
[79.575s][info][gc,phases   ] GC(148) Concurrent Mark 36.187ms
[79.576s][info][gc,phases   ] GC(148) Pause Mark End 0.318ms
[79.577s][info][gc,phases   ] GC(148) Concurrent Process Non-Strong References 1.667ms
[79.578s][info][gc,phases   ] GC(148) Concurrent Reset Relocation Set 0.773ms
[79.582s][info][gc,phases   ] GC(148) Concurrent Select Relocation Set 4.254ms
[79.583s][info][gc,phases   ] GC(148) Pause Relocate Start 0.091ms
[79.612s][info][gc,phases   ] GC(148) Concurrent Relocate 29.247ms
[79.612s][info][gc,load     ] GC(148) Load: 0.00/0.00/0.00
[79.612s][info][gc,mmu      ] GC(148) MMU: 2ms/77.0%, 5ms/89.5%, 10ms/94.4%, 20ms/97.2%, 50ms/98.7%, 100ms/99.4%
[79.612s][info][gc,marking  ] GC(148) Mark: 1 stripe(s), 2 proactive flush(es), 1 terminate flush(es), 1 completion(s), 0 continuation(s) 
[79.612s][info][gc,nmethod  ] GC(148) NMethods: 1472 registered, 0 unregistered
[79.612s][info][gc,metaspace] GC(148) Metaspace: 4M used, 4M capacity, 4M committed, 1032M reserved
[79.612s][info][gc,ref      ] GC(148) Soft: 261 encountered, 0 discovered, 0 enqueued
[79.612s][info][gc,ref      ] GC(148) Weak: 280 encountered, 229 discovered, 0 enqueued
[79.612s][info][gc,ref      ] GC(148) Final: 1 encountered, 0 discovered, 0 enqueued
[79.612s][info][gc,ref      ] GC(148) Phantom: 39 encountered, 30 discovered, 0 enqueued
[79.612s][info][gc,reloc    ] GC(148) Small Pages: 1208 / 2416M(100%), Empty: 2264M(93%), Compacting: 146M(6%)->52M(2%)
[79.612s][info][gc,reloc    ] GC(148) Medium Pages: 0 / 0M(0%), Empty: 0M(0%), Compacting: 0M(0%)->0M(0%)
[79.612s][info][gc,reloc    ] GC(148) Large Pages: 1 / 8M(0%), Empty: 0M(0%), Compacting: 0M(0%)->0M(0%)
[79.612s][info][gc,reloc    ] GC(148) Relocation: Successful
[79.612s][info][gc,heap     ] GC(148) Min Capacity: 42M(1%)
[79.612s][info][gc,heap     ] GC(148) Max Capacity: 4060M(100%)
[79.612s][info][gc,heap     ] GC(148) Soft Max Capacity: 4060M(100%)
[79.612s][info][gc,heap     ] GC(148)                Mark Start          Mark End        Relocate Start      Relocate End           High               Low         
[79.612s][info][gc,heap     ] GC(148)  Capacity:     3174M (78%)        3174M (78%)        3174M (78%)        3174M (78%)        3174M (78%)        3174M (78%)    
[79.612s][info][gc,heap     ] GC(148)   Reserve:       42M (1%)           42M (1%)           42M (1%)           42M (1%)           42M (1%)           42M (1%)     
[79.612s][info][gc,heap     ] GC(148)      Free:     1594M (39%)        1422M (35%)        3658M (90%)        3616M (89%)        3674M (90%)        1412M (35%)    
[79.612s][info][gc,heap     ] GC(148)      Used:     2424M (60%)        2596M (64%)         360M (9%)          402M (10%)        2606M (64%)         344M (8%)     
[79.612s][info][gc,heap     ] GC(148)      Live:         -                57M (1%)           57M (1%)           57M (1%)             -                  -          
[79.612s][info][gc,heap     ] GC(148) Allocated:         -               172M (4%)          200M (5%)          388M (10%)            -                  -          
[79.612s][info][gc,heap     ] GC(148)   Garbage:         -              2366M (58%)         102M (3%)            4M (0%)             -                  -          
[79.612s][info][gc,heap     ] GC(148) Reclaimed:         -                  -              2264M (56%)        2362M (58%)            -                  -          
[79.612s][info][gc          ] GC(148) Garbage Collection (Allocation Rate) 2424M(60%)->402M(10%)
[80.037s][info][gc,stats    ] === Garbage Collection Statistics =======================================================================================================================
[80.037s][info][gc,stats    ]                                                              Last 10s              Last 10m              Last 10h                Total
[80.037s][info][gc,stats    ]                                                              Avg / Max             Avg / Max             Avg / Max             Avg / Max
[80.037s][info][gc,stats    ]   Collector: Garbage Collection Cycle                     61.433 / 83.373       64.867 / 153.808      64.867 / 153.808      64.867 / 153.808     ms
[80.037s][info][gc,stats    ]  Contention: Mark Segment Reset Contention                     0 / 0                 0 / 0                 0 / 0                 0 / 0           ops/s
[80.037s][info][gc,stats    ]  Contention: Mark SeqNum Reset Contention                      0 / 0                 0 / 0                 0 / 0                 0 / 0           ops/s
[80.037s][info][gc,stats    ]  Contention: Relocation Contention                             0 / 1                 0 / 2                 0 / 2                 0 / 2           ops/s
[80.037s][info][gc,stats    ]    Critical: Allocation Stall                              0.000 / 0.000         0.000 / 0.000         0.000 / 0.000         0.000 / 0.000       ms
[80.037s][info][gc,stats    ]    Critical: Allocation Stall                                  0 / 0                 0 / 0                 0 / 0                 0 / 0           ops/s
[80.037s][info][gc,stats    ]    Critical: GC Locker Stall                               0.000 / 0.000         0.000 / 0.000         0.000 / 0.000         0.000 / 0.000       ms
[80.037s][info][gc,stats    ]    Critical: GC Locker Stall                                   0 / 0                 0 / 0                 0 / 0                 0 / 0           ops/s
[80.037s][info][gc,stats    ]      Memory: Allocation Rate                                4774 / 4802           4532 / 4810           4532 / 4810           4532 / 4810        MB/s
[80.037s][info][gc,stats    ]      Memory: Heap Used After Mark                           2648 / 3046           2656 / 3128           2656 / 3128           2656 / 3128        MB
[80.037s][info][gc,stats    ]      Memory: Heap Used After Relocation                      347 / 420             338 / 462             338 / 462             338 / 462         MB
[80.037s][info][gc,stats    ]      Memory: Heap Used Before Mark                          2477 / 2874           2486 / 2960           2486 / 2960           2486 / 2960        MB
[80.037s][info][gc,stats    ]      Memory: Heap Used Before Relocation                     321 / 380             315 / 384             315 / 384             315 / 384         MB
[80.037s][info][gc,stats    ]      Memory: Out Of Memory                                     0 / 0                 0 / 0                 0 / 0                 0 / 0           ops/s
[80.037s][info][gc,stats    ]      Memory: Page Cache Flush                                  0 / 0                 0 / 0                 0 / 0                 0 / 0           MB/s
[80.037s][info][gc,stats    ]      Memory: Page Cache Hit L1                              2416 / 2434           2270 / 2439           2270 / 2439           2270 / 2439        ops/s
[80.037s][info][gc,stats    ]      Memory: Page Cache Hit L2                                 0 / 0                 0 / 0                 0 / 0                 0 / 0           ops/s
[80.037s][info][gc,stats    ]      Memory: Page Cache Hit L3                                 0 / 0                 1 / 103               1 / 103               1 / 103         ops/s
[80.037s][info][gc,stats    ]      Memory: Page Cache Miss                                   0 / 0                 0 / 0                 0 / 0                 0 / 0           ops/s
[80.037s][info][gc,stats    ]      Memory: Uncommit                                          0 / 0                 0 / 0                 0 / 0                 0 / 0           MB/s
[80.037s][info][gc,stats    ]      Memory: Undo Object Allocation Failed                     0 / 0                 0 / 0                 0 / 0                 0 / 0           ops/s
[80.037s][info][gc,stats    ]      Memory: Undo Object Allocation Succeeded                  0 / 1                 0 / 2                 0 / 2                 0 / 2           ops/s
[80.037s][info][gc,stats    ]      Memory: Undo Page Allocation                              0 / 0                 0 / 0                 0 / 0                 0 / 0           ops/s
[80.037s][info][gc,stats    ]       Phase: Concurrent Mark                              35.908 / 40.137       41.386 / 106.230      41.386 / 106.230      41.386 / 106.230     ms
[80.037s][info][gc,stats    ]       Phase: Concurrent Mark Continue                      0.000 / 0.000         0.000 / 0.000         0.000 / 0.000         0.000 / 0.000       ms
[80.038s][info][gc,stats    ]       Phase: Concurrent Process Non-Strong References      1.613 / 2.038         1.661 / 3.379         1.661 / 3.379         1.661 / 3.379       ms
[80.038s][info][gc,stats    ]       Phase: Concurrent Relocate                          18.428 / 35.608       16.700 / 40.994       16.700 / 40.994       16.700 / 40.994      ms
[80.038s][info][gc,stats    ]       Phase: Concurrent Reset Relocation Set               0.559 / 1.323         0.474 / 1.503         0.474 / 1.503         0.474 / 1.503       ms
[80.038s][info][gc,stats    ]       Phase: Concurrent Select Relocation Set              3.679 / 6.389         3.451 / 7.978         3.451 / 7.978         3.451 / 7.978       ms
[80.038s][info][gc,stats    ]       Phase: Pause Mark End                                0.241 / 0.318         0.269 / 0.459         0.269 / 0.459         0.269 / 0.459       ms
[80.038s][info][gc,stats    ]       Phase: Pause Mark Start                              0.067 / 0.122         0.072 / 0.289         0.072 / 0.289         0.072 / 0.289       ms
[80.038s][info][gc,stats    ]       Phase: Pause Relocate Start                          0.067 / 0.097         0.074 / 0.152         0.074 / 0.152         0.074 / 0.152       ms
[80.038s][info][gc,stats    ]    Subphase: Concurrent Classes Purge                      0.095 / 0.115         0.089 / 0.200         0.089 / 0.200         0.089 / 0.200       ms
[80.038s][info][gc,stats    ]    Subphase: Concurrent Classes Unlink                     1.204 / 1.599         1.222 / 2.988         1.222 / 2.988         1.222 / 2.988       ms
[80.038s][info][gc,stats    ]    Subphase: Concurrent Mark                              35.781 / 40.031       41.246 / 106.127      41.246 / 106.127      41.246 / 106.127     ms
[80.038s][info][gc,stats    ]    Subphase: Concurrent Mark Idle                          0.000 / 0.000         0.000 / 0.000         0.000 / 0.000         0.000 / 0.000       ms
[80.038s][info][gc,stats    ]    Subphase: Concurrent Mark Try Flush                     0.072 / 0.104         0.069 / 0.160         0.069 / 0.160         0.069 / 0.160       ms
[80.038s][info][gc,stats    ]    Subphase: Concurrent Mark Try Terminate                 0.032 / 0.087         0.031 / 0.107         0.031 / 0.107         0.031 / 0.107       ms
[80.038s][info][gc,stats    ]    Subphase: Concurrent References Enqueue                 0.000 / 0.000         0.000 / 0.002         0.000 / 0.002         0.000 / 0.002       ms
[80.038s][info][gc,stats    ]    Subphase: Concurrent References Process                 0.059 / 0.098         0.057 / 0.131         0.057 / 0.131         0.057 / 0.131       ms
[80.038s][info][gc,stats    ]    Subphase: Concurrent Roots                              0.041 / 0.047         0.054 / 0.196         0.054 / 0.196         0.054 / 0.196       ms
[80.038s][info][gc,stats    ]    Subphase: Concurrent Roots ClassLoaderDataGraph         0.037 / 0.041         0.049 / 0.184         0.049 / 0.184         0.049 / 0.184       ms
[80.038s][info][gc,stats    ]    Subphase: Concurrent Roots JNIHandles                   0.002 / 0.004         0.002 / 0.009         0.002 / 0.009         0.002 / 0.009       ms
[80.038s][info][gc,stats    ]    Subphase: Concurrent Roots Setup                        0.002 / 0.003         0.003 / 0.008         0.003 / 0.008         0.003 / 0.008       ms
[80.038s][info][gc,stats    ]    Subphase: Concurrent Roots Teardown                     0.000 / 0.000         0.000 / 0.000         0.000 / 0.000         0.000 / 0.000       ms
[80.038s][info][gc,stats    ]    Subphase: Concurrent Roots VMHandles                    0.002 / 0.003         0.002 / 0.007         0.002 / 0.007         0.002 / 0.007       ms
[80.038s][info][gc,stats    ]    Subphase: Concurrent Weak Roots                         0.146 / 0.173         0.183 / 0.433         0.183 / 0.433         0.183 / 0.433       ms
[80.038s][info][gc,stats    ]    Subphase: Concurrent Weak Roots JNIWeakHandles          0.000 / 0.001         0.000 / 0.001         0.000 / 0.001         0.000 / 0.001       ms
[80.038s][info][gc,stats    ]    Subphase: Concurrent Weak Roots ResolvedMethodTable     0.006 / 0.008         0.007 / 0.018         0.007 / 0.018         0.007 / 0.018       ms
[80.038s][info][gc,stats    ]    Subphase: Concurrent Weak Roots StringTable             0.137 / 0.161         0.172 / 0.416         0.172 / 0.416         0.172 / 0.416       ms
[80.038s][info][gc,stats    ]    Subphase: Concurrent Weak Roots VMWeakHandles           0.002 / 0.003         0.002 / 0.010         0.002 / 0.010         0.002 / 0.010       ms
[80.038s][info][gc,stats    ]    Subphase: Pause Mark Try Complete                       0.135 / 0.146         0.155 / 0.348         0.155 / 0.348         0.155 / 0.348       ms
[80.038s][info][gc,stats    ]    Subphase: Pause Roots                                   0.012 / 0.048         0.013 / 0.246         0.013 / 0.246         0.013 / 0.246       ms
[80.038s][info][gc,stats    ]    Subphase: Pause Roots CodeCache                         0.000 / 0.000         0.000 / 0.000         0.000 / 0.000         0.000 / 0.000       ms
[80.038s][info][gc,stats    ]    Subphase: Pause Roots JVMTIExport                       0.001 / 0.001         0.001 / 0.004         0.001 / 0.004         0.001 / 0.004       ms
[80.038s][info][gc,stats    ]    Subphase: Pause Roots JVMTIWeakExport                   0.001 / 0.001         0.001 / 0.003         0.001 / 0.003         0.001 / 0.003       ms
[80.038s][info][gc,stats    ]    Subphase: Pause Roots Java Threads                      0.019 / 0.043         0.019 / 0.246         0.019 / 0.246         0.019 / 0.246       ms
[80.038s][info][gc,stats    ]    Subphase: Pause Roots Management                        0.001 / 0.002         0.001 / 0.004         0.001 / 0.004         0.001 / 0.004       ms
[80.038s][info][gc,stats    ]    Subphase: Pause Roots ObjectSynchronizer                0.000 / 0.001         0.000 / 0.022         0.000 / 0.022         0.000 / 0.022       ms
[80.038s][info][gc,stats    ]    Subphase: Pause Roots Setup                             0.000 / 0.002         0.000 / 0.002         0.000 / 0.002         0.000 / 0.002       ms
[80.038s][info][gc,stats    ]    Subphase: Pause Roots Teardown                          0.000 / 0.001         0.000 / 0.002         0.000 / 0.002         0.000 / 0.002       ms
[80.038s][info][gc,stats    ]    Subphase: Pause Roots Universe                          0.001 / 0.003         0.001 / 0.015         0.001 / 0.015         0.001 / 0.015       ms
[80.038s][info][gc,stats    ]    Subphase: Pause Roots VM Thread                         0.001 / 0.001         0.001 / 0.003         0.001 / 0.003         0.001 / 0.003       ms
[80.038s][info][gc,stats    ]    Subphase: Pause Weak Roots                              0.003 / 0.018         0.003 / 0.086         0.003 / 0.086         0.003 / 0.086       ms
[80.038s][info][gc,stats    ]    Subphase: Pause Weak Roots JFRWeak                      0.011 / 0.017         0.013 / 0.082         0.013 / 0.082         0.013 / 0.082       ms
[80.038s][info][gc,stats    ]    Subphase: Pause Weak Roots JVMTIWeakExport              0.001 / 0.006         0.001 / 0.006         0.001 / 0.006         0.001 / 0.006       ms
[80.038s][info][gc,stats    ]    Subphase: Pause Weak Roots Setup                        0.000 / 0.000         0.000 / 0.001         0.000 / 0.001         0.000 / 0.001       ms
[80.038s][info][gc,stats    ]    Subphase: Pause Weak Roots Teardown                     0.000 / 0.000         0.000 / 0.000         0.000 / 0.000         0.000 / 0.000       ms
[80.038s][info][gc,stats    ]      System: Java Threads                                     14 / 14               14 / 15               14 / 15               14 / 15          threads
[80.038s][info][gc,stats    ] =========================================================================================================================================================
[80.038s][info][gc,start    ] GC(149) Garbage Collection (Allocation Rate)
[80.039s][info][gc,phases   ] GC(149) Pause Mark Start 0.058ms
[80.067s][info][gc,phases   ] GC(149) Concurrent Mark 28.622ms
[80.068s][info][gc,phases   ] GC(149) Pause Mark End 0.254ms
[80.069s][info][gc,phases   ] GC(149) Concurrent Process Non-Strong References 1.470ms
[80.070s][info][gc,phases   ] GC(149) Concurrent Reset Relocation Set 0.795ms
[80.072s][info][gc,phases   ] GC(149) Concurrent Select Relocation Set 2.105ms
[80.072s][info][gc,phases   ] GC(149) Pause Relocate Start 0.063ms
[80.077s][info][gc,phases   ] GC(149) Concurrent Relocate 4.708ms
[80.077s][info][gc,load     ] GC(149) Load: 0.00/0.00/0.00
[80.077s][info][gc,mmu      ] GC(149) MMU: 2ms/77.0%, 5ms/89.5%, 10ms/94.4%, 20ms/97.2%, 50ms/98.7%, 100ms/99.4%
[80.077s][info][gc,marking  ] GC(149) Mark: 1 stripe(s), 2 proactive flush(es), 1 terminate flush(es), 1 completion(s), 0 continuation(s) 
[80.077s][info][gc,nmethod  ] GC(149) NMethods: 1472 registered, 0 unregistered
[80.077s][info][gc,metaspace] GC(149) Metaspace: 4M used, 4M capacity, 4M committed, 1032M reserved
[80.077s][info][gc,ref      ] GC(149) Soft: 261 encountered, 0 discovered, 0 enqueued
[80.077s][info][gc,ref      ] GC(149) Weak: 280 encountered, 229 discovered, 0 enqueued
[80.077s][info][gc,ref      ] GC(149) Final: 1 encountered, 0 discovered, 0 enqueued
[80.077s][info][gc,ref      ] GC(149) Phantom: 39 encountered, 30 discovered, 0 enqueued
[80.077s][info][gc,reloc    ] GC(149) Small Pages: 1223 / 2446M(100%), Empty: 2386M(97%), Compacting: 22M(1%)->6M(0%)
[80.077s][info][gc,reloc    ] GC(149) Medium Pages: 0 / 0M(0%), Empty: 0M(0%), Compacting: 0M(0%)->0M(0%)
[80.077s][info][gc,reloc    ] GC(149) Large Pages: 1 / 8M(0%), Empty: 0M(0%), Compacting: 0M(0%)->0M(0%)
[80.077s][info][gc,reloc    ] GC(149) Relocation: Successful
[80.077s][info][gc,heap     ] GC(149) Min Capacity: 42M(1%)
[80.077s][info][gc,heap     ] GC(149) Max Capacity: 4060M(100%)
[80.077s][info][gc,heap     ] GC(149) Soft Max Capacity: 4060M(100%)
[80.077s][info][gc,heap     ] GC(149)                Mark Start          Mark End        Relocate Start      Relocate End           High               Low         
[80.077s][info][gc,heap     ] GC(149)  Capacity:     3174M (78%)        3174M (78%)        3174M (78%)        3174M (78%)        3174M (78%)        3174M (78%)    
[80.077s][info][gc,heap     ] GC(149)   Reserve:       42M (1%)           42M (1%)           42M (1%)           42M (1%)           42M (1%)           42M (1%)     
[80.077s][info][gc,heap     ] GC(149)      Free:     1564M (39%)        1426M (35%)        3792M (93%)        3792M (93%)        3802M (94%)        1416M (35%)    
[80.077s][info][gc,heap     ] GC(149)      Used:     2454M (60%)        2592M (64%)         226M (6%)          226M (6%)         2602M (64%)         216M (5%)     
[80.077s][info][gc,heap     ] GC(149)      Live:         -                45M (1%)           45M (1%)           45M (1%)             -                  -          
[80.077s][info][gc,heap     ] GC(149) Allocated:         -               138M (3%)          158M (4%)          180M (4%)             -                  -          
[80.077s][info][gc,heap     ] GC(149)   Garbage:         -              2408M (59%)          22M (1%)            8M (0%)             -                  -          
[80.077s][info][gc,heap     ] GC(149) Reclaimed:         -                  -              2386M (59%)        2400M (59%)            -                  -          
[80.077s][info][gc          ] GC(149) Garbage Collection (Allocation Rate) 2454M(60%)->226M(6%)
[80.538s][info][gc,start    ] GC(150) Garbage Collection (Allocation Rate)
[80.538s][info][gc,phases   ] GC(150) Pause Mark Start 0.062ms
[80.575s][info][gc,phases   ] GC(150) Concurrent Mark 37.561ms
[80.576s][info][gc,phases   ] GC(150) Pause Mark End 0.230ms
[80.577s][info][gc,phases   ] GC(150) Concurrent Process Non-Strong References 1.536ms
[80.577s][info][gc,phases   ] GC(150) Concurrent Reset Relocation Set 0.031ms
[80.579s][info][gc,phases   ] GC(150) Concurrent Select Relocation Set 1.473ms
[80.579s][info][gc,phases   ] GC(150) Pause Relocate Start 0.066ms
[80.580s][info][gc,phases   ] GC(150) Concurrent Relocate 0.302ms
[80.580s][info][gc,load     ] GC(150) Load: 0.00/0.00/0.00
[80.580s][info][gc,mmu      ] GC(150) MMU: 2ms/77.0%, 5ms/89.5%, 10ms/94.4%, 20ms/97.2%, 50ms/98.7%, 100ms/99.4%
[80.580s][info][gc,marking  ] GC(150) Mark: 1 stripe(s), 2 proactive flush(es), 1 terminate flush(es), 1 completion(s), 0 continuation(s) 
[80.580s][info][gc,nmethod  ] GC(150) NMethods: 1472 registered, 0 unregistered
[80.580s][info][gc,metaspace] GC(150) Metaspace: 4M used, 4M capacity, 4M committed, 1032M reserved
[80.580s][info][gc,ref      ] GC(150) Soft: 261 encountered, 0 discovered, 0 enqueued
[80.580s][info][gc,ref      ] GC(150) Weak: 280 encountered, 229 discovered, 0 enqueued
[80.580s][info][gc,ref      ] GC(150) Final: 1 encountered, 0 discovered, 0 enqueued
[80.580s][info][gc,ref      ] GC(150) Phantom: 39 encountered, 30 discovered, 0 enqueued
[80.580s][info][gc,reloc    ] GC(150) Small Pages: 1215 / 2430M(100%), Empty: 2358M(97%), Compacting: 8M(0%)->2M(0%)
[80.580s][info][gc,reloc    ] GC(150) Medium Pages: 0 / 0M(0%), Empty: 0M(0%), Compacting: 0M(0%)->0M(0%)
[80.580s][info][gc,reloc    ] GC(150) Large Pages: 1 / 8M(0%), Empty: 0M(0%), Compacting: 0M(0%)->0M(0%)
[80.580s][info][gc,reloc    ] GC(150) Relocation: Successful
[80.580s][info][gc,heap     ] GC(150) Min Capacity: 42M(1%)
[80.580s][info][gc,heap     ] GC(150) Max Capacity: 4060M(100%)
[80.580s][info][gc,heap     ] GC(150) Soft Max Capacity: 4060M(100%)
[80.580s][info][gc,heap     ] GC(150)                Mark Start          Mark End        Relocate Start      Relocate End           High               Low         
[80.580s][info][gc,heap     ] GC(150)  Capacity:     3174M (78%)        3174M (78%)        3174M (78%)        3174M (78%)        3174M (78%)        3174M (78%)    
[80.580s][info][gc,heap     ] GC(150)   Reserve:       42M (1%)           42M (1%)           42M (1%)           42M (1%)           42M (1%)           42M (1%)     
[80.580s][info][gc,heap     ] GC(150)      Free:     1580M (39%)        1406M (35%)        3750M (92%)        3752M (92%)        3756M (93%)        1398M (34%)    
[80.580s][info][gc,heap     ] GC(150)      Used:     2438M (60%)        2612M (64%)         268M (7%)          266M (7%)         2620M (65%)         262M (6%)     
[80.580s][info][gc,heap     ] GC(150)      Live:         -                63M (2%)           63M (2%)           63M (2%)             -                  -          
[80.580s][info][gc,heap     ] GC(150) Allocated:         -               174M (4%)          188M (5%)          194M (5%)             -                  -          
[80.580s][info][gc,heap     ] GC(150)   Garbage:         -              2374M (58%)          16M (0%)           12M (0%)             -                  -          
[80.580s][info][gc,heap     ] GC(150) Reclaimed:         -                  -              2358M (58%)        2362M (58%)            -                  -          
[80.580s][info][gc          ] GC(150) Garbage Collection (Allocation Rate) 2438M(60%)->266M(7%)
[81.138s][info][gc,start    ] GC(151) Garbage Collection (Allocation Rate)
[81.138s][info][gc,phases   ] GC(151) Pause Mark Start 0.057ms
[81.173s][info][gc,phases   ] GC(151) Concurrent Mark 34.742ms
[81.173s][info][gc,phases   ] GC(151) Pause Mark End 0.233ms
[81.175s][info][gc,phases   ] GC(151) Concurrent Process Non-Strong References 1.505ms
[81.175s][info][gc,phases   ] GC(151) Concurrent Reset Relocation Set 0.020ms
[81.178s][info][gc,phases   ] GC(151) Concurrent Select Relocation Set 3.356ms
[81.179s][info][gc,phases   ] GC(151) Pause Relocate Start 0.067ms
[81.203s][info][gc,phases   ] GC(151) Concurrent Relocate 24.268ms
[81.203s][info][gc,load     ] GC(151) Load: 0.00/0.00/0.00
[81.203s][info][gc,mmu      ] GC(151) MMU: 2ms/77.0%, 5ms/89.5%, 10ms/94.4%, 20ms/97.2%, 50ms/98.7%, 100ms/99.4%
[81.203s][info][gc,marking  ] GC(151) Mark: 1 stripe(s), 2 proactive flush(es), 1 terminate flush(es), 1 completion(s), 0 continuation(s) 
[81.203s][info][gc,nmethod  ] GC(151) NMethods: 1472 registered, 0 unregistered
[81.203s][info][gc,metaspace] GC(151) Metaspace: 4M used, 4M capacity, 4M committed, 1032M reserved
[81.203s][info][gc,ref      ] GC(151) Soft: 261 encountered, 0 discovered, 0 enqueued
[81.203s][info][gc,ref      ] GC(151) Weak: 280 encountered, 229 discovered, 0 enqueued
[81.203s][info][gc,ref      ] GC(151) Final: 1 encountered, 0 discovered, 0 enqueued
[81.203s][info][gc,ref      ] GC(151) Phantom: 39 encountered, 30 discovered, 0 enqueued
[81.203s][info][gc,reloc    ] GC(151) Small Pages: 1439 / 2878M(100%), Empty: 2752M(95%), Compacting: 114M(4%)->42M(1%)
[81.203s][info][gc,reloc    ] GC(151) Medium Pages: 0 / 0M(0%), Empty: 0M(0%), Compacting: 0M(0%)->0M(0%)
[81.203s][info][gc,reloc    ] GC(151) Large Pages: 1 / 8M(0%), Empty: 0M(0%), Compacting: 0M(0%)->0M(0%)
[81.203s][info][gc,reloc    ] GC(151) Relocation: Successful
[81.203s][info][gc,heap     ] GC(151) Min Capacity: 42M(1%)
[81.203s][info][gc,heap     ] GC(151) Max Capacity: 4060M(100%)
[81.203s][info][gc,heap     ] GC(151) Soft Max Capacity: 4060M(100%)
[81.203s][info][gc,heap     ] GC(151)                Mark Start          Mark End        Relocate Start      Relocate End           High               Low         
[81.203s][info][gc,heap     ] GC(151)  Capacity:     3174M (78%)        3174M (78%)        3174M (78%)        3174M (78%)        3174M (78%)        3174M (78%)    
[81.203s][info][gc,heap     ] GC(151)   Reserve:       42M (1%)           42M (1%)           42M (1%)           42M (1%)           42M (1%)           42M (1%)     
[81.203s][info][gc,heap     ] GC(151)      Free:     1132M (28%)         968M (24%)        3698M (91%)        3656M (90%)        3714M (91%)         962M (24%)    
[81.203s][info][gc,heap     ] GC(151)      Used:     2886M (71%)        3050M (75%)         320M (8%)          362M (9%)         3056M (75%)         304M (7%)     
[81.203s][info][gc,heap     ] GC(151)      Live:         -                54M (1%)           54M (1%)           54M (1%)             -                  -          
[81.203s][info][gc,heap     ] GC(151) Allocated:         -               164M (4%)          186M (5%)          342M (8%)             -                  -          
[81.203s][info][gc,heap     ] GC(151)   Garbage:         -              2831M (70%)          79M (2%)            5M (0%)             -                  -          
[81.203s][info][gc,heap     ] GC(151) Reclaimed:         -                  -              2752M (68%)        2826M (70%)            -                  -          
[81.203s][info][gc          ] GC(151) Garbage Collection (Allocation Rate) 2886M(71%)->362M(9%)
[81.639s][info][gc,start    ] GC(152) Garbage Collection (Allocation Rate)
[81.639s][info][gc,phases   ] GC(152) Pause Mark Start 0.043ms
[81.677s][info][gc,phases   ] GC(152) Concurrent Mark 38.457ms
[81.678s][info][gc,phases   ] GC(152) Pause Mark End 0.258ms
[81.679s][info][gc,phases   ] GC(152) Concurrent Process Non-Strong References 1.617ms
[81.680s][info][gc,phases   ] GC(152) Concurrent Reset Relocation Set 0.863ms
[81.685s][info][gc,phases   ] GC(152) Concurrent Select Relocation Set 4.720ms
[81.685s][info][gc,phases   ] GC(152) Pause Relocate Start 0.064ms
[81.712s][info][gc,phases   ] GC(152) Concurrent Relocate 27.022ms
[81.712s][info][gc,load     ] GC(152) Load: 0.00/0.00/0.00
[81.712s][info][gc,mmu      ] GC(152) MMU: 2ms/77.0%, 5ms/89.5%, 10ms/94.4%, 20ms/97.2%, 50ms/98.7%, 100ms/99.4%
[81.712s][info][gc,marking  ] GC(152) Mark: 1 stripe(s), 2 proactive flush(es), 1 terminate flush(es), 1 completion(s), 0 continuation(s) 
[81.712s][info][gc,nmethod  ] GC(152) NMethods: 1472 registered, 0 unregistered
[81.712s][info][gc,metaspace] GC(152) Metaspace: 4M used, 4M capacity, 4M committed, 1032M reserved
[81.712s][info][gc,ref      ] GC(152) Soft: 261 encountered, 0 discovered, 0 enqueued
[81.712s][info][gc,ref      ] GC(152) Weak: 280 encountered, 229 discovered, 0 enqueued
[81.712s][info][gc,ref      ] GC(152) Final: 1 encountered, 0 discovered, 0 enqueued
[81.712s][info][gc,ref      ] GC(152) Phantom: 39 encountered, 30 discovered, 0 enqueued
[81.712s][info][gc,reloc    ] GC(152) Small Pages: 1178 / 2356M(100%), Empty: 2220M(94%), Compacting: 122M(5%)->44M(2%)
[81.713s][info][gc,reloc    ] GC(152) Medium Pages: 0 / 0M(0%), Empty: 0M(0%), Compacting: 0M(0%)->0M(0%)
[81.713s][info][gc,reloc    ] GC(152) Large Pages: 1 / 8M(0%), Empty: 0M(0%), Compacting: 0M(0%)->0M(0%)
[81.713s][info][gc,reloc    ] GC(152) Relocation: Successful
[81.713s][info][gc,heap     ] GC(152) Min Capacity: 42M(1%)
[81.713s][info][gc,heap     ] GC(152) Max Capacity: 4060M(100%)
[81.713s][info][gc,heap     ] GC(152) Soft Max Capacity: 4060M(100%)
[81.713s][info][gc,heap     ] GC(152)                Mark Start          Mark End        Relocate Start      Relocate End           High               Low         
[81.713s][info][gc,heap     ] GC(152)  Capacity:     3174M (78%)        3174M (78%)        3174M (78%)        3174M (78%)        3174M (78%)        3174M (78%)    
[81.713s][info][gc,heap     ] GC(152)   Reserve:       42M (1%)           42M (1%)           42M (1%)           42M (1%)           42M (1%)           42M (1%)     
[81.713s][info][gc,heap     ] GC(152)      Free:     1654M (41%)        1470M (36%)        3656M (90%)        3618M (89%)        3678M (91%)        1460M (36%)    
[81.713s][info][gc,heap     ] GC(152)      Used:     2364M (58%)        2548M (63%)         362M (9%)          400M (10%)        2558M (63%)         340M (8%)     
[81.713s][info][gc,heap     ] GC(152)      Live:         -                57M (1%)           57M (1%)           57M (1%)             -                  -          
[81.713s][info][gc,heap     ] GC(152) Allocated:         -               184M (5%)          218M (5%)          378M (9%)             -                  -          
[81.713s][info][gc,heap     ] GC(152)   Garbage:         -              2306M (57%)          86M (2%)            6M (0%)             -                  -          
[81.713s][info][gc,heap     ] GC(152) Reclaimed:         -                  -              2220M (55%)        2300M (57%)            -                  -          
[81.713s][info][gc          ] GC(152) Garbage Collection (Allocation Rate) 2364M(58%)->400M(10%)
[82.138s][info][gc,start    ] GC(153) Garbage Collection (Allocation Rate)
[82.138s][info][gc,phases   ] GC(153) Pause Mark Start 0.063ms
[82.172s][info][gc,phases   ] GC(153) Concurrent Mark 34.308ms
[82.173s][info][gc,phases   ] GC(153) Pause Mark End 0.232ms
[82.174s][info][gc,phases   ] GC(153) Concurrent Process Non-Strong References 1.657ms
[82.175s][info][gc,phases   ] GC(153) Concurrent Reset Relocation Set 0.830ms
[82.177s][info][gc,phases   ] GC(153) Concurrent Select Relocation Set 1.492ms
[82.177s][info][gc,phases   ] GC(153) Pause Relocate Start 0.060ms
[82.177s][info][gc,phases   ] GC(153) Concurrent Relocate 0.310ms
[82.177s][info][gc,load     ] GC(153) Load: 0.00/0.00/0.00
[82.177s][info][gc,mmu      ] GC(153) MMU: 2ms/77.0%, 5ms/89.5%, 10ms/94.4%, 20ms/97.2%, 50ms/98.7%, 100ms/99.4%
[82.177s][info][gc,marking  ] GC(153) Mark: 1 stripe(s), 2 proactive flush(es), 1 terminate flush(es), 1 completion(s), 0 continuation(s) 
[82.177s][info][gc,nmethod  ] GC(153) NMethods: 1472 registered, 0 unregistered
[82.177s][info][gc,metaspace] GC(153) Metaspace: 4M used, 4M capacity, 4M committed, 1032M reserved
[82.177s][info][gc,ref      ] GC(153) Soft: 261 encountered, 0 discovered, 0 enqueued
[82.177s][info][gc,ref      ] GC(153) Weak: 280 encountered, 229 discovered, 0 enqueued
[82.177s][info][gc,ref      ] GC(153) Final: 1 encountered, 0 discovered, 0 enqueued
[82.177s][info][gc,ref      ] GC(153) Phantom: 39 encountered, 30 discovered, 0 enqueued
[82.177s][info][gc,reloc    ] GC(153) Small Pages: 1173 / 2346M(100%), Empty: 2278M(97%), Compacting: 10M(0%)->2M(0%)
[82.177s][info][gc,reloc    ] GC(153) Medium Pages: 0 / 0M(0%), Empty: 0M(0%), Compacting: 0M(0%)->0M(0%)
[82.177s][info][gc,reloc    ] GC(153) Large Pages: 1 / 8M(0%), Empty: 0M(0%), Compacting: 0M(0%)->0M(0%)
[82.177s][info][gc,reloc    ] GC(153) Relocation: Successful
[82.177s][info][gc,heap     ] GC(153) Min Capacity: 42M(1%)
[82.177s][info][gc,heap     ] GC(153) Max Capacity: 4060M(100%)
[82.177s][info][gc,heap     ] GC(153) Soft Max Capacity: 4060M(100%)
[82.177s][info][gc,heap     ] GC(153)                Mark Start          Mark End        Relocate Start      Relocate End           High               Low         
[82.178s][info][gc,heap     ] GC(153)  Capacity:     3174M (78%)        3174M (78%)        3174M (78%)        3174M (78%)        3174M (78%)        3174M (78%)    
[82.178s][info][gc,heap     ] GC(153)   Reserve:       42M (1%)           42M (1%)           42M (1%)           42M (1%)           42M (1%)           42M (1%)     
[82.178s][info][gc,heap     ] GC(153)      Free:     1664M (41%)        1498M (37%)        3760M (93%)        3766M (93%)        3766M (93%)        1488M (37%)    
[82.178s][info][gc,heap     ] GC(153)      Used:     2354M (58%)        2520M (62%)         258M (6%)          252M (6%)         2530M (62%)         252M (6%)     
[82.178s][info][gc,heap     ] GC(153)      Live:         -                58M (1%)           58M (1%)           58M (1%)             -                  -          
[82.178s][info][gc,heap     ] GC(153) Allocated:         -               166M (4%)          182M (4%)          186M (5%)             -                  -          
[82.178s][info][gc,heap     ] GC(153)   Garbage:         -              2295M (57%)          17M (0%)           11M (0%)             -                  -          
[82.178s][info][gc,heap     ] GC(153) Reclaimed:         -                  -              2278M (56%)        2284M (56%)            -                  -          
[82.178s][info][gc          ] GC(153) Garbage Collection (Allocation Rate) 2354M(58%)->252M(6%)
[82.638s][info][gc,start    ] GC(154) Garbage Collection (Allocation Rate)
[82.639s][info][gc,phases   ] GC(154) Pause Mark Start 0.063ms
[82.688s][info][gc,phases   ] GC(154) Concurrent Mark 49.070ms
[82.688s][info][gc,phases   ] GC(154) Pause Mark End 0.233ms
[82.690s][info][gc,phases   ] GC(154) Concurrent Process Non-Strong References 1.465ms
[82.690s][info][gc,phases   ] GC(154) Concurrent Reset Relocation Set 0.021ms
[82.692s][info][gc,phases   ] GC(154) Concurrent Select Relocation Set 2.762ms
[82.693s][info][gc,phases   ] GC(154) Pause Relocate Start 0.064ms
[82.704s][info][gc,phases   ] GC(154) Concurrent Relocate 11.129ms
[82.704s][info][gc,load     ] GC(154) Load: 0.00/0.00/0.00
[82.704s][info][gc,mmu      ] GC(154) MMU: 2ms/77.0%, 5ms/89.5%, 10ms/94.4%, 20ms/97.2%, 50ms/98.7%, 100ms/99.4%
[82.704s][info][gc,marking  ] GC(154) Mark: 1 stripe(s), 2 proactive flush(es), 1 terminate flush(es), 1 completion(s), 0 continuation(s) 
[82.704s][info][gc,nmethod  ] GC(154) NMethods: 1472 registered, 0 unregistered
[82.704s][info][gc,metaspace] GC(154) Metaspace: 4M used, 4M capacity, 4M committed, 1032M reserved
[82.704s][info][gc,ref      ] GC(154) Soft: 261 encountered, 0 discovered, 0 enqueued
[82.704s][info][gc,ref      ] GC(154) Weak: 280 encountered, 229 discovered, 0 enqueued
[82.704s][info][gc,ref      ] GC(154) Final: 1 encountered, 0 discovered, 0 enqueued
[82.704s][info][gc,ref      ] GC(154) Phantom: 39 encountered, 30 discovered, 0 enqueued
[82.704s][info][gc,reloc    ] GC(154) Small Pages: 1230 / 2460M(100%), Empty: 2352M(95%), Compacting: 52M(2%)->18M(1%)
[82.704s][info][gc,reloc    ] GC(154) Medium Pages: 0 / 0M(0%), Empty: 0M(0%), Compacting: 0M(0%)->0M(0%)
[82.704s][info][gc,reloc    ] GC(154) Large Pages: 1 / 8M(0%), Empty: 0M(0%), Compacting: 0M(0%)->0M(0%)
[82.704s][info][gc,reloc    ] GC(154) Relocation: Successful
[82.704s][info][gc,heap     ] GC(154) Min Capacity: 42M(1%)
[82.704s][info][gc,heap     ] GC(154) Max Capacity: 4060M(100%)
[82.704s][info][gc,heap     ] GC(154) Soft Max Capacity: 4060M(100%)
[82.704s][info][gc,heap     ] GC(154)                Mark Start          Mark End        Relocate Start      Relocate End           High               Low         
[82.704s][info][gc,heap     ] GC(154)  Capacity:     3174M (78%)        3174M (78%)        3174M (78%)        3174M (78%)        3174M (78%)        3174M (78%)    
[82.704s][info][gc,heap     ] GC(154)   Reserve:       42M (1%)           42M (1%)           42M (1%)           42M (1%)           42M (1%)           42M (1%)     
[82.704s][info][gc,heap     ] GC(154)      Free:     1550M (38%)        1360M (33%)        3694M (91%)        3680M (91%)        3706M (91%)        1354M (33%)    
[82.704s][info][gc,heap     ] GC(154)      Used:     2468M (61%)        2658M (65%)         324M (8%)          338M (8%)         2664M (66%)         312M (8%)     
[82.704s][info][gc,heap     ] GC(154)      Live:         -                71M (2%)           71M (2%)           71M (2%)             -                  -          
[82.704s][info][gc,heap     ] GC(154) Allocated:         -               190M (5%)          208M (5%)          274M (7%)             -                  -          
[82.704s][info][gc,heap     ] GC(154)   Garbage:         -              2396M (59%)          44M (1%)           10M (0%)             -                  -          
[82.704s][info][gc,heap     ] GC(154) Reclaimed:         -                  -              2352M (58%)        2386M (59%)            -                  -          
[82.704s][info][gc          ] GC(154) Garbage Collection (Allocation Rate) 2468M(61%)->338M(8%)
[83.138s][info][gc,start    ] GC(155) Garbage Collection (Allocation Rate)
[83.138s][info][gc,phases   ] GC(155) Pause Mark Start 0.064ms
[83.168s][info][gc,phases   ] GC(155) Concurrent Mark 29.434ms
[83.168s][info][gc,phases   ] GC(155) Pause Mark End 0.253ms
[83.170s][info][gc,phases   ] GC(155) Concurrent Process Non-Strong References 1.592ms
[83.170s][info][gc,phases   ] GC(155) Concurrent Reset Relocation Set 0.041ms
[83.172s][info][gc,phases   ] GC(155) Concurrent Select Relocation Set 1.920ms
[83.172s][info][gc,phases   ] GC(155) Pause Relocate Start 0.056ms
[83.173s][info][gc,phases   ] GC(155) Concurrent Relocate 1.038ms
[83.173s][info][gc,load     ] GC(155) Load: 0.00/0.00/0.00
[83.173s][info][gc,mmu      ] GC(155) MMU: 2ms/77.0%, 5ms/89.5%, 10ms/94.4%, 20ms/97.2%, 50ms/98.7%, 100ms/99.4%
[83.173s][info][gc,marking  ] GC(155) Mark: 1 stripe(s), 2 proactive flush(es), 1 terminate flush(es), 1 completion(s), 0 continuation(s) 
[83.173s][info][gc,nmethod  ] GC(155) NMethods: 1472 registered, 0 unregistered
[83.173s][info][gc,metaspace] GC(155) Metaspace: 4M used, 4M capacity, 4M committed, 1032M reserved
[83.173s][info][gc,ref      ] GC(155) Soft: 261 encountered, 0 discovered, 0 enqueued
[83.173s][info][gc,ref      ] GC(155) Weak: 280 encountered, 229 discovered, 0 enqueued
[83.173s][info][gc,ref      ] GC(155) Final: 1 encountered, 0 discovered, 0 enqueued
[83.173s][info][gc,ref      ] GC(155) Phantom: 39 encountered, 30 discovered, 0 enqueued
[83.173s][info][gc,reloc    ] GC(155) Small Pages: 1188 / 2376M(100%), Empty: 2324M(97%), Compacting: 10M(0%)->2M(0%)
[83.173s][info][gc,reloc    ] GC(155) Medium Pages: 0 / 0M(0%), Empty: 0M(0%), Compacting: 0M(0%)->0M(0%)
[83.173s][info][gc,reloc    ] GC(155) Large Pages: 1 / 8M(0%), Empty: 0M(0%), Compacting: 0M(0%)->0M(0%)
[83.173s][info][gc,reloc    ] GC(155) Relocation: Successful
[83.173s][info][gc,heap     ] GC(155) Min Capacity: 42M(1%)
[83.173s][info][gc,heap     ] GC(155) Max Capacity: 4060M(100%)
[83.173s][info][gc,heap     ] GC(155) Soft Max Capacity: 4060M(100%)
[83.173s][info][gc,heap     ] GC(155)                Mark Start          Mark End        Relocate Start      Relocate End           High               Low         
[83.173s][info][gc,heap     ] GC(155)  Capacity:     3174M (78%)        3174M (78%)        3174M (78%)        3174M (78%)        3174M (78%)        3174M (78%)    
[83.173s][info][gc,heap     ] GC(155)   Reserve:       42M (1%)           42M (1%)           42M (1%)           42M (1%)           42M (1%)           42M (1%)     
[83.173s][info][gc,heap     ] GC(155)      Free:     1634M (40%)        1492M (37%)        3798M (94%)        3800M (94%)        3808M (94%)        1484M (37%)    
[83.173s][info][gc,heap     ] GC(155)      Used:     2384M (59%)        2526M (62%)         220M (5%)          218M (5%)         2534M (62%)         210M (5%)     
[83.173s][info][gc,heap     ] GC(155)      Live:         -                45M (1%)           45M (1%)           45M (1%)             -                  -          
[83.173s][info][gc,heap     ] GC(155) Allocated:         -               142M (3%)          160M (4%)          168M (4%)             -                  -          
[83.173s][info][gc,heap     ] GC(155)   Garbage:         -              2338M (58%)          14M (0%)           10M (0%)             -                  -          
[83.173s][info][gc,heap     ] GC(155) Reclaimed:         -                  -              2324M (57%)        2328M (57%)            -                  -          
[83.173s][info][gc          ] GC(155) Garbage Collection (Allocation Rate) 2384M(59%)->218M(5%)
[83.738s][info][gc,start    ] GC(156) Garbage Collection (Allocation Rate)
[83.738s][info][gc,phases   ] GC(156) Pause Mark Start 0.056ms
[83.804s][info][gc,phases   ] GC(156) Concurrent Mark 65.409ms
[83.804s][info][gc,phases   ] GC(156) Pause Mark End 0.265ms
[83.806s][info][gc,phases   ] GC(156) Concurrent Process Non-Strong References 2.120ms
[83.806s][info][gc,phases   ] GC(156) Concurrent Reset Relocation Set 0.026ms
[83.809s][info][gc,phases   ] GC(156) Concurrent Select Relocation Set 3.154ms
[83.810s][info][gc,phases   ] GC(156) Pause Relocate Start 0.051ms
[83.824s][info][gc,phases   ] GC(156) Concurrent Relocate 14.228ms
[83.824s][info][gc,load     ] GC(156) Load: 0.00/0.00/0.00
[83.824s][info][gc,mmu      ] GC(156) MMU: 2ms/77.0%, 5ms/89.5%, 10ms/94.4%, 20ms/97.2%, 50ms/98.7%, 100ms/99.4%
[83.824s][info][gc,marking  ] GC(156) Mark: 1 stripe(s), 2 proactive flush(es), 1 terminate flush(es), 1 completion(s), 0 continuation(s) 
[83.824s][info][gc,nmethod  ] GC(156) NMethods: 1473 registered, 0 unregistered
[83.824s][info][gc,metaspace] GC(156) Metaspace: 4M used, 4M capacity, 4M committed, 1032M reserved
[83.824s][info][gc,ref      ] GC(156) Soft: 261 encountered, 0 discovered, 0 enqueued
[83.824s][info][gc,ref      ] GC(156) Weak: 280 encountered, 229 discovered, 0 enqueued
[83.824s][info][gc,ref      ] GC(156) Final: 1 encountered, 0 discovered, 0 enqueued
[83.824s][info][gc,ref      ] GC(156) Phantom: 39 encountered, 30 discovered, 0 enqueued
[83.824s][info][gc,reloc    ] GC(156) Small Pages: 1396 / 2792M(100%), Empty: 2690M(96%), Compacting: 28M(1%)->12M(0%)
[83.824s][info][gc,reloc    ] GC(156) Medium Pages: 0 / 0M(0%), Empty: 0M(0%), Compacting: 0M(0%)->0M(0%)
[83.824s][info][gc,reloc    ] GC(156) Large Pages: 1 / 8M(0%), Empty: 0M(0%), Compacting: 0M(0%)->0M(0%)
[83.824s][info][gc,reloc    ] GC(156) Relocation: Successful
[83.824s][info][gc,heap     ] GC(156) Min Capacity: 42M(1%)
[83.824s][info][gc,heap     ] GC(156) Max Capacity: 4060M(100%)
[83.824s][info][gc,heap     ] GC(156) Soft Max Capacity: 4060M(100%)
[83.824s][info][gc,heap     ] GC(156)                Mark Start          Mark End        Relocate Start      Relocate End           High               Low         
[83.824s][info][gc,heap     ] GC(156)  Capacity:     3174M (78%)        3174M (78%)        3174M (78%)        3174M (78%)        3174M (78%)        3174M (78%)    
[83.824s][info][gc,heap     ] GC(156)   Reserve:       42M (1%)           42M (1%)           42M (1%)           42M (1%)           42M (1%)           42M (1%)     
[83.824s][info][gc,heap     ] GC(156)      Free:     1218M (30%)        1024M (25%)        3694M (91%)        3656M (90%)        3706M (91%)        1016M (25%)    
[83.824s][info][gc,heap     ] GC(156)      Used:     2800M (69%)        2994M (74%)         324M (8%)          362M (9%)         3002M (74%)         312M (8%)     
[83.824s][info][gc,heap     ] GC(156)      Live:         -                82M (2%)           82M (2%)           82M (2%)             -                  -          
[83.824s][info][gc,heap     ] GC(156) Allocated:         -               194M (5%)          214M (5%)          280M (7%)             -                  -          
[83.824s][info][gc,heap     ] GC(156)   Garbage:         -              2717M (67%)          27M (1%)           17M (0%)             -                  -          
[83.824s][info][gc,heap     ] GC(156) Reclaimed:         -                  -              2690M (66%)        2700M (67%)            -                  -          
[83.824s][info][gc          ] GC(156) Garbage Collection (Allocation Rate) 2800M(69%)->362M(9%)
[84.338s][info][gc,start    ] GC(157) Garbage Collection (Allocation Rate)
[84.339s][info][gc,phases   ] GC(157) Pause Mark Start 0.076ms
[84.389s][info][gc,phases   ] GC(157) Concurrent Mark 50.601ms
[84.390s][info][gc,phases   ] GC(157) Pause Mark End 0.235ms
[84.391s][info][gc,phases   ] GC(157) Concurrent Process Non-Strong References 1.502ms
[84.391s][info][gc,phases   ] GC(157) Concurrent Reset Relocation Set 0.038ms
[84.394s][info][gc,phases   ] GC(157) Concurrent Select Relocation Set 3.166ms
[84.395s][info][gc,phases   ] GC(157) Pause Relocate Start 0.064ms
[84.413s][info][gc,phases   ] GC(157) Concurrent Relocate 17.719ms
[84.413s][info][gc,load     ] GC(157) Load: 0.00/0.00/0.00
[84.413s][info][gc,mmu      ] GC(157) MMU: 2ms/77.0%, 5ms/89.5%, 10ms/94.4%, 20ms/97.2%, 50ms/98.7%, 100ms/99.4%
[84.413s][info][gc,marking  ] GC(157) Mark: 1 stripe(s), 2 proactive flush(es), 1 terminate flush(es), 1 completion(s), 0 continuation(s) 
[84.413s][info][gc,nmethod  ] GC(157) NMethods: 1473 registered, 0 unregistered
[84.413s][info][gc,metaspace] GC(157) Metaspace: 4M used, 4M capacity, 4M committed, 1032M reserved
[84.413s][info][gc,ref      ] GC(157) Soft: 261 encountered, 0 discovered, 0 enqueued
[84.413s][info][gc,ref      ] GC(157) Weak: 280 encountered, 229 discovered, 0 enqueued
[84.413s][info][gc,ref      ] GC(157) Final: 1 encountered, 0 discovered, 0 enqueued
[84.413s][info][gc,ref      ] GC(157) Phantom: 39 encountered, 30 discovered, 0 enqueued
[84.413s][info][gc,reloc    ] GC(157) Small Pages: 1162 / 2324M(100%), Empty: 2176M(93%), Compacting: 136M(6%)->32M(1%)
[84.413s][info][gc,reloc    ] GC(157) Medium Pages: 0 / 0M(0%), Empty: 0M(0%), Compacting: 0M(0%)->0M(0%)
[84.413s][info][gc,reloc    ] GC(157) Large Pages: 1 / 8M(0%), Empty: 0M(0%), Compacting: 0M(0%)->0M(0%)
[84.413s][info][gc,reloc    ] GC(157) Relocation: Successful
[84.413s][info][gc,heap     ] GC(157) Min Capacity: 42M(1%)
[84.413s][info][gc,heap     ] GC(157) Max Capacity: 4060M(100%)
[84.413s][info][gc,heap     ] GC(157) Soft Max Capacity: 4060M(100%)
[84.413s][info][gc,heap     ] GC(157)                Mark Start          Mark End        Relocate Start      Relocate End           High               Low         
[84.413s][info][gc,heap     ] GC(157)  Capacity:     3174M (78%)        3174M (78%)        3174M (78%)        3174M (78%)        3174M (78%)        3174M (78%)    
[84.413s][info][gc,heap     ] GC(157)   Reserve:       42M (1%)           42M (1%)           42M (1%)           42M (1%)           42M (1%)           42M (1%)     
[84.413s][info][gc,heap     ] GC(157)      Free:     1686M (42%)        1508M (37%)        3662M (90%)        3684M (91%)        3694M (91%)        1500M (37%)    
[84.413s][info][gc,heap     ] GC(157)      Used:     2332M (57%)        2510M (62%)         356M (9%)          334M (8%)         2518M (62%)         324M (8%)     
[84.413s][info][gc,heap     ] GC(157)      Live:         -                45M (1%)           45M (1%)           45M (1%)             -                  -          
[84.413s][info][gc,heap     ] GC(157) Allocated:         -               178M (4%)          200M (5%)          314M (8%)             -                  -          
[84.413s][info][gc,heap     ] GC(157)   Garbage:         -              2286M (56%)         110M (3%)            6M (0%)             -                  -          
[84.413s][info][gc,heap     ] GC(157) Reclaimed:         -                  -              2176M (54%)        2280M (56%)            -                  -          
[84.413s][info][gc          ] GC(157) Garbage Collection (Allocation Rate) 2332M(57%)->334M(8%)
[84.838s][info][gc,start    ] GC(158) Garbage Collection (Allocation Rate)
[84.838s][info][gc,phases   ] GC(158) Pause Mark Start 0.044ms
[84.873s][info][gc,phases   ] GC(158) Concurrent Mark 34.680ms
[84.873s][info][gc,phases   ] GC(158) Pause Mark End 0.214ms
[84.875s][info][gc,phases   ] GC(158) Concurrent Process Non-Strong References 1.406ms
[84.876s][info][gc,phases   ] GC(158) Concurrent Reset Relocation Set 1.019ms
[84.877s][info][gc,phases   ] GC(158) Concurrent Select Relocation Set 1.718ms
[84.878s][info][gc,phases   ] GC(158) Pause Relocate Start 0.045ms
[84.878s][info][gc,phases   ] GC(158) Concurrent Relocate 0.702ms
[84.878s][info][gc,load     ] GC(158) Load: 0.00/0.00/0.00
[84.879s][info][gc,mmu      ] GC(158) MMU: 2ms/77.0%, 5ms/89.5%, 10ms/94.4%, 20ms/97.2%, 50ms/98.7%, 100ms/99.4%
[84.879s][info][gc,marking  ] GC(158) Mark: 1 stripe(s), 2 proactive flush(es), 1 terminate flush(es), 1 completion(s), 0 continuation(s) 
[84.879s][info][gc,nmethod  ] GC(158) NMethods: 1473 registered, 0 unregistered
[84.879s][info][gc,metaspace] GC(158) Metaspace: 4M used, 4M capacity, 4M committed, 1032M reserved
[84.879s][info][gc,ref      ] GC(158) Soft: 261 encountered, 0 discovered, 0 enqueued
[84.879s][info][gc,ref      ] GC(158) Weak: 280 encountered, 229 discovered, 0 enqueued
[84.879s][info][gc,ref      ] GC(158) Final: 1 encountered, 0 discovered, 0 enqueued
[84.879s][info][gc,ref      ] GC(158) Phantom: 39 encountered, 30 discovered, 0 enqueued
[84.879s][info][gc,reloc    ] GC(158) Small Pages: 1159 / 2318M(100%), Empty: 2256M(97%), Compacting: 8M(0%)->2M(0%)
[84.879s][info][gc,reloc    ] GC(158) Medium Pages: 0 / 0M(0%), Empty: 0M(0%), Compacting: 0M(0%)->0M(0%)
[84.879s][info][gc,reloc    ] GC(158) Large Pages: 1 / 8M(0%), Empty: 0M(0%), Compacting: 0M(0%)->0M(0%)
[84.879s][info][gc,reloc    ] GC(158) Relocation: Successful
[84.879s][info][gc,heap     ] GC(158) Min Capacity: 42M(1%)
[84.879s][info][gc,heap     ] GC(158) Max Capacity: 4060M(100%)
[84.879s][info][gc,heap     ] GC(158) Soft Max Capacity: 4060M(100%)
[84.879s][info][gc,heap     ] GC(158)                Mark Start          Mark End        Relocate Start      Relocate End           High               Low         
[84.879s][info][gc,heap     ] GC(158)  Capacity:     3174M (78%)        3174M (78%)        3174M (78%)        3174M (78%)        3174M (78%)        3174M (78%)    
[84.879s][info][gc,heap     ] GC(158)   Reserve:       42M (1%)           42M (1%)           42M (1%)           42M (1%)           42M (1%)           42M (1%)     
[84.879s][info][gc,heap     ] GC(158)      Free:     1692M (42%)        1558M (38%)        3802M (94%)        3798M (94%)        3806M (94%)        1550M (38%)    
[84.879s][info][gc,heap     ] GC(158)      Used:     2326M (57%)        2460M (61%)         216M (5%)          220M (5%)         2468M (61%)         212M (5%)     
[84.879s][info][gc,heap     ] GC(158)      Live:         -                55M (1%)           55M (1%)           55M (1%)             -                  -          
[84.879s][info][gc,heap     ] GC(158) Allocated:         -               134M (3%)          146M (4%)          158M (4%)             -                  -          
[84.879s][info][gc,heap     ] GC(158)   Garbage:         -              2270M (56%)          14M (0%)           16M (0%)             -                  -          
[84.879s][info][gc,heap     ] GC(158) Reclaimed:         -                  -              2256M (56%)        2254M (56%)            -                  -          
[84.879s][info][gc          ] GC(158) Garbage Collection (Allocation Rate) 2326M(57%)->220M(5%)
[85.338s][info][gc,start    ] GC(159) Garbage Collection (Allocation Rate)
[85.339s][info][gc,phases   ] GC(159) Pause Mark Start 0.045ms
[85.373s][info][gc,phases   ] GC(159) Concurrent Mark 34.379ms
[85.373s][info][gc,phases   ] GC(159) Pause Mark End 0.260ms
[85.375s][info][gc,phases   ] GC(159) Concurrent Process Non-Strong References 1.742ms
[85.375s][info][gc,phases   ] GC(159) Concurrent Reset Relocation Set 0.021ms
[85.379s][info][gc,phases   ] GC(159) Concurrent Select Relocation Set 4.145ms
[85.380s][info][gc,phases   ] GC(159) Pause Relocate Start 0.064ms
[85.399s][info][gc,phases   ] GC(159) Concurrent Relocate 19.312ms
[85.399s][info][gc,load     ] GC(159) Load: 0.00/0.00/0.00
[85.399s][info][gc,mmu      ] GC(159) MMU: 2ms/77.0%, 5ms/89.5%, 10ms/94.4%, 20ms/97.2%, 50ms/98.7%, 100ms/99.4%
[85.399s][info][gc,marking  ] GC(159) Mark: 1 stripe(s), 2 proactive flush(es), 1 terminate flush(es), 1 completion(s), 0 continuation(s) 
[85.399s][info][gc,nmethod  ] GC(159) NMethods: 1473 registered, 0 unregistered
[85.399s][info][gc,metaspace] GC(159) Metaspace: 4M used, 4M capacity, 4M committed, 1032M reserved
[85.399s][info][gc,ref      ] GC(159) Soft: 261 encountered, 0 discovered, 0 enqueued
[85.399s][info][gc,ref      ] GC(159) Weak: 280 encountered, 229 discovered, 0 enqueued
[85.399s][info][gc,ref      ] GC(159) Final: 1 encountered, 0 discovered, 0 enqueued
[85.399s][info][gc,ref      ] GC(159) Phantom: 39 encountered, 30 discovered, 0 enqueued
[85.399s][info][gc,reloc    ] GC(159) Small Pages: 1195 / 2390M(100%), Empty: 2278M(95%), Compacting: 90M(4%)->34M(1%)
[85.399s][info][gc,reloc    ] GC(159) Medium Pages: 0 / 0M(0%), Empty: 0M(0%), Compacting: 0M(0%)->0M(0%)
[85.399s][info][gc,reloc    ] GC(159) Large Pages: 1 / 8M(0%), Empty: 0M(0%), Compacting: 0M(0%)->0M(0%)
[85.399s][info][gc,reloc    ] GC(159) Relocation: Successful
[85.399s][info][gc,heap     ] GC(159) Min Capacity: 42M(1%)
[85.399s][info][gc,heap     ] GC(159) Max Capacity: 4060M(100%)
[85.399s][info][gc,heap     ] GC(159) Soft Max Capacity: 4060M(100%)
[85.399s][info][gc,heap     ] GC(159)                Mark Start          Mark End        Relocate Start      Relocate End           High               Low         
[85.399s][info][gc,heap     ] GC(159)  Capacity:     3174M (78%)        3174M (78%)        3174M (78%)        3174M (78%)        3174M (78%)        3174M (78%)    
[85.399s][info][gc,heap     ] GC(159)   Reserve:       42M (1%)           42M (1%)           42M (1%)           42M (1%)           42M (1%)           42M (1%)     
[85.399s][info][gc,heap     ] GC(159)      Free:     1620M (40%)        1468M (36%)        3716M (92%)        3682M (91%)        3736M (92%)        1458M (36%)    
[85.399s][info][gc,heap     ] GC(159)      Used:     2398M (59%)        2550M (63%)         302M (7%)          336M (8%)         2560M (63%)         282M (7%)     
[85.399s][info][gc,heap     ] GC(159)      Live:         -                56M (1%)           56M (1%)           56M (1%)             -                  -          
[85.399s][info][gc,heap     ] GC(159) Allocated:         -               152M (4%)          182M (4%)          306M (8%)             -                  -          
[85.399s][info][gc,heap     ] GC(159)   Garbage:         -              2341M (58%)          63M (2%)            5M (0%)             -                  -          
[85.399s][info][gc,heap     ] GC(159) Reclaimed:         -                  -              2278M (56%)        2336M (58%)            -                  -          
[85.399s][info][gc          ] GC(159) Garbage Collection (Allocation Rate) 2398M(59%)->336M(8%)
[85.838s][info][gc,start    ] GC(160) Garbage Collection (Allocation Rate)
[85.838s][info][gc,phases   ] GC(160) Pause Mark Start 0.073ms
[85.866s][info][gc,phases   ] GC(160) Concurrent Mark 27.652ms
[85.866s][info][gc,phases   ] GC(160) Pause Mark End 0.236ms
[85.868s][info][gc,phases   ] GC(160) Concurrent Process Non-Strong References 1.581ms
[85.869s][info][gc,phases   ] GC(160) Concurrent Reset Relocation Set 0.946ms
[85.871s][info][gc,phases   ] GC(160) Concurrent Select Relocation Set 2.505ms
[85.872s][info][gc,phases   ] GC(160) Pause Relocate Start 0.062ms
[85.873s][info][gc,phases   ] GC(160) Concurrent Relocate 1.234ms
[85.873s][info][gc,load     ] GC(160) Load: 0.00/0.00/0.00
[85.873s][info][gc,mmu      ] GC(160) MMU: 2ms/77.0%, 5ms/89.5%, 10ms/94.4%, 20ms/97.2%, 50ms/98.7%, 100ms/99.4%
[85.873s][info][gc,marking  ] GC(160) Mark: 1 stripe(s), 2 proactive flush(es), 1 terminate flush(es), 1 completion(s), 0 continuation(s) 
[85.873s][info][gc,nmethod  ] GC(160) NMethods: 1473 registered, 0 unregistered
[85.873s][info][gc,metaspace] GC(160) Metaspace: 4M used, 4M capacity, 4M committed, 1032M reserved
[85.873s][info][gc,ref      ] GC(160) Soft: 261 encountered, 0 discovered, 0 enqueued
[85.873s][info][gc,ref      ] GC(160) Weak: 280 encountered, 229 discovered, 0 enqueued
[85.873s][info][gc,ref      ] GC(160) Final: 1 encountered, 0 discovered, 0 enqueued
[85.873s][info][gc,ref      ] GC(160) Phantom: 39 encountered, 30 discovered, 0 enqueued
[85.873s][info][gc,reloc    ] GC(160) Small Pages: 1215 / 2430M(100%), Empty: 2380M(98%), Compacting: 10M(0%)->2M(0%)
[85.873s][info][gc,reloc    ] GC(160) Medium Pages: 0 / 0M(0%), Empty: 0M(0%), Compacting: 0M(0%)->0M(0%)
[85.873s][info][gc,reloc    ] GC(160) Large Pages: 1 / 8M(0%), Empty: 0M(0%), Compacting: 0M(0%)->0M(0%)
[85.873s][info][gc,reloc    ] GC(160) Relocation: Successful
[85.873s][info][gc,heap     ] GC(160) Min Capacity: 42M(1%)
[85.873s][info][gc,heap     ] GC(160) Max Capacity: 4060M(100%)
[85.873s][info][gc,heap     ] GC(160) Soft Max Capacity: 4060M(100%)
[85.873s][info][gc,heap     ] GC(160)                Mark Start          Mark End        Relocate Start      Relocate End           High               Low         
[85.873s][info][gc,heap     ] GC(160)  Capacity:     3174M (78%)        3174M (78%)        3174M (78%)        3174M (78%)        3174M (78%)        3174M (78%)    
[85.873s][info][gc,heap     ] GC(160)   Reserve:       42M (1%)           42M (1%)           42M (1%)           42M (1%)           42M (1%)           42M (1%)     
[85.873s][info][gc,heap     ] GC(160)      Free:     1580M (39%)        1446M (36%)        3810M (94%)        3812M (94%)        3816M (94%)        1436M (35%)    
[85.873s][info][gc,heap     ] GC(160)      Used:     2438M (60%)        2572M (63%)         208M (5%)          206M (5%)         2582M (64%)         202M (5%)     
[85.873s][info][gc,heap     ] GC(160)      Live:         -                44M (1%)           44M (1%)           44M (1%)             -                  -          
[85.873s][info][gc,heap     ] GC(160) Allocated:         -               134M (3%)          150M (4%)          158M (4%)             -                  -          
[85.873s][info][gc,heap     ] GC(160)   Garbage:         -              2393M (59%)          13M (0%)            9M (0%)             -                  -          
[85.873s][info][gc,heap     ] GC(160) Reclaimed:         -                  -              2380M (59%)        2384M (59%)            -                  -          
[85.873s][info][gc          ] GC(160) Garbage Collection (Allocation Rate) 2438M(60%)->206M(5%)
[86.438s][info][gc,start    ] GC(161) Garbage Collection (Allocation Rate)
[86.438s][info][gc,phases   ] GC(161) Pause Mark Start 0.059ms
[86.477s][info][gc,phases   ] GC(161) Concurrent Mark 38.711ms
[86.477s][info][gc,phases   ] GC(161) Pause Mark End 0.233ms
[86.479s][info][gc,phases   ] GC(161) Concurrent Process Non-Strong References 1.669ms
[86.479s][info][gc,phases   ] GC(161) Concurrent Reset Relocation Set 0.025ms
[86.484s][info][gc,phases   ] GC(161) Concurrent Select Relocation Set 4.457ms
[86.484s][info][gc,phases   ] GC(161) Pause Relocate Start 0.061ms
[86.507s][info][gc,phases   ] GC(161) Concurrent Relocate 22.810ms
[86.507s][info][gc,load     ] GC(161) Load: 0.00/0.00/0.00
[86.507s][info][gc,mmu      ] GC(161) MMU: 2ms/77.0%, 5ms/89.5%, 10ms/94.4%, 20ms/97.2%, 50ms/98.7%, 100ms/99.4%
[86.507s][info][gc,marking  ] GC(161) Mark: 1 stripe(s), 2 proactive flush(es), 1 terminate flush(es), 1 completion(s), 0 continuation(s) 
[86.507s][info][gc,nmethod  ] GC(161) NMethods: 1473 registered, 0 unregistered
[86.507s][info][gc,metaspace] GC(161) Metaspace: 4M used, 4M capacity, 4M committed, 1032M reserved
[86.507s][info][gc,ref      ] GC(161) Soft: 261 encountered, 0 discovered, 0 enqueued
[86.507s][info][gc,ref      ] GC(161) Weak: 280 encountered, 229 discovered, 0 enqueued
[86.507s][info][gc,ref      ] GC(161) Final: 1 encountered, 0 discovered, 0 enqueued
[86.507s][info][gc,ref      ] GC(161) Phantom: 39 encountered, 30 discovered, 0 enqueued
[86.507s][info][gc,reloc    ] GC(161) Small Pages: 1409 / 2818M(100%), Empty: 2688M(95%), Compacting: 104M(4%)->38M(1%)
[86.507s][info][gc,reloc    ] GC(161) Medium Pages: 0 / 0M(0%), Empty: 0M(0%), Compacting: 0M(0%)->0M(0%)
[86.507s][info][gc,reloc    ] GC(161) Large Pages: 1 / 8M(0%), Empty: 0M(0%), Compacting: 0M(0%)->0M(0%)
[86.507s][info][gc,reloc    ] GC(161) Relocation: Successful
[86.507s][info][gc,heap     ] GC(161) Min Capacity: 42M(1%)
[86.507s][info][gc,heap     ] GC(161) Max Capacity: 4060M(100%)
[86.507s][info][gc,heap     ] GC(161) Soft Max Capacity: 4060M(100%)
[86.507s][info][gc,heap     ] GC(161)                Mark Start          Mark End        Relocate Start      Relocate End           High               Low         
[86.507s][info][gc,heap     ] GC(161)  Capacity:     3174M (78%)        3174M (78%)        3174M (78%)        3174M (78%)        3174M (78%)        3174M (78%)    
[86.507s][info][gc,heap     ] GC(161)   Reserve:       42M (1%)           42M (1%)           42M (1%)           42M (1%)           42M (1%)           42M (1%)     
[86.507s][info][gc,heap     ] GC(161)      Free:     1192M (29%)        1008M (25%)        3668M (90%)        3626M (89%)        3688M (91%)        1000M (25%)    
[86.507s][info][gc,heap     ] GC(161)      Used:     2826M (70%)        3010M (74%)         350M (9%)          392M (10%)        3018M (74%)         330M (8%)     
[86.507s][info][gc,heap     ] GC(161)      Live:         -                63M (2%)           63M (2%)           63M (2%)             -                  -          
[86.507s][info][gc,heap     ] GC(161) Allocated:         -               184M (5%)          212M (5%)          358M (9%)             -                  -          
[86.507s][info][gc,heap     ] GC(161)   Garbage:         -              2762M (68%)          74M (2%)           10M (0%)             -                  -          
[86.507s][info][gc,heap     ] GC(161) Reclaimed:         -                  -              2688M (66%)        2752M (68%)            -                  -          
[86.507s][info][gc          ] GC(161) Garbage Collection (Allocation Rate) 2826M(70%)->392M(10%)
[86.938s][info][gc,start    ] GC(162) Garbage Collection (Allocation Rate)
[86.938s][info][gc,phases   ] GC(162) Pause Mark Start 0.052ms
[86.979s][info][gc,phases   ] GC(162) Concurrent Mark 40.635ms
[86.980s][info][gc,phases   ] GC(162) Pause Mark End 0.335ms
[86.981s][info][gc,phases   ] GC(162) Concurrent Process Non-Strong References 1.488ms
[86.982s][info][gc,phases   ] GC(162) Concurrent Reset Relocation Set 0.732ms
[86.984s][info][gc,phases   ] GC(162) Concurrent Select Relocation Set 2.002ms
[86.984s][info][gc,phases   ] GC(162) Pause Relocate Start 0.058ms
[86.985s][info][gc,phases   ] GC(162) Concurrent Relocate 0.847ms
[86.985s][info][gc,load     ] GC(162) Load: 0.00/0.00/0.00
[86.985s][info][gc,mmu      ] GC(162) MMU: 2ms/77.0%, 5ms/89.5%, 10ms/94.4%, 20ms/97.2%, 50ms/98.7%, 100ms/99.4%
[86.985s][info][gc,marking  ] GC(162) Mark: 1 stripe(s), 2 proactive flush(es), 1 terminate flush(es), 1 completion(s), 0 continuation(s) 
[86.985s][info][gc,nmethod  ] GC(162) NMethods: 1473 registered, 0 unregistered
[86.985s][info][gc,metaspace] GC(162) Metaspace: 4M used, 4M capacity, 4M committed, 1032M reserved
[86.985s][info][gc,ref      ] GC(162) Soft: 261 encountered, 0 discovered, 0 enqueued
[86.985s][info][gc,ref      ] GC(162) Weak: 280 encountered, 229 discovered, 0 enqueued
[86.985s][info][gc,ref      ] GC(162) Final: 1 encountered, 0 discovered, 0 enqueued
[86.985s][info][gc,ref      ] GC(162) Phantom: 39 encountered, 30 discovered, 0 enqueued
[86.985s][info][gc,reloc    ] GC(162) Small Pages: 1182 / 2364M(100%), Empty: 2290M(97%), Compacting: 12M(1%)->2M(0%)
[86.985s][info][gc,reloc    ] GC(162) Medium Pages: 0 / 0M(0%), Empty: 0M(0%), Compacting: 0M(0%)->0M(0%)
[86.985s][info][gc,reloc    ] GC(162) Large Pages: 1 / 8M(0%), Empty: 0M(0%), Compacting: 0M(0%)->0M(0%)
[86.985s][info][gc,reloc    ] GC(162) Relocation: Successful
[86.985s][info][gc,heap     ] GC(162) Min Capacity: 42M(1%)
[86.985s][info][gc,heap     ] GC(162) Max Capacity: 4060M(100%)
[86.985s][info][gc,heap     ] GC(162) Soft Max Capacity: 4060M(100%)
[86.985s][info][gc,heap     ] GC(162)                Mark Start          Mark End        Relocate Start      Relocate End           High               Low         
[86.985s][info][gc,heap     ] GC(162)  Capacity:     3174M (78%)        3174M (78%)        3174M (78%)        3174M (78%)        3174M (78%)        3174M (78%)    
[86.985s][info][gc,heap     ] GC(162)   Reserve:       42M (1%)           42M (1%)           42M (1%)           42M (1%)           42M (1%)           42M (1%)     
[86.985s][info][gc,heap     ] GC(162)      Free:     1646M (41%)        1462M (36%)        3732M (92%)        3736M (92%)        3742M (92%)        1452M (36%)    
[86.985s][info][gc,heap     ] GC(162)      Used:     2372M (58%)        2556M (63%)         286M (7%)          282M (7%)         2566M (63%)         276M (7%)     
[86.985s][info][gc,heap     ] GC(162)      Live:         -                63M (2%)           63M (2%)           63M (2%)             -                  -          
[86.985s][info][gc,heap     ] GC(162) Allocated:         -               184M (5%)          204M (5%)          212M (5%)             -                  -          
[86.985s][info][gc,heap     ] GC(162)   Garbage:         -              2308M (57%)          18M (0%)           10M (0%)             -                  -          
[86.985s][info][gc,heap     ] GC(162) Reclaimed:         -                  -              2290M (56%)        2298M (57%)            -                  -          
[86.985s][info][gc          ] GC(162) Garbage Collection (Allocation Rate) 2372M(58%)->282M(7%)
[87.539s][info][gc,start    ] GC(163) Garbage Collection (Allocation Rate)
[87.539s][info][gc,phases   ] GC(163) Pause Mark Start 0.105ms
[87.582s][info][gc,phases   ] GC(163) Concurrent Mark 43.532ms
[87.583s][info][gc,phases   ] GC(163) Pause Mark End 0.349ms
[87.585s][info][gc,phases   ] GC(163) Concurrent Process Non-Strong References 1.711ms
[87.585s][info][gc,phases   ] GC(163) Concurrent Reset Relocation Set 0.022ms
[87.590s][info][gc,phases   ] GC(163) Concurrent Select Relocation Set 5.007ms
[87.590s][info][gc,phases   ] GC(163) Pause Relocate Start 0.071ms
[87.620s][info][gc,phases   ] GC(163) Concurrent Relocate 29.615ms
[87.620s][info][gc,load     ] GC(163) Load: 0.00/0.00/0.00
[87.620s][info][gc,mmu      ] GC(163) MMU: 2ms/77.0%, 5ms/89.5%, 10ms/94.4%, 20ms/97.2%, 50ms/98.7%, 100ms/99.4%
[87.620s][info][gc,marking  ] GC(163) Mark: 1 stripe(s), 2 proactive flush(es), 1 terminate flush(es), 1 completion(s), 0 continuation(s) 
[87.620s][info][gc,nmethod  ] GC(163) NMethods: 1473 registered, 0 unregistered
[87.620s][info][gc,metaspace] GC(163) Metaspace: 4M used, 4M capacity, 4M committed, 1032M reserved
[87.620s][info][gc,ref      ] GC(163) Soft: 261 encountered, 0 discovered, 0 enqueued
[87.620s][info][gc,ref      ] GC(163) Weak: 280 encountered, 229 discovered, 0 enqueued
[87.620s][info][gc,ref      ] GC(163) Final: 1 encountered, 0 discovered, 0 enqueued
[87.620s][info][gc,ref      ] GC(163) Phantom: 39 encountered, 30 discovered, 0 enqueued
[87.620s][info][gc,reloc    ] GC(163) Small Pages: 1413 / 2826M(100%), Empty: 2688M(95%), Compacting: 116M(4%)->44M(2%)
[87.620s][info][gc,reloc    ] GC(163) Medium Pages: 0 / 0M(0%), Empty: 0M(0%), Compacting: 0M(0%)->0M(0%)
[87.620s][info][gc,reloc    ] GC(163) Large Pages: 1 / 8M(0%), Empty: 0M(0%), Compacting: 0M(0%)->0M(0%)
[87.620s][info][gc,reloc    ] GC(163) Relocation: Successful
[87.620s][info][gc,heap     ] GC(163) Min Capacity: 42M(1%)
[87.620s][info][gc,heap     ] GC(163) Max Capacity: 4060M(100%)
[87.620s][info][gc,heap     ] GC(163) Soft Max Capacity: 4060M(100%)
[87.620s][info][gc,heap     ] GC(163)                Mark Start          Mark End        Relocate Start      Relocate End           High               Low         
[87.620s][info][gc,heap     ] GC(163)  Capacity:     3174M (78%)        3174M (78%)        3174M (78%)        3174M (78%)        3174M (78%)        3174M (78%)    
[87.620s][info][gc,heap     ] GC(163)   Reserve:       42M (1%)           42M (1%)           42M (1%)           42M (1%)           42M (1%)           42M (1%)     
[87.620s][info][gc,heap     ] GC(163)      Free:     1184M (29%)        1000M (25%)        3660M (90%)        3596M (89%)        3680M (91%)         992M (24%)    
[87.620s][info][gc,heap     ] GC(163)      Used:     2834M (70%)        3018M (74%)         358M (9%)          422M (10%)        3026M (75%)         338M (8%)     
[87.620s][info][gc,heap     ] GC(163)      Live:         -                64M (2%)           64M (2%)           64M (2%)             -                  -          
[87.620s][info][gc,heap     ] GC(163) Allocated:         -               184M (5%)          212M (5%)          392M (10%)            -                  -          
[87.620s][info][gc,heap     ] GC(163)   Garbage:         -              2769M (68%)          81M (2%)           15M (0%)             -                  -          
[87.620s][info][gc,heap     ] GC(163) Reclaimed:         -                  -              2688M (66%)        2754M (68%)            -                  -          
[87.620s][info][gc          ] GC(163) Garbage Collection (Allocation Rate) 2834M(70%)->422M(10%)
[88.038s][info][gc,start    ] GC(164) Garbage Collection (Allocation Rate)
[88.038s][info][gc,phases   ] GC(164) Pause Mark Start 0.104ms
[88.074s][info][gc,phases   ] GC(164) Concurrent Mark 35.828ms
[88.074s][info][gc,phases   ] GC(164) Pause Mark End 0.267ms
[88.076s][info][gc,phases   ] GC(164) Concurrent Process Non-Strong References 1.667ms
[88.077s][info][gc,phases   ] GC(164) Concurrent Reset Relocation Set 0.803ms
[88.081s][info][gc,phases   ] GC(164) Concurrent Select Relocation Set 4.544ms
[88.082s][info][gc,phases   ] GC(164) Pause Relocate Start 0.052ms
[88.086s][info][gc,phases   ] GC(164) Concurrent Relocate 3.711ms
[88.086s][info][gc,load     ] GC(164) Load: 0.00/0.00/0.00
[88.086s][info][gc,mmu      ] GC(164) MMU: 2ms/77.0%, 5ms/89.5%, 10ms/94.4%, 20ms/97.2%, 50ms/98.7%, 100ms/99.4%
[88.086s][info][gc,marking  ] GC(164) Mark: 1 stripe(s), 2 proactive flush(es), 1 terminate flush(es), 1 completion(s), 0 continuation(s) 
[88.086s][info][gc,nmethod  ] GC(164) NMethods: 1473 registered, 0 unregistered
[88.086s][info][gc,metaspace] GC(164) Metaspace: 4M used, 4M capacity, 4M committed, 1032M reserved
[88.086s][info][gc,ref      ] GC(164) Soft: 261 encountered, 0 discovered, 0 enqueued
[88.086s][info][gc,ref      ] GC(164) Weak: 280 encountered, 229 discovered, 0 enqueued
[88.086s][info][gc,ref      ] GC(164) Final: 1 encountered, 0 discovered, 0 enqueued
[88.086s][info][gc,ref      ] GC(164) Phantom: 39 encountered, 30 discovered, 0 enqueued
[88.086s][info][gc,reloc    ] GC(164) Small Pages: 1166 / 2332M(100%), Empty: 2272M(97%), Compacting: 26M(1%)->6M(0%)
[88.086s][info][gc,reloc    ] GC(164) Medium Pages: 0 / 0M(0%), Empty: 0M(0%), Compacting: 0M(0%)->0M(0%)
[88.086s][info][gc,reloc    ] GC(164) Large Pages: 1 / 8M(0%), Empty: 0M(0%), Compacting: 0M(0%)->0M(0%)
[88.086s][info][gc,reloc    ] GC(164) Relocation: Successful
[88.086s][info][gc,heap     ] GC(164) Min Capacity: 42M(1%)
[88.086s][info][gc,heap     ] GC(164) Max Capacity: 4060M(100%)
[88.086s][info][gc,heap     ] GC(164) Soft Max Capacity: 4060M(100%)
[88.086s][info][gc,heap     ] GC(164)                Mark Start          Mark End        Relocate Start      Relocate End           High               Low         
[88.086s][info][gc,heap     ] GC(164)  Capacity:     3174M (78%)        3174M (78%)        3174M (78%)        3174M (78%)        3174M (78%)        3174M (78%)    
[88.086s][info][gc,heap     ] GC(164)   Reserve:       42M (1%)           42M (1%)           42M (1%)           42M (1%)           42M (1%)           42M (1%)     
[88.086s][info][gc,heap     ] GC(164)      Free:     1678M (41%)        1536M (38%)        3780M (93%)        3774M (93%)        3796M (93%)        1524M (38%)    
[88.086s][info][gc,heap     ] GC(164)      Used:     2340M (58%)        2482M (61%)         238M (6%)          244M (6%)         2494M (61%)         222M (5%)     
[88.086s][info][gc,heap     ] GC(164)      Live:         -                42M (1%)           42M (1%)           42M (1%)             -                  -          
[88.086s][info][gc,heap     ] GC(164) Allocated:         -               142M (3%)          170M (4%)          202M (5%)             -                  -          
[88.086s][info][gc,heap     ] GC(164)   Garbage:         -              2297M (57%)          25M (1%)           15M (0%)             -                  -          
[88.086s][info][gc,heap     ] GC(164) Reclaimed:         -                  -              2272M (56%)        2282M (56%)            -                  -          
[88.086s][info][gc          ] GC(164) Garbage Collection (Allocation Rate) 2340M(58%)->244M(6%)
[88.638s][info][gc,start    ] GC(165) Garbage Collection (Allocation Rate)
[88.638s][info][gc,phases   ] GC(165) Pause Mark Start 0.061ms
[88.676s][info][gc,phases   ] GC(165) Concurrent Mark 37.167ms
[88.676s][info][gc,phases   ] GC(165) Pause Mark End 0.237ms
[88.677s][info][gc,phases   ] GC(165) Concurrent Process Non-Strong References 1.561ms
[88.678s][info][gc,phases   ] GC(165) Concurrent Reset Relocation Set 0.030ms
[88.680s][info][gc,phases   ] GC(165) Concurrent Select Relocation Set 2.214ms
[88.680s][info][gc,phases   ] GC(165) Pause Relocate Start 0.070ms
[88.681s][info][gc,phases   ] GC(165) Concurrent Relocate 0.669ms
[88.681s][info][gc,load     ] GC(165) Load: 0.00/0.00/0.00
[88.681s][info][gc,mmu      ] GC(165) MMU: 2ms/77.0%, 5ms/89.5%, 10ms/94.4%, 20ms/97.2%, 50ms/98.7%, 100ms/99.4%
[88.681s][info][gc,marking  ] GC(165) Mark: 1 stripe(s), 2 proactive flush(es), 1 terminate flush(es), 1 completion(s), 0 continuation(s) 
[88.681s][info][gc,nmethod  ] GC(165) NMethods: 1474 registered, 0 unregistered
[88.681s][info][gc,metaspace] GC(165) Metaspace: 4M used, 4M capacity, 4M committed, 1032M reserved
[88.681s][info][gc,ref      ] GC(165) Soft: 261 encountered, 0 discovered, 0 enqueued
[88.681s][info][gc,ref      ] GC(165) Weak: 280 encountered, 229 discovered, 0 enqueued
[88.681s][info][gc,ref      ] GC(165) Final: 1 encountered, 0 discovered, 0 enqueued
[88.681s][info][gc,ref      ] GC(165) Phantom: 39 encountered, 30 discovered, 0 enqueued
[88.681s][info][gc,reloc    ] GC(165) Small Pages: 1381 / 2762M(100%), Empty: 2696M(97%), Compacting: 14M(1%)->2M(0%)
[88.681s][info][gc,reloc    ] GC(165) Medium Pages: 0 / 0M(0%), Empty: 0M(0%), Compacting: 0M(0%)->0M(0%)
[88.681s][info][gc,reloc    ] GC(165) Large Pages: 1 / 8M(0%), Empty: 0M(0%), Compacting: 0M(0%)->0M(0%)
[88.681s][info][gc,reloc    ] GC(165) Relocation: Successful
[88.681s][info][gc,heap     ] GC(165) Min Capacity: 42M(1%)
[88.681s][info][gc,heap     ] GC(165) Max Capacity: 4060M(100%)
[88.681s][info][gc,heap     ] GC(165) Soft Max Capacity: 4060M(100%)
[88.681s][info][gc,heap     ] GC(165)                Mark Start          Mark End        Relocate Start      Relocate End           High               Low         
[88.681s][info][gc,heap     ] GC(165)  Capacity:     3174M (78%)        3174M (78%)        3174M (78%)        3174M (78%)        3174M (78%)        3174M (78%)    
[88.681s][info][gc,heap     ] GC(165)   Reserve:       42M (1%)           42M (1%)           42M (1%)           42M (1%)           42M (1%)           42M (1%)     
[88.681s][info][gc,heap     ] GC(165)      Free:     1248M (31%)        1080M (27%)        3758M (93%)        3764M (93%)        3768M (93%)        1072M (26%)    
[88.681s][info][gc,heap     ] GC(165)      Used:     2770M (68%)        2938M (72%)         260M (6%)          254M (6%)         2946M (73%)         250M (6%)     
[88.681s][info][gc,heap     ] GC(165)      Live:         -                54M (1%)           54M (1%)           54M (1%)             -                  -          
[88.681s][info][gc,heap     ] GC(165) Allocated:         -               168M (4%)          186M (5%)          194M (5%)             -                  -          
[88.681s][info][gc,heap     ] GC(165)   Garbage:         -              2715M (67%)          19M (0%)           11M (0%)             -                  -          
[88.681s][info][gc,heap     ] GC(165) Reclaimed:         -                  -              2696M (66%)        2704M (67%)            -                  -          
[88.681s][info][gc          ] GC(165) Garbage Collection (Allocation Rate) 2770M(68%)->254M(6%)
[89.237s][info][gc,start    ] GC(166) Garbage Collection (Allocation Rate)
[89.238s][info][gc,phases   ] GC(166) Pause Mark Start 0.062ms
[89.276s][info][gc,phases   ] GC(166) Concurrent Mark 38.647ms
[89.277s][info][gc,phases   ] GC(166) Pause Mark End 0.291ms
[89.278s][info][gc,phases   ] GC(166) Concurrent Process Non-Strong References 1.672ms
[89.278s][info][gc,phases   ] GC(166) Concurrent Reset Relocation Set 0.021ms
[89.282s][info][gc,phases   ] GC(166) Concurrent Select Relocation Set 4.017ms
[89.283s][info][gc,phases   ] GC(166) Pause Relocate Start 0.063ms
[89.311s][info][gc,phases   ] GC(166) Concurrent Relocate 28.027ms
[89.311s][info][gc,load     ] GC(166) Load: 0.00/0.00/0.00
[89.311s][info][gc,mmu      ] GC(166) MMU: 2ms/77.0%, 5ms/89.5%, 10ms/94.4%, 20ms/97.2%, 50ms/98.7%, 100ms/99.4%
[89.311s][info][gc,marking  ] GC(166) Mark: 1 stripe(s), 2 proactive flush(es), 1 terminate flush(es), 1 completion(s), 0 continuation(s) 
[89.311s][info][gc,nmethod  ] GC(166) NMethods: 1474 registered, 0 unregistered
[89.311s][info][gc,metaspace] GC(166) Metaspace: 4M used, 4M capacity, 4M committed, 1032M reserved
[89.311s][info][gc,ref      ] GC(166) Soft: 261 encountered, 0 discovered, 0 enqueued
[89.311s][info][gc,ref      ] GC(166) Weak: 280 encountered, 229 discovered, 0 enqueued
[89.311s][info][gc,ref      ] GC(166) Final: 1 encountered, 0 discovered, 0 enqueued
[89.311s][info][gc,ref      ] GC(166) Phantom: 39 encountered, 30 discovered, 0 enqueued
[89.311s][info][gc,reloc    ] GC(166) Small Pages: 1427 / 2854M(100%), Empty: 2694M(94%), Compacting: 156M(5%)->48M(2%)
[89.311s][info][gc,reloc    ] GC(166) Medium Pages: 0 / 0M(0%), Empty: 0M(0%), Compacting: 0M(0%)->0M(0%)
[89.311s][info][gc,reloc    ] GC(166) Large Pages: 1 / 8M(0%), Empty: 0M(0%), Compacting: 0M(0%)->0M(0%)
[89.311s][info][gc,reloc    ] GC(166) Relocation: Successful
[89.311s][info][gc,heap     ] GC(166) Min Capacity: 42M(1%)
[89.311s][info][gc,heap     ] GC(166) Max Capacity: 4060M(100%)
[89.311s][info][gc,heap     ] GC(166) Soft Max Capacity: 4060M(100%)
[89.311s][info][gc,heap     ] GC(166)                Mark Start          Mark End        Relocate Start      Relocate End           High               Low         
[89.311s][info][gc,heap     ] GC(166)  Capacity:     3174M (78%)        3174M (78%)        3174M (78%)        3174M (78%)        3174M (78%)        3174M (78%)    
[89.311s][info][gc,heap     ] GC(166)   Reserve:       42M (1%)           42M (1%)           42M (1%)           42M (1%)           42M (1%)           42M (1%)     
[89.311s][info][gc,heap     ] GC(166)      Free:     1156M (28%)         982M (24%)        3648M (90%)        3628M (89%)        3666M (90%)         974M (24%)    
[89.311s][info][gc,heap     ] GC(166)      Used:     2862M (70%)        3036M (75%)         370M (9%)          390M (10%)        3044M (75%)         352M (9%)     
[89.311s][info][gc,heap     ] GC(166)      Live:         -                53M (1%)           53M (1%)           53M (1%)             -                  -          
[89.311s][info][gc,heap     ] GC(166) Allocated:         -               174M (4%)          202M (5%)          378M (9%)             -                  -          
[89.311s][info][gc,heap     ] GC(166)   Garbage:         -              2808M (69%)         114M (3%)            2M (0%)             -                  -          
[89.311s][info][gc,heap     ] GC(166) Reclaimed:         -                  -              2694M (66%)        2806M (69%)            -                  -          
[89.311s][info][gc          ] GC(166) Garbage Collection (Allocation Rate) 2862M(70%)->390M(10%)
[89.739s][info][gc,start    ] GC(167) Garbage Collection (Allocation Rate)
[89.739s][info][gc,phases   ] GC(167) Pause Mark Start 0.097ms
[89.771s][info][gc,phases   ] GC(167) Concurrent Mark 32.279ms
[89.772s][info][gc,phases   ] GC(167) Pause Mark End 0.243ms
[89.773s][info][gc,phases   ] GC(167) Concurrent Process Non-Strong References 1.566ms
[89.774s][info][gc,phases   ] GC(167) Concurrent Reset Relocation Set 0.859ms
[89.778s][info][gc,phases   ] GC(167) Concurrent Select Relocation Set 3.983ms
[89.778s][info][gc,phases   ] GC(167) Pause Relocate Start 0.060ms
[89.797s][info][gc,phases   ] GC(167) Concurrent Relocate 18.733ms
[89.797s][info][gc,load     ] GC(167) Load: 0.00/0.00/0.00
[89.797s][info][gc,mmu      ] GC(167) MMU: 2ms/77.0%, 5ms/89.5%, 10ms/94.4%, 20ms/97.2%, 50ms/98.7%, 100ms/99.4%
[89.797s][info][gc,marking  ] GC(167) Mark: 1 stripe(s), 2 proactive flush(es), 1 terminate flush(es), 1 completion(s), 0 continuation(s) 
[89.797s][info][gc,nmethod  ] GC(167) NMethods: 1474 registered, 0 unregistered
[89.797s][info][gc,metaspace] GC(167) Metaspace: 4M used, 4M capacity, 4M committed, 1032M reserved
[89.797s][info][gc,ref      ] GC(167) Soft: 261 encountered, 0 discovered, 0 enqueued
[89.797s][info][gc,ref      ] GC(167) Weak: 280 encountered, 229 discovered, 0 enqueued
[89.797s][info][gc,ref      ] GC(167) Final: 1 encountered, 0 discovered, 0 enqueued
[89.797s][info][gc,ref      ] GC(167) Phantom: 39 encountered, 30 discovered, 0 enqueued
[89.797s][info][gc,reloc    ] GC(167) Small Pages: 1221 / 2442M(100%), Empty: 2338M(95%), Compacting: 82M(3%)->30M(1%)
[89.797s][info][gc,reloc    ] GC(167) Medium Pages: 0 / 0M(0%), Empty: 0M(0%), Compacting: 0M(0%)->0M(0%)
[89.797s][info][gc,reloc    ] GC(167) Large Pages: 1 / 8M(0%), Empty: 0M(0%), Compacting: 0M(0%)->0M(0%)
[89.797s][info][gc,reloc    ] GC(167) Relocation: Successful
[89.797s][info][gc,heap     ] GC(167) Min Capacity: 42M(1%)
[89.797s][info][gc,heap     ] GC(167) Max Capacity: 4060M(100%)
[89.797s][info][gc,heap     ] GC(167) Soft Max Capacity: 4060M(100%)
[89.797s][info][gc,heap     ] GC(167)                Mark Start          Mark End        Relocate Start      Relocate End           High               Low         
[89.797s][info][gc,heap     ] GC(167)  Capacity:     3174M (78%)        3174M (78%)        3174M (78%)        3174M (78%)        3174M (78%)        3174M (78%)    
[89.797s][info][gc,heap     ] GC(167)   Reserve:       42M (1%)           42M (1%)           42M (1%)           42M (1%)           42M (1%)           42M (1%)     
[89.797s][info][gc,heap     ] GC(167)      Free:     1568M (39%)        1416M (35%)        3728M (92%)        3704M (91%)        3742M (92%)        1404M (35%)    
[89.797s][info][gc,heap     ] GC(167)      Used:     2450M (60%)        2602M (64%)         290M (7%)          314M (8%)         2614M (64%)         276M (7%)     
[89.797s][info][gc,heap     ] GC(167)      Live:         -                51M (1%)           51M (1%)           51M (1%)             -                  -          
[89.797s][info][gc,heap     ] GC(167) Allocated:         -               152M (4%)          178M (4%)          284M (7%)             -                  -          
[89.797s][info][gc,heap     ] GC(167)   Garbage:         -              2398M (59%)          60M (1%)            6M (0%)             -                  -          
[89.797s][info][gc,heap     ] GC(167) Reclaimed:         -                  -              2338M (58%)        2392M (59%)            -                  -          
[89.797s][info][gc          ] GC(167) Garbage Collection (Allocation Rate) 2450M(60%)->314M(8%)
[90.038s][info][gc,stats    ] === Garbage Collection Statistics =======================================================================================================================
[90.038s][info][gc,stats    ]                                                              Last 10s              Last 10m              Last 10h                Total
[90.038s][info][gc,stats    ]                                                              Avg / Max             Avg / Max             Avg / Max             Avg / Max
[90.038s][info][gc,stats    ]   Collector: Garbage Collection Cycle                     56.622 / 85.937       63.935 / 153.808      63.935 / 153.808      63.935 / 153.808     ms
[90.038s][info][gc,stats    ]  Contention: Mark Segment Reset Contention                     0 / 0                 0 / 0                 0 / 0                 0 / 0           ops/s
[90.038s][info][gc,stats    ]  Contention: Mark SeqNum Reset Contention                      0 / 0                 0 / 0                 0 / 0                 0 / 0           ops/s
[90.038s][info][gc,stats    ]  Contention: Relocation Contention                             0 / 1                 0 / 2                 0 / 2                 0 / 2           ops/s
[90.038s][info][gc,stats    ]    Critical: Allocation Stall                              0.000 / 0.000         0.000 / 0.000         0.000 / 0.000         0.000 / 0.000       ms
[90.038s][info][gc,stats    ]    Critical: Allocation Stall                                  0 / 0                 0 / 0                 0 / 0                 0 / 0           ops/s
[90.038s][info][gc,stats    ]    Critical: GC Locker Stall                               0.000 / 0.000         0.000 / 0.000         0.000 / 0.000         0.000 / 0.000       ms
[90.038s][info][gc,stats    ]    Critical: GC Locker Stall                                   0 / 0                 0 / 0                 0 / 0                 0 / 0           ops/s
[90.038s][info][gc,stats    ]      Memory: Allocation Rate                                4584 / 4762           4538 / 4810           4538 / 4810           4538 / 4810        MB/s
[90.038s][info][gc,stats    ]      Memory: Heap Used After Mark                           2696 / 3050           2660 / 3128           2660 / 3128           2660 / 3128        MB
[90.038s][info][gc,stats    ]      Memory: Heap Used After Relocation                      306 / 422             334 / 462             334 / 462             334 / 462         MB
[90.039s][info][gc,stats    ]      Memory: Heap Used Before Mark                          2531 / 2886           2492 / 2960           2492 / 2960           2492 / 2960        MB
[90.039s][info][gc,stats    ]      Memory: Heap Used Before Relocation                     291 / 370             313 / 384             313 / 384             313 / 384         MB
[90.039s][info][gc,stats    ]      Memory: Out Of Memory                                     0 / 0                 0 / 0                 0 / 0                 0 / 0           ops/s
[90.039s][info][gc,stats    ]      Memory: Page Cache Flush                                  0 / 0                 0 / 0                 0 / 0                 0 / 0           MB/s
[90.039s][info][gc,stats    ]      Memory: Page Cache Hit L1                              2312 / 2413           2275 / 2439           2275 / 2439           2275 / 2439        ops/s
[90.039s][info][gc,stats    ]      Memory: Page Cache Hit L2                                 0 / 0                 0 / 0                 0 / 0                 0 / 0           ops/s
[90.039s][info][gc,stats    ]      Memory: Page Cache Hit L3                                 0 / 0                 1 / 103               1 / 103               1 / 103         ops/s
[90.039s][info][gc,stats    ]      Memory: Page Cache Miss                                   0 / 0                 0 / 0                 0 / 0                 0 / 0           ops/s
[90.039s][info][gc,stats    ]      Memory: Uncommit                                          0 / 0                 0 / 0                 0 / 0                 0 / 0           MB/s
[90.039s][info][gc,stats    ]      Memory: Undo Object Allocation Failed                     0 / 0                 0 / 0                 0 / 0                 0 / 0           ops/s
[90.039s][info][gc,stats    ]      Memory: Undo Object Allocation Succeeded                  0 / 1                 0 / 2                 0 / 2                 0 / 2           ops/s
[90.039s][info][gc,stats    ]      Memory: Undo Page Allocation                              0 / 0                 0 / 0                 0 / 0                 0 / 0           ops/s
[90.039s][info][gc,stats    ]       Phase: Concurrent Mark                              38.511 / 65.409       41.061 / 106.230      41.061 / 106.230      41.061 / 106.230     ms
[90.039s][info][gc,stats    ]       Phase: Concurrent Mark Continue                      0.000 / 0.000         0.000 / 0.000         0.000 / 0.000         0.000 / 0.000       ms
[90.039s][info][gc,stats    ]       Phase: Concurrent Process Non-Strong References      1.607 / 2.120         1.655 / 3.379         1.655 / 3.379         1.655 / 3.379       ms
[90.039s][info][gc,stats    ]       Phase: Concurrent Relocate                          11.915 / 29.615       16.159 / 40.994       16.159 / 40.994       16.159 / 40.994      ms
[90.039s][info][gc,stats    ]       Phase: Concurrent Reset Relocation Set               0.376 / 1.019         0.463 / 1.503         0.463 / 1.503         0.463 / 1.503       ms
[90.039s][info][gc,stats    ]       Phase: Concurrent Select Relocation Set              3.091 / 5.007         3.410 / 7.978         3.410 / 7.978         3.410 / 7.978       ms
[90.039s][info][gc,stats    ]       Phase: Pause Mark End                                0.256 / 0.349         0.268 / 0.459         0.268 / 0.459         0.268 / 0.459       ms
[90.039s][info][gc,stats    ]       Phase: Pause Mark Start                              0.066 / 0.105         0.072 / 0.289         0.072 / 0.289         0.072 / 0.289       ms
[90.039s][info][gc,stats    ]       Phase: Pause Relocate Start                          0.061 / 0.071         0.072 / 0.152         0.072 / 0.152         0.072 / 0.152       ms
[90.039s][info][gc,stats    ]    Subphase: Concurrent Classes Purge                      0.089 / 0.116         0.089 / 0.200         0.089 / 0.200         0.089 / 0.200       ms
[90.039s][info][gc,stats    ]    Subphase: Concurrent Classes Unlink                     1.216 / 1.752         1.221 / 2.988         1.221 / 2.988         1.221 / 2.988       ms
[90.039s][info][gc,stats    ]    Subphase: Concurrent Mark                              38.386 / 65.331       40.922 / 106.127      40.922 / 106.127      40.922 / 106.127     ms
[90.039s][info][gc,stats    ]    Subphase: Concurrent Mark Idle                          0.000 / 0.000         0.000 / 0.000         0.000 / 0.000         0.000 / 0.000       ms
[90.039s][info][gc,stats    ]    Subphase: Concurrent Mark Try Flush                     0.067 / 0.119         0.069 / 0.160         0.069 / 0.160         0.069 / 0.160       ms
[90.039s][info][gc,stats    ]    Subphase: Concurrent Mark Try Terminate                 0.028 / 0.102         0.031 / 0.107         0.031 / 0.107         0.031 / 0.107       ms
[90.039s][info][gc,stats    ]    Subphase: Concurrent References Enqueue                 0.000 / 0.001         0.000 / 0.002         0.000 / 0.002         0.000 / 0.002       ms
[90.039s][info][gc,stats    ]    Subphase: Concurrent References Process                 0.060 / 0.105         0.058 / 0.131         0.058 / 0.131         0.058 / 0.131       ms
[90.039s][info][gc,stats    ]    Subphase: Concurrent Roots                              0.040 / 0.048         0.052 / 0.196         0.052 / 0.196         0.052 / 0.196       ms
[90.039s][info][gc,stats    ]    Subphase: Concurrent Roots ClassLoaderDataGraph         0.036 / 0.044         0.047 / 0.184         0.047 / 0.184         0.047 / 0.184       ms
[90.039s][info][gc,stats    ]    Subphase: Concurrent Roots JNIHandles                   0.002 / 0.002         0.002 / 0.009         0.002 / 0.009         0.002 / 0.009       ms
[90.039s][info][gc,stats    ]    Subphase: Concurrent Roots Setup                        0.003 / 0.003         0.003 / 0.008         0.003 / 0.008         0.003 / 0.008       ms
[90.039s][info][gc,stats    ]    Subphase: Concurrent Roots Teardown                     0.000 / 0.000         0.000 / 0.000         0.000 / 0.000         0.000 / 0.000       ms
[90.039s][info][gc,stats    ]    Subphase: Concurrent Roots VMHandles                    0.002 / 0.002         0.002 / 0.007         0.002 / 0.007         0.002 / 0.007       ms
[90.039s][info][gc,stats    ]    Subphase: Concurrent Weak Roots                         0.151 / 0.185         0.179 / 0.433         0.179 / 0.433         0.179 / 0.433       ms
[90.039s][info][gc,stats    ]    Subphase: Concurrent Weak Roots JNIWeakHandles          0.000 / 0.001         0.000 / 0.001         0.000 / 0.001         0.000 / 0.001       ms
[90.039s][info][gc,stats    ]    Subphase: Concurrent Weak Roots ResolvedMethodTable     0.006 / 0.008         0.007 / 0.018         0.007 / 0.018         0.007 / 0.018       ms
[90.039s][info][gc,stats    ]    Subphase: Concurrent Weak Roots StringTable             0.142 / 0.176         0.169 / 0.416         0.169 / 0.416         0.169 / 0.416       ms
[90.039s][info][gc,stats    ]    Subphase: Concurrent Weak Roots VMWeakHandles           0.002 / 0.004         0.002 / 0.010         0.002 / 0.010         0.002 / 0.010       ms
[90.039s][info][gc,stats    ]    Subphase: Pause Mark Try Complete                       0.142 / 0.211         0.153 / 0.348         0.153 / 0.348         0.153 / 0.348       ms
[90.039s][info][gc,stats    ]    Subphase: Pause Roots                                   0.014 / 0.048         0.013 / 0.246         0.013 / 0.246         0.013 / 0.246       ms
[90.039s][info][gc,stats    ]    Subphase: Pause Roots CodeCache                         0.000 / 0.000         0.000 / 0.000         0.000 / 0.000         0.000 / 0.000       ms
[90.039s][info][gc,stats    ]    Subphase: Pause Roots JVMTIExport                       0.001 / 0.002         0.001 / 0.004         0.001 / 0.004         0.001 / 0.004       ms
[90.039s][info][gc,stats    ]    Subphase: Pause Roots JVMTIWeakExport                   0.001 / 0.001         0.001 / 0.003         0.001 / 0.003         0.001 / 0.003       ms
[90.039s][info][gc,stats    ]    Subphase: Pause Roots Java Threads                      0.020 / 0.045         0.019 / 0.246         0.019 / 0.246         0.019 / 0.246       ms
[90.039s][info][gc,stats    ]    Subphase: Pause Roots Management                        0.001 / 0.002         0.001 / 0.004         0.001 / 0.004         0.001 / 0.004       ms
[90.039s][info][gc,stats    ]    Subphase: Pause Roots ObjectSynchronizer                0.000 / 0.001         0.000 / 0.022         0.000 / 0.022         0.000 / 0.022       ms
[90.039s][info][gc,stats    ]    Subphase: Pause Roots Setup                             0.000 / 0.001         0.000 / 0.002         0.000 / 0.002         0.000 / 0.002       ms
[90.039s][info][gc,stats    ]    Subphase: Pause Roots Teardown                          0.000 / 0.001         0.000 / 0.002         0.000 / 0.002         0.000 / 0.002       ms
[90.039s][info][gc,stats    ]    Subphase: Pause Roots Universe                          0.002 / 0.004         0.001 / 0.015         0.001 / 0.015         0.001 / 0.015       ms
[90.039s][info][gc,stats    ]    Subphase: Pause Roots VM Thread                         0.001 / 0.003         0.001 / 0.003         0.001 / 0.003         0.001 / 0.003       ms
[90.039s][info][gc,stats    ]    Subphase: Pause Weak Roots                              0.003 / 0.023         0.003 / 0.086         0.003 / 0.086         0.003 / 0.086       ms
[90.039s][info][gc,stats    ]    Subphase: Pause Weak Roots JFRWeak                      0.013 / 0.021         0.013 / 0.082         0.013 / 0.082         0.013 / 0.082       ms
[90.039s][info][gc,stats    ]    Subphase: Pause Weak Roots JVMTIWeakExport              0.001 / 0.001         0.001 / 0.006         0.001 / 0.006         0.001 / 0.006       ms
[90.039s][info][gc,stats    ]    Subphase: Pause Weak Roots Setup                        0.000 / 0.000         0.000 / 0.001         0.000 / 0.001         0.000 / 0.001       ms
[90.039s][info][gc,stats    ]    Subphase: Pause Weak Roots Teardown                     0.000 / 0.000         0.000 / 0.000         0.000 / 0.000         0.000 / 0.000       ms
[90.039s][info][gc,stats    ]      System: Java Threads                                     14 / 14               14 / 15               14 / 15               14 / 15          threads
[90.039s][info][gc,stats    ] =========================================================================================================================================================
[90.238s][info][gc,start    ] GC(168) Garbage Collection (Allocation Rate)
[90.238s][info][gc,phases   ] GC(168) Pause Mark Start 0.069ms
[90.270s][info][gc,phases   ] GC(168) Concurrent Mark 31.885ms
[90.271s][info][gc,phases   ] GC(168) Pause Mark End 0.308ms
[90.272s][info][gc,phases   ] GC(168) Concurrent Process Non-Strong References 1.679ms
[90.273s][info][gc,phases   ] GC(168) Concurrent Reset Relocation Set 0.950ms
[90.277s][info][gc,phases   ] GC(168) Concurrent Select Relocation Set 3.965ms
[90.278s][info][gc,phases   ] GC(168) Pause Relocate Start 0.087ms
[90.297s][info][gc,phases   ] GC(168) Concurrent Relocate 19.312ms
[90.297s][info][gc,load     ] GC(168) Load: 0.00/0.00/0.00
[90.297s][info][gc,mmu      ] GC(168) MMU: 2ms/77.0%, 5ms/89.5%, 10ms/94.4%, 20ms/97.2%, 50ms/98.7%, 100ms/99.4%
[90.297s][info][gc,marking  ] GC(168) Mark: 1 stripe(s), 2 proactive flush(es), 1 terminate flush(es), 1 completion(s), 0 continuation(s) 
[90.297s][info][gc,nmethod  ] GC(168) NMethods: 1474 registered, 0 unregistered
[90.297s][info][gc,metaspace] GC(168) Metaspace: 4M used, 4M capacity, 4M committed, 1032M reserved
[90.297s][info][gc,ref      ] GC(168) Soft: 261 encountered, 0 discovered, 0 enqueued
[90.297s][info][gc,ref      ] GC(168) Weak: 280 encountered, 229 discovered, 0 enqueued
[90.297s][info][gc,ref      ] GC(168) Final: 1 encountered, 0 discovered, 0 enqueued
[90.297s][info][gc,ref      ] GC(168) Phantom: 39 encountered, 30 discovered, 0 enqueued
[90.297s][info][gc,reloc    ] GC(168) Small Pages: 1205 / 2410M(100%), Empty: 2314M(96%), Compacting: 70M(3%)->24M(1%)
[90.297s][info][gc,reloc    ] GC(168) Medium Pages: 0 / 0M(0%), Empty: 0M(0%), Compacting: 0M(0%)->0M(0%)
[90.297s][info][gc,reloc    ] GC(168) Large Pages: 1 / 8M(0%), Empty: 0M(0%), Compacting: 0M(0%)->0M(0%)
[90.297s][info][gc,reloc    ] GC(168) Relocation: Successful
[90.297s][info][gc,heap     ] GC(168) Min Capacity: 42M(1%)
[90.297s][info][gc,heap     ] GC(168) Max Capacity: 4060M(100%)
[90.297s][info][gc,heap     ] GC(168) Soft Max Capacity: 4060M(100%)
[90.297s][info][gc,heap     ] GC(168)                Mark Start          Mark End        Relocate Start      Relocate End           High               Low         
[90.297s][info][gc,heap     ] GC(168)  Capacity:     3174M (78%)        3174M (78%)        3174M (78%)        3174M (78%)        3174M (78%)        3174M (78%)    
[90.297s][info][gc,heap     ] GC(168)   Reserve:       42M (1%)           42M (1%)           42M (1%)           42M (1%)           42M (1%)           42M (1%)     
[90.297s][info][gc,heap     ] GC(168)      Free:     1600M (39%)        1450M (36%)        3740M (92%)        3716M (92%)        3752M (92%)        1438M (35%)    
[90.297s][info][gc,heap     ] GC(168)      Used:     2418M (60%)        2568M (63%)         278M (7%)          302M (7%)         2580M (64%)         266M (7%)     
[90.297s][info][gc,heap     ] GC(168)      Live:         -                50M (1%)           50M (1%)           50M (1%)             -                  -          
[90.297s][info][gc,heap     ] GC(168) Allocated:         -               150M (4%)          174M (4%)          268M (7%)             -                  -          
[90.297s][info][gc,heap     ] GC(168)   Garbage:         -              2367M (58%)          53M (1%)           11M (0%)             -                  -          
[90.297s][info][gc,heap     ] GC(168) Reclaimed:         -                  -              2314M (57%)        2356M (58%)            -                  -          
[90.297s][info][gc          ] GC(168) Garbage Collection (Allocation Rate) 2418M(60%)->302M(7%)
[90.838s][info][gc,start    ] GC(169) Garbage Collection (Allocation Rate)
[90.838s][info][gc,phases   ] GC(169) Pause Mark Start 0.056ms
[90.875s][info][gc,phases   ] GC(169) Concurrent Mark 36.871ms
[90.876s][info][gc,phases   ] GC(169) Pause Mark End 0.246ms
[90.877s][info][gc,phases   ] GC(169) Concurrent Process Non-Strong References 1.534ms
[90.877s][info][gc,phases   ] GC(169) Concurrent Reset Relocation Set 0.052ms
[90.882s][info][gc,phases   ] GC(169) Concurrent Select Relocation Set 4.563ms
[90.882s][info][gc,phases   ] GC(169) Pause Relocate Start 0.086ms
[90.915s][info][gc,phases   ] GC(169) Concurrent Relocate 32.186ms
[90.915s][info][gc,load     ] GC(169) Load: 0.00/0.00/0.00
[90.915s][info][gc,mmu      ] GC(169) MMU: 2ms/77.0%, 5ms/89.5%, 10ms/94.4%, 20ms/97.2%, 50ms/98.7%, 100ms/99.4%
[90.915s][info][gc,marking  ] GC(169) Mark: 1 stripe(s), 2 proactive flush(es), 1 terminate flush(es), 1 completion(s), 0 continuation(s) 
[90.915s][info][gc,nmethod  ] GC(169) NMethods: 1474 registered, 0 unregistered
[90.915s][info][gc,metaspace] GC(169) Metaspace: 4M used, 4M capacity, 4M committed, 1032M reserved
[90.915s][info][gc,ref      ] GC(169) Soft: 261 encountered, 0 discovered, 0 enqueued
[90.915s][info][gc,ref      ] GC(169) Weak: 280 encountered, 229 discovered, 0 enqueued
[90.915s][info][gc,ref      ] GC(169) Final: 1 encountered, 0 discovered, 0 enqueued
[90.915s][info][gc,ref      ] GC(169) Phantom: 39 encountered, 30 discovered, 0 enqueued
[90.915s][info][gc,reloc    ] GC(169) Small Pages: 1441 / 2882M(100%), Empty: 2724M(94%), Compacting: 152M(5%)->54M(2%)
[90.915s][info][gc,reloc    ] GC(169) Medium Pages: 0 / 0M(0%), Empty: 0M(0%), Compacting: 0M(0%)->0M(0%)
[90.915s][info][gc,reloc    ] GC(169) Large Pages: 1 / 8M(0%), Empty: 0M(0%), Compacting: 0M(0%)->0M(0%)
[90.915s][info][gc,reloc    ] GC(169) Relocation: Successful
[90.915s][info][gc,heap     ] GC(169) Min Capacity: 42M(1%)
[90.915s][info][gc,heap     ] GC(169) Max Capacity: 4060M(100%)
[90.915s][info][gc,heap     ] GC(169) Soft Max Capacity: 4060M(100%)
[90.915s][info][gc,heap     ] GC(169)                Mark Start          Mark End        Relocate Start      Relocate End           High               Low         
[90.915s][info][gc,heap     ] GC(169)  Capacity:     3174M (78%)        3174M (78%)        3174M (78%)        3174M (78%)        3174M (78%)        3174M (78%)    
[90.915s][info][gc,heap     ] GC(169)   Reserve:       42M (1%)           42M (1%)           42M (1%)           42M (1%)           42M (1%)           42M (1%)     
[90.915s][info][gc,heap     ] GC(169)      Free:     1128M (28%)         952M (23%)        3650M (90%)        3598M (89%)        3668M (90%)         946M (23%)    
[90.915s][info][gc,heap     ] GC(169)      Used:     2890M (71%)        3066M (76%)         368M (9%)          420M (10%)        3072M (76%)         350M (9%)     
[90.915s][info][gc,heap     ] GC(169)      Live:         -                59M (1%)           59M (1%)           59M (1%)             -                  -          
[90.915s][info][gc,heap     ] GC(169) Allocated:         -               176M (4%)          202M (5%)          406M (10%)            -                  -          
[90.915s][info][gc,heap     ] GC(169)   Garbage:         -              2830M (70%)         106M (3%)            6M (0%)             -                  -          
[90.915s][info][gc,heap     ] GC(169) Reclaimed:         -                  -              2724M (67%)        2824M (70%)            -                  -          
[90.915s][info][gc          ] GC(169) Garbage Collection (Allocation Rate) 2890M(71%)->420M(10%)
[91.338s][info][gc,start    ] GC(170) Garbage Collection (Allocation Rate)
[91.338s][info][gc,phases   ] GC(170) Pause Mark Start 0.038ms
[91.371s][info][gc,phases   ] GC(170) Concurrent Mark 32.835ms
[91.371s][info][gc,phases   ] GC(170) Pause Mark End 0.258ms
[91.373s][info][gc,phases   ] GC(170) Concurrent Process Non-Strong References 1.577ms
[91.374s][info][gc,phases   ] GC(170) Concurrent Reset Relocation Set 1.304ms
[91.378s][info][gc,phases   ] GC(170) Concurrent Select Relocation Set 4.191ms
[91.379s][info][gc,phases   ] GC(170) Pause Relocate Start 0.063ms
[91.395s][info][gc,phases   ] GC(170) Concurrent Relocate 15.951ms
[91.395s][info][gc,load     ] GC(170) Load: 0.00/0.00/0.00
[91.395s][info][gc,mmu      ] GC(170) MMU: 2ms/77.0%, 5ms/89.5%, 10ms/94.4%, 20ms/97.2%, 50ms/98.7%, 100ms/99.4%
[91.395s][info][gc,marking  ] GC(170) Mark: 1 stripe(s), 2 proactive flush(es), 1 terminate flush(es), 1 completion(s), 0 continuation(s) 
[91.395s][info][gc,nmethod  ] GC(170) NMethods: 1474 registered, 0 unregistered
[91.395s][info][gc,metaspace] GC(170) Metaspace: 4M used, 4M capacity, 4M committed, 1032M reserved
[91.395s][info][gc,ref      ] GC(170) Soft: 261 encountered, 0 discovered, 0 enqueued
[91.395s][info][gc,ref      ] GC(170) Weak: 280 encountered, 229 discovered, 0 enqueued
[91.395s][info][gc,ref      ] GC(170) Final: 1 encountered, 0 discovered, 0 enqueued
[91.395s][info][gc,ref      ] GC(170) Phantom: 39 encountered, 30 discovered, 0 enqueued
[91.395s][info][gc,reloc    ] GC(170) Small Pages: 1224 / 2448M(100%), Empty: 2352M(96%), Compacting: 74M(3%)->26M(1%)
[91.395s][info][gc,reloc    ] GC(170) Medium Pages: 0 / 0M(0%), Empty: 0M(0%), Compacting: 0M(0%)->0M(0%)
[91.395s][info][gc,reloc    ] GC(170) Large Pages: 1 / 8M(0%), Empty: 0M(0%), Compacting: 0M(0%)->0M(0%)
[91.395s][info][gc,reloc    ] GC(170) Relocation: Successful
[91.395s][info][gc,heap     ] GC(170) Min Capacity: 42M(1%)
[91.395s][info][gc,heap     ] GC(170) Max Capacity: 4060M(100%)
[91.395s][info][gc,heap     ] GC(170) Soft Max Capacity: 4060M(100%)
[91.395s][info][gc,heap     ] GC(170)                Mark Start          Mark End        Relocate Start      Relocate End           High               Low         
[91.395s][info][gc,heap     ] GC(170)  Capacity:     3174M (78%)        3174M (78%)        3174M (78%)        3174M (78%)        3174M (78%)        3174M (78%)    
[91.395s][info][gc,heap     ] GC(170)   Reserve:       42M (1%)           42M (1%)           42M (1%)           42M (1%)           42M (1%)           42M (1%)     
[91.395s][info][gc,heap     ] GC(170)      Free:     1562M (38%)        1408M (35%)        3730M (92%)        3708M (91%)        3748M (92%)        1396M (34%)    
[91.395s][info][gc,heap     ] GC(170)      Used:     2456M (60%)        2610M (64%)         288M (7%)          310M (8%)         2622M (65%)         270M (7%)     
[91.395s][info][gc,heap     ] GC(170)      Live:         -                48M (1%)           48M (1%)           48M (1%)             -                  -          
[91.395s][info][gc,heap     ] GC(170) Allocated:         -               154M (4%)          184M (5%)          280M (7%)             -                  -          
[91.395s][info][gc,heap     ] GC(170)   Garbage:         -              2407M (59%)          55M (1%)            5M (0%)             -                  -          
[91.395s][info][gc,heap     ] GC(170) Reclaimed:         -                  -              2352M (58%)        2402M (59%)            -                  -          
[91.395s][info][gc          ] GC(170) Garbage Collection (Allocation Rate) 2456M(60%)->310M(8%)
[91.939s][info][gc,start    ] GC(171) Garbage Collection (Allocation Rate)
[91.939s][info][gc,phases   ] GC(171) Pause Mark Start 0.062ms
[91.984s][info][gc,phases   ] GC(171) Concurrent Mark 45.028ms
[91.984s][info][gc,phases   ] GC(171) Pause Mark End 0.240ms
[91.986s][info][gc,phases   ] GC(171) Concurrent Process Non-Strong References 1.881ms
[91.986s][info][gc,phases   ] GC(171) Concurrent Reset Relocation Set 0.054ms
[91.988s][info][gc,phases   ] GC(171) Concurrent Select Relocation Set 1.581ms
[91.988s][info][gc,phases   ] GC(171) Pause Relocate Start 0.062ms
[91.989s][info][gc,phases   ] GC(171) Concurrent Relocate 0.314ms
[91.989s][info][gc,load     ] GC(171) Load: 0.00/0.00/0.00
[91.989s][info][gc,mmu      ] GC(171) MMU: 2ms/77.0%, 5ms/89.5%, 10ms/94.4%, 20ms/97.2%, 50ms/98.7%, 100ms/99.4%
[91.989s][info][gc,marking  ] GC(171) Mark: 1 stripe(s), 2 proactive flush(es), 1 terminate flush(es), 1 completion(s), 0 continuation(s) 
[91.989s][info][gc,nmethod  ] GC(171) NMethods: 1474 registered, 0 unregistered
[91.989s][info][gc,metaspace] GC(171) Metaspace: 4M used, 4M capacity, 4M committed, 1032M reserved
[91.989s][info][gc,ref      ] GC(171) Soft: 261 encountered, 0 discovered, 0 enqueued
[91.989s][info][gc,ref      ] GC(171) Weak: 280 encountered, 229 discovered, 0 enqueued
[91.989s][info][gc,ref      ] GC(171) Final: 1 encountered, 0 discovered, 0 enqueued
[91.989s][info][gc,ref      ] GC(171) Phantom: 39 encountered, 30 discovered, 0 enqueued
[91.989s][info][gc,reloc    ] GC(171) Small Pages: 1391 / 2782M(100%), Empty: 2712M(97%), Compacting: 8M(0%)->2M(0%)
[91.989s][info][gc,reloc    ] GC(171) Medium Pages: 0 / 0M(0%), Empty: 0M(0%), Compacting: 0M(0%)->0M(0%)
[91.989s][info][gc,reloc    ] GC(171) Large Pages: 1 / 8M(0%), Empty: 0M(0%), Compacting: 0M(0%)->0M(0%)
[91.989s][info][gc,reloc    ] GC(171) Relocation: Successful
[91.989s][info][gc,heap     ] GC(171) Min Capacity: 42M(1%)
[91.989s][info][gc,heap     ] GC(171) Max Capacity: 4060M(100%)
[91.989s][info][gc,heap     ] GC(171) Soft Max Capacity: 4060M(100%)
[91.989s][info][gc,heap     ] GC(171)                Mark Start          Mark End        Relocate Start      Relocate End           High               Low         
[91.989s][info][gc,heap     ] GC(171)  Capacity:     3174M (78%)        3174M (78%)        3174M (78%)        3174M (78%)        3174M (78%)        3174M (78%)    
[91.989s][info][gc,heap     ] GC(171)   Reserve:       42M (1%)           42M (1%)           42M (1%)           42M (1%)           42M (1%)           42M (1%)     
[91.989s][info][gc,heap     ] GC(171)      Free:     1228M (30%)        1058M (26%)        3756M (93%)        3758M (93%)        3760M (93%)        1050M (26%)    
[91.989s][info][gc,heap     ] GC(171)      Used:     2790M (69%)        2960M (73%)         262M (6%)          260M (6%)         2968M (73%)         258M (6%)     
[91.989s][info][gc,heap     ] GC(171)      Live:         -                61M (2%)           61M (2%)           61M (2%)             -                  -          
[91.989s][info][gc,heap     ] GC(171) Allocated:         -               170M (4%)          184M (5%)          190M (5%)             -                  -          
[91.989s][info][gc,heap     ] GC(171)   Garbage:         -              2728M (67%)          16M (0%)           12M (0%)             -                  -          
[91.989s][info][gc,heap     ] GC(171) Reclaimed:         -                  -              2712M (67%)        2716M (67%)            -                  -          
[91.989s][info][gc          ] GC(171) Garbage Collection (Allocation Rate) 2790M(69%)->260M(6%)
[92.537s][info][gc,start    ] GC(172) Garbage Collection (Allocation Rate)
[92.538s][info][gc,phases   ] GC(172) Pause Mark Start 0.068ms
[92.573s][info][gc,phases   ] GC(172) Concurrent Mark 34.889ms
[92.573s][info][gc,phases   ] GC(172) Pause Mark End 0.310ms
[92.575s][info][gc,phases   ] GC(172) Concurrent Process Non-Strong References 1.643ms
[92.575s][info][gc,phases   ] GC(172) Concurrent Reset Relocation Set 0.019ms
[92.577s][info][gc,phases   ] GC(172) Concurrent Select Relocation Set 2.446ms
[92.578s][info][gc,phases   ] GC(172) Pause Relocate Start 0.055ms
[92.595s][info][gc,phases   ] GC(172) Concurrent Relocate 17.223ms
[92.595s][info][gc,load     ] GC(172) Load: 0.00/0.00/0.00
[92.595s][info][gc,mmu      ] GC(172) MMU: 2ms/77.0%, 5ms/89.5%, 10ms/94.4%, 20ms/97.2%, 50ms/98.7%, 100ms/99.4%
[92.595s][info][gc,marking  ] GC(172) Mark: 1 stripe(s), 2 proactive flush(es), 1 terminate flush(es), 1 completion(s), 0 continuation(s) 
[92.595s][info][gc,nmethod  ] GC(172) NMethods: 1474 registered, 0 unregistered
[92.595s][info][gc,metaspace] GC(172) Metaspace: 4M used, 4M capacity, 4M committed, 1032M reserved
[92.595s][info][gc,ref      ] GC(172) Soft: 261 encountered, 0 discovered, 0 enqueued
[92.595s][info][gc,ref      ] GC(172) Weak: 280 encountered, 229 discovered, 0 enqueued
[92.595s][info][gc,ref      ] GC(172) Final: 1 encountered, 0 discovered, 0 enqueued
[92.595s][info][gc,ref      ] GC(172) Phantom: 39 encountered, 30 discovered, 0 enqueued
[92.595s][info][gc,reloc    ] GC(172) Small Pages: 1443 / 2886M(100%), Empty: 2782M(96%), Compacting: 80M(3%)->28M(1%)
[92.595s][info][gc,reloc    ] GC(172) Medium Pages: 0 / 0M(0%), Empty: 0M(0%), Compacting: 0M(0%)->0M(0%)
[92.595s][info][gc,reloc    ] GC(172) Large Pages: 1 / 8M(0%), Empty: 0M(0%), Compacting: 0M(0%)->0M(0%)
[92.595s][info][gc,reloc    ] GC(172) Relocation: Successful
[92.595s][info][gc,heap     ] GC(172) Min Capacity: 42M(1%)
[92.595s][info][gc,heap     ] GC(172) Max Capacity: 4060M(100%)
[92.595s][info][gc,heap     ] GC(172) Soft Max Capacity: 4060M(100%)
[92.595s][info][gc,heap     ] GC(172)                Mark Start          Mark End        Relocate Start      Relocate End           High               Low         
[92.595s][info][gc,heap     ] GC(172)  Capacity:     3174M (78%)        3174M (78%)        3174M (78%)        3174M (78%)        3174M (78%)        3174M (78%)    
[92.595s][info][gc,heap     ] GC(172)   Reserve:       42M (1%)           42M (1%)           42M (1%)           42M (1%)           42M (1%)           42M (1%)     
[92.595s][info][gc,heap     ] GC(172)      Free:     1124M (28%)         970M (24%)        3740M (92%)        3712M (91%)        3748M (92%)         966M (24%)    
[92.595s][info][gc,heap     ] GC(172)      Used:     2894M (71%)        3048M (75%)         278M (7%)          306M (8%)         3052M (75%)         270M (7%)     
[92.595s][info][gc,heap     ] GC(172)      Live:         -                52M (1%)           52M (1%)           52M (1%)             -                  -          
[92.595s][info][gc,heap     ] GC(172) Allocated:         -               154M (4%)          166M (4%)          274M (7%)             -                  -          
[92.595s][info][gc,heap     ] GC(172)   Garbage:         -              2841M (70%)          59M (1%)            9M (0%)             -                  -          
[92.595s][info][gc,heap     ] GC(172) Reclaimed:         -                  -              2782M (69%)        2832M (70%)            -                  -          
[92.595s][info][gc          ] GC(172) Garbage Collection (Allocation Rate) 2894M(71%)->306M(8%)
[93.039s][info][gc,start    ] GC(173) Garbage Collection (Allocation Rate)
[93.039s][info][gc,phases   ] GC(173) Pause Mark Start 0.071ms
[93.073s][info][gc,phases   ] GC(173) Concurrent Mark 34.048ms
[93.073s][info][gc,phases   ] GC(173) Pause Mark End 0.211ms
[93.075s][info][gc,phases   ] GC(173) Concurrent Process Non-Strong References 1.571ms
[93.076s][info][gc,phases   ] GC(173) Concurrent Reset Relocation Set 1.010ms
[93.078s][info][gc,phases   ] GC(173) Concurrent Select Relocation Set 1.908ms
[93.078s][info][gc,phases   ] GC(173) Pause Relocate Start 0.053ms
[93.080s][info][gc,phases   ] GC(173) Concurrent Relocate 2.073ms
[93.080s][info][gc,load     ] GC(173) Load: 0.00/0.00/0.00
[93.080s][info][gc,mmu      ] GC(173) MMU: 2ms/77.0%, 5ms/89.5%, 10ms/94.4%, 20ms/97.2%, 50ms/98.7%, 100ms/99.4%
[93.080s][info][gc,marking  ] GC(173) Mark: 1 stripe(s), 2 proactive flush(es), 1 terminate flush(es), 1 completion(s), 0 continuation(s) 
[93.080s][info][gc,nmethod  ] GC(173) NMethods: 1474 registered, 0 unregistered
[93.080s][info][gc,metaspace] GC(173) Metaspace: 4M used, 4M capacity, 4M committed, 1032M reserved
[93.080s][info][gc,ref      ] GC(173) Soft: 261 encountered, 0 discovered, 0 enqueued
[93.080s][info][gc,ref      ] GC(173) Weak: 280 encountered, 229 discovered, 0 enqueued
[93.080s][info][gc,ref      ] GC(173) Final: 1 encountered, 0 discovered, 0 enqueued
[93.080s][info][gc,ref      ] GC(173) Phantom: 39 encountered, 30 discovered, 0 enqueued
[93.080s][info][gc,reloc    ] GC(173) Small Pages: 1217 / 2434M(100%), Empty: 2378M(97%), Compacting: 16M(1%)->4M(0%)
[93.080s][info][gc,reloc    ] GC(173) Medium Pages: 0 / 0M(0%), Empty: 0M(0%), Compacting: 0M(0%)->0M(0%)
[93.080s][info][gc,reloc    ] GC(173) Large Pages: 1 / 8M(0%), Empty: 0M(0%), Compacting: 0M(0%)->0M(0%)
[93.080s][info][gc,reloc    ] GC(173) Relocation: Successful
[93.080s][info][gc,heap     ] GC(173) Min Capacity: 42M(1%)
[93.080s][info][gc,heap     ] GC(173) Max Capacity: 4060M(100%)
[93.080s][info][gc,heap     ] GC(173) Soft Max Capacity: 4060M(100%)
[93.080s][info][gc,heap     ] GC(173)                Mark Start          Mark End        Relocate Start      Relocate End           High               Low         
[93.080s][info][gc,heap     ] GC(173)  Capacity:     3174M (78%)        3174M (78%)        3174M (78%)        3174M (78%)        3174M (78%)        3174M (78%)    
[93.080s][info][gc,heap     ] GC(173)   Reserve:       42M (1%)           42M (1%)           42M (1%)           42M (1%)           42M (1%)           42M (1%)     
[93.080s][info][gc,heap     ] GC(173)      Free:     1576M (39%)        1444M (36%)        3804M (94%)        3802M (94%)        3812M (94%)        1434M (35%)    
[93.080s][info][gc,heap     ] GC(173)      Used:     2442M (60%)        2574M (63%)         214M (5%)          216M (5%)         2584M (64%)         206M (5%)     
[93.080s][info][gc,heap     ] GC(173)      Live:         -                46M (1%)           46M (1%)           46M (1%)             -                  -          
[93.080s][info][gc,heap     ] GC(173) Allocated:         -               132M (3%)          150M (4%)          168M (4%)             -                  -          
[93.080s][info][gc,heap     ] GC(173)   Garbage:         -              2395M (59%)          17M (0%)            9M (0%)             -                  -          
[93.080s][info][gc,heap     ] GC(173) Reclaimed:         -                  -              2378M (59%)        2386M (59%)            -                  -          
[93.080s][info][gc          ] GC(173) Garbage Collection (Allocation Rate) 2442M(60%)->216M(5%)
[93.638s][info][gc,start    ] GC(174) Garbage Collection (Allocation Rate)
[93.638s][info][gc,phases   ] GC(174) Pause Mark Start 0.060ms
[93.676s][info][gc,phases   ] GC(174) Concurrent Mark 37.925ms
[93.677s][info][gc,phases   ] GC(174) Pause Mark End 0.233ms
[93.678s][info][gc,phases   ] GC(174) Concurrent Process Non-Strong References 1.570ms
[93.678s][info][gc,phases   ] GC(174) Concurrent Reset Relocation Set 0.025ms
[93.685s][info][gc,phases   ] GC(174) Concurrent Select Relocation Set 6.159ms
[93.685s][info][gc,phases   ] GC(174) Pause Relocate Start 0.065ms
[93.716s][info][gc,phases   ] GC(174) Concurrent Relocate 30.819ms
[93.716s][info][gc,load     ] GC(174) Load: 0.00/0.00/0.00
[93.716s][info][gc,mmu      ] GC(174) MMU: 2ms/77.0%, 5ms/89.5%, 10ms/94.4%, 20ms/97.2%, 50ms/98.7%, 100ms/99.4%
[93.716s][info][gc,marking  ] GC(174) Mark: 1 stripe(s), 2 proactive flush(es), 1 terminate flush(es), 1 completion(s), 0 continuation(s) 
[93.716s][info][gc,nmethod  ] GC(174) NMethods: 1474 registered, 0 unregistered
[93.716s][info][gc,metaspace] GC(174) Metaspace: 4M used, 4M capacity, 4M committed, 1032M reserved
[93.716s][info][gc,ref      ] GC(174) Soft: 261 encountered, 0 discovered, 0 enqueued
[93.716s][info][gc,ref      ] GC(174) Weak: 280 encountered, 229 discovered, 0 enqueued
[93.716s][info][gc,ref      ] GC(174) Final: 1 encountered, 0 discovered, 0 enqueued
[93.716s][info][gc,ref      ] GC(174) Phantom: 39 encountered, 30 discovered, 0 enqueued
[93.716s][info][gc,reloc    ] GC(174) Small Pages: 1424 / 2848M(100%), Empty: 2688M(94%), Compacting: 154M(5%)->54M(2%)
[93.716s][info][gc,reloc    ] GC(174) Medium Pages: 0 / 0M(0%), Empty: 0M(0%), Compacting: 0M(0%)->0M(0%)
[93.716s][info][gc,reloc    ] GC(174) Large Pages: 1 / 8M(0%), Empty: 0M(0%), Compacting: 0M(0%)->0M(0%)
[93.716s][info][gc,reloc    ] GC(174) Relocation: Successful
[93.716s][info][gc,heap     ] GC(174) Min Capacity: 42M(1%)
[93.716s][info][gc,heap     ] GC(174) Max Capacity: 4060M(100%)
[93.716s][info][gc,heap     ] GC(174) Soft Max Capacity: 4060M(100%)
[93.716s][info][gc,heap     ] GC(174)                Mark Start          Mark End        Relocate Start      Relocate End           High               Low         
[93.716s][info][gc,heap     ] GC(174)  Capacity:     3174M (78%)        3174M (78%)        3174M (78%)        3174M (78%)        3174M (78%)        3174M (78%)    
[93.716s][info][gc,heap     ] GC(174)   Reserve:       42M (1%)           42M (1%)           42M (1%)           42M (1%)           42M (1%)           42M (1%)     
[93.716s][info][gc,heap     ] GC(174)      Free:     1162M (29%)         984M (24%)        3634M (90%)        3592M (88%)        3664M (90%)         976M (24%)    
[93.716s][info][gc,heap     ] GC(174)      Used:     2856M (70%)        3034M (75%)         384M (9%)          426M (10%)        3042M (75%)         354M (9%)     
[93.716s][info][gc,heap     ] GC(174)      Live:         -                59M (1%)           59M (1%)           59M (1%)             -                  -          
[93.716s][info][gc,heap     ] GC(174) Allocated:         -               178M (4%)          216M (5%)          412M (10%)            -                  -          
[93.716s][info][gc,heap     ] GC(174)   Garbage:         -              2796M (69%)         108M (3%)            4M (0%)             -                  -          
[93.716s][info][gc,heap     ] GC(174) Reclaimed:         -                  -              2688M (66%)        2792M (69%)            -                  -          
[93.716s][info][gc          ] GC(174) Garbage Collection (Allocation Rate) 2856M(70%)->426M(10%)
[94.138s][info][gc,start    ] GC(175) Garbage Collection (Allocation Rate)
[94.139s][info][gc,phases   ] GC(175) Pause Mark Start 0.102ms
[94.171s][info][gc,phases   ] GC(175) Concurrent Mark 31.776ms
[94.171s][info][gc,phases   ] GC(175) Pause Mark End 0.250ms
[94.173s][info][gc,phases   ] GC(175) Concurrent Process Non-Strong References 1.677ms
[94.174s][info][gc,phases   ] GC(175) Concurrent Reset Relocation Set 0.866ms
[94.177s][info][gc,phases   ] GC(175) Concurrent Select Relocation Set 3.780ms
[94.178s][info][gc,phases   ] GC(175) Pause Relocate Start 0.097ms
[94.195s][info][gc,phases   ] GC(175) Concurrent Relocate 17.289ms
[94.195s][info][gc,load     ] GC(175) Load: 0.00/0.00/0.00
[94.195s][info][gc,mmu      ] GC(175) MMU: 2ms/77.0%, 5ms/89.5%, 10ms/94.4%, 20ms/97.2%, 50ms/98.7%, 100ms/99.4%
[94.195s][info][gc,marking  ] GC(175) Mark: 1 stripe(s), 2 proactive flush(es), 1 terminate flush(es), 1 completion(s), 0 continuation(s) 
[94.195s][info][gc,nmethod  ] GC(175) NMethods: 1474 registered, 0 unregistered
[94.195s][info][gc,metaspace] GC(175) Metaspace: 4M used, 4M capacity, 4M committed, 1032M reserved
[94.195s][info][gc,ref      ] GC(175) Soft: 261 encountered, 0 discovered, 0 enqueued
[94.195s][info][gc,ref      ] GC(175) Weak: 280 encountered, 229 discovered, 0 enqueued
[94.195s][info][gc,ref      ] GC(175) Final: 1 encountered, 0 discovered, 0 enqueued
[94.195s][info][gc,ref      ] GC(175) Phantom: 39 encountered, 30 discovered, 0 enqueued
[94.195s][info][gc,reloc    ] GC(175) Small Pages: 1228 / 2456M(100%), Empty: 2362M(96%), Compacting: 68M(3%)->24M(1%)
[94.195s][info][gc,reloc    ] GC(175) Medium Pages: 0 / 0M(0%), Empty: 0M(0%), Compacting: 0M(0%)->0M(0%)
[94.195s][info][gc,reloc    ] GC(175) Large Pages: 1 / 8M(0%), Empty: 0M(0%), Compacting: 0M(0%)->0M(0%)
[94.195s][info][gc,reloc    ] GC(175) Relocation: Successful
[94.195s][info][gc,heap     ] GC(175) Min Capacity: 42M(1%)
[94.195s][info][gc,heap     ] GC(175) Max Capacity: 4060M(100%)
[94.195s][info][gc,heap     ] GC(175) Soft Max Capacity: 4060M(100%)
[94.195s][info][gc,heap     ] GC(175)                Mark Start          Mark End        Relocate Start      Relocate End           High               Low         
[94.195s][info][gc,heap     ] GC(175)  Capacity:     3174M (78%)        3174M (78%)        3174M (78%)        3174M (78%)        3174M (78%)        3174M (78%)    
[94.195s][info][gc,heap     ] GC(175)   Reserve:       42M (1%)           42M (1%)           42M (1%)           42M (1%)           42M (1%)           42M (1%)     
[94.195s][info][gc,heap     ] GC(175)      Free:     1554M (38%)        1404M (35%)        3736M (92%)        3708M (91%)        3754M (92%)        1392M (34%)    
[94.195s][info][gc,heap     ] GC(175)      Used:     2464M (61%)        2614M (64%)         282M (7%)          310M (8%)         2626M (65%)         264M (7%)     
[94.195s][info][gc,heap     ] GC(175)      Live:         -                50M (1%)           50M (1%)           50M (1%)             -                  -          
[94.195s][info][gc,heap     ] GC(175) Allocated:         -               150M (4%)          180M (4%)          276M (7%)             -                  -          
[94.195s][info][gc,heap     ] GC(175)   Garbage:         -              2413M (59%)          51M (1%)           11M (0%)             -                  -          
[94.195s][info][gc,heap     ] GC(175) Reclaimed:         -                  -              2362M (58%)        2402M (59%)            -                  -          
[94.195s][info][gc          ] GC(175) Garbage Collection (Allocation Rate) 2464M(61%)->310M(8%)
[94.638s][info][gc,start    ] GC(176) Garbage Collection (Allocation Rate)
[94.638s][info][gc,phases   ] GC(176) Pause Mark Start 0.064ms
[94.670s][info][gc,phases   ] GC(176) Concurrent Mark 31.168ms
[94.670s][info][gc,phases   ] GC(176) Pause Mark End 0.259ms
[94.672s][info][gc,phases   ] GC(176) Concurrent Process Non-Strong References 1.624ms
[94.672s][info][gc,phases   ] GC(176) Concurrent Reset Relocation Set 0.047ms
[94.673s][info][gc,phases   ] GC(176) Concurrent Select Relocation Set 1.713ms
[94.674s][info][gc,phases   ] GC(176) Pause Relocate Start 0.062ms
[94.677s][info][gc,phases   ] GC(176) Concurrent Relocate 3.416ms
[94.677s][info][gc,load     ] GC(176) Load: 0.00/0.00/0.00
[94.677s][info][gc,mmu      ] GC(176) MMU: 2ms/77.0%, 5ms/89.5%, 10ms/94.4%, 20ms/97.2%, 50ms/98.7%, 100ms/99.4%
[94.677s][info][gc,marking  ] GC(176) Mark: 1 stripe(s), 2 proactive flush(es), 1 terminate flush(es), 1 completion(s), 0 continuation(s) 
[94.677s][info][gc,nmethod  ] GC(176) NMethods: 1474 registered, 0 unregistered
[94.677s][info][gc,metaspace] GC(176) Metaspace: 4M used, 4M capacity, 4M committed, 1032M reserved
[94.677s][info][gc,ref      ] GC(176) Soft: 261 encountered, 0 discovered, 0 enqueued
[94.677s][info][gc,ref      ] GC(176) Weak: 280 encountered, 229 discovered, 0 enqueued
[94.677s][info][gc,ref      ] GC(176) Final: 1 encountered, 0 discovered, 0 enqueued
[94.677s][info][gc,ref      ] GC(176) Phantom: 39 encountered, 30 discovered, 0 enqueued
[94.677s][info][gc,reloc    ] GC(176) Small Pages: 1211 / 2422M(100%), Empty: 2356M(97%), Compacting: 28M(1%)->8M(0%)
[94.677s][info][gc,reloc    ] GC(176) Medium Pages: 0 / 0M(0%), Empty: 0M(0%), Compacting: 0M(0%)->0M(0%)
[94.677s][info][gc,reloc    ] GC(176) Large Pages: 1 / 8M(0%), Empty: 0M(0%), Compacting: 0M(0%)->0M(0%)
[94.677s][info][gc,reloc    ] GC(176) Relocation: Successful
[94.677s][info][gc,heap     ] GC(176) Min Capacity: 42M(1%)
[94.677s][info][gc,heap     ] GC(176) Max Capacity: 4060M(100%)
[94.677s][info][gc,heap     ] GC(176) Soft Max Capacity: 4060M(100%)
[94.677s][info][gc,heap     ] GC(176)                Mark Start          Mark End        Relocate Start      Relocate End           High               Low         
[94.677s][info][gc,heap     ] GC(176)  Capacity:     3174M (78%)        3174M (78%)        3174M (78%)        3174M (78%)        3174M (78%)        3174M (78%)    
[94.677s][info][gc,heap     ] GC(176)   Reserve:       42M (1%)           42M (1%)           42M (1%)           42M (1%)           42M (1%)           42M (1%)     
[94.677s][info][gc,heap     ] GC(176)      Free:     1588M (39%)        1448M (36%)        3788M (93%)        3788M (93%)        3796M (93%)        1440M (35%)    
[94.677s][info][gc,heap     ] GC(176)      Used:     2430M (60%)        2570M (63%)         230M (6%)          230M (6%)         2578M (63%)         222M (5%)     
[94.677s][info][gc,heap     ] GC(176)      Live:         -                46M (1%)           46M (1%)           46M (1%)             -                  -          
[94.677s][info][gc,heap     ] GC(176) Allocated:         -               140M (3%)          156M (4%)          184M (5%)             -                  -          
[94.677s][info][gc,heap     ] GC(176)   Garbage:         -              2383M (59%)          27M (1%)           11M (0%)             -                  -          
[94.677s][info][gc,heap     ] GC(176) Reclaimed:         -                  -              2356M (58%)        2372M (58%)            -                  -          
[94.677s][info][gc          ] GC(176) Garbage Collection (Allocation Rate) 2430M(60%)->230M(6%)
[95.238s][info][gc,start    ] GC(177) Garbage Collection (Allocation Rate)
[95.238s][info][gc,phases   ] GC(177) Pause Mark Start 0.060ms
[95.278s][info][gc,phases   ] GC(177) Concurrent Mark 39.390ms
[95.278s][info][gc,phases   ] GC(177) Pause Mark End 0.244ms
[95.280s][info][gc,phases   ] GC(177) Concurrent Process Non-Strong References 1.742ms
[95.280s][info][gc,phases   ] GC(177) Concurrent Reset Relocation Set 0.033ms
[95.283s][info][gc,phases   ] GC(177) Concurrent Select Relocation Set 2.893ms
[95.283s][info][gc,phases   ] GC(177) Pause Relocate Start 0.070ms
[95.322s][info][gc,phases   ] GC(177) Concurrent Relocate 39.050ms
[95.323s][info][gc,load     ] GC(177) Load: 0.00/0.00/0.00
[95.323s][info][gc,mmu      ] GC(177) MMU: 2ms/77.0%, 5ms/89.5%, 10ms/94.4%, 20ms/97.2%, 50ms/98.7%, 100ms/99.4%
[95.323s][info][gc,marking  ] GC(177) Mark: 1 stripe(s), 2 proactive flush(es), 1 terminate flush(es), 1 completion(s), 0 continuation(s) 
[95.323s][info][gc,nmethod  ] GC(177) NMethods: 1474 registered, 0 unregistered
[95.323s][info][gc,metaspace] GC(177) Metaspace: 4M used, 4M capacity, 4M committed, 1032M reserved
[95.323s][info][gc,ref      ] GC(177) Soft: 261 encountered, 0 discovered, 0 enqueued
[95.323s][info][gc,ref      ] GC(177) Weak: 280 encountered, 229 discovered, 0 enqueued
[95.323s][info][gc,ref      ] GC(177) Final: 1 encountered, 0 discovered, 0 enqueued
[95.323s][info][gc,ref      ] GC(177) Phantom: 39 encountered, 30 discovered, 0 enqueued
[95.323s][info][gc,reloc    ] GC(177) Small Pages: 1426 / 2852M(100%), Empty: 2698M(94%), Compacting: 148M(5%)->52M(2%)
[95.323s][info][gc,reloc    ] GC(177) Medium Pages: 0 / 0M(0%), Empty: 0M(0%), Compacting: 0M(0%)->0M(0%)
[95.323s][info][gc,reloc    ] GC(177) Large Pages: 1 / 8M(0%), Empty: 0M(0%), Compacting: 0M(0%)->0M(0%)
[95.323s][info][gc,reloc    ] GC(177) Relocation: Successful
[95.323s][info][gc,heap     ] GC(177) Min Capacity: 42M(1%)
[95.323s][info][gc,heap     ] GC(177) Max Capacity: 4060M(100%)
[95.323s][info][gc,heap     ] GC(177) Soft Max Capacity: 4060M(100%)
[95.323s][info][gc,heap     ] GC(177)                Mark Start          Mark End        Relocate Start      Relocate End           High               Low         
[95.323s][info][gc,heap     ] GC(177)  Capacity:     3174M (78%)        3174M (78%)        3174M (78%)        3174M (78%)        3174M (78%)        3174M (78%)    
[95.323s][info][gc,heap     ] GC(177)   Reserve:       42M (1%)           42M (1%)           42M (1%)           42M (1%)           42M (1%)           42M (1%)     
[95.323s][info][gc,heap     ] GC(177)      Free:     1158M (29%)         980M (24%)        3656M (90%)        3606M (89%)        3670M (90%)         972M (24%)    
[95.323s][info][gc,heap     ] GC(177)      Used:     2860M (70%)        3038M (75%)         362M (9%)          412M (10%)        3046M (75%)         348M (9%)     
[95.323s][info][gc,heap     ] GC(177)      Live:         -                58M (1%)           58M (1%)           58M (1%)             -                  -          
[95.323s][info][gc,heap     ] GC(177) Allocated:         -               178M (4%)          200M (5%)          398M (10%)            -                  -          
[95.323s][info][gc,heap     ] GC(177)   Garbage:         -              2801M (69%)         103M (3%)            3M (0%)             -                  -          
[95.323s][info][gc,heap     ] GC(177) Reclaimed:         -                  -              2698M (66%)        2798M (69%)            -                  -          
[95.323s][info][gc          ] GC(177) Garbage Collection (Allocation Rate) 2860M(70%)->412M(10%)
[95.738s][info][gc,start    ] GC(178) Garbage Collection (Allocation Rate)
[95.738s][info][gc,phases   ] GC(178) Pause Mark Start 0.046ms
[95.777s][info][gc,phases   ] GC(178) Concurrent Mark 39.381ms
[95.778s][info][gc,phases   ] GC(178) Pause Mark End 0.222ms
[95.779s][info][gc,phases   ] GC(178) Concurrent Process Non-Strong References 1.525ms
[95.780s][info][gc,phases   ] GC(178) Concurrent Reset Relocation Set 0.860ms
[95.784s][info][gc,phases   ] GC(178) Concurrent Select Relocation Set 3.585ms
[95.784s][info][gc,phases   ] GC(178) Pause Relocate Start 0.064ms
[95.796s][info][gc,phases   ] GC(178) Concurrent Relocate 12.229ms
[95.796s][info][gc,load     ] GC(178) Load: 0.00/0.00/0.00
[95.796s][info][gc,mmu      ] GC(178) MMU: 2ms/77.0%, 5ms/89.5%, 10ms/94.4%, 20ms/97.2%, 50ms/98.7%, 100ms/99.4%
[95.796s][info][gc,marking  ] GC(178) Mark: 1 stripe(s), 2 proactive flush(es), 1 terminate flush(es), 1 completion(s), 0 continuation(s) 
[95.796s][info][gc,nmethod  ] GC(178) NMethods: 1474 registered, 0 unregistered
[95.796s][info][gc,metaspace] GC(178) Metaspace: 4M used, 4M capacity, 4M committed, 1032M reserved
[95.796s][info][gc,ref      ] GC(178) Soft: 261 encountered, 0 discovered, 0 enqueued
[95.796s][info][gc,ref      ] GC(178) Weak: 280 encountered, 229 discovered, 0 enqueued
[95.796s][info][gc,ref      ] GC(178) Final: 1 encountered, 0 discovered, 0 enqueued
[95.796s][info][gc,ref      ] GC(178) Phantom: 39 encountered, 30 discovered, 0 enqueued
[95.796s][info][gc,reloc    ] GC(178) Small Pages: 1182 / 2364M(100%), Empty: 2260M(95%), Compacting: 62M(3%)->22M(1%)
[95.796s][info][gc,reloc    ] GC(178) Medium Pages: 0 / 0M(0%), Empty: 0M(0%), Compacting: 0M(0%)->0M(0%)
[95.796s][info][gc,reloc    ] GC(178) Large Pages: 1 / 8M(0%), Empty: 0M(0%), Compacting: 0M(0%)->0M(0%)
[95.796s][info][gc,reloc    ] GC(178) Relocation: Successful
[95.796s][info][gc,heap     ] GC(178) Min Capacity: 42M(1%)
[95.796s][info][gc,heap     ] GC(178) Max Capacity: 4060M(100%)
[95.796s][info][gc,heap     ] GC(178) Soft Max Capacity: 4060M(100%)
[95.796s][info][gc,heap     ] GC(178)                Mark Start          Mark End        Relocate Start      Relocate End           High               Low         
[95.796s][info][gc,heap     ] GC(178)  Capacity:     3174M (78%)        3174M (78%)        3174M (78%)        3174M (78%)        3174M (78%)        3174M (78%)    
[95.796s][info][gc,heap     ] GC(178)   Reserve:       42M (1%)           42M (1%)           42M (1%)           42M (1%)           42M (1%)           42M (1%)     
[95.796s][info][gc,heap     ] GC(178)      Free:     1646M (41%)        1458M (36%)        3690M (91%)        3672M (90%)        3708M (91%)        1448M (36%)    
[95.796s][info][gc,heap     ] GC(178)      Used:     2372M (58%)        2560M (63%)         328M (8%)          346M (9%)         2570M (63%)         310M (8%)     
[95.796s][info][gc,heap     ] GC(178)      Live:         -                62M (2%)           62M (2%)           62M (2%)             -                  -          
[95.796s][info][gc,heap     ] GC(178) Allocated:         -               188M (5%)          216M (5%)          296M (7%)             -                  -          
[95.796s][info][gc,heap     ] GC(178)   Garbage:         -              2309M (57%)          49M (1%)            9M (0%)             -                  -          
[95.796s][info][gc,heap     ] GC(178) Reclaimed:         -                  -              2260M (56%)        2300M (57%)            -                  -          
[95.796s][info][gc          ] GC(178) Garbage Collection (Allocation Rate) 2372M(58%)->346M(9%)
[96.239s][info][gc,start    ] GC(179) Garbage Collection (Allocation Rate)
[96.239s][info][gc,phases   ] GC(179) Pause Mark Start 0.089ms
[96.272s][info][gc,phases   ] GC(179) Concurrent Mark 32.845ms
[96.272s][info][gc,phases   ] GC(179) Pause Mark End 0.223ms
[96.274s][info][gc,phases   ] GC(179) Concurrent Process Non-Strong References 1.571ms
[96.274s][info][gc,phases   ] GC(179) Concurrent Reset Relocation Set 0.052ms
[96.275s][info][gc,phases   ] GC(179) Concurrent Select Relocation Set 1.612ms
[96.276s][info][gc,phases   ] GC(179) Pause Relocate Start 0.059ms
[96.276s][info][gc,phases   ] GC(179) Concurrent Relocate 0.513ms
[96.276s][info][gc,load     ] GC(179) Load: 0.00/0.00/0.00
[96.276s][info][gc,mmu      ] GC(179) MMU: 2ms/77.0%, 5ms/89.5%, 10ms/94.4%, 20ms/97.2%, 50ms/98.7%, 100ms/99.4%
[96.276s][info][gc,marking  ] GC(179) Mark: 1 stripe(s), 2 proactive flush(es), 1 terminate flush(es), 1 completion(s), 0 continuation(s) 
[96.276s][info][gc,nmethod  ] GC(179) NMethods: 1474 registered, 0 unregistered
[96.276s][info][gc,metaspace] GC(179) Metaspace: 4M used, 4M capacity, 4M committed, 1032M reserved
[96.276s][info][gc,ref      ] GC(179) Soft: 261 encountered, 0 discovered, 0 enqueued
[96.276s][info][gc,ref      ] GC(179) Weak: 280 encountered, 229 discovered, 0 enqueued
[96.276s][info][gc,ref      ] GC(179) Final: 1 encountered, 0 discovered, 0 enqueued
[96.276s][info][gc,ref      ] GC(179) Phantom: 39 encountered, 30 discovered, 0 enqueued
[96.276s][info][gc,reloc    ] GC(179) Small Pages: 1186 / 2372M(100%), Empty: 2314M(97%), Compacting: 10M(0%)->2M(0%)
[96.276s][info][gc,reloc    ] GC(179) Medium Pages: 0 / 0M(0%), Empty: 0M(0%), Compacting: 0M(0%)->0M(0%)
[96.276s][info][gc,reloc    ] GC(179) Large Pages: 1 / 8M(0%), Empty: 0M(0%), Compacting: 0M(0%)->0M(0%)
[96.276s][info][gc,reloc    ] GC(179) Relocation: Successful
[96.276s][info][gc,heap     ] GC(179) Min Capacity: 42M(1%)
[96.276s][info][gc,heap     ] GC(179) Max Capacity: 4060M(100%)
[96.276s][info][gc,heap     ] GC(179) Soft Max Capacity: 4060M(100%)
[96.276s][info][gc,heap     ] GC(179)                Mark Start          Mark End        Relocate Start      Relocate End           High               Low         
[96.276s][info][gc,heap     ] GC(179)  Capacity:     3174M (78%)        3174M (78%)        3174M (78%)        3174M (78%)        3174M (78%)        3174M (78%)    
[96.276s][info][gc,heap     ] GC(179)   Reserve:       42M (1%)           42M (1%)           42M (1%)           42M (1%)           42M (1%)           42M (1%)     
[96.276s][info][gc,heap     ] GC(179)      Free:     1638M (40%)        1490M (37%)        3788M (93%)        3792M (93%)        3796M (93%)        1482M (37%)    
[96.276s][info][gc,heap     ] GC(179)      Used:     2380M (59%)        2528M (62%)         230M (6%)          226M (6%)         2536M (62%)         222M (5%)     
[96.276s][info][gc,heap     ] GC(179)      Live:         -                50M (1%)           50M (1%)           50M (1%)             -                  -          
[96.276s][info][gc,heap     ] GC(179) Allocated:         -               148M (4%)          164M (4%)          170M (4%)             -                  -          
[96.276s][info][gc,heap     ] GC(179)   Garbage:         -              2329M (57%)          15M (0%)            9M (0%)             -                  -          
[96.276s][info][gc,heap     ] GC(179) Reclaimed:         -                  -              2314M (57%)        2320M (57%)            -                  -          
[96.276s][info][gc          ] GC(179) Garbage Collection (Allocation Rate) 2380M(59%)->226M(6%)
[96.738s][info][gc,start    ] GC(180) Garbage Collection (Allocation Rate)
[96.738s][info][gc,phases   ] GC(180) Pause Mark Start 0.095ms
[96.780s][info][gc,phases   ] GC(180) Concurrent Mark 41.027ms
[96.780s][info][gc,phases   ] GC(180) Pause Mark End 0.237ms
[96.782s][info][gc,phases   ] GC(180) Concurrent Process Non-Strong References 1.646ms
[96.782s][info][gc,phases   ] GC(180) Concurrent Reset Relocation Set 0.020ms
[96.783s][info][gc,phases   ] GC(180) Concurrent Select Relocation Set 1.390ms
[96.783s][info][gc,phases   ] GC(180) Pause Relocate Start 0.093ms
[96.784s][info][gc,phases   ] GC(180) Concurrent Relocate 0.643ms
[96.784s][info][gc,load     ] GC(180) Load: 0.00/0.00/0.00
[96.784s][info][gc,mmu      ] GC(180) MMU: 2ms/77.0%, 5ms/89.5%, 10ms/94.4%, 20ms/97.2%, 50ms/98.7%, 100ms/99.4%
[96.784s][info][gc,marking  ] GC(180) Mark: 1 stripe(s), 2 proactive flush(es), 1 terminate flush(es), 1 completion(s), 0 continuation(s) 
[96.784s][info][gc,nmethod  ] GC(180) NMethods: 1474 registered, 0 unregistered
[96.784s][info][gc,metaspace] GC(180) Metaspace: 4M used, 4M capacity, 4M committed, 1032M reserved
[96.784s][info][gc,ref      ] GC(180) Soft: 261 encountered, 0 discovered, 0 enqueued
[96.784s][info][gc,ref      ] GC(180) Weak: 280 encountered, 229 discovered, 0 enqueued
[96.784s][info][gc,ref      ] GC(180) Final: 1 encountered, 0 discovered, 0 enqueued
[96.784s][info][gc,ref      ] GC(180) Phantom: 39 encountered, 30 discovered, 0 enqueued
[96.784s][info][gc,reloc    ] GC(180) Small Pages: 1218 / 2436M(100%), Empty: 2354M(96%), Compacting: 8M(0%)->2M(0%)
[96.784s][info][gc,reloc    ] GC(180) Medium Pages: 0 / 0M(0%), Empty: 0M(0%), Compacting: 0M(0%)->0M(0%)
[96.784s][info][gc,reloc    ] GC(180) Large Pages: 1 / 8M(0%), Empty: 0M(0%), Compacting: 0M(0%)->0M(0%)
[96.784s][info][gc,reloc    ] GC(180) Relocation: Successful
[96.784s][info][gc,heap     ] GC(180) Min Capacity: 42M(1%)
[96.784s][info][gc,heap     ] GC(180) Max Capacity: 4060M(100%)
[96.784s][info][gc,heap     ] GC(180) Soft Max Capacity: 4060M(100%)
[96.784s][info][gc,heap     ] GC(180)                Mark Start          Mark End        Relocate Start      Relocate End           High               Low         
[96.784s][info][gc,heap     ] GC(180)  Capacity:     3174M (78%)        3174M (78%)        3174M (78%)        3174M (78%)        3174M (78%)        3174M (78%)    
[96.784s][info][gc,heap     ] GC(180)   Reserve:       42M (1%)           42M (1%)           42M (1%)           42M (1%)           42M (1%)           42M (1%)     
[96.784s][info][gc,heap     ] GC(180)      Free:     1574M (39%)        1384M (34%)        3724M (92%)        3726M (92%)        3728M (92%)        1376M (34%)    
[96.784s][info][gc,heap     ] GC(180)      Used:     2444M (60%)        2634M (65%)         294M (7%)          292M (7%)         2642M (65%)         290M (7%)     
[96.784s][info][gc,heap     ] GC(180)      Live:         -                72M (2%)           72M (2%)           72M (2%)             -                  -          
[96.784s][info][gc,heap     ] GC(180) Allocated:         -               190M (5%)          204M (5%)          210M (5%)             -                  -          
[96.784s][info][gc,heap     ] GC(180)   Garbage:         -              2371M (58%)          17M (0%)           13M (0%)             -                  -          
[96.784s][info][gc,heap     ] GC(180) Reclaimed:         -                  -              2354M (58%)        2358M (58%)            -                  -          
[96.784s][info][gc          ] GC(180) Garbage Collection (Allocation Rate) 2444M(60%)->292M(7%)
[97.338s][info][gc,start    ] GC(181) Garbage Collection (Allocation Rate)
[97.338s][info][gc,phases   ] GC(181) Pause Mark Start 0.062ms
[97.368s][info][gc,phases   ] GC(181) Concurrent Mark 29.780ms
[97.368s][info][gc,phases   ] GC(181) Pause Mark End 0.230ms
[97.370s][info][gc,phases   ] GC(181) Concurrent Process Non-Strong References 1.500ms
[97.370s][info][gc,phases   ] GC(181) Concurrent Reset Relocation Set 0.022ms
[97.372s][info][gc,phases   ] GC(181) Concurrent Select Relocation Set 1.639ms
[97.372s][info][gc,phases   ] GC(181) Pause Relocate Start 0.058ms
[97.377s][info][gc,phases   ] GC(181) Concurrent Relocate 4.437ms
[97.377s][info][gc,load     ] GC(181) Load: 0.00/0.00/0.00
[97.377s][info][gc,mmu      ] GC(181) MMU: 2ms/77.0%, 5ms/89.5%, 10ms/94.4%, 20ms/97.2%, 50ms/98.7%, 100ms/99.4%
[97.377s][info][gc,marking  ] GC(181) Mark: 1 stripe(s), 2 proactive flush(es), 1 terminate flush(es), 1 completion(s), 0 continuation(s) 
[97.377s][info][gc,nmethod  ] GC(181) NMethods: 1474 registered, 0 unregistered
[97.377s][info][gc,metaspace] GC(181) Metaspace: 4M used, 4M capacity, 4M committed, 1032M reserved
[97.377s][info][gc,ref      ] GC(181) Soft: 261 encountered, 0 discovered, 0 enqueued
[97.377s][info][gc,ref      ] GC(181) Weak: 280 encountered, 229 discovered, 0 enqueued
[97.377s][info][gc,ref      ] GC(181) Final: 1 encountered, 0 discovered, 0 enqueued
[97.377s][info][gc,ref      ] GC(181) Phantom: 39 encountered, 30 discovered, 0 enqueued
[97.377s][info][gc,reloc    ] GC(181) Small Pages: 1451 / 2902M(100%), Empty: 2838M(98%), Compacting: 26M(1%)->8M(0%)
[97.377s][info][gc,reloc    ] GC(181) Medium Pages: 0 / 0M(0%), Empty: 0M(0%), Compacting: 0M(0%)->0M(0%)
[97.377s][info][gc,reloc    ] GC(181) Large Pages: 1 / 8M(0%), Empty: 0M(0%), Compacting: 0M(0%)->0M(0%)
[97.377s][info][gc,reloc    ] GC(181) Relocation: Successful
[97.377s][info][gc,heap     ] GC(181) Min Capacity: 42M(1%)
[97.377s][info][gc,heap     ] GC(181) Max Capacity: 4060M(100%)
[97.377s][info][gc,heap     ] GC(181) Soft Max Capacity: 4060M(100%)
[97.377s][info][gc,heap     ] GC(181)                Mark Start          Mark End        Relocate Start      Relocate End           High               Low         
[97.377s][info][gc,heap     ] GC(181)  Capacity:     3174M (78%)        3174M (78%)        3174M (78%)        3174M (78%)        3174M (78%)        3174M (78%)    
[97.377s][info][gc,heap     ] GC(181)   Reserve:       42M (1%)           42M (1%)           42M (1%)           42M (1%)           42M (1%)           42M (1%)     
[97.377s][info][gc,heap     ] GC(181)      Free:     1108M (27%)         972M (24%)        3796M (93%)        3790M (93%)        3802M (94%)         966M (24%)    
[97.377s][info][gc,heap     ] GC(181)      Used:     2910M (72%)        3046M (75%)         222M (5%)          228M (6%)         3052M (75%)         216M (5%)     
[97.377s][info][gc,heap     ] GC(181)      Live:         -                47M (1%)           47M (1%)           47M (1%)             -                  -          
[97.377s][info][gc,heap     ] GC(181) Allocated:         -               136M (3%)          150M (4%)          182M (4%)             -                  -          
[97.377s][info][gc,heap     ] GC(181)   Garbage:         -              2862M (71%)          24M (1%)           10M (0%)             -                  -          
[97.377s][info][gc,heap     ] GC(181) Reclaimed:         -                  -              2838M (70%)        2852M (70%)            -                  -          
[97.377s][info][gc          ] GC(181) Garbage Collection (Allocation Rate) 2910M(72%)->228M(6%)
[97.938s][info][gc,start    ] GC(182) Garbage Collection (Allocation Rate)
[97.938s][info][gc,phases   ] GC(182) Pause Mark Start 0.064ms
[97.980s][info][gc,phases   ] GC(182) Concurrent Mark 41.817ms
[97.981s][info][gc,phases   ] GC(182) Pause Mark End 0.252ms
[97.982s][info][gc,phases   ] GC(182) Concurrent Process Non-Strong References 1.549ms
[97.982s][info][gc,phases   ] GC(182) Concurrent Reset Relocation Set 0.028ms
[97.985s][info][gc,phases   ] GC(182) Concurrent Select Relocation Set 3.187ms
[97.986s][info][gc,phases   ] GC(182) Pause Relocate Start 0.063ms
[98.025s][info][gc,phases   ] GC(182) Concurrent Relocate 39.337ms
[98.025s][info][gc,load     ] GC(182) Load: 0.00/0.00/0.00
[98.025s][info][gc,mmu      ] GC(182) MMU: 2ms/77.0%, 5ms/89.5%, 10ms/94.4%, 20ms/97.2%, 50ms/98.7%, 100ms/99.4%
[98.025s][info][gc,marking  ] GC(182) Mark: 1 stripe(s), 2 proactive flush(es), 1 terminate flush(es), 1 completion(s), 0 continuation(s) 
[98.025s][info][gc,nmethod  ] GC(182) NMethods: 1474 registered, 0 unregistered
[98.025s][info][gc,metaspace] GC(182) Metaspace: 4M used, 4M capacity, 4M committed, 1032M reserved
[98.025s][info][gc,ref      ] GC(182) Soft: 261 encountered, 0 discovered, 0 enqueued
[98.025s][info][gc,ref      ] GC(182) Weak: 280 encountered, 229 discovered, 0 enqueued
[98.025s][info][gc,ref      ] GC(182) Final: 1 encountered, 0 discovered, 0 enqueued
[98.025s][info][gc,ref      ] GC(182) Phantom: 39 encountered, 30 discovered, 0 enqueued
[98.025s][info][gc,reloc    ] GC(182) Small Pages: 1435 / 2870M(100%), Empty: 2718M(94%), Compacting: 148M(5%)->68M(2%)
[98.025s][info][gc,reloc    ] GC(182) Medium Pages: 0 / 0M(0%), Empty: 0M(0%), Compacting: 0M(0%)->0M(0%)
[98.025s][info][gc,reloc    ] GC(182) Large Pages: 1 / 8M(0%), Empty: 0M(0%), Compacting: 0M(0%)->0M(0%)
[98.025s][info][gc,reloc    ] GC(182) Relocation: Successful
[98.025s][info][gc,heap     ] GC(182) Min Capacity: 42M(1%)
[98.025s][info][gc,heap     ] GC(182) Max Capacity: 4060M(100%)
[98.025s][info][gc,heap     ] GC(182) Soft Max Capacity: 4060M(100%)
[98.025s][info][gc,heap     ] GC(182)                Mark Start          Mark End        Relocate Start      Relocate End           High               Low         
[98.025s][info][gc,heap     ] GC(182)  Capacity:     3174M (78%)        3174M (78%)        3174M (78%)        3174M (78%)        3174M (78%)        3174M (78%)    
[98.025s][info][gc,heap     ] GC(182)   Reserve:       42M (1%)           42M (1%)           42M (1%)           42M (1%)           42M (1%)           42M (1%)     
[98.025s][info][gc,heap     ] GC(182)      Free:     1140M (28%)         968M (24%)        3664M (90%)        3562M (88%)        3678M (91%)         962M (24%)    
[98.025s][info][gc,heap     ] GC(182)      Used:     2878M (71%)        3050M (75%)         354M (9%)          456M (11%)        3056M (75%)         340M (8%)     
[98.025s][info][gc,heap     ] GC(182)      Live:         -                71M (2%)           71M (2%)           71M (2%)             -                  -          
[98.025s][info][gc,heap     ] GC(182) Allocated:         -               172M (4%)          194M (5%)          444M (11%)            -                  -          
[98.025s][info][gc,heap     ] GC(182)   Garbage:         -              2806M (69%)          88M (2%)            2M (0%)             -                  -          
[98.025s][info][gc,heap     ] GC(182) Reclaimed:         -                  -              2718M (67%)        2804M (69%)            -                  -          
[98.025s][info][gc          ] GC(182) Garbage Collection (Allocation Rate) 2878M(71%)->456M(11%)
[98.438s][info][gc,start    ] GC(183) Garbage Collection (Allocation Rate)
[98.439s][info][gc,phases   ] GC(183) Pause Mark Start 0.053ms
[98.475s][info][gc,phases   ] GC(183) Concurrent Mark 36.025ms
[98.475s][info][gc,phases   ] GC(183) Pause Mark End 0.247ms
[98.477s][info][gc,phases   ] GC(183) Concurrent Process Non-Strong References 1.698ms
[98.478s][info][gc,phases   ] GC(183) Concurrent Reset Relocation Set 0.854ms
[98.482s][info][gc,phases   ] GC(183) Concurrent Select Relocation Set 4.530ms
[98.483s][info][gc,phases   ] GC(183) Pause Relocate Start 0.058ms
[98.512s][info][gc,phases   ] GC(183) Concurrent Relocate 29.278ms
[98.512s][info][gc,load     ] GC(183) Load: 0.00/0.00/0.00
[98.512s][info][gc,mmu      ] GC(183) MMU: 2ms/77.0%, 5ms/89.5%, 10ms/94.4%, 20ms/97.2%, 50ms/98.7%, 100ms/99.4%
[98.512s][info][gc,marking  ] GC(183) Mark: 1 stripe(s), 2 proactive flush(es), 1 terminate flush(es), 1 completion(s), 0 continuation(s) 
[98.512s][info][gc,nmethod  ] GC(183) NMethods: 1474 registered, 0 unregistered
[98.512s][info][gc,metaspace] GC(183) Metaspace: 4M used, 4M capacity, 4M committed, 1032M reserved
[98.512s][info][gc,ref      ] GC(183) Soft: 261 encountered, 0 discovered, 0 enqueued
[98.512s][info][gc,ref      ] GC(183) Weak: 280 encountered, 229 discovered, 0 enqueued
[98.512s][info][gc,ref      ] GC(183) Final: 1 encountered, 0 discovered, 0 enqueued
[98.512s][info][gc,ref      ] GC(183) Phantom: 39 encountered, 30 discovered, 0 enqueued
[98.512s][info][gc,reloc    ] GC(183) Small Pages: 1216 / 2432M(100%), Empty: 2284M(94%), Compacting: 142M(6%)->50M(2%)
[98.512s][info][gc,reloc    ] GC(183) Medium Pages: 0 / 0M(0%), Empty: 0M(0%), Compacting: 0M(0%)->0M(0%)
[98.512s][info][gc,reloc    ] GC(183) Large Pages: 1 / 8M(0%), Empty: 0M(0%), Compacting: 0M(0%)->0M(0%)
[98.512s][info][gc,reloc    ] GC(183) Relocation: Successful
[98.512s][info][gc,heap     ] GC(183) Min Capacity: 42M(1%)
[98.512s][info][gc,heap     ] GC(183) Max Capacity: 4060M(100%)
[98.512s][info][gc,heap     ] GC(183) Soft Max Capacity: 4060M(100%)
[98.512s][info][gc,heap     ] GC(183)                Mark Start          Mark End        Relocate Start      Relocate End           High               Low         
[98.512s][info][gc,heap     ] GC(183)  Capacity:     3174M (78%)        3174M (78%)        3174M (78%)        3174M (78%)        3174M (78%)        3174M (78%)    
[98.512s][info][gc,heap     ] GC(183)   Reserve:       42M (1%)           42M (1%)           42M (1%)           42M (1%)           42M (1%)           42M (1%)     
[98.512s][info][gc,heap     ] GC(183)      Free:     1578M (39%)        1408M (35%)        3662M (90%)        3616M (89%)        3680M (91%)        1398M (34%)    
[98.512s][info][gc,heap     ] GC(183)      Used:     2440M (60%)        2610M (64%)         356M (9%)          402M (10%)        2620M (65%)         338M (8%)     
[98.512s][info][gc,heap     ] GC(183)      Live:         -                56M (1%)           56M (1%)           56M (1%)             -                  -          
[98.512s][info][gc,heap     ] GC(183) Allocated:         -               170M (4%)          200M (5%)          388M (10%)            -                  -          
[98.512s][info][gc,heap     ] GC(183)   Garbage:         -              2383M (59%)          99M (2%)            5M (0%)             -                  -          
[98.512s][info][gc,heap     ] GC(183) Reclaimed:         -                  -              2284M (56%)        2378M (59%)            -                  -          
[98.512s][info][gc          ] GC(183) Garbage Collection (Allocation Rate) 2440M(60%)->402M(10%)
[98.938s][info][gc,start    ] GC(184) Garbage Collection (Allocation Rate)
[98.938s][info][gc,phases   ] GC(184) Pause Mark Start 0.061ms
[98.970s][info][gc,phases   ] GC(184) Concurrent Mark 32.049ms
[98.971s][info][gc,phases   ] GC(184) Pause Mark End 0.259ms
[98.972s][info][gc,phases   ] GC(184) Concurrent Process Non-Strong References 1.391ms
[98.973s][info][gc,phases   ] GC(184) Concurrent Reset Relocation Set 0.895ms
[98.977s][info][gc,phases   ] GC(184) Concurrent Select Relocation Set 3.436ms
[98.977s][info][gc,phases   ] GC(184) Pause Relocate Start 0.049ms
[98.989s][info][gc,phases   ] GC(184) Concurrent Relocate 11.691ms
[98.989s][info][gc,load     ] GC(184) Load: 0.00/0.00/0.00
[98.989s][info][gc,mmu      ] GC(184) MMU: 2ms/77.0%, 5ms/89.5%, 10ms/94.4%, 20ms/97.2%, 50ms/98.7%, 100ms/99.4%
[98.989s][info][gc,marking  ] GC(184) Mark: 1 stripe(s), 2 proactive flush(es), 1 terminate flush(es), 1 completion(s), 0 continuation(s) 
[98.989s][info][gc,nmethod  ] GC(184) NMethods: 1474 registered, 0 unregistered
[98.989s][info][gc,metaspace] GC(184) Metaspace: 4M used, 4M capacity, 4M committed, 1032M reserved
[98.989s][info][gc,ref      ] GC(184) Soft: 261 encountered, 0 discovered, 0 enqueued
[98.989s][info][gc,ref      ] GC(184) Weak: 280 encountered, 229 discovered, 0 enqueued
[98.989s][info][gc,ref      ] GC(184) Final: 1 encountered, 0 discovered, 0 enqueued
[98.989s][info][gc,ref      ] GC(184) Phantom: 39 encountered, 30 discovered, 0 enqueued
[98.989s][info][gc,reloc    ] GC(184) Small Pages: 1218 / 2436M(100%), Empty: 2342M(96%), Compacting: 64M(3%)->20M(1%)
[98.989s][info][gc,reloc    ] GC(184) Medium Pages: 0 / 0M(0%), Empty: 0M(0%), Compacting: 0M(0%)->0M(0%)
[98.989s][info][gc,reloc    ] GC(184) Large Pages: 1 / 8M(0%), Empty: 0M(0%), Compacting: 0M(0%)->0M(0%)
[98.989s][info][gc,reloc    ] GC(184) Relocation: Successful
[98.989s][info][gc,heap     ] GC(184) Min Capacity: 42M(1%)
[98.989s][info][gc,heap     ] GC(184) Max Capacity: 4060M(100%)
[98.989s][info][gc,heap     ] GC(184) Soft Max Capacity: 4060M(100%)
[98.989s][info][gc,heap     ] GC(184)                Mark Start          Mark End        Relocate Start      Relocate End           High               Low         
[98.989s][info][gc,heap     ] GC(184)  Capacity:     3174M (78%)        3174M (78%)        3174M (78%)        3174M (78%)        3174M (78%)        3174M (78%)    
[98.989s][info][gc,heap     ] GC(184)   Reserve:       42M (1%)           42M (1%)           42M (1%)           42M (1%)           42M (1%)           42M (1%)     
[98.989s][info][gc,heap     ] GC(184)      Free:     1574M (39%)        1428M (35%)        3746M (92%)        3734M (92%)        3758M (93%)        1418M (35%)    
[98.989s][info][gc,heap     ] GC(184)      Used:     2444M (60%)        2590M (64%)         272M (7%)          284M (7%)         2600M (64%)         260M (6%)     
[98.989s][info][gc,heap     ] GC(184)      Live:         -                50M (1%)           50M (1%)           50M (1%)             -                  -          
[98.989s][info][gc,heap     ] GC(184) Allocated:         -               146M (4%)          170M (4%)          246M (6%)             -                  -          
[98.989s][info][gc,heap     ] GC(184)   Garbage:         -              2393M (59%)          51M (1%)            9M (0%)             -                  -          
[98.989s][info][gc,heap     ] GC(184) Reclaimed:         -                  -              2342M (58%)        2384M (59%)            -                  -          
[98.989s][info][gc          ] GC(184) Garbage Collection (Allocation Rate) 2444M(60%)->284M(7%)
[99.438s][info][gc,start    ] GC(185) Garbage Collection (Allocation Rate)
[99.438s][info][gc,phases   ] GC(185) Pause Mark Start 0.061ms
[99.473s][info][gc,phases   ] GC(185) Concurrent Mark 34.254ms
[99.473s][info][gc,phases   ] GC(185) Pause Mark End 0.249ms
[99.475s][info][gc,phases   ] GC(185) Concurrent Process Non-Strong References 1.784ms
[99.475s][info][gc,phases   ] GC(185) Concurrent Reset Relocation Set 0.046ms
[99.476s][info][gc,phases   ] GC(185) Concurrent Select Relocation Set 1.361ms
[99.477s][info][gc,phases   ] GC(185) Pause Relocate Start 0.062ms
[99.478s][info][gc,phases   ] GC(185) Concurrent Relocate 0.837ms
[99.478s][info][gc,load     ] GC(185) Load: 0.00/0.00/0.00
[99.478s][info][gc,mmu      ] GC(185) MMU: 2ms/77.0%, 5ms/89.5%, 10ms/94.4%, 20ms/97.2%, 50ms/98.7%, 100ms/99.4%
[99.478s][info][gc,marking  ] GC(185) Mark: 1 stripe(s), 2 proactive flush(es), 1 terminate flush(es), 1 completion(s), 0 continuation(s) 
[99.478s][info][gc,nmethod  ] GC(185) NMethods: 1474 registered, 0 unregistered
[99.478s][info][gc,metaspace] GC(185) Metaspace: 4M used, 4M capacity, 4M committed, 1032M reserved
[99.478s][info][gc,ref      ] GC(185) Soft: 261 encountered, 0 discovered, 0 enqueued
[99.478s][info][gc,ref      ] GC(185) Weak: 280 encountered, 229 discovered, 0 enqueued
[99.478s][info][gc,ref      ] GC(185) Final: 1 encountered, 0 discovered, 0 enqueued
[99.478s][info][gc,ref      ] GC(185) Phantom: 39 encountered, 30 discovered, 0 enqueued
[99.478s][info][gc,reloc    ] GC(185) Small Pages: 1218 / 2436M(100%), Empty: 2370M(97%), Compacting: 10M(0%)->2M(0%)
[99.478s][info][gc,reloc    ] GC(185) Medium Pages: 0 / 0M(0%), Empty: 0M(0%), Compacting: 0M(0%)->0M(0%)
[99.478s][info][gc,reloc    ] GC(185) Large Pages: 1 / 8M(0%), Empty: 0M(0%), Compacting: 0M(0%)->0M(0%)
[99.478s][info][gc,reloc    ] GC(185) Relocation: Successful
[99.478s][info][gc,heap     ] GC(185) Min Capacity: 42M(1%)
[99.478s][info][gc,heap     ] GC(185) Max Capacity: 4060M(100%)
[99.478s][info][gc,heap     ] GC(185) Soft Max Capacity: 4060M(100%)
[99.478s][info][gc,heap     ] GC(185)                Mark Start          Mark End        Relocate Start      Relocate End           High               Low         
[99.478s][info][gc,heap     ] GC(185)  Capacity:     3174M (78%)        3174M (78%)        3174M (78%)        3174M (78%)        3174M (78%)        3174M (78%)    
[99.478s][info][gc,heap     ] GC(185)   Reserve:       42M (1%)           42M (1%)           42M (1%)           42M (1%)           42M (1%)           42M (1%)     
[99.478s][info][gc,heap     ] GC(185)      Free:     1574M (39%)        1410M (35%)        3766M (93%)        3770M (93%)        3770M (93%)        1402M (35%)    
[99.478s][info][gc,heap     ] GC(185)      Used:     2444M (60%)        2608M (64%)         252M (6%)          248M (6%)         2616M (64%)         248M (6%)     
[99.478s][info][gc,heap     ] GC(185)      Live:         -                57M (1%)           57M (1%)           57M (1%)             -                  -          
[99.478s][info][gc,heap     ] GC(185) Allocated:         -               164M (4%)          178M (4%)          184M (5%)             -                  -          
[99.478s][info][gc,heap     ] GC(185)   Garbage:         -              2386M (59%)          16M (0%)           10M (0%)             -                  -          
[99.478s][info][gc,heap     ] GC(185) Reclaimed:         -                  -              2370M (58%)        2376M (59%)            -                  -          
[99.478s][info][gc          ] GC(185) Garbage Collection (Allocation Rate) 2444M(60%)->248M(6%)
[100.038s][info][gc,stats    ] === Garbage Collection Statistics =======================================================================================================================
[100.038s][info][gc,stats    ]                                                              Last 10s              Last 10m              Last 10h                Total
[100.038s][info][gc,stats    ]                                                              Avg / Max             Avg / Max             Avg / Max             Avg / Max
[100.038s][info][gc,stats    ]   Collector: Garbage Collection Cycle                     57.233 / 87.145       63.286 / 153.808      63.286 / 153.808      63.286 / 153.808     ms
[100.038s][info][gc,stats    ]  Contention: Mark Segment Reset Contention                     0 / 0                 0 / 0                 0 / 0                 0 / 0           ops/s
[100.038s][info][gc,stats    ]  Contention: Mark SeqNum Reset Contention                      0 / 0                 0 / 0                 0 / 0                 0 / 0           ops/s
[100.038s][info][gc,stats    ]  Contention: Relocation Contention                             0 / 0                 0 / 2                 0 / 2                 0 / 2           ops/s
[100.038s][info][gc,stats    ]    Critical: Allocation Stall                              0.000 / 0.000         0.000 / 0.000         0.000 / 0.000         0.000 / 0.000       ms
[100.038s][info][gc,stats    ]    Critical: Allocation Stall                                  0 / 0                 0 / 0                 0 / 0                 0 / 0           ops/s
[100.038s][info][gc,start    ] GC(186) Garbage Collection (Allocation Rate)
[100.038s][info][gc,stats    ]    Critical: GC Locker Stall                               0.000 / 0.000         0.000 / 0.000         0.000 / 0.000         0.000 / 0.000       ms
[100.038s][info][gc,stats    ]    Critical: GC Locker Stall                                   0 / 0                 0 / 0                 0 / 0                 0 / 0           ops/s
[100.038s][info][gc,stats    ]      Memory: Allocation Rate                                4711 / 4774           4555 / 4810           4555 / 4810           4555 / 4810        MB/s
[100.038s][info][gc,stats    ]      Memory: Heap Used After Mark                           2761 / 3066           2670 / 3128           2670 / 3128           2670 / 3128        MB
[100.038s][info][gc,stats    ]      Memory: Heap Used After Relocation                      315 / 456             332 / 462             332 / 462             332 / 462         MB
[100.038s][info][gc,stats    ]      Memory: Heap Used Before Mark                          2600 / 2910           2502 / 2960           2502 / 2960           2502 / 2960        MB
[100.038s][info][gc,stats    ]      Memory: Heap Used Before Relocation                     291 / 384             310 / 384             310 / 384             310 / 384         MB
[100.038s][info][gc,stats    ]      Memory: Out Of Memory                                     0 / 0                 0 / 0                 0 / 0                 0 / 0           ops/s
[100.038s][info][gc,stats    ]      Memory: Page Cache Flush                                  0 / 0                 0 / 0                 0 / 0                 0 / 0           MB/s
[100.038s][info][gc,stats    ]      Memory: Page Cache Hit L1                              2378 / 2419           2285 / 2439           2285 / 2439           2285 / 2439        ops/s
[100.038s][info][gc,stats    ]      Memory: Page Cache Hit L2                                 0 / 0                 0 / 0                 0 / 0                 0 / 0           ops/s
[100.038s][info][gc,stats    ]      Memory: Page Cache Hit L3                                 0 / 0                 1 / 103               1 / 103               1 / 103         ops/s
[100.038s][info][gc,stats    ]      Memory: Page Cache Miss                                   0 / 0                 0 / 0                 0 / 0                 0 / 0           ops/s
[100.038s][info][gc,stats    ]      Memory: Uncommit                                          0 / 0                 0 / 0                 0 / 0                 0 / 0           MB/s
[100.038s][info][gc,stats    ]      Memory: Undo Object Allocation Failed                     0 / 0                 0 / 0                 0 / 0                 0 / 0           ops/s
[100.038s][info][gc,stats    ]      Memory: Undo Object Allocation Succeeded                  0 / 0                 0 / 2                 0 / 2                 0 / 2           ops/s
[100.038s][info][gc,stats    ]      Memory: Undo Page Allocation                              0 / 0                 0 / 0                 0 / 0                 0 / 0           ops/s
[100.038s][info][gc,stats    ]       Phase: Concurrent Mark                              35.722 / 45.028       40.544 / 106.230      40.544 / 106.230      40.544 / 106.230     ms
[100.038s][info][gc,stats    ]       Phase: Concurrent Mark Continue                      0.000 / 0.000         0.000 / 0.000         0.000 / 0.000         0.000 / 0.000       ms
[100.038s][info][gc,stats    ]       Phase: Concurrent Process Non-Strong References      1.620 / 1.881         1.651 / 3.379         1.651 / 3.379         1.651 / 3.379       ms
[100.038s][info][gc,stats    ]       Phase: Concurrent Relocate                          15.367 / 39.337       16.082 / 40.994       16.082 / 40.994       16.082 / 40.994      ms
[100.038s][info][gc,stats    ]       Phase: Concurrent Reset Relocation Set               0.396 / 1.304         0.457 / 1.503         0.457 / 1.503         0.457 / 1.503       ms
[100.038s][info][gc,stats    ]       Phase: Concurrent Select Relocation Set              2.997 / 6.159         3.370 / 7.978         3.370 / 7.978         3.370 / 7.978       ms
[100.038s][info][gc,stats    ]       Phase: Pause Mark End                                0.249 / 0.310         0.266 / 0.459         0.266 / 0.459         0.266 / 0.459       ms
[100.038s][info][gc,stats    ]       Phase: Pause Mark Start                              0.066 / 0.102         0.071 / 0.289         0.071 / 0.289         0.071 / 0.289       ms
[100.038s][info][gc,stats    ]       Phase: Pause Relocate Start                          0.067 / 0.097         0.072 / 0.152         0.072 / 0.152         0.072 / 0.152       ms
[100.038s][info][gc,stats    ]    Subphase: Concurrent Classes Purge                      0.097 / 0.128         0.090 / 0.200         0.090 / 0.200         0.090 / 0.200       ms
[100.038s][info][gc,stats    ]    Subphase: Concurrent Classes Unlink                     1.204 / 1.432         1.220 / 2.988         1.220 / 2.988         1.220 / 2.988       ms
[100.038s][info][gc,stats    ]    Subphase: Concurrent Mark                              35.594 / 44.889       40.407 / 106.127      40.407 / 106.127      40.407 / 106.127     ms
[100.038s][info][gc,stats    ]    Subphase: Concurrent Mark Idle                          0.000 / 0.000         0.000 / 0.000         0.000 / 0.000         0.000 / 0.000       ms
[100.038s][info][gc,stats    ]    Subphase: Concurrent Mark Try Flush                     0.071 / 0.116         0.069 / 0.160         0.069 / 0.160         0.069 / 0.160       ms
[100.038s][info][gc,stats    ]    Subphase: Concurrent Mark Try Terminate                 0.032 / 0.094         0.031 / 0.107         0.031 / 0.107         0.031 / 0.107       ms
[100.038s][info][gc,stats    ]    Subphase: Concurrent References Enqueue                 0.000 / 0.001         0.000 / 0.002         0.000 / 0.002         0.000 / 0.002       ms
[100.038s][info][gc,stats    ]    Subphase: Concurrent References Process                 0.062 / 0.083         0.058 / 0.131         0.058 / 0.131         0.058 / 0.131       ms
[100.038s][info][gc,stats    ]    Subphase: Concurrent Roots                              0.042 / 0.054         0.051 / 0.196         0.051 / 0.196         0.051 / 0.196       ms
[100.038s][info][gc,stats    ]    Subphase: Concurrent Roots ClassLoaderDataGraph         0.037 / 0.049         0.046 / 0.184         0.046 / 0.184         0.046 / 0.184       ms
[100.038s][info][gc,phases   ] GC(186) Pause Mark Start 0.051ms
[100.038s][info][gc,stats    ]    Subphase: Concurrent Roots JNIHandles                   0.002 / 0.003         0.002 / 0.009         0.002 / 0.009         0.002 / 0.009       ms
[100.038s][info][gc,stats    ]    Subphase: Concurrent Roots Setup                        0.003 / 0.005         0.003 / 0.008         0.003 / 0.008         0.003 / 0.008       ms
[100.038s][info][gc,stats    ]    Subphase: Concurrent Roots Teardown                     0.000 / 0.000         0.000 / 0.000         0.000 / 0.000         0.000 / 0.000       ms
[100.038s][info][gc,stats    ]    Subphase: Concurrent Roots VMHandles                    0.002 / 0.002         0.002 / 0.007         0.002 / 0.007         0.002 / 0.007       ms
[100.038s][info][gc,stats    ]    Subphase: Concurrent Weak Roots                         0.146 / 0.156         0.176 / 0.433         0.176 / 0.433         0.176 / 0.433       ms
[100.038s][info][gc,stats    ]    Subphase: Concurrent Weak Roots JNIWeakHandles          0.000 / 0.001         0.000 / 0.001         0.000 / 0.001         0.000 / 0.001       ms
[100.038s][info][gc,stats    ]    Subphase: Concurrent Weak Roots ResolvedMethodTable     0.005 / 0.006         0.006 / 0.018         0.006 / 0.018         0.006 / 0.018       ms
[100.038s][info][gc,stats    ]    Subphase: Concurrent Weak Roots StringTable             0.137 / 0.147         0.166 / 0.416         0.166 / 0.416         0.166 / 0.416       ms
[100.038s][info][gc,stats    ]    Subphase: Concurrent Weak Roots VMWeakHandles           0.002 / 0.003         0.002 / 0.010         0.002 / 0.010         0.002 / 0.010       ms
[100.038s][info][gc,stats    ]    Subphase: Pause Mark Try Complete                       0.136 / 0.154         0.152 / 0.348         0.152 / 0.348         0.152 / 0.348       ms
[100.038s][info][gc,stats    ]    Subphase: Pause Roots                                   0.012 / 0.049         0.013 / 0.246         0.013 / 0.246         0.013 / 0.246       ms
[100.038s][info][gc,stats    ]    Subphase: Pause Roots CodeCache                         0.000 / 0.000         0.000 / 0.000         0.000 / 0.000         0.000 / 0.000       ms
[100.038s][info][gc,stats    ]    Subphase: Pause Roots JVMTIExport                       0.001 / 0.002         0.001 / 0.004         0.001 / 0.004         0.001 / 0.004       ms
[100.038s][info][gc,stats    ]    Subphase: Pause Roots JVMTIWeakExport                   0.001 / 0.001         0.001 / 0.003         0.001 / 0.003         0.001 / 0.003       ms
[100.038s][info][gc,stats    ]    Subphase: Pause Roots Java Threads                      0.019 / 0.047         0.019 / 0.246         0.019 / 0.246         0.019 / 0.246       ms
[100.038s][info][gc,stats    ]    Subphase: Pause Roots Management                        0.001 / 0.003         0.001 / 0.004         0.001 / 0.004         0.001 / 0.004       ms
[100.038s][info][gc,stats    ]    Subphase: Pause Roots ObjectSynchronizer                0.000 / 0.001         0.000 / 0.022         0.000 / 0.022         0.000 / 0.022       ms
[100.038s][info][gc,stats    ]    Subphase: Pause Roots Setup                             0.000 / 0.001         0.000 / 0.002         0.000 / 0.002         0.000 / 0.002       ms
[100.038s][info][gc,stats    ]    Subphase: Pause Roots Teardown                          0.000 / 0.001         0.000 / 0.002         0.000 / 0.002         0.000 / 0.002       ms
[100.038s][info][gc,stats    ]    Subphase: Pause Roots Universe                          0.001 / 0.003         0.001 / 0.015         0.001 / 0.015         0.001 / 0.015       ms
[100.038s][info][gc,stats    ]    Subphase: Pause Roots VM Thread                         0.001 / 0.002         0.001 / 0.003         0.001 / 0.003         0.001 / 0.003       ms
[100.038s][info][gc,stats    ]    Subphase: Pause Weak Roots                              0.003 / 0.017         0.003 / 0.086         0.003 / 0.086         0.003 / 0.086       ms
[100.038s][info][gc,stats    ]    Subphase: Pause Weak Roots JFRWeak                      0.012 / 0.016         0.013 / 0.082         0.013 / 0.082         0.013 / 0.082       ms
[100.039s][info][gc,stats    ]    Subphase: Pause Weak Roots JVMTIWeakExport              0.001 / 0.001         0.001 / 0.006         0.001 / 0.006         0.001 / 0.006       ms
[100.039s][info][gc,stats    ]    Subphase: Pause Weak Roots Setup                        0.000 / 0.000         0.000 / 0.001         0.000 / 0.001         0.000 / 0.001       ms
[100.039s][info][gc,stats    ]    Subphase: Pause Weak Roots Teardown                     0.000 / 0.000         0.000 / 0.000         0.000 / 0.000         0.000 / 0.000       ms
[100.039s][info][gc,stats    ]      System: Java Threads                                     14 / 14               14 / 15               14 / 15               14 / 15          threads
[100.039s][info][gc,stats    ] =========================================================================================================================================================
[100.067s][info][gc,phases   ] GC(186) Concurrent Mark 28.296ms
[100.067s][info][gc,phases   ] GC(186) Pause Mark End 0.191ms
[100.068s][info][gc,phases   ] GC(186) Concurrent Process Non-Strong References 1.439ms
[100.069s][info][gc,phases   ] GC(186) Concurrent Reset Relocation Set 0.020ms
[100.070s][info][gc,phases   ] GC(186) Concurrent Select Relocation Set 1.447ms
[100.070s][info][gc,phases   ] GC(186) Pause Relocate Start 0.105ms
[100.071s][info][gc,phases   ] GC(186) Concurrent Relocate 0.525ms
[100.071s][info][gc,load     ] GC(186) Load: 0.00/0.00/0.00
[100.071s][info][gc,mmu      ] GC(186) MMU: 2ms/77.0%, 5ms/89.5%, 10ms/94.4%, 20ms/97.2%, 50ms/98.7%, 100ms/99.4%
[100.071s][info][gc,marking  ] GC(186) Mark: 1 stripe(s), 2 proactive flush(es), 1 terminate flush(es), 1 completion(s), 0 continuation(s) 
[100.071s][info][gc,nmethod  ] GC(186) NMethods: 1474 registered, 0 unregistered
[100.071s][info][gc,metaspace] GC(186) Metaspace: 4M used, 4M capacity, 4M committed, 1032M reserved
[100.071s][info][gc,ref      ] GC(186) Soft: 261 encountered, 0 discovered, 0 enqueued
[100.071s][info][gc,ref      ] GC(186) Weak: 280 encountered, 229 discovered, 0 enqueued
[100.071s][info][gc,ref      ] GC(186) Final: 1 encountered, 0 discovered, 0 enqueued
[100.071s][info][gc,ref      ] GC(186) Phantom: 39 encountered, 30 discovered, 0 enqueued
[100.071s][info][gc,reloc    ] GC(186) Small Pages: 1454 / 2908M(100%), Empty: 2858M(98%), Compacting: 8M(0%)->2M(0%)
[100.071s][info][gc,reloc    ] GC(186) Medium Pages: 0 / 0M(0%), Empty: 0M(0%), Compacting: 0M(0%)->0M(0%)
[100.071s][info][gc,reloc    ] GC(186) Large Pages: 1 / 8M(0%), Empty: 0M(0%), Compacting: 0M(0%)->0M(0%)
[100.071s][info][gc,reloc    ] GC(186) Relocation: Successful
[100.071s][info][gc,heap     ] GC(186) Min Capacity: 42M(1%)
[100.071s][info][gc,heap     ] GC(186) Max Capacity: 4060M(100%)
[100.071s][info][gc,heap     ] GC(186) Soft Max Capacity: 4060M(100%)
[100.071s][info][gc,heap     ] GC(186)                Mark Start          Mark End        Relocate Start      Relocate End           High               Low         
[100.071s][info][gc,heap     ] GC(186)  Capacity:     3174M (78%)        3174M (78%)        3174M (78%)        3174M (78%)        3174M (78%)        3174M (78%)    
[100.071s][info][gc,heap     ] GC(186)   Reserve:       42M (1%)           42M (1%)           42M (1%)           42M (1%)           42M (1%)           42M (1%)     
[100.071s][info][gc,heap     ] GC(186)      Free:     1102M (27%)         966M (24%)        3812M (94%)        3812M (94%)        3818M (94%)         960M (24%)    
[100.071s][info][gc,heap     ] GC(186)      Used:     2916M (72%)        3052M (75%)         206M (5%)          206M (5%)         3058M (75%)         200M (5%)     
[100.071s][info][gc,heap     ] GC(186)      Live:         -                45M (1%)           45M (1%)           45M (1%)             -                  -          
[100.071s][info][gc,heap     ] GC(186) Allocated:         -               136M (3%)          148M (4%)          156M (4%)             -                  -          
[100.071s][info][gc,heap     ] GC(186)   Garbage:         -              2870M (71%)          12M (0%)           10M (0%)             -                  -          
[100.071s][info][gc,heap     ] GC(186) Reclaimed:         -                  -              2858M (70%)        2860M (70%)            -                  -          
[100.071s][info][gc          ] GC(186) Garbage Collection (Allocation Rate) 2916M(72%)->206M(5%)
[100.639s][info][gc,start    ] GC(187) Garbage Collection (Allocation Rate)
[100.639s][info][gc,phases   ] GC(187) Pause Mark Start 0.062ms
[100.677s][info][gc,phases   ] GC(187) Concurrent Mark 38.084ms
[100.677s][info][gc,phases   ] GC(187) Pause Mark End 0.233ms
[100.679s][info][gc,phases   ] GC(187) Concurrent Process Non-Strong References 1.438ms
[100.679s][info][gc,phases   ] GC(187) Concurrent Reset Relocation Set 0.018ms
[100.682s][info][gc,phases   ] GC(187) Concurrent Select Relocation Set 2.869ms
[100.682s][info][gc,phases   ] GC(187) Pause Relocate Start 0.047ms
[100.709s][info][gc,phases   ] GC(187) Concurrent Relocate 26.561ms
[100.709s][info][gc,load     ] GC(187) Load: 0.00/0.00/0.00
[100.709s][info][gc,mmu      ] GC(187) MMU: 2ms/77.0%, 5ms/89.5%, 10ms/94.4%, 20ms/97.2%, 50ms/98.7%, 100ms/99.4%
[100.709s][info][gc,marking  ] GC(187) Mark: 1 stripe(s), 2 proactive flush(es), 1 terminate flush(es), 1 completion(s), 0 continuation(s) 
[100.709s][info][gc,nmethod  ] GC(187) NMethods: 1474 registered, 0 unregistered
[100.709s][info][gc,metaspace] GC(187) Metaspace: 4M used, 4M capacity, 4M committed, 1032M reserved
[100.709s][info][gc,ref      ] GC(187) Soft: 261 encountered, 0 discovered, 0 enqueued
[100.709s][info][gc,ref      ] GC(187) Weak: 280 encountered, 229 discovered, 0 enqueued
[100.709s][info][gc,ref      ] GC(187) Final: 1 encountered, 0 discovered, 0 enqueued
[100.709s][info][gc,ref      ] GC(187) Phantom: 39 encountered, 30 discovered, 0 enqueued
[100.709s][info][gc,reloc    ] GC(187) Small Pages: 1420 / 2840M(100%), Empty: 2690M(94%), Compacting: 140M(5%)->46M(2%)
[100.709s][info][gc,reloc    ] GC(187) Medium Pages: 0 / 0M(0%), Empty: 0M(0%), Compacting: 0M(0%)->0M(0%)
[100.709s][info][gc,reloc    ] GC(187) Large Pages: 1 / 8M(0%), Empty: 0M(0%), Compacting: 0M(0%)->0M(0%)
[100.709s][info][gc,reloc    ] GC(187) Relocation: Successful
[100.709s][info][gc,heap     ] GC(187) Min Capacity: 42M(1%)
[100.709s][info][gc,heap     ] GC(187) Max Capacity: 4060M(100%)
[100.709s][info][gc,heap     ] GC(187) Soft Max Capacity: 4060M(100%)
[100.709s][info][gc,heap     ] GC(187)                Mark Start          Mark End        Relocate Start      Relocate End           High               Low         
[100.709s][info][gc,heap     ] GC(187)  Capacity:     3174M (78%)        3174M (78%)        3174M (78%)        3174M (78%)        3174M (78%)        3174M (78%)    
[100.709s][info][gc,heap     ] GC(187)   Reserve:       42M (1%)           42M (1%)           42M (1%)           42M (1%)           42M (1%)           42M (1%)     
[100.709s][info][gc,heap     ] GC(187)      Free:     1170M (29%)         990M (24%)        3658M (90%)        3626M (89%)        3672M (90%)         982M (24%)    
[100.709s][info][gc,heap     ] GC(187)      Used:     2848M (70%)        3028M (75%)         360M (9%)          392M (10%)        3036M (75%)         346M (9%)     
[100.709s][info][gc,heap     ] GC(187)      Live:         -                56M (1%)           56M (1%)           56M (1%)             -                  -          
[100.709s][info][gc,heap     ] GC(187) Allocated:         -               180M (4%)          202M (5%)          374M (9%)             -                  -          
[100.709s][info][gc,heap     ] GC(187)   Garbage:         -              2791M (69%)         101M (3%)            7M (0%)             -                  -          
[100.709s][info][gc,heap     ] GC(187) Reclaimed:         -                  -              2690M (66%)        2784M (69%)            -                  -          
[100.709s][info][gc          ] GC(187) Garbage Collection (Allocation Rate) 2848M(70%)->392M(10%)
[101.138s][info][gc,start    ] GC(188) Garbage Collection (Allocation Rate)
[101.138s][info][gc,phases   ] GC(188) Pause Mark Start 0.067ms
[101.176s][info][gc,phases   ] GC(188) Concurrent Mark 37.251ms
[101.176s][info][gc,phases   ] GC(188) Pause Mark End 0.214ms
[101.178s][info][gc,phases   ] GC(188) Concurrent Process Non-Strong References 1.662ms
[101.179s][info][gc,phases   ] GC(188) Concurrent Reset Relocation Set 1.020ms
[101.184s][info][gc,phases   ] GC(188) Concurrent Select Relocation Set 5.375ms
[101.185s][info][gc,phases   ] GC(188) Pause Relocate Start 0.064ms
[101.218s][info][gc,phases   ] GC(188) Concurrent Relocate 33.068ms
[101.218s][info][gc,load     ] GC(188) Load: 0.00/0.00/0.00
[101.218s][info][gc,mmu      ] GC(188) MMU: 2ms/77.0%, 5ms/89.5%, 10ms/94.4%, 20ms/97.2%, 50ms/98.7%, 100ms/99.4%
[101.218s][info][gc,marking  ] GC(188) Mark: 1 stripe(s), 2 proactive flush(es), 1 terminate flush(es), 1 completion(s), 0 continuation(s) 
[101.218s][info][gc,nmethod  ] GC(188) NMethods: 1474 registered, 0 unregistered
[101.218s][info][gc,metaspace] GC(188) Metaspace: 4M used, 4M capacity, 4M committed, 1032M reserved
[101.218s][info][gc,ref      ] GC(188) Soft: 261 encountered, 0 discovered, 0 enqueued
[101.218s][info][gc,ref      ] GC(188) Weak: 280 encountered, 229 discovered, 0 enqueued
[101.218s][info][gc,ref      ] GC(188) Final: 1 encountered, 0 discovered, 0 enqueued
[101.218s][info][gc,ref      ] GC(188) Phantom: 39 encountered, 30 discovered, 0 enqueued
[101.218s][info][gc,reloc    ] GC(188) Small Pages: 1212 / 2424M(100%), Empty: 2264M(93%), Compacting: 156M(6%)->56M(2%)
[101.218s][info][gc,reloc    ] GC(188) Medium Pages: 0 / 0M(0%), Empty: 0M(0%), Compacting: 0M(0%)->0M(0%)
[101.218s][info][gc,reloc    ] GC(188) Large Pages: 1 / 8M(0%), Empty: 0M(0%), Compacting: 0M(0%)->0M(0%)
[101.218s][info][gc,reloc    ] GC(188) Relocation: Successful
[101.218s][info][gc,heap     ] GC(188) Min Capacity: 42M(1%)
[101.218s][info][gc,heap     ] GC(188) Max Capacity: 4060M(100%)
[101.218s][info][gc,heap     ] GC(188) Soft Max Capacity: 4060M(100%)
[101.218s][info][gc,heap     ] GC(188)                Mark Start          Mark End        Relocate Start      Relocate End           High               Low         
[101.218s][info][gc,heap     ] GC(188)  Capacity:     3174M (78%)        3174M (78%)        3174M (78%)        3174M (78%)        3174M (78%)        3174M (78%)    
[101.218s][info][gc,heap     ] GC(188)   Reserve:       42M (1%)           42M (1%)           42M (1%)           42M (1%)           42M (1%)           42M (1%)     
[101.218s][info][gc,heap     ] GC(188)      Free:     1586M (39%)        1410M (35%)        3636M (90%)        3582M (88%)        3662M (90%)        1398M (34%)    
[101.218s][info][gc,heap     ] GC(188)      Used:     2432M (60%)        2608M (64%)         382M (9%)          436M (11%)        2620M (65%)         356M (9%)     
[101.218s][info][gc,heap     ] GC(188)      Live:         -                60M (1%)           60M (1%)           60M (1%)             -                  -          
[101.218s][info][gc,heap     ] GC(188) Allocated:         -               176M (4%)          214M (5%)          424M (10%)            -                  -          
[101.218s][info][gc,heap     ] GC(188)   Garbage:         -              2371M (58%)         107M (3%)            3M (0%)             -                  -          
[101.218s][info][gc,heap     ] GC(188) Reclaimed:         -                  -              2264M (56%)        2368M (58%)            -                  -          
[101.218s][info][gc          ] GC(188) Garbage Collection (Allocation Rate) 2432M(60%)->436M(11%)
[101.637s][info][gc,start    ] GC(189) Garbage Collection (Allocation Rate)
[101.638s][info][gc,phases   ] GC(189) Pause Mark Start 0.074ms
[101.670s][info][gc,phases   ] GC(189) Concurrent Mark 32.173ms
[101.670s][info][gc,phases   ] GC(189) Pause Mark End 0.235ms
[101.672s][info][gc,phases   ] GC(189) Concurrent Process Non-Strong References 1.682ms
[101.673s][info][gc,phases   ] GC(189) Concurrent Reset Relocation Set 0.984ms
[101.677s][info][gc,phases   ] GC(189) Concurrent Select Relocation Set 3.996ms
[101.677s][info][gc,phases   ] GC(189) Pause Relocate Start 0.068ms
[101.691s][info][gc,phases   ] GC(189) Concurrent Relocate 13.615ms
[101.691s][info][gc,load     ] GC(189) Load: 0.00/0.00/0.00
[101.691s][info][gc,mmu      ] GC(189) MMU: 2ms/77.0%, 5ms/89.5%, 10ms/94.4%, 20ms/97.2%, 50ms/98.7%, 100ms/99.4%
[101.691s][info][gc,marking  ] GC(189) Mark: 1 stripe(s), 2 proactive flush(es), 1 terminate flush(es), 1 completion(s), 0 continuation(s) 
[101.691s][info][gc,nmethod  ] GC(189) NMethods: 1474 registered, 0 unregistered
[101.691s][info][gc,metaspace] GC(189) Metaspace: 4M used, 4M capacity, 4M committed, 1032M reserved
[101.691s][info][gc,ref      ] GC(189) Soft: 261 encountered, 0 discovered, 0 enqueued
[101.691s][info][gc,ref      ] GC(189) Weak: 280 encountered, 229 discovered, 0 enqueued
[101.691s][info][gc,ref      ] GC(189) Final: 1 encountered, 0 discovered, 0 enqueued
[101.691s][info][gc,ref      ] GC(189) Phantom: 39 encountered, 30 discovered, 0 enqueued
[101.691s][info][gc,reloc    ] GC(189) Small Pages: 1225 / 2450M(100%), Empty: 2350M(96%), Compacting: 78M(3%)->24M(1%)
[101.691s][info][gc,reloc    ] GC(189) Medium Pages: 0 / 0M(0%), Empty: 0M(0%), Compacting: 0M(0%)->0M(0%)
[101.691s][info][gc,reloc    ] GC(189) Large Pages: 1 / 8M(0%), Empty: 0M(0%), Compacting: 0M(0%)->0M(0%)
[101.691s][info][gc,reloc    ] GC(189) Relocation: Successful
[101.691s][info][gc,heap     ] GC(189) Min Capacity: 42M(1%)
[101.691s][info][gc,heap     ] GC(189) Max Capacity: 4060M(100%)
[101.691s][info][gc,heap     ] GC(189) Soft Max Capacity: 4060M(100%)
[101.691s][info][gc,heap     ] GC(189)                Mark Start          Mark End        Relocate Start      Relocate End           High               Low         
[101.691s][info][gc,heap     ] GC(189)  Capacity:     3174M (78%)        3174M (78%)        3174M (78%)        3174M (78%)        3174M (78%)        3174M (78%)    
[101.691s][info][gc,heap     ] GC(189)   Reserve:       42M (1%)           42M (1%)           42M (1%)           42M (1%)           42M (1%)           42M (1%)     
[101.691s][info][gc,heap     ] GC(189)      Free:     1560M (38%)        1408M (35%)        3726M (92%)        3716M (92%)        3744M (92%)        1396M (34%)    
[101.691s][info][gc,heap     ] GC(189)      Used:     2458M (61%)        2610M (64%)         292M (7%)          302M (7%)         2622M (65%)         274M (7%)     
[101.691s][info][gc,heap     ] GC(189)      Live:         -                47M (1%)           47M (1%)           47M (1%)             -                  -          
[101.691s][info][gc,heap     ] GC(189) Allocated:         -               152M (4%)          184M (5%)          272M (7%)             -                  -          
[101.691s][info][gc,heap     ] GC(189)   Garbage:         -              2410M (59%)          60M (1%)            6M (0%)             -                  -          
[101.691s][info][gc,heap     ] GC(189) Reclaimed:         -                  -              2350M (58%)        2404M (59%)            -                  -          
[101.691s][info][gc          ] GC(189) Garbage Collection (Allocation Rate) 2458M(61%)->302M(7%)
[102.138s][info][gc,start    ] GC(190) Garbage Collection (Allocation Rate)
[102.138s][info][gc,phases   ] GC(190) Pause Mark Start 0.098ms
[102.176s][info][gc,phases   ] GC(190) Concurrent Mark 37.943ms
[102.177s][info][gc,phases   ] GC(190) Pause Mark End 0.272ms
[102.179s][info][gc,phases   ] GC(190) Concurrent Process Non-Strong References 1.669ms
[102.179s][info][gc,phases   ] GC(190) Concurrent Reset Relocation Set 0.971ms
[102.182s][info][gc,phases   ] GC(190) Concurrent Select Relocation Set 2.082ms
[102.182s][info][gc,phases   ] GC(190) Pause Relocate Start 0.111ms
[102.182s][info][gc,phases   ] GC(190) Concurrent Relocate 0.382ms
[102.182s][info][gc,load     ] GC(190) Load: 0.00/0.00/0.00
[102.182s][info][gc,mmu      ] GC(190) MMU: 2ms/77.0%, 5ms/89.5%, 10ms/94.4%, 20ms/97.2%, 50ms/98.7%, 100ms/99.4%
[102.182s][info][gc,marking  ] GC(190) Mark: 1 stripe(s), 2 proactive flush(es), 1 terminate flush(es), 1 completion(s), 0 continuation(s) 
[102.182s][info][gc,nmethod  ] GC(190) NMethods: 1474 registered, 0 unregistered
[102.182s][info][gc,metaspace] GC(190) Metaspace: 4M used, 4M capacity, 4M committed, 1032M reserved
[102.182s][info][gc,ref      ] GC(190) Soft: 261 encountered, 0 discovered, 0 enqueued
[102.182s][info][gc,ref      ] GC(190) Weak: 280 encountered, 229 discovered, 0 enqueued
[102.182s][info][gc,ref      ] GC(190) Final: 1 encountered, 0 discovered, 0 enqueued
[102.182s][info][gc,ref      ] GC(190) Phantom: 39 encountered, 30 discovered, 0 enqueued
[102.183s][info][gc,reloc    ] GC(190) Small Pages: 1220 / 2440M(100%), Empty: 2374M(97%), Compacting: 8M(0%)->2M(0%)
[102.183s][info][gc,reloc    ] GC(190) Medium Pages: 0 / 0M(0%), Empty: 0M(0%), Compacting: 0M(0%)->0M(0%)
[102.183s][info][gc,reloc    ] GC(190) Large Pages: 1 / 8M(0%), Empty: 0M(0%), Compacting: 0M(0%)->0M(0%)
[102.183s][info][gc,reloc    ] GC(190) Relocation: Successful
[102.183s][info][gc,heap     ] GC(190) Min Capacity: 42M(1%)
[102.183s][info][gc,heap     ] GC(190) Max Capacity: 4060M(100%)
[102.183s][info][gc,heap     ] GC(190) Soft Max Capacity: 4060M(100%)
[102.183s][info][gc,heap     ] GC(190)                Mark Start          Mark End        Relocate Start      Relocate End           High               Low         
[102.183s][info][gc,heap     ] GC(190)  Capacity:     3174M (78%)        3174M (78%)        3174M (78%)        3174M (78%)        3174M (78%)        3174M (78%)    
[102.183s][info][gc,heap     ] GC(190)   Reserve:       42M (1%)           42M (1%)           42M (1%)           42M (1%)           42M (1%)           42M (1%)     
[102.183s][info][gc,heap     ] GC(190)      Free:     1570M (39%)        1400M (34%)        3752M (92%)        3750M (92%)        3760M (93%)        1388M (34%)    
[102.183s][info][gc,heap     ] GC(190)      Used:     2448M (60%)        2618M (64%)         266M (7%)          268M (7%)         2630M (65%)         258M (6%)     
[102.183s][info][gc,heap     ] GC(190)      Live:         -                58M (1%)           58M (1%)           58M (1%)             -                  -          
[102.183s][info][gc,heap     ] GC(190) Allocated:         -               170M (4%)          192M (5%)          202M (5%)             -                  -          
[102.183s][info][gc,heap     ] GC(190)   Garbage:         -              2389M (59%)          15M (0%)           15M (0%)             -                  -          
[102.183s][info][gc,heap     ] GC(190) Reclaimed:         -                  -              2374M (58%)        2374M (58%)            -                  -          
[102.183s][info][gc          ] GC(190) Garbage Collection (Allocation Rate) 2448M(60%)->268M(7%)
[102.638s][info][gc,start    ] GC(191) Garbage Collection (Allocation Rate)
[102.638s][info][gc,phases   ] GC(191) Pause Mark Start 0.064ms
[102.679s][info][gc,phases   ] GC(191) Concurrent Mark 40.446ms
[102.679s][info][gc,phases   ] GC(191) Pause Mark End 0.200ms
[102.681s][info][gc,phases   ] GC(191) Concurrent Process Non-Strong References 1.534ms
[102.681s][info][gc,phases   ] GC(191) Concurrent Reset Relocation Set 0.021ms
[102.683s][info][gc,phases   ] GC(191) Concurrent Select Relocation Set 2.037ms
[102.683s][info][gc,phases   ] GC(191) Pause Relocate Start 0.064ms
[102.688s][info][gc,phases   ] GC(191) Concurrent Relocate 4.756ms
[102.688s][info][gc,load     ] GC(191) Load: 0.00/0.00/0.00
[102.688s][info][gc,mmu      ] GC(191) MMU: 2ms/77.0%, 5ms/89.5%, 10ms/94.4%, 20ms/97.2%, 50ms/98.7%, 100ms/99.4%
[102.688s][info][gc,marking  ] GC(191) Mark: 1 stripe(s), 2 proactive flush(es), 1 terminate flush(es), 1 completion(s), 0 continuation(s) 
[102.688s][info][gc,nmethod  ] GC(191) NMethods: 1474 registered, 0 unregistered
[102.688s][info][gc,metaspace] GC(191) Metaspace: 4M used, 4M capacity, 4M committed, 1032M reserved
[102.688s][info][gc,ref      ] GC(191) Soft: 261 encountered, 0 discovered, 0 enqueued
[102.688s][info][gc,ref      ] GC(191) Weak: 280 encountered, 229 discovered, 0 enqueued
[102.688s][info][gc,ref      ] GC(191) Final: 1 encountered, 0 discovered, 0 enqueued
[102.688s][info][gc,ref      ] GC(191) Phantom: 39 encountered, 30 discovered, 0 enqueued
[102.688s][info][gc,reloc    ] GC(191) Small Pages: 1226 / 2452M(100%), Empty: 2354M(96%), Compacting: 32M(1%)->8M(0%)
[102.688s][info][gc,reloc    ] GC(191) Medium Pages: 0 / 0M(0%), Empty: 0M(0%), Compacting: 0M(0%)->0M(0%)
[102.688s][info][gc,reloc    ] GC(191) Large Pages: 1 / 8M(0%), Empty: 0M(0%), Compacting: 0M(0%)->0M(0%)
[102.688s][info][gc,reloc    ] GC(191) Relocation: Successful
[102.688s][info][gc,heap     ] GC(191) Min Capacity: 42M(1%)
[102.688s][info][gc,heap     ] GC(191) Max Capacity: 4060M(100%)
[102.688s][info][gc,heap     ] GC(191) Soft Max Capacity: 4060M(100%)
[102.688s][info][gc,heap     ] GC(191)                Mark Start          Mark End        Relocate Start      Relocate End           High               Low         
[102.688s][info][gc,heap     ] GC(191)  Capacity:     3174M (78%)        3174M (78%)        3174M (78%)        3174M (78%)        3174M (78%)        3174M (78%)    
[102.688s][info][gc,heap     ] GC(191)   Reserve:       42M (1%)           42M (1%)           42M (1%)           42M (1%)           42M (1%)           42M (1%)     
[102.688s][info][gc,heap     ] GC(191)      Free:     1558M (38%)        1364M (34%)        3700M (91%)        3702M (91%)        3710M (91%)        1356M (33%)    
[102.688s][info][gc,heap     ] GC(191)      Used:     2460M (61%)        2654M (65%)         318M (8%)          316M (8%)         2662M (66%)         308M (8%)     
[102.688s][info][gc,heap     ] GC(191)      Live:         -                70M (2%)           70M (2%)           70M (2%)             -                  -          
[102.688s][info][gc,heap     ] GC(191) Allocated:         -               194M (5%)          212M (5%)          242M (6%)             -                  -          
[102.688s][info][gc,heap     ] GC(191)   Garbage:         -              2389M (59%)          35M (1%)           13M (0%)             -                  -          
[102.688s][info][gc,heap     ] GC(191) Reclaimed:         -                  -              2354M (58%)        2376M (59%)            -                  -          
[102.688s][info][gc          ] GC(191) Garbage Collection (Allocation Rate) 2460M(61%)->316M(8%)
[103.238s][info][gc,start    ] GC(192) Garbage Collection (Allocation Rate)
[103.238s][info][gc,phases   ] GC(192) Pause Mark Start 0.061ms
[103.283s][info][gc,phases   ] GC(192) Concurrent Mark 44.547ms
[103.283s][info][gc,phases   ] GC(192) Pause Mark End 0.255ms
[103.285s][info][gc,phases   ] GC(192) Concurrent Process Non-Strong References 1.645ms
[103.285s][info][gc,phases   ] GC(192) Concurrent Reset Relocation Set 0.018ms
[103.288s][info][gc,phases   ] GC(192) Concurrent Select Relocation Set 2.627ms
[103.288s][info][gc,phases   ] GC(192) Pause Relocate Start 0.055ms
[103.303s][info][gc,phases   ] GC(192) Concurrent Relocate 14.915ms
[103.303s][info][gc,load     ] GC(192) Load: 0.00/0.00/0.00
[103.303s][info][gc,mmu      ] GC(192) MMU: 2ms/77.0%, 5ms/89.5%, 10ms/94.4%, 20ms/97.2%, 50ms/98.7%, 100ms/99.4%
[103.303s][info][gc,marking  ] GC(192) Mark: 1 stripe(s), 2 proactive flush(es), 1 terminate flush(es), 1 completion(s), 0 continuation(s) 
[103.303s][info][gc,nmethod  ] GC(192) NMethods: 1474 registered, 0 unregistered
[103.303s][info][gc,metaspace] GC(192) Metaspace: 4M used, 4M capacity, 4M committed, 1032M reserved
[103.303s][info][gc,ref      ] GC(192) Soft: 261 encountered, 0 discovered, 0 enqueued
[103.303s][info][gc,ref      ] GC(192) Weak: 280 encountered, 229 discovered, 0 enqueued
[103.303s][info][gc,ref      ] GC(192) Final: 1 encountered, 0 discovered, 0 enqueued
[103.303s][info][gc,ref      ] GC(192) Phantom: 39 encountered, 30 discovered, 0 enqueued
[103.303s][info][gc,reloc    ] GC(192) Small Pages: 1477 / 2954M(100%), Empty: 2846M(96%), Compacting: 50M(2%)->26M(1%)
[103.303s][info][gc,reloc    ] GC(192) Medium Pages: 0 / 0M(0%), Empty: 0M(0%), Compacting: 0M(0%)->0M(0%)
[103.303s][info][gc,reloc    ] GC(192) Large Pages: 1 / 8M(0%), Empty: 0M(0%), Compacting: 0M(0%)->0M(0%)
[103.303s][info][gc,reloc    ] GC(192) Relocation: Successful
[103.303s][info][gc,heap     ] GC(192) Min Capacity: 42M(1%)
[103.303s][info][gc,heap     ] GC(192) Max Capacity: 4060M(100%)
[103.303s][info][gc,heap     ] GC(192) Soft Max Capacity: 4060M(100%)
[103.303s][info][gc,heap     ] GC(192)                Mark Start          Mark End        Relocate Start      Relocate End           High               Low         
[103.303s][info][gc,heap     ] GC(192)  Capacity:     3174M (78%)        3182M (78%)        3186M (78%)        3186M (78%)        3186M (78%)        3174M (78%)    
[103.303s][info][gc,heap     ] GC(192)   Reserve:       42M (1%)           42M (1%)           42M (1%)           42M (1%)           42M (1%)           42M (1%)     
[103.303s][info][gc,heap     ] GC(192)      Free:     1056M (26%)         878M (22%)        3708M (91%)        3658M (90%)        3720M (92%)         874M (22%)    
[103.303s][info][gc,heap     ] GC(192)      Used:     2962M (73%)        3140M (77%)         310M (8%)          360M (9%)         3144M (77%)         298M (7%)     
[103.303s][info][gc,heap     ] GC(192)      Live:         -                79M (2%)           79M (2%)           79M (2%)             -                  -          
[103.303s][info][gc,heap     ] GC(192) Allocated:         -               178M (4%)          194M (5%)          294M (7%)             -                  -          
[103.303s][info][gc,heap     ] GC(192)   Garbage:         -              2882M (71%)          36M (1%)           16M (0%)             -                  -          
[103.303s][info][gc,heap     ] GC(192) Reclaimed:         -                  -              2846M (70%)        2866M (71%)            -                  -          
[103.303s][info][gc          ] GC(192) Garbage Collection (Allocation Rate) 2962M(73%)->360M(9%)
[103.738s][info][gc,start    ] GC(193) Garbage Collection (Allocation Rate)
[103.738s][info][gc,phases   ] GC(193) Pause Mark Start 0.100ms
[103.778s][info][gc,phases   ] GC(193) Concurrent Mark 39.927ms
[103.778s][info][gc,phases   ] GC(193) Pause Mark End 0.234ms
[103.780s][info][gc,phases   ] GC(193) Concurrent Process Non-Strong References 1.496ms
[103.780s][info][gc,phases   ] GC(193) Concurrent Reset Relocation Set 0.043ms
[103.782s][info][gc,phases   ] GC(193) Concurrent Select Relocation Set 1.660ms
[103.782s][info][gc,phases   ] GC(193) Pause Relocate Start 0.068ms
[103.788s][info][gc,phases   ] GC(193) Concurrent Relocate 5.822ms
[103.788s][info][gc,load     ] GC(193) Load: 0.00/0.00/0.00
[103.788s][info][gc,mmu      ] GC(193) MMU: 2ms/77.0%, 5ms/89.5%, 10ms/94.4%, 20ms/97.2%, 50ms/98.7%, 100ms/99.4%
[103.788s][info][gc,marking  ] GC(193) Mark: 1 stripe(s), 2 proactive flush(es), 1 terminate flush(es), 1 completion(s), 0 continuation(s) 
[103.788s][info][gc,nmethod  ] GC(193) NMethods: 1474 registered, 0 unregistered
[103.788s][info][gc,metaspace] GC(193) Metaspace: 4M used, 4M capacity, 4M committed, 1032M reserved
[103.788s][info][gc,ref      ] GC(193) Soft: 261 encountered, 0 discovered, 0 enqueued
[103.788s][info][gc,ref      ] GC(193) Weak: 280 encountered, 229 discovered, 0 enqueued
[103.788s][info][gc,ref      ] GC(193) Final: 1 encountered, 0 discovered, 0 enqueued
[103.788s][info][gc,ref      ] GC(193) Phantom: 39 encountered, 30 discovered, 0 enqueued
[103.788s][info][gc,reloc    ] GC(193) Small Pages: 1217 / 2434M(100%), Empty: 2336M(96%), Compacting: 36M(1%)->10M(0%)
[103.788s][info][gc,reloc    ] GC(193) Medium Pages: 0 / 0M(0%), Empty: 0M(0%), Compacting: 0M(0%)->0M(0%)
[103.788s][info][gc,reloc    ] GC(193) Large Pages: 1 / 8M(0%), Empty: 0M(0%), Compacting: 0M(0%)->0M(0%)
[103.788s][info][gc,reloc    ] GC(193) Relocation: Successful
[103.788s][info][gc,heap     ] GC(193) Min Capacity: 42M(1%)
[103.788s][info][gc,heap     ] GC(193) Max Capacity: 4060M(100%)
[103.788s][info][gc,heap     ] GC(193) Soft Max Capacity: 4060M(100%)
[103.788s][info][gc,heap     ] GC(193)                Mark Start          Mark End        Relocate Start      Relocate End           High               Low         
[103.788s][info][gc,heap     ] GC(193)  Capacity:     3186M (78%)        3186M (78%)        3186M (78%)        3186M (78%)        3186M (78%)        3186M (78%)    
[103.788s][info][gc,heap     ] GC(193)   Reserve:       42M (1%)           42M (1%)           42M (1%)           42M (1%)           42M (1%)           42M (1%)     
[103.788s][info][gc,heap     ] GC(193)      Free:     1576M (39%)        1384M (34%)        3710M (91%)        3706M (91%)        3716M (92%)        1378M (34%)    
[103.788s][info][gc,heap     ] GC(193)      Used:     2442M (60%)        2634M (65%)         308M (8%)          312M (8%)         2640M (65%)         302M (7%)     
[103.788s][info][gc,heap     ] GC(193)      Live:         -                69M (2%)           69M (2%)           69M (2%)             -                  -          
[103.788s][info][gc,heap     ] GC(193) Allocated:         -               192M (5%)          202M (5%)          242M (6%)             -                  -          
[103.788s][info][gc,heap     ] GC(193)   Garbage:         -              2372M (58%)          36M (1%)           16M (0%)             -                  -          
[103.788s][info][gc,heap     ] GC(193) Reclaimed:         -                  -              2336M (58%)        2356M (58%)            -                  -          
[103.788s][info][gc          ] GC(193) Garbage Collection (Allocation Rate) 2442M(60%)->312M(8%)
[104.338s][info][gc,start    ] GC(194) Garbage Collection (Allocation Rate)
[104.338s][info][gc,phases   ] GC(194) Pause Mark Start 0.042ms
[104.371s][info][gc,phases   ] GC(194) Concurrent Mark 33.063ms
[104.371s][info][gc,phases   ] GC(194) Pause Mark End 0.244ms
[104.373s][info][gc,phases   ] GC(194) Concurrent Process Non-Strong References 1.555ms
[104.373s][info][gc,phases   ] GC(194) Concurrent Reset Relocation Set 0.031ms
[104.375s][info][gc,phases   ] GC(194) Concurrent Select Relocation Set 1.547ms
[104.375s][info][gc,phases   ] GC(194) Pause Relocate Start 0.062ms
[104.375s][info][gc,phases   ] GC(194) Concurrent Relocate 0.387ms
[104.375s][info][gc,load     ] GC(194) Load: 0.00/0.00/0.00
[104.375s][info][gc,mmu      ] GC(194) MMU: 2ms/77.0%, 5ms/89.5%, 10ms/94.4%, 20ms/97.2%, 50ms/98.7%, 100ms/99.4%
[104.375s][info][gc,marking  ] GC(194) Mark: 1 stripe(s), 2 proactive flush(es), 1 terminate flush(es), 1 completion(s), 0 continuation(s) 
[104.375s][info][gc,nmethod  ] GC(194) NMethods: 1474 registered, 0 unregistered
[104.375s][info][gc,metaspace] GC(194) Metaspace: 4M used, 4M capacity, 4M committed, 1032M reserved
[104.375s][info][gc,ref      ] GC(194) Soft: 261 encountered, 0 discovered, 0 enqueued
[104.375s][info][gc,ref      ] GC(194) Weak: 280 encountered, 229 discovered, 0 enqueued
[104.375s][info][gc,ref      ] GC(194) Final: 1 encountered, 0 discovered, 0 enqueued
[104.375s][info][gc,ref      ] GC(194) Phantom: 39 encountered, 30 discovered, 0 enqueued
[104.375s][info][gc,reloc    ] GC(194) Small Pages: 1452 / 2904M(100%), Empty: 2842M(98%), Compacting: 10M(0%)->2M(0%)
[104.375s][info][gc,reloc    ] GC(194) Medium Pages: 0 / 0M(0%), Empty: 0M(0%), Compacting: 0M(0%)->0M(0%)
[104.375s][info][gc,reloc    ] GC(194) Large Pages: 1 / 8M(0%), Empty: 0M(0%), Compacting: 0M(0%)->0M(0%)
[104.375s][info][gc,reloc    ] GC(194) Relocation: Successful
[104.375s][info][gc,heap     ] GC(194) Min Capacity: 42M(1%)
[104.375s][info][gc,heap     ] GC(194) Max Capacity: 4060M(100%)
[104.375s][info][gc,heap     ] GC(194) Soft Max Capacity: 4060M(100%)
[104.375s][info][gc,heap     ] GC(194)                Mark Start          Mark End        Relocate Start      Relocate End           High               Low         
[104.375s][info][gc,heap     ] GC(194)  Capacity:     3186M (78%)        3186M (78%)        3186M (78%)        3186M (78%)        3186M (78%)        3186M (78%)    
[104.375s][info][gc,heap     ] GC(194)   Reserve:       42M (1%)           42M (1%)           42M (1%)           42M (1%)           42M (1%)           42M (1%)     
[104.375s][info][gc,heap     ] GC(194)      Free:     1106M (27%)         978M (24%)        3806M (94%)        3812M (94%)        3814M (94%)         972M (24%)    
[104.375s][info][gc,heap     ] GC(194)      Used:     2912M (72%)        3040M (75%)         212M (5%)          206M (5%)         3046M (75%)         204M (5%)     
[104.375s][info][gc,heap     ] GC(194)      Live:         -                53M (1%)           53M (1%)           53M (1%)             -                  -          
[104.375s][info][gc,heap     ] GC(194) Allocated:         -               128M (3%)          142M (3%)          146M (4%)             -                  -          
[104.375s][info][gc,heap     ] GC(194)   Garbage:         -              2858M (70%)          16M (0%)            8M (0%)             -                  -          
[104.375s][info][gc,heap     ] GC(194) Reclaimed:         -                  -              2842M (70%)        2850M (70%)            -                  -          
[104.375s][info][gc          ] GC(194) Garbage Collection (Allocation Rate) 2912M(72%)->206M(5%)
[104.938s][info][gc,start    ] GC(195) Garbage Collection (Allocation Rate)
[104.938s][info][gc,phases   ] GC(195) Pause Mark Start 0.062ms
[104.971s][info][gc,phases   ] GC(195) Concurrent Mark 33.001ms
[104.972s][info][gc,phases   ] GC(195) Pause Mark End 0.215ms
[104.973s][info][gc,phases   ] GC(195) Concurrent Process Non-Strong References 1.511ms
[104.973s][info][gc,phases   ] GC(195) Concurrent Reset Relocation Set 0.021ms
[104.975s][info][gc,phases   ] GC(195) Concurrent Select Relocation Set 1.776ms
[104.975s][info][gc,phases   ] GC(195) Pause Relocate Start 0.061ms
[104.990s][info][gc,phases   ] GC(195) Concurrent Relocate 14.446ms
[104.990s][info][gc,load     ] GC(195) Load: 0.00/0.00/0.00
[104.990s][info][gc,mmu      ] GC(195) MMU: 2ms/77.0%, 5ms/89.5%, 10ms/94.4%, 20ms/97.2%, 50ms/98.7%, 100ms/99.4%
[104.990s][info][gc,marking  ] GC(195) Mark: 1 stripe(s), 2 proactive flush(es), 1 terminate flush(es), 1 completion(s), 0 continuation(s) 
[104.990s][info][gc,nmethod  ] GC(195) NMethods: 1474 registered, 0 unregistered
[104.990s][info][gc,metaspace] GC(195) Metaspace: 4M used, 4M capacity, 4M committed, 1032M reserved
[104.990s][info][gc,ref      ] GC(195) Soft: 261 encountered, 0 discovered, 0 enqueued
[104.990s][info][gc,ref      ] GC(195) Weak: 280 encountered, 229 discovered, 0 enqueued
[104.990s][info][gc,ref      ] GC(195) Final: 1 encountered, 0 discovered, 0 enqueued
[104.990s][info][gc,ref      ] GC(195) Phantom: 39 encountered, 30 discovered, 0 enqueued
[104.990s][info][gc,reloc    ] GC(195) Small Pages: 1446 / 2892M(100%), Empty: 2812M(97%), Compacting: 50M(2%)->18M(1%)
[104.990s][info][gc,reloc    ] GC(195) Medium Pages: 0 / 0M(0%), Empty: 0M(0%), Compacting: 0M(0%)->0M(0%)
[104.990s][info][gc,reloc    ] GC(195) Large Pages: 1 / 8M(0%), Empty: 0M(0%), Compacting: 0M(0%)->0M(0%)
[104.990s][info][gc,reloc    ] GC(195) Relocation: Successful
[104.990s][info][gc,heap     ] GC(195) Min Capacity: 42M(1%)
[104.990s][info][gc,heap     ] GC(195) Max Capacity: 4060M(100%)
[104.990s][info][gc,heap     ] GC(195) Soft Max Capacity: 4060M(100%)
[104.990s][info][gc,heap     ] GC(195)                Mark Start          Mark End        Relocate Start      Relocate End           High               Low         
[104.990s][info][gc,heap     ] GC(195)  Capacity:     3186M (78%)        3186M (78%)        3186M (78%)        3186M (78%)        3186M (78%)        3186M (78%)    
[104.990s][info][gc,heap     ] GC(195)   Reserve:       42M (1%)           42M (1%)           42M (1%)           42M (1%)           42M (1%)           42M (1%)     
[104.990s][info][gc,heap     ] GC(195)      Free:     1118M (28%)         972M (24%)        3770M (93%)        3752M (92%)        3776M (93%)         964M (24%)    
[104.990s][info][gc,heap     ] GC(195)      Used:     2900M (71%)        3046M (75%)         248M (6%)          266M (7%)         3054M (75%)         242M (6%)     
[104.990s][info][gc,heap     ] GC(195)      Live:         -                48M (1%)           48M (1%)           48M (1%)             -                  -          
[104.990s][info][gc,heap     ] GC(195) Allocated:         -               146M (4%)          160M (4%)          228M (6%)             -                  -          
[104.990s][info][gc,heap     ] GC(195)   Garbage:         -              2851M (70%)          39M (1%)            7M (0%)             -                  -          
[104.990s][info][gc,heap     ] GC(195) Reclaimed:         -                  -              2812M (69%)        2844M (70%)            -                  -          
[104.990s][info][gc          ] GC(195) Garbage Collection (Allocation Rate) 2900M(71%)->266M(7%)
[105.538s][info][gc,start    ] GC(196) Garbage Collection (Allocation Rate)
[105.539s][info][gc,phases   ] GC(196) Pause Mark Start 0.069ms
[105.576s][info][gc,phases   ] GC(196) Concurrent Mark 37.188ms
[105.576s][info][gc,phases   ] GC(196) Pause Mark End 0.259ms
[105.578s][info][gc,phases   ] GC(196) Concurrent Process Non-Strong References 1.674ms
[105.578s][info][gc,phases   ] GC(196) Concurrent Reset Relocation Set 0.054ms
[105.583s][info][gc,phases   ] GC(196) Concurrent Select Relocation Set 4.435ms
[105.583s][info][gc,phases   ] GC(196) Pause Relocate Start 0.064ms
[105.612s][info][gc,phases   ] GC(196) Concurrent Relocate 28.867ms
[105.612s][info][gc,load     ] GC(196) Load: 0.00/0.00/0.00
[105.612s][info][gc,mmu      ] GC(196) MMU: 2ms/77.0%, 5ms/89.5%, 10ms/94.4%, 20ms/97.2%, 50ms/98.7%, 100ms/99.4%
[105.612s][info][gc,marking  ] GC(196) Mark: 1 stripe(s), 2 proactive flush(es), 1 terminate flush(es), 1 completion(s), 0 continuation(s) 
[105.612s][info][gc,nmethod  ] GC(196) NMethods: 1474 registered, 0 unregistered
[105.612s][info][gc,metaspace] GC(196) Metaspace: 4M used, 4M capacity, 4M committed, 1032M reserved
[105.612s][info][gc,ref      ] GC(196) Soft: 261 encountered, 0 discovered, 0 enqueued
[105.612s][info][gc,ref      ] GC(196) Weak: 280 encountered, 229 discovered, 0 enqueued
[105.612s][info][gc,ref      ] GC(196) Final: 1 encountered, 0 discovered, 0 enqueued
[105.612s][info][gc,ref      ] GC(196) Phantom: 39 encountered, 30 discovered, 0 enqueued
[105.612s][info][gc,reloc    ] GC(196) Small Pages: 1446 / 2892M(100%), Empty: 2756M(95%), Compacting: 124M(4%)->48M(2%)
[105.612s][info][gc,reloc    ] GC(196) Medium Pages: 0 / 0M(0%), Empty: 0M(0%), Compacting: 0M(0%)->0M(0%)
[105.612s][info][gc,reloc    ] GC(196) Large Pages: 1 / 8M(0%), Empty: 0M(0%), Compacting: 0M(0%)->0M(0%)
[105.612s][info][gc,reloc    ] GC(196) Relocation: Successful
[105.612s][info][gc,heap     ] GC(196) Min Capacity: 42M(1%)
[105.612s][info][gc,heap     ] GC(196) Max Capacity: 4060M(100%)
[105.612s][info][gc,heap     ] GC(196) Soft Max Capacity: 4060M(100%)
[105.612s][info][gc,heap     ] GC(196)                Mark Start          Mark End        Relocate Start      Relocate End           High               Low         
[105.612s][info][gc,heap     ] GC(196)  Capacity:     3186M (78%)        3186M (78%)        3186M (78%)        3186M (78%)        3186M (78%)        3186M (78%)    
[105.612s][info][gc,heap     ] GC(196)   Reserve:       42M (1%)           42M (1%)           42M (1%)           42M (1%)           42M (1%)           42M (1%)     
[105.612s][info][gc,heap     ] GC(196)      Free:     1118M (28%)         954M (23%)        3682M (91%)        3630M (89%)        3702M (91%)         946M (23%)    
[105.612s][info][gc,heap     ] GC(196)      Used:     2900M (71%)        3064M (75%)         336M (8%)          388M (10%)        3072M (76%)         316M (8%)     
[105.612s][info][gc,heap     ] GC(196)      Live:         -                59M (1%)           59M (1%)           59M (1%)             -                  -          
[105.612s][info][gc,heap     ] GC(196) Allocated:         -               164M (4%)          192M (5%)          368M (9%)             -                  -          
[105.612s][info][gc,heap     ] GC(196)   Garbage:         -              2840M (70%)          84M (2%)            4M (0%)             -                  -          
[105.612s][info][gc,heap     ] GC(196) Reclaimed:         -                  -              2756M (68%)        2836M (70%)            -                  -          
[105.612s][info][gc          ] GC(196) Garbage Collection (Allocation Rate) 2900M(71%)->388M(10%)
[106.038s][info][gc,start    ] GC(197) Garbage Collection (Allocation Rate)
[106.038s][info][gc,phases   ] GC(197) Pause Mark Start 0.104ms
[106.077s][info][gc,phases   ] GC(197) Concurrent Mark 38.288ms
[106.077s][info][gc,phases   ] GC(197) Pause Mark End 0.326ms
[106.079s][info][gc,phases   ] GC(197) Concurrent Process Non-Strong References 1.628ms
[106.080s][info][gc,phases   ] GC(197) Concurrent Reset Relocation Set 0.718ms
[106.085s][info][gc,phases   ] GC(197) Concurrent Select Relocation Set 4.977ms
[106.085s][info][gc,phases   ] GC(197) Pause Relocate Start 0.105ms
[106.115s][info][gc,phases   ] GC(197) Concurrent Relocate 29.693ms
[106.115s][info][gc,load     ] GC(197) Load: 0.00/0.00/0.00
[106.115s][info][gc,mmu      ] GC(197) MMU: 2ms/77.0%, 5ms/89.5%, 10ms/94.4%, 20ms/97.2%, 50ms/98.7%, 100ms/99.4%
[106.115s][info][gc,marking  ] GC(197) Mark: 1 stripe(s), 2 proactive flush(es), 1 terminate flush(es), 1 completion(s), 0 continuation(s) 
[106.115s][info][gc,nmethod  ] GC(197) NMethods: 1474 registered, 0 unregistered
[106.115s][info][gc,metaspace] GC(197) Metaspace: 4M used, 4M capacity, 4M committed, 1032M reserved
[106.115s][info][gc,ref      ] GC(197) Soft: 261 encountered, 0 discovered, 0 enqueued
[106.115s][info][gc,ref      ] GC(197) Weak: 280 encountered, 229 discovered, 0 enqueued
[106.115s][info][gc,ref      ] GC(197) Final: 1 encountered, 0 discovered, 0 enqueued
[106.115s][info][gc,ref      ] GC(197) Phantom: 39 encountered, 30 discovered, 0 enqueued
[106.115s][info][gc,reloc    ] GC(197) Small Pages: 1199 / 2398M(100%), Empty: 2246M(93%), Compacting: 148M(6%)->50M(2%)
[106.115s][info][gc,reloc    ] GC(197) Medium Pages: 0 / 0M(0%), Empty: 0M(0%), Compacting: 0M(0%)->0M(0%)
[106.115s][info][gc,reloc    ] GC(197) Large Pages: 1 / 8M(0%), Empty: 0M(0%), Compacting: 0M(0%)->0M(0%)
[106.115s][info][gc,reloc    ] GC(197) Relocation: Successful
[106.115s][info][gc,heap     ] GC(197) Min Capacity: 42M(1%)
[106.115s][info][gc,heap     ] GC(197) Max Capacity: 4060M(100%)
[106.115s][info][gc,heap     ] GC(197) Soft Max Capacity: 4060M(100%)
[106.115s][info][gc,heap     ] GC(197)                Mark Start          Mark End        Relocate Start      Relocate End           High               Low         
[106.115s][info][gc,heap     ] GC(197)  Capacity:     3186M (78%)        3186M (78%)        3186M (78%)        3186M (78%)        3186M (78%)        3186M (78%)    
[106.115s][info][gc,heap     ] GC(197)   Reserve:       42M (1%)           42M (1%)           42M (1%)           42M (1%)           42M (1%)           42M (1%)     
[106.115s][info][gc,heap     ] GC(197)      Free:     1612M (40%)        1438M (35%)        3660M (90%)        3626M (89%)        3674M (90%)        1428M (35%)    
[106.115s][info][gc,heap     ] GC(197)      Used:     2406M (59%)        2580M (64%)         358M (9%)          392M (10%)        2590M (64%)         344M (8%)     
[106.115s][info][gc,heap     ] GC(197)      Live:         -                55M (1%)           55M (1%)           55M (1%)             -                  -          
[106.115s][info][gc,heap     ] GC(197) Allocated:         -               174M (4%)          198M (5%)          380M (9%)             -                  -          
[106.115s][info][gc,heap     ] GC(197)   Garbage:         -              2350M (58%)         104M (3%)            2M (0%)             -                  -          
[106.115s][info][gc,heap     ] GC(197) Reclaimed:         -                  -              2246M (55%)        2348M (58%)            -                  -          
[106.115s][info][gc          ] GC(197) Garbage Collection (Allocation Rate) 2406M(59%)->392M(10%)
[106.539s][info][gc,start    ] GC(198) Garbage Collection (Allocation Rate)
[106.539s][info][gc,phases   ] GC(198) Pause Mark Start 0.063ms
[106.576s][info][gc,phases   ] GC(198) Concurrent Mark 37.238ms
[106.577s][info][gc,phases   ] GC(198) Pause Mark End 0.280ms
[106.578s][info][gc,phases   ] GC(198) Concurrent Process Non-Strong References 1.618ms
[106.579s][info][gc,phases   ] GC(198) Concurrent Reset Relocation Set 0.703ms
[106.585s][info][gc,phases   ] GC(198) Concurrent Select Relocation Set 5.551ms
[106.585s][info][gc,phases   ] GC(198) Pause Relocate Start 0.063ms
[106.622s][info][gc,phases   ] GC(198) Concurrent Relocate 37.358ms
[106.622s][info][gc,load     ] GC(198) Load: 0.00/0.00/0.00
[106.623s][info][gc,mmu      ] GC(198) MMU: 2ms/77.0%, 5ms/89.5%, 10ms/94.4%, 20ms/97.2%, 50ms/98.7%, 100ms/99.4%
[106.623s][info][gc,marking  ] GC(198) Mark: 1 stripe(s), 2 proactive flush(es), 1 terminate flush(es), 1 completion(s), 0 continuation(s) 
[106.623s][info][gc,nmethod  ] GC(198) NMethods: 1474 registered, 0 unregistered
[106.623s][info][gc,metaspace] GC(198) Metaspace: 4M used, 4M capacity, 4M committed, 1032M reserved
[106.623s][info][gc,ref      ] GC(198) Soft: 261 encountered, 0 discovered, 0 enqueued
[106.623s][info][gc,ref      ] GC(198) Weak: 280 encountered, 229 discovered, 0 enqueued
[106.623s][info][gc,ref      ] GC(198) Final: 1 encountered, 0 discovered, 0 enqueued
[106.623s][info][gc,ref      ] GC(198) Phantom: 39 encountered, 30 discovered, 0 enqueued
[106.623s][info][gc,reloc    ] GC(198) Small Pages: 1196 / 2392M(100%), Empty: 2236M(93%), Compacting: 152M(6%)->56M(2%)
[106.623s][info][gc,reloc    ] GC(198) Medium Pages: 0 / 0M(0%), Empty: 0M(0%), Compacting: 0M(0%)->0M(0%)
[106.623s][info][gc,reloc    ] GC(198) Large Pages: 1 / 8M(0%), Empty: 0M(0%), Compacting: 0M(0%)->0M(0%)
[106.623s][info][gc,reloc    ] GC(198) Relocation: Successful
[106.623s][info][gc,heap     ] GC(198) Min Capacity: 42M(1%)
[106.623s][info][gc,heap     ] GC(198) Max Capacity: 4060M(100%)
[106.623s][info][gc,heap     ] GC(198) Soft Max Capacity: 4060M(100%)
[106.623s][info][gc,heap     ] GC(198)                Mark Start          Mark End        Relocate Start      Relocate End           High               Low         
[106.623s][info][gc,heap     ] GC(198)  Capacity:     3186M (78%)        3186M (78%)        3186M (78%)        3186M (78%)        3186M (78%)        3186M (78%)    
[106.623s][info][gc,heap     ] GC(198)   Reserve:       42M (1%)           42M (1%)           42M (1%)           42M (1%)           42M (1%)           42M (1%)     
[106.623s][info][gc,heap     ] GC(198)      Free:     1618M (40%)        1442M (36%)        3642M (90%)        3588M (88%)        3666M (90%)        1432M (35%)    
[106.623s][info][gc,heap     ] GC(198)      Used:     2400M (59%)        2576M (63%)         376M (9%)          430M (11%)        2586M (64%)         352M (9%)     
[106.623s][info][gc,heap     ] GC(198)      Live:         -                60M (1%)           60M (1%)           60M (1%)             -                  -          
[106.623s][info][gc,heap     ] GC(198) Allocated:         -               176M (4%)          212M (5%)          418M (10%)            -                  -          
[106.623s][info][gc,heap     ] GC(198)   Garbage:         -              2339M (58%)         103M (3%)            3M (0%)             -                  -          
[106.623s][info][gc,heap     ] GC(198) Reclaimed:         -                  -              2236M (55%)        2336M (58%)            -                  -          
[106.623s][info][gc          ] GC(198) Garbage Collection (Allocation Rate) 2400M(59%)->430M(11%)
[107.038s][info][gc,start    ] GC(199) Garbage Collection (Allocation Rate)
[107.039s][info][gc,phases   ] GC(199) Pause Mark Start 0.056ms
[107.077s][info][gc,phases   ] GC(199) Concurrent Mark 38.759ms
[107.078s][info][gc,phases   ] GC(199) Pause Mark End 0.252ms
[107.079s][info][gc,phases   ] GC(199) Concurrent Process Non-Strong References 1.583ms
[107.081s][info][gc,phases   ] GC(199) Concurrent Reset Relocation Set 1.226ms
[107.086s][info][gc,phases   ] GC(199) Concurrent Select Relocation Set 5.531ms
[107.087s][info][gc,phases   ] GC(199) Pause Relocate Start 0.066ms
[107.113s][info][gc,phases   ] GC(199) Concurrent Relocate 26.814ms
[107.113s][info][gc,load     ] GC(199) Load: 0.00/0.00/0.00
[107.113s][info][gc,mmu      ] GC(199) MMU: 2ms/77.0%, 5ms/89.5%, 10ms/94.4%, 20ms/97.2%, 50ms/98.7%, 100ms/99.4%
[107.113s][info][gc,marking  ] GC(199) Mark: 1 stripe(s), 2 proactive flush(es), 1 terminate flush(es), 1 completion(s), 0 continuation(s) 
[107.113s][info][gc,nmethod  ] GC(199) NMethods: 1474 registered, 0 unregistered
[107.113s][info][gc,metaspace] GC(199) Metaspace: 4M used, 4M capacity, 4M committed, 1032M reserved
[107.113s][info][gc,ref      ] GC(199) Soft: 261 encountered, 0 discovered, 0 enqueued
[107.113s][info][gc,ref      ] GC(199) Weak: 280 encountered, 229 discovered, 0 enqueued
[107.113s][info][gc,ref      ] GC(199) Final: 1 encountered, 0 discovered, 0 enqueued
[107.113s][info][gc,ref      ] GC(199) Phantom: 39 encountered, 30 discovered, 0 enqueued
[107.114s][info][gc,reloc    ] GC(199) Small Pages: 1203 / 2406M(100%), Empty: 2258M(94%), Compacting: 136M(6%)->48M(2%)
[107.114s][info][gc,reloc    ] GC(199) Medium Pages: 0 / 0M(0%), Empty: 0M(0%), Compacting: 0M(0%)->0M(0%)
[107.114s][info][gc,reloc    ] GC(199) Large Pages: 1 / 8M(0%), Empty: 0M(0%), Compacting: 0M(0%)->0M(0%)
[107.114s][info][gc,reloc    ] GC(199) Relocation: Successful
[107.114s][info][gc,heap     ] GC(199) Min Capacity: 42M(1%)
[107.114s][info][gc,heap     ] GC(199) Max Capacity: 4060M(100%)
[107.114s][info][gc,heap     ] GC(199) Soft Max Capacity: 4060M(100%)
[107.114s][info][gc,heap     ] GC(199)                Mark Start          Mark End        Relocate Start      Relocate End           High               Low         
[107.114s][info][gc,heap     ] GC(199)  Capacity:     3186M (78%)        3186M (78%)        3186M (78%)        3186M (78%)        3186M (78%)        3186M (78%)    
[107.114s][info][gc,heap     ] GC(199)   Reserve:       42M (1%)           42M (1%)           42M (1%)           42M (1%)           42M (1%)           42M (1%)     
[107.114s][info][gc,heap     ] GC(199)      Free:     1604M (40%)        1426M (35%)        3646M (90%)        3608M (89%)        3672M (90%)        1414M (35%)    
[107.114s][info][gc,heap     ] GC(199)      Used:     2414M (59%)        2592M (64%)         372M (9%)          410M (10%)        2604M (64%)         346M (9%)     
[107.114s][info][gc,heap     ] GC(199)      Live:         -                59M (1%)           59M (1%)           59M (1%)             -                  -          
[107.114s][info][gc,heap     ] GC(199) Allocated:         -               178M (4%)          216M (5%)          390M (10%)            -                  -          
[107.114s][info][gc,heap     ] GC(199)   Garbage:         -              2354M (58%)          96M (2%)            8M (0%)             -                  -          
[107.114s][info][gc,heap     ] GC(199) Reclaimed:         -                  -              2258M (56%)        2346M (58%)            -                  -          
[107.114s][info][gc          ] GC(199) Garbage Collection (Allocation Rate) 2414M(59%)->410M(10%)
[107.538s][info][gc,start    ] GC(200) Garbage Collection (Allocation Rate)
[107.538s][info][gc,phases   ] GC(200) Pause Mark Start 0.048ms
[107.577s][info][gc,phases   ] GC(200) Concurrent Mark 38.578ms
[107.577s][info][gc,phases   ] GC(200) Pause Mark End 0.221ms
[107.579s][info][gc,phases   ] GC(200) Concurrent Process Non-Strong References 1.519ms
[107.580s][info][gc,phases   ] GC(200) Concurrent Reset Relocation Set 0.704ms
[107.585s][info][gc,phases   ] GC(200) Concurrent Select Relocation Set 5.599ms
[107.586s][info][gc,phases   ] GC(200) Pause Relocate Start 0.063ms
[107.618s][info][gc,phases   ] GC(200) Concurrent Relocate 31.932ms
[107.618s][info][gc,load     ] GC(200) Load: 0.00/0.00/0.00
[107.618s][info][gc,mmu      ] GC(200) MMU: 2ms/77.0%, 5ms/89.5%, 10ms/94.4%, 20ms/97.2%, 50ms/98.7%, 100ms/99.4%
[107.618s][info][gc,marking  ] GC(200) Mark: 1 stripe(s), 2 proactive flush(es), 1 terminate flush(es), 1 completion(s), 0 continuation(s) 
[107.618s][info][gc,nmethod  ] GC(200) NMethods: 1474 registered, 0 unregistered
[107.618s][info][gc,metaspace] GC(200) Metaspace: 4M used, 4M capacity, 4M committed, 1032M reserved
[107.618s][info][gc,ref      ] GC(200) Soft: 261 encountered, 0 discovered, 0 enqueued
[107.618s][info][gc,ref      ] GC(200) Weak: 280 encountered, 229 discovered, 0 enqueued
[107.618s][info][gc,ref      ] GC(200) Final: 1 encountered, 0 discovered, 0 enqueued
[107.618s][info][gc,ref      ] GC(200) Phantom: 39 encountered, 30 discovered, 0 enqueued
[107.618s][info][gc,reloc    ] GC(200) Small Pages: 1223 / 2446M(100%), Empty: 2286M(93%), Compacting: 156M(6%)->56M(2%)
[107.618s][info][gc,reloc    ] GC(200) Medium Pages: 0 / 0M(0%), Empty: 0M(0%), Compacting: 0M(0%)->0M(0%)
[107.618s][info][gc,reloc    ] GC(200) Large Pages: 1 / 8M(0%), Empty: 0M(0%), Compacting: 0M(0%)->0M(0%)
[107.618s][info][gc,reloc    ] GC(200) Relocation: Successful
[107.618s][info][gc,heap     ] GC(200) Min Capacity: 42M(1%)
[107.618s][info][gc,heap     ] GC(200) Max Capacity: 4060M(100%)
[107.618s][info][gc,heap     ] GC(200) Soft Max Capacity: 4060M(100%)
[107.618s][info][gc,heap     ] GC(200)                Mark Start          Mark End        Relocate Start      Relocate End           High               Low         
[107.618s][info][gc,heap     ] GC(200)  Capacity:     3186M (78%)        3186M (78%)        3186M (78%)        3186M (78%)        3186M (78%)        3186M (78%)    
[107.618s][info][gc,heap     ] GC(200)   Reserve:       42M (1%)           42M (1%)           42M (1%)           42M (1%)           42M (1%)           42M (1%)     
[107.618s][info][gc,heap     ] GC(200)      Free:     1564M (39%)        1394M (34%)        3644M (90%)        3594M (89%)        3670M (90%)        1384M (34%)    
[107.618s][info][gc,heap     ] GC(200)      Used:     2454M (60%)        2624M (65%)         374M (9%)          424M (10%)        2634M (65%)         348M (9%)     
[107.618s][info][gc,heap     ] GC(200)      Live:         -                60M (1%)           60M (1%)           60M (1%)             -                  -          
[107.618s][info][gc,heap     ] GC(200) Allocated:         -               170M (4%)          206M (5%)          412M (10%)            -                  -          
[107.618s][info][gc,heap     ] GC(200)   Garbage:         -              2393M (59%)         107M (3%)            5M (0%)             -                  -          
[107.618s][info][gc,heap     ] GC(200) Reclaimed:         -                  -              2286M (56%)        2388M (59%)            -                  -          
[107.618s][info][gc          ] GC(200) Garbage Collection (Allocation Rate) 2454M(60%)->424M(10%)
[108.038s][info][gc,start    ] GC(201) Garbage Collection (Allocation Rate)
[108.039s][info][gc,phases   ] GC(201) Pause Mark Start 0.046ms
[108.076s][info][gc,phases   ] GC(201) Concurrent Mark 37.589ms
[108.077s][info][gc,phases   ] GC(201) Pause Mark End 0.235ms
[108.078s][info][gc,phases   ] GC(201) Concurrent Process Non-Strong References 1.641ms
[108.079s][info][gc,phases   ] GC(201) Concurrent Reset Relocation Set 1.237ms
[108.086s][info][gc,phases   ] GC(201) Concurrent Select Relocation Set 6.339ms
[108.086s][info][gc,phases   ] GC(201) Pause Relocate Start 0.089ms
[108.116s][info][gc,phases   ] GC(201) Concurrent Relocate 29.588ms
[108.116s][info][gc,load     ] GC(201) Load: 0.00/0.00/0.00
[108.116s][info][gc,mmu      ] GC(201) MMU: 2ms/77.0%, 5ms/89.5%, 10ms/94.4%, 20ms/97.2%, 50ms/98.7%, 100ms/99.4%
[108.116s][info][gc,marking  ] GC(201) Mark: 1 stripe(s), 2 proactive flush(es), 1 terminate flush(es), 1 completion(s), 0 continuation(s) 
[108.116s][info][gc,nmethod  ] GC(201) NMethods: 1479 registered, 0 unregistered
[108.116s][info][gc,metaspace] GC(201) Metaspace: 4M used, 4M capacity, 4M committed, 1032M reserved
[108.116s][info][gc,ref      ] GC(201) Soft: 261 encountered, 0 discovered, 0 enqueued
[108.116s][info][gc,ref      ] GC(201) Weak: 280 encountered, 229 discovered, 0 enqueued
[108.116s][info][gc,ref      ] GC(201) Final: 1 encountered, 0 discovered, 0 enqueued
[108.116s][info][gc,ref      ] GC(201) Phantom: 39 encountered, 30 discovered, 0 enqueued
[108.116s][info][gc,reloc    ] GC(201) Small Pages: 1198 / 2396M(100%), Empty: 2240M(93%), Compacting: 150M(6%)->52M(2%)
[108.116s][info][gc,reloc    ] GC(201) Medium Pages: 0 / 0M(0%), Empty: 0M(0%), Compacting: 0M(0%)->0M(0%)
[108.116s][info][gc,reloc    ] GC(201) Large Pages: 1 / 8M(0%), Empty: 0M(0%), Compacting: 0M(0%)->0M(0%)
[108.116s][info][gc,reloc    ] GC(201) Relocation: Successful
[108.116s][info][gc,heap     ] GC(201) Min Capacity: 42M(1%)
[108.116s][info][gc,heap     ] GC(201) Max Capacity: 4060M(100%)
[108.116s][info][gc,heap     ] GC(201) Soft Max Capacity: 4060M(100%)
[108.116s][info][gc,heap     ] GC(201)                Mark Start          Mark End        Relocate Start      Relocate End           High               Low         
[108.116s][info][gc,heap     ] GC(201)  Capacity:     3186M (78%)        3186M (78%)        3186M (78%)        3186M (78%)        3186M (78%)        3186M (78%)    
[108.116s][info][gc,heap     ] GC(201)   Reserve:       42M (1%)           42M (1%)           42M (1%)           42M (1%)           42M (1%)           42M (1%)     
[108.116s][info][gc,heap     ] GC(201)      Free:     1614M (40%)        1438M (35%)        3636M (90%)        3596M (89%)        3666M (90%)        1426M (35%)    
[108.116s][info][gc,heap     ] GC(201)      Used:     2404M (59%)        2580M (64%)         382M (9%)          422M (10%)        2592M (64%)         352M (9%)     
[108.116s][info][gc,heap     ] GC(201)      Live:         -                57M (1%)           57M (1%)           57M (1%)             -                  -          
[108.116s][info][gc,heap     ] GC(201) Allocated:         -               176M (4%)          218M (5%)          408M (10%)            -                  -          
[108.116s][info][gc,heap     ] GC(201)   Garbage:         -              2346M (58%)         106M (3%)            6M (0%)             -                  -          
[108.116s][info][gc,heap     ] GC(201) Reclaimed:         -                  -              2240M (55%)        2340M (58%)            -                  -          
[108.116s][info][gc          ] GC(201) Garbage Collection (Allocation Rate) 2404M(59%)->422M(10%)
[108.538s][info][gc,start    ] GC(202) Garbage Collection (Allocation Rate)
[108.538s][info][gc,phases   ] GC(202) Pause Mark Start 0.061ms
[108.570s][info][gc,phases   ] GC(202) Concurrent Mark 32.166ms
[108.571s][info][gc,phases   ] GC(202) Pause Mark End 0.228ms
[108.572s][info][gc,phases   ] GC(202) Concurrent Process Non-Strong References 1.530ms
[108.573s][info][gc,phases   ] GC(202) Concurrent Reset Relocation Set 0.746ms
[108.577s][info][gc,phases   ] GC(202) Concurrent Select Relocation Set 3.777ms
[108.577s][info][gc,phases   ] GC(202) Pause Relocate Start 0.068ms
[108.592s][info][gc,phases   ] GC(202) Concurrent Relocate 14.782ms
[108.592s][info][gc,load     ] GC(202) Load: 0.00/0.00/0.00
[108.592s][info][gc,mmu      ] GC(202) MMU: 2ms/77.0%, 5ms/89.5%, 10ms/94.4%, 20ms/97.2%, 50ms/98.7%, 100ms/99.4%
[108.592s][info][gc,marking  ] GC(202) Mark: 1 stripe(s), 2 proactive flush(es), 1 terminate flush(es), 1 completion(s), 0 continuation(s) 
[108.592s][info][gc,nmethod  ] GC(202) NMethods: 1479 registered, 0 unregistered
[108.592s][info][gc,metaspace] GC(202) Metaspace: 4M used, 4M capacity, 4M committed, 1032M reserved
[108.592s][info][gc,ref      ] GC(202) Soft: 261 encountered, 0 discovered, 0 enqueued
[108.592s][info][gc,ref      ] GC(202) Weak: 280 encountered, 229 discovered, 0 enqueued
[108.592s][info][gc,ref      ] GC(202) Final: 1 encountered, 0 discovered, 0 enqueued
[108.592s][info][gc,ref      ] GC(202) Phantom: 39 encountered, 30 discovered, 0 enqueued
[108.592s][info][gc,reloc    ] GC(202) Small Pages: 1224 / 2448M(100%), Empty: 2346M(96%), Compacting: 78M(3%)->26M(1%)
[108.592s][info][gc,reloc    ] GC(202) Medium Pages: 0 / 0M(0%), Empty: 0M(0%), Compacting: 0M(0%)->0M(0%)
[108.592s][info][gc,reloc    ] GC(202) Large Pages: 1 / 8M(0%), Empty: 0M(0%), Compacting: 0M(0%)->0M(0%)
[108.592s][info][gc,reloc    ] GC(202) Relocation: Successful
[108.592s][info][gc,heap     ] GC(202) Min Capacity: 42M(1%)
[108.592s][info][gc,heap     ] GC(202) Max Capacity: 4060M(100%)
[108.592s][info][gc,heap     ] GC(202) Soft Max Capacity: 4060M(100%)
[108.592s][info][gc,heap     ] GC(202)                Mark Start          Mark End        Relocate Start      Relocate End           High               Low         
[108.592s][info][gc,heap     ] GC(202)  Capacity:     3186M (78%)        3186M (78%)        3186M (78%)        3186M (78%)        3186M (78%)        3186M (78%)    
[108.592s][info][gc,heap     ] GC(202)   Reserve:       42M (1%)           42M (1%)           42M (1%)           42M (1%)           42M (1%)           42M (1%)     
[108.592s][info][gc,heap     ] GC(202)      Free:     1562M (38%)        1410M (35%)        3726M (92%)        3708M (91%)        3744M (92%)        1398M (34%)    
[108.592s][info][gc,heap     ] GC(202)      Used:     2456M (60%)        2608M (64%)         292M (7%)          310M (8%)         2620M (65%)         274M (7%)     
[108.592s][info][gc,heap     ] GC(202)      Live:         -                50M (1%)           50M (1%)           50M (1%)             -                  -          
[108.592s][info][gc,heap     ] GC(202) Allocated:         -               152M (4%)          182M (4%)          278M (7%)             -                  -          
[108.592s][info][gc,heap     ] GC(202)   Garbage:         -              2405M (59%)          59M (1%)            7M (0%)             -                  -          
[108.592s][info][gc,heap     ] GC(202) Reclaimed:         -                  -              2346M (58%)        2398M (59%)            -                  -          
[108.592s][info][gc          ] GC(202) Garbage Collection (Allocation Rate) 2456M(60%)->310M(8%)
[109.039s][info][gc,start    ] GC(203) Garbage Collection (Allocation Rate)
[109.039s][info][gc,phases   ] GC(203) Pause Mark Start 0.086ms
[109.070s][info][gc,phases   ] GC(203) Concurrent Mark 30.540ms
[109.070s][info][gc,phases   ] GC(203) Pause Mark End 0.261ms
[109.072s][info][gc,phases   ] GC(203) Concurrent Process Non-Strong References 1.873ms
[109.073s][info][gc,phases   ] GC(203) Concurrent Reset Relocation Set 1.189ms
[109.075s][info][gc,phases   ] GC(203) Concurrent Select Relocation Set 2.065ms
[109.075s][info][gc,phases   ] GC(203) Pause Relocate Start 0.063ms
[109.076s][info][gc,phases   ] GC(203) Concurrent Relocate 0.827ms
[109.076s][info][gc,load     ] GC(203) Load: 0.00/0.00/0.00
[109.076s][info][gc,mmu      ] GC(203) MMU: 2ms/77.0%, 5ms/89.5%, 10ms/94.4%, 20ms/97.2%, 50ms/98.7%, 100ms/99.4%
[109.076s][info][gc,marking  ] GC(203) Mark: 1 stripe(s), 2 proactive flush(es), 1 terminate flush(es), 1 completion(s), 0 continuation(s) 
[109.076s][info][gc,nmethod  ] GC(203) NMethods: 1479 registered, 0 unregistered
[109.076s][info][gc,metaspace] GC(203) Metaspace: 4M used, 4M capacity, 4M committed, 1032M reserved
[109.076s][info][gc,ref      ] GC(203) Soft: 261 encountered, 0 discovered, 0 enqueued
[109.076s][info][gc,ref      ] GC(203) Weak: 280 encountered, 229 discovered, 0 enqueued
[109.076s][info][gc,ref      ] GC(203) Final: 1 encountered, 0 discovered, 0 enqueued
[109.076s][info][gc,ref      ] GC(203) Phantom: 39 encountered, 30 discovered, 0 enqueued
[109.076s][info][gc,reloc    ] GC(203) Small Pages: 1217 / 2434M(100%), Empty: 2378M(97%), Compacting: 10M(0%)->2M(0%)
[109.076s][info][gc,reloc    ] GC(203) Medium Pages: 0 / 0M(0%), Empty: 0M(0%), Compacting: 0M(0%)->0M(0%)
[109.076s][info][gc,reloc    ] GC(203) Large Pages: 1 / 8M(0%), Empty: 0M(0%), Compacting: 0M(0%)->0M(0%)
[109.076s][info][gc,reloc    ] GC(203) Relocation: Successful
[109.076s][info][gc,heap     ] GC(203) Min Capacity: 42M(1%)
[109.076s][info][gc,heap     ] GC(203) Max Capacity: 4060M(100%)
[109.076s][info][gc,heap     ] GC(203) Soft Max Capacity: 4060M(100%)
[109.076s][info][gc,heap     ] GC(203)                Mark Start          Mark End        Relocate Start      Relocate End           High               Low         
[109.076s][info][gc,heap     ] GC(203)  Capacity:     3186M (78%)        3186M (78%)        3186M (78%)        3186M (78%)        3186M (78%)        3186M (78%)    
[109.076s][info][gc,heap     ] GC(203)   Reserve:       42M (1%)           42M (1%)           42M (1%)           42M (1%)           42M (1%)           42M (1%)     
[109.076s][info][gc,heap     ] GC(203)      Free:     1576M (39%)        1446M (36%)        3800M (94%)        3802M (94%)        3810M (94%)        1432M (35%)    
[109.076s][info][gc,heap     ] GC(203)      Used:     2442M (60%)        2572M (63%)         218M (5%)          216M (5%)         2586M (64%)         208M (5%)     
[109.076s][info][gc,heap     ] GC(203)      Live:         -                49M (1%)           49M (1%)           49M (1%)             -                  -          
[109.076s][info][gc,heap     ] GC(203) Allocated:         -               130M (3%)          154M (4%)          162M (4%)             -                  -          
[109.076s][info][gc,heap     ] GC(203)   Garbage:         -              2392M (59%)          14M (0%)            8M (0%)             -                  -          
[109.076s][info][gc,heap     ] GC(203) Reclaimed:         -                  -              2378M (59%)        2384M (59%)            -                  -          
[109.076s][info][gc          ] GC(203) Garbage Collection (Allocation Rate) 2442M(60%)->216M(5%)
[109.639s][info][gc,start    ] GC(204) Garbage Collection (Allocation Rate)
[109.639s][info][gc,phases   ] GC(204) Pause Mark Start 0.073ms
[109.681s][info][gc,phases   ] GC(204) Concurrent Mark 42.539ms
[109.682s][info][gc,phases   ] GC(204) Pause Mark End 0.245ms
[109.683s][info][gc,phases   ] GC(204) Concurrent Process Non-Strong References 1.576ms
[109.684s][info][gc,phases   ] GC(204) Concurrent Reset Relocation Set 0.032ms
[109.690s][info][gc,phases   ] GC(204) Concurrent Select Relocation Set 6.789ms
[109.691s][info][gc,phases   ] GC(204) Pause Relocate Start 0.064ms
[109.731s][info][gc,phases   ] GC(204) Concurrent Relocate 40.576ms
[109.731s][info][gc,load     ] GC(204) Load: 0.00/0.00/0.00
[109.731s][info][gc,mmu      ] GC(204) MMU: 2ms/77.0%, 5ms/89.5%, 10ms/94.4%, 20ms/97.2%, 50ms/98.7%, 100ms/99.4%
[109.731s][info][gc,marking  ] GC(204) Mark: 1 stripe(s), 2 proactive flush(es), 1 terminate flush(es), 1 completion(s), 0 continuation(s) 
[109.731s][info][gc,nmethod  ] GC(204) NMethods: 1479 registered, 0 unregistered
[109.731s][info][gc,metaspace] GC(204) Metaspace: 4M used, 4M capacity, 4M committed, 1032M reserved
[109.731s][info][gc,ref      ] GC(204) Soft: 261 encountered, 0 discovered, 0 enqueued
[109.731s][info][gc,ref      ] GC(204) Weak: 280 encountered, 229 discovered, 0 enqueued
[109.731s][info][gc,ref      ] GC(204) Final: 1 encountered, 0 discovered, 0 enqueued
[109.731s][info][gc,ref      ] GC(204) Phantom: 39 encountered, 30 discovered, 0 enqueued
[109.731s][info][gc,reloc    ] GC(204) Small Pages: 1429 / 2858M(100%), Empty: 2706M(94%), Compacting: 148M(5%)->70M(2%)
[109.731s][info][gc,reloc    ] GC(204) Medium Pages: 0 / 0M(0%), Empty: 0M(0%), Compacting: 0M(0%)->0M(0%)
[109.731s][info][gc,reloc    ] GC(204) Large Pages: 1 / 8M(0%), Empty: 0M(0%), Compacting: 0M(0%)->0M(0%)
[109.731s][info][gc,reloc    ] GC(204) Relocation: Successful
[109.731s][info][gc,heap     ] GC(204) Min Capacity: 42M(1%)
[109.731s][info][gc,heap     ] GC(204) Max Capacity: 4060M(100%)
[109.731s][info][gc,heap     ] GC(204) Soft Max Capacity: 4060M(100%)
[109.731s][info][gc,heap     ] GC(204)                Mark Start          Mark End        Relocate Start      Relocate End           High               Low         
[109.731s][info][gc,heap     ] GC(204)  Capacity:     3186M (78%)        3186M (78%)        3186M (78%)        3186M (78%)        3186M (78%)        3186M (78%)    
[109.731s][info][gc,heap     ] GC(204)   Reserve:       42M (1%)           42M (1%)           42M (1%)           42M (1%)           42M (1%)           42M (1%)     
[109.731s][info][gc,heap     ] GC(204)      Free:     1152M (28%)         980M (24%)        3644M (90%)        3542M (87%)        3676M (91%)         970M (24%)    
[109.731s][info][gc,heap     ] GC(204)      Used:     2866M (71%)        3038M (75%)         374M (9%)          476M (12%)        3048M (75%)         342M (8%)     
[109.731s][info][gc,heap     ] GC(204)      Live:         -                72M (2%)           72M (2%)           72M (2%)             -                  -          
[109.731s][info][gc,heap     ] GC(204) Allocated:         -               172M (4%)          214M (5%)          464M (11%)            -                  -          
[109.731s][info][gc,heap     ] GC(204)   Garbage:         -              2793M (69%)          87M (2%)            3M (0%)             -                  -          
[109.732s][info][gc,heap     ] GC(204) Reclaimed:         -                  -              2706M (67%)        2790M (69%)            -                  -          
[109.732s][info][gc          ] GC(204) Garbage Collection (Allocation Rate) 2866M(71%)->476M(12%)
[110.039s][info][gc,start    ] GC(205) Garbage Collection (Allocation Rate)
[110.039s][info][gc,stats    ] === Garbage Collection Statistics =======================================================================================================================
[110.039s][info][gc,stats    ]                                                              Last 10s              Last 10m              Last 10h                Total
[110.039s][info][gc,stats    ]                                                              Avg / Max             Avg / Max             Avg / Max             Avg / Max
[110.039s][info][gc,stats    ]   Collector: Garbage Collection Cycle                     62.348 / 92.715       63.199 / 153.808      63.199 / 153.808      63.199 / 153.808     ms
[110.039s][info][gc,stats    ]  Contention: Mark Segment Reset Contention                     0 / 0                 0 / 0                 0 / 0                 0 / 0           ops/s
[110.039s][info][gc,stats    ]  Contention: Mark SeqNum Reset Contention                      0 / 0                 0 / 0                 0 / 0                 0 / 0           ops/s
[110.039s][info][gc,stats    ]  Contention: Relocation Contention                             0 / 1                 0 / 2                 0 / 2                 0 / 2           ops/s
[110.039s][info][gc,stats    ]    Critical: Allocation Stall                              0.000 / 0.000         0.000 / 0.000         0.000 / 0.000         0.000 / 0.000       ms
[110.039s][info][gc,stats    ]    Critical: Allocation Stall                                  0 / 0                 0 / 0                 0 / 0                 0 / 0           ops/s
[110.039s][info][gc,stats    ]    Critical: GC Locker Stall                               0.000 / 0.000         0.000 / 0.000         0.000 / 0.000         0.000 / 0.000       ms
[110.039s][info][gc,stats    ]    Critical: GC Locker Stall                                   0 / 0                 0 / 0                 0 / 0                 0 / 0           ops/s
[110.039s][info][gc,stats    ]      Memory: Allocation Rate                                4729 / 4800           4571 / 4810           4571 / 4810           4571 / 4810        MB/s
[110.039s][info][gc,stats    ]      Memory: Heap Used After Mark                           2771 / 3140           2680 / 3140           2680 / 3140           2680 / 3140        MB
[110.039s][info][gc,stats    ]      Memory: Heap Used After Relocation                      343 / 476             333 / 476             333 / 476             333 / 476         MB
[110.039s][info][gc,stats    ]      Memory: Heap Used Before Mark                          2606 / 2962           2512 / 2962           2512 / 2962           2512 / 2962        MB
[110.039s][info][gc,stats    ]      Memory: Heap Used Before Relocation                     314 / 382             311 / 384             311 / 384             311 / 384         MB
[110.039s][info][gc,stats    ]      Memory: Out Of Memory                                     0 / 0                 0 / 0                 0 / 0                 0 / 0           ops/s
[110.039s][info][gc,stats    ]      Memory: Page Cache Flush                                  0 / 0                 0 / 0                 0 / 0                 0 / 0           MB/s
[110.039s][info][gc,stats    ]      Memory: Page Cache Hit L1                              2393 / 2438           2295 / 2439           2295 / 2439           2295 / 2439        ops/s
[110.039s][info][gc,stats    ]      Memory: Page Cache Hit L2                                 0 / 0                 0 / 0                 0 / 0                 0 / 0           ops/s
[110.039s][info][gc,stats    ]      Memory: Page Cache Hit L3                                 0 / 0                 0 / 103               0 / 103               0 / 103         ops/s
[110.039s][info][gc,stats    ]      Memory: Page Cache Miss                                   0 / 0                 0 / 0                 0 / 0                 0 / 0           ops/s
[110.039s][info][gc,stats    ]      Memory: Uncommit                                          0 / 0                 0 / 0                 0 / 0                 0 / 0           MB/s
[110.039s][info][gc,stats    ]      Memory: Undo Object Allocation Failed                     0 / 0                 0 / 0                 0 / 0                 0 / 0           ops/s
[110.039s][info][gc,stats    ]      Memory: Undo Object Allocation Succeeded                  0 / 1                 0 / 2                 0 / 2                 0 / 2           ops/s
[110.039s][info][gc,stats    ]      Memory: Undo Page Allocation                              0 / 0                 0 / 0                 0 / 0                 0 / 0           ops/s
[110.039s][info][gc,stats    ]       Phase: Concurrent Mark                              36.717 / 44.547       40.190 / 106.230      40.190 / 106.230      40.190 / 106.230     ms
[110.039s][info][gc,stats    ]       Phase: Concurrent Mark Continue                      0.000 / 0.000         0.000 / 0.000         0.000 / 0.000         0.000 / 0.000       ms
[110.039s][info][gc,phases   ] GC(205) Pause Mark Start 0.066ms
[110.039s][info][gc,stats    ]       Phase: Concurrent Process Non-Strong References      1.593 / 1.873         1.646 / 3.379         1.646 / 3.379         1.646 / 3.379       ms
[110.039s][info][gc,stats    ]       Phase: Concurrent Relocate                          18.680 / 40.576       16.323 / 40.994       16.323 / 40.994       16.323 / 40.994      ms
[110.039s][info][gc,stats    ]       Phase: Concurrent Reset Relocation Set               0.513 / 1.237         0.462 / 1.503         0.462 / 1.503         0.462 / 1.503       ms
[110.039s][info][gc,stats    ]       Phase: Concurrent Select Relocation Set              3.709 / 6.789         3.401 / 7.978         3.401 / 7.978         3.401 / 7.978       ms
[110.039s][info][gc,stats    ]       Phase: Pause Mark End                                0.242 / 0.326         0.264 / 0.459         0.264 / 0.459         0.264 / 0.459       ms
[110.039s][info][gc,stats    ]       Phase: Pause Mark Start                              0.068 / 0.104         0.071 / 0.289         0.071 / 0.289         0.071 / 0.289       ms
[110.039s][info][gc,stats    ]       Phase: Pause Relocate Start                          0.071 / 0.111         0.072 / 0.152         0.072 / 0.152         0.072 / 0.152       ms
[110.039s][info][gc,stats    ]    Subphase: Concurrent Classes Purge                      0.086 / 0.114         0.090 / 0.200         0.090 / 0.200         0.090 / 0.200       ms
[110.039s][info][gc,stats    ]    Subphase: Concurrent Classes Unlink                     1.202 / 1.476         1.218 / 2.988         1.218 / 2.988         1.218 / 2.988       ms
[110.039s][info][gc,stats    ]    Subphase: Concurrent Mark                              36.579 / 44.466       40.052 / 106.127      40.052 / 106.127      40.052 / 106.127     ms
[110.039s][info][gc,stats    ]    Subphase: Concurrent Mark Idle                          0.000 / 0.000         0.000 / 0.000         0.000 / 0.000         0.000 / 0.000       ms
[110.039s][info][gc,stats    ]    Subphase: Concurrent Mark Try Flush                     0.081 / 0.108         0.070 / 0.160         0.070 / 0.160         0.070 / 0.160       ms
[110.039s][info][gc,stats    ]    Subphase: Concurrent Mark Try Terminate                 0.038 / 0.090         0.032 / 0.107         0.032 / 0.107         0.032 / 0.107       ms
[110.039s][info][gc,stats    ]    Subphase: Concurrent References Enqueue                 0.000 / 0.001         0.000 / 0.002         0.000 / 0.002         0.000 / 0.002       ms
[110.039s][info][gc,stats    ]    Subphase: Concurrent References Process                 0.055 / 0.100         0.058 / 0.131         0.058 / 0.131         0.058 / 0.131       ms
[110.039s][info][gc,stats    ]    Subphase: Concurrent Roots                              0.043 / 0.054         0.050 / 0.196         0.050 / 0.196         0.050 / 0.196       ms
[110.039s][info][gc,stats    ]    Subphase: Concurrent Roots ClassLoaderDataGraph         0.039 / 0.049         0.045 / 0.184         0.045 / 0.184         0.045 / 0.184       ms
[110.039s][info][gc,stats    ]    Subphase: Concurrent Roots JNIHandles                   0.002 / 0.003         0.002 / 0.009         0.002 / 0.009         0.002 / 0.009       ms
[110.039s][info][gc,stats    ]    Subphase: Concurrent Roots Setup                        0.003 / 0.003         0.003 / 0.008         0.003 / 0.008         0.003 / 0.008       ms
[110.039s][info][gc,stats    ]    Subphase: Concurrent Roots Teardown                     0.000 / 0.000         0.000 / 0.000         0.000 / 0.000         0.000 / 0.000       ms
[110.039s][info][gc,stats    ]    Subphase: Concurrent Roots VMHandles                    0.002 / 0.002         0.002 / 0.007         0.002 / 0.007         0.002 / 0.007       ms
[110.039s][info][gc,stats    ]    Subphase: Concurrent Weak Roots                         0.146 / 0.165         0.173 / 0.433         0.173 / 0.433         0.173 / 0.433       ms
[110.039s][info][gc,stats    ]    Subphase: Concurrent Weak Roots JNIWeakHandles          0.000 / 0.001         0.000 / 0.001         0.000 / 0.001         0.000 / 0.001       ms
[110.039s][info][gc,stats    ]    Subphase: Concurrent Weak Roots ResolvedMethodTable     0.006 / 0.007         0.006 / 0.018         0.006 / 0.018         0.006 / 0.018       ms
[110.039s][info][gc,stats    ]    Subphase: Concurrent Weak Roots StringTable             0.137 / 0.154         0.163 / 0.416         0.163 / 0.416         0.163 / 0.416       ms
[110.039s][info][gc,stats    ]    Subphase: Concurrent Weak Roots VMWeakHandles           0.002 / 0.003         0.002 / 0.010         0.002 / 0.010         0.002 / 0.010       ms
[110.039s][info][gc,stats    ]    Subphase: Pause Mark Try Complete                       0.135 / 0.152         0.150 / 0.348         0.150 / 0.348         0.150 / 0.348       ms
[110.039s][info][gc,stats    ]    Subphase: Pause Roots                                   0.012 / 0.053         0.013 / 0.246         0.013 / 0.246         0.013 / 0.246       ms
[110.039s][info][gc,stats    ]    Subphase: Pause Roots CodeCache                         0.000 / 0.000         0.000 / 0.000         0.000 / 0.000         0.000 / 0.000       ms
[110.039s][info][gc,stats    ]    Subphase: Pause Roots JVMTIExport                       0.001 / 0.001         0.001 / 0.004         0.001 / 0.004         0.001 / 0.004       ms
[110.039s][info][gc,stats    ]    Subphase: Pause Roots JVMTIWeakExport                   0.001 / 0.001         0.001 / 0.003         0.001 / 0.003         0.001 / 0.003       ms
[110.039s][info][gc,stats    ]    Subphase: Pause Roots Java Threads                      0.016 / 0.049         0.019 / 0.246         0.019 / 0.246         0.019 / 0.246       ms
[110.039s][info][gc,stats    ]    Subphase: Pause Roots Management                        0.001 / 0.002         0.001 / 0.004         0.001 / 0.004         0.001 / 0.004       ms
[110.039s][info][gc,stats    ]    Subphase: Pause Roots ObjectSynchronizer                0.000 / 0.001         0.000 / 0.022         0.000 / 0.022         0.000 / 0.022       ms
[110.039s][info][gc,stats    ]    Subphase: Pause Roots Setup                             0.000 / 0.001         0.000 / 0.002         0.000 / 0.002         0.000 / 0.002       ms
[110.039s][info][gc,stats    ]    Subphase: Pause Roots Teardown                          0.000 / 0.001         0.000 / 0.002         0.000 / 0.002         0.000 / 0.002       ms
[110.039s][info][gc,stats    ]    Subphase: Pause Roots Universe                          0.001 / 0.003         0.001 / 0.015         0.001 / 0.015         0.001 / 0.015       ms
[110.039s][info][gc,stats    ]    Subphase: Pause Roots VM Thread                         0.001 / 0.002         0.001 / 0.003         0.001 / 0.003         0.001 / 0.003       ms
[110.039s][info][gc,stats    ]    Subphase: Pause Weak Roots                              0.003 / 0.015         0.003 / 0.086         0.003 / 0.086         0.003 / 0.086       ms
[110.039s][info][gc,stats    ]    Subphase: Pause Weak Roots JFRWeak                      0.012 / 0.015         0.013 / 0.082         0.013 / 0.082         0.013 / 0.082       ms
[110.039s][info][gc,stats    ]    Subphase: Pause Weak Roots JVMTIWeakExport              0.001 / 0.001         0.001 / 0.006         0.001 / 0.006         0.001 / 0.006       ms
[110.039s][info][gc,stats    ]    Subphase: Pause Weak Roots Setup                        0.000 / 0.001         0.000 / 0.001         0.000 / 0.001         0.000 / 0.001       ms
[110.039s][info][gc,stats    ]    Subphase: Pause Weak Roots Teardown                     0.000 / 0.000         0.000 / 0.000         0.000 / 0.000         0.000 / 0.000       ms
[110.039s][info][gc,stats    ]      System: Java Threads                                     14 / 14               14 / 15               14 / 15               14 / 15          threads
[110.039s][info][gc,stats    ] =========================================================================================================================================================
[110.108s][info][gc,phases   ] GC(205) Concurrent Mark 69.455ms
[110.109s][info][gc,phases   ] GC(205) Pause Mark End 0.240ms
[110.110s][info][gc,phases   ] GC(205) Concurrent Process Non-Strong References 1.485ms
[110.111s][info][gc,phases   ] GC(205) Concurrent Reset Relocation Set 0.850ms
[110.115s][info][gc,phases   ] GC(205) Concurrent Select Relocation Set 4.345ms
[110.116s][info][gc,phases   ] GC(205) Pause Relocate Start 0.062ms
[110.146s][info][gc,phases   ] GC(205) Concurrent Relocate 30.565ms
[110.146s][info][gc,load     ] GC(205) Load: 0.00/0.00/0.00
[110.146s][info][gc,mmu      ] GC(205) MMU: 2ms/77.0%, 5ms/89.5%, 10ms/94.4%, 20ms/97.2%, 50ms/98.7%, 100ms/99.4%
[110.146s][info][gc,marking  ] GC(205) Mark: 1 stripe(s), 2 proactive flush(es), 1 terminate flush(es), 1 completion(s), 0 continuation(s) 
[110.146s][info][gc,nmethod  ] GC(205) NMethods: 1479 registered, 0 unregistered
[110.146s][info][gc,metaspace] GC(205) Metaspace: 4M used, 4M capacity, 4M committed, 1032M reserved
[110.146s][info][gc,ref      ] GC(205) Soft: 261 encountered, 0 discovered, 0 enqueued
[110.146s][info][gc,ref      ] GC(205) Weak: 280 encountered, 229 discovered, 0 enqueued
[110.146s][info][gc,ref      ] GC(205) Final: 1 encountered, 0 discovered, 0 enqueued
[110.146s][info][gc,ref      ] GC(205) Phantom: 39 encountered, 30 discovered, 0 enqueued
[110.146s][info][gc,reloc    ] GC(205) Small Pages: 973 / 1946M(100%), Empty: 1812M(93%), Compacting: 110M(6%)->54M(3%)
[110.146s][info][gc,reloc    ] GC(205) Medium Pages: 0 / 0M(0%), Empty: 0M(0%), Compacting: 0M(0%)->0M(0%)
[110.146s][info][gc,reloc    ] GC(205) Large Pages: 1 / 8M(0%), Empty: 0M(0%), Compacting: 0M(0%)->0M(0%)
[110.146s][info][gc,reloc    ] GC(205) Relocation: Successful
[110.147s][info][gc,heap     ] GC(205) Min Capacity: 42M(1%)
[110.147s][info][gc,heap     ] GC(205) Max Capacity: 4060M(100%)
[110.147s][info][gc,heap     ] GC(205) Soft Max Capacity: 4060M(100%)
[110.147s][info][gc,heap     ] GC(205)                Mark Start          Mark End        Relocate Start      Relocate End           High               Low         
[110.147s][info][gc,heap     ] GC(205)  Capacity:     3186M (78%)        3186M (78%)        3186M (78%)        3186M (78%)        3186M (78%)        3186M (78%)    
[110.147s][info][gc,heap     ] GC(205)   Reserve:       42M (1%)           42M (1%)           42M (1%)           42M (1%)           42M (1%)           42M (1%)     
[110.147s][info][gc,heap     ] GC(205)      Free:     2064M (51%)        1910M (47%)        3698M (91%)        3612M (89%)        3716M (92%)        1906M (47%)    
[110.147s][info][gc,heap     ] GC(205)      Used:     1954M (48%)        2108M (52%)         320M (8%)          406M (10%)        2112M (52%)         302M (7%)     
[110.147s][info][gc,heap     ] GC(205)      Live:         -                74M (2%)           74M (2%)           74M (2%)             -                  -          
[110.147s][info][gc,heap     ] GC(205) Allocated:         -               154M (4%)          178M (4%)          374M (9%)             -                  -          
[110.147s][info][gc,heap     ] GC(205)   Garbage:         -              1879M (46%)          67M (2%)            7M (0%)             -                  -          
[110.147s][info][gc,heap     ] GC(205) Reclaimed:         -                  -              1812M (45%)        1872M (46%)            -                  -          
[110.147s][info][gc          ] GC(205) Garbage Collection (Allocation Rate) 1954M(48%)->406M(10%)
[110.537s][info][gc,start    ] GC(206) Garbage Collection (Allocation Rate)
[110.537s][info][gc,phases   ] GC(206) Pause Mark Start 0.061ms
[110.583s][info][gc,phases   ] GC(206) Concurrent Mark 45.883ms
[110.584s][info][gc,phases   ] GC(206) Pause Mark End 0.311ms
[110.585s][info][gc,phases   ] GC(206) Concurrent Process Non-Strong References 1.519ms
[110.586s][info][gc,phases   ] GC(206) Concurrent Reset Relocation Set 0.952ms
[110.591s][info][gc,phases   ] GC(206) Concurrent Select Relocation Set 4.409ms
[110.591s][info][gc,phases   ] GC(206) Pause Relocate Start 0.089ms
[110.619s][info][gc,phases   ] GC(206) Concurrent Relocate 27.719ms
[110.619s][info][gc,load     ] GC(206) Load: 0.00/0.00/0.00
[110.619s][info][gc,mmu      ] GC(206) MMU: 2ms/77.0%, 5ms/89.5%, 10ms/94.4%, 20ms/97.2%, 50ms/98.7%, 100ms/99.4%
[110.619s][info][gc,marking  ] GC(206) Mark: 1 stripe(s), 2 proactive flush(es), 1 terminate flush(es), 1 completion(s), 0 continuation(s) 
[110.619s][info][gc,nmethod  ] GC(206) NMethods: 1479 registered, 0 unregistered
[110.619s][info][gc,metaspace] GC(206) Metaspace: 4M used, 4M capacity, 4M committed, 1032M reserved
[110.619s][info][gc,ref      ] GC(206) Soft: 261 encountered, 0 discovered, 0 enqueued
[110.619s][info][gc,ref      ] GC(206) Weak: 280 encountered, 229 discovered, 0 enqueued
[110.619s][info][gc,ref      ] GC(206) Final: 1 encountered, 0 discovered, 0 enqueued
[110.619s][info][gc,ref      ] GC(206) Phantom: 39 encountered, 30 discovered, 0 enqueued
[110.619s][info][gc,reloc    ] GC(206) Small Pages: 1111 / 2222M(100%), Empty: 2066M(93%), Compacting: 144M(6%)->48M(2%)
[110.619s][info][gc,reloc    ] GC(206) Medium Pages: 0 / 0M(0%), Empty: 0M(0%), Compacting: 0M(0%)->0M(0%)
[110.619s][info][gc,reloc    ] GC(206) Large Pages: 1 / 8M(0%), Empty: 0M(0%), Compacting: 0M(0%)->0M(0%)
[110.619s][info][gc,reloc    ] GC(206) Relocation: Successful
[110.619s][info][gc,heap     ] GC(206) Min Capacity: 42M(1%)
[110.619s][info][gc,heap     ] GC(206) Max Capacity: 4060M(100%)
[110.619s][info][gc,heap     ] GC(206) Soft Max Capacity: 4060M(100%)
[110.619s][info][gc,heap     ] GC(206)                Mark Start          Mark End        Relocate Start      Relocate End           High               Low         
[110.619s][info][gc,heap     ] GC(206)  Capacity:     3186M (78%)        3186M (78%)        3186M (78%)        3186M (78%)        3186M (78%)        3186M (78%)    
[110.619s][info][gc,heap     ] GC(206)   Reserve:       42M (1%)           42M (1%)           42M (1%)           42M (1%)           42M (1%)           42M (1%)     
[110.619s][info][gc,heap     ] GC(206)      Free:     1788M (44%)        1612M (40%)        3644M (90%)        3610M (89%)        3666M (90%)        1600M (39%)    
[110.619s][info][gc,heap     ] GC(206)      Used:     2230M (55%)        2406M (59%)         374M (9%)          408M (10%)        2418M (60%)         352M (9%)     
[110.619s][info][gc,heap     ] GC(206)      Live:         -                59M (1%)           59M (1%)           59M (1%)             -                  -          
[110.619s][info][gc,heap     ] GC(206) Allocated:         -               176M (4%)          210M (5%)          388M (10%)            -                  -          
[110.619s][info][gc,heap     ] GC(206)   Garbage:         -              2170M (53%)         104M (3%)            6M (0%)             -                  -          
[110.619s][info][gc,heap     ] GC(206) Reclaimed:         -                  -              2066M (51%)        2164M (53%)            -                  -          
[110.619s][info][gc          ] GC(206) Garbage Collection (Allocation Rate) 2230M(55%)->408M(10%)
[111.038s][info][gc,start    ] GC(207) Garbage Collection (Allocation Rate)
[111.038s][info][gc,phases   ] GC(207) Pause Mark Start 0.057ms
[111.082s][info][gc,phases   ] GC(207) Concurrent Mark 43.893ms
[111.082s][info][gc,phases   ] GC(207) Pause Mark End 0.274ms
[111.084s][info][gc,phases   ] GC(207) Concurrent Process Non-Strong References 1.825ms
[111.085s][info][gc,phases   ] GC(207) Concurrent Reset Relocation Set 0.830ms
[111.090s][info][gc,phases   ] GC(207) Concurrent Select Relocation Set 5.286ms
[111.091s][info][gc,phases   ] GC(207) Pause Relocate Start 0.088ms
[111.124s][info][gc,phases   ] GC(207) Concurrent Relocate 33.325ms
[111.124s][info][gc,load     ] GC(207) Load: 0.00/0.00/0.00
[111.124s][info][gc,mmu      ] GC(207) MMU: 2ms/77.0%, 5ms/89.5%, 10ms/94.4%, 20ms/97.2%, 50ms/98.7%, 100ms/99.4%
[111.124s][info][gc,marking  ] GC(207) Mark: 1 stripe(s), 2 proactive flush(es), 1 terminate flush(es), 1 completion(s), 0 continuation(s) 
[111.124s][info][gc,nmethod  ] GC(207) NMethods: 1479 registered, 0 unregistered
[111.124s][info][gc,metaspace] GC(207) Metaspace: 4M used, 4M capacity, 4M committed, 1032M reserved
[111.124s][info][gc,ref      ] GC(207) Soft: 261 encountered, 0 discovered, 0 enqueued
[111.124s][info][gc,ref      ] GC(207) Weak: 280 encountered, 229 discovered, 0 enqueued
[111.124s][info][gc,ref      ] GC(207) Final: 1 encountered, 0 discovered, 0 enqueued
[111.124s][info][gc,ref      ] GC(207) Phantom: 39 encountered, 30 discovered, 0 enqueued
[111.124s][info][gc,reloc    ] GC(207) Small Pages: 1192 / 2384M(100%), Empty: 2258M(94%), Compacting: 100M(4%)->36M(2%)
[111.124s][info][gc,reloc    ] GC(207) Medium Pages: 0 / 0M(0%), Empty: 0M(0%), Compacting: 0M(0%)->0M(0%)
[111.124s][info][gc,reloc    ] GC(207) Large Pages: 1 / 8M(0%), Empty: 0M(0%), Compacting: 0M(0%)->0M(0%)
[111.124s][info][gc,reloc    ] GC(207) Relocation: Successful
[111.124s][info][gc,heap     ] GC(207) Min Capacity: 42M(1%)
[111.124s][info][gc,heap     ] GC(207) Max Capacity: 4060M(100%)
[111.124s][info][gc,heap     ] GC(207) Soft Max Capacity: 4060M(100%)
[111.125s][info][gc,heap     ] GC(207)                Mark Start          Mark End        Relocate Start      Relocate End           High               Low         
[111.125s][info][gc,heap     ] GC(207)  Capacity:     3186M (78%)        3186M (78%)        3186M (78%)        3186M (78%)        3186M (78%)        3186M (78%)    
[111.125s][info][gc,heap     ] GC(207)   Reserve:       42M (1%)           42M (1%)           42M (1%)           42M (1%)           42M (1%)           42M (1%)     
[111.125s][info][gc,heap     ] GC(207)      Free:     1626M (40%)        1442M (36%)        3666M (90%)        3634M (90%)        3688M (91%)        1430M (35%)    
[111.125s][info][gc,heap     ] GC(207)      Used:     2392M (59%)        2576M (63%)         352M (9%)          384M (9%)         2588M (64%)         330M (8%)     
[111.125s][info][gc,heap     ] GC(207)      Live:         -                61M (2%)           61M (2%)           61M (2%)             -                  -          
[111.125s][info][gc,heap     ] GC(207) Allocated:         -               184M (5%)          218M (5%)          350M (9%)             -                  -          
[111.125s][info][gc,heap     ] GC(207)   Garbage:         -              2330M (57%)          72M (2%)           12M (0%)             -                  -          
[111.125s][info][gc,heap     ] GC(207) Reclaimed:         -                  -              2258M (56%)        2318M (57%)            -                  -          
[111.125s][info][gc          ] GC(207) Garbage Collection (Allocation Rate) 2392M(59%)->384M(9%)
[111.538s][info][gc,start    ] GC(208) Garbage Collection (Allocation Rate)
[111.538s][info][gc,phases   ] GC(208) Pause Mark Start 0.058ms
[111.578s][info][gc,phases   ] GC(208) Concurrent Mark 39.964ms
[111.579s][info][gc,phases   ] GC(208) Pause Mark End 0.246ms
[111.580s][info][gc,phases   ] GC(208) Concurrent Process Non-Strong References 1.617ms
[111.581s][info][gc,phases   ] GC(208) Concurrent Reset Relocation Set 0.810ms
[111.584s][info][gc,phases   ] GC(208) Concurrent Select Relocation Set 2.563ms
[111.584s][info][gc,phases   ] GC(208) Pause Relocate Start 0.066ms
[111.592s][info][gc,phases   ] GC(208) Concurrent Relocate 7.367ms
[111.592s][info][gc,load     ] GC(208) Load: 0.00/0.00/0.00
[111.592s][info][gc,mmu      ] GC(208) MMU: 2ms/77.0%, 5ms/89.5%, 10ms/94.4%, 20ms/97.2%, 50ms/98.7%, 100ms/99.4%
[111.592s][info][gc,marking  ] GC(208) Mark: 1 stripe(s), 2 proactive flush(es), 1 terminate flush(es), 1 completion(s), 0 continuation(s) 
[111.592s][info][gc,nmethod  ] GC(208) NMethods: 1479 registered, 0 unregistered
[111.592s][info][gc,metaspace] GC(208) Metaspace: 4M used, 4M capacity, 4M committed, 1032M reserved
[111.592s][info][gc,ref      ] GC(208) Soft: 261 encountered, 0 discovered, 0 enqueued
[111.592s][info][gc,ref      ] GC(208) Weak: 280 encountered, 229 discovered, 0 enqueued
[111.592s][info][gc,ref      ] GC(208) Final: 1 encountered, 0 discovered, 0 enqueued
[111.592s][info][gc,ref      ] GC(208) Phantom: 39 encountered, 30 discovered, 0 enqueued
[111.592s][info][gc,reloc    ] GC(208) Small Pages: 1113 / 2226M(100%), Empty: 2126M(95%), Compacting: 40M(2%)->12M(1%)
[111.592s][info][gc,reloc    ] GC(208) Medium Pages: 0 / 0M(0%), Empty: 0M(0%), Compacting: 0M(0%)->0M(0%)
[111.592s][info][gc,reloc    ] GC(208) Large Pages: 1 / 8M(0%), Empty: 0M(0%), Compacting: 0M(0%)->0M(0%)
[111.592s][info][gc,reloc    ] GC(208) Relocation: Successful
[111.592s][info][gc,heap     ] GC(208) Min Capacity: 42M(1%)
[111.592s][info][gc,heap     ] GC(208) Max Capacity: 4060M(100%)
[111.592s][info][gc,heap     ] GC(208) Soft Max Capacity: 4060M(100%)
[111.592s][info][gc,heap     ] GC(208)                Mark Start          Mark End        Relocate Start      Relocate End           High               Low         
[111.592s][info][gc,heap     ] GC(208)  Capacity:     3186M (78%)        3186M (78%)        3186M (78%)        3186M (78%)        3186M (78%)        3186M (78%)    
[111.592s][info][gc,heap     ] GC(208)   Reserve:       42M (1%)           42M (1%)           42M (1%)           42M (1%)           42M (1%)           42M (1%)     
[111.592s][info][gc,heap     ] GC(208)      Free:     1784M (44%)        1594M (39%)        3696M (91%)        3686M (91%)        3708M (91%)        1582M (39%)    
[111.592s][info][gc,heap     ] GC(208)      Used:     2234M (55%)        2424M (60%)         322M (8%)          332M (8%)         2436M (60%)         310M (8%)     
[111.592s][info][gc,heap     ] GC(208)      Live:         -                69M (2%)           69M (2%)           69M (2%)             -                  -          
[111.592s][info][gc,heap     ] GC(208) Allocated:         -               190M (5%)          214M (5%)          264M (7%)             -                  -          
[111.592s][info][gc,heap     ] GC(208)   Garbage:         -              2164M (53%)          38M (1%)           12M (0%)             -                  -          
[111.592s][info][gc,heap     ] GC(208) Reclaimed:         -                  -              2126M (52%)        2152M (53%)            -                  -          
[111.592s][info][gc          ] GC(208) Garbage Collection (Allocation Rate) 2234M(55%)->332M(8%)
[112.038s][info][gc,start    ] GC(209) Garbage Collection (Allocation Rate)
[112.038s][info][gc,phases   ] GC(209) Pause Mark Start 0.054ms
[112.077s][info][gc,phases   ] GC(209) Concurrent Mark 38.676ms
[112.077s][info][gc,phases   ] GC(209) Pause Mark End 0.234ms
[112.079s][info][gc,phases   ] GC(209) Concurrent Process Non-Strong References 1.522ms
[112.079s][info][gc,phases   ] GC(209) Concurrent Reset Relocation Set 0.036ms
[112.082s][info][gc,phases   ] GC(209) Concurrent Select Relocation Set 3.347ms
[112.082s][info][gc,phases   ] GC(209) Pause Relocate Start 0.083ms
[112.109s][info][gc,phases   ] GC(209) Concurrent Relocate 26.664ms
[112.109s][info][gc,load     ] GC(209) Load: 0.00/0.00/0.00
[112.109s][info][gc,mmu      ] GC(209) MMU: 2ms/77.0%, 5ms/89.5%, 10ms/94.4%, 20ms/97.2%, 50ms/98.7%, 100ms/99.4%
[112.109s][info][gc,marking  ] GC(209) Mark: 1 stripe(s), 2 proactive flush(es), 1 terminate flush(es), 1 completion(s), 0 continuation(s) 
[112.109s][info][gc,nmethod  ] GC(209) NMethods: 1479 registered, 0 unregistered
[112.109s][info][gc,metaspace] GC(209) Metaspace: 4M used, 4M capacity, 4M committed, 1032M reserved
[112.109s][info][gc,ref      ] GC(209) Soft: 261 encountered, 0 discovered, 0 enqueued
[112.109s][info][gc,ref      ] GC(209) Weak: 280 encountered, 229 discovered, 0 enqueued
[112.109s][info][gc,ref      ] GC(209) Final: 1 encountered, 0 discovered, 0 enqueued
[112.109s][info][gc,ref      ] GC(209) Phantom: 39 encountered, 30 discovered, 0 enqueued
[112.109s][info][gc,reloc    ] GC(209) Small Pages: 1233 / 2466M(100%), Empty: 2336M(94%), Compacting: 100M(4%)->36M(1%)
[112.109s][info][gc,reloc    ] GC(209) Medium Pages: 0 / 0M(0%), Empty: 0M(0%), Compacting: 0M(0%)->0M(0%)
[112.109s][info][gc,reloc    ] GC(209) Large Pages: 1 / 8M(0%), Empty: 0M(0%), Compacting: 0M(0%)->0M(0%)
[112.109s][info][gc,reloc    ] GC(209) Relocation: Successful
[112.109s][info][gc,heap     ] GC(209) Min Capacity: 42M(1%)
[112.109s][info][gc,heap     ] GC(209) Max Capacity: 4060M(100%)
[112.109s][info][gc,heap     ] GC(209) Soft Max Capacity: 4060M(100%)
[112.109s][info][gc,heap     ] GC(209)                Mark Start          Mark End        Relocate Start      Relocate End           High               Low         
[112.109s][info][gc,heap     ] GC(209)  Capacity:     3186M (78%)        3186M (78%)        3186M (78%)        3186M (78%)        3186M (78%)        3186M (78%)    
[112.109s][info][gc,heap     ] GC(209)   Reserve:       42M (1%)           42M (1%)           42M (1%)           42M (1%)           42M (1%)           42M (1%)     
[112.109s][info][gc,heap     ] GC(209)      Free:     1544M (38%)        1362M (34%)        3674M (90%)        3614M (89%)        3690M (91%)        1354M (33%)    
[112.109s][info][gc,heap     ] GC(209)      Used:     2474M (61%)        2656M (65%)         344M (8%)          404M (10%)        2664M (66%)         328M (8%)     
[112.109s][info][gc,heap     ] GC(209)      Live:         -                65M (2%)           65M (2%)           65M (2%)             -                  -          
[112.109s][info][gc,heap     ] GC(209) Allocated:         -               182M (4%)          206M (5%)          366M (9%)             -                  -          
[112.109s][info][gc,heap     ] GC(209)   Garbage:         -              2408M (59%)          72M (2%)            6M (0%)             -                  -          
[112.109s][info][gc,heap     ] GC(209) Reclaimed:         -                  -              2336M (58%)        2402M (59%)            -                  -          
[112.109s][info][gc          ] GC(209) Garbage Collection (Allocation Rate) 2474M(61%)->404M(10%)
[112.538s][info][gc,start    ] GC(210) Garbage Collection (Allocation Rate)
[112.538s][info][gc,phases   ] GC(210) Pause Mark Start 0.061ms
[112.577s][info][gc,phases   ] GC(210) Concurrent Mark 38.925ms
[112.578s][info][gc,phases   ] GC(210) Pause Mark End 0.294ms
[112.579s][info][gc,phases   ] GC(210) Concurrent Process Non-Strong References 1.614ms
[112.580s][info][gc,phases   ] GC(210) Concurrent Reset Relocation Set 0.727ms
[112.586s][info][gc,phases   ] GC(210) Concurrent Select Relocation Set 5.791ms
[112.586s][info][gc,phases   ] GC(210) Pause Relocate Start 0.058ms
[112.617s][info][gc,phases   ] GC(210) Concurrent Relocate 30.494ms
[112.617s][info][gc,load     ] GC(210) Load: 0.00/0.00/0.00
[112.617s][info][gc,mmu      ] GC(210) MMU: 2ms/77.0%, 5ms/89.5%, 10ms/94.4%, 20ms/97.2%, 50ms/98.7%, 100ms/99.4%
[112.617s][info][gc,marking  ] GC(210) Mark: 1 stripe(s), 2 proactive flush(es), 1 terminate flush(es), 1 completion(s), 0 continuation(s) 
[112.617s][info][gc,nmethod  ] GC(210) NMethods: 1481 registered, 0 unregistered
[112.617s][info][gc,metaspace] GC(210) Metaspace: 4M used, 4M capacity, 4M committed, 1032M reserved
[112.617s][info][gc,ref      ] GC(210) Soft: 261 encountered, 0 discovered, 0 enqueued
[112.617s][info][gc,ref      ] GC(210) Weak: 280 encountered, 229 discovered, 0 enqueued
[112.617s][info][gc,ref      ] GC(210) Final: 1 encountered, 0 discovered, 0 enqueued
[112.617s][info][gc,ref      ] GC(210) Phantom: 39 encountered, 30 discovered, 0 enqueued
[112.617s][info][gc,reloc    ] GC(210) Small Pages: 1221 / 2442M(100%), Empty: 2292M(94%), Compacting: 138M(6%)->52M(2%)
[112.617s][info][gc,reloc    ] GC(210) Medium Pages: 0 / 0M(0%), Empty: 0M(0%), Compacting: 0M(0%)->0M(0%)
[112.617s][info][gc,reloc    ] GC(210) Large Pages: 1 / 8M(0%), Empty: 0M(0%), Compacting: 0M(0%)->0M(0%)
[112.617s][info][gc,reloc    ] GC(210) Relocation: Successful
[112.617s][info][gc,heap     ] GC(210) Min Capacity: 42M(1%)
[112.617s][info][gc,heap     ] GC(210) Max Capacity: 4060M(100%)
[112.617s][info][gc,heap     ] GC(210) Soft Max Capacity: 4060M(100%)
[112.617s][info][gc,heap     ] GC(210)                Mark Start          Mark End        Relocate Start      Relocate End           High               Low         
[112.617s][info][gc,heap     ] GC(210)  Capacity:     3186M (78%)        3186M (78%)        3186M (78%)        3186M (78%)        3186M (78%)        3186M (78%)    
[112.617s][info][gc,heap     ] GC(210)   Reserve:       42M (1%)           42M (1%)           42M (1%)           42M (1%)           42M (1%)           42M (1%)     
[112.617s][info][gc,heap     ] GC(210)      Free:     1568M (39%)        1392M (34%)        3646M (90%)        3590M (88%)        3674M (90%)        1382M (34%)    
[112.617s][info][gc,heap     ] GC(210)      Used:     2450M (60%)        2626M (65%)         372M (9%)          428M (11%)        2636M (65%)         344M (8%)     
[112.617s][info][gc,heap     ] GC(210)      Live:         -                63M (2%)           63M (2%)           63M (2%)             -                  -          
[112.617s][info][gc,heap     ] GC(210) Allocated:         -               176M (4%)          214M (5%)          408M (10%)            -                  -          
[112.617s][info][gc,heap     ] GC(210)   Garbage:         -              2386M (59%)          94M (2%)            4M (0%)             -                  -          
[112.617s][info][gc,heap     ] GC(210) Reclaimed:         -                  -              2292M (56%)        2382M (59%)            -                  -          
[112.617s][info][gc          ] GC(210) Garbage Collection (Allocation Rate) 2450M(60%)->428M(11%)
[113.038s][info][gc,start    ] GC(211) Garbage Collection (Allocation Rate)
[113.038s][info][gc,phases   ] GC(211) Pause Mark Start 0.064ms
[113.074s][info][gc,phases   ] GC(211) Concurrent Mark 35.781ms
[113.075s][info][gc,phases   ] GC(211) Pause Mark End 0.235ms
[113.076s][info][gc,phases   ] GC(211) Concurrent Process Non-Strong References 1.437ms
[113.077s][info][gc,phases   ] GC(211) Concurrent Reset Relocation Set 0.870ms
[113.082s][info][gc,phases   ] GC(211) Concurrent Select Relocation Set 4.580ms
[113.082s][info][gc,phases   ] GC(211) Pause Relocate Start 0.063ms
[113.111s][info][gc,phases   ] GC(211) Concurrent Relocate 29.452ms
[113.111s][info][gc,load     ] GC(211) Load: 0.00/0.00/0.00
[113.111s][info][gc,mmu      ] GC(211) MMU: 2ms/77.0%, 5ms/89.5%, 10ms/94.4%, 20ms/97.2%, 50ms/98.7%, 100ms/99.4%
[113.111s][info][gc,marking  ] GC(211) Mark: 1 stripe(s), 2 proactive flush(es), 1 terminate flush(es), 1 completion(s), 0 continuation(s) 
[113.111s][info][gc,nmethod  ] GC(211) NMethods: 1481 registered, 0 unregistered
[113.112s][info][gc,metaspace] GC(211) Metaspace: 4M used, 4M capacity, 4M committed, 1032M reserved
[113.112s][info][gc,ref      ] GC(211) Soft: 261 encountered, 0 discovered, 0 enqueued
[113.112s][info][gc,ref      ] GC(211) Weak: 280 encountered, 229 discovered, 0 enqueued
[113.112s][info][gc,ref      ] GC(211) Final: 1 encountered, 0 discovered, 0 enqueued
[113.112s][info][gc,ref      ] GC(211) Phantom: 39 encountered, 30 discovered, 0 enqueued
[113.112s][info][gc,reloc    ] GC(211) Small Pages: 1225 / 2450M(100%), Empty: 2304M(94%), Compacting: 140M(6%)->52M(2%)
[113.112s][info][gc,reloc    ] GC(211) Medium Pages: 0 / 0M(0%), Empty: 0M(0%), Compacting: 0M(0%)->0M(0%)
[113.112s][info][gc,reloc    ] GC(211) Large Pages: 1 / 8M(0%), Empty: 0M(0%), Compacting: 0M(0%)->0M(0%)
[113.112s][info][gc,reloc    ] GC(211) Relocation: Successful
[113.112s][info][gc,heap     ] GC(211) Min Capacity: 42M(1%)
[113.112s][info][gc,heap     ] GC(211) Max Capacity: 4060M(100%)
[113.112s][info][gc,heap     ] GC(211) Soft Max Capacity: 4060M(100%)
[113.112s][info][gc,heap     ] GC(211)                Mark Start          Mark End        Relocate Start      Relocate End           High               Low         
[113.112s][info][gc,heap     ] GC(211)  Capacity:     3186M (78%)        3186M (78%)        3186M (78%)        3186M (78%)        3186M (78%)        3186M (78%)    
[113.112s][info][gc,heap     ] GC(211)   Reserve:       42M (1%)           42M (1%)           42M (1%)           42M (1%)           42M (1%)           42M (1%)     
[113.112s][info][gc,heap     ] GC(211)      Free:     1560M (38%)        1392M (34%)        3662M (90%)        3614M (89%)        3684M (91%)        1380M (34%)    
[113.112s][info][gc,heap     ] GC(211)      Used:     2458M (61%)        2626M (65%)         356M (9%)          404M (10%)        2638M (65%)         334M (8%)     
[113.112s][info][gc,heap     ] GC(211)      Live:         -                58M (1%)           58M (1%)           58M (1%)             -                  -          
[113.112s][info][gc,heap     ] GC(211) Allocated:         -               168M (4%)          202M (5%)          390M (10%)            -                  -          
[113.112s][info][gc,heap     ] GC(211)   Garbage:         -              2399M (59%)          95M (2%)            3M (0%)             -                  -          
[113.112s][info][gc,heap     ] GC(211) Reclaimed:         -                  -              2304M (57%)        2396M (59%)            -                  -          
[113.112s][info][gc          ] GC(211) Garbage Collection (Allocation Rate) 2458M(61%)->404M(10%)
[113.539s][info][gc,start    ] GC(212) Garbage Collection (Allocation Rate)
[113.539s][info][gc,phases   ] GC(212) Pause Mark Start 0.059ms
[113.568s][info][gc,phases   ] GC(212) Concurrent Mark 29.142ms
[113.568s][info][gc,phases   ] GC(212) Pause Mark End 0.255ms
[113.570s][info][gc,phases   ] GC(212) Concurrent Process Non-Strong References 1.653ms
[113.571s][info][gc,phases   ] GC(212) Concurrent Reset Relocation Set 1.220ms
[113.574s][info][gc,phases   ] GC(212) Concurrent Select Relocation Set 2.361ms
[113.574s][info][gc,phases   ] GC(212) Pause Relocate Start 0.087ms
[113.577s][info][gc,phases   ] GC(212) Concurrent Relocate 3.007ms
[113.577s][info][gc,load     ] GC(212) Load: 0.00/0.00/0.00
[113.577s][info][gc,mmu      ] GC(212) MMU: 2ms/77.0%, 5ms/89.5%, 10ms/94.4%, 20ms/97.2%, 50ms/98.7%, 100ms/99.4%
[113.577s][info][gc,marking  ] GC(212) Mark: 1 stripe(s), 2 proactive flush(es), 1 terminate flush(es), 1 completion(s), 0 continuation(s) 
[113.577s][info][gc,nmethod  ] GC(212) NMethods: 1481 registered, 0 unregistered
[113.577s][info][gc,metaspace] GC(212) Metaspace: 4M used, 4M capacity, 4M committed, 1032M reserved
[113.577s][info][gc,ref      ] GC(212) Soft: 261 encountered, 0 discovered, 0 enqueued
[113.577s][info][gc,ref      ] GC(212) Weak: 280 encountered, 229 discovered, 0 enqueued
[113.577s][info][gc,ref      ] GC(212) Final: 1 encountered, 0 discovered, 0 enqueued
[113.577s][info][gc,ref      ] GC(212) Phantom: 39 encountered, 30 discovered, 0 enqueued
[113.577s][info][gc,reloc    ] GC(212) Small Pages: 1221 / 2442M(100%), Empty: 2384M(97%), Compacting: 20M(1%)->6M(0%)
[113.577s][info][gc,reloc    ] GC(212) Medium Pages: 0 / 0M(0%), Empty: 0M(0%), Compacting: 0M(0%)->0M(0%)
[113.577s][info][gc,reloc    ] GC(212) Large Pages: 1 / 8M(0%), Empty: 0M(0%), Compacting: 0M(0%)->0M(0%)
[113.577s][info][gc,reloc    ] GC(212) Relocation: Successful
[113.577s][info][gc,heap     ] GC(212) Min Capacity: 42M(1%)
[113.577s][info][gc,heap     ] GC(212) Max Capacity: 4060M(100%)
[113.577s][info][gc,heap     ] GC(212) Soft Max Capacity: 4060M(100%)
[113.577s][info][gc,heap     ] GC(212)                Mark Start          Mark End        Relocate Start      Relocate End           High               Low         
[113.577s][info][gc,heap     ] GC(212)  Capacity:     3186M (78%)        3186M (78%)        3186M (78%)        3186M (78%)        3186M (78%)        3186M (78%)    
[113.577s][info][gc,heap     ] GC(212)   Reserve:       42M (1%)           42M (1%)           42M (1%)           42M (1%)           42M (1%)           42M (1%)     
[113.577s][info][gc,heap     ] GC(212)      Free:     1568M (39%)        1430M (35%)        3792M (93%)        3788M (93%)        3802M (94%)        1418M (35%)    
[113.577s][info][gc,heap     ] GC(212)      Used:     2450M (60%)        2588M (64%)         226M (6%)          230M (6%)         2600M (64%)         216M (5%)     
[113.577s][info][gc,heap     ] GC(212)      Live:         -                44M (1%)           44M (1%)           44M (1%)             -                  -          
[113.577s][info][gc,heap     ] GC(212) Allocated:         -               138M (3%)          160M (4%)          184M (5%)             -                  -          
[113.577s][info][gc,heap     ] GC(212)   Garbage:         -              2405M (59%)          21M (1%)           11M (0%)             -                  -          
[113.577s][info][gc,heap     ] GC(212) Reclaimed:         -                  -              2384M (59%)        2394M (59%)            -                  -          
[113.577s][info][gc          ] GC(212) Garbage Collection (Allocation Rate) 2450M(60%)->230M(6%)
[114.038s][info][gc,start    ] GC(213) Garbage Collection (Allocation Rate)
[114.038s][info][gc,phases   ] GC(213) Pause Mark Start 0.062ms
[114.079s][info][gc,phases   ] GC(213) Concurrent Mark 40.313ms
[114.079s][info][gc,phases   ] GC(213) Pause Mark End 0.193ms
[114.081s][info][gc,phases   ] GC(213) Concurrent Process Non-Strong References 1.491ms
[114.081s][info][gc,phases   ] GC(213) Concurrent Reset Relocation Set 0.028ms
[114.082s][info][gc,phases   ] GC(213) Concurrent Select Relocation Set 1.670ms
[114.083s][info][gc,phases   ] GC(213) Pause Relocate Start 0.052ms
[114.084s][info][gc,phases   ] GC(213) Concurrent Relocate 0.950ms
[114.084s][info][gc,load     ] GC(213) Load: 0.00/0.00/0.00
[114.084s][info][gc,mmu      ] GC(213) MMU: 2ms/77.0%, 5ms/89.5%, 10ms/94.4%, 20ms/97.2%, 50ms/98.7%, 100ms/99.4%
[114.084s][info][gc,marking  ] GC(213) Mark: 1 stripe(s), 2 proactive flush(es), 1 terminate flush(es), 1 completion(s), 0 continuation(s) 
[114.084s][info][gc,nmethod  ] GC(213) NMethods: 1481 registered, 0 unregistered
[114.084s][info][gc,metaspace] GC(213) Metaspace: 4M used, 4M capacity, 4M committed, 1032M reserved
[114.084s][info][gc,ref      ] GC(213) Soft: 261 encountered, 0 discovered, 0 enqueued
[114.084s][info][gc,ref      ] GC(213) Weak: 280 encountered, 229 discovered, 0 enqueued
[114.084s][info][gc,ref      ] GC(213) Final: 1 encountered, 0 discovered, 0 enqueued
[114.084s][info][gc,ref      ] GC(213) Phantom: 39 encountered, 30 discovered, 0 enqueued
[114.084s][info][gc,reloc    ] GC(213) Small Pages: 1221 / 2442M(100%), Empty: 2358M(96%), Compacting: 12M(0%)->2M(0%)
[114.084s][info][gc,reloc    ] GC(213) Medium Pages: 0 / 0M(0%), Empty: 0M(0%), Compacting: 0M(0%)->0M(0%)
[114.084s][info][gc,reloc    ] GC(213) Large Pages: 1 / 8M(0%), Empty: 0M(0%), Compacting: 0M(0%)->0M(0%)
[114.084s][info][gc,reloc    ] GC(213) Relocation: Successful
[114.084s][info][gc,heap     ] GC(213) Min Capacity: 42M(1%)
[114.084s][info][gc,heap     ] GC(213) Max Capacity: 4060M(100%)
[114.084s][info][gc,heap     ] GC(213) Soft Max Capacity: 4060M(100%)
[114.084s][info][gc,heap     ] GC(213)                Mark Start          Mark End        Relocate Start      Relocate End           High               Low         
[114.084s][info][gc,heap     ] GC(213)  Capacity:     3186M (78%)        3186M (78%)        3186M (78%)        3186M (78%)        3186M (78%)        3186M (78%)    
[114.084s][info][gc,heap     ] GC(213)   Reserve:       42M (1%)           42M (1%)           42M (1%)           42M (1%)           42M (1%)           42M (1%)     
[114.084s][info][gc,heap     ] GC(213)      Free:     1568M (39%)        1376M (34%)        3718M (92%)        3722M (92%)        3726M (92%)        1368M (34%)    
[114.084s][info][gc,heap     ] GC(213)      Used:     2450M (60%)        2642M (65%)         300M (7%)          296M (7%)         2650M (65%)         292M (7%)     
[114.084s][info][gc,heap     ] GC(213)      Live:         -                71M (2%)           71M (2%)           71M (2%)             -                  -          
[114.084s][info][gc,heap     ] GC(213) Allocated:         -               192M (5%)          208M (5%)          216M (5%)             -                  -          
[114.084s][info][gc,heap     ] GC(213)   Garbage:         -              2378M (59%)          20M (1%)           12M (0%)             -                  -          
[114.084s][info][gc,heap     ] GC(213) Reclaimed:         -                  -              2358M (58%)        2366M (58%)            -                  -          
[114.084s][info][gc          ] GC(213) Garbage Collection (Allocation Rate) 2450M(60%)->296M(7%)
[114.538s][info][gc,start    ] GC(214) Garbage Collection (Allocation Rate)
[114.539s][info][gc,phases   ] GC(214) Pause Mark Start 0.064ms
[114.577s][info][gc,phases   ] GC(214) Concurrent Mark 38.645ms
[114.578s][info][gc,phases   ] GC(214) Pause Mark End 0.254ms
[114.579s][info][gc,phases   ] GC(214) Concurrent Process Non-Strong References 1.604ms
[114.579s][info][gc,phases   ] GC(214) Concurrent Reset Relocation Set 0.022ms
[114.584s][info][gc,phases   ] GC(214) Concurrent Select Relocation Set 4.229ms
[114.584s][info][gc,phases   ] GC(214) Pause Relocate Start 0.063ms
[114.604s][info][gc,phases   ] GC(214) Concurrent Relocate 20.377ms
[114.604s][info][gc,load     ] GC(214) Load: 0.00/0.00/0.00
[114.604s][info][gc,mmu      ] GC(214) MMU: 2ms/77.0%, 5ms/89.5%, 10ms/94.4%, 20ms/97.2%, 50ms/98.7%, 100ms/99.4%
[114.604s][info][gc,marking  ] GC(214) Mark: 1 stripe(s), 2 proactive flush(es), 1 terminate flush(es), 1 completion(s), 0 continuation(s) 
[114.604s][info][gc,nmethod  ] GC(214) NMethods: 1481 registered, 0 unregistered
[114.604s][info][gc,metaspace] GC(214) Metaspace: 4M used, 4M capacity, 4M committed, 1032M reserved
[114.604s][info][gc,ref      ] GC(214) Soft: 261 encountered, 0 discovered, 0 enqueued
[114.604s][info][gc,ref      ] GC(214) Weak: 280 encountered, 229 discovered, 0 enqueued
[114.604s][info][gc,ref      ] GC(214) Final: 1 encountered, 0 discovered, 0 enqueued
[114.604s][info][gc,ref      ] GC(214) Phantom: 39 encountered, 30 discovered, 0 enqueued
[114.604s][info][gc,reloc    ] GC(214) Small Pages: 1241 / 2482M(100%), Empty: 2352M(94%), Compacting: 100M(4%)->36M(1%)
[114.604s][info][gc,reloc    ] GC(214) Medium Pages: 0 / 0M(0%), Empty: 0M(0%), Compacting: 0M(0%)->0M(0%)
[114.604s][info][gc,reloc    ] GC(214) Large Pages: 1 / 8M(0%), Empty: 0M(0%), Compacting: 0M(0%)->0M(0%)
[114.605s][info][gc,reloc    ] GC(214) Relocation: Successful
[114.605s][info][gc,heap     ] GC(214) Min Capacity: 42M(1%)
[114.605s][info][gc,heap     ] GC(214) Max Capacity: 4060M(100%)
[114.605s][info][gc,heap     ] GC(214) Soft Max Capacity: 4060M(100%)
[114.605s][info][gc,heap     ] GC(214)                Mark Start          Mark End        Relocate Start      Relocate End           High               Low         
[114.605s][info][gc,heap     ] GC(214)  Capacity:     3186M (78%)        3186M (78%)        3186M (78%)        3186M (78%)        3186M (78%)        3186M (78%)    
[114.605s][info][gc,heap     ] GC(214)   Reserve:       42M (1%)           42M (1%)           42M (1%)           42M (1%)           42M (1%)           42M (1%)     
[114.605s][info][gc,heap     ] GC(214)      Free:     1528M (38%)        1346M (33%)        3670M (90%)        3638M (90%)        3690M (91%)        1338M (33%)    
[114.605s][info][gc,heap     ] GC(214)      Used:     2490M (61%)        2672M (66%)         348M (9%)          380M (9%)         2680M (66%)         328M (8%)     
[114.605s][info][gc,heap     ] GC(214)      Live:         -                64M (2%)           64M (2%)           64M (2%)             -                  -          
[114.605s][info][gc,heap     ] GC(214) Allocated:         -               182M (4%)          210M (5%)          342M (8%)             -                  -          
[114.605s][info][gc,heap     ] GC(214)   Garbage:         -              2425M (60%)          73M (2%)            7M (0%)             -                  -          
[114.605s][info][gc,heap     ] GC(214) Reclaimed:         -                  -              2352M (58%)        2418M (60%)            -                  -          
[114.605s][info][gc          ] GC(214) Garbage Collection (Allocation Rate) 2490M(61%)->380M(9%)
[115.138s][info][gc,start    ] GC(215) Garbage Collection (Allocation Rate)
[115.138s][info][gc,phases   ] GC(215) Pause Mark Start 0.061ms
[115.177s][info][gc,phases   ] GC(215) Concurrent Mark 38.113ms
[115.177s][info][gc,phases   ] GC(215) Pause Mark End 0.230ms
[115.179s][info][gc,phases   ] GC(215) Concurrent Process Non-Strong References 1.521ms
[115.180s][info][gc,phases   ] GC(215) Concurrent Reset Relocation Set 1.044ms
[115.185s][info][gc,phases   ] GC(215) Concurrent Select Relocation Set 5.248ms
[115.185s][info][gc,phases   ] GC(215) Pause Relocate Start 0.068ms
[115.212s][info][gc,phases   ] GC(215) Concurrent Relocate 26.319ms
[115.212s][info][gc,load     ] GC(215) Load: 0.00/0.00/0.00
[115.212s][info][gc,mmu      ] GC(215) MMU: 2ms/77.0%, 5ms/89.5%, 10ms/94.4%, 20ms/97.2%, 50ms/98.7%, 100ms/99.4%
[115.212s][info][gc,marking  ] GC(215) Mark: 1 stripe(s), 2 proactive flush(es), 1 terminate flush(es), 1 completion(s), 0 continuation(s) 
[115.212s][info][gc,nmethod  ] GC(215) NMethods: 1481 registered, 0 unregistered
[115.212s][info][gc,metaspace] GC(215) Metaspace: 4M used, 4M capacity, 4M committed, 1032M reserved
[115.212s][info][gc,ref      ] GC(215) Soft: 261 encountered, 0 discovered, 0 enqueued
[115.212s][info][gc,ref      ] GC(215) Weak: 280 encountered, 229 discovered, 0 enqueued
[115.212s][info][gc,ref      ] GC(215) Final: 1 encountered, 0 discovered, 0 enqueued
[115.212s][info][gc,ref      ] GC(215) Phantom: 39 encountered, 30 discovered, 0 enqueued
[115.212s][info][gc,reloc    ] GC(215) Small Pages: 1388 / 2776M(100%), Empty: 2628M(94%), Compacting: 130M(5%)->46M(2%)
[115.212s][info][gc,reloc    ] GC(215) Medium Pages: 0 / 0M(0%), Empty: 0M(0%), Compacting: 0M(0%)->0M(0%)
[115.212s][info][gc,reloc    ] GC(215) Large Pages: 1 / 8M(0%), Empty: 0M(0%), Compacting: 0M(0%)->0M(0%)
[115.212s][info][gc,reloc    ] GC(215) Relocation: Successful
[115.212s][info][gc,heap     ] GC(215) Min Capacity: 42M(1%)
[115.212s][info][gc,heap     ] GC(215) Max Capacity: 4060M(100%)
[115.212s][info][gc,heap     ] GC(215) Soft Max Capacity: 4060M(100%)
[115.212s][info][gc,heap     ] GC(215)                Mark Start          Mark End        Relocate Start      Relocate End           High               Low         
[115.212s][info][gc,heap     ] GC(215)  Capacity:     3186M (78%)        3186M (78%)        3186M (78%)        3186M (78%)        3186M (78%)        3186M (78%)    
[115.212s][info][gc,heap     ] GC(215)   Reserve:       42M (1%)           42M (1%)           42M (1%)           42M (1%)           42M (1%)           42M (1%)     
[115.212s][info][gc,heap     ] GC(215)      Free:     1234M (30%)        1054M (26%)        3646M (90%)        3608M (89%)        3670M (90%)        1044M (26%)    
[115.212s][info][gc,heap     ] GC(215)      Used:     2784M (69%)        2964M (73%)         372M (9%)          410M (10%)        2974M (73%)         348M (9%)     
[115.212s][info][gc,heap     ] GC(215)      Live:         -                62M (2%)           62M (2%)           62M (2%)             -                  -          
[115.212s][info][gc,heap     ] GC(215) Allocated:         -               180M (4%)          216M (5%)          384M (9%)             -                  -          
[115.212s][info][gc,heap     ] GC(215)   Garbage:         -              2721M (67%)          93M (2%)            7M (0%)             -                  -          
[115.212s][info][gc,heap     ] GC(215) Reclaimed:         -                  -              2628M (65%)        2714M (67%)            -                  -          
[115.212s][info][gc          ] GC(215) Garbage Collection (Allocation Rate) 2784M(69%)->410M(10%)
[115.638s][info][gc,start    ] GC(216) Garbage Collection (Allocation Rate)
[115.638s][info][gc,phases   ] GC(216) Pause Mark Start 0.054ms
[115.675s][info][gc,phases   ] GC(216) Concurrent Mark 36.738ms
[115.675s][info][gc,phases   ] GC(216) Pause Mark End 0.218ms
[115.677s][info][gc,phases   ] GC(216) Concurrent Process Non-Strong References 1.570ms
[115.678s][info][gc,phases   ] GC(216) Concurrent Reset Relocation Set 0.817ms
[115.684s][info][gc,phases   ] GC(216) Concurrent Select Relocation Set 6.082ms
[115.684s][info][gc,phases   ] GC(216) Pause Relocate Start 0.058ms
[115.721s][info][gc,phases   ] GC(216) Concurrent Relocate 36.930ms
[115.721s][info][gc,load     ] GC(216) Load: 0.00/0.00/0.00
[115.721s][info][gc,mmu      ] GC(216) MMU: 2ms/77.0%, 5ms/89.5%, 10ms/94.4%, 20ms/97.2%, 50ms/98.7%, 100ms/99.4%
[115.721s][info][gc,marking  ] GC(216) Mark: 1 stripe(s), 2 proactive flush(es), 1 terminate flush(es), 1 completion(s), 0 continuation(s) 
[115.721s][info][gc,nmethod  ] GC(216) NMethods: 1482 registered, 0 unregistered
[115.721s][info][gc,metaspace] GC(216) Metaspace: 4M used, 4M capacity, 4M committed, 1032M reserved
[115.721s][info][gc,ref      ] GC(216) Soft: 261 encountered, 0 discovered, 0 enqueued
[115.721s][info][gc,ref      ] GC(216) Weak: 280 encountered, 229 discovered, 0 enqueued
[115.721s][info][gc,ref      ] GC(216) Final: 1 encountered, 0 discovered, 0 enqueued
[115.721s][info][gc,ref      ] GC(216) Phantom: 39 encountered, 30 discovered, 0 enqueued
[115.721s][info][gc,reloc    ] GC(216) Small Pages: 1222 / 2444M(100%), Empty: 2288M(93%), Compacting: 150M(6%)->54M(2%)
[115.721s][info][gc,reloc    ] GC(216) Medium Pages: 0 / 0M(0%), Empty: 0M(0%), Compacting: 0M(0%)->0M(0%)
[115.721s][info][gc,reloc    ] GC(216) Large Pages: 1 / 8M(0%), Empty: 0M(0%), Compacting: 0M(0%)->0M(0%)
[115.721s][info][gc,reloc    ] GC(216) Relocation: Successful
[115.721s][info][gc,heap     ] GC(216) Min Capacity: 42M(1%)
[115.721s][info][gc,heap     ] GC(216) Max Capacity: 4060M(100%)
[115.721s][info][gc,heap     ] GC(216) Soft Max Capacity: 4060M(100%)
[115.721s][info][gc,heap     ] GC(216)                Mark Start          Mark End        Relocate Start      Relocate End           High               Low         
[115.721s][info][gc,heap     ] GC(216)  Capacity:     3186M (78%)        3186M (78%)        3186M (78%)        3186M (78%)        3186M (78%)        3186M (78%)    
[115.721s][info][gc,heap     ] GC(216)   Reserve:       42M (1%)           42M (1%)           42M (1%)           42M (1%)           42M (1%)           42M (1%)     
[115.721s][info][gc,heap     ] GC(216)      Free:     1566M (39%)        1392M (34%)        3642M (90%)        3588M (88%)        3670M (90%)        1382M (34%)    
[115.721s][info][gc,heap     ] GC(216)      Used:     2452M (60%)        2626M (65%)         376M (9%)          430M (11%)        2636M (65%)         348M (9%)     
[115.721s][info][gc,heap     ] GC(216)      Live:         -                59M (1%)           59M (1%)           59M (1%)             -                  -          
[115.721s][info][gc,heap     ] GC(216) Allocated:         -               174M (4%)          212M (5%)          416M (10%)            -                  -          
[115.721s][info][gc,heap     ] GC(216)   Garbage:         -              2392M (59%)         104M (3%)            4M (0%)             -                  -          
[115.721s][info][gc,heap     ] GC(216) Reclaimed:         -                  -              2288M (56%)        2388M (59%)            -                  -          
[115.721s][info][gc          ] GC(216) Garbage Collection (Allocation Rate) 2452M(60%)->430M(11%)
[116.138s][info][gc,start    ] GC(217) Garbage Collection (Allocation Rate)
[116.138s][info][gc,phases   ] GC(217) Pause Mark Start 0.062ms
[116.175s][info][gc,phases   ] GC(217) Concurrent Mark 36.594ms
[116.175s][info][gc,phases   ] GC(217) Pause Mark End 0.205ms
[116.177s][info][gc,phases   ] GC(217) Concurrent Process Non-Strong References 1.656ms
[116.178s][info][gc,phases   ] GC(217) Concurrent Reset Relocation Set 1.041ms
[116.184s][info][gc,phases   ] GC(217) Concurrent Select Relocation Set 5.913ms
[116.184s][info][gc,phases   ] GC(217) Pause Relocate Start 0.078ms
[116.215s][info][gc,phases   ] GC(217) Concurrent Relocate 31.490ms
[116.216s][info][gc,load     ] GC(217) Load: 0.00/0.00/0.00
[116.216s][info][gc,mmu      ] GC(217) MMU: 2ms/77.0%, 5ms/89.5%, 10ms/94.4%, 20ms/97.2%, 50ms/98.7%, 100ms/99.4%
[116.216s][info][gc,marking  ] GC(217) Mark: 1 stripe(s), 2 proactive flush(es), 1 terminate flush(es), 1 completion(s), 0 continuation(s) 
[116.216s][info][gc,nmethod  ] GC(217) NMethods: 1482 registered, 0 unregistered
[116.216s][info][gc,metaspace] GC(217) Metaspace: 4M used, 4M capacity, 4M committed, 1032M reserved
[116.216s][info][gc,ref      ] GC(217) Soft: 261 encountered, 0 discovered, 0 enqueued
[116.216s][info][gc,ref      ] GC(217) Weak: 280 encountered, 229 discovered, 0 enqueued
[116.216s][info][gc,ref      ] GC(217) Final: 1 encountered, 0 discovered, 0 enqueued
[116.216s][info][gc,ref      ] GC(217) Phantom: 39 encountered, 30 discovered, 0 enqueued
[116.216s][info][gc,reloc    ] GC(217) Small Pages: 1208 / 2416M(100%), Empty: 2262M(93%), Compacting: 148M(6%)->54M(2%)
[116.216s][info][gc,reloc    ] GC(217) Medium Pages: 0 / 0M(0%), Empty: 0M(0%), Compacting: 0M(0%)->0M(0%)
[116.216s][info][gc,reloc    ] GC(217) Large Pages: 1 / 8M(0%), Empty: 0M(0%), Compacting: 0M(0%)->0M(0%)
[116.216s][info][gc,reloc    ] GC(217) Relocation: Successful
[116.216s][info][gc,heap     ] GC(217) Min Capacity: 42M(1%)
[116.216s][info][gc,heap     ] GC(217) Max Capacity: 4060M(100%)
[116.216s][info][gc,heap     ] GC(217) Soft Max Capacity: 4060M(100%)
[116.216s][info][gc,heap     ] GC(217)                Mark Start          Mark End        Relocate Start      Relocate End           High               Low         
[116.216s][info][gc,heap     ] GC(217)  Capacity:     3186M (78%)        3186M (78%)        3186M (78%)        3186M (78%)        3186M (78%)        3186M (78%)    
[116.216s][info][gc,heap     ] GC(217)   Reserve:       42M (1%)           42M (1%)           42M (1%)           42M (1%)           42M (1%)           42M (1%)     
[116.216s][info][gc,heap     ] GC(217)      Free:     1594M (39%)        1422M (35%)        3646M (90%)        3596M (89%)        3672M (90%)        1410M (35%)    
[116.216s][info][gc,heap     ] GC(217)      Used:     2424M (60%)        2596M (64%)         372M (9%)          422M (10%)        2608M (64%)         346M (9%)     
[116.216s][info][gc,heap     ] GC(217)      Live:         -                59M (1%)           59M (1%)           59M (1%)             -                  -          
[116.216s][info][gc,heap     ] GC(217) Allocated:         -               172M (4%)          210M (5%)          408M (10%)            -                  -          
[116.216s][info][gc,heap     ] GC(217)   Garbage:         -              2364M (58%)         102M (3%)            4M (0%)             -                  -          
[116.216s][info][gc,heap     ] GC(217) Reclaimed:         -                  -              2262M (56%)        2360M (58%)            -                  -          
[116.216s][info][gc          ] GC(217) Garbage Collection (Allocation Rate) 2424M(60%)->422M(10%)
[116.638s][info][gc,start    ] GC(218) Garbage Collection (Allocation Rate)
[116.638s][info][gc,phases   ] GC(218) Pause Mark Start 0.065ms
[116.676s][info][gc,phases   ] GC(218) Concurrent Mark 38.002ms
[116.676s][info][gc,phases   ] GC(218) Pause Mark End 0.217ms
[116.678s][info][gc,phases   ] GC(218) Concurrent Process Non-Strong References 1.695ms
[116.680s][info][gc,phases   ] GC(218) Concurrent Reset Relocation Set 1.375ms
[116.686s][info][gc,phases   ] GC(218) Concurrent Select Relocation Set 6.453ms
[116.686s][info][gc,phases   ] GC(218) Pause Relocate Start 0.073ms
[116.717s][info][gc,phases   ] GC(218) Concurrent Relocate 30.322ms
[116.717s][info][gc,load     ] GC(218) Load: 0.00/0.00/0.00
[116.717s][info][gc,mmu      ] GC(218) MMU: 2ms/77.0%, 5ms/89.5%, 10ms/94.4%, 20ms/97.2%, 50ms/98.7%, 100ms/99.4%
[116.717s][info][gc,marking  ] GC(218) Mark: 1 stripe(s), 2 proactive flush(es), 1 terminate flush(es), 1 completion(s), 0 continuation(s) 
[116.717s][info][gc,nmethod  ] GC(218) NMethods: 1482 registered, 0 unregistered
[116.717s][info][gc,metaspace] GC(218) Metaspace: 4M used, 4M capacity, 4M committed, 1032M reserved
[116.717s][info][gc,ref      ] GC(218) Soft: 261 encountered, 0 discovered, 0 enqueued
[116.717s][info][gc,ref      ] GC(218) Weak: 280 encountered, 229 discovered, 0 enqueued
[116.717s][info][gc,ref      ] GC(218) Final: 1 encountered, 0 discovered, 0 enqueued
[116.717s][info][gc,ref      ] GC(218) Phantom: 39 encountered, 30 discovered, 0 enqueued
[116.717s][info][gc,reloc    ] GC(218) Small Pages: 1191 / 2382M(100%), Empty: 2242M(94%), Compacting: 120M(5%)->44M(2%)
[116.717s][info][gc,reloc    ] GC(218) Medium Pages: 0 / 0M(0%), Empty: 0M(0%), Compacting: 0M(0%)->0M(0%)
[116.717s][info][gc,reloc    ] GC(218) Large Pages: 1 / 8M(0%), Empty: 0M(0%), Compacting: 0M(0%)->0M(0%)
[116.717s][info][gc,reloc    ] GC(218) Relocation: Successful
[116.717s][info][gc,heap     ] GC(218) Min Capacity: 42M(1%)
[116.717s][info][gc,heap     ] GC(218) Max Capacity: 4060M(100%)
[116.717s][info][gc,heap     ] GC(218) Soft Max Capacity: 4060M(100%)
[116.717s][info][gc,heap     ] GC(218)                Mark Start          Mark End        Relocate Start      Relocate End           High               Low         
[116.717s][info][gc,heap     ] GC(218)  Capacity:     3186M (78%)        3186M (78%)        3186M (78%)        3186M (78%)        3186M (78%)        3186M (78%)    
[116.717s][info][gc,heap     ] GC(218)   Reserve:       42M (1%)           42M (1%)           42M (1%)           42M (1%)           42M (1%)           42M (1%)     
[116.717s][info][gc,heap     ] GC(218)      Free:     1628M (40%)        1448M (36%)        3648M (90%)        3590M (88%)        3676M (91%)        1434M (35%)    
[116.717s][info][gc,heap     ] GC(218)      Used:     2390M (59%)        2570M (63%)         370M (9%)          428M (11%)        2584M (64%)         342M (8%)     
[116.717s][info][gc,heap     ] GC(218)      Live:         -                62M (2%)           62M (2%)           62M (2%)             -                  -          
[116.717s][info][gc,heap     ] GC(218) Allocated:         -               180M (4%)          222M (5%)          400M (10%)            -                  -          
[116.717s][info][gc,heap     ] GC(218)   Garbage:         -              2327M (57%)          85M (2%)            7M (0%)             -                  -          
[116.717s][info][gc,heap     ] GC(218) Reclaimed:         -                  -              2242M (55%)        2320M (57%)            -                  -          
[116.717s][info][gc          ] GC(218) Garbage Collection (Allocation Rate) 2390M(59%)->428M(11%)
[117.138s][info][gc,start    ] GC(219) Garbage Collection (Allocation Rate)
[117.139s][info][gc,phases   ] GC(219) Pause Mark Start 0.044ms
[117.184s][info][gc,phases   ] GC(219) Concurrent Mark 45.068ms
[117.184s][info][gc,phases   ] GC(219) Pause Mark End 0.192ms
[117.186s][info][gc,phases   ] GC(219) Concurrent Process Non-Strong References 1.592ms
[117.186s][info][gc,phases   ] GC(219) Concurrent Reset Relocation Set 0.944ms
[117.191s][info][gc,phases   ] GC(219) Concurrent Select Relocation Set 4.416ms
[117.191s][info][gc,phases   ] GC(219) Pause Relocate Start 0.050ms
[117.212s][info][gc,phases   ] GC(219) Concurrent Relocate 21.132ms
[117.212s][info][gc,load     ] GC(219) Load: 0.00/0.00/0.00
[117.212s][info][gc,mmu      ] GC(219) MMU: 2ms/77.0%, 5ms/89.5%, 10ms/94.4%, 20ms/97.2%, 50ms/98.7%, 100ms/99.4%
[117.212s][info][gc,marking  ] GC(219) Mark: 1 stripe(s), 2 proactive flush(es), 1 terminate flush(es), 1 completion(s), 0 continuation(s) 
[117.212s][info][gc,nmethod  ] GC(219) NMethods: 1482 registered, 0 unregistered
[117.212s][info][gc,metaspace] GC(219) Metaspace: 4M used, 4M capacity, 4M committed, 1032M reserved
[117.212s][info][gc,ref      ] GC(219) Soft: 261 encountered, 0 discovered, 0 enqueued
[117.212s][info][gc,ref      ] GC(219) Weak: 280 encountered, 229 discovered, 0 enqueued
[117.212s][info][gc,ref      ] GC(219) Final: 1 encountered, 0 discovered, 0 enqueued
[117.212s][info][gc,ref      ] GC(219) Phantom: 39 encountered, 30 discovered, 0 enqueued
[117.212s][info][gc,reloc    ] GC(219) Small Pages: 1197 / 2394M(100%), Empty: 2278M(95%), Compacting: 68M(3%)->26M(1%)
[117.212s][info][gc,reloc    ] GC(219) Medium Pages: 0 / 0M(0%), Empty: 0M(0%), Compacting: 0M(0%)->0M(0%)
[117.212s][info][gc,reloc    ] GC(219) Large Pages: 1 / 8M(0%), Empty: 0M(0%), Compacting: 0M(0%)->0M(0%)
[117.212s][info][gc,reloc    ] GC(219) Relocation: Successful
[117.212s][info][gc,heap     ] GC(219) Min Capacity: 42M(1%)
[117.212s][info][gc,heap     ] GC(219) Max Capacity: 4060M(100%)
[117.212s][info][gc,heap     ] GC(219) Soft Max Capacity: 4060M(100%)
[117.212s][info][gc,heap     ] GC(219)                Mark Start          Mark End        Relocate Start      Relocate End           High               Low         
[117.213s][info][gc,heap     ] GC(219)  Capacity:     3186M (78%)        3186M (78%)        3186M (78%)        3186M (78%)        3186M (78%)        3186M (78%)    
[117.213s][info][gc,heap     ] GC(219)   Reserve:       42M (1%)           42M (1%)           42M (1%)           42M (1%)           42M (1%)           42M (1%)     
[117.213s][info][gc,heap     ] GC(219)      Free:     1616M (40%)        1432M (35%)        3682M (91%)        3654M (90%)        3700M (91%)        1422M (35%)    
[117.213s][info][gc,heap     ] GC(219)      Used:     2402M (59%)        2586M (64%)         336M (8%)          364M (9%)         2596M (64%)         318M (8%)     
[117.213s][info][gc,heap     ] GC(219)      Live:         -                70M (2%)           70M (2%)           70M (2%)             -                  -          
[117.213s][info][gc,heap     ] GC(219) Allocated:         -               184M (5%)          212M (5%)          308M (8%)             -                  -          
[117.213s][info][gc,heap     ] GC(219)   Garbage:         -              2331M (57%)          53M (1%)           15M (0%)             -                  -          
[117.213s][info][gc,heap     ] GC(219) Reclaimed:         -                  -              2278M (56%)        2316M (57%)            -                  -          
[117.213s][info][gc          ] GC(219) Garbage Collection (Allocation Rate) 2402M(59%)->364M(9%)
[117.638s][info][gc,start    ] GC(220) Garbage Collection (Allocation Rate)
[117.639s][info][gc,phases   ] GC(220) Pause Mark Start 0.069ms
[117.676s][info][gc,phases   ] GC(220) Concurrent Mark 37.617ms
[117.677s][info][gc,phases   ] GC(220) Pause Mark End 0.245ms
[117.678s][info][gc,phases   ] GC(220) Concurrent Process Non-Strong References 1.592ms
[117.678s][info][gc,phases   ] GC(220) Concurrent Reset Relocation Set 0.069ms
[117.682s][info][gc,phases   ] GC(220) Concurrent Select Relocation Set 3.472ms
[117.682s][info][gc,phases   ] GC(220) Pause Relocate Start 0.094ms
[117.710s][info][gc,phases   ] GC(220) Concurrent Relocate 27.908ms
[117.710s][info][gc,load     ] GC(220) Load: 0.00/0.00/0.00
[117.710s][info][gc,mmu      ] GC(220) MMU: 2ms/77.0%, 5ms/89.5%, 10ms/94.4%, 20ms/97.2%, 50ms/98.7%, 100ms/99.4%
[117.710s][info][gc,marking  ] GC(220) Mark: 1 stripe(s), 2 proactive flush(es), 1 terminate flush(es), 1 completion(s), 0 continuation(s) 
[117.710s][info][gc,nmethod  ] GC(220) NMethods: 1482 registered, 0 unregistered
[117.710s][info][gc,metaspace] GC(220) Metaspace: 4M used, 4M capacity, 4M committed, 1032M reserved
[117.710s][info][gc,ref      ] GC(220) Soft: 261 encountered, 0 discovered, 0 enqueued
[117.710s][info][gc,ref      ] GC(220) Weak: 280 encountered, 229 discovered, 0 enqueued
[117.710s][info][gc,ref      ] GC(220) Final: 1 encountered, 0 discovered, 0 enqueued
[117.710s][info][gc,ref      ] GC(220) Phantom: 39 encountered, 30 discovered, 0 enqueued
[117.710s][info][gc,reloc    ] GC(220) Small Pages: 1166 / 2332M(100%), Empty: 2176M(93%), Compacting: 150M(6%)->48M(2%)
[117.710s][info][gc,reloc    ] GC(220) Medium Pages: 0 / 0M(0%), Empty: 0M(0%), Compacting: 0M(0%)->0M(0%)
[117.710s][info][gc,reloc    ] GC(220) Large Pages: 1 / 8M(0%), Empty: 0M(0%), Compacting: 0M(0%)->0M(0%)
[117.710s][info][gc,reloc    ] GC(220) Relocation: Successful
[117.710s][info][gc,heap     ] GC(220) Min Capacity: 42M(1%)
[117.710s][info][gc,heap     ] GC(220) Max Capacity: 4060M(100%)
[117.710s][info][gc,heap     ] GC(220) Soft Max Capacity: 4060M(100%)
[117.710s][info][gc,heap     ] GC(220)                Mark Start          Mark End        Relocate Start      Relocate End           High               Low         
[117.710s][info][gc,heap     ] GC(220)  Capacity:     3186M (78%)        3186M (78%)        3186M (78%)        3186M (78%)        3186M (78%)        3186M (78%)    
[117.710s][info][gc,heap     ] GC(220)   Reserve:       42M (1%)           42M (1%)           42M (1%)           42M (1%)           42M (1%)           42M (1%)     
[117.710s][info][gc,heap     ] GC(220)      Free:     1678M (41%)        1510M (37%)        3664M (90%)        3636M (90%)        3676M (91%)        1502M (37%)    
[117.710s][info][gc,heap     ] GC(220)      Used:     2340M (58%)        2508M (62%)         354M (9%)          382M (9%)         2516M (62%)         342M (8%)     
[117.710s][info][gc,heap     ] GC(220)      Live:         -                53M (1%)           53M (1%)           53M (1%)             -                  -          
[117.710s][info][gc,heap     ] GC(220) Allocated:         -               168M (4%)          190M (5%)          368M (9%)             -                  -          
[117.710s][info][gc,heap     ] GC(220)   Garbage:         -              2286M (56%)         110M (3%)            4M (0%)             -                  -          
[117.710s][info][gc,heap     ] GC(220) Reclaimed:         -                  -              2176M (54%)        2282M (56%)            -                  -          
[117.710s][info][gc          ] GC(220) Garbage Collection (Allocation Rate) 2340M(58%)->382M(9%)
[118.238s][info][gc,start    ] GC(221) Garbage Collection (Allocation Rate)
[118.238s][info][gc,phases   ] GC(221) Pause Mark Start 0.064ms
[118.272s][info][gc,phases   ] GC(221) Concurrent Mark 33.994ms
[118.272s][info][gc,phases   ] GC(221) Pause Mark End 0.239ms
[118.274s][info][gc,phases   ] GC(221) Concurrent Process Non-Strong References 1.738ms
[118.275s][info][gc,phases   ] GC(221) Concurrent Reset Relocation Set 0.870ms
[118.277s][info][gc,phases   ] GC(221) Concurrent Select Relocation Set 1.482ms
[118.277s][info][gc,phases   ] GC(221) Pause Relocate Start 0.060ms
[118.278s][info][gc,phases   ] GC(221) Concurrent Relocate 0.547ms
[118.278s][info][gc,load     ] GC(221) Load: 0.00/0.00/0.00
[118.278s][info][gc,mmu      ] GC(221) MMU: 2ms/77.0%, 5ms/89.5%, 10ms/94.4%, 20ms/97.2%, 50ms/98.7%, 100ms/99.4%
[118.278s][info][gc,marking  ] GC(221) Mark: 1 stripe(s), 2 proactive flush(es), 1 terminate flush(es), 1 completion(s), 0 continuation(s) 
[118.278s][info][gc,nmethod  ] GC(221) NMethods: 1482 registered, 0 unregistered
[118.278s][info][gc,metaspace] GC(221) Metaspace: 4M used, 4M capacity, 4M committed, 1032M reserved
[118.278s][info][gc,ref      ] GC(221) Soft: 261 encountered, 0 discovered, 0 enqueued
[118.278s][info][gc,ref      ] GC(221) Weak: 280 encountered, 229 discovered, 0 enqueued
[118.278s][info][gc,ref      ] GC(221) Final: 1 encountered, 0 discovered, 0 enqueued
[118.278s][info][gc,ref      ] GC(221) Phantom: 39 encountered, 30 discovered, 0 enqueued
[118.278s][info][gc,reloc    ] GC(221) Small Pages: 1398 / 2796M(100%), Empty: 2732M(97%), Compacting: 8M(0%)->2M(0%)
[118.278s][info][gc,reloc    ] GC(221) Medium Pages: 0 / 0M(0%), Empty: 0M(0%), Compacting: 0M(0%)->0M(0%)
[118.278s][info][gc,reloc    ] GC(221) Large Pages: 1 / 8M(0%), Empty: 0M(0%), Compacting: 0M(0%)->0M(0%)
[118.278s][info][gc,reloc    ] GC(221) Relocation: Successful
[118.278s][info][gc,heap     ] GC(221) Min Capacity: 42M(1%)
[118.278s][info][gc,heap     ] GC(221) Max Capacity: 4060M(100%)
[118.278s][info][gc,heap     ] GC(221) Soft Max Capacity: 4060M(100%)
[118.278s][info][gc,heap     ] GC(221)                Mark Start          Mark End        Relocate Start      Relocate End           High               Low         
[118.278s][info][gc,heap     ] GC(221)  Capacity:     3186M (78%)        3186M (78%)        3186M (78%)        3186M (78%)        3186M (78%)        3186M (78%)    
[118.278s][info][gc,heap     ] GC(221)   Reserve:       42M (1%)           42M (1%)           42M (1%)           42M (1%)           42M (1%)           42M (1%)     
[118.278s][info][gc,heap     ] GC(221)      Free:     1214M (30%)        1052M (26%)        3764M (93%)        3768M (93%)        3772M (93%)        1040M (26%)    
[118.278s][info][gc,heap     ] GC(221)      Used:     2804M (69%)        2966M (73%)         254M (6%)          250M (6%)         2978M (73%)         246M (6%)     
[118.278s][info][gc,heap     ] GC(221)      Live:         -                57M (1%)           57M (1%)           57M (1%)             -                  -          
[118.278s][info][gc,heap     ] GC(221) Allocated:         -               162M (4%)          182M (4%)          186M (5%)             -                  -          
[118.278s][info][gc,heap     ] GC(221)   Garbage:         -              2746M (68%)          14M (0%)            8M (0%)             -                  -          
[118.278s][info][gc,heap     ] GC(221) Reclaimed:         -                  -              2732M (67%)        2738M (67%)            -                  -          
[118.278s][info][gc          ] GC(221) Garbage Collection (Allocation Rate) 2804M(69%)->250M(6%)
[118.738s][info][gc,start    ] GC(222) Garbage Collection (Allocation Rate)
[118.739s][info][gc,phases   ] GC(222) Pause Mark Start 0.074ms
[118.783s][info][gc,phases   ] GC(222) Concurrent Mark 44.377ms
[118.783s][info][gc,phases   ] GC(222) Pause Mark End 0.203ms
[118.785s][info][gc,phases   ] GC(222) Concurrent Process Non-Strong References 1.683ms
[118.785s][info][gc,phases   ] GC(222) Concurrent Reset Relocation Set 0.020ms
[118.787s][info][gc,phases   ] GC(222) Concurrent Select Relocation Set 1.777ms
[118.787s][info][gc,phases   ] GC(222) Pause Relocate Start 0.064ms
[118.788s][info][gc,phases   ] GC(222) Concurrent Relocate 0.699ms
[118.788s][info][gc,load     ] GC(222) Load: 0.00/0.00/0.00
[118.788s][info][gc,mmu      ] GC(222) MMU: 2ms/77.0%, 5ms/89.5%, 10ms/94.4%, 20ms/97.2%, 50ms/98.7%, 100ms/99.4%
[118.788s][info][gc,marking  ] GC(222) Mark: 1 stripe(s), 2 proactive flush(es), 1 terminate flush(es), 1 completion(s), 0 continuation(s) 
[118.788s][info][gc,nmethod  ] GC(222) NMethods: 1482 registered, 0 unregistered
[118.788s][info][gc,metaspace] GC(222) Metaspace: 4M used, 4M capacity, 4M committed, 1032M reserved
[118.788s][info][gc,ref      ] GC(222) Soft: 261 encountered, 0 discovered, 0 enqueued
[118.788s][info][gc,ref      ] GC(222) Weak: 280 encountered, 229 discovered, 0 enqueued
[118.788s][info][gc,ref      ] GC(222) Final: 1 encountered, 0 discovered, 0 enqueued
[118.788s][info][gc,ref      ] GC(222) Phantom: 39 encountered, 30 discovered, 0 enqueued
[118.788s][info][gc,reloc    ] GC(222) Small Pages: 1216 / 2432M(100%), Empty: 2354M(96%), Compacting: 6M(0%)->2M(0%)
[118.788s][info][gc,reloc    ] GC(222) Medium Pages: 0 / 0M(0%), Empty: 0M(0%), Compacting: 0M(0%)->0M(0%)
[118.788s][info][gc,reloc    ] GC(222) Large Pages: 1 / 8M(0%), Empty: 0M(0%), Compacting: 0M(0%)->0M(0%)
[118.788s][info][gc,reloc    ] GC(222) Relocation: Successful
[118.788s][info][gc,heap     ] GC(222) Min Capacity: 42M(1%)
[118.788s][info][gc,heap     ] GC(222) Max Capacity: 4060M(100%)
[118.788s][info][gc,heap     ] GC(222) Soft Max Capacity: 4060M(100%)
[118.788s][info][gc,heap     ] GC(222)                Mark Start          Mark End        Relocate Start      Relocate End           High               Low         
[118.788s][info][gc,heap     ] GC(222)  Capacity:     3186M (78%)        3186M (78%)        3186M (78%)        3186M (78%)        3186M (78%)        3186M (78%)    
[118.788s][info][gc,heap     ] GC(222)   Reserve:       42M (1%)           42M (1%)           42M (1%)           42M (1%)           42M (1%)           42M (1%)     
[118.788s][info][gc,heap     ] GC(222)      Free:     1578M (39%)        1398M (34%)        3734M (92%)        3736M (92%)        3742M (92%)        1390M (34%)    
[118.788s][info][gc,heap     ] GC(222)      Used:     2440M (60%)        2620M (65%)         284M (7%)          282M (7%)         2628M (65%)         276M (7%)     
[118.788s][info][gc,heap     ] GC(222)      Live:         -                71M (2%)           71M (2%)           71M (2%)             -                  -          
[118.788s][info][gc,heap     ] GC(222) Allocated:         -               180M (4%)          198M (5%)          202M (5%)             -                  -          
[118.788s][info][gc,heap     ] GC(222)   Garbage:         -              2368M (58%)          14M (0%)           10M (0%)             -                  -          
[118.788s][info][gc,heap     ] GC(222) Reclaimed:         -                  -              2354M (58%)        2358M (58%)            -                  -          
[118.788s][info][gc          ] GC(222) Garbage Collection (Allocation Rate) 2440M(60%)->282M(7%)
[119.338s][info][gc,start    ] GC(223) Garbage Collection (Allocation Rate)
[119.339s][info][gc,phases   ] GC(223) Pause Mark Start 0.062ms
[119.367s][info][gc,phases   ] GC(223) Concurrent Mark 28.244ms
[119.367s][info][gc,phases   ] GC(223) Pause Mark End 0.232ms
[119.369s][info][gc,phases   ] GC(223) Concurrent Process Non-Strong References 1.651ms
[119.369s][info][gc,phases   ] GC(223) Concurrent Reset Relocation Set 0.021ms
[119.371s][info][gc,phases   ] GC(223) Concurrent Select Relocation Set 1.662ms
[119.371s][info][gc,phases   ] GC(223) Pause Relocate Start 0.060ms
[119.371s][info][gc,phases   ] GC(223) Concurrent Relocate 0.386ms
[119.371s][info][gc,load     ] GC(223) Load: 0.00/0.00/0.00
[119.371s][info][gc,mmu      ] GC(223) MMU: 2ms/77.0%, 5ms/89.5%, 10ms/94.4%, 20ms/97.2%, 50ms/98.7%, 100ms/99.4%
[119.371s][info][gc,marking  ] GC(223) Mark: 1 stripe(s), 2 proactive flush(es), 1 terminate flush(es), 1 completion(s), 0 continuation(s) 
[119.371s][info][gc,nmethod  ] GC(223) NMethods: 1482 registered, 0 unregistered
[119.371s][info][gc,metaspace] GC(223) Metaspace: 4M used, 4M capacity, 4M committed, 1032M reserved
[119.371s][info][gc,ref      ] GC(223) Soft: 261 encountered, 0 discovered, 0 enqueued
[119.371s][info][gc,ref      ] GC(223) Weak: 280 encountered, 229 discovered, 0 enqueued
[119.371s][info][gc,ref      ] GC(223) Final: 1 encountered, 0 discovered, 0 enqueued
[119.371s][info][gc,ref      ] GC(223) Phantom: 39 encountered, 30 discovered, 0 enqueued
[119.371s][info][gc,reloc    ] GC(223) Small Pages: 1452 / 2904M(100%), Empty: 2856M(98%), Compacting: 6M(0%)->2M(0%)
[119.371s][info][gc,reloc    ] GC(223) Medium Pages: 0 / 0M(0%), Empty: 0M(0%), Compacting: 0M(0%)->0M(0%)
[119.371s][info][gc,reloc    ] GC(223) Large Pages: 1 / 8M(0%), Empty: 0M(0%), Compacting: 0M(0%)->0M(0%)
[119.371s][info][gc,reloc    ] GC(223) Relocation: Successful
[119.371s][info][gc,heap     ] GC(223) Min Capacity: 42M(1%)
[119.371s][info][gc,heap     ] GC(223) Max Capacity: 4060M(100%)
[119.371s][info][gc,heap     ] GC(223) Soft Max Capacity: 4060M(100%)
[119.371s][info][gc,heap     ] GC(223)                Mark Start          Mark End        Relocate Start      Relocate End           High               Low         
[119.371s][info][gc,heap     ] GC(223)  Capacity:     3186M (78%)        3186M (78%)        3186M (78%)        3186M (78%)        3186M (78%)        3186M (78%)    
[119.371s][info][gc,heap     ] GC(223)   Reserve:       42M (1%)           42M (1%)           42M (1%)           42M (1%)           42M (1%)           42M (1%)     
[119.371s][info][gc,heap     ] GC(223)      Free:     1106M (27%)         970M (24%)        3810M (94%)        3810M (94%)        3818M (94%)         962M (24%)    
[119.371s][info][gc,heap     ] GC(223)      Used:     2912M (72%)        3048M (75%)         208M (5%)          208M (5%)         3056M (75%)         200M (5%)     
[119.371s][info][gc,heap     ] GC(223)      Live:         -                45M (1%)           45M (1%)           45M (1%)             -                  -          
[119.371s][info][gc,heap     ] GC(223) Allocated:         -               136M (3%)          152M (4%)          158M (4%)             -                  -          
[119.371s][info][gc,heap     ] GC(223)   Garbage:         -              2866M (71%)          10M (0%)            8M (0%)             -                  -          
[119.371s][info][gc,heap     ] GC(223) Reclaimed:         -                  -              2856M (70%)        2858M (70%)            -                  -          
[119.372s][info][gc          ] GC(223) Garbage Collection (Allocation Rate) 2912M(72%)->208M(5%)
[119.939s][info][gc,start    ] GC(224) Garbage Collection (Allocation Rate)
[119.939s][info][gc,phases   ] GC(224) Pause Mark Start 0.071ms
[119.976s][info][gc,phases   ] GC(224) Concurrent Mark 36.710ms
[119.976s][info][gc,phases   ] GC(224) Pause Mark End 0.244ms
[119.978s][info][gc,phases   ] GC(224) Concurrent Process Non-Strong References 1.542ms
[119.978s][info][gc,phases   ] GC(224) Concurrent Reset Relocation Set 0.020ms
[119.979s][info][gc,phases   ] GC(224) Concurrent Select Relocation Set 1.547ms
[119.980s][info][gc,phases   ] GC(224) Pause Relocate Start 0.058ms
[119.980s][info][gc,phases   ] GC(224) Concurrent Relocate 0.612ms
[119.980s][info][gc,load     ] GC(224) Load: 0.00/0.00/0.00
[119.980s][info][gc,mmu      ] GC(224) MMU: 2ms/77.0%, 5ms/89.5%, 10ms/94.4%, 20ms/97.2%, 50ms/98.7%, 100ms/99.4%
[119.980s][info][gc,marking  ] GC(224) Mark: 1 stripe(s), 2 proactive flush(es), 1 terminate flush(es), 1 completion(s), 0 continuation(s) 
[119.980s][info][gc,nmethod  ] GC(224) NMethods: 1482 registered, 0 unregistered
[119.980s][info][gc,metaspace] GC(224) Metaspace: 4M used, 4M capacity, 4M committed, 1032M reserved
[119.980s][info][gc,ref      ] GC(224) Soft: 261 encountered, 0 discovered, 0 enqueued
[119.980s][info][gc,ref      ] GC(224) Weak: 280 encountered, 229 discovered, 0 enqueued
[119.980s][info][gc,ref      ] GC(224) Final: 1 encountered, 0 discovered, 0 enqueued
[119.980s][info][gc,ref      ] GC(224) Phantom: 39 encountered, 30 discovered, 0 enqueued
[119.980s][info][gc,reloc    ] GC(224) Small Pages: 1462 / 2924M(100%), Empty: 2858M(97%), Compacting: 10M(0%)->2M(0%)
[119.980s][info][gc,reloc    ] GC(224) Medium Pages: 0 / 0M(0%), Empty: 0M(0%), Compacting: 0M(0%)->0M(0%)
[119.980s][info][gc,reloc    ] GC(224) Large Pages: 1 / 8M(0%), Empty: 0M(0%), Compacting: 0M(0%)->0M(0%)
[119.980s][info][gc,reloc    ] GC(224) Relocation: Successful
[119.980s][info][gc,heap     ] GC(224) Min Capacity: 42M(1%)
[119.980s][info][gc,heap     ] GC(224) Max Capacity: 4060M(100%)
[119.980s][info][gc,heap     ] GC(224) Soft Max Capacity: 4060M(100%)
[119.980s][info][gc,heap     ] GC(224)                Mark Start          Mark End        Relocate Start      Relocate End           High               Low         
[119.980s][info][gc,heap     ] GC(224)  Capacity:     3186M (78%)        3186M (78%)        3186M (78%)        3186M (78%)        3186M (78%)        3186M (78%)    
[119.980s][info][gc,heap     ] GC(224)   Reserve:       42M (1%)           42M (1%)           42M (1%)           42M (1%)           42M (1%)           42M (1%)     
[119.980s][info][gc,heap     ] GC(224)      Free:     1086M (27%)         910M (22%)        3756M (93%)        3756M (93%)        3760M (93%)         904M (22%)    
[119.980s][info][gc,heap     ] GC(224)      Used:     2932M (72%)        3108M (77%)         262M (6%)          262M (6%)         3114M (77%)         258M (6%)     
[119.980s][info][gc,heap     ] GC(224)      Live:         -                57M (1%)           57M (1%)           57M (1%)             -                  -          
[119.980s][info][gc,heap     ] GC(224) Allocated:         -               176M (4%)          188M (5%)          198M (5%)             -                  -          
[119.980s][info][gc,heap     ] GC(224)   Garbage:         -              2874M (71%)          16M (0%)           14M (0%)             -                  -          
[119.980s][info][gc,heap     ] GC(224) Reclaimed:         -                  -              2858M (70%)        2860M (70%)            -                  -          
[119.980s][info][gc          ] GC(224) Garbage Collection (Allocation Rate) 2932M(72%)->262M(6%)
[120.037s][info][gc,stats    ] === Garbage Collection Statistics =======================================================================================================================
[120.037s][info][gc,stats    ]                                                              Last 10s              Last 10m              Last 10h                Total
[120.037s][info][gc,stats    ]                                                              Avg / Max             Avg / Max             Avg / Max             Avg / Max
[120.037s][info][gc,stats    ]   Collector: Garbage Collection Cycle                     66.322 / 107.841      63.477 / 153.808      63.477 / 153.808      63.477 / 153.808     ms
[120.037s][info][gc,stats    ]  Contention: Mark Segment Reset Contention                     0 / 0                 0 / 0                 0 / 0                 0 / 0           ops/s
[120.037s][info][gc,stats    ]  Contention: Mark SeqNum Reset Contention                      0 / 0                 0 / 0                 0 / 0                 0 / 0           ops/s
[120.037s][info][gc,stats    ]  Contention: Relocation Contention                             0 / 0                 0 / 2                 0 / 2                 0 / 2           ops/s
[120.037s][info][gc,stats    ]    Critical: Allocation Stall                              0.000 / 0.000         0.000 / 0.000         0.000 / 0.000         0.000 / 0.000       ms
[120.037s][info][gc,stats    ]    Critical: Allocation Stall                                  0 / 0                 0 / 0                 0 / 0                 0 / 0           ops/s
[120.037s][info][gc,stats    ]    Critical: GC Locker Stall                               0.000 / 0.000         0.000 / 0.000         0.000 / 0.000         0.000 / 0.000       ms
[120.037s][info][gc,stats    ]    Critical: GC Locker Stall                                   0 / 0                 0 / 0                 0 / 0                 0 / 0           ops/s
[120.037s][info][gc,stats    ]      Memory: Allocation Rate                                4664 / 4778           4579 / 4810           4579 / 4810           4579 / 4810        MB/s
[120.037s][info][gc,stats    ]      Memory: Heap Used After Mark                           2645 / 3108           2677 / 3140           2677 / 3140           2677 / 3140        MB
[120.037s][info][gc,stats    ]      Memory: Heap Used After Relocation                      355 / 430             335 / 476             335 / 476             335 / 476         MB
[120.037s][info][gc,stats    ]      Memory: Heap Used Before Mark                          2473 / 2932           2508 / 2962           2508 / 2962           2508 / 2962        MB
[120.037s][info][gc,stats    ]      Memory: Heap Used Before Relocation                     325 / 376             312 / 384             312 / 384             312 / 384         MB
[120.037s][info][gc,stats    ]      Memory: Out Of Memory                                     0 / 0                 0 / 0                 0 / 0                 0 / 0           ops/s
[120.038s][info][gc,stats    ]      Memory: Page Cache Flush                                  0 / 0                 0 / 0                 0 / 0                 0 / 0           MB/s
[120.038s][info][gc,stats    ]      Memory: Page Cache Hit L1                              2362 / 2423           2300 / 2439           2300 / 2439           2300 / 2439        ops/s
[120.038s][info][gc,stats    ]      Memory: Page Cache Hit L2                                 0 / 0                 0 / 0                 0 / 0                 0 / 0           ops/s
[120.038s][info][gc,stats    ]      Memory: Page Cache Hit L3                                 0 / 0                 0 / 103               0 / 103               0 / 103         ops/s
[120.038s][info][gc,stats    ]      Memory: Page Cache Miss                                   0 / 0                 0 / 0                 0 / 0                 0 / 0           ops/s
[120.038s][info][gc,stats    ]      Memory: Uncommit                                          0 / 0                 0 / 0                 0 / 0                 0 / 0           MB/s
[120.038s][info][gc,stats    ]      Memory: Undo Object Allocation Failed                     0 / 0                 0 / 0                 0 / 0                 0 / 0           ops/s
[120.038s][info][gc,stats    ]      Memory: Undo Object Allocation Succeeded                  0 / 0                 0 / 2                 0 / 2                 0 / 2           ops/s
[120.038s][info][gc,stats    ]      Memory: Undo Page Allocation                              0 / 0                 0 / 0                 0 / 0                 0 / 0           ops/s
[120.038s][info][gc,stats    ]       Phase: Concurrent Mark                              39.807 / 69.455       40.155 / 106.230      40.155 / 106.230      40.155 / 106.230     ms
[120.038s][info][gc,stats    ]       Phase: Concurrent Mark Continue                      0.000 / 0.000         0.000 / 0.000         0.000 / 0.000         0.000 / 0.000       ms
[120.038s][info][gc,stats    ]       Phase: Concurrent Process Non-Strong References      1.600 / 1.825         1.642 / 3.379         1.642 / 3.379         1.642 / 3.379       ms
[120.038s][info][gc,stats    ]       Phase: Concurrent Relocate                          19.313 / 36.930       16.588 / 40.994       16.588 / 40.994       16.588 / 40.994      ms
[120.038s][info][gc,stats    ]       Phase: Concurrent Reset Relocation Set               0.628 / 1.375         0.477 / 1.503         0.477 / 1.503         0.477 / 1.503       ms
[120.038s][info][gc,stats    ]       Phase: Concurrent Select Relocation Set              3.832 / 6.453         3.440 / 7.978         3.440 / 7.978         3.440 / 7.978       ms
[120.038s][info][gc,stats    ]       Phase: Pause Mark End                                0.238 / 0.311         0.261 / 0.459         0.261 / 0.459         0.261 / 0.459       ms
[120.038s][info][gc,stats    ]       Phase: Pause Mark Start                              0.061 / 0.074         0.070 / 0.289         0.070 / 0.289         0.070 / 0.289       ms
[120.038s][info][gc,stats    ]       Phase: Pause Relocate Start                          0.069 / 0.094         0.071 / 0.152         0.071 / 0.152         0.071 / 0.152       ms
[120.038s][info][gc,stats    ]    Subphase: Concurrent Classes Purge                      0.089 / 0.151         0.090 / 0.200         0.090 / 0.200         0.090 / 0.200       ms
[120.038s][info][gc,stats    ]    Subphase: Concurrent Classes Unlink                     1.206 / 1.307         1.217 / 2.988         1.217 / 2.988         1.217 / 2.988       ms
[120.038s][info][gc,stats    ]    Subphase: Concurrent Mark                              39.687 / 69.349       40.020 / 106.127      40.020 / 106.127      40.020 / 106.127     ms
[120.038s][info][gc,stats    ]    Subphase: Concurrent Mark Idle                          0.000 / 0.000         0.000 / 0.000         0.000 / 0.000         0.000 / 0.000       ms
[120.038s][info][gc,stats    ]    Subphase: Concurrent Mark Try Flush                     0.068 / 0.101         0.070 / 0.160         0.070 / 0.160         0.070 / 0.160       ms
[120.038s][info][gc,stats    ]    Subphase: Concurrent Mark Try Terminate                 0.032 / 0.091         0.032 / 0.107         0.032 / 0.107         0.032 / 0.107       ms
[120.038s][info][gc,stats    ]    Subphase: Concurrent References Enqueue                 0.000 / 0.000         0.000 / 0.002         0.000 / 0.002         0.000 / 0.002       ms
[120.038s][info][gc,stats    ]    Subphase: Concurrent References Process                 0.056 / 0.100         0.058 / 0.131         0.058 / 0.131         0.058 / 0.131       ms
[120.038s][info][gc,stats    ]    Subphase: Concurrent Roots                              0.042 / 0.051         0.050 / 0.196         0.050 / 0.196         0.050 / 0.196       ms
[120.038s][info][gc,stats    ]    Subphase: Concurrent Roots ClassLoaderDataGraph         0.038 / 0.047         0.045 / 0.184         0.045 / 0.184         0.045 / 0.184       ms
[120.038s][info][gc,stats    ]    Subphase: Concurrent Roots JNIHandles                   0.002 / 0.002         0.002 / 0.009         0.002 / 0.009         0.002 / 0.009       ms
[120.038s][info][gc,stats    ]    Subphase: Concurrent Roots Setup                        0.003 / 0.006         0.003 / 0.008         0.003 / 0.008         0.003 / 0.008       ms
[120.038s][info][gc,stats    ]    Subphase: Concurrent Roots Teardown                     0.000 / 0.000         0.000 / 0.000         0.000 / 0.000         0.000 / 0.000       ms
[120.038s][info][gc,stats    ]    Subphase: Concurrent Roots VMHandles                    0.002 / 0.002         0.002 / 0.007         0.002 / 0.007         0.002 / 0.007       ms
[120.038s][info][gc,stats    ]    Subphase: Concurrent Weak Roots                         0.146 / 0.174         0.171 / 0.433         0.171 / 0.433         0.171 / 0.433       ms
[120.038s][info][gc,stats    ]    Subphase: Concurrent Weak Roots JNIWeakHandles          0.000 / 0.000         0.000 / 0.001         0.000 / 0.001         0.000 / 0.001       ms
[120.038s][info][gc,stats    ]    Subphase: Concurrent Weak Roots ResolvedMethodTable     0.006 / 0.007         0.006 / 0.018         0.006 / 0.018         0.006 / 0.018       ms
[120.038s][info][gc,stats    ]    Subphase: Concurrent Weak Roots StringTable             0.138 / 0.164         0.161 / 0.416         0.161 / 0.416         0.161 / 0.416       ms
[120.038s][info][gc,stats    ]    Subphase: Concurrent Weak Roots VMWeakHandles           0.002 / 0.003         0.002 / 0.010         0.002 / 0.010         0.002 / 0.010       ms
[120.038s][info][gc,stats    ]    Subphase: Pause Mark Try Complete                       0.133 / 0.146         0.149 / 0.348         0.149 / 0.348         0.149 / 0.348       ms
[120.038s][info][gc,stats    ]    Subphase: Pause Roots                                   0.012 / 0.063         0.013 / 0.246         0.013 / 0.246         0.013 / 0.246       ms
[120.038s][info][gc,stats    ]    Subphase: Pause Roots CodeCache                         0.000 / 0.000         0.000 / 0.000         0.000 / 0.000         0.000 / 0.000       ms
[120.038s][info][gc,stats    ]    Subphase: Pause Roots JVMTIExport                       0.001 / 0.001         0.001 / 0.004         0.001 / 0.004         0.001 / 0.004       ms
[120.038s][info][gc,stats    ]    Subphase: Pause Roots JVMTIWeakExport                   0.001 / 0.001         0.001 / 0.003         0.001 / 0.003         0.001 / 0.003       ms
[120.038s][info][gc,stats    ]    Subphase: Pause Roots Java Threads                      0.018 / 0.060         0.019 / 0.246         0.019 / 0.246         0.019 / 0.246       ms
[120.038s][info][gc,stats    ]    Subphase: Pause Roots Management                        0.001 / 0.001         0.001 / 0.004         0.001 / 0.004         0.001 / 0.004       ms
[120.038s][info][gc,stats    ]    Subphase: Pause Roots ObjectSynchronizer                0.000 / 0.000         0.000 / 0.022         0.000 / 0.022         0.000 / 0.022       ms
[120.038s][info][gc,stats    ]    Subphase: Pause Roots Setup                             0.000 / 0.001         0.000 / 0.002         0.000 / 0.002         0.000 / 0.002       ms
[120.038s][info][gc,stats    ]    Subphase: Pause Roots Teardown                          0.000 / 0.001         0.000 / 0.002         0.000 / 0.002         0.000 / 0.002       ms
[120.038s][info][gc,stats    ]    Subphase: Pause Roots Universe                          0.001 / 0.002         0.001 / 0.015         0.001 / 0.015         0.001 / 0.015       ms
[120.038s][info][gc,stats    ]    Subphase: Pause Roots VM Thread                         0.001 / 0.002         0.001 / 0.003         0.001 / 0.003         0.001 / 0.003       ms
[120.038s][info][gc,stats    ]    Subphase: Pause Weak Roots                              0.003 / 0.018         0.003 / 0.086         0.003 / 0.086         0.003 / 0.086       ms
[120.038s][info][gc,stats    ]    Subphase: Pause Weak Roots JFRWeak                      0.012 / 0.017         0.013 / 0.082         0.013 / 0.082         0.013 / 0.082       ms
[120.038s][info][gc,stats    ]    Subphase: Pause Weak Roots JVMTIWeakExport              0.001 / 0.001         0.001 / 0.006         0.001 / 0.006         0.001 / 0.006       ms
[120.038s][info][gc,stats    ]    Subphase: Pause Weak Roots Setup                        0.000 / 0.000         0.000 / 0.001         0.000 / 0.001         0.000 / 0.001       ms
[120.038s][info][gc,stats    ]    Subphase: Pause Weak Roots Teardown                     0.000 / 0.000         0.000 / 0.000         0.000 / 0.000         0.000 / 0.000       ms
[120.038s][info][gc,stats    ]      System: Java Threads                                     14 / 14               14 / 15               14 / 15               14 / 15          threads
[120.038s][info][gc,stats    ] =========================================================================================================================================================
[120.538s][info][gc,start    ] GC(225) Garbage Collection (Allocation Rate)
[120.538s][info][gc,phases   ] GC(225) Pause Mark Start 0.054ms
[120.582s][info][gc,phases   ] GC(225) Concurrent Mark 44.628ms
[120.583s][info][gc,phases   ] GC(225) Pause Mark End 0.227ms
[120.585s][info][gc,phases   ] GC(225) Concurrent Process Non-Strong References 1.734ms
[120.585s][info][gc,phases   ] GC(225) Concurrent Reset Relocation Set 0.022ms
[120.587s][info][gc,phases   ] GC(225) Concurrent Select Relocation Set 2.250ms
[120.587s][info][gc,phases   ] GC(225) Pause Relocate Start 0.060ms
[120.591s][info][gc,phases   ] GC(225) Concurrent Relocate 3.455ms
[120.591s][info][gc,load     ] GC(225) Load: 0.00/0.00/0.00
[120.591s][info][gc,mmu      ] GC(225) MMU: 2ms/77.0%, 5ms/89.5%, 10ms/94.4%, 20ms/97.2%, 50ms/98.7%, 100ms/99.4%
[120.591s][info][gc,marking  ] GC(225) Mark: 1 stripe(s), 2 proactive flush(es), 1 terminate flush(es), 1 completion(s), 0 continuation(s) 
[120.591s][info][gc,nmethod  ] GC(225) NMethods: 1482 registered, 0 unregistered
[120.591s][info][gc,metaspace] GC(225) Metaspace: 4M used, 4M capacity, 4M committed, 1032M reserved
[120.591s][info][gc,ref      ] GC(225) Soft: 261 encountered, 0 discovered, 0 enqueued
[120.591s][info][gc,ref      ] GC(225) Weak: 280 encountered, 229 discovered, 0 enqueued
[120.591s][info][gc,ref      ] GC(225) Final: 1 encountered, 0 discovered, 0 enqueued
[120.591s][info][gc,ref      ] GC(225) Phantom: 39 encountered, 30 discovered, 0 enqueued
[120.591s][info][gc,reloc    ] GC(225) Small Pages: 1390 / 2780M(100%), Empty: 2688M(96%), Compacting: 22M(1%)->6M(0%)
[120.591s][info][gc,reloc    ] GC(225) Medium Pages: 0 / 0M(0%), Empty: 0M(0%), Compacting: 0M(0%)->0M(0%)
[120.591s][info][gc,reloc    ] GC(225) Large Pages: 1 / 8M(0%), Empty: 0M(0%), Compacting: 0M(0%)->0M(0%)
[120.591s][info][gc,reloc    ] GC(225) Relocation: Successful
[120.591s][info][gc,heap     ] GC(225) Min Capacity: 42M(1%)
[120.591s][info][gc,heap     ] GC(225) Max Capacity: 4060M(100%)
[120.591s][info][gc,heap     ] GC(225) Soft Max Capacity: 4060M(100%)
[120.591s][info][gc,heap     ] GC(225)                Mark Start          Mark End        Relocate Start      Relocate End           High               Low         
[120.591s][info][gc,heap     ] GC(225)  Capacity:     3186M (78%)        3186M (78%)        3186M (78%)        3186M (78%)        3186M (78%)        3186M (78%)    
[120.591s][info][gc,heap     ] GC(225)   Reserve:       42M (1%)           42M (1%)           42M (1%)           42M (1%)           42M (1%)           42M (1%)     
[120.591s][info][gc,heap     ] GC(225)      Free:     1230M (30%)        1038M (26%)        3708M (91%)        3706M (91%)        3718M (92%)        1030M (25%)    
[120.591s][info][gc,heap     ] GC(225)      Used:     2788M (69%)        2980M (73%)         310M (8%)          312M (8%)         2988M (74%)         300M (7%)     
[120.591s][info][gc,heap     ] GC(225)      Live:         -                73M (2%)           73M (2%)           73M (2%)             -                  -          
[120.591s][info][gc,heap     ] GC(225) Allocated:         -               192M (5%)          210M (5%)          234M (6%)             -                  -          
[120.591s][info][gc,heap     ] GC(225)   Garbage:         -              2714M (67%)          26M (1%)           14M (0%)             -                  -          
[120.591s][info][gc,heap     ] GC(225) Reclaimed:         -                  -              2688M (66%)        2700M (67%)            -                  -          
[120.591s][info][gc          ] GC(225) Garbage Collection (Allocation Rate) 2788M(69%)->312M(8%)
[121.137s][info][gc,start    ] GC(226) Garbage Collection (Allocation Rate)
[121.137s][info][gc,phases   ] GC(226) Pause Mark Start 0.064ms
[121.175s][info][gc,phases   ] GC(226) Concurrent Mark 37.438ms
[121.175s][info][gc,phases   ] GC(226) Pause Mark End 0.306ms
[121.177s][info][gc,phases   ] GC(226) Concurrent Process Non-Strong References 1.613ms
[121.177s][info][gc,phases   ] GC(226) Concurrent Reset Relocation Set 0.035ms
[121.183s][info][gc,phases   ] GC(226) Concurrent Select Relocation Set 5.450ms
[121.183s][info][gc,phases   ] GC(226) Pause Relocate Start 0.064ms
[121.215s][info][gc,phases   ] GC(226) Concurrent Relocate 31.872ms
[121.215s][info][gc,load     ] GC(226) Load: 0.00/0.00/0.00
[121.215s][info][gc,mmu      ] GC(226) MMU: 2ms/77.0%, 5ms/89.5%, 10ms/94.4%, 20ms/97.2%, 50ms/98.7%, 100ms/99.4%
[121.215s][info][gc,marking  ] GC(226) Mark: 1 stripe(s), 2 proactive flush(es), 1 terminate flush(es), 1 completion(s), 0 continuation(s) 
[121.215s][info][gc,nmethod  ] GC(226) NMethods: 1482 registered, 0 unregistered
[121.215s][info][gc,metaspace] GC(226) Metaspace: 4M used, 4M capacity, 4M committed, 1032M reserved
[121.215s][info][gc,ref      ] GC(226) Soft: 261 encountered, 0 discovered, 0 enqueued
[121.215s][info][gc,ref      ] GC(226) Weak: 280 encountered, 229 discovered, 0 enqueued
[121.215s][info][gc,ref      ] GC(226) Final: 1 encountered, 0 discovered, 0 enqueued
[121.215s][info][gc,ref      ] GC(226) Phantom: 39 encountered, 30 discovered, 0 enqueued
[121.215s][info][gc,reloc    ] GC(226) Small Pages: 1422 / 2844M(100%), Empty: 2688M(94%), Compacting: 150M(5%)->56M(2%)
[121.215s][info][gc,reloc    ] GC(226) Medium Pages: 0 / 0M(0%), Empty: 0M(0%), Compacting: 0M(0%)->0M(0%)
[121.215s][info][gc,reloc    ] GC(226) Large Pages: 1 / 8M(0%), Empty: 0M(0%), Compacting: 0M(0%)->0M(0%)
[121.215s][info][gc,reloc    ] GC(226) Relocation: Successful
[121.215s][info][gc,heap     ] GC(226) Min Capacity: 42M(1%)
[121.215s][info][gc,heap     ] GC(226) Max Capacity: 4060M(100%)
[121.215s][info][gc,heap     ] GC(226) Soft Max Capacity: 4060M(100%)
[121.215s][info][gc,heap     ] GC(226)                Mark Start          Mark End        Relocate Start      Relocate End           High               Low         
[121.215s][info][gc,heap     ] GC(226)  Capacity:     3186M (78%)        3186M (78%)        3186M (78%)        3186M (78%)        3186M (78%)        3186M (78%)    
[121.215s][info][gc,heap     ] GC(226)   Reserve:       42M (1%)           42M (1%)           42M (1%)           42M (1%)           42M (1%)           42M (1%)     
[121.215s][info][gc,heap     ] GC(226)      Free:     1166M (29%)         990M (24%)        3644M (90%)        3592M (88%)        3670M (90%)         982M (24%)    
[121.215s][info][gc,heap     ] GC(226)      Used:     2852M (70%)        3028M (75%)         374M (9%)          426M (10%)        3036M (75%)         348M (9%)     
[121.215s][info][gc,heap     ] GC(226)      Live:         -                61M (2%)           61M (2%)           61M (2%)             -                  -          
[121.215s][info][gc,heap     ] GC(226) Allocated:         -               176M (4%)          210M (5%)          412M (10%)            -                  -          
[121.215s][info][gc,heap     ] GC(226)   Garbage:         -              2790M (69%)         102M (3%)            4M (0%)             -                  -          
[121.215s][info][gc,heap     ] GC(226) Reclaimed:         -                  -              2688M (66%)        2786M (69%)            -                  -          
[121.215s][info][gc          ] GC(226) Garbage Collection (Allocation Rate) 2852M(70%)->426M(10%)
[121.638s][info][gc,start    ] GC(227) Garbage Collection (Allocation Rate)
[121.638s][info][gc,phases   ] GC(227) Pause Mark Start 0.062ms
[121.680s][info][gc,phases   ] GC(227) Concurrent Mark 41.636ms
[121.680s][info][gc,phases   ] GC(227) Pause Mark End 0.245ms
[121.682s][info][gc,phases   ] GC(227) Concurrent Process Non-Strong References 1.591ms
[121.683s][info][gc,phases   ] GC(227) Concurrent Reset Relocation Set 1.079ms
[121.689s][info][gc,phases   ] GC(227) Concurrent Select Relocation Set 6.343ms
[121.690s][info][gc,phases   ] GC(227) Pause Relocate Start 0.072ms
[121.714s][info][gc,phases   ] GC(227) Concurrent Relocate 24.200ms
[121.714s][info][gc,load     ] GC(227) Load: 0.00/0.00/0.00
[121.714s][info][gc,mmu      ] GC(227) MMU: 2ms/77.0%, 5ms/89.5%, 10ms/94.4%, 20ms/97.2%, 50ms/98.7%, 100ms/99.4%
[121.714s][info][gc,marking  ] GC(227) Mark: 1 stripe(s), 2 proactive flush(es), 1 terminate flush(es), 1 completion(s), 0 continuation(s) 
[121.714s][info][gc,nmethod  ] GC(227) NMethods: 1482 registered, 0 unregistered
[121.714s][info][gc,metaspace] GC(227) Metaspace: 4M used, 4M capacity, 4M committed, 1032M reserved
[121.714s][info][gc,ref      ] GC(227) Soft: 261 encountered, 0 discovered, 0 enqueued
[121.714s][info][gc,ref      ] GC(227) Weak: 280 encountered, 229 discovered, 0 enqueued
[121.714s][info][gc,ref      ] GC(227) Final: 1 encountered, 0 discovered, 0 enqueued
[121.714s][info][gc,ref      ] GC(227) Phantom: 39 encountered, 30 discovered, 0 enqueued
[121.714s][info][gc,reloc    ] GC(227) Small Pages: 1191 / 2382M(100%), Empty: 2254M(94%), Compacting: 102M(4%)->36M(2%)
[121.714s][info][gc,reloc    ] GC(227) Medium Pages: 0 / 0M(0%), Empty: 0M(0%), Compacting: 0M(0%)->0M(0%)
[121.714s][info][gc,reloc    ] GC(227) Large Pages: 1 / 8M(0%), Empty: 0M(0%), Compacting: 0M(0%)->0M(0%)
[121.714s][info][gc,reloc    ] GC(227) Relocation: Successful
[121.714s][info][gc,heap     ] GC(227) Min Capacity: 42M(1%)
[121.714s][info][gc,heap     ] GC(227) Max Capacity: 4060M(100%)
[121.714s][info][gc,heap     ] GC(227) Soft Max Capacity: 4060M(100%)
[121.714s][info][gc,heap     ] GC(227)                Mark Start          Mark End        Relocate Start      Relocate End           High               Low         
[121.714s][info][gc,heap     ] GC(227)  Capacity:     3186M (78%)        3186M (78%)        3186M (78%)        3186M (78%)        3186M (78%)        3186M (78%)    
[121.714s][info][gc,heap     ] GC(227)   Reserve:       42M (1%)           42M (1%)           42M (1%)           42M (1%)           42M (1%)           42M (1%)     
[121.714s][info][gc,heap     ] GC(227)      Free:     1628M (40%)        1446M (36%)        3666M (90%)        3628M (89%)        3688M (91%)        1434M (35%)    
[121.714s][info][gc,heap     ] GC(227)      Used:     2390M (59%)        2572M (63%)         352M (9%)          390M (10%)        2584M (64%)         330M (8%)     
[121.714s][info][gc,heap     ] GC(227)      Live:         -                61M (2%)           61M (2%)           61M (2%)             -                  -          
[121.714s][info][gc,heap     ] GC(227) Allocated:         -               182M (4%)          216M (5%)          356M (9%)             -                  -          
[121.714s][info][gc,heap     ] GC(227)   Garbage:         -              2328M (57%)          74M (2%)            6M (0%)             -                  -          
[121.714s][info][gc,heap     ] GC(227) Reclaimed:         -                  -              2254M (56%)        2322M (57%)            -                  -          
[121.714s][info][gc          ] GC(227) Garbage Collection (Allocation Rate) 2390M(59%)->390M(10%)
[122.139s][info][gc,start    ] GC(228) Garbage Collection (Allocation Rate)
[122.139s][info][gc,phases   ] GC(228) Pause Mark Start 0.063ms
[122.178s][info][gc,phases   ] GC(228) Concurrent Mark 38.775ms
[122.178s][info][gc,phases   ] GC(228) Pause Mark End 0.308ms
[122.180s][info][gc,phases   ] GC(228) Concurrent Process Non-Strong References 1.733ms
[122.181s][info][gc,phases   ] GC(228) Concurrent Reset Relocation Set 1.169ms
[122.186s][info][gc,phases   ] GC(228) Concurrent Select Relocation Set 4.504ms
[122.186s][info][gc,phases   ] GC(228) Pause Relocate Start 0.094ms
[122.204s][info][gc,phases   ] GC(228) Concurrent Relocate 18.091ms
[122.204s][info][gc,load     ] GC(228) Load: 0.00/0.00/0.00
[122.204s][info][gc,mmu      ] GC(228) MMU: 2ms/77.0%, 5ms/89.5%, 10ms/94.4%, 20ms/97.2%, 50ms/98.7%, 100ms/99.4%
[122.204s][info][gc,marking  ] GC(228) Mark: 1 stripe(s), 2 proactive flush(es), 1 terminate flush(es), 1 completion(s), 0 continuation(s) 
[122.204s][info][gc,nmethod  ] GC(228) NMethods: 1482 registered, 0 unregistered
[122.204s][info][gc,metaspace] GC(228) Metaspace: 4M used, 4M capacity, 4M committed, 1032M reserved
[122.204s][info][gc,ref      ] GC(228) Soft: 261 encountered, 0 discovered, 0 enqueued
[122.204s][info][gc,ref      ] GC(228) Weak: 280 encountered, 229 discovered, 0 enqueued
[122.204s][info][gc,ref      ] GC(228) Final: 1 encountered, 0 discovered, 0 enqueued
[122.204s][info][gc,ref      ] GC(228) Phantom: 39 encountered, 30 discovered, 0 enqueued
[122.204s][info][gc,reloc    ] GC(228) Small Pages: 1206 / 2412M(100%), Empty: 2292M(95%), Compacting: 84M(3%)->32M(1%)
[122.204s][info][gc,reloc    ] GC(228) Medium Pages: 0 / 0M(0%), Empty: 0M(0%), Compacting: 0M(0%)->0M(0%)
[122.204s][info][gc,reloc    ] GC(228) Large Pages: 1 / 8M(0%), Empty: 0M(0%), Compacting: 0M(0%)->0M(0%)
[122.204s][info][gc,reloc    ] GC(228) Relocation: Successful
[122.204s][info][gc,heap     ] GC(228) Min Capacity: 42M(1%)
[122.204s][info][gc,heap     ] GC(228) Max Capacity: 4060M(100%)
[122.204s][info][gc,heap     ] GC(228) Soft Max Capacity: 4060M(100%)
[122.204s][info][gc,heap     ] GC(228)                Mark Start          Mark End        Relocate Start      Relocate End           High               Low         
[122.204s][info][gc,heap     ] GC(228)  Capacity:     3186M (78%)        3186M (78%)        3186M (78%)        3186M (78%)        3186M (78%)        3186M (78%)    
[122.204s][info][gc,heap     ] GC(228)   Reserve:       42M (1%)           42M (1%)           42M (1%)           42M (1%)           42M (1%)           42M (1%)     
[122.204s][info][gc,heap     ] GC(228)      Free:     1598M (39%)        1414M (35%)        3672M (90%)        3640M (90%)        3692M (91%)        1400M (34%)    
[122.204s][info][gc,heap     ] GC(228)      Used:     2420M (60%)        2604M (64%)         346M (9%)          378M (9%)         2618M (64%)         326M (8%)     
[122.204s][info][gc,heap     ] GC(228)      Live:         -                66M (2%)           66M (2%)           66M (2%)             -                  -          
[122.204s][info][gc,heap     ] GC(228) Allocated:         -               184M (5%)          218M (5%)          334M (8%)             -                  -          
[122.204s][info][gc,heap     ] GC(228)   Garbage:         -              2353M (58%)          61M (2%)            7M (0%)             -                  -          
[122.204s][info][gc,heap     ] GC(228) Reclaimed:         -                  -              2292M (56%)        2346M (58%)            -                  -          
[122.204s][info][gc          ] GC(228) Garbage Collection (Allocation Rate) 2420M(60%)->378M(9%)
[122.639s][info][gc,start    ] GC(229) Garbage Collection (Allocation Rate)
[122.639s][info][gc,phases   ] GC(229) Pause Mark Start 0.100ms
[122.682s][info][gc,phases   ] GC(229) Concurrent Mark 42.823ms
[122.682s][info][gc,phases   ] GC(229) Pause Mark End 0.239ms
[122.684s][info][gc,phases   ] GC(229) Concurrent Process Non-Strong References 1.872ms
[122.684s][info][gc,phases   ] GC(229) Concurrent Reset Relocation Set 0.066ms
[122.688s][info][gc,phases   ] GC(229) Concurrent Select Relocation Set 3.651ms
[122.688s][info][gc,phases   ] GC(229) Pause Relocate Start 0.067ms
[122.714s][info][gc,phases   ] GC(229) Concurrent Relocate 25.741ms
[122.714s][info][gc,load     ] GC(229) Load: 0.00/0.00/0.00
[122.714s][info][gc,mmu      ] GC(229) MMU: 2ms/77.0%, 5ms/89.5%, 10ms/94.4%, 20ms/97.2%, 50ms/98.7%, 100ms/99.4%
[122.714s][info][gc,marking  ] GC(229) Mark: 1 stripe(s), 2 proactive flush(es), 1 terminate flush(es), 1 completion(s), 0 continuation(s) 
[122.714s][info][gc,nmethod  ] GC(229) NMethods: 1482 registered, 0 unregistered
[122.714s][info][gc,metaspace] GC(229) Metaspace: 4M used, 4M capacity, 4M committed, 1032M reserved
[122.714s][info][gc,ref      ] GC(229) Soft: 261 encountered, 0 discovered, 0 enqueued
[122.714s][info][gc,ref      ] GC(229) Weak: 280 encountered, 229 discovered, 0 enqueued
[122.714s][info][gc,ref      ] GC(229) Final: 1 encountered, 0 discovered, 0 enqueued
[122.714s][info][gc,ref      ] GC(229) Phantom: 39 encountered, 30 discovered, 0 enqueued
[122.714s][info][gc,reloc    ] GC(229) Small Pages: 1220 / 2440M(100%), Empty: 2302M(94%), Compacting: 118M(5%)->38M(2%)
[122.714s][info][gc,reloc    ] GC(229) Medium Pages: 0 / 0M(0%), Empty: 0M(0%), Compacting: 0M(0%)->0M(0%)
[122.714s][info][gc,reloc    ] GC(229) Large Pages: 1 / 8M(0%), Empty: 0M(0%), Compacting: 0M(0%)->0M(0%)
[122.714s][info][gc,reloc    ] GC(229) Relocation: Successful
[122.714s][info][gc,heap     ] GC(229) Min Capacity: 42M(1%)
[122.714s][info][gc,heap     ] GC(229) Max Capacity: 4060M(100%)
[122.714s][info][gc,heap     ] GC(229) Soft Max Capacity: 4060M(100%)
[122.714s][info][gc,heap     ] GC(229)                Mark Start          Mark End        Relocate Start      Relocate End           High               Low         
[122.714s][info][gc,heap     ] GC(229)  Capacity:     3186M (78%)        3186M (78%)        3186M (78%)        3186M (78%)        3186M (78%)        3186M (78%)    
[122.714s][info][gc,heap     ] GC(229)   Reserve:       42M (1%)           42M (1%)           42M (1%)           42M (1%)           42M (1%)           42M (1%)     
[122.714s][info][gc,heap     ] GC(229)      Free:     1570M (39%)        1390M (34%)        3670M (90%)        3644M (90%)        3682M (91%)        1380M (34%)    
[122.714s][info][gc,heap     ] GC(229)      Used:     2448M (60%)        2628M (65%)         348M (9%)          374M (9%)         2638M (65%)         336M (8%)     
[122.714s][info][gc,heap     ] GC(229)      Live:         -                57M (1%)           57M (1%)           57M (1%)             -                  -          
[122.714s][info][gc,heap     ] GC(229) Allocated:         -               180M (4%)          202M (5%)          346M (9%)             -                  -          
[122.714s][info][gc,heap     ] GC(229)   Garbage:         -              2390M (59%)          88M (2%)            6M (0%)             -                  -          
[122.714s][info][gc,heap     ] GC(229) Reclaimed:         -                  -              2302M (57%)        2384M (59%)            -                  -          
[122.714s][info][gc          ] GC(229) Garbage Collection (Allocation Rate) 2448M(60%)->374M(9%)
[123.138s][info][gc,start    ] GC(230) Garbage Collection (Allocation Rate)
[123.139s][info][gc,phases   ] GC(230) Pause Mark Start 0.061ms
[123.178s][info][gc,phases   ] GC(230) Concurrent Mark 39.497ms
[123.179s][info][gc,phases   ] GC(230) Pause Mark End 0.239ms
[123.180s][info][gc,phases   ] GC(230) Concurrent Process Non-Strong References 1.614ms
[123.180s][info][gc,phases   ] GC(230) Concurrent Reset Relocation Set 0.074ms
[123.182s][info][gc,phases   ] GC(230) Concurrent Select Relocation Set 1.866ms
[123.183s][info][gc,phases   ] GC(230) Pause Relocate Start 0.075ms
[123.193s][info][gc,phases   ] GC(230) Concurrent Relocate 10.284ms
[123.193s][info][gc,load     ] GC(230) Load: 0.00/0.00/0.00
[123.193s][info][gc,mmu      ] GC(230) MMU: 2ms/77.0%, 5ms/89.5%, 10ms/94.4%, 20ms/97.2%, 50ms/98.7%, 100ms/99.4%
[123.193s][info][gc,marking  ] GC(230) Mark: 1 stripe(s), 2 proactive flush(es), 1 terminate flush(es), 1 completion(s), 0 continuation(s) 
[123.193s][info][gc,nmethod  ] GC(230) NMethods: 1482 registered, 0 unregistered
[123.193s][info][gc,metaspace] GC(230) Metaspace: 4M used, 4M capacity, 4M committed, 1032M reserved
[123.193s][info][gc,ref      ] GC(230) Soft: 261 encountered, 0 discovered, 0 enqueued
[123.193s][info][gc,ref      ] GC(230) Weak: 280 encountered, 229 discovered, 0 enqueued
[123.193s][info][gc,ref      ] GC(230) Final: 1 encountered, 0 discovered, 0 enqueued
[123.193s][info][gc,ref      ] GC(230) Phantom: 39 encountered, 30 discovered, 0 enqueued
[123.193s][info][gc,reloc    ] GC(230) Small Pages: 1191 / 2382M(100%), Empty: 2276M(95%), Compacting: 54M(2%)->18M(1%)
[123.193s][info][gc,reloc    ] GC(230) Medium Pages: 0 / 0M(0%), Empty: 0M(0%), Compacting: 0M(0%)->0M(0%)
[123.193s][info][gc,reloc    ] GC(230) Large Pages: 1 / 8M(0%), Empty: 0M(0%), Compacting: 0M(0%)->0M(0%)
[123.193s][info][gc,reloc    ] GC(230) Relocation: Successful
[123.193s][info][gc,heap     ] GC(230) Min Capacity: 42M(1%)
[123.193s][info][gc,heap     ] GC(230) Max Capacity: 4060M(100%)
[123.193s][info][gc,heap     ] GC(230) Soft Max Capacity: 4060M(100%)
[123.193s][info][gc,heap     ] GC(230)                Mark Start          Mark End        Relocate Start      Relocate End           High               Low         
[123.193s][info][gc,heap     ] GC(230)  Capacity:     3186M (78%)        3186M (78%)        3186M (78%)        3186M (78%)        3186M (78%)        3186M (78%)    
[123.193s][info][gc,heap     ] GC(230)   Reserve:       42M (1%)           42M (1%)           42M (1%)           42M (1%)           42M (1%)           42M (1%)     
[123.193s][info][gc,heap     ] GC(230)      Free:     1628M (40%)        1440M (35%)        3698M (91%)        3682M (91%)        3706M (91%)        1432M (35%)    
[123.193s][info][gc,heap     ] GC(230)      Used:     2390M (59%)        2578M (63%)         320M (8%)          336M (8%)         2586M (64%)         312M (8%)     
[123.193s][info][gc,heap     ] GC(230)      Live:         -                68M (2%)           68M (2%)           68M (2%)             -                  -          
[123.193s][info][gc,heap     ] GC(230) Allocated:         -               188M (5%)          206M (5%)          276M (7%)             -                  -          
[123.193s][info][gc,heap     ] GC(230)   Garbage:         -              2321M (57%)          45M (1%)           13M (0%)             -                  -          
[123.193s][info][gc,heap     ] GC(230) Reclaimed:         -                  -              2276M (56%)        2308M (57%)            -                  -          
[123.193s][info][gc          ] GC(230) Garbage Collection (Allocation Rate) 2390M(59%)->336M(8%)
[123.638s][info][gc,start    ] GC(231) Garbage Collection (Allocation Rate)
[123.638s][info][gc,phases   ] GC(231) Pause Mark Start 0.062ms
[123.676s][info][gc,phases   ] GC(231) Concurrent Mark 37.963ms
[123.677s][info][gc,phases   ] GC(231) Pause Mark End 0.246ms
[123.678s][info][gc,phases   ] GC(231) Concurrent Process Non-Strong References 1.459ms
[123.678s][info][gc,phases   ] GC(231) Concurrent Reset Relocation Set 0.043ms
[123.682s][info][gc,phases   ] GC(231) Concurrent Select Relocation Set 3.706ms
[123.682s][info][gc,phases   ] GC(231) Pause Relocate Start 0.071ms
[123.713s][info][gc,phases   ] GC(231) Concurrent Relocate 30.760ms
[123.713s][info][gc,load     ] GC(231) Load: 0.00/0.00/0.00
[123.713s][info][gc,mmu      ] GC(231) MMU: 2ms/77.0%, 5ms/89.5%, 10ms/94.4%, 20ms/97.2%, 50ms/98.7%, 100ms/99.4%
[123.713s][info][gc,marking  ] GC(231) Mark: 1 stripe(s), 2 proactive flush(es), 1 terminate flush(es), 1 completion(s), 0 continuation(s) 
[123.713s][info][gc,nmethod  ] GC(231) NMethods: 1482 registered, 0 unregistered
[123.713s][info][gc,metaspace] GC(231) Metaspace: 4M used, 4M capacity, 4M committed, 1032M reserved
[123.713s][info][gc,ref      ] GC(231) Soft: 261 encountered, 0 discovered, 0 enqueued
[123.713s][info][gc,ref      ] GC(231) Weak: 280 encountered, 229 discovered, 0 enqueued
[123.713s][info][gc,ref      ] GC(231) Final: 1 encountered, 0 discovered, 0 enqueued
[123.713s][info][gc,ref      ] GC(231) Phantom: 39 encountered, 30 discovered, 0 enqueued
[123.713s][info][gc,reloc    ] GC(231) Small Pages: 1237 / 2474M(100%), Empty: 2322M(94%), Compacting: 142M(6%)->52M(2%)
[123.713s][info][gc,reloc    ] GC(231) Medium Pages: 0 / 0M(0%), Empty: 0M(0%), Compacting: 0M(0%)->0M(0%)
[123.713s][info][gc,reloc    ] GC(231) Large Pages: 1 / 8M(0%), Empty: 0M(0%), Compacting: 0M(0%)->0M(0%)
[123.713s][info][gc,reloc    ] GC(231) Relocation: Successful
[123.713s][info][gc,heap     ] GC(231) Min Capacity: 42M(1%)
[123.713s][info][gc,heap     ] GC(231) Max Capacity: 4060M(100%)
[123.713s][info][gc,heap     ] GC(231) Soft Max Capacity: 4060M(100%)
[123.713s][info][gc,heap     ] GC(231)                Mark Start          Mark End        Relocate Start      Relocate End           High               Low         
[123.713s][info][gc,heap     ] GC(231)  Capacity:     3186M (78%)        3186M (78%)        3186M (78%)        3186M (78%)        3186M (78%)        3186M (78%)    
[123.713s][info][gc,heap     ] GC(231)   Reserve:       42M (1%)           42M (1%)           42M (1%)           42M (1%)           42M (1%)           42M (1%)     
[123.713s][info][gc,heap     ] GC(231)      Free:     1536M (38%)        1358M (33%)        3654M (90%)        3602M (89%)        3672M (90%)        1350M (33%)    
[123.713s][info][gc,heap     ] GC(231)      Used:     2482M (61%)        2660M (66%)         364M (9%)          416M (10%)        2668M (66%)         346M (9%)     
[123.713s][info][gc,heap     ] GC(231)      Live:         -                61M (2%)           61M (2%)           61M (2%)             -                  -          
[123.713s][info][gc,heap     ] GC(231) Allocated:         -               178M (4%)          204M (5%)          398M (10%)            -                  -          
[123.713s][info][gc,heap     ] GC(231)   Garbage:         -              2420M (60%)          98M (2%)            4M (0%)             -                  -          
[123.713s][info][gc,heap     ] GC(231) Reclaimed:         -                  -              2322M (57%)        2416M (60%)            -                  -          
[123.713s][info][gc          ] GC(231) Garbage Collection (Allocation Rate) 2482M(61%)->416M(10%)
[124.138s][info][gc,start    ] GC(232) Garbage Collection (Allocation Rate)
[124.138s][info][gc,phases   ] GC(232) Pause Mark Start 0.056ms
[124.175s][info][gc,phases   ] GC(232) Concurrent Mark 37.331ms
[124.176s][info][gc,phases   ] GC(232) Pause Mark End 0.262ms
[124.178s][info][gc,phases   ] GC(232) Concurrent Process Non-Strong References 1.812ms
[124.178s][info][gc,phases   ] GC(232) Concurrent Reset Relocation Set 0.864ms
[124.183s][info][gc,phases   ] GC(232) Concurrent Select Relocation Set 4.553ms
[124.183s][info][gc,phases   ] GC(232) Pause Relocate Start 0.058ms
[124.213s][info][gc,phases   ] GC(232) Concurrent Relocate 29.708ms
[124.213s][info][gc,load     ] GC(232) Load: 0.00/0.00/0.00
[124.213s][info][gc,mmu      ] GC(232) MMU: 2ms/77.0%, 5ms/89.5%, 10ms/94.4%, 20ms/97.2%, 50ms/98.7%, 100ms/99.4%
[124.213s][info][gc,marking  ] GC(232) Mark: 1 stripe(s), 2 proactive flush(es), 1 terminate flush(es), 1 completion(s), 0 continuation(s) 
[124.213s][info][gc,nmethod  ] GC(232) NMethods: 1482 registered, 0 unregistered
[124.213s][info][gc,metaspace] GC(232) Metaspace: 4M used, 4M capacity, 4M committed, 1032M reserved
[124.213s][info][gc,ref      ] GC(232) Soft: 261 encountered, 0 discovered, 0 enqueued
[124.213s][info][gc,ref      ] GC(232) Weak: 280 encountered, 229 discovered, 0 enqueued
[124.213s][info][gc,ref      ] GC(232) Final: 1 encountered, 0 discovered, 0 enqueued
[124.213s][info][gc,ref      ] GC(232) Phantom: 39 encountered, 30 discovered, 0 enqueued
[124.213s][info][gc,reloc    ] GC(232) Small Pages: 1220 / 2440M(100%), Empty: 2288M(93%), Compacting: 148M(6%)->52M(2%)
[124.213s][info][gc,reloc    ] GC(232) Medium Pages: 0 / 0M(0%), Empty: 0M(0%), Compacting: 0M(0%)->0M(0%)
[124.213s][info][gc,reloc    ] GC(232) Large Pages: 1 / 8M(0%), Empty: 0M(0%), Compacting: 0M(0%)->0M(0%)
[124.213s][info][gc,reloc    ] GC(232) Relocation: Successful
[124.213s][info][gc,heap     ] GC(232) Min Capacity: 42M(1%)
[124.213s][info][gc,heap     ] GC(232) Max Capacity: 4060M(100%)
[124.213s][info][gc,heap     ] GC(232) Soft Max Capacity: 4060M(100%)
[124.213s][info][gc,heap     ] GC(232)                Mark Start          Mark End        Relocate Start      Relocate End           High               Low         
[124.213s][info][gc,heap     ] GC(232)  Capacity:     3186M (78%)        3186M (78%)        3186M (78%)        3186M (78%)        3186M (78%)        3186M (78%)    
[124.213s][info][gc,heap     ] GC(232)   Reserve:       42M (1%)           42M (1%)           42M (1%)           42M (1%)           42M (1%)           42M (1%)     
[124.213s][info][gc,heap     ] GC(232)      Free:     1570M (39%)        1398M (34%)        3650M (90%)        3610M (89%)        3672M (90%)        1384M (34%)    
[124.213s][info][gc,heap     ] GC(232)      Used:     2448M (60%)        2620M (65%)         368M (9%)          408M (10%)        2634M (65%)         346M (9%)     
[124.213s][info][gc,heap     ] GC(232)      Live:         -                56M (1%)           56M (1%)           56M (1%)             -                  -          
[124.213s][info][gc,heap     ] GC(232) Allocated:         -               172M (4%)          208M (5%)          396M (10%)            -                  -          
[124.213s][info][gc,heap     ] GC(232)   Garbage:         -              2391M (59%)         103M (3%)            3M (0%)             -                  -          
[124.213s][info][gc,heap     ] GC(232) Reclaimed:         -                  -              2288M (56%)        2388M (59%)            -                  -          
[124.213s][info][gc          ] GC(232) Garbage Collection (Allocation Rate) 2448M(60%)->408M(10%)
[124.638s][info][gc,start    ] GC(233) Garbage Collection (Allocation Rate)
[124.639s][info][gc,phases   ] GC(233) Pause Mark Start 0.050ms
[124.668s][info][gc,phases   ] GC(233) Concurrent Mark 29.564ms
[124.669s][info][gc,phases   ] GC(233) Pause Mark End 0.201ms
[124.670s][info][gc,phases   ] GC(233) Concurrent Process Non-Strong References 1.537ms
[124.671s][info][gc,phases   ] GC(233) Concurrent Reset Relocation Set 0.961ms
[124.674s][info][gc,phases   ] GC(233) Concurrent Select Relocation Set 2.488ms
[124.674s][info][gc,phases   ] GC(233) Pause Relocate Start 0.061ms
[124.680s][info][gc,phases   ] GC(233) Concurrent Relocate 6.396ms
[124.680s][info][gc,load     ] GC(233) Load: 0.00/0.00/0.00
[124.680s][info][gc,mmu      ] GC(233) MMU: 2ms/77.0%, 5ms/89.5%, 10ms/94.4%, 20ms/97.2%, 50ms/98.7%, 100ms/99.4%
[124.680s][info][gc,marking  ] GC(233) Mark: 1 stripe(s), 2 proactive flush(es), 1 terminate flush(es), 1 completion(s), 0 continuation(s) 
[124.680s][info][gc,nmethod  ] GC(233) NMethods: 1482 registered, 0 unregistered
[124.680s][info][gc,metaspace] GC(233) Metaspace: 4M used, 4M capacity, 4M committed, 1032M reserved
[124.680s][info][gc,ref      ] GC(233) Soft: 261 encountered, 0 discovered, 0 enqueued
[124.680s][info][gc,ref      ] GC(233) Weak: 280 encountered, 229 discovered, 0 enqueued
[124.680s][info][gc,ref      ] GC(233) Final: 1 encountered, 0 discovered, 0 enqueued
[124.680s][info][gc,ref      ] GC(233) Phantom: 39 encountered, 30 discovered, 0 enqueued
[124.680s][info][gc,reloc    ] GC(233) Small Pages: 1223 / 2446M(100%), Empty: 2376M(97%), Compacting: 34M(1%)->10M(0%)
[124.680s][info][gc,reloc    ] GC(233) Medium Pages: 0 / 0M(0%), Empty: 0M(0%), Compacting: 0M(0%)->0M(0%)
[124.680s][info][gc,reloc    ] GC(233) Large Pages: 1 / 8M(0%), Empty: 0M(0%), Compacting: 0M(0%)->0M(0%)
[124.680s][info][gc,reloc    ] GC(233) Relocation: Successful
[124.680s][info][gc,heap     ] GC(233) Min Capacity: 42M(1%)
[124.680s][info][gc,heap     ] GC(233) Max Capacity: 4060M(100%)
[124.680s][info][gc,heap     ] GC(233) Soft Max Capacity: 4060M(100%)
[124.680s][info][gc,heap     ] GC(233)                Mark Start          Mark End        Relocate Start      Relocate End           High               Low         
[124.681s][info][gc,heap     ] GC(233)  Capacity:     3186M (78%)        3186M (78%)        3186M (78%)        3186M (78%)        3186M (78%)        3186M (78%)    
[124.681s][info][gc,heap     ] GC(233)   Reserve:       42M (1%)           42M (1%)           42M (1%)           42M (1%)           42M (1%)           42M (1%)     
[124.681s][info][gc,heap     ] GC(233)      Free:     1564M (39%)        1424M (35%)        3776M (93%)        3772M (93%)        3788M (93%)        1412M (35%)    
[124.681s][info][gc,heap     ] GC(233)      Used:     2454M (60%)        2594M (64%)         242M (6%)          246M (6%)         2606M (64%)         230M (6%)     
[124.681s][info][gc,heap     ] GC(233)      Live:         -                46M (1%)           46M (1%)           46M (1%)             -                  -          
[124.681s][info][gc,heap     ] GC(233) Allocated:         -               140M (3%)          164M (4%)          202M (5%)             -                  -          
[124.681s][info][gc,heap     ] GC(233)   Garbage:         -              2407M (59%)          31M (1%)            9M (0%)             -                  -          
[124.681s][info][gc,heap     ] GC(233) Reclaimed:         -                  -              2376M (59%)        2398M (59%)            -                  -          
[124.681s][info][gc          ] GC(233) Garbage Collection (Allocation Rate) 2454M(60%)->246M(6%)
[125.138s][info][gc,start    ] GC(234) Garbage Collection (Allocation Rate)
[125.138s][info][gc,phases   ] GC(234) Pause Mark Start 0.061ms
[125.178s][info][gc,phases   ] GC(234) Concurrent Mark 40.058ms
[125.179s][info][gc,phases   ] GC(234) Pause Mark End 0.232ms
[125.181s][info][gc,phases   ] GC(234) Concurrent Process Non-Strong References 1.672ms
[125.181s][info][gc,phases   ] GC(234) Concurrent Reset Relocation Set 0.034ms
[125.182s][info][gc,phases   ] GC(234) Concurrent Select Relocation Set 1.428ms
[125.182s][info][gc,phases   ] GC(234) Pause Relocate Start 0.060ms
[125.183s][info][gc,phases   ] GC(234) Concurrent Relocate 0.496ms
[125.183s][info][gc,load     ] GC(234) Load: 0.00/0.00/0.00
[125.183s][info][gc,mmu      ] GC(234) MMU: 2ms/77.0%, 5ms/89.5%, 10ms/94.4%, 20ms/97.2%, 50ms/98.7%, 100ms/99.4%
[125.183s][info][gc,marking  ] GC(234) Mark: 1 stripe(s), 2 proactive flush(es), 1 terminate flush(es), 1 completion(s), 0 continuation(s) 
[125.183s][info][gc,nmethod  ] GC(234) NMethods: 1482 registered, 0 unregistered
[125.183s][info][gc,metaspace] GC(234) Metaspace: 4M used, 4M capacity, 4M committed, 1032M reserved
[125.183s][info][gc,ref      ] GC(234) Soft: 261 encountered, 0 discovered, 0 enqueued
[125.183s][info][gc,ref      ] GC(234) Weak: 280 encountered, 229 discovered, 0 enqueued
[125.183s][info][gc,ref      ] GC(234) Final: 1 encountered, 0 discovered, 0 enqueued
[125.183s][info][gc,ref      ] GC(234) Phantom: 39 encountered, 30 discovered, 0 enqueued
[125.183s][info][gc,reloc    ] GC(234) Small Pages: 1222 / 2444M(100%), Empty: 2364M(96%), Compacting: 8M(0%)->2M(0%)
[125.183s][info][gc,reloc    ] GC(234) Medium Pages: 0 / 0M(0%), Empty: 0M(0%), Compacting: 0M(0%)->0M(0%)
[125.183s][info][gc,reloc    ] GC(234) Large Pages: 1 / 8M(0%), Empty: 0M(0%), Compacting: 0M(0%)->0M(0%)
[125.183s][info][gc,reloc    ] GC(234) Relocation: Successful
[125.183s][info][gc,heap     ] GC(234) Min Capacity: 42M(1%)
[125.183s][info][gc,heap     ] GC(234) Max Capacity: 4060M(100%)
[125.183s][info][gc,heap     ] GC(234) Soft Max Capacity: 4060M(100%)
[125.183s][info][gc,heap     ] GC(234)                Mark Start          Mark End        Relocate Start      Relocate End           High               Low         
[125.183s][info][gc,heap     ] GC(234)  Capacity:     3186M (78%)        3186M (78%)        3186M (78%)        3186M (78%)        3186M (78%)        3186M (78%)    
[125.183s][info][gc,heap     ] GC(234)   Reserve:       42M (1%)           42M (1%)           42M (1%)           42M (1%)           42M (1%)           42M (1%)     
[125.183s][info][gc,heap     ] GC(234)      Free:     1566M (39%)        1372M (34%)        3722M (92%)        3724M (92%)        3728M (92%)        1364M (34%)    
[125.183s][info][gc,heap     ] GC(234)      Used:     2452M (60%)        2646M (65%)         296M (7%)          294M (7%)         2654M (65%)         290M (7%)     
[125.183s][info][gc,heap     ] GC(234)      Live:         -                71M (2%)           71M (2%)           71M (2%)             -                  -          
[125.183s][info][gc,heap     ] GC(234) Allocated:         -               194M (5%)          208M (5%)          214M (5%)             -                  -          
[125.183s][info][gc,heap     ] GC(234)   Garbage:         -              2380M (59%)          16M (0%)           12M (0%)             -                  -          
[125.183s][info][gc,heap     ] GC(234) Reclaimed:         -                  -              2364M (58%)        2368M (58%)            -                  -          
[125.183s][info][gc          ] GC(234) Garbage Collection (Allocation Rate) 2452M(60%)->294M(7%)
[125.637s][info][gc,start    ] GC(235) Garbage Collection (Allocation Rate)
[125.637s][info][gc,phases   ] GC(235) Pause Mark Start 0.059ms
[125.676s][info][gc,phases   ] GC(235) Concurrent Mark 38.919ms
[125.677s][info][gc,phases   ] GC(235) Pause Mark End 0.273ms
[125.678s][info][gc,phases   ] GC(235) Concurrent Process Non-Strong References 1.523ms
[125.679s][info][gc,phases   ] GC(235) Concurrent Reset Relocation Set 0.021ms
[125.681s][info][gc,phases   ] GC(235) Concurrent Select Relocation Set 2.832ms
[125.682s][info][gc,phases   ] GC(235) Pause Relocate Start 0.062ms
[125.706s][info][gc,phases   ] GC(235) Concurrent Relocate 23.810ms
[125.706s][info][gc,load     ] GC(235) Load: 0.00/0.00/0.00
[125.706s][info][gc,mmu      ] GC(235) MMU: 2ms/77.0%, 5ms/89.5%, 10ms/94.4%, 20ms/97.2%, 50ms/98.7%, 100ms/99.4%
[125.706s][info][gc,marking  ] GC(235) Mark: 1 stripe(s), 2 proactive flush(es), 1 terminate flush(es), 1 completion(s), 0 continuation(s) 
[125.706s][info][gc,nmethod  ] GC(235) NMethods: 1482 registered, 0 unregistered
[125.706s][info][gc,metaspace] GC(235) Metaspace: 4M used, 4M capacity, 4M committed, 1032M reserved
[125.706s][info][gc,ref      ] GC(235) Soft: 261 encountered, 0 discovered, 0 enqueued
[125.706s][info][gc,ref      ] GC(235) Weak: 280 encountered, 229 discovered, 0 enqueued
[125.706s][info][gc,ref      ] GC(235) Final: 1 encountered, 0 discovered, 0 enqueued
[125.706s][info][gc,ref      ] GC(235) Phantom: 39 encountered, 30 discovered, 0 enqueued
[125.706s][info][gc,reloc    ] GC(235) Small Pages: 1236 / 2472M(100%), Empty: 2354M(95%), Compacting: 78M(3%)->28M(1%)
[125.706s][info][gc,reloc    ] GC(235) Medium Pages: 0 / 0M(0%), Empty: 0M(0%), Compacting: 0M(0%)->0M(0%)
[125.706s][info][gc,reloc    ] GC(235) Large Pages: 1 / 8M(0%), Empty: 0M(0%), Compacting: 0M(0%)->0M(0%)
[125.706s][info][gc,reloc    ] GC(235) Relocation: Successful
[125.706s][info][gc,heap     ] GC(235) Min Capacity: 42M(1%)
[125.706s][info][gc,heap     ] GC(235) Max Capacity: 4060M(100%)
[125.706s][info][gc,heap     ] GC(235) Soft Max Capacity: 4060M(100%)
[125.706s][info][gc,heap     ] GC(235)                Mark Start          Mark End        Relocate Start      Relocate End           High               Low         
[125.706s][info][gc,heap     ] GC(235)  Capacity:     3186M (78%)        3186M (78%)        3186M (78%)        3186M (78%)        3186M (78%)        3186M (78%)    
[125.706s][info][gc,heap     ] GC(235)   Reserve:       42M (1%)           42M (1%)           42M (1%)           42M (1%)           42M (1%)           42M (1%)     
[125.706s][info][gc,heap     ] GC(235)      Free:     1538M (38%)        1354M (33%)        3686M (91%)        3652M (90%)        3700M (91%)        1346M (33%)    
[125.706s][info][gc,heap     ] GC(235)      Used:     2480M (61%)        2664M (66%)         332M (8%)          366M (9%)         2672M (66%)         318M (8%)     
[125.706s][info][gc,heap     ] GC(235)      Live:         -                66M (2%)           66M (2%)           66M (2%)             -                  -          
[125.706s][info][gc,heap     ] GC(235) Allocated:         -               184M (5%)          206M (5%)          318M (8%)             -                  -          
[125.706s][info][gc,heap     ] GC(235)   Garbage:         -              2413M (59%)          59M (1%)            9M (0%)             -                  -          
[125.706s][info][gc,heap     ] GC(235) Reclaimed:         -                  -              2354M (58%)        2404M (59%)            -                  -          
[125.706s][info][gc          ] GC(235) Garbage Collection (Allocation Rate) 2480M(61%)->366M(9%)
[126.139s][info][gc,start    ] GC(236) Garbage Collection (Allocation Rate)
[126.139s][info][gc,phases   ] GC(236) Pause Mark Start 0.063ms
[126.178s][info][gc,phases   ] GC(236) Concurrent Mark 39.063ms
[126.178s][info][gc,phases   ] GC(236) Pause Mark End 0.205ms
[126.180s][info][gc,phases   ] GC(236) Concurrent Process Non-Strong References 1.613ms
[126.181s][info][gc,phases   ] GC(236) Concurrent Reset Relocation Set 1.161ms
[126.185s][info][gc,phases   ] GC(236) Concurrent Select Relocation Set 3.964ms
[126.185s][info][gc,phases   ] GC(236) Pause Relocate Start 0.064ms
[126.203s][info][gc,phases   ] GC(236) Concurrent Relocate 17.735ms
[126.203s][info][gc,load     ] GC(236) Load: 0.00/0.00/0.00
[126.203s][info][gc,mmu      ] GC(236) MMU: 2ms/77.0%, 5ms/89.5%, 10ms/94.4%, 20ms/97.2%, 50ms/98.7%, 100ms/99.4%
[126.203s][info][gc,marking  ] GC(236) Mark: 1 stripe(s), 2 proactive flush(es), 1 terminate flush(es), 1 completion(s), 0 continuation(s) 
[126.203s][info][gc,nmethod  ] GC(236) NMethods: 1482 registered, 0 unregistered
[126.203s][info][gc,metaspace] GC(236) Metaspace: 4M used, 4M capacity, 4M committed, 1032M reserved
[126.203s][info][gc,ref      ] GC(236) Soft: 261 encountered, 0 discovered, 0 enqueued
[126.203s][info][gc,ref      ] GC(236) Weak: 280 encountered, 229 discovered, 0 enqueued
[126.203s][info][gc,ref      ] GC(236) Final: 1 encountered, 0 discovered, 0 enqueued
[126.203s][info][gc,ref      ] GC(236) Phantom: 39 encountered, 30 discovered, 0 enqueued
[126.203s][info][gc,reloc    ] GC(236) Small Pages: 1213 / 2426M(100%), Empty: 2308M(95%), Compacting: 80M(3%)->30M(1%)
[126.203s][info][gc,reloc    ] GC(236) Medium Pages: 0 / 0M(0%), Empty: 0M(0%), Compacting: 0M(0%)->0M(0%)
[126.203s][info][gc,reloc    ] GC(236) Large Pages: 1 / 8M(0%), Empty: 0M(0%), Compacting: 0M(0%)->0M(0%)
[126.203s][info][gc,reloc    ] GC(236) Relocation: Successful
[126.203s][info][gc,heap     ] GC(236) Min Capacity: 42M(1%)
[126.203s][info][gc,heap     ] GC(236) Max Capacity: 4060M(100%)
[126.203s][info][gc,heap     ] GC(236) Soft Max Capacity: 4060M(100%)
[126.203s][info][gc,heap     ] GC(236)                Mark Start          Mark End        Relocate Start      Relocate End           High               Low         
[126.203s][info][gc,heap     ] GC(236)  Capacity:     3186M (78%)        3186M (78%)        3186M (78%)        3186M (78%)        3186M (78%)        3186M (78%)    
[126.203s][info][gc,heap     ] GC(236)   Reserve:       42M (1%)           42M (1%)           42M (1%)           42M (1%)           42M (1%)           42M (1%)     
[126.203s][info][gc,heap     ] GC(236)      Free:     1584M (39%)        1398M (34%)        3676M (91%)        3642M (90%)        3692M (91%)        1386M (34%)    
[126.203s][info][gc,heap     ] GC(236)      Used:     2434M (60%)        2620M (65%)         342M (8%)          376M (9%)         2632M (65%)         326M (8%)     
[126.203s][info][gc,heap     ] GC(236)      Live:         -                67M (2%)           67M (2%)           67M (2%)             -                  -          
[126.203s][info][gc,heap     ] GC(236) Allocated:         -               186M (5%)          216M (5%)          330M (8%)             -                  -          
[126.203s][info][gc,heap     ] GC(236)   Garbage:         -              2366M (58%)          58M (1%)            8M (0%)             -                  -          
[126.203s][info][gc,heap     ] GC(236) Reclaimed:         -                  -              2308M (57%)        2358M (58%)            -                  -          
[126.203s][info][gc          ] GC(236) Garbage Collection (Allocation Rate) 2434M(60%)->376M(9%)
[126.638s][info][gc,start    ] GC(237) Garbage Collection (Allocation Rate)
[126.638s][info][gc,phases   ] GC(237) Pause Mark Start 0.065ms
[126.677s][info][gc,phases   ] GC(237) Concurrent Mark 38.110ms
[126.677s][info][gc,phases   ] GC(237) Pause Mark End 0.202ms
[126.678s][info][gc,phases   ] GC(237) Concurrent Process Non-Strong References 1.515ms
[126.678s][info][gc,phases   ] GC(237) Concurrent Reset Relocation Set 0.057ms
[126.682s][info][gc,phases   ] GC(237) Concurrent Select Relocation Set 3.742ms
[126.683s][info][gc,phases   ] GC(237) Pause Relocate Start 0.067ms
[126.712s][info][gc,phases   ] GC(237) Concurrent Relocate 29.701ms
[126.712s][info][gc,load     ] GC(237) Load: 0.00/0.00/0.00
[126.712s][info][gc,mmu      ] GC(237) MMU: 2ms/77.0%, 5ms/89.5%, 10ms/94.4%, 20ms/97.2%, 50ms/98.7%, 100ms/99.4%
[126.712s][info][gc,marking  ] GC(237) Mark: 1 stripe(s), 2 proactive flush(es), 1 terminate flush(es), 1 completion(s), 0 continuation(s) 
[126.712s][info][gc,nmethod  ] GC(237) NMethods: 1482 registered, 0 unregistered
[126.712s][info][gc,metaspace] GC(237) Metaspace: 4M used, 4M capacity, 4M committed, 1032M reserved
[126.712s][info][gc,ref      ] GC(237) Soft: 261 encountered, 0 discovered, 0 enqueued
[126.712s][info][gc,ref      ] GC(237) Weak: 280 encountered, 229 discovered, 0 enqueued
[126.712s][info][gc,ref      ] GC(237) Final: 1 encountered, 0 discovered, 0 enqueued
[126.712s][info][gc,ref      ] GC(237) Phantom: 39 encountered, 30 discovered, 0 enqueued
[126.712s][info][gc,reloc    ] GC(237) Small Pages: 1227 / 2454M(100%), Empty: 2306M(94%), Compacting: 132M(5%)->48M(2%)
[126.712s][info][gc,reloc    ] GC(237) Medium Pages: 0 / 0M(0%), Empty: 0M(0%), Compacting: 0M(0%)->0M(0%)
[126.712s][info][gc,reloc    ] GC(237) Large Pages: 1 / 8M(0%), Empty: 0M(0%), Compacting: 0M(0%)->0M(0%)
[126.712s][info][gc,reloc    ] GC(237) Relocation: Successful
[126.712s][info][gc,heap     ] GC(237) Min Capacity: 42M(1%)
[126.712s][info][gc,heap     ] GC(237) Max Capacity: 4060M(100%)
[126.712s][info][gc,heap     ] GC(237) Soft Max Capacity: 4060M(100%)
[126.712s][info][gc,heap     ] GC(237)                Mark Start          Mark End        Relocate Start      Relocate End           High               Low         
[126.712s][info][gc,heap     ] GC(237)  Capacity:     3186M (78%)        3186M (78%)        3186M (78%)        3186M (78%)        3186M (78%)        3186M (78%)    
[126.712s][info][gc,heap     ] GC(237)   Reserve:       42M (1%)           42M (1%)           42M (1%)           42M (1%)           42M (1%)           42M (1%)     
[126.712s][info][gc,heap     ] GC(237)      Free:     1556M (38%)        1378M (34%)        3662M (90%)        3610M (89%)        3676M (91%)        1372M (34%)    
[126.712s][info][gc,heap     ] GC(237)      Used:     2462M (61%)        2640M (65%)         356M (9%)          408M (10%)        2646M (65%)         342M (8%)     
[126.712s][info][gc,heap     ] GC(237)      Live:         -                62M (2%)           62M (2%)           62M (2%)             -                  -          
[126.712s][info][gc,heap     ] GC(237) Allocated:         -               178M (4%)          200M (5%)          384M (9%)             -                  -          
[126.712s][info][gc,heap     ] GC(237)   Garbage:         -              2399M (59%)          93M (2%)            5M (0%)             -                  -          
[126.712s][info][gc,heap     ] GC(237) Reclaimed:         -                  -              2306M (57%)        2394M (59%)            -                  -          
[126.712s][info][gc          ] GC(237) Garbage Collection (Allocation Rate) 2462M(61%)->408M(10%)
[127.138s][info][gc,start    ] GC(238) Garbage Collection (Allocation Rate)
[127.138s][info][gc,phases   ] GC(238) Pause Mark Start 0.055ms
[127.175s][info][gc,phases   ] GC(238) Concurrent Mark 37.033ms
[127.175s][info][gc,phases   ] GC(238) Pause Mark End 0.231ms
[127.177s][info][gc,phases   ] GC(238) Concurrent Process Non-Strong References 1.677ms
[127.178s][info][gc,phases   ] GC(238) Concurrent Reset Relocation Set 0.925ms
[127.184s][info][gc,phases   ] GC(238) Concurrent Select Relocation Set 5.392ms
[127.184s][info][gc,phases   ] GC(238) Pause Relocate Start 0.058ms
[127.216s][info][gc,phases   ] GC(238) Concurrent Relocate 31.996ms
[127.216s][info][gc,load     ] GC(238) Load: 0.00/0.00/0.00
[127.216s][info][gc,mmu      ] GC(238) MMU: 2ms/77.0%, 5ms/89.5%, 10ms/94.4%, 20ms/97.2%, 50ms/98.7%, 100ms/99.4%
[127.216s][info][gc,marking  ] GC(238) Mark: 1 stripe(s), 2 proactive flush(es), 1 terminate flush(es), 1 completion(s), 0 continuation(s) 
[127.216s][info][gc,nmethod  ] GC(238) NMethods: 1482 registered, 0 unregistered
[127.216s][info][gc,metaspace] GC(238) Metaspace: 4M used, 4M capacity, 4M committed, 1032M reserved
[127.216s][info][gc,ref      ] GC(238) Soft: 261 encountered, 0 discovered, 0 enqueued
[127.216s][info][gc,ref      ] GC(238) Weak: 280 encountered, 229 discovered, 0 enqueued
[127.216s][info][gc,ref      ] GC(238) Final: 1 encountered, 0 discovered, 0 enqueued
[127.216s][info][gc,ref      ] GC(238) Phantom: 39 encountered, 30 discovered, 0 enqueued
[127.216s][info][gc,reloc    ] GC(238) Small Pages: 1219 / 2438M(100%), Empty: 2282M(93%), Compacting: 152M(6%)->56M(2%)
[127.216s][info][gc,reloc    ] GC(238) Medium Pages: 0 / 0M(0%), Empty: 0M(0%), Compacting: 0M(0%)->0M(0%)
[127.216s][info][gc,reloc    ] GC(238) Large Pages: 1 / 8M(0%), Empty: 0M(0%), Compacting: 0M(0%)->0M(0%)
[127.216s][info][gc,reloc    ] GC(238) Relocation: Successful
[127.216s][info][gc,heap     ] GC(238) Min Capacity: 42M(1%)
[127.216s][info][gc,heap     ] GC(238) Max Capacity: 4060M(100%)
[127.216s][info][gc,heap     ] GC(238) Soft Max Capacity: 4060M(100%)
[127.216s][info][gc,heap     ] GC(238)                Mark Start          Mark End        Relocate Start      Relocate End           High               Low         
[127.216s][info][gc,heap     ] GC(238)  Capacity:     3186M (78%)        3186M (78%)        3186M (78%)        3186M (78%)        3186M (78%)        3186M (78%)    
[127.216s][info][gc,heap     ] GC(238)   Reserve:       42M (1%)           42M (1%)           42M (1%)           42M (1%)           42M (1%)           42M (1%)     
[127.216s][info][gc,heap     ] GC(238)      Free:     1572M (39%)        1398M (34%)        3642M (90%)        3590M (88%)        3668M (90%)        1386M (34%)    
[127.216s][info][gc,heap     ] GC(238)      Used:     2446M (60%)        2620M (65%)         376M (9%)          428M (11%)        2632M (65%)         350M (9%)     
[127.216s][info][gc,heap     ] GC(238)      Live:         -                60M (1%)           60M (1%)           60M (1%)             -                  -          
[127.216s][info][gc,heap     ] GC(238) Allocated:         -               174M (4%)          212M (5%)          416M (10%)            -                  -          
[127.216s][info][gc,heap     ] GC(238)   Garbage:         -              2385M (59%)         103M (3%)            3M (0%)             -                  -          
[127.216s][info][gc,heap     ] GC(238) Reclaimed:         -                  -              2282M (56%)        2382M (59%)            -                  -          
[127.216s][info][gc          ] GC(238) Garbage Collection (Allocation Rate) 2446M(60%)->428M(11%)
[127.639s][info][gc,start    ] GC(239) Garbage Collection (Allocation Rate)
[127.639s][info][gc,phases   ] GC(239) Pause Mark Start 0.042ms
[127.670s][info][gc,phases   ] GC(239) Concurrent Mark 31.763ms
[127.671s][info][gc,phases   ] GC(239) Pause Mark End 0.242ms
[127.672s][info][gc,phases   ] GC(239) Concurrent Process Non-Strong References 1.492ms
[127.674s][info][gc,phases   ] GC(239) Concurrent Reset Relocation Set 1.365ms
[127.678s][info][gc,phases   ] GC(239) Concurrent Select Relocation Set 3.785ms
[127.678s][info][gc,phases   ] GC(239) Pause Relocate Start 0.061ms
[127.697s][info][gc,phases   ] GC(239) Concurrent Relocate 18.881ms
[127.697s][info][gc,load     ] GC(239) Load: 0.00/0.00/0.00
[127.697s][info][gc,mmu      ] GC(239) MMU: 2ms/77.0%, 5ms/89.5%, 10ms/94.4%, 20ms/97.2%, 50ms/98.7%, 100ms/99.4%
[127.697s][info][gc,marking  ] GC(239) Mark: 1 stripe(s), 2 proactive flush(es), 1 terminate flush(es), 1 completion(s), 0 continuation(s) 
[127.697s][info][gc,nmethod  ] GC(239) NMethods: 1482 registered, 0 unregistered
[127.697s][info][gc,metaspace] GC(239) Metaspace: 4M used, 4M capacity, 4M committed, 1032M reserved
[127.697s][info][gc,ref      ] GC(239) Soft: 261 encountered, 0 discovered, 0 enqueued
[127.697s][info][gc,ref      ] GC(239) Weak: 280 encountered, 229 discovered, 0 enqueued
[127.697s][info][gc,ref      ] GC(239) Final: 1 encountered, 0 discovered, 0 enqueued
[127.697s][info][gc,ref      ] GC(239) Phantom: 39 encountered, 30 discovered, 0 enqueued
[127.697s][info][gc,reloc    ] GC(239) Small Pages: 1223 / 2446M(100%), Empty: 2350M(96%), Compacting: 70M(3%)->24M(1%)
[127.697s][info][gc,reloc    ] GC(239) Medium Pages: 0 / 0M(0%), Empty: 0M(0%), Compacting: 0M(0%)->0M(0%)
[127.697s][info][gc,reloc    ] GC(239) Large Pages: 1 / 8M(0%), Empty: 0M(0%), Compacting: 0M(0%)->0M(0%)
[127.697s][info][gc,reloc    ] GC(239) Relocation: Successful
[127.697s][info][gc,heap     ] GC(239) Min Capacity: 42M(1%)
[127.697s][info][gc,heap     ] GC(239) Max Capacity: 4060M(100%)
[127.697s][info][gc,heap     ] GC(239) Soft Max Capacity: 4060M(100%)
[127.697s][info][gc,heap     ] GC(239)                Mark Start          Mark End        Relocate Start      Relocate End           High               Low         
[127.697s][info][gc,heap     ] GC(239)  Capacity:     3186M (78%)        3186M (78%)        3186M (78%)        3186M (78%)        3186M (78%)        3186M (78%)    
[127.697s][info][gc,heap     ] GC(239)   Reserve:       42M (1%)           42M (1%)           42M (1%)           42M (1%)           42M (1%)           42M (1%)     
[127.697s][info][gc,heap     ] GC(239)      Free:     1564M (39%)        1414M (35%)        3732M (92%)        3708M (91%)        3750M (92%)        1400M (34%)    
[127.697s][info][gc,heap     ] GC(239)      Used:     2454M (60%)        2604M (64%)         286M (7%)          310M (8%)         2618M (64%)         268M (7%)     
[127.697s][info][gc,heap     ] GC(239)      Live:         -                50M (1%)           50M (1%)           50M (1%)             -                  -          
[127.697s][info][gc,heap     ] GC(239) Allocated:         -               150M (4%)          182M (4%)          276M (7%)             -                  -          
[127.697s][info][gc,heap     ] GC(239)   Garbage:         -              2403M (59%)          53M (1%)            7M (0%)             -                  -          
[127.697s][info][gc,heap     ] GC(239) Reclaimed:         -                  -              2350M (58%)        2396M (59%)            -                  -          
[127.697s][info][gc          ] GC(239) Garbage Collection (Allocation Rate) 2454M(60%)->310M(8%)
[128.138s][info][gc,start    ] GC(240) Garbage Collection (Allocation Rate)
[128.138s][info][gc,phases   ] GC(240) Pause Mark Start 0.155ms
[128.170s][info][gc,phases   ] GC(240) Concurrent Mark 31.606ms
[128.171s][info][gc,phases   ] GC(240) Pause Mark End 0.253ms
[128.172s][info][gc,phases   ] GC(240) Concurrent Process Non-Strong References 1.576ms
[128.172s][info][gc,phases   ] GC(240) Concurrent Reset Relocation Set 0.049ms
[128.174s][info][gc,phases   ] GC(240) Concurrent Select Relocation Set 1.652ms
[128.174s][info][gc,phases   ] GC(240) Pause Relocate Start 0.054ms
[128.175s][info][gc,phases   ] GC(240) Concurrent Relocate 0.292ms
[128.175s][info][gc,load     ] GC(240) Load: 0.00/0.00/0.00
[128.175s][info][gc,mmu      ] GC(240) MMU: 2ms/77.0%, 5ms/89.5%, 10ms/94.4%, 20ms/97.2%, 50ms/98.7%, 100ms/99.4%
[128.175s][info][gc,marking  ] GC(240) Mark: 1 stripe(s), 2 proactive flush(es), 1 terminate flush(es), 1 completion(s), 0 continuation(s) 
[128.175s][info][gc,nmethod  ] GC(240) NMethods: 1482 registered, 0 unregistered
[128.175s][info][gc,metaspace] GC(240) Metaspace: 4M used, 4M capacity, 4M committed, 1032M reserved
[128.175s][info][gc,ref      ] GC(240) Soft: 261 encountered, 0 discovered, 0 enqueued
[128.175s][info][gc,ref      ] GC(240) Weak: 280 encountered, 229 discovered, 0 enqueued
[128.175s][info][gc,ref      ] GC(240) Final: 1 encountered, 0 discovered, 0 enqueued
[128.175s][info][gc,ref      ] GC(240) Phantom: 39 encountered, 30 discovered, 0 enqueued
[128.175s][info][gc,reloc    ] GC(240) Small Pages: 1215 / 2430M(100%), Empty: 2376M(97%), Compacting: 10M(0%)->2M(0%)
[128.175s][info][gc,reloc    ] GC(240) Medium Pages: 0 / 0M(0%), Empty: 0M(0%), Compacting: 0M(0%)->0M(0%)
[128.175s][info][gc,reloc    ] GC(240) Large Pages: 1 / 8M(0%), Empty: 0M(0%), Compacting: 0M(0%)->0M(0%)
[128.175s][info][gc,reloc    ] GC(240) Relocation: Successful
[128.175s][info][gc,heap     ] GC(240) Min Capacity: 42M(1%)
[128.175s][info][gc,heap     ] GC(240) Max Capacity: 4060M(100%)
[128.175s][info][gc,heap     ] GC(240) Soft Max Capacity: 4060M(100%)
[128.175s][info][gc,heap     ] GC(240)                Mark Start          Mark End        Relocate Start      Relocate End           High               Low         
[128.175s][info][gc,heap     ] GC(240)  Capacity:     3186M (78%)        3186M (78%)        3186M (78%)        3186M (78%)        3186M (78%)        3186M (78%)    
[128.175s][info][gc,heap     ] GC(240)   Reserve:       42M (1%)           42M (1%)           42M (1%)           42M (1%)           42M (1%)           42M (1%)     
[128.175s][info][gc,heap     ] GC(240)      Free:     1580M (39%)        1438M (35%)        3798M (94%)        3804M (94%)        3806M (94%)        1430M (35%)    
[128.175s][info][gc,heap     ] GC(240)      Used:     2438M (60%)        2580M (64%)         220M (5%)          214M (5%)         2588M (64%)         212M (5%)     
[128.175s][info][gc,heap     ] GC(240)      Live:         -                46M (1%)           46M (1%)           46M (1%)             -                  -          
[128.175s][info][gc,heap     ] GC(240) Allocated:         -               142M (3%)          158M (4%)          162M (4%)             -                  -          
[128.175s][info][gc,heap     ] GC(240)   Garbage:         -              2391M (59%)          15M (0%)            9M (0%)             -                  -          
[128.175s][info][gc,heap     ] GC(240) Reclaimed:         -                  -              2376M (59%)        2382M (59%)            -                  -          
[128.175s][info][gc          ] GC(240) Garbage Collection (Allocation Rate) 2438M(60%)->214M(5%)
[128.739s][info][gc,start    ] GC(241) Garbage Collection (Allocation Rate)
[128.739s][info][gc,phases   ] GC(241) Pause Mark Start 0.066ms
[128.771s][info][gc,phases   ] GC(241) Concurrent Mark 31.637ms
[128.771s][info][gc,phases   ] GC(241) Pause Mark End 0.241ms
[128.773s][info][gc,phases   ] GC(241) Concurrent Process Non-Strong References 1.648ms
[128.773s][info][gc,phases   ] GC(241) Concurrent Reset Relocation Set 0.021ms
[128.775s][info][gc,phases   ] GC(241) Concurrent Select Relocation Set 2.074ms
[128.775s][info][gc,phases   ] GC(241) Pause Relocate Start 0.059ms
[128.791s][info][gc,phases   ] GC(241) Concurrent Relocate 15.578ms
[128.791s][info][gc,load     ] GC(241) Load: 0.00/0.00/0.00
[128.791s][info][gc,mmu      ] GC(241) MMU: 2ms/77.0%, 5ms/89.5%, 10ms/94.4%, 20ms/97.2%, 50ms/98.7%, 100ms/99.4%
[128.791s][info][gc,marking  ] GC(241) Mark: 1 stripe(s), 2 proactive flush(es), 1 terminate flush(es), 1 completion(s), 0 continuation(s) 
[128.791s][info][gc,nmethod  ] GC(241) NMethods: 1482 registered, 0 unregistered
[128.791s][info][gc,metaspace] GC(241) Metaspace: 4M used, 4M capacity, 4M committed, 1032M reserved
[128.791s][info][gc,ref      ] GC(241) Soft: 261 encountered, 0 discovered, 0 enqueued
[128.791s][info][gc,ref      ] GC(241) Weak: 280 encountered, 229 discovered, 0 enqueued
[128.791s][info][gc,ref      ] GC(241) Final: 1 encountered, 0 discovered, 0 enqueued
[128.791s][info][gc,ref      ] GC(241) Phantom: 39 encountered, 30 discovered, 0 enqueued
[128.791s][info][gc,reloc    ] GC(241) Small Pages: 1445 / 2890M(100%), Empty: 2794M(96%), Compacting: 72M(2%)->26M(1%)
[128.791s][info][gc,reloc    ] GC(241) Medium Pages: 0 / 0M(0%), Empty: 0M(0%), Compacting: 0M(0%)->0M(0%)
[128.791s][info][gc,reloc    ] GC(241) Large Pages: 1 / 8M(0%), Empty: 0M(0%), Compacting: 0M(0%)->0M(0%)
[128.791s][info][gc,reloc    ] GC(241) Relocation: Successful
[128.791s][info][gc,heap     ] GC(241) Min Capacity: 42M(1%)
[128.791s][info][gc,heap     ] GC(241) Max Capacity: 4060M(100%)
[128.791s][info][gc,heap     ] GC(241) Soft Max Capacity: 4060M(100%)
[128.791s][info][gc,heap     ] GC(241)                Mark Start          Mark End        Relocate Start      Relocate End           High               Low         
[128.791s][info][gc,heap     ] GC(241)  Capacity:     3186M (78%)        3186M (78%)        3186M (78%)        3186M (78%)        3186M (78%)        3186M (78%)    
[128.791s][info][gc,heap     ] GC(241)   Reserve:       42M (1%)           42M (1%)           42M (1%)           42M (1%)           42M (1%)           42M (1%)     
[128.791s][info][gc,heap     ] GC(241)      Free:     1120M (28%)         970M (24%)        3746M (92%)        3720M (92%)        3756M (93%)         962M (24%)    
[128.791s][info][gc,heap     ] GC(241)      Used:     2898M (71%)        3048M (75%)         272M (7%)          298M (7%)         3056M (75%)         262M (6%)     
[128.791s][info][gc,heap     ] GC(241)      Live:         -                50M (1%)           50M (1%)           50M (1%)             -                  -          
[128.791s][info][gc,heap     ] GC(241) Allocated:         -               150M (4%)          168M (4%)          266M (7%)             -                  -          
[128.791s][info][gc,heap     ] GC(241)   Garbage:         -              2847M (70%)          53M (1%)            7M (0%)             -                  -          
[128.791s][info][gc,heap     ] GC(241) Reclaimed:         -                  -              2794M (69%)        2840M (70%)            -                  -          
[128.791s][info][gc          ] GC(241) Garbage Collection (Allocation Rate) 2898M(71%)->298M(7%)
[129.238s][info][gc,start    ] GC(242) Garbage Collection (Allocation Rate)
[129.239s][info][gc,phases   ] GC(242) Pause Mark Start 0.055ms
[129.273s][info][gc,phases   ] GC(242) Concurrent Mark 34.548ms
[129.273s][info][gc,phases   ] GC(242) Pause Mark End 0.242ms
[129.275s][info][gc,phases   ] GC(242) Concurrent Process Non-Strong References 1.489ms
[129.275s][info][gc,phases   ] GC(242) Concurrent Reset Relocation Set 0.049ms
[129.277s][info][gc,phases   ] GC(242) Concurrent Select Relocation Set 1.518ms
[129.277s][info][gc,phases   ] GC(242) Pause Relocate Start 0.062ms
[129.277s][info][gc,phases   ] GC(242) Concurrent Relocate 0.334ms
[129.277s][info][gc,load     ] GC(242) Load: 0.00/0.00/0.00
[129.277s][info][gc,mmu      ] GC(242) MMU: 2ms/77.0%, 5ms/89.5%, 10ms/94.4%, 20ms/97.2%, 50ms/98.7%, 100ms/99.4%
[129.277s][info][gc,marking  ] GC(242) Mark: 1 stripe(s), 2 proactive flush(es), 1 terminate flush(es), 1 completion(s), 0 continuation(s) 
[129.277s][info][gc,nmethod  ] GC(242) NMethods: 1482 registered, 0 unregistered
[129.277s][info][gc,metaspace] GC(242) Metaspace: 4M used, 4M capacity, 4M committed, 1032M reserved
[129.277s][info][gc,ref      ] GC(242) Soft: 261 encountered, 0 discovered, 0 enqueued
[129.277s][info][gc,ref      ] GC(242) Weak: 280 encountered, 229 discovered, 0 enqueued
[129.277s][info][gc,ref      ] GC(242) Final: 1 encountered, 0 discovered, 0 enqueued
[129.277s][info][gc,ref      ] GC(242) Phantom: 39 encountered, 30 discovered, 0 enqueued
[129.277s][info][gc,reloc    ] GC(242) Small Pages: 1220 / 2440M(100%), Empty: 2374M(97%), Compacting: 8M(0%)->2M(0%)
[129.277s][info][gc,reloc    ] GC(242) Medium Pages: 0 / 0M(0%), Empty: 0M(0%), Compacting: 0M(0%)->0M(0%)
[129.277s][info][gc,reloc    ] GC(242) Large Pages: 1 / 8M(0%), Empty: 0M(0%), Compacting: 0M(0%)->0M(0%)
[129.277s][info][gc,reloc    ] GC(242) Relocation: Successful
[129.278s][info][gc,heap     ] GC(242) Min Capacity: 42M(1%)
[129.278s][info][gc,heap     ] GC(242) Max Capacity: 4060M(100%)
[129.278s][info][gc,heap     ] GC(242) Soft Max Capacity: 4060M(100%)
[129.278s][info][gc,heap     ] GC(242)                Mark Start          Mark End        Relocate Start      Relocate End           High               Low         
[129.278s][info][gc,heap     ] GC(242)  Capacity:     3186M (78%)        3186M (78%)        3186M (78%)        3186M (78%)        3186M (78%)        3186M (78%)    
[129.278s][info][gc,heap     ] GC(242)   Reserve:       42M (1%)           42M (1%)           42M (1%)           42M (1%)           42M (1%)           42M (1%)     
[129.278s][info][gc,heap     ] GC(242)      Free:     1570M (39%)        1412M (35%)        3774M (93%)        3776M (93%)        3780M (93%)        1406M (35%)    
[129.278s][info][gc,heap     ] GC(242)      Used:     2448M (60%)        2606M (64%)         244M (6%)          242M (6%)         2612M (64%)         238M (6%)     
[129.278s][info][gc,heap     ] GC(242)      Live:         -                58M (1%)           58M (1%)           58M (1%)             -                  -          
[129.278s][info][gc,heap     ] GC(242) Allocated:         -               158M (4%)          170M (4%)          176M (4%)             -                  -          
[129.278s][info][gc,heap     ] GC(242)   Garbage:         -              2389M (59%)          15M (0%)           11M (0%)             -                  -          
[129.278s][info][gc,heap     ] GC(242) Reclaimed:         -                  -              2374M (58%)        2378M (59%)            -                  -          
[129.278s][info][gc          ] GC(242) Garbage Collection (Allocation Rate) 2448M(60%)->242M(6%)
[129.838s][info][gc,start    ] GC(243) Garbage Collection (Allocation Rate)
[129.839s][info][gc,phases   ] GC(243) Pause Mark Start 0.064ms
[129.875s][info][gc,phases   ] GC(243) Concurrent Mark 36.326ms
[129.875s][info][gc,phases   ] GC(243) Pause Mark End 0.249ms
[129.877s][info][gc,phases   ] GC(243) Concurrent Process Non-Strong References 1.663ms
[129.877s][info][gc,phases   ] GC(243) Concurrent Reset Relocation Set 0.020ms
[129.878s][info][gc,phases   ] GC(243) Concurrent Select Relocation Set 1.385ms
[129.879s][info][gc,phases   ] GC(243) Pause Relocate Start 0.066ms
[129.880s][info][gc,phases   ] GC(243) Concurrent Relocate 0.831ms
[129.880s][info][gc,load     ] GC(243) Load: 0.00/0.00/0.00
[129.880s][info][gc,mmu      ] GC(243) MMU: 2ms/77.0%, 5ms/89.5%, 10ms/94.4%, 20ms/97.2%, 50ms/98.7%, 100ms/99.4%
[129.880s][info][gc,marking  ] GC(243) Mark: 1 stripe(s), 2 proactive flush(es), 1 terminate flush(es), 1 completion(s), 0 continuation(s) 
[129.880s][info][gc,nmethod  ] GC(243) NMethods: 1482 registered, 0 unregistered
[129.880s][info][gc,metaspace] GC(243) Metaspace: 4M used, 4M capacity, 4M committed, 1032M reserved
[129.880s][info][gc,ref      ] GC(243) Soft: 261 encountered, 0 discovered, 0 enqueued
[129.880s][info][gc,ref      ] GC(243) Weak: 280 encountered, 229 discovered, 0 enqueued
[129.880s][info][gc,ref      ] GC(243) Final: 1 encountered, 0 discovered, 0 enqueued
[129.880s][info][gc,ref      ] GC(243) Phantom: 39 encountered, 30 discovered, 0 enqueued
[129.880s][info][gc,reloc    ] GC(243) Small Pages: 1466 / 2932M(100%), Empty: 2860M(97%), Compacting: 10M(0%)->2M(0%)
[129.880s][info][gc,reloc    ] GC(243) Medium Pages: 0 / 0M(0%), Empty: 0M(0%), Compacting: 0M(0%)->0M(0%)
[129.880s][info][gc,reloc    ] GC(243) Large Pages: 1 / 8M(0%), Empty: 0M(0%), Compacting: 0M(0%)->0M(0%)
[129.880s][info][gc,reloc    ] GC(243) Relocation: Successful
[129.880s][info][gc,heap     ] GC(243) Min Capacity: 42M(1%)
[129.880s][info][gc,heap     ] GC(243) Max Capacity: 4060M(100%)
[129.880s][info][gc,heap     ] GC(243) Soft Max Capacity: 4060M(100%)
[129.880s][info][gc,heap     ] GC(243)                Mark Start          Mark End        Relocate Start      Relocate End           High               Low         
[129.880s][info][gc,heap     ] GC(243)  Capacity:     3186M (78%)        3186M (78%)        3186M (78%)        3186M (78%)        3186M (78%)        3186M (78%)    
[129.880s][info][gc,heap     ] GC(243)   Reserve:       42M (1%)           42M (1%)           42M (1%)           42M (1%)           42M (1%)           42M (1%)     
[129.880s][info][gc,heap     ] GC(243)      Free:     1078M (27%)         904M (22%)        3750M (92%)        3752M (92%)        3754M (92%)         896M (22%)    
[129.880s][info][gc,heap     ] GC(243)      Used:     2940M (72%)        3114M (77%)         268M (7%)          266M (7%)         3122M (77%)         264M (7%)     
[129.880s][info][gc,heap     ] GC(243)      Live:         -                63M (2%)           63M (2%)           63M (2%)             -                  -          
[129.880s][info][gc,heap     ] GC(243) Allocated:         -               174M (4%)          188M (5%)          196M (5%)             -                  -          
[129.880s][info][gc,heap     ] GC(243)   Garbage:         -              2876M (71%)          16M (0%)           10M (0%)             -                  -          
[129.880s][info][gc,heap     ] GC(243) Reclaimed:         -                  -              2860M (70%)        2866M (71%)            -                  -          
[129.880s][info][gc          ] GC(243) Garbage Collection (Allocation Rate) 2940M(72%)->266M(7%)
[130.039s][info][gc,stats    ] === Garbage Collection Statistics =======================================================================================================================
[130.039s][info][gc,stats    ]                                                              Last 10s              Last 10m              Last 10h                Total
[130.039s][info][gc,stats    ]                                                              Avg / Max             Avg / Max             Avg / Max             Avg / Max
[130.039s][info][gc,stats    ]   Collector: Garbage Collection Cycle                     60.643 / 78.181       63.256 / 153.808      63.256 / 153.808      63.256 / 153.808     ms
[130.039s][info][gc,stats    ]  Contention: Mark Segment Reset Contention                     0 / 0                 0 / 0                 0 / 0                 0 / 0           ops/s
[130.039s][info][gc,stats    ]  Contention: Mark SeqNum Reset Contention                      0 / 0                 0 / 0                 0 / 0                 0 / 0           ops/s
[130.039s][info][gc,stats    ]  Contention: Relocation Contention                             0 / 0                 0 / 2                 0 / 2                 0 / 2           ops/s
[130.039s][info][gc,stats    ]    Critical: Allocation Stall                              0.000 / 0.000         0.000 / 0.000         0.000 / 0.000         0.000 / 0.000       ms
[130.039s][info][gc,stats    ]    Critical: Allocation Stall                                  0 / 0                 0 / 0                 0 / 0                 0 / 0           ops/s
[130.039s][info][gc,stats    ]    Critical: GC Locker Stall                               0.000 / 0.000         0.000 / 0.000         0.000 / 0.000         0.000 / 0.000       ms
[130.039s][info][gc,stats    ]    Critical: GC Locker Stall                                   0 / 0                 0 / 0                 0 / 0                 0 / 0           ops/s
[130.039s][info][gc,stats    ]      Memory: Allocation Rate                                4731 / 4788           4590 / 4810           4590 / 4810           4590 / 4810        MB/s
[130.039s][info][gc,stats    ]      Memory: Heap Used After Mark                           2705 / 3114           2679 / 3140           2679 / 3140           2679 / 3140        MB
[130.039s][info][gc,stats    ]      Memory: Heap Used After Relocation                      341 / 428             336 / 476             336 / 476             336 / 476         MB
[130.039s][info][gc,stats    ]      Memory: Heap Used Before Mark                          2532 / 2940           2510 / 2962           2510 / 2962           2510 / 2962        MB
[130.039s][info][gc,stats    ]      Memory: Heap Used Before Relocation                     316 / 376             312 / 384             312 / 384             312 / 384         MB
[130.039s][info][gc,stats    ]      Memory: Out Of Memory                                     0 / 0                 0 / 0                 0 / 0                 0 / 0           ops/s
[130.039s][info][gc,stats    ]      Memory: Page Cache Flush                                  0 / 0                 0 / 0                 0 / 0                 0 / 0           MB/s
[130.039s][info][gc,stats    ]      Memory: Page Cache Hit L1                              2391 / 2428           2307 / 2439           2307 / 2439           2307 / 2439        ops/s
[130.039s][info][gc,stats    ]      Memory: Page Cache Hit L2                                 0 / 0                 0 / 0                 0 / 0                 0 / 0           ops/s
[130.039s][info][gc,stats    ]      Memory: Page Cache Hit L3                                 0 / 0                 0 / 103               0 / 103               0 / 103         ops/s
[130.039s][info][gc,stats    ]      Memory: Page Cache Miss                                   0 / 0                 0 / 0                 0 / 0                 0 / 0           ops/s
[130.039s][info][gc,stats    ]      Memory: Uncommit                                          0 / 0                 0 / 0                 0 / 0                 0 / 0           MB/s
[130.039s][info][gc,stats    ]      Memory: Undo Object Allocation Failed                     0 / 0                 0 / 0                 0 / 0                 0 / 0           ops/s
[130.039s][info][gc,stats    ]      Memory: Undo Object Allocation Succeeded                  0 / 0                 0 / 2                 0 / 2                 0 / 2           ops/s
[130.039s][info][gc,stats    ]      Memory: Undo Page Allocation                              0 / 0                 0 / 0                 0 / 0                 0 / 0           ops/s
[130.039s][info][gc,stats    ]       Phase: Concurrent Mark                              37.301 / 44.628       39.933 / 106.230      39.933 / 106.230      39.933 / 106.230     ms
[130.039s][info][gc,stats    ]       Phase: Concurrent Mark Continue                      0.000 / 0.000         0.000 / 0.000         0.000 / 0.000         0.000 / 0.000       ms
[130.039s][info][gc,stats    ]       Phase: Concurrent Process Non-Strong References      1.623 / 1.872         1.640 / 3.379         1.640 / 3.379         1.640 / 3.379       ms
[130.039s][info][gc,stats    ]       Phase: Concurrent Relocate                          16.851 / 31.996       16.609 / 40.994       16.609 / 40.994       16.609 / 40.994      ms
[130.039s][info][gc,stats    ]       Phase: Concurrent Reset Relocation Set               0.422 / 1.365         0.472 / 1.503         0.472 / 1.503         0.472 / 1.503       ms
[130.039s][info][gc,stats    ]       Phase: Concurrent Select Relocation Set              3.294 / 6.343         3.428 / 7.978         3.428 / 7.978         3.428 / 7.978       ms
[130.039s][info][gc,stats    ]       Phase: Pause Mark End                                0.244 / 0.308         0.260 / 0.459         0.260 / 0.459         0.260 / 0.459       ms
[130.039s][info][gc,stats    ]       Phase: Pause Mark Start                              0.066 / 0.155         0.070 / 0.289         0.070 / 0.289         0.070 / 0.289       ms
[130.039s][info][gc,stats    ]       Phase: Pause Relocate Start                          0.065 / 0.094         0.071 / 0.152         0.071 / 0.152         0.071 / 0.152       ms
[130.039s][info][gc,stats    ]    Subphase: Concurrent Classes Purge                      0.097 / 0.135         0.090 / 0.200         0.090 / 0.200         0.090 / 0.200       ms
[130.039s][info][gc,stats    ]    Subphase: Concurrent Classes Unlink                     1.218 / 1.383         1.217 / 2.988         1.217 / 2.988         1.217 / 2.988       ms
[130.039s][info][gc,stats    ]    Subphase: Concurrent Mark                              37.168 / 44.515       39.797 / 106.127      39.797 / 106.127      39.797 / 106.127     ms
[130.039s][info][gc,stats    ]    Subphase: Concurrent Mark Idle                          0.000 / 0.000         0.000 / 0.000         0.000 / 0.000         0.000 / 0.000       ms
[130.039s][info][gc,stats    ]    Subphase: Concurrent Mark Try Flush                     0.071 / 0.112         0.070 / 0.160         0.070 / 0.160         0.070 / 0.160       ms
[130.039s][info][gc,stats    ]    Subphase: Concurrent Mark Try Terminate                 0.032 / 0.095         0.032 / 0.107         0.032 / 0.107         0.032 / 0.107       ms
[130.039s][info][gc,stats    ]    Subphase: Concurrent References Enqueue                 0.000 / 0.000         0.000 / 0.002         0.000 / 0.002         0.000 / 0.002       ms
[130.039s][info][gc,stats    ]    Subphase: Concurrent References Process                 0.054 / 0.066         0.057 / 0.131         0.057 / 0.131         0.057 / 0.131       ms
[130.039s][info][gc,stats    ]    Subphase: Concurrent Roots                              0.043 / 0.089         0.049 / 0.196         0.049 / 0.196         0.049 / 0.196       ms
[130.039s][info][gc,stats    ]    Subphase: Concurrent Roots ClassLoaderDataGraph         0.039 / 0.079         0.044 / 0.184         0.044 / 0.184         0.044 / 0.184       ms
[130.039s][info][gc,stats    ]    Subphase: Concurrent Roots JNIHandles                   0.002 / 0.005         0.002 / 0.009         0.002 / 0.009         0.002 / 0.009       ms
[130.039s][info][gc,stats    ]    Subphase: Concurrent Roots Setup                        0.003 / 0.010         0.003 / 0.010         0.003 / 0.010         0.003 / 0.010       ms
[130.039s][info][gc,stats    ]    Subphase: Concurrent Roots Teardown                     0.000 / 0.000         0.000 / 0.000         0.000 / 0.000         0.000 / 0.000       ms
[130.039s][info][gc,stats    ]    Subphase: Concurrent Roots VMHandles                    0.002 / 0.004         0.002 / 0.007         0.002 / 0.007         0.002 / 0.007       ms
[130.039s][info][gc,stats    ]    Subphase: Concurrent Weak Roots                         0.150 / 0.175         0.169 / 0.433         0.169 / 0.433         0.169 / 0.433       ms
[130.039s][info][gc,stats    ]    Subphase: Concurrent Weak Roots JNIWeakHandles          0.000 / 0.001         0.000 / 0.001         0.000 / 0.001         0.000 / 0.001       ms
[130.039s][info][gc,stats    ]    Subphase: Concurrent Weak Roots ResolvedMethodTable     0.006 / 0.008         0.006 / 0.018         0.006 / 0.018         0.006 / 0.018       ms
[130.039s][info][gc,stats    ]    Subphase: Concurrent Weak Roots StringTable             0.141 / 0.166         0.159 / 0.416         0.159 / 0.416         0.159 / 0.416       ms
[130.039s][info][gc,stats    ]    Subphase: Concurrent Weak Roots VMWeakHandles           0.002 / 0.003         0.002 / 0.010         0.002 / 0.010         0.002 / 0.010       ms
[130.039s][info][gc,stats    ]    Subphase: Pause Mark Try Complete                       0.134 / 0.142         0.148 / 0.348         0.148 / 0.348         0.148 / 0.348       ms
[130.039s][info][gc,stats    ]    Subphase: Pause Roots                                   0.012 / 0.080         0.013 / 0.246         0.013 / 0.246         0.013 / 0.246       ms
[130.039s][info][gc,stats    ]    Subphase: Pause Roots CodeCache                         0.000 / 0.000         0.000 / 0.000         0.000 / 0.000         0.000 / 0.000       ms
[130.039s][info][gc,stats    ]    Subphase: Pause Roots JVMTIExport                       0.001 / 0.003         0.001 / 0.004         0.001 / 0.004         0.001 / 0.004       ms
[130.039s][info][gc,stats    ]    Subphase: Pause Roots JVMTIWeakExport                   0.001 / 0.001         0.001 / 0.003         0.001 / 0.003         0.001 / 0.003       ms
[130.039s][info][gc,stats    ]    Subphase: Pause Roots Java Threads                      0.019 / 0.073         0.019 / 0.246         0.019 / 0.246         0.019 / 0.246       ms
[130.039s][info][gc,stats    ]    Subphase: Pause Roots Management                        0.001 / 0.003         0.001 / 0.004         0.001 / 0.004         0.001 / 0.004       ms
[130.039s][info][gc,stats    ]    Subphase: Pause Roots ObjectSynchronizer                0.000 / 0.001         0.000 / 0.022         0.000 / 0.022         0.000 / 0.022       ms
[130.039s][info][gc,stats    ]    Subphase: Pause Roots Setup                             0.000 / 0.001         0.000 / 0.002         0.000 / 0.002         0.000 / 0.002       ms
[130.039s][info][gc,stats    ]    Subphase: Pause Roots Teardown                          0.000 / 0.001         0.000 / 0.002         0.000 / 0.002         0.000 / 0.002       ms
[130.039s][info][gc,stats    ]    Subphase: Pause Roots Universe                          0.001 / 0.005         0.001 / 0.015         0.001 / 0.015         0.001 / 0.015       ms
[130.039s][info][gc,stats    ]    Subphase: Pause Roots VM Thread                         0.001 / 0.002         0.001 / 0.003         0.001 / 0.003         0.001 / 0.003       ms
[130.039s][info][gc,stats    ]    Subphase: Pause Weak Roots                              0.003 / 0.014         0.003 / 0.086         0.003 / 0.086         0.003 / 0.086       ms
[130.039s][info][gc,stats    ]    Subphase: Pause Weak Roots JFRWeak                      0.011 / 0.013         0.012 / 0.082         0.012 / 0.082         0.012 / 0.082       ms
[130.039s][info][gc,stats    ]    Subphase: Pause Weak Roots JVMTIWeakExport              0.001 / 0.001         0.001 / 0.006         0.001 / 0.006         0.001 / 0.006       ms
[130.039s][info][gc,stats    ]    Subphase: Pause Weak Roots Setup                        0.000 / 0.000         0.000 / 0.001         0.000 / 0.001         0.000 / 0.001       ms
[130.039s][info][gc,stats    ]    Subphase: Pause Weak Roots Teardown                     0.000 / 0.000         0.000 / 0.000         0.000 / 0.000         0.000 / 0.000       ms
[130.039s][info][gc,stats    ]      System: Java Threads                                     14 / 14               14 / 15               14 / 15               14 / 15          threads
[130.039s][info][gc,stats    ] =========================================================================================================================================================
[130.438s][info][gc,start    ] GC(244) Garbage Collection (Allocation Rate)
[130.438s][info][gc,phases   ] GC(244) Pause Mark Start 0.061ms
[130.479s][info][gc,phases   ] GC(244) Concurrent Mark 40.944ms
[130.479s][info][gc,phases   ] GC(244) Pause Mark End 0.210ms
[130.481s][info][gc,phases   ] GC(244) Concurrent Process Non-Strong References 1.560ms
[130.481s][info][gc,phases   ] GC(244) Concurrent Reset Relocation Set 0.022ms
[130.483s][info][gc,phases   ] GC(244) Concurrent Select Relocation Set 1.604ms
[130.483s][info][gc,phases   ] GC(244) Pause Relocate Start 0.044ms
[130.484s][info][gc,phases   ] GC(244) Concurrent Relocate 0.903ms
[130.484s][info][gc,load     ] GC(244) Load: 0.00/0.00/0.00
[130.484s][info][gc,mmu      ] GC(244) MMU: 2ms/77.0%, 5ms/89.5%, 10ms/94.4%, 20ms/97.2%, 50ms/98.7%, 100ms/99.4%
[130.484s][info][gc,marking  ] GC(244) Mark: 1 stripe(s), 2 proactive flush(es), 1 terminate flush(es), 1 completion(s), 0 continuation(s) 
[130.484s][info][gc,nmethod  ] GC(244) NMethods: 1482 registered, 0 unregistered
[130.484s][info][gc,metaspace] GC(244) Metaspace: 4M used, 4M capacity, 4M committed, 1032M reserved
[130.484s][info][gc,ref      ] GC(244) Soft: 261 encountered, 0 discovered, 0 enqueued
[130.484s][info][gc,ref      ] GC(244) Weak: 280 encountered, 229 discovered, 0 enqueued
[130.484s][info][gc,ref      ] GC(244) Final: 1 encountered, 0 discovered, 0 enqueued
[130.484s][info][gc,ref      ] GC(244) Phantom: 39 encountered, 30 discovered, 0 enqueued
[130.484s][info][gc,reloc    ] GC(244) Small Pages: 1466 / 2932M(100%), Empty: 2856M(97%), Compacting: 10M(0%)->2M(0%)
[130.484s][info][gc,reloc    ] GC(244) Medium Pages: 0 / 0M(0%), Empty: 0M(0%), Compacting: 0M(0%)->0M(0%)
[130.484s][info][gc,reloc    ] GC(244) Large Pages: 1 / 8M(0%), Empty: 0M(0%), Compacting: 0M(0%)->0M(0%)
[130.484s][info][gc,reloc    ] GC(244) Relocation: Successful
[130.484s][info][gc,heap     ] GC(244) Min Capacity: 42M(1%)
[130.484s][info][gc,heap     ] GC(244) Max Capacity: 4060M(100%)
[130.484s][info][gc,heap     ] GC(244) Soft Max Capacity: 4060M(100%)
[130.484s][info][gc,heap     ] GC(244)                Mark Start          Mark End        Relocate Start      Relocate End           High               Low         
[130.484s][info][gc,heap     ] GC(244)  Capacity:     3186M (78%)        3186M (78%)        3186M (78%)        3186M (78%)        3186M (78%)        3186M (78%)    
[130.484s][info][gc,heap     ] GC(244)   Reserve:       42M (1%)           42M (1%)           42M (1%)           42M (1%)           42M (1%)           42M (1%)     
[130.484s][info][gc,heap     ] GC(244)      Free:     1078M (27%)         880M (22%)        3724M (92%)        3722M (92%)        3728M (92%)         874M (22%)    
[130.484s][info][gc,heap     ] GC(244)      Used:     2940M (72%)        3138M (77%)         294M (7%)          296M (7%)         3144M (77%)         290M (7%)     
[130.484s][info][gc,heap     ] GC(244)      Live:         -                66M (2%)           66M (2%)           66M (2%)             -                  -          
[130.484s][info][gc,heap     ] GC(244) Allocated:         -               198M (5%)          210M (5%)          222M (5%)             -                  -          
[130.484s][info][gc,heap     ] GC(244)   Garbage:         -              2873M (71%)          17M (0%)           15M (0%)             -                  -          
[130.484s][info][gc,heap     ] GC(244) Reclaimed:         -                  -              2856M (70%)        2858M (70%)            -                  -          
[130.484s][info][gc          ] GC(244) Garbage Collection (Allocation Rate) 2940M(72%)->296M(7%)
[131.038s][info][gc,start    ] GC(245) Garbage Collection (Allocation Rate)
[131.038s][info][gc,phases   ] GC(245) Pause Mark Start 0.061ms
[131.079s][info][gc,phases   ] GC(245) Concurrent Mark 40.643ms
[131.079s][info][gc,phases   ] GC(245) Pause Mark End 0.226ms
[131.081s][info][gc,phases   ] GC(245) Concurrent Process Non-Strong References 1.541ms
[131.081s][info][gc,phases   ] GC(245) Concurrent Reset Relocation Set 0.014ms
[131.082s][info][gc,phases   ] GC(245) Concurrent Select Relocation Set 1.355ms
[131.083s][info][gc,phases   ] GC(245) Pause Relocate Start 0.064ms
[131.084s][info][gc,phases   ] GC(245) Concurrent Relocate 0.791ms
[131.084s][info][gc,load     ] GC(245) Load: 0.00/0.00/0.00
[131.084s][info][gc,mmu      ] GC(245) MMU: 2ms/77.0%, 5ms/89.5%, 10ms/94.4%, 20ms/97.2%, 50ms/98.7%, 100ms/99.4%
[131.084s][info][gc,marking  ] GC(245) Mark: 1 stripe(s), 2 proactive flush(es), 1 terminate flush(es), 1 completion(s), 0 continuation(s) 
[131.084s][info][gc,nmethod  ] GC(245) NMethods: 1482 registered, 0 unregistered
[131.084s][info][gc,metaspace] GC(245) Metaspace: 4M used, 4M capacity, 4M committed, 1032M reserved
[131.084s][info][gc,ref      ] GC(245) Soft: 261 encountered, 0 discovered, 0 enqueued
[131.084s][info][gc,ref      ] GC(245) Weak: 280 encountered, 229 discovered, 0 enqueued
[131.084s][info][gc,ref      ] GC(245) Final: 1 encountered, 0 discovered, 0 enqueued
[131.084s][info][gc,ref      ] GC(245) Phantom: 39 encountered, 30 discovered, 0 enqueued
[131.084s][info][gc,reloc    ] GC(245) Small Pages: 1473 / 2946M(100%), Empty: 2856M(97%), Compacting: 18M(1%)->2M(0%)
[131.084s][info][gc,reloc    ] GC(245) Medium Pages: 0 / 0M(0%), Empty: 0M(0%), Compacting: 0M(0%)->0M(0%)
[131.084s][info][gc,reloc    ] GC(245) Large Pages: 1 / 8M(0%), Empty: 0M(0%), Compacting: 0M(0%)->0M(0%)
[131.084s][info][gc,reloc    ] GC(245) Relocation: Successful
[131.084s][info][gc,heap     ] GC(245) Min Capacity: 42M(1%)
[131.084s][info][gc,heap     ] GC(245) Max Capacity: 4060M(100%)
[131.084s][info][gc,heap     ] GC(245) Soft Max Capacity: 4060M(100%)
[131.084s][info][gc,heap     ] GC(245)                Mark Start          Mark End        Relocate Start      Relocate End           High               Low         
[131.084s][info][gc,heap     ] GC(245)  Capacity:     3186M (78%)        3188M (79%)        3192M (79%)        3192M (79%)        3192M (79%)        3186M (78%)    
[131.084s][info][gc,heap     ] GC(245)   Reserve:       42M (1%)           42M (1%)           42M (1%)           42M (1%)           42M (1%)           42M (1%)     
[131.084s][info][gc,heap     ] GC(245)      Free:     1064M (26%)         872M (21%)        3720M (92%)        3730M (92%)        3730M (92%)         868M (21%)    
[131.084s][info][gc,heap     ] GC(245)      Used:     2954M (73%)        3146M (77%)         298M (7%)          288M (7%)         3150M (78%)         288M (7%)     
[131.084s][info][gc,heap     ] GC(245)      Live:         -                71M (2%)           71M (2%)           71M (2%)             -                  -          
[131.084s][info][gc,heap     ] GC(245) Allocated:         -               192M (5%)          200M (5%)          208M (5%)             -                  -          
[131.084s][info][gc,heap     ] GC(245)   Garbage:         -              2882M (71%)          26M (1%)           12M (0%)             -                  -          
[131.084s][info][gc,heap     ] GC(245) Reclaimed:         -                  -              2856M (70%)        2870M (71%)            -                  -          
[131.084s][info][gc          ] GC(245) Garbage Collection (Allocation Rate) 2954M(73%)->288M(7%)
[131.638s][info][gc,start    ] GC(246) Garbage Collection (Allocation Rate)
[131.638s][info][gc,phases   ] GC(246) Pause Mark Start 0.058ms
[131.686s][info][gc,phases   ] GC(246) Concurrent Mark 47.948ms
[131.686s][info][gc,phases   ] GC(246) Pause Mark End 0.231ms
[131.688s][info][gc,phases   ] GC(246) Concurrent Process Non-Strong References 1.515ms
[131.688s][info][gc,phases   ] GC(246) Concurrent Reset Relocation Set 0.027ms
[131.690s][info][gc,phases   ] GC(246) Concurrent Select Relocation Set 1.687ms
[131.690s][info][gc,phases   ] GC(246) Pause Relocate Start 0.109ms
[131.701s][info][gc,phases   ] GC(246) Concurrent Relocate 11.245ms
[131.701s][info][gc,load     ] GC(246) Load: 0.00/0.00/0.00
[131.701s][info][gc,mmu      ] GC(246) MMU: 2ms/77.0%, 5ms/89.5%, 10ms/94.4%, 20ms/97.2%, 50ms/98.7%, 100ms/99.4%
[131.701s][info][gc,marking  ] GC(246) Mark: 1 stripe(s), 2 proactive flush(es), 1 terminate flush(es), 1 completion(s), 0 continuation(s) 
[131.701s][info][gc,nmethod  ] GC(246) NMethods: 1482 registered, 0 unregistered
[131.701s][info][gc,metaspace] GC(246) Metaspace: 4M used, 4M capacity, 4M committed, 1032M reserved
[131.701s][info][gc,ref      ] GC(246) Soft: 261 encountered, 0 discovered, 0 enqueued
[131.701s][info][gc,ref      ] GC(246) Weak: 280 encountered, 229 discovered, 0 enqueued
[131.701s][info][gc,ref      ] GC(246) Final: 1 encountered, 0 discovered, 0 enqueued
[131.701s][info][gc,ref      ] GC(246) Phantom: 39 encountered, 30 discovered, 0 enqueued
[131.701s][info][gc,reloc    ] GC(246) Small Pages: 1401 / 2802M(100%), Empty: 2686M(96%), Compacting: 58M(2%)->18M(1%)
[131.701s][info][gc,reloc    ] GC(246) Medium Pages: 0 / 0M(0%), Empty: 0M(0%), Compacting: 0M(0%)->0M(0%)
[131.701s][info][gc,reloc    ] GC(246) Large Pages: 1 / 8M(0%), Empty: 0M(0%), Compacting: 0M(0%)->0M(0%)
[131.701s][info][gc,reloc    ] GC(246) Relocation: Successful
[131.701s][info][gc,heap     ] GC(246) Min Capacity: 42M(1%)
[131.701s][info][gc,heap     ] GC(246) Max Capacity: 4060M(100%)
[131.701s][info][gc,heap     ] GC(246) Soft Max Capacity: 4060M(100%)
[131.701s][info][gc,heap     ] GC(246)                Mark Start          Mark End        Relocate Start      Relocate End           High               Low         
[131.701s][info][gc,heap     ] GC(246)  Capacity:     3192M (79%)        3192M (79%)        3192M (79%)        3192M (79%)        3192M (79%)        3192M (79%)    
[131.701s][info][gc,heap     ] GC(246)   Reserve:       42M (1%)           42M (1%)           42M (1%)           42M (1%)           42M (1%)           42M (1%)     
[131.701s][info][gc,heap     ] GC(246)      Free:     1208M (30%)        1022M (25%)        3696M (91%)        3684M (91%)        3700M (91%)        1014M (25%)    
[131.701s][info][gc,heap     ] GC(246)      Used:     2810M (69%)        2996M (74%)         322M (8%)          334M (8%)         3004M (74%)         318M (8%)     
[131.701s][info][gc,heap     ] GC(246)      Live:         -                73M (2%)           73M (2%)           73M (2%)             -                  -          
[131.701s][info][gc,heap     ] GC(246) Allocated:         -               186M (5%)          198M (5%)          268M (7%)             -                  -          
[131.701s][info][gc,heap     ] GC(246)   Garbage:         -              2736M (67%)          50M (1%)           10M (0%)             -                  -          
[131.701s][info][gc,heap     ] GC(246) Reclaimed:         -                  -              2686M (66%)        2726M (67%)            -                  -          
[131.701s][info][gc          ] GC(246) Garbage Collection (Allocation Rate) 2810M(69%)->334M(8%)
[132.238s][info][gc,start    ] GC(247) Garbage Collection (Allocation Rate)
[132.238s][info][gc,phases   ] GC(247) Pause Mark Start 0.044ms
[132.278s][info][gc,phases   ] GC(247) Concurrent Mark 39.419ms
[132.278s][info][gc,phases   ] GC(247) Pause Mark End 0.215ms
[132.279s][info][gc,phases   ] GC(247) Concurrent Process Non-Strong References 1.402ms
[132.279s][info][gc,phases   ] GC(247) Concurrent Reset Relocation Set 0.048ms
[132.284s][info][gc,phases   ] GC(247) Concurrent Select Relocation Set 4.354ms
[132.284s][info][gc,phases   ] GC(247) Pause Relocate Start 0.060ms
[132.318s][info][gc,phases   ] GC(247) Concurrent Relocate 34.065ms
[132.318s][info][gc,load     ] GC(247) Load: 0.00/0.00/0.00
[132.318s][info][gc,mmu      ] GC(247) MMU: 2ms/77.0%, 5ms/89.5%, 10ms/94.4%, 20ms/97.2%, 50ms/98.7%, 100ms/99.4%
[132.318s][info][gc,marking  ] GC(247) Mark: 1 stripe(s), 2 proactive flush(es), 1 terminate flush(es), 1 completion(s), 0 continuation(s) 
[132.318s][info][gc,nmethod  ] GC(247) NMethods: 1482 registered, 0 unregistered
[132.318s][info][gc,metaspace] GC(247) Metaspace: 4M used, 4M capacity, 4M committed, 1032M reserved
[132.318s][info][gc,ref      ] GC(247) Soft: 261 encountered, 0 discovered, 0 enqueued
[132.318s][info][gc,ref      ] GC(247) Weak: 280 encountered, 229 discovered, 0 enqueued
[132.318s][info][gc,ref      ] GC(247) Final: 1 encountered, 0 discovered, 0 enqueued
[132.318s][info][gc,ref      ] GC(247) Phantom: 39 encountered, 30 discovered, 0 enqueued
[132.318s][info][gc,reloc    ] GC(247) Small Pages: 1403 / 2806M(100%), Empty: 2654M(94%), Compacting: 144M(5%)->48M(2%)
[132.318s][info][gc,reloc    ] GC(247) Medium Pages: 0 / 0M(0%), Empty: 0M(0%), Compacting: 0M(0%)->0M(0%)
[132.318s][info][gc,reloc    ] GC(247) Large Pages: 1 / 8M(0%), Empty: 0M(0%), Compacting: 0M(0%)->0M(0%)
[132.318s][info][gc,reloc    ] GC(247) Relocation: Successful
[132.318s][info][gc,heap     ] GC(247) Min Capacity: 42M(1%)
[132.318s][info][gc,heap     ] GC(247) Max Capacity: 4060M(100%)
[132.318s][info][gc,heap     ] GC(247) Soft Max Capacity: 4060M(100%)
[132.318s][info][gc,heap     ] GC(247)                Mark Start          Mark End        Relocate Start      Relocate End           High               Low         
[132.318s][info][gc,heap     ] GC(247)  Capacity:     3192M (79%)        3192M (79%)        3192M (79%)        3192M (79%)        3192M (79%)        3192M (79%)    
[132.318s][info][gc,heap     ] GC(247)   Reserve:       42M (1%)           42M (1%)           42M (1%)           42M (1%)           42M (1%)           42M (1%)     
[132.318s][info][gc,heap     ] GC(247)      Free:     1204M (30%)        1028M (25%)        3654M (90%)        3616M (89%)        3674M (90%)        1020M (25%)    
[132.318s][info][gc,heap     ] GC(247)      Used:     2814M (69%)        2990M (74%)         364M (9%)          402M (10%)        2998M (74%)         344M (8%)     
[132.318s][info][gc,heap     ] GC(247)      Live:         -                57M (1%)           57M (1%)           57M (1%)             -                  -          
[132.318s][info][gc,heap     ] GC(247) Allocated:         -               176M (4%)          204M (5%)          386M (10%)            -                  -          
[132.318s][info][gc,heap     ] GC(247)   Garbage:         -              2756M (68%)         102M (3%)            4M (0%)             -                  -          
[132.318s][info][gc,heap     ] GC(247) Reclaimed:         -                  -              2654M (65%)        2752M (68%)            -                  -          
[132.318s][info][gc          ] GC(247) Garbage Collection (Allocation Rate) 2814M(69%)->402M(10%)
[132.738s][info][gc,start    ] GC(248) Garbage Collection (Allocation Rate)
[132.738s][info][gc,phases   ] GC(248) Pause Mark Start 0.052ms
[132.779s][info][gc,phases   ] GC(248) Concurrent Mark 40.487ms
[132.779s][info][gc,phases   ] GC(248) Pause Mark End 0.221ms
[132.781s][info][gc,phases   ] GC(248) Concurrent Process Non-Strong References 1.502ms
[132.782s][info][gc,phases   ] GC(248) Concurrent Reset Relocation Set 0.915ms
[132.786s][info][gc,phases   ] GC(248) Concurrent Select Relocation Set 4.628ms
[132.787s][info][gc,phases   ] GC(248) Pause Relocate Start 0.066ms
[132.808s][info][gc,phases   ] GC(248) Concurrent Relocate 20.991ms
[132.808s][info][gc,load     ] GC(248) Load: 0.00/0.00/0.00
[132.808s][info][gc,mmu      ] GC(248) MMU: 2ms/77.0%, 5ms/89.5%, 10ms/94.4%, 20ms/97.2%, 50ms/98.7%, 100ms/99.4%
[132.808s][info][gc,marking  ] GC(248) Mark: 1 stripe(s), 2 proactive flush(es), 1 terminate flush(es), 1 completion(s), 0 continuation(s) 
[132.808s][info][gc,nmethod  ] GC(248) NMethods: 1482 registered, 0 unregistered
[132.808s][info][gc,metaspace] GC(248) Metaspace: 4M used, 4M capacity, 4M committed, 1032M reserved
[132.808s][info][gc,ref      ] GC(248) Soft: 261 encountered, 0 discovered, 0 enqueued
[132.808s][info][gc,ref      ] GC(248) Weak: 280 encountered, 229 discovered, 0 enqueued
[132.808s][info][gc,ref      ] GC(248) Final: 1 encountered, 0 discovered, 0 enqueued
[132.808s][info][gc,ref      ] GC(248) Phantom: 39 encountered, 30 discovered, 0 enqueued
[132.808s][info][gc,reloc    ] GC(248) Small Pages: 1197 / 2394M(100%), Empty: 2258M(94%), Compacting: 106M(4%)->34M(1%)
[132.808s][info][gc,reloc    ] GC(248) Medium Pages: 0 / 0M(0%), Empty: 0M(0%), Compacting: 0M(0%)->0M(0%)
[132.808s][info][gc,reloc    ] GC(248) Large Pages: 1 / 8M(0%), Empty: 0M(0%), Compacting: 0M(0%)->0M(0%)
[132.808s][info][gc,reloc    ] GC(248) Relocation: Successful
[132.808s][info][gc,heap     ] GC(248) Min Capacity: 42M(1%)
[132.808s][info][gc,heap     ] GC(248) Max Capacity: 4060M(100%)
[132.808s][info][gc,heap     ] GC(248) Soft Max Capacity: 4060M(100%)
[132.808s][info][gc,heap     ] GC(248)                Mark Start          Mark End        Relocate Start      Relocate End           High               Low         
[132.808s][info][gc,heap     ] GC(248)  Capacity:     3192M (79%)        3192M (79%)        3192M (79%)        3192M (79%)        3192M (79%)        3192M (79%)    
[132.808s][info][gc,heap     ] GC(248)   Reserve:       42M (1%)           42M (1%)           42M (1%)           42M (1%)           42M (1%)           42M (1%)     
[132.808s][info][gc,heap     ] GC(248)      Free:     1616M (40%)        1434M (35%)        3666M (90%)        3644M (90%)        3682M (91%)        1426M (35%)    
[132.808s][info][gc,heap     ] GC(248)      Used:     2402M (59%)        2584M (64%)         352M (9%)          374M (9%)         2592M (64%)         336M (8%)     
[132.808s][info][gc,heap     ] GC(248)      Live:         -                62M (2%)           62M (2%)           62M (2%)             -                  -          
[132.808s][info][gc,heap     ] GC(248) Allocated:         -               182M (4%)          208M (5%)          336M (8%)             -                  -          
[132.808s][info][gc,heap     ] GC(248)   Garbage:         -              2339M (58%)          81M (2%)            7M (0%)             -                  -          
[132.808s][info][gc,heap     ] GC(248) Reclaimed:         -                  -              2258M (56%)        2332M (57%)            -                  -          
[132.808s][info][gc          ] GC(248) Garbage Collection (Allocation Rate) 2402M(59%)->374M(9%)
[133.238s][info][gc,start    ] GC(249) Garbage Collection (Allocation Rate)
[133.238s][info][gc,phases   ] GC(249) Pause Mark Start 0.068ms
[133.276s][info][gc,phases   ] GC(249) Concurrent Mark 37.559ms
[133.276s][info][gc,phases   ] GC(249) Pause Mark End 0.299ms
[133.278s][info][gc,phases   ] GC(249) Concurrent Process Non-Strong References 1.674ms
[133.278s][info][gc,phases   ] GC(249) Concurrent Reset Relocation Set 0.065ms
[133.281s][info][gc,phases   ] GC(249) Concurrent Select Relocation Set 3.101ms
[133.281s][info][gc,phases   ] GC(249) Pause Relocate Start 0.102ms
[133.312s][info][gc,phases   ] GC(249) Concurrent Relocate 30.152ms
[133.312s][info][gc,load     ] GC(249) Load: 0.00/0.00/0.00
[133.312s][info][gc,mmu      ] GC(249) MMU: 2ms/77.0%, 5ms/89.5%, 10ms/94.4%, 20ms/97.2%, 50ms/98.7%, 100ms/99.4%
[133.312s][info][gc,marking  ] GC(249) Mark: 1 stripe(s), 2 proactive flush(es), 1 terminate flush(es), 1 completion(s), 0 continuation(s) 
[133.312s][info][gc,nmethod  ] GC(249) NMethods: 1482 registered, 0 unregistered
[133.312s][info][gc,metaspace] GC(249) Metaspace: 4M used, 4M capacity, 4M committed, 1032M reserved
[133.312s][info][gc,ref      ] GC(249) Soft: 261 encountered, 0 discovered, 0 enqueued
[133.312s][info][gc,ref      ] GC(249) Weak: 280 encountered, 229 discovered, 0 enqueued
[133.312s][info][gc,ref      ] GC(249) Final: 1 encountered, 0 discovered, 0 enqueued
[133.312s][info][gc,ref      ] GC(249) Phantom: 39 encountered, 30 discovered, 0 enqueued
[133.312s][info][gc,reloc    ] GC(249) Small Pages: 1219 / 2438M(100%), Empty: 2286M(93%), Compacting: 142M(6%)->52M(2%)
[133.312s][info][gc,reloc    ] GC(249) Medium Pages: 0 / 0M(0%), Empty: 0M(0%), Compacting: 0M(0%)->0M(0%)
[133.312s][info][gc,reloc    ] GC(249) Large Pages: 1 / 8M(0%), Empty: 0M(0%), Compacting: 0M(0%)->0M(0%)
[133.312s][info][gc,reloc    ] GC(249) Relocation: Successful
[133.312s][info][gc,heap     ] GC(249) Min Capacity: 42M(1%)
[133.312s][info][gc,heap     ] GC(249) Max Capacity: 4060M(100%)
[133.312s][info][gc,heap     ] GC(249) Soft Max Capacity: 4060M(100%)
[133.312s][info][gc,heap     ] GC(249)                Mark Start          Mark End        Relocate Start      Relocate End           High               Low         
[133.312s][info][gc,heap     ] GC(249)  Capacity:     3192M (79%)        3192M (79%)        3192M (79%)        3192M (79%)        3192M (79%)        3192M (79%)    
[133.312s][info][gc,heap     ] GC(249)   Reserve:       42M (1%)           42M (1%)           42M (1%)           42M (1%)           42M (1%)           42M (1%)     
[133.312s][info][gc,heap     ] GC(249)      Free:     1572M (39%)        1394M (34%)        3658M (90%)        3608M (89%)        3672M (90%)        1386M (34%)    
[133.312s][info][gc,heap     ] GC(249)      Used:     2446M (60%)        2624M (65%)         360M (9%)          410M (10%)        2632M (65%)         346M (9%)     
[133.312s][info][gc,heap     ] GC(249)      Live:         -                62M (2%)           62M (2%)           62M (2%)             -                  -          
[133.312s][info][gc,heap     ] GC(249) Allocated:         -               178M (4%)          200M (5%)          392M (10%)            -                  -          
[133.312s][info][gc,heap     ] GC(249)   Garbage:         -              2383M (59%)          97M (2%)            3M (0%)             -                  -          
[133.312s][info][gc,heap     ] GC(249) Reclaimed:         -                  -              2286M (56%)        2380M (59%)            -                  -          
[133.312s][info][gc          ] GC(249) Garbage Collection (Allocation Rate) 2446M(60%)->410M(10%)
[133.738s][info][gc,start    ] GC(250) Garbage Collection (Allocation Rate)
[133.738s][info][gc,phases   ] GC(250) Pause Mark Start 0.056ms
[133.775s][info][gc,phases   ] GC(250) Concurrent Mark 36.450ms
[133.775s][info][gc,phases   ] GC(250) Pause Mark End 0.303ms
[133.777s][info][gc,phases   ] GC(250) Concurrent Process Non-Strong References 1.650ms
[133.778s][info][gc,phases   ] GC(250) Concurrent Reset Relocation Set 0.832ms
[133.782s][info][gc,phases   ] GC(250) Concurrent Select Relocation Set 4.108ms
[133.782s][info][gc,phases   ] GC(250) Pause Relocate Start 0.099ms
[133.806s][info][gc,phases   ] GC(250) Concurrent Relocate 23.940ms
[133.807s][info][gc,load     ] GC(250) Load: 0.00/0.00/0.00
[133.807s][info][gc,mmu      ] GC(250) MMU: 2ms/77.0%, 5ms/89.5%, 10ms/94.4%, 20ms/97.2%, 50ms/98.7%, 100ms/99.4%
[133.807s][info][gc,marking  ] GC(250) Mark: 1 stripe(s), 2 proactive flush(es), 1 terminate flush(es), 1 completion(s), 0 continuation(s) 
[133.807s][info][gc,nmethod  ] GC(250) NMethods: 1482 registered, 0 unregistered
[133.807s][info][gc,metaspace] GC(250) Metaspace: 4M used, 4M capacity, 4M committed, 1032M reserved
[133.807s][info][gc,ref      ] GC(250) Soft: 261 encountered, 0 discovered, 0 enqueued
[133.807s][info][gc,ref      ] GC(250) Weak: 280 encountered, 229 discovered, 0 enqueued
[133.807s][info][gc,ref      ] GC(250) Final: 1 encountered, 0 discovered, 0 enqueued
[133.807s][info][gc,ref      ] GC(250) Phantom: 39 encountered, 30 discovered, 0 enqueued
[133.807s][info][gc,reloc    ] GC(250) Small Pages: 1229 / 2458M(100%), Empty: 2348M(95%), Compacting: 92M(4%)->42M(2%)
[133.807s][info][gc,reloc    ] GC(250) Medium Pages: 0 / 0M(0%), Empty: 0M(0%), Compacting: 0M(0%)->0M(0%)
[133.807s][info][gc,reloc    ] GC(250) Large Pages: 1 / 8M(0%), Empty: 0M(0%), Compacting: 0M(0%)->0M(0%)
[133.807s][info][gc,reloc    ] GC(250) Relocation: Successful
[133.807s][info][gc,heap     ] GC(250) Min Capacity: 42M(1%)
[133.807s][info][gc,heap     ] GC(250) Max Capacity: 4060M(100%)
[133.807s][info][gc,heap     ] GC(250) Soft Max Capacity: 4060M(100%)
[133.807s][info][gc,heap     ] GC(250)                Mark Start          Mark End        Relocate Start      Relocate End           High               Low         
[133.807s][info][gc,heap     ] GC(250)  Capacity:     3192M (79%)        3192M (79%)        3192M (79%)        3192M (79%)        3192M (79%)        3192M (79%)    
[133.807s][info][gc,heap     ] GC(250)   Reserve:       42M (1%)           42M (1%)           42M (1%)           42M (1%)           42M (1%)           42M (1%)     
[133.807s][info][gc,heap     ] GC(250)      Free:     1552M (38%)        1396M (34%)        3716M (92%)        3654M (90%)        3736M (92%)        1388M (34%)    
[133.807s][info][gc,heap     ] GC(250)      Used:     2466M (61%)        2622M (65%)         302M (7%)          364M (9%)         2630M (65%)         282M (7%)     
[133.807s][info][gc,heap     ] GC(250)      Live:         -                60M (1%)           60M (1%)           60M (1%)             -                  -          
[133.807s][info][gc,heap     ] GC(250) Allocated:         -               156M (4%)          184M (5%)          338M (8%)             -                  -          
[133.807s][info][gc,heap     ] GC(250)   Garbage:         -              2405M (59%)          57M (1%)            5M (0%)             -                  -          
[133.807s][info][gc,heap     ] GC(250) Reclaimed:         -                  -              2348M (58%)        2400M (59%)            -                  -          
[133.807s][info][gc          ] GC(250) Garbage Collection (Allocation Rate) 2466M(61%)->364M(9%)
[134.238s][info][gc,start    ] GC(251) Garbage Collection (Allocation Rate)
[134.239s][info][gc,phases   ] GC(251) Pause Mark Start 0.062ms
[134.273s][info][gc,phases   ] GC(251) Concurrent Mark 34.310ms
[134.273s][info][gc,phases   ] GC(251) Pause Mark End 0.239ms
[134.275s][info][gc,phases   ] GC(251) Concurrent Process Non-Strong References 1.766ms
[134.275s][info][gc,phases   ] GC(251) Concurrent Reset Relocation Set 0.063ms
[134.277s][info][gc,phases   ] GC(251) Concurrent Select Relocation Set 2.007ms
[134.278s][info][gc,phases   ] GC(251) Pause Relocate Start 0.064ms
[134.310s][info][gc,phases   ] GC(251) Concurrent Relocate 31.889ms
[134.310s][info][gc,load     ] GC(251) Load: 0.00/0.00/0.00
[134.310s][info][gc,mmu      ] GC(251) MMU: 2ms/77.0%, 5ms/89.5%, 10ms/94.4%, 20ms/97.2%, 50ms/98.7%, 100ms/99.4%
[134.310s][info][gc,marking  ] GC(251) Mark: 1 stripe(s), 2 proactive flush(es), 1 terminate flush(es), 1 completion(s), 0 continuation(s) 
[134.310s][info][gc,nmethod  ] GC(251) NMethods: 1482 registered, 0 unregistered
[134.310s][info][gc,metaspace] GC(251) Metaspace: 4M used, 4M capacity, 4M committed, 1032M reserved
[134.310s][info][gc,ref      ] GC(251) Soft: 261 encountered, 0 discovered, 0 enqueued
[134.310s][info][gc,ref      ] GC(251) Weak: 280 encountered, 229 discovered, 0 enqueued
[134.310s][info][gc,ref      ] GC(251) Final: 1 encountered, 0 discovered, 0 enqueued
[134.310s][info][gc,ref      ] GC(251) Phantom: 39 encountered, 30 discovered, 0 enqueued
[134.310s][info][gc,reloc    ] GC(251) Small Pages: 1205 / 2410M(100%), Empty: 2288M(95%), Compacting: 110M(5%)->40M(2%)
[134.310s][info][gc,reloc    ] GC(251) Medium Pages: 0 / 0M(0%), Empty: 0M(0%), Compacting: 0M(0%)->0M(0%)
[134.310s][info][gc,reloc    ] GC(251) Large Pages: 1 / 8M(0%), Empty: 0M(0%), Compacting: 0M(0%)->0M(0%)
[134.310s][info][gc,reloc    ] GC(251) Relocation: Successful
[134.310s][info][gc,heap     ] GC(251) Min Capacity: 42M(1%)
[134.310s][info][gc,heap     ] GC(251) Max Capacity: 4060M(100%)
[134.310s][info][gc,heap     ] GC(251) Soft Max Capacity: 4060M(100%)
[134.310s][info][gc,heap     ] GC(251)                Mark Start          Mark End        Relocate Start      Relocate End           High               Low         
[134.310s][info][gc,heap     ] GC(251)  Capacity:     3192M (79%)        3192M (79%)        3192M (79%)        3192M (79%)        3192M (79%)        3192M (79%)    
[134.310s][info][gc,heap     ] GC(251)   Reserve:       42M (1%)           42M (1%)           42M (1%)           42M (1%)           42M (1%)           42M (1%)     
[134.310s][info][gc,heap     ] GC(251)      Free:     1600M (39%)        1440M (35%)        3708M (91%)        3662M (90%)        3718M (92%)        1430M (35%)    
[134.310s][info][gc,heap     ] GC(251)      Used:     2418M (60%)        2578M (63%)         310M (8%)          356M (9%)         2588M (64%)         300M (7%)     
[134.310s][info][gc,heap     ] GC(251)      Live:         -                53M (1%)           53M (1%)           53M (1%)             -                  -          
[134.310s][info][gc,heap     ] GC(251) Allocated:         -               160M (4%)          180M (4%)          336M (8%)             -                  -          
[134.310s][info][gc,heap     ] GC(251)   Garbage:         -              2364M (58%)          76M (2%)            4M (0%)             -                  -          
[134.310s][info][gc,heap     ] GC(251) Reclaimed:         -                  -              2288M (56%)        2360M (58%)            -                  -          
[134.310s][info][gc          ] GC(251) Garbage Collection (Allocation Rate) 2418M(60%)->356M(9%)
[134.738s][info][gc,start    ] GC(252) Garbage Collection (Allocation Rate)
[134.738s][info][gc,phases   ] GC(252) Pause Mark Start 0.057ms
[134.776s][info][gc,phases   ] GC(252) Concurrent Mark 37.914ms
[134.777s][info][gc,phases   ] GC(252) Pause Mark End 0.322ms
[134.778s][info][gc,phases   ] GC(252) Concurrent Process Non-Strong References 1.540ms
[134.779s][info][gc,phases   ] GC(252) Concurrent Reset Relocation Set 1.068ms
[134.784s][info][gc,phases   ] GC(252) Concurrent Select Relocation Set 5.121ms
[134.785s][info][gc,phases   ] GC(252) Pause Relocate Start 0.061ms
[134.817s][info][gc,phases   ] GC(252) Concurrent Relocate 32.138ms
[134.817s][info][gc,load     ] GC(252) Load: 0.00/0.00/0.00
[134.817s][info][gc,mmu      ] GC(252) MMU: 2ms/77.0%, 5ms/89.5%, 10ms/94.4%, 20ms/97.2%, 50ms/98.7%, 100ms/99.4%
[134.817s][info][gc,marking  ] GC(252) Mark: 1 stripe(s), 2 proactive flush(es), 1 terminate flush(es), 1 completion(s), 0 continuation(s) 
[134.817s][info][gc,nmethod  ] GC(252) NMethods: 1482 registered, 0 unregistered
[134.817s][info][gc,metaspace] GC(252) Metaspace: 4M used, 4M capacity, 4M committed, 1032M reserved
[134.817s][info][gc,ref      ] GC(252) Soft: 261 encountered, 0 discovered, 0 enqueued
[134.817s][info][gc,ref      ] GC(252) Weak: 280 encountered, 229 discovered, 0 enqueued
[134.817s][info][gc,ref      ] GC(252) Final: 1 encountered, 0 discovered, 0 enqueued
[134.817s][info][gc,ref      ] GC(252) Phantom: 39 encountered, 30 discovered, 0 enqueued
[134.817s][info][gc,reloc    ] GC(252) Small Pages: 1200 / 2400M(100%), Empty: 2256M(94%), Compacting: 136M(6%)->54M(2%)
[134.817s][info][gc,reloc    ] GC(252) Medium Pages: 0 / 0M(0%), Empty: 0M(0%), Compacting: 0M(0%)->0M(0%)
[134.817s][info][gc,reloc    ] GC(252) Large Pages: 1 / 8M(0%), Empty: 0M(0%), Compacting: 0M(0%)->0M(0%)
[134.817s][info][gc,reloc    ] GC(252) Relocation: Successful
[134.817s][info][gc,heap     ] GC(252) Min Capacity: 42M(1%)
[134.817s][info][gc,heap     ] GC(252) Max Capacity: 4060M(100%)
[134.817s][info][gc,heap     ] GC(252) Soft Max Capacity: 4060M(100%)
[134.817s][info][gc,heap     ] GC(252)                Mark Start          Mark End        Relocate Start      Relocate End           High               Low         
[134.817s][info][gc,heap     ] GC(252)  Capacity:     3192M (79%)        3192M (79%)        3192M (79%)        3192M (79%)        3192M (79%)        3192M (79%)    
[134.817s][info][gc,heap     ] GC(252)   Reserve:       42M (1%)           42M (1%)           42M (1%)           42M (1%)           42M (1%)           42M (1%)     
[134.817s][info][gc,heap     ] GC(252)      Free:     1610M (40%)        1440M (35%)        3662M (90%)        3598M (89%)        3684M (91%)        1428M (35%)    
[134.817s][info][gc,heap     ] GC(252)      Used:     2408M (59%)        2578M (63%)         356M (9%)          420M (10%)        2590M (64%)         334M (8%)     
[134.817s][info][gc,heap     ] GC(252)      Live:         -                61M (2%)           61M (2%)           61M (2%)             -                  -          
[134.817s][info][gc,heap     ] GC(252) Allocated:         -               170M (4%)          204M (5%)          404M (10%)            -                  -          
[134.817s][info][gc,heap     ] GC(252)   Garbage:         -              2346M (58%)          90M (2%)            4M (0%)             -                  -          
[134.817s][info][gc,heap     ] GC(252) Reclaimed:         -                  -              2256M (56%)        2342M (58%)            -                  -          
[134.817s][info][gc          ] GC(252) Garbage Collection (Allocation Rate) 2408M(59%)->420M(10%)
[135.238s][info][gc,start    ] GC(253) Garbage Collection (Allocation Rate)
[135.238s][info][gc,phases   ] GC(253) Pause Mark Start 0.063ms
[135.269s][info][gc,phases   ] GC(253) Concurrent Mark 30.730ms
[135.270s][info][gc,phases   ] GC(253) Pause Mark End 0.235ms
[135.271s][info][gc,phases   ] GC(253) Concurrent Process Non-Strong References 1.569ms
[135.272s][info][gc,phases   ] GC(253) Concurrent Reset Relocation Set 0.780ms
[135.275s][info][gc,phases   ] GC(253) Concurrent Select Relocation Set 3.374ms
[135.276s][info][gc,phases   ] GC(253) Pause Relocate Start 0.061ms
[135.287s][info][gc,phases   ] GC(253) Concurrent Relocate 11.366ms
[135.287s][info][gc,load     ] GC(253) Load: 0.00/0.00/0.00
[135.287s][info][gc,mmu      ] GC(253) MMU: 2ms/77.0%, 5ms/89.5%, 10ms/94.4%, 20ms/97.2%, 50ms/98.7%, 100ms/99.4%
[135.287s][info][gc,marking  ] GC(253) Mark: 1 stripe(s), 2 proactive flush(es), 1 terminate flush(es), 1 completion(s), 0 continuation(s) 
[135.287s][info][gc,nmethod  ] GC(253) NMethods: 1482 registered, 0 unregistered
[135.287s][info][gc,metaspace] GC(253) Metaspace: 4M used, 4M capacity, 4M committed, 1032M reserved
[135.287s][info][gc,ref      ] GC(253) Soft: 261 encountered, 0 discovered, 0 enqueued
[135.287s][info][gc,ref      ] GC(253) Weak: 280 encountered, 229 discovered, 0 enqueued
[135.287s][info][gc,ref      ] GC(253) Final: 1 encountered, 0 discovered, 0 enqueued
[135.287s][info][gc,ref      ] GC(253) Phantom: 39 encountered, 30 discovered, 0 enqueued
[135.287s][info][gc,reloc    ] GC(253) Small Pages: 1218 / 2436M(100%), Empty: 2350M(96%), Compacting: 58M(2%)->20M(1%)
[135.287s][info][gc,reloc    ] GC(253) Medium Pages: 0 / 0M(0%), Empty: 0M(0%), Compacting: 0M(0%)->0M(0%)
[135.287s][info][gc,reloc    ] GC(253) Large Pages: 1 / 8M(0%), Empty: 0M(0%), Compacting: 0M(0%)->0M(0%)
[135.287s][info][gc,reloc    ] GC(253) Relocation: Successful
[135.287s][info][gc,heap     ] GC(253) Min Capacity: 42M(1%)
[135.287s][info][gc,heap     ] GC(253) Max Capacity: 4060M(100%)
[135.287s][info][gc,heap     ] GC(253) Soft Max Capacity: 4060M(100%)
[135.287s][info][gc,heap     ] GC(253)                Mark Start          Mark End        Relocate Start      Relocate End           High               Low         
[135.287s][info][gc,heap     ] GC(253)  Capacity:     3192M (79%)        3192M (79%)        3192M (79%)        3192M (79%)        3192M (79%)        3192M (79%)    
[135.287s][info][gc,heap     ] GC(253)   Reserve:       42M (1%)           42M (1%)           42M (1%)           42M (1%)           42M (1%)           42M (1%)     
[135.287s][info][gc,heap     ] GC(253)      Free:     1574M (39%)        1426M (35%)        3750M (92%)        3736M (92%)        3766M (93%)        1416M (35%)    
[135.287s][info][gc,heap     ] GC(253)      Used:     2444M (60%)        2592M (64%)         268M (7%)          282M (7%)         2602M (64%)         252M (6%)     
[135.287s][info][gc,heap     ] GC(253)      Live:         -                49M (1%)           49M (1%)           49M (1%)             -                  -          
[135.287s][info][gc,heap     ] GC(253) Allocated:         -               148M (4%)          174M (4%)          246M (6%)             -                  -          
[135.287s][info][gc,heap     ] GC(253)   Garbage:         -              2394M (59%)          44M (1%)            4M (0%)             -                  -          
[135.287s][info][gc,heap     ] GC(253) Reclaimed:         -                  -              2350M (58%)        2390M (59%)            -                  -          
[135.287s][info][gc          ] GC(253) Garbage Collection (Allocation Rate) 2444M(60%)->282M(7%)
[135.738s][info][gc,start    ] GC(254) Garbage Collection (Allocation Rate)
[135.738s][info][gc,phases   ] GC(254) Pause Mark Start 0.060ms
[135.775s][info][gc,phases   ] GC(254) Concurrent Mark 36.264ms
[135.775s][info][gc,phases   ] GC(254) Pause Mark End 0.228ms
[135.777s][info][gc,phases   ] GC(254) Concurrent Process Non-Strong References 1.447ms
[135.777s][info][gc,phases   ] GC(254) Concurrent Reset Relocation Set 0.055ms
[135.778s][info][gc,phases   ] GC(254) Concurrent Select Relocation Set 1.475ms
[135.778s][info][gc,phases   ] GC(254) Pause Relocate Start 0.043ms
[135.778s][info][gc,phases   ] GC(254) Concurrent Relocate 0.043ms
[135.778s][info][gc,load     ] GC(254) Load: 0.00/0.00/0.00
[135.778s][info][gc,mmu      ] GC(254) MMU: 2ms/77.0%, 5ms/89.5%, 10ms/94.4%, 20ms/97.2%, 50ms/98.7%, 100ms/99.4%
[135.778s][info][gc,marking  ] GC(254) Mark: 1 stripe(s), 2 proactive flush(es), 1 terminate flush(es), 1 completion(s), 0 continuation(s) 
[135.778s][info][gc,nmethod  ] GC(254) NMethods: 1482 registered, 0 unregistered
[135.778s][info][gc,metaspace] GC(254) Metaspace: 4M used, 4M capacity, 4M committed, 1032M reserved
[135.778s][info][gc,ref      ] GC(254) Soft: 261 encountered, 0 discovered, 0 enqueued
[135.778s][info][gc,ref      ] GC(254) Weak: 280 encountered, 229 discovered, 0 enqueued
[135.778s][info][gc,ref      ] GC(254) Final: 1 encountered, 0 discovered, 0 enqueued
[135.778s][info][gc,ref      ] GC(254) Phantom: 39 encountered, 30 discovered, 0 enqueued
[135.778s][info][gc,reloc    ] GC(254) Small Pages: 1219 / 2438M(100%), Empty: 2370M(97%), Compacting: 6M(0%)->2M(0%)
[135.778s][info][gc,reloc    ] GC(254) Medium Pages: 0 / 0M(0%), Empty: 0M(0%), Compacting: 0M(0%)->0M(0%)
[135.778s][info][gc,reloc    ] GC(254) Large Pages: 1 / 8M(0%), Empty: 0M(0%), Compacting: 0M(0%)->0M(0%)
[135.778s][info][gc,reloc    ] GC(254) Relocation: Successful
[135.778s][info][gc,heap     ] GC(254) Min Capacity: 42M(1%)
[135.778s][info][gc,heap     ] GC(254) Max Capacity: 4060M(100%)
[135.778s][info][gc,heap     ] GC(254) Soft Max Capacity: 4060M(100%)
[135.778s][info][gc,heap     ] GC(254)                Mark Start          Mark End        Relocate Start      Relocate End           High               Low         
[135.778s][info][gc,heap     ] GC(254)  Capacity:     3192M (79%)        3192M (79%)        3192M (79%)        3192M (79%)        3192M (79%)        3192M (79%)    
[135.778s][info][gc,heap     ] GC(254)   Reserve:       42M (1%)           42M (1%)           42M (1%)           42M (1%)           42M (1%)           42M (1%)     
[135.778s][info][gc,heap     ] GC(254)      Free:     1572M (39%)        1420M (35%)        3778M (93%)        3776M (93%)        3784M (93%)        1414M (35%)    
[135.778s][info][gc,heap     ] GC(254)      Used:     2446M (60%)        2598M (64%)         240M (6%)          242M (6%)         2604M (64%)         234M (6%)     
[135.778s][info][gc,heap     ] GC(254)      Live:         -                61M (2%)           61M (2%)           61M (2%)             -                  -          
[135.778s][info][gc,heap     ] GC(254) Allocated:         -               152M (4%)          164M (4%)          172M (4%)             -                  -          
[135.779s][info][gc,heap     ] GC(254)   Garbage:         -              2384M (59%)          14M (0%)           16M (0%)             -                  -          
[135.779s][info][gc,heap     ] GC(254) Reclaimed:         -                  -              2370M (58%)        2368M (58%)            -                  -          
[135.779s][info][gc          ] GC(254) Garbage Collection (Allocation Rate) 2446M(60%)->242M(6%)
[136.238s][info][gc,start    ] GC(255) Garbage Collection (Allocation Rate)
[136.239s][info][gc,phases   ] GC(255) Pause Mark Start 0.063ms
[136.279s][info][gc,phases   ] GC(255) Concurrent Mark 40.085ms
[136.279s][info][gc,phases   ] GC(255) Pause Mark End 0.218ms
[136.281s][info][gc,phases   ] GC(255) Concurrent Process Non-Strong References 1.552ms
[136.281s][info][gc,phases   ] GC(255) Concurrent Reset Relocation Set 0.005ms
[136.283s][info][gc,phases   ] GC(255) Concurrent Select Relocation Set 1.928ms
[136.283s][info][gc,phases   ] GC(255) Pause Relocate Start 0.152ms
[136.288s][info][gc,phases   ] GC(255) Concurrent Relocate 4.537ms
[136.288s][info][gc,load     ] GC(255) Load: 0.00/0.00/0.00
[136.288s][info][gc,mmu      ] GC(255) MMU: 2ms/77.0%, 5ms/89.5%, 10ms/94.4%, 20ms/97.2%, 50ms/98.7%, 100ms/99.4%
[136.288s][info][gc,marking  ] GC(255) Mark: 1 stripe(s), 2 proactive flush(es), 1 terminate flush(es), 1 completion(s), 0 continuation(s) 
[136.288s][info][gc,nmethod  ] GC(255) NMethods: 1482 registered, 0 unregistered
[136.288s][info][gc,metaspace] GC(255) Metaspace: 4M used, 4M capacity, 4M committed, 1032M reserved
[136.288s][info][gc,ref      ] GC(255) Soft: 261 encountered, 0 discovered, 0 enqueued
[136.288s][info][gc,ref      ] GC(255) Weak: 280 encountered, 229 discovered, 0 enqueued
[136.288s][info][gc,ref      ] GC(255) Final: 1 encountered, 0 discovered, 0 enqueued
[136.288s][info][gc,ref      ] GC(255) Phantom: 39 encountered, 30 discovered, 0 enqueued
[136.288s][info][gc,reloc    ] GC(255) Small Pages: 1224 / 2448M(100%), Empty: 2352M(96%), Compacting: 32M(1%)->8M(0%)
[136.288s][info][gc,reloc    ] GC(255) Medium Pages: 0 / 0M(0%), Empty: 0M(0%), Compacting: 0M(0%)->0M(0%)
[136.288s][info][gc,reloc    ] GC(255) Large Pages: 1 / 8M(0%), Empty: 0M(0%), Compacting: 0M(0%)->0M(0%)
[136.288s][info][gc,reloc    ] GC(255) Relocation: Successful
[136.288s][info][gc,heap     ] GC(255) Min Capacity: 42M(1%)
[136.288s][info][gc,heap     ] GC(255) Max Capacity: 4060M(100%)
[136.288s][info][gc,heap     ] GC(255) Soft Max Capacity: 4060M(100%)
[136.288s][info][gc,heap     ] GC(255)                Mark Start          Mark End        Relocate Start      Relocate End           High               Low         
[136.288s][info][gc,heap     ] GC(255)  Capacity:     3192M (79%)        3192M (79%)        3192M (79%)        3192M (79%)        3192M (79%)        3192M (79%)    
[136.288s][info][gc,heap     ] GC(255)   Reserve:       42M (1%)           42M (1%)           42M (1%)           42M (1%)           42M (1%)           42M (1%)     
[136.288s][info][gc,heap     ] GC(255)      Free:     1562M (38%)        1370M (34%)        3706M (91%)        3706M (91%)        3714M (91%)        1362M (34%)    
[136.288s][info][gc,heap     ] GC(255)      Used:     2456M (60%)        2648M (65%)         312M (8%)          312M (8%)         2656M (65%)         304M (7%)     
[136.288s][info][gc,heap     ] GC(255)      Live:         -                70M (2%)           70M (2%)           70M (2%)             -                  -          
[136.288s][info][gc,heap     ] GC(255) Allocated:         -               192M (5%)          208M (5%)          240M (6%)             -                  -          
[136.288s][info][gc,heap     ] GC(255)   Garbage:         -              2385M (59%)          33M (1%)           11M (0%)             -                  -          
[136.288s][info][gc,heap     ] GC(255) Reclaimed:         -                  -              2352M (58%)        2374M (58%)            -                  -          
[136.288s][info][gc          ] GC(255) Garbage Collection (Allocation Rate) 2456M(60%)->312M(8%)
[136.838s][info][gc,start    ] GC(256) Garbage Collection (Allocation Rate)
[136.838s][info][gc,phases   ] GC(256) Pause Mark Start 0.071ms
[136.878s][info][gc,phases   ] GC(256) Concurrent Mark 39.613ms
[136.878s][info][gc,phases   ] GC(256) Pause Mark End 0.248ms
[136.880s][info][gc,phases   ] GC(256) Concurrent Process Non-Strong References 1.616ms
[136.880s][info][gc,phases   ] GC(256) Concurrent Reset Relocation Set 0.024ms
[136.882s][info][gc,phases   ] GC(256) Concurrent Select Relocation Set 1.807ms
[136.882s][info][gc,phases   ] GC(256) Pause Relocate Start 0.046ms
[136.891s][info][gc,phases   ] GC(256) Concurrent Relocate 8.289ms
[136.891s][info][gc,load     ] GC(256) Load: 0.00/0.00/0.00
[136.891s][info][gc,mmu      ] GC(256) MMU: 2ms/77.0%, 5ms/89.5%, 10ms/94.4%, 20ms/97.2%, 50ms/98.7%, 100ms/99.4%
[136.891s][info][gc,marking  ] GC(256) Mark: 1 stripe(s), 2 proactive flush(es), 1 terminate flush(es), 1 completion(s), 0 continuation(s) 
[136.891s][info][gc,nmethod  ] GC(256) NMethods: 1482 registered, 0 unregistered
[136.891s][info][gc,metaspace] GC(256) Metaspace: 4M used, 4M capacity, 4M committed, 1032M reserved
[136.891s][info][gc,ref      ] GC(256) Soft: 261 encountered, 0 discovered, 0 enqueued
[136.891s][info][gc,ref      ] GC(256) Weak: 280 encountered, 229 discovered, 0 enqueued
[136.891s][info][gc,ref      ] GC(256) Final: 1 encountered, 0 discovered, 0 enqueued
[136.891s][info][gc,ref      ] GC(256) Phantom: 39 encountered, 30 discovered, 0 enqueued
[136.891s][info][gc,reloc    ] GC(256) Small Pages: 1474 / 2948M(100%), Empty: 2846M(96%), Compacting: 44M(1%)->14M(0%)
[136.891s][info][gc,reloc    ] GC(256) Medium Pages: 0 / 0M(0%), Empty: 0M(0%), Compacting: 0M(0%)->0M(0%)
[136.891s][info][gc,reloc    ] GC(256) Large Pages: 1 / 8M(0%), Empty: 0M(0%), Compacting: 0M(0%)->0M(0%)
[136.891s][info][gc,reloc    ] GC(256) Relocation: Successful
[136.891s][info][gc,heap     ] GC(256) Min Capacity: 42M(1%)
[136.891s][info][gc,heap     ] GC(256) Max Capacity: 4060M(100%)
[136.891s][info][gc,heap     ] GC(256) Soft Max Capacity: 4060M(100%)
[136.891s][info][gc,heap     ] GC(256)                Mark Start          Mark End        Relocate Start      Relocate End           High               Low         
[136.891s][info][gc,heap     ] GC(256)  Capacity:     3192M (79%)        3192M (79%)        3194M (79%)        3194M (79%)        3194M (79%)        3192M (79%)    
[136.891s][info][gc,heap     ] GC(256)   Reserve:       42M (1%)           42M (1%)           42M (1%)           42M (1%)           42M (1%)           42M (1%)     
[136.891s][info][gc,heap     ] GC(256)      Free:     1062M (26%)         872M (21%)        3704M (91%)        3690M (91%)        3712M (91%)         866M (21%)    
[136.891s][info][gc,heap     ] GC(256)      Used:     2956M (73%)        3146M (77%)         314M (8%)          328M (8%)         3152M (78%)         306M (8%)     
[136.891s][info][gc,heap     ] GC(256)      Live:         -                69M (2%)           69M (2%)           69M (2%)             -                  -          
[136.891s][info][gc,heap     ] GC(256) Allocated:         -               190M (5%)          204M (5%)          262M (6%)             -                  -          
[136.891s][info][gc,heap     ] GC(256)   Garbage:         -              2886M (71%)          40M (1%)           16M (0%)             -                  -          
[136.891s][info][gc,heap     ] GC(256) Reclaimed:         -                  -              2846M (70%)        2870M (71%)            -                  -          
[136.891s][info][gc          ] GC(256) Garbage Collection (Allocation Rate) 2956M(73%)->328M(8%)
[137.438s][info][gc,start    ] GC(257) Garbage Collection (Allocation Rate)
[137.438s][info][gc,phases   ] GC(257) Pause Mark Start 0.056ms
[137.478s][info][gc,phases   ] GC(257) Concurrent Mark 39.437ms
[137.478s][info][gc,phases   ] GC(257) Pause Mark End 0.251ms
[137.480s][info][gc,phases   ] GC(257) Concurrent Process Non-Strong References 1.580ms
[137.480s][info][gc,phases   ] GC(257) Concurrent Reset Relocation Set 0.038ms
[137.482s][info][gc,phases   ] GC(257) Concurrent Select Relocation Set 1.682ms
[137.482s][info][gc,phases   ] GC(257) Pause Relocate Start 0.104ms
[137.492s][info][gc,phases   ] GC(257) Concurrent Relocate 9.503ms
[137.492s][info][gc,load     ] GC(257) Load: 0.00/0.00/0.00
[137.492s][info][gc,mmu      ] GC(257) MMU: 2ms/77.0%, 5ms/89.5%, 10ms/94.4%, 20ms/97.2%, 50ms/98.7%, 100ms/99.4%
[137.492s][info][gc,marking  ] GC(257) Mark: 1 stripe(s), 2 proactive flush(es), 1 terminate flush(es), 1 completion(s), 0 continuation(s) 
[137.492s][info][gc,nmethod  ] GC(257) NMethods: 1482 registered, 0 unregistered
[137.492s][info][gc,metaspace] GC(257) Metaspace: 4M used, 4M capacity, 4M committed, 1032M reserved
[137.492s][info][gc,ref      ] GC(257) Soft: 261 encountered, 0 discovered, 0 enqueued
[137.492s][info][gc,ref      ] GC(257) Weak: 280 encountered, 229 discovered, 0 enqueued
[137.492s][info][gc,ref      ] GC(257) Final: 1 encountered, 0 discovered, 0 enqueued
[137.492s][info][gc,ref      ] GC(257) Phantom: 39 encountered, 30 discovered, 0 enqueued
[137.492s][info][gc,reloc    ] GC(257) Small Pages: 1470 / 2940M(100%), Empty: 2832M(96%), Compacting: 52M(2%)->16M(1%)
[137.492s][info][gc,reloc    ] GC(257) Medium Pages: 0 / 0M(0%), Empty: 0M(0%), Compacting: 0M(0%)->0M(0%)
[137.492s][info][gc,reloc    ] GC(257) Large Pages: 1 / 8M(0%), Empty: 0M(0%), Compacting: 0M(0%)->0M(0%)
[137.492s][info][gc,reloc    ] GC(257) Relocation: Successful
[137.492s][info][gc,heap     ] GC(257) Min Capacity: 42M(1%)
[137.492s][info][gc,heap     ] GC(257) Max Capacity: 4060M(100%)
[137.492s][info][gc,heap     ] GC(257) Soft Max Capacity: 4060M(100%)
[137.492s][info][gc,heap     ] GC(257)                Mark Start          Mark End        Relocate Start      Relocate End           High               Low         
[137.492s][info][gc,heap     ] GC(257)  Capacity:     3194M (79%)        3194M (79%)        3194M (79%)        3194M (79%)        3194M (79%)        3194M (79%)    
[137.492s][info][gc,heap     ] GC(257)   Reserve:       42M (1%)           42M (1%)           42M (1%)           42M (1%)           42M (1%)           42M (1%)     
[137.492s][info][gc,heap     ] GC(257)      Free:     1070M (26%)         882M (22%)        3702M (91%)        3692M (91%)        3710M (91%)         874M (22%)    
[137.492s][info][gc,heap     ] GC(257)      Used:     2948M (73%)        3136M (77%)         316M (8%)          326M (8%)         3144M (77%)         308M (8%)     
[137.492s][info][gc,heap     ] GC(257)      Live:         -                69M (2%)           69M (2%)           69M (2%)             -                  -          
[137.492s][info][gc,heap     ] GC(257) Allocated:         -               188M (5%)          200M (5%)          262M (6%)             -                  -          
[137.492s][info][gc,heap     ] GC(257)   Garbage:         -              2878M (71%)          46M (1%)           10M (0%)             -                  -          
[137.492s][info][gc,heap     ] GC(257) Reclaimed:         -                  -              2832M (70%)        2868M (71%)            -                  -          
[137.492s][info][gc          ] GC(257) Garbage Collection (Allocation Rate) 2948M(73%)->326M(8%)
[138.038s][info][gc,start    ] GC(258) Garbage Collection (Allocation Rate)
[138.038s][info][gc,phases   ] GC(258) Pause Mark Start 0.068ms
[138.077s][info][gc,phases   ] GC(258) Concurrent Mark 38.964ms
[138.078s][info][gc,phases   ] GC(258) Pause Mark End 0.240ms
[138.079s][info][gc,phases   ] GC(258) Concurrent Process Non-Strong References 1.616ms
[138.079s][info][gc,phases   ] GC(258) Concurrent Reset Relocation Set 0.030ms
[138.082s][info][gc,phases   ] GC(258) Concurrent Select Relocation Set 2.356ms
[138.082s][info][gc,phases   ] GC(258) Pause Relocate Start 0.062ms
[138.098s][info][gc,phases   ] GC(258) Concurrent Relocate 16.143ms
[138.098s][info][gc,load     ] GC(258) Load: 0.00/0.00/0.00
[138.098s][info][gc,mmu      ] GC(258) MMU: 2ms/77.0%, 5ms/89.5%, 10ms/94.4%, 20ms/97.2%, 50ms/98.7%, 100ms/99.4%
[138.098s][info][gc,marking  ] GC(258) Mark: 1 stripe(s), 2 proactive flush(es), 1 terminate flush(es), 1 completion(s), 0 continuation(s) 
[138.098s][info][gc,nmethod  ] GC(258) NMethods: 1482 registered, 0 unregistered
[138.098s][info][gc,metaspace] GC(258) Metaspace: 4M used, 4M capacity, 4M committed, 1032M reserved
[138.098s][info][gc,ref      ] GC(258) Soft: 261 encountered, 0 discovered, 0 enqueued
[138.098s][info][gc,ref      ] GC(258) Weak: 280 encountered, 229 discovered, 0 enqueued
[138.098s][info][gc,ref      ] GC(258) Final: 1 encountered, 0 discovered, 0 enqueued
[138.098s][info][gc,ref      ] GC(258) Phantom: 39 encountered, 30 discovered, 0 enqueued
[138.098s][info][gc,reloc    ] GC(258) Small Pages: 1476 / 2952M(100%), Empty: 2832M(96%), Compacting: 80M(3%)->28M(1%)
[138.098s][info][gc,reloc    ] GC(258) Medium Pages: 0 / 0M(0%), Empty: 0M(0%), Compacting: 0M(0%)->0M(0%)
[138.098s][info][gc,reloc    ] GC(258) Large Pages: 1 / 8M(0%), Empty: 0M(0%), Compacting: 0M(0%)->0M(0%)
[138.098s][info][gc,reloc    ] GC(258) Relocation: Successful
[138.098s][info][gc,heap     ] GC(258) Min Capacity: 42M(1%)
[138.098s][info][gc,heap     ] GC(258) Max Capacity: 4060M(100%)
[138.098s][info][gc,heap     ] GC(258) Soft Max Capacity: 4060M(100%)
[138.098s][info][gc,heap     ] GC(258)                Mark Start          Mark End        Relocate Start      Relocate End           High               Low         
[138.098s][info][gc,heap     ] GC(258)  Capacity:     3194M (79%)        3194M (79%)        3196M (79%)        3196M (79%)        3196M (79%)        3194M (79%)    
[138.098s][info][gc,heap     ] GC(258)   Reserve:       42M (1%)           42M (1%)           42M (1%)           42M (1%)           42M (1%)           42M (1%)     
[138.098s][info][gc,heap     ] GC(258)      Free:     1058M (26%)         872M (21%)        3688M (91%)        3664M (90%)        3696M (91%)         864M (21%)    
[138.098s][info][gc,heap     ] GC(258)      Used:     2960M (73%)        3146M (77%)         330M (8%)          354M (9%)         3154M (78%)         322M (8%)     
[138.098s][info][gc,heap     ] GC(258)      Live:         -                66M (2%)           66M (2%)           66M (2%)             -                  -          
[138.098s][info][gc,heap     ] GC(258) Allocated:         -               186M (5%)          202M (5%)          306M (8%)             -                  -          
[138.098s][info][gc,heap     ] GC(258)   Garbage:         -              2893M (71%)          61M (2%)            9M (0%)             -                  -          
[138.098s][info][gc,heap     ] GC(258) Reclaimed:         -                  -              2832M (70%)        2884M (71%)            -                  -          
[138.098s][info][gc          ] GC(258) Garbage Collection (Allocation Rate) 2960M(73%)->354M(9%)
[138.538s][info][gc,start    ] GC(259) Garbage Collection (Allocation Rate)
[138.538s][info][gc,phases   ] GC(259) Pause Mark Start 0.060ms
[138.576s][info][gc,phases   ] GC(259) Concurrent Mark 37.503ms
[138.577s][info][gc,phases   ] GC(259) Pause Mark End 0.313ms
[138.578s][info][gc,phases   ] GC(259) Concurrent Process Non-Strong References 1.606ms
[138.578s][info][gc,phases   ] GC(259) Concurrent Reset Relocation Set 0.055ms
[138.581s][info][gc,phases   ] GC(259) Concurrent Select Relocation Set 2.580ms
[138.581s][info][gc,phases   ] GC(259) Pause Relocate Start 0.106ms
[138.615s][info][gc,phases   ] GC(259) Concurrent Relocate 33.817ms
[138.615s][info][gc,load     ] GC(259) Load: 0.00/0.00/0.00
[138.615s][info][gc,mmu      ] GC(259) MMU: 2ms/77.0%, 5ms/89.5%, 10ms/94.4%, 20ms/97.2%, 50ms/98.7%, 100ms/99.4%
[138.615s][info][gc,marking  ] GC(259) Mark: 1 stripe(s), 2 proactive flush(es), 1 terminate flush(es), 1 completion(s), 0 continuation(s) 
[138.615s][info][gc,nmethod  ] GC(259) NMethods: 1482 registered, 0 unregistered
[138.615s][info][gc,metaspace] GC(259) Metaspace: 4M used, 4M capacity, 4M committed, 1032M reserved
[138.615s][info][gc,ref      ] GC(259) Soft: 261 encountered, 0 discovered, 0 enqueued
[138.615s][info][gc,ref      ] GC(259) Weak: 280 encountered, 229 discovered, 0 enqueued
[138.615s][info][gc,ref      ] GC(259) Final: 1 encountered, 0 discovered, 0 enqueued
[138.615s][info][gc,ref      ] GC(259) Phantom: 39 encountered, 30 discovered, 0 enqueued
[138.615s][info][gc,reloc    ] GC(259) Small Pages: 1229 / 2458M(100%), Empty: 2306M(94%), Compacting: 144M(6%)->54M(2%)
[138.615s][info][gc,reloc    ] GC(259) Medium Pages: 0 / 0M(0%), Empty: 0M(0%), Compacting: 0M(0%)->0M(0%)
[138.615s][info][gc,reloc    ] GC(259) Large Pages: 1 / 8M(0%), Empty: 0M(0%), Compacting: 0M(0%)->0M(0%)
[138.615s][info][gc,reloc    ] GC(259) Relocation: Successful
[138.615s][info][gc,heap     ] GC(259) Min Capacity: 42M(1%)
[138.615s][info][gc,heap     ] GC(259) Max Capacity: 4060M(100%)
[138.615s][info][gc,heap     ] GC(259) Soft Max Capacity: 4060M(100%)
[138.615s][info][gc,heap     ] GC(259)                Mark Start          Mark End        Relocate Start      Relocate End           High               Low         
[138.615s][info][gc,heap     ] GC(259)  Capacity:     3196M (79%)        3196M (79%)        3196M (79%)        3196M (79%)        3196M (79%)        3196M (79%)    
[138.615s][info][gc,heap     ] GC(259)   Reserve:       42M (1%)           42M (1%)           42M (1%)           42M (1%)           42M (1%)           42M (1%)     
[138.615s][info][gc,heap     ] GC(259)      Free:     1552M (38%)        1374M (34%)        3662M (90%)        3610M (89%)        3672M (90%)        1366M (34%)    
[138.615s][info][gc,heap     ] GC(259)      Used:     2466M (61%)        2644M (65%)         356M (9%)          408M (10%)        2652M (65%)         346M (9%)     
[138.615s][info][gc,heap     ] GC(259)      Live:         -                61M (2%)           61M (2%)           61M (2%)             -                  -          
[138.615s][info][gc,heap     ] GC(259) Allocated:         -               178M (4%)          196M (5%)          392M (10%)            -                  -          
[138.615s][info][gc,heap     ] GC(259)   Garbage:         -              2404M (59%)          98M (2%)            4M (0%)             -                  -          
[138.615s][info][gc,heap     ] GC(259) Reclaimed:         -                  -              2306M (57%)        2400M (59%)            -                  -          
[138.615s][info][gc          ] GC(259) Garbage Collection (Allocation Rate) 2466M(61%)->408M(10%)
[139.038s][info][gc,start    ] GC(260) Garbage Collection (Allocation Rate)
[139.038s][info][gc,phases   ] GC(260) Pause Mark Start 0.060ms
[139.076s][info][gc,phases   ] GC(260) Concurrent Mark 38.353ms
[139.076s][info][gc,phases   ] GC(260) Pause Mark End 0.256ms
[139.078s][info][gc,phases   ] GC(260) Concurrent Process Non-Strong References 1.610ms
[139.079s][info][gc,phases   ] GC(260) Concurrent Reset Relocation Set 1.041ms
[139.084s][info][gc,phases   ] GC(260) Concurrent Select Relocation Set 4.616ms
[139.084s][info][gc,phases   ] GC(260) Pause Relocate Start 0.058ms
[139.111s][info][gc,phases   ] GC(260) Concurrent Relocate 26.387ms
[139.111s][info][gc,load     ] GC(260) Load: 0.00/0.00/0.00
[139.111s][info][gc,mmu      ] GC(260) MMU: 2ms/77.0%, 5ms/89.5%, 10ms/94.4%, 20ms/97.2%, 50ms/98.7%, 100ms/99.4%
[139.111s][info][gc,marking  ] GC(260) Mark: 1 stripe(s), 2 proactive flush(es), 1 terminate flush(es), 1 completion(s), 0 continuation(s) 
[139.111s][info][gc,nmethod  ] GC(260) NMethods: 1482 registered, 0 unregistered
[139.111s][info][gc,metaspace] GC(260) Metaspace: 4M used, 4M capacity, 4M committed, 1032M reserved
[139.111s][info][gc,ref      ] GC(260) Soft: 261 encountered, 0 discovered, 0 enqueued
[139.111s][info][gc,ref      ] GC(260) Weak: 280 encountered, 229 discovered, 0 enqueued
[139.111s][info][gc,ref      ] GC(260) Final: 1 encountered, 0 discovered, 0 enqueued
[139.111s][info][gc,ref      ] GC(260) Phantom: 39 encountered, 30 discovered, 0 enqueued
[139.111s][info][gc,reloc    ] GC(260) Small Pages: 1200 / 2400M(100%), Empty: 2264M(94%), Compacting: 110M(5%)->40M(2%)
[139.111s][info][gc,reloc    ] GC(260) Medium Pages: 0 / 0M(0%), Empty: 0M(0%), Compacting: 0M(0%)->0M(0%)
[139.111s][info][gc,reloc    ] GC(260) Large Pages: 1 / 8M(0%), Empty: 0M(0%), Compacting: 0M(0%)->0M(0%)
[139.111s][info][gc,reloc    ] GC(260) Relocation: Successful
[139.111s][info][gc,heap     ] GC(260) Min Capacity: 42M(1%)
[139.111s][info][gc,heap     ] GC(260) Max Capacity: 4060M(100%)
[139.111s][info][gc,heap     ] GC(260) Soft Max Capacity: 4060M(100%)
[139.111s][info][gc,heap     ] GC(260)                Mark Start          Mark End        Relocate Start      Relocate End           High               Low         
[139.111s][info][gc,heap     ] GC(260)  Capacity:     3196M (79%)        3196M (79%)        3196M (79%)        3196M (79%)        3196M (79%)        3196M (79%)    
[139.111s][info][gc,heap     ] GC(260)   Reserve:       42M (1%)           42M (1%)           42M (1%)           42M (1%)           42M (1%)           42M (1%)     
[139.111s][info][gc,heap     ] GC(260)      Free:     1610M (40%)        1428M (35%)        3660M (90%)        3608M (89%)        3678M (91%)        1416M (35%)    
[139.111s][info][gc,heap     ] GC(260)      Used:     2408M (59%)        2590M (64%)         358M (9%)          410M (10%)        2602M (64%)         340M (8%)     
[139.111s][info][gc,heap     ] GC(260)      Live:         -                64M (2%)           64M (2%)           64M (2%)             -                  -          
[139.111s][info][gc,heap     ] GC(260) Allocated:         -               182M (4%)          214M (5%)          376M (9%)             -                  -          
[139.111s][info][gc,heap     ] GC(260)   Garbage:         -              2343M (58%)          79M (2%)            7M (0%)             -                  -          
[139.111s][info][gc,heap     ] GC(260) Reclaimed:         -                  -              2264M (56%)        2336M (58%)            -                  -          
[139.111s][info][gc          ] GC(260) Garbage Collection (Allocation Rate) 2408M(59%)->410M(10%)
[139.539s][info][gc,start    ] GC(261) Garbage Collection (Allocation Rate)
[139.539s][info][gc,phases   ] GC(261) Pause Mark Start 0.066ms
[139.576s][info][gc,phases   ] GC(261) Concurrent Mark 36.833ms
[139.576s][info][gc,phases   ] GC(261) Pause Mark End 0.239ms
[139.578s][info][gc,phases   ] GC(261) Concurrent Process Non-Strong References 1.518ms
[139.579s][info][gc,phases   ] GC(261) Concurrent Reset Relocation Set 1.247ms
[139.586s][info][gc,phases   ] GC(261) Concurrent Select Relocation Set 6.782ms
[139.586s][info][gc,phases   ] GC(261) Pause Relocate Start 0.064ms
[139.621s][info][gc,phases   ] GC(261) Concurrent Relocate 34.295ms
[139.621s][info][gc,load     ] GC(261) Load: 0.00/0.00/0.00
[139.621s][info][gc,mmu      ] GC(261) MMU: 2ms/77.0%, 5ms/89.5%, 10ms/94.4%, 20ms/97.2%, 50ms/98.7%, 100ms/99.4%
[139.621s][info][gc,marking  ] GC(261) Mark: 1 stripe(s), 2 proactive flush(es), 1 terminate flush(es), 1 completion(s), 0 continuation(s) 
[139.621s][info][gc,nmethod  ] GC(261) NMethods: 1482 registered, 0 unregistered
[139.621s][info][gc,metaspace] GC(261) Metaspace: 4M used, 4M capacity, 4M committed, 1032M reserved
[139.621s][info][gc,ref      ] GC(261) Soft: 261 encountered, 0 discovered, 0 enqueued
[139.621s][info][gc,ref      ] GC(261) Weak: 280 encountered, 229 discovered, 0 enqueued
[139.621s][info][gc,ref      ] GC(261) Final: 1 encountered, 0 discovered, 0 enqueued
[139.621s][info][gc,ref      ] GC(261) Phantom: 39 encountered, 30 discovered, 0 enqueued
[139.621s][info][gc,reloc    ] GC(261) Small Pages: 1228 / 2456M(100%), Empty: 2306M(94%), Compacting: 146M(6%)->54M(2%)
[139.621s][info][gc,reloc    ] GC(261) Medium Pages: 0 / 0M(0%), Empty: 0M(0%), Compacting: 0M(0%)->0M(0%)
[139.621s][info][gc,reloc    ] GC(261) Large Pages: 1 / 8M(0%), Empty: 0M(0%), Compacting: 0M(0%)->0M(0%)
[139.621s][info][gc,reloc    ] GC(261) Relocation: Successful
[139.621s][info][gc,heap     ] GC(261) Min Capacity: 42M(1%)
[139.621s][info][gc,heap     ] GC(261) Max Capacity: 4060M(100%)
[139.621s][info][gc,heap     ] GC(261) Soft Max Capacity: 4060M(100%)
[139.621s][info][gc,heap     ] GC(261)                Mark Start          Mark End        Relocate Start      Relocate End           High               Low         
[139.621s][info][gc,heap     ] GC(261)  Capacity:     3196M (79%)        3196M (79%)        3196M (79%)        3196M (79%)        3196M (79%)        3196M (79%)    
[139.621s][info][gc,heap     ] GC(261)   Reserve:       42M (1%)           42M (1%)           42M (1%)           42M (1%)           42M (1%)           42M (1%)     
[139.621s][info][gc,heap     ] GC(261)      Free:     1554M (38%)        1382M (34%)        3642M (90%)        3590M (88%)        3674M (90%)        1370M (34%)    
[139.621s][info][gc,heap     ] GC(261)      Used:     2464M (61%)        2636M (65%)         376M (9%)          428M (11%)        2648M (65%)         344M (8%)     
[139.621s][info][gc,heap     ] GC(261)      Live:         -                58M (1%)           58M (1%)           58M (1%)             -                  -          
[139.621s][info][gc,heap     ] GC(261) Allocated:         -               172M (4%)          218M (5%)          416M (10%)            -                  -          
[139.621s][info][gc,heap     ] GC(261)   Garbage:         -              2405M (59%)          99M (2%)            3M (0%)             -                  -          
[139.621s][info][gc,heap     ] GC(261) Reclaimed:         -                  -              2306M (57%)        2402M (59%)            -                  -          
[139.621s][info][gc          ] GC(261) Garbage Collection (Allocation Rate) 2464M(61%)->428M(11%)
[140.038s][info][gc,stats    ] === Garbage Collection Statistics =======================================================================================================================
[140.038s][info][gc,start    ] GC(262) Garbage Collection (Allocation Rate)
[140.038s][info][gc,stats    ]                                                              Last 10s              Last 10m              Last 10h                Total
[140.038s][info][gc,stats    ]                                                              Avg / Max             Avg / Max             Avg / Max             Avg / Max
[140.038s][info][gc,stats    ]   Collector: Garbage Collection Cycle                     62.981 / 81.852       63.237 / 153.808      63.237 / 153.808      63.237 / 153.808     ms
[140.038s][info][gc,stats    ]  Contention: Mark Segment Reset Contention                     0 / 0                 0 / 0                 0 / 0                 0 / 0           ops/s
[140.038s][info][gc,stats    ]  Contention: Mark SeqNum Reset Contention                      0 / 0                 0 / 0                 0 / 0                 0 / 0           ops/s
[140.038s][info][gc,stats    ]  Contention: Relocation Contention                             0 / 1                 0 / 2                 0 / 2                 0 / 2           ops/s
[140.038s][info][gc,stats    ]    Critical: Allocation Stall                              0.000 / 0.000         0.000 / 0.000         0.000 / 0.000         0.000 / 0.000       ms
[140.038s][info][gc,stats    ]    Critical: Allocation Stall                                  0 / 0                 0 / 0                 0 / 0                 0 / 0           ops/s
[140.038s][info][gc,stats    ]    Critical: GC Locker Stall                               0.000 / 0.000         0.000 / 0.000         0.000 / 0.000         0.000 / 0.000       ms
[140.038s][info][gc,stats    ]    Critical: GC Locker Stall                                   0 / 0                 0 / 0                 0 / 0                 0 / 0           ops/s
[140.038s][info][gc,stats    ]      Memory: Allocation Rate                                4731 / 4792           4600 / 4810           4600 / 4810           4600 / 4810        MB/s
[140.039s][info][gc,stats    ]      Memory: Heap Used After Mark                           2799 / 3146           2687 / 3146           2687 / 3146           2687 / 3146        MB
[140.039s][info][gc,stats    ]      Memory: Heap Used After Relocation                      351 / 428             337 / 476             337 / 476             337 / 476         MB
[140.039s][info][gc,stats    ]      Memory: Heap Used Before Mark                          2622 / 2960           2518 / 2962           2518 / 2962           2518 / 2962        MB
[140.039s][info][gc,stats    ]      Memory: Heap Used Before Relocation                     323 / 376             313 / 384             313 / 384             313 / 384         MB
[140.039s][info][gc,stats    ]      Memory: Out Of Memory                                     0 / 0                 0 / 0                 0 / 0                 0 / 0           ops/s
[140.039s][info][gc,stats    ]      Memory: Page Cache Flush                                  0 / 0                 0 / 0                 0 / 0                 0 / 0           MB/s
[140.039s][info][gc,stats    ]      Memory: Page Cache Hit L1                              2391 / 2429           2313 / 2439           2313 / 2439           2313 / 2439        ops/s
[140.039s][info][gc,stats    ]      Memory: Page Cache Hit L2                                 0 / 0                 0 / 0                 0 / 0                 0 / 0           ops/s
[140.039s][info][gc,stats    ]      Memory: Page Cache Hit L3                                 0 / 0                 0 / 103               0 / 103               0 / 103         ops/s
[140.039s][info][gc,stats    ]      Memory: Page Cache Miss                                   0 / 0                 0 / 0                 0 / 0                 0 / 0           ops/s
[140.039s][info][gc,stats    ]      Memory: Uncommit                                          0 / 0                 0 / 0                 0 / 0                 0 / 0           MB/s
[140.039s][info][gc,stats    ]      Memory: Undo Object Allocation Failed                     0 / 0                 0 / 0                 0 / 0                 0 / 0           ops/s
[140.039s][info][gc,stats    ]      Memory: Undo Object Allocation Succeeded                  0 / 1                 0 / 2                 0 / 2                 0 / 2           ops/s
[140.039s][info][gc,stats    ]      Memory: Undo Page Allocation                              0 / 0                 0 / 0                 0 / 0                 0 / 0           ops/s
[140.039s][info][gc,stats    ]       Phase: Concurrent Mark                              38.525 / 47.948       39.836 / 106.230      39.836 / 106.230      39.836 / 106.230     ms
[140.039s][info][gc,stats    ]       Phase: Concurrent Mark Continue                      0.000 / 0.000         0.000 / 0.000         0.000 / 0.000         0.000 / 0.000       ms
[140.039s][info][gc,stats    ]       Phase: Concurrent Process Non-Strong References      1.570 / 1.766         1.635 / 3.379         1.635 / 3.379         1.635 / 3.379       ms
[140.039s][info][gc,stats    ]       Phase: Concurrent Relocate                          18.361 / 34.295       16.729 / 40.994       16.729 / 40.994       16.729 / 40.994      ms
[140.039s][info][gc,stats    ]       Phase: Concurrent Reset Relocation Set               0.352 / 1.247         0.464 / 1.503         0.464 / 1.503         0.464 / 1.503       ms
[140.039s][info][gc,phases   ] GC(262) Pause Mark Start 0.068ms
[140.039s][info][gc,stats    ]       Phase: Concurrent Select Relocation Set              3.031 / 6.782         3.401 / 7.978         3.401 / 7.978         3.401 / 7.978       ms
[140.039s][info][gc,stats    ]       Phase: Pause Mark End                                0.250 / 0.322         0.259 / 0.459         0.259 / 0.459         0.259 / 0.459       ms
[140.039s][info][gc,stats    ]       Phase: Pause Mark Start                              0.060 / 0.071         0.069 / 0.289         0.069 / 0.289         0.069 / 0.289       ms
[140.039s][info][gc,stats    ]       Phase: Pause Relocate Start                          0.076 / 0.152         0.071 / 0.152         0.071 / 0.152         0.071 / 0.152       ms
[140.039s][info][gc,stats    ]    Subphase: Concurrent Classes Purge                      0.092 / 0.160         0.090 / 0.200         0.090 / 0.200         0.090 / 0.200       ms
[140.039s][info][gc,stats    ]    Subphase: Concurrent Classes Unlink                     1.173 / 1.289         1.214 / 2.988         1.214 / 2.988         1.214 / 2.988       ms
[140.039s][info][gc,stats    ]    Subphase: Concurrent Mark                              38.402 / 47.781       39.702 / 106.127      39.702 / 106.127      39.702 / 106.127     ms
[140.039s][info][gc,stats    ]    Subphase: Concurrent Mark Idle                          0.000 / 0.000         0.000 / 0.000         0.000 / 0.000         0.000 / 0.000       ms
[140.039s][info][gc,stats    ]    Subphase: Concurrent Mark Try Flush                     0.076 / 0.114         0.071 / 0.160         0.071 / 0.160         0.071 / 0.160       ms
[140.039s][info][gc,stats    ]    Subphase: Concurrent Mark Try Terminate                 0.036 / 0.098         0.032 / 0.107         0.032 / 0.107         0.032 / 0.107       ms
[140.039s][info][gc,stats    ]    Subphase: Concurrent References Enqueue                 0.000 / 0.000         0.000 / 0.002         0.000 / 0.002         0.000 / 0.002       ms
[140.039s][info][gc,stats    ]    Subphase: Concurrent References Process                 0.054 / 0.079         0.057 / 0.131         0.057 / 0.131         0.057 / 0.131       ms
[140.039s][info][gc,stats    ]    Subphase: Concurrent Roots                              0.041 / 0.055         0.049 / 0.196         0.049 / 0.196         0.049 / 0.196       ms
[140.039s][info][gc,stats    ]    Subphase: Concurrent Roots ClassLoaderDataGraph         0.037 / 0.049         0.044 / 0.184         0.044 / 0.184         0.044 / 0.184       ms
[140.039s][info][gc,stats    ]    Subphase: Concurrent Roots JNIHandles                   0.002 / 0.002         0.002 / 0.009         0.002 / 0.009         0.002 / 0.009       ms
[140.039s][info][gc,stats    ]    Subphase: Concurrent Roots Setup                        0.002 / 0.003         0.003 / 0.010         0.003 / 0.010         0.003 / 0.010       ms
[140.039s][info][gc,stats    ]    Subphase: Concurrent Roots Teardown                     0.000 / 0.000         0.000 / 0.000         0.000 / 0.000         0.000 / 0.000       ms
[140.039s][info][gc,stats    ]    Subphase: Concurrent Roots VMHandles                    0.002 / 0.002         0.002 / 0.007         0.002 / 0.007         0.002 / 0.007       ms
[140.039s][info][gc,stats    ]    Subphase: Concurrent Weak Roots                         0.143 / 0.153         0.167 / 0.433         0.167 / 0.433         0.167 / 0.433       ms
[140.039s][info][gc,stats    ]    Subphase: Concurrent Weak Roots JNIWeakHandles          0.000 / 0.001         0.000 / 0.001         0.000 / 0.001         0.000 / 0.001       ms
[140.039s][info][gc,stats    ]    Subphase: Concurrent Weak Roots ResolvedMethodTable     0.005 / 0.006         0.006 / 0.018         0.006 / 0.018         0.006 / 0.018       ms
[140.039s][info][gc,stats    ]    Subphase: Concurrent Weak Roots StringTable             0.135 / 0.143         0.158 / 0.416         0.158 / 0.416         0.158 / 0.416       ms
[140.039s][info][gc,stats    ]    Subphase: Concurrent Weak Roots VMWeakHandles           0.002 / 0.002         0.002 / 0.010         0.002 / 0.010         0.002 / 0.010       ms
[140.039s][info][gc,stats    ]    Subphase: Pause Mark Try Complete                       0.134 / 0.144         0.147 / 0.348         0.147 / 0.348         0.147 / 0.348       ms
[140.039s][info][gc,stats    ]    Subphase: Pause Roots                                   0.012 / 0.091         0.013 / 0.246         0.013 / 0.246         0.013 / 0.246       ms
[140.039s][info][gc,stats    ]    Subphase: Pause Roots CodeCache                         0.000 / 0.000         0.000 / 0.000         0.000 / 0.000         0.000 / 0.000       ms
[140.039s][info][gc,stats    ]    Subphase: Pause Roots JVMTIExport                       0.001 / 0.001         0.001 / 0.004         0.001 / 0.004         0.001 / 0.004       ms
[140.039s][info][gc,stats    ]    Subphase: Pause Roots JVMTIWeakExport                   0.001 / 0.001         0.001 / 0.003         0.001 / 0.003         0.001 / 0.003       ms
[140.039s][info][gc,stats    ]    Subphase: Pause Roots Java Threads                      0.018 / 0.084         0.019 / 0.246         0.019 / 0.246         0.019 / 0.246       ms
[140.039s][info][gc,stats    ]    Subphase: Pause Roots Management                        0.001 / 0.002         0.001 / 0.004         0.001 / 0.004         0.001 / 0.004       ms
[140.039s][info][gc,stats    ]    Subphase: Pause Roots ObjectSynchronizer                0.000 / 0.001         0.000 / 0.022         0.000 / 0.022         0.000 / 0.022       ms
[140.039s][info][gc,stats    ]    Subphase: Pause Roots Setup                             0.000 / 0.001         0.000 / 0.002         0.000 / 0.002         0.000 / 0.002       ms
[140.039s][info][gc,stats    ]    Subphase: Pause Roots Teardown                          0.000 / 0.001         0.000 / 0.002         0.000 / 0.002         0.000 / 0.002       ms
[140.039s][info][gc,stats    ]    Subphase: Pause Roots Universe                          0.001 / 0.003         0.001 / 0.015         0.001 / 0.015         0.001 / 0.015       ms
[140.039s][info][gc,stats    ]    Subphase: Pause Roots VM Thread                         0.001 / 0.001         0.001 / 0.003         0.001 / 0.003         0.001 / 0.003       ms
[140.039s][info][gc,stats    ]    Subphase: Pause Weak Roots                              0.003 / 0.016         0.003 / 0.086         0.003 / 0.086         0.003 / 0.086       ms
[140.039s][info][gc,stats    ]    Subphase: Pause Weak Roots JFRWeak                      0.011 / 0.015         0.012 / 0.082         0.012 / 0.082         0.012 / 0.082       ms
[140.039s][info][gc,stats    ]    Subphase: Pause Weak Roots JVMTIWeakExport              0.001 / 0.001         0.001 / 0.006         0.001 / 0.006         0.001 / 0.006       ms
[140.039s][info][gc,stats    ]    Subphase: Pause Weak Roots Setup                        0.000 / 0.000         0.000 / 0.001         0.000 / 0.001         0.000 / 0.001       ms
[140.039s][info][gc,stats    ]    Subphase: Pause Weak Roots Teardown                     0.000 / 0.000         0.000 / 0.000         0.000 / 0.000         0.000 / 0.000       ms
[140.039s][info][gc,stats    ]      System: Java Threads                                     14 / 14               14 / 15               14 / 15               14 / 15          threads
[140.039s][info][gc,stats    ] =========================================================================================================================================================
[140.075s][info][gc,phases   ] GC(262) Concurrent Mark 36.448ms
[140.075s][info][gc,phases   ] GC(262) Pause Mark End 0.230ms
[140.077s][info][gc,phases   ] GC(262) Concurrent Process Non-Strong References 1.542ms
[140.078s][info][gc,phases   ] GC(262) Concurrent Reset Relocation Set 1.072ms
[140.084s][info][gc,phases   ] GC(262) Concurrent Select Relocation Set 5.391ms
[140.084s][info][gc,phases   ] GC(262) Pause Relocate Start 0.084ms
[140.114s][info][gc,phases   ] GC(262) Concurrent Relocate 30.231ms
[140.114s][info][gc,load     ] GC(262) Load: 0.00/0.00/0.00
[140.114s][info][gc,mmu      ] GC(262) MMU: 2ms/77.0%, 5ms/89.5%, 10ms/94.4%, 20ms/97.2%, 50ms/98.7%, 100ms/99.4%
[140.114s][info][gc,marking  ] GC(262) Mark: 1 stripe(s), 2 proactive flush(es), 1 terminate flush(es), 1 completion(s), 0 continuation(s) 
[140.114s][info][gc,nmethod  ] GC(262) NMethods: 1482 registered, 0 unregistered
[140.114s][info][gc,metaspace] GC(262) Metaspace: 4M used, 4M capacity, 4M committed, 1032M reserved
[140.114s][info][gc,ref      ] GC(262) Soft: 261 encountered, 0 discovered, 0 enqueued
[140.114s][info][gc,ref      ] GC(262) Weak: 280 encountered, 229 discovered, 0 enqueued
[140.114s][info][gc,ref      ] GC(262) Final: 1 encountered, 0 discovered, 0 enqueued
[140.114s][info][gc,ref      ] GC(262) Phantom: 39 encountered, 30 discovered, 0 enqueued
[140.114s][info][gc,reloc    ] GC(262) Small Pages: 1209 / 2418M(100%), Empty: 2268M(93%), Compacting: 146M(6%)->52M(2%)
[140.114s][info][gc,reloc    ] GC(262) Medium Pages: 0 / 0M(0%), Empty: 0M(0%), Compacting: 0M(0%)->0M(0%)
[140.114s][info][gc,reloc    ] GC(262) Large Pages: 1 / 8M(0%), Empty: 0M(0%), Compacting: 0M(0%)->0M(0%)
[140.114s][info][gc,reloc    ] GC(262) Relocation: Successful
[140.114s][info][gc,heap     ] GC(262) Min Capacity: 42M(1%)
[140.114s][info][gc,heap     ] GC(262) Max Capacity: 4060M(100%)
[140.114s][info][gc,heap     ] GC(262) Soft Max Capacity: 4060M(100%)
[140.114s][info][gc,heap     ] GC(262)                Mark Start          Mark End        Relocate Start      Relocate End           High               Low         
[140.114s][info][gc,heap     ] GC(262)  Capacity:     3196M (79%)        3196M (79%)        3196M (79%)        3196M (79%)        3196M (79%)        3196M (79%)    
[140.114s][info][gc,heap     ] GC(262)   Reserve:       42M (1%)           42M (1%)           42M (1%)           42M (1%)           42M (1%)           42M (1%)     
[140.114s][info][gc,heap     ] GC(262)      Free:     1592M (39%)        1420M (35%)        3652M (90%)        3604M (89%)        3676M (91%)        1410M (35%)    
[140.114s][info][gc,heap     ] GC(262)      Used:     2426M (60%)        2598M (64%)         366M (9%)          414M (10%)        2608M (64%)         342M (8%)     
[140.114s][info][gc,heap     ] GC(262)      Live:         -                57M (1%)           57M (1%)           57M (1%)             -                  -          
[140.114s][info][gc,heap     ] GC(262) Allocated:         -               172M (4%)          208M (5%)          402M (10%)            -                  -          
[140.114s][info][gc,heap     ] GC(262)   Garbage:         -              2368M (58%)         100M (2%)            4M (0%)             -                  -          
[140.114s][info][gc,heap     ] GC(262) Reclaimed:         -                  -              2268M (56%)        2364M (58%)            -                  -          
[140.114s][info][gc          ] GC(262) Garbage Collection (Allocation Rate) 2426M(60%)->414M(10%)
[140.539s][info][gc,start    ] GC(263) Garbage Collection (Allocation Rate)
[140.539s][info][gc,phases   ] GC(263) Pause Mark Start 0.057ms
[140.567s][info][gc,phases   ] GC(263) Concurrent Mark 27.773ms
[140.567s][info][gc,phases   ] GC(263) Pause Mark End 0.235ms
[140.569s][info][gc,phases   ] GC(263) Concurrent Process Non-Strong References 1.573ms
[140.569s][info][gc,phases   ] GC(263) Concurrent Reset Relocation Set 0.812ms
[140.571s][info][gc,phases   ] GC(263) Concurrent Select Relocation Set 1.959ms
[140.572s][info][gc,phases   ] GC(263) Pause Relocate Start 0.063ms
[140.572s][info][gc,phases   ] GC(263) Concurrent Relocate 0.669ms
[140.572s][info][gc,load     ] GC(263) Load: 0.00/0.00/0.00
[140.572s][info][gc,mmu      ] GC(263) MMU: 2ms/77.0%, 5ms/89.5%, 10ms/94.4%, 20ms/97.2%, 50ms/98.7%, 100ms/99.4%
[140.572s][info][gc,marking  ] GC(263) Mark: 1 stripe(s), 2 proactive flush(es), 1 terminate flush(es), 1 completion(s), 0 continuation(s) 
[140.572s][info][gc,nmethod  ] GC(263) NMethods: 1482 registered, 0 unregistered
[140.572s][info][gc,metaspace] GC(263) Metaspace: 4M used, 4M capacity, 4M committed, 1032M reserved
[140.572s][info][gc,ref      ] GC(263) Soft: 261 encountered, 0 discovered, 0 enqueued
[140.572s][info][gc,ref      ] GC(263) Weak: 280 encountered, 229 discovered, 0 enqueued
[140.572s][info][gc,ref      ] GC(263) Final: 1 encountered, 0 discovered, 0 enqueued
[140.572s][info][gc,ref      ] GC(263) Phantom: 39 encountered, 30 discovered, 0 enqueued
[140.572s][info][gc,reloc    ] GC(263) Small Pages: 1225 / 2450M(100%), Empty: 2398M(98%), Compacting: 12M(0%)->2M(0%)
[140.572s][info][gc,reloc    ] GC(263) Medium Pages: 0 / 0M(0%), Empty: 0M(0%), Compacting: 0M(0%)->0M(0%)
[140.572s][info][gc,reloc    ] GC(263) Large Pages: 1 / 8M(0%), Empty: 0M(0%), Compacting: 0M(0%)->0M(0%)
[140.572s][info][gc,reloc    ] GC(263) Relocation: Successful
[140.572s][info][gc,heap     ] GC(263) Min Capacity: 42M(1%)
[140.572s][info][gc,heap     ] GC(263) Max Capacity: 4060M(100%)
[140.572s][info][gc,heap     ] GC(263) Soft Max Capacity: 4060M(100%)
[140.572s][info][gc,heap     ] GC(263)                Mark Start          Mark End        Relocate Start      Relocate End           High               Low         
[140.572s][info][gc,heap     ] GC(263)  Capacity:     3196M (79%)        3196M (79%)        3196M (79%)        3196M (79%)        3196M (79%)        3196M (79%)    
[140.572s][info][gc,heap     ] GC(263)   Reserve:       42M (1%)           42M (1%)           42M (1%)           42M (1%)           42M (1%)           42M (1%)     
[140.572s][info][gc,heap     ] GC(263)      Free:     1560M (38%)        1426M (35%)        3804M (94%)        3810M (94%)        3812M (94%)        1416M (35%)    
[140.572s][info][gc,heap     ] GC(263)      Used:     2458M (61%)        2592M (64%)         214M (5%)          208M (5%)         2602M (64%)         206M (5%)     
[140.572s][info][gc,heap     ] GC(263)      Live:         -                43M (1%)           43M (1%)           43M (1%)             -                  -          
[140.572s][info][gc,heap     ] GC(263) Allocated:         -               134M (3%)          154M (4%)          160M (4%)             -                  -          
[140.572s][info][gc,heap     ] GC(263)   Garbage:         -              2414M (59%)          16M (0%)            8M (0%)             -                  -          
[140.573s][info][gc,heap     ] GC(263) Reclaimed:         -                  -              2398M (59%)        2406M (59%)            -                  -          
[140.573s][info][gc          ] GC(263) Garbage Collection (Allocation Rate) 2458M(61%)->208M(5%)
[141.038s][info][gc,start    ] GC(264) Garbage Collection (Allocation Rate)
[141.038s][info][gc,phases   ] GC(264) Pause Mark Start 0.060ms
[141.086s][info][gc,phases   ] GC(264) Concurrent Mark 47.947ms
[141.086s][info][gc,phases   ] GC(264) Pause Mark End 0.236ms
[141.088s][info][gc,phases   ] GC(264) Concurrent Process Non-Strong References 1.576ms
[141.088s][info][gc,phases   ] GC(264) Concurrent Reset Relocation Set 0.022ms
[141.090s][info][gc,phases   ] GC(264) Concurrent Select Relocation Set 1.516ms
[141.090s][info][gc,phases   ] GC(264) Pause Relocate Start 0.057ms
[141.091s][info][gc,phases   ] GC(264) Concurrent Relocate 1.282ms
[141.091s][info][gc,load     ] GC(264) Load: 0.00/0.00/0.00
[141.091s][info][gc,mmu      ] GC(264) MMU: 2ms/77.0%, 5ms/89.5%, 10ms/94.4%, 20ms/97.2%, 50ms/98.7%, 100ms/99.4%
[141.091s][info][gc,marking  ] GC(264) Mark: 1 stripe(s), 2 proactive flush(es), 1 terminate flush(es), 1 completion(s), 0 continuation(s) 
[141.091s][info][gc,nmethod  ] GC(264) NMethods: 1483 registered, 0 unregistered
[141.091s][info][gc,metaspace] GC(264) Metaspace: 4M used, 4M capacity, 4M committed, 1032M reserved
[141.091s][info][gc,ref      ] GC(264) Soft: 261 encountered, 0 discovered, 0 enqueued
[141.091s][info][gc,ref      ] GC(264) Weak: 280 encountered, 229 discovered, 0 enqueued
[141.091s][info][gc,ref      ] GC(264) Final: 1 encountered, 0 discovered, 0 enqueued
[141.091s][info][gc,ref      ] GC(264) Phantom: 39 encountered, 30 discovered, 0 enqueued
[141.091s][info][gc,reloc    ] GC(264) Small Pages: 1218 / 2436M(100%), Empty: 2354M(96%), Compacting: 8M(0%)->2M(0%)
[141.091s][info][gc,reloc    ] GC(264) Medium Pages: 0 / 0M(0%), Empty: 0M(0%), Compacting: 0M(0%)->0M(0%)
[141.091s][info][gc,reloc    ] GC(264) Large Pages: 1 / 8M(0%), Empty: 0M(0%), Compacting: 0M(0%)->0M(0%)
[141.091s][info][gc,reloc    ] GC(264) Relocation: Successful
[141.091s][info][gc,heap     ] GC(264) Min Capacity: 42M(1%)
[141.091s][info][gc,heap     ] GC(264) Max Capacity: 4060M(100%)
[141.091s][info][gc,heap     ] GC(264) Soft Max Capacity: 4060M(100%)
[141.091s][info][gc,heap     ] GC(264)                Mark Start          Mark End        Relocate Start      Relocate End           High               Low         
[141.091s][info][gc,heap     ] GC(264)  Capacity:     3196M (79%)        3196M (79%)        3196M (79%)        3196M (79%)        3196M (79%)        3196M (79%)    
[141.091s][info][gc,heap     ] GC(264)   Reserve:       42M (1%)           42M (1%)           42M (1%)           42M (1%)           42M (1%)           42M (1%)     
[141.091s][info][gc,heap     ] GC(264)      Free:     1574M (39%)        1382M (34%)        3720M (92%)        3722M (92%)        3726M (92%)        1374M (34%)    
[141.091s][info][gc,heap     ] GC(264)      Used:     2444M (60%)        2636M (65%)         298M (7%)          296M (7%)         2644M (65%)         292M (7%)     
[141.091s][info][gc,heap     ] GC(264)      Live:         -                73M (2%)           73M (2%)           73M (2%)             -                  -          
[141.091s][info][gc,heap     ] GC(264) Allocated:         -               192M (5%)          208M (5%)          214M (5%)             -                  -          
[141.091s][info][gc,heap     ] GC(264)   Garbage:         -              2370M (58%)          16M (0%)           10M (0%)             -                  -          
[141.091s][info][gc,heap     ] GC(264) Reclaimed:         -                  -              2354M (58%)        2360M (58%)            -                  -          
[141.091s][info][gc          ] GC(264) Garbage Collection (Allocation Rate) 2444M(60%)->296M(7%)
[141.538s][info][gc,start    ] GC(265) Garbage Collection (Allocation Rate)
[141.539s][info][gc,phases   ] GC(265) Pause Mark Start 0.047ms
[141.578s][info][gc,phases   ] GC(265) Concurrent Mark 39.773ms
[141.579s][info][gc,phases   ] GC(265) Pause Mark End 0.208ms
[141.581s][info][gc,phases   ] GC(265) Concurrent Process Non-Strong References 1.690ms
[141.581s][info][gc,phases   ] GC(265) Concurrent Reset Relocation Set 0.024ms
[141.583s][info][gc,phases   ] GC(265) Concurrent Select Relocation Set 2.296ms
[141.583s][info][gc,phases   ] GC(265) Pause Relocate Start 0.070ms
[141.588s][info][gc,phases   ] GC(265) Concurrent Relocate 4.186ms
[141.588s][info][gc,load     ] GC(265) Load: 0.00/0.00/0.00
[141.588s][info][gc,mmu      ] GC(265) MMU: 2ms/77.0%, 5ms/89.5%, 10ms/94.4%, 20ms/97.2%, 50ms/98.7%, 100ms/99.4%
[141.588s][info][gc,marking  ] GC(265) Mark: 1 stripe(s), 2 proactive flush(es), 1 terminate flush(es), 1 completion(s), 0 continuation(s) 
[141.588s][info][gc,nmethod  ] GC(265) NMethods: 1483 registered, 0 unregistered
[141.588s][info][gc,metaspace] GC(265) Metaspace: 4M used, 4M capacity, 4M committed, 1032M reserved
[141.588s][info][gc,ref      ] GC(265) Soft: 261 encountered, 0 discovered, 0 enqueued
[141.588s][info][gc,ref      ] GC(265) Weak: 280 encountered, 229 discovered, 0 enqueued
[141.588s][info][gc,ref      ] GC(265) Final: 1 encountered, 0 discovered, 0 enqueued
[141.588s][info][gc,ref      ] GC(265) Phantom: 39 encountered, 30 discovered, 0 enqueued
[141.588s][info][gc,reloc    ] GC(265) Small Pages: 1221 / 2442M(100%), Empty: 2352M(96%), Compacting: 24M(1%)->8M(0%)
[141.588s][info][gc,reloc    ] GC(265) Medium Pages: 0 / 0M(0%), Empty: 0M(0%), Compacting: 0M(0%)->0M(0%)
[141.588s][info][gc,reloc    ] GC(265) Large Pages: 1 / 8M(0%), Empty: 0M(0%), Compacting: 0M(0%)->0M(0%)
[141.588s][info][gc,reloc    ] GC(265) Relocation: Successful
[141.588s][info][gc,heap     ] GC(265) Min Capacity: 42M(1%)
[141.588s][info][gc,heap     ] GC(265) Max Capacity: 4060M(100%)
[141.588s][info][gc,heap     ] GC(265) Soft Max Capacity: 4060M(100%)
[141.588s][info][gc,heap     ] GC(265)                Mark Start          Mark End        Relocate Start      Relocate End           High               Low         
[141.588s][info][gc,heap     ] GC(265)  Capacity:     3196M (79%)        3196M (79%)        3196M (79%)        3196M (79%)        3196M (79%)        3196M (79%)    
[141.588s][info][gc,heap     ] GC(265)   Reserve:       42M (1%)           42M (1%)           42M (1%)           42M (1%)           42M (1%)           42M (1%)     
[141.588s][info][gc,heap     ] GC(265)      Free:     1568M (39%)        1376M (34%)        3710M (91%)        3702M (91%)        3720M (92%)        1368M (34%)    
[141.588s][info][gc,heap     ] GC(265)      Used:     2450M (60%)        2642M (65%)         308M (8%)          316M (8%)         2650M (65%)         298M (7%)     
[141.588s][info][gc,heap     ] GC(265)      Live:         -                70M (2%)           70M (2%)           70M (2%)             -                  -          
[141.588s][info][gc,heap     ] GC(265) Allocated:         -               192M (5%)          210M (5%)          242M (6%)             -                  -          
[141.588s][info][gc,heap     ] GC(265)   Garbage:         -              2379M (59%)          27M (1%)           15M (0%)             -                  -          
[141.588s][info][gc,heap     ] GC(265) Reclaimed:         -                  -              2352M (58%)        2364M (58%)            -                  -          
[141.588s][info][gc          ] GC(265) Garbage Collection (Allocation Rate) 2450M(60%)->316M(8%)
[142.038s][info][gc,start    ] GC(266) Garbage Collection (Allocation Rate)
[142.038s][info][gc,phases   ] GC(266) Pause Mark Start 0.063ms
[142.077s][info][gc,phases   ] GC(266) Concurrent Mark 38.047ms
[142.077s][info][gc,phases   ] GC(266) Pause Mark End 0.243ms
[142.078s][info][gc,phases   ] GC(266) Concurrent Process Non-Strong References 1.510ms
[142.078s][info][gc,phases   ] GC(266) Concurrent Reset Relocation Set 0.029ms
[142.082s][info][gc,phases   ] GC(266) Concurrent Select Relocation Set 3.629ms
[142.082s][info][gc,phases   ] GC(266) Pause Relocate Start 0.063ms
[142.108s][info][gc,phases   ] GC(266) Concurrent Relocate 25.075ms
[142.108s][info][gc,load     ] GC(266) Load: 0.00/0.00/0.00
[142.108s][info][gc,mmu      ] GC(266) MMU: 2ms/77.0%, 5ms/89.5%, 10ms/94.4%, 20ms/97.2%, 50ms/98.7%, 100ms/99.4%
[142.108s][info][gc,marking  ] GC(266) Mark: 1 stripe(s), 2 proactive flush(es), 1 terminate flush(es), 1 completion(s), 0 continuation(s) 
[142.108s][info][gc,nmethod  ] GC(266) NMethods: 1483 registered, 0 unregistered
[142.108s][info][gc,metaspace] GC(266) Metaspace: 4M used, 4M capacity, 4M committed, 1032M reserved
[142.108s][info][gc,ref      ] GC(266) Soft: 261 encountered, 0 discovered, 0 enqueued
[142.108s][info][gc,ref      ] GC(266) Weak: 280 encountered, 229 discovered, 0 enqueued
[142.108s][info][gc,ref      ] GC(266) Final: 1 encountered, 0 discovered, 0 enqueued
[142.108s][info][gc,ref      ] GC(266) Phantom: 39 encountered, 30 discovered, 0 enqueued
[142.108s][info][gc,reloc    ] GC(266) Small Pages: 1241 / 2482M(100%), Empty: 2342M(94%), Compacting: 120M(5%)->44M(2%)
[142.108s][info][gc,reloc    ] GC(266) Medium Pages: 0 / 0M(0%), Empty: 0M(0%), Compacting: 0M(0%)->0M(0%)
[142.108s][info][gc,reloc    ] GC(266) Large Pages: 1 / 8M(0%), Empty: 0M(0%), Compacting: 0M(0%)->0M(0%)
[142.108s][info][gc,reloc    ] GC(266) Relocation: Successful
[142.108s][info][gc,heap     ] GC(266) Min Capacity: 42M(1%)
[142.108s][info][gc,heap     ] GC(266) Max Capacity: 4060M(100%)
[142.108s][info][gc,heap     ] GC(266) Soft Max Capacity: 4060M(100%)
[142.108s][info][gc,heap     ] GC(266)                Mark Start          Mark End        Relocate Start      Relocate End           High               Low         
[142.108s][info][gc,heap     ] GC(266)  Capacity:     3196M (79%)        3196M (79%)        3196M (79%)        3196M (79%)        3196M (79%)        3196M (79%)    
[142.108s][info][gc,heap     ] GC(266)   Reserve:       42M (1%)           42M (1%)           42M (1%)           42M (1%)           42M (1%)           42M (1%)     
[142.108s][info][gc,heap     ] GC(266)      Free:     1528M (38%)        1348M (33%)        3666M (90%)        3626M (89%)        3682M (91%)        1340M (33%)    
[142.108s][info][gc,heap     ] GC(266)      Used:     2490M (61%)        2670M (66%)         352M (9%)          392M (10%)        2678M (66%)         336M (8%)     
[142.108s][info][gc,heap     ] GC(266)      Live:         -                62M (2%)           62M (2%)           62M (2%)             -                  -          
[142.108s][info][gc,heap     ] GC(266) Allocated:         -               180M (4%)          204M (5%)          364M (9%)             -                  -          
[142.108s][info][gc,heap     ] GC(266)   Garbage:         -              2427M (60%)          85M (2%)            7M (0%)             -                  -          
[142.108s][info][gc,heap     ] GC(266) Reclaimed:         -                  -              2342M (58%)        2420M (60%)            -                  -          
[142.108s][info][gc          ] GC(266) Garbage Collection (Allocation Rate) 2490M(61%)->392M(10%)
[142.537s][info][gc,start    ] GC(267) Garbage Collection (Allocation Rate)
[142.537s][info][gc,phases   ] GC(267) Pause Mark Start 0.074ms
[142.574s][info][gc,phases   ] GC(267) Concurrent Mark 36.628ms
[142.575s][info][gc,phases   ] GC(267) Pause Mark End 0.220ms
[142.576s][info][gc,phases   ] GC(267) Concurrent Process Non-Strong References 1.522ms
[142.577s][info][gc,phases   ] GC(267) Concurrent Reset Relocation Set 0.896ms
[142.582s][info][gc,phases   ] GC(267) Concurrent Select Relocation Set 5.024ms
[142.582s][info][gc,phases   ] GC(267) Pause Relocate Start 0.063ms
[142.613s][info][gc,phases   ] GC(267) Concurrent Relocate 30.319ms
[142.613s][info][gc,load     ] GC(267) Load: 0.00/0.00/0.00
[142.613s][info][gc,mmu      ] GC(267) MMU: 2ms/77.0%, 5ms/89.5%, 10ms/94.4%, 20ms/97.2%, 50ms/98.7%, 100ms/99.4%
[142.613s][info][gc,marking  ] GC(267) Mark: 1 stripe(s), 2 proactive flush(es), 1 terminate flush(es), 1 completion(s), 0 continuation(s) 
[142.613s][info][gc,nmethod  ] GC(267) NMethods: 1483 registered, 0 unregistered
[142.613s][info][gc,metaspace] GC(267) Metaspace: 4M used, 4M capacity, 4M committed, 1032M reserved
[142.613s][info][gc,ref      ] GC(267) Soft: 261 encountered, 0 discovered, 0 enqueued
[142.613s][info][gc,ref      ] GC(267) Weak: 280 encountered, 229 discovered, 0 enqueued
[142.613s][info][gc,ref      ] GC(267) Final: 1 encountered, 0 discovered, 0 enqueued
[142.613s][info][gc,ref      ] GC(267) Phantom: 39 encountered, 30 discovered, 0 enqueued
[142.613s][info][gc,reloc    ] GC(267) Small Pages: 1227 / 2454M(100%), Empty: 2304M(94%), Compacting: 146M(6%)->52M(2%)
[142.613s][info][gc,reloc    ] GC(267) Medium Pages: 0 / 0M(0%), Empty: 0M(0%), Compacting: 0M(0%)->0M(0%)
[142.613s][info][gc,reloc    ] GC(267) Large Pages: 1 / 8M(0%), Empty: 0M(0%), Compacting: 0M(0%)->0M(0%)
[142.613s][info][gc,reloc    ] GC(267) Relocation: Successful
[142.613s][info][gc,heap     ] GC(267) Min Capacity: 42M(1%)
[142.613s][info][gc,heap     ] GC(267) Max Capacity: 4060M(100%)
[142.613s][info][gc,heap     ] GC(267) Soft Max Capacity: 4060M(100%)
[142.613s][info][gc,heap     ] GC(267)                Mark Start          Mark End        Relocate Start      Relocate End           High               Low         
[142.613s][info][gc,heap     ] GC(267)  Capacity:     3196M (79%)        3196M (79%)        3196M (79%)        3196M (79%)        3196M (79%)        3196M (79%)    
[142.613s][info][gc,heap     ] GC(267)   Reserve:       42M (1%)           42M (1%)           42M (1%)           42M (1%)           42M (1%)           42M (1%)     
[142.613s][info][gc,heap     ] GC(267)      Free:     1556M (38%)        1384M (34%)        3654M (90%)        3608M (89%)        3678M (91%)        1374M (34%)    
[142.613s][info][gc,heap     ] GC(267)      Used:     2462M (61%)        2634M (65%)         364M (9%)          410M (10%)        2644M (65%)         340M (8%)     
[142.613s][info][gc,heap     ] GC(267)      Live:         -                57M (1%)           57M (1%)           57M (1%)             -                  -          
[142.613s][info][gc,heap     ] GC(267) Allocated:         -               172M (4%)          206M (5%)          398M (10%)            -                  -          
[142.613s][info][gc,heap     ] GC(267)   Garbage:         -              2404M (59%)         100M (2%)            4M (0%)             -                  -          
[142.613s][info][gc,heap     ] GC(267) Reclaimed:         -                  -              2304M (57%)        2400M (59%)            -                  -          
[142.613s][info][gc          ] GC(267) Garbage Collection (Allocation Rate) 2462M(61%)->410M(10%)
[143.038s][info][gc,start    ] GC(268) Garbage Collection (Allocation Rate)
[143.038s][info][gc,phases   ] GC(268) Pause Mark Start 0.064ms
[143.067s][info][gc,phases   ] GC(268) Concurrent Mark 29.013ms
[143.068s][info][gc,phases   ] GC(268) Pause Mark End 0.234ms
[143.069s][info][gc,phases   ] GC(268) Concurrent Process Non-Strong References 1.658ms
[143.070s][info][gc,phases   ] GC(268) Concurrent Reset Relocation Set 0.875ms
[143.073s][info][gc,phases   ] GC(268) Concurrent Select Relocation Set 2.388ms
[143.073s][info][gc,phases   ] GC(268) Pause Relocate Start 0.048ms
[143.078s][info][gc,phases   ] GC(268) Concurrent Relocate 5.199ms
[143.078s][info][gc,load     ] GC(268) Load: 0.00/0.00/0.00
[143.078s][info][gc,mmu      ] GC(268) MMU: 2ms/77.0%, 5ms/89.5%, 10ms/94.4%, 20ms/97.2%, 50ms/98.7%, 100ms/99.4%
[143.078s][info][gc,marking  ] GC(268) Mark: 1 stripe(s), 2 proactive flush(es), 1 terminate flush(es), 1 completion(s), 0 continuation(s) 
[143.078s][info][gc,nmethod  ] GC(268) NMethods: 1483 registered, 0 unregistered
[143.078s][info][gc,metaspace] GC(268) Metaspace: 4M used, 4M capacity, 4M committed, 1032M reserved
[143.078s][info][gc,ref      ] GC(268) Soft: 261 encountered, 0 discovered, 0 enqueued
[143.078s][info][gc,ref      ] GC(268) Weak: 280 encountered, 229 discovered, 0 enqueued
[143.078s][info][gc,ref      ] GC(268) Final: 1 encountered, 0 discovered, 0 enqueued
[143.078s][info][gc,ref      ] GC(268) Phantom: 39 encountered, 30 discovered, 0 enqueued
[143.078s][info][gc,reloc    ] GC(268) Small Pages: 1222 / 2444M(100%), Empty: 2378M(97%), Compacting: 32M(1%)->10M(0%)
[143.078s][info][gc,reloc    ] GC(268) Medium Pages: 0 / 0M(0%), Empty: 0M(0%), Compacting: 0M(0%)->0M(0%)
[143.078s][info][gc,reloc    ] GC(268) Large Pages: 1 / 8M(0%), Empty: 0M(0%), Compacting: 0M(0%)->0M(0%)
[143.078s][info][gc,reloc    ] GC(268) Relocation: Successful
[143.078s][info][gc,heap     ] GC(268) Min Capacity: 42M(1%)
[143.078s][info][gc,heap     ] GC(268) Max Capacity: 4060M(100%)
[143.078s][info][gc,heap     ] GC(268) Soft Max Capacity: 4060M(100%)
[143.078s][info][gc,heap     ] GC(268)                Mark Start          Mark End        Relocate Start      Relocate End           High               Low         
[143.078s][info][gc,heap     ] GC(268)  Capacity:     3196M (79%)        3196M (79%)        3196M (79%)        3196M (79%)        3196M (79%)        3196M (79%)    
[143.078s][info][gc,heap     ] GC(268)   Reserve:       42M (1%)           42M (1%)           42M (1%)           42M (1%)           42M (1%)           42M (1%)     
[143.078s][info][gc,heap     ] GC(268)      Free:     1566M (39%)        1426M (35%)        3782M (93%)        3774M (93%)        3792M (93%)        1416M (35%)    
[143.078s][info][gc,heap     ] GC(268)      Used:     2452M (60%)        2592M (64%)         236M (6%)          244M (6%)         2602M (64%)         226M (6%)     
[143.078s][info][gc,heap     ] GC(268)      Live:         -                45M (1%)           45M (1%)           45M (1%)             -                  -          
[143.078s][info][gc,heap     ] GC(268) Allocated:         -               140M (3%)          162M (4%)          202M (5%)             -                  -          
[143.078s][info][gc,heap     ] GC(268)   Garbage:         -              2406M (59%)          28M (1%)           10M (0%)             -                  -          
[143.078s][info][gc,heap     ] GC(268) Reclaimed:         -                  -              2378M (59%)        2396M (59%)            -                  -          
[143.078s][info][gc          ] GC(268) Garbage Collection (Allocation Rate) 2452M(60%)->244M(6%)
[143.539s][info][gc,start    ] GC(269) Garbage Collection (Allocation Rate)
[143.539s][info][gc,phases   ] GC(269) Pause Mark Start 0.061ms
[143.572s][info][gc,phases   ] GC(269) Concurrent Mark 32.625ms
[143.572s][info][gc,phases   ] GC(269) Pause Mark End 0.232ms
[143.574s][info][gc,phases   ] GC(269) Concurrent Process Non-Strong References 1.605ms
[143.574s][info][gc,phases   ] GC(269) Concurrent Reset Relocation Set 0.892ms
[143.579s][info][gc,phases   ] GC(269) Concurrent Select Relocation Set 4.416ms
[143.579s][info][gc,phases   ] GC(269) Pause Relocate Start 0.056ms
[143.598s][info][gc,phases   ] GC(269) Concurrent Relocate 19.040ms
[143.598s][info][gc,load     ] GC(269) Load: 0.00/0.00/0.00
[143.598s][info][gc,mmu      ] GC(269) MMU: 2ms/77.0%, 5ms/89.5%, 10ms/94.4%, 20ms/97.2%, 50ms/98.7%, 100ms/99.4%
[143.598s][info][gc,marking  ] GC(269) Mark: 1 stripe(s), 2 proactive flush(es), 1 terminate flush(es), 1 completion(s), 0 continuation(s) 
[143.598s][info][gc,nmethod  ] GC(269) NMethods: 1483 registered, 0 unregistered
[143.598s][info][gc,metaspace] GC(269) Metaspace: 4M used, 4M capacity, 4M committed, 1032M reserved
[143.598s][info][gc,ref      ] GC(269) Soft: 261 encountered, 0 discovered, 0 enqueued
[143.598s][info][gc,ref      ] GC(269) Weak: 280 encountered, 229 discovered, 0 enqueued
[143.598s][info][gc,ref      ] GC(269) Final: 1 encountered, 0 discovered, 0 enqueued
[143.598s][info][gc,ref      ] GC(269) Phantom: 39 encountered, 30 discovered, 0 enqueued
[143.598s][info][gc,reloc    ] GC(269) Small Pages: 1195 / 2390M(100%), Empty: 2282M(95%), Compacting: 90M(4%)->32M(1%)
[143.598s][info][gc,reloc    ] GC(269) Medium Pages: 0 / 0M(0%), Empty: 0M(0%), Compacting: 0M(0%)->0M(0%)
[143.598s][info][gc,reloc    ] GC(269) Large Pages: 1 / 8M(0%), Empty: 0M(0%), Compacting: 0M(0%)->0M(0%)
[143.598s][info][gc,reloc    ] GC(269) Relocation: Successful
[143.598s][info][gc,heap     ] GC(269) Min Capacity: 42M(1%)
[143.598s][info][gc,heap     ] GC(269) Max Capacity: 4060M(100%)
[143.598s][info][gc,heap     ] GC(269) Soft Max Capacity: 4060M(100%)
[143.598s][info][gc,heap     ] GC(269)                Mark Start          Mark End        Relocate Start      Relocate End           High               Low         
[143.598s][info][gc,heap     ] GC(269)  Capacity:     3196M (79%)        3196M (79%)        3196M (79%)        3196M (79%)        3196M (79%)        3196M (79%)    
[143.598s][info][gc,heap     ] GC(269)   Reserve:       42M (1%)           42M (1%)           42M (1%)           42M (1%)           42M (1%)           42M (1%)     
[143.598s][info][gc,heap     ] GC(269)      Free:     1620M (40%)        1466M (36%)        3714M (91%)        3684M (91%)        3736M (92%)        1454M (36%)    
[143.598s][info][gc,heap     ] GC(269)      Used:     2398M (59%)        2552M (63%)         304M (7%)          334M (8%)         2564M (63%)         282M (7%)     
[143.598s][info][gc,heap     ] GC(269)      Live:         -                51M (1%)           51M (1%)           51M (1%)             -                  -          
[143.598s][info][gc,heap     ] GC(269) Allocated:         -               154M (4%)          188M (5%)          308M (8%)             -                  -          
[143.598s][info][gc,heap     ] GC(269)   Garbage:         -              2346M (58%)          64M (2%)            4M (0%)             -                  -          
[143.598s][info][gc,heap     ] GC(269) Reclaimed:         -                  -              2282M (56%)        2342M (58%)            -                  -          
[143.598s][info][gc          ] GC(269) Garbage Collection (Allocation Rate) 2398M(59%)->334M(8%)
[144.038s][info][gc,start    ] GC(270) Garbage Collection (Allocation Rate)
[144.039s][info][gc,phases   ] GC(270) Pause Mark Start 0.076ms
[144.075s][info][gc,phases   ] GC(270) Concurrent Mark 35.776ms
[144.075s][info][gc,phases   ] GC(270) Pause Mark End 0.229ms
[144.076s][info][gc,phases   ] GC(270) Concurrent Process Non-Strong References 1.483ms
[144.076s][info][gc,phases   ] GC(270) Concurrent Reset Relocation Set 0.073ms
[144.079s][info][gc,phases   ] GC(270) Concurrent Select Relocation Set 2.401ms
[144.079s][info][gc,phases   ] GC(270) Pause Relocate Start 0.078ms
[144.080s][info][gc,phases   ] GC(270) Concurrent Relocate 0.794ms
[144.080s][info][gc,load     ] GC(270) Load: 0.00/0.00/0.00
[144.080s][info][gc,mmu      ] GC(270) MMU: 2ms/77.0%, 5ms/89.5%, 10ms/94.4%, 20ms/97.2%, 50ms/98.7%, 100ms/99.4%
[144.080s][info][gc,marking  ] GC(270) Mark: 1 stripe(s), 2 proactive flush(es), 1 terminate flush(es), 1 completion(s), 0 continuation(s) 
[144.080s][info][gc,nmethod  ] GC(270) NMethods: 1483 registered, 0 unregistered
[144.080s][info][gc,metaspace] GC(270) Metaspace: 4M used, 4M capacity, 4M committed, 1032M reserved
[144.080s][info][gc,ref      ] GC(270) Soft: 261 encountered, 0 discovered, 0 enqueued
[144.080s][info][gc,ref      ] GC(270) Weak: 280 encountered, 229 discovered, 0 enqueued
[144.080s][info][gc,ref      ] GC(270) Final: 1 encountered, 0 discovered, 0 enqueued
[144.080s][info][gc,ref      ] GC(270) Phantom: 39 encountered, 30 discovered, 0 enqueued
[144.080s][info][gc,reloc    ] GC(270) Small Pages: 1224 / 2448M(100%), Empty: 2378M(97%), Compacting: 10M(0%)->2M(0%)
[144.080s][info][gc,reloc    ] GC(270) Medium Pages: 0 / 0M(0%), Empty: 0M(0%), Compacting: 0M(0%)->0M(0%)
[144.080s][info][gc,reloc    ] GC(270) Large Pages: 1 / 8M(0%), Empty: 0M(0%), Compacting: 0M(0%)->0M(0%)
[144.080s][info][gc,reloc    ] GC(270) Relocation: Successful
[144.080s][info][gc,heap     ] GC(270) Min Capacity: 42M(1%)
[144.080s][info][gc,heap     ] GC(270) Max Capacity: 4060M(100%)
[144.080s][info][gc,heap     ] GC(270) Soft Max Capacity: 4060M(100%)
[144.080s][info][gc,heap     ] GC(270)                Mark Start          Mark End        Relocate Start      Relocate End           High               Low         
[144.080s][info][gc,heap     ] GC(270)  Capacity:     3196M (79%)        3196M (79%)        3196M (79%)        3196M (79%)        3196M (79%)        3196M (79%)    
[144.080s][info][gc,heap     ] GC(270)   Reserve:       42M (1%)           42M (1%)           42M (1%)           42M (1%)           42M (1%)           42M (1%)     
[144.080s][info][gc,heap     ] GC(270)      Free:     1562M (38%)        1390M (34%)        3754M (92%)        3756M (93%)        3760M (93%)        1382M (34%)    
[144.080s][info][gc,heap     ] GC(270)      Used:     2456M (60%)        2628M (65%)         264M (7%)          262M (6%)         2636M (65%)         258M (6%)     
[144.080s][info][gc,heap     ] GC(270)      Live:         -                61M (2%)           61M (2%)           61M (2%)             -                  -          
[144.080s][info][gc,heap     ] GC(270) Allocated:         -               172M (4%)          186M (5%)          194M (5%)             -                  -          
[144.080s][info][gc,heap     ] GC(270)   Garbage:         -              2394M (59%)          16M (0%)           10M (0%)             -                  -          
[144.080s][info][gc,heap     ] GC(270) Reclaimed:         -                  -              2378M (59%)        2384M (59%)            -                  -          
[144.080s][info][gc          ] GC(270) Garbage Collection (Allocation Rate) 2456M(60%)->262M(6%)
[144.638s][info][gc,start    ] GC(271) Garbage Collection (Allocation Rate)
[144.638s][info][gc,phases   ] GC(271) Pause Mark Start 0.053ms
[144.669s][info][gc,phases   ] GC(271) Concurrent Mark 30.657ms
[144.669s][info][gc,phases   ] GC(271) Pause Mark End 0.244ms
[144.671s][info][gc,phases   ] GC(271) Concurrent Process Non-Strong References 1.682ms
[144.671s][info][gc,phases   ] GC(271) Concurrent Reset Relocation Set 0.022ms
[144.673s][info][gc,phases   ] GC(271) Concurrent Select Relocation Set 1.707ms
[144.673s][info][gc,phases   ] GC(271) Pause Relocate Start 0.054ms
[144.674s][info][gc,phases   ] GC(271) Concurrent Relocate 1.123ms
[144.674s][info][gc,load     ] GC(271) Load: 0.00/0.00/0.00
[144.674s][info][gc,mmu      ] GC(271) MMU: 2ms/77.0%, 5ms/89.5%, 10ms/94.4%, 20ms/97.2%, 50ms/98.7%, 100ms/99.4%
[144.674s][info][gc,marking  ] GC(271) Mark: 1 stripe(s), 2 proactive flush(es), 1 terminate flush(es), 1 completion(s), 0 continuation(s) 
[144.674s][info][gc,nmethod  ] GC(271) NMethods: 1483 registered, 0 unregistered
[144.674s][info][gc,metaspace] GC(271) Metaspace: 4M used, 4M capacity, 4M committed, 1032M reserved
[144.674s][info][gc,ref      ] GC(271) Soft: 261 encountered, 0 discovered, 0 enqueued
[144.674s][info][gc,ref      ] GC(271) Weak: 280 encountered, 229 discovered, 0 enqueued
[144.674s][info][gc,ref      ] GC(271) Final: 1 encountered, 0 discovered, 0 enqueued
[144.674s][info][gc,ref      ] GC(271) Phantom: 39 encountered, 30 discovered, 0 enqueued
[144.674s][info][gc,reloc    ] GC(271) Small Pages: 1456 / 2912M(100%), Empty: 2856M(98%), Compacting: 8M(0%)->2M(0%)
[144.674s][info][gc,reloc    ] GC(271) Medium Pages: 0 / 0M(0%), Empty: 0M(0%), Compacting: 0M(0%)->0M(0%)
[144.674s][info][gc,reloc    ] GC(271) Large Pages: 1 / 8M(0%), Empty: 0M(0%), Compacting: 0M(0%)->0M(0%)
[144.674s][info][gc,reloc    ] GC(271) Relocation: Successful
[144.674s][info][gc,heap     ] GC(271) Min Capacity: 42M(1%)
[144.674s][info][gc,heap     ] GC(271) Max Capacity: 4060M(100%)
[144.674s][info][gc,heap     ] GC(271) Soft Max Capacity: 4060M(100%)
[144.674s][info][gc,heap     ] GC(271)                Mark Start          Mark End        Relocate Start      Relocate End           High               Low         
[144.674s][info][gc,heap     ] GC(271)  Capacity:     3196M (79%)        3196M (79%)        3196M (79%)        3196M (79%)        3196M (79%)        3196M (79%)    
[144.674s][info][gc,heap     ] GC(271)   Reserve:       42M (1%)           42M (1%)           42M (1%)           42M (1%)           42M (1%)           42M (1%)     
[144.674s][info][gc,heap     ] GC(271)      Free:     1098M (27%)         950M (23%)        3790M (93%)        3792M (93%)        3798M (94%)         942M (23%)    
[144.674s][info][gc,heap     ] GC(271)      Used:     2920M (72%)        3068M (76%)         228M (6%)          226M (6%)         3076M (76%)         220M (5%)     
[144.674s][info][gc,heap     ] GC(271)      Live:         -                50M (1%)           50M (1%)           50M (1%)             -                  -          
[144.674s][info][gc,heap     ] GC(271) Allocated:         -               148M (4%)          164M (4%)          170M (4%)             -                  -          
[144.674s][info][gc,heap     ] GC(271)   Garbage:         -              2869M (71%)          13M (0%)            7M (0%)             -                  -          
[144.674s][info][gc,heap     ] GC(271) Reclaimed:         -                  -              2856M (70%)        2862M (70%)            -                  -          
[144.674s][info][gc          ] GC(271) Garbage Collection (Allocation Rate) 2920M(72%)->226M(6%)
[145.239s][info][gc,start    ] GC(272) Garbage Collection (Allocation Rate)
[145.239s][info][gc,phases   ] GC(272) Pause Mark Start 0.061ms
[145.280s][info][gc,phases   ] GC(272) Concurrent Mark 40.552ms
[145.280s][info][gc,phases   ] GC(272) Pause Mark End 0.307ms
[145.282s][info][gc,phases   ] GC(272) Concurrent Process Non-Strong References 1.643ms
[145.282s][info][gc,phases   ] GC(272) Concurrent Reset Relocation Set 0.024ms
[145.283s][info][gc,phases   ] GC(272) Concurrent Select Relocation Set 1.440ms
[145.283s][info][gc,phases   ] GC(272) Pause Relocate Start 0.071ms
[145.284s][info][gc,phases   ] GC(272) Concurrent Relocate 0.957ms
[145.284s][info][gc,load     ] GC(272) Load: 0.00/0.00/0.00
[145.284s][info][gc,mmu      ] GC(272) MMU: 2ms/77.0%, 5ms/89.5%, 10ms/94.4%, 20ms/97.2%, 50ms/98.7%, 100ms/99.4%
[145.284s][info][gc,marking  ] GC(272) Mark: 1 stripe(s), 2 proactive flush(es), 1 terminate flush(es), 1 completion(s), 0 continuation(s) 
[145.284s][info][gc,nmethod  ] GC(272) NMethods: 1483 registered, 0 unregistered
[145.284s][info][gc,metaspace] GC(272) Metaspace: 4M used, 4M capacity, 4M committed, 1032M reserved
[145.284s][info][gc,ref      ] GC(272) Soft: 261 encountered, 0 discovered, 0 enqueued
[145.284s][info][gc,ref      ] GC(272) Weak: 280 encountered, 229 discovered, 0 enqueued
[145.284s][info][gc,ref      ] GC(272) Final: 1 encountered, 0 discovered, 0 enqueued
[145.285s][info][gc,ref      ] GC(272) Phantom: 39 encountered, 30 discovered, 0 enqueued
[145.285s][info][gc,reloc    ] GC(272) Small Pages: 1469 / 2938M(100%), Empty: 2858M(97%), Compacting: 8M(0%)->2M(0%)
[145.285s][info][gc,reloc    ] GC(272) Medium Pages: 0 / 0M(0%), Empty: 0M(0%), Compacting: 0M(0%)->0M(0%)
[145.285s][info][gc,reloc    ] GC(272) Large Pages: 1 / 8M(0%), Empty: 0M(0%), Compacting: 0M(0%)->0M(0%)
[145.285s][info][gc,reloc    ] GC(272) Relocation: Successful
[145.285s][info][gc,heap     ] GC(272) Min Capacity: 42M(1%)
[145.285s][info][gc,heap     ] GC(272) Max Capacity: 4060M(100%)
[145.285s][info][gc,heap     ] GC(272) Soft Max Capacity: 4060M(100%)
[145.285s][info][gc,heap     ] GC(272)                Mark Start          Mark End        Relocate Start      Relocate End           High               Low         
[145.285s][info][gc,heap     ] GC(272)  Capacity:     3196M (79%)        3196M (79%)        3196M (79%)        3196M (79%)        3196M (79%)        3196M (79%)    
[145.285s][info][gc,heap     ] GC(272)   Reserve:       42M (1%)           42M (1%)           42M (1%)           42M (1%)           42M (1%)           42M (1%)     
[145.285s][info][gc,heap     ] GC(272)      Free:     1072M (26%)         884M (22%)        3726M (92%)        3726M (92%)        3732M (92%)         876M (22%)    
[145.285s][info][gc,heap     ] GC(272)      Used:     2946M (73%)        3134M (77%)         292M (7%)          292M (7%)         3142M (77%)         286M (7%)     
[145.285s][info][gc,heap     ] GC(272)      Live:         -                72M (2%)           72M (2%)           72M (2%)             -                  -          
[145.285s][info][gc,heap     ] GC(272) Allocated:         -               188M (5%)          204M (5%)          212M (5%)             -                  -          
[145.285s][info][gc,heap     ] GC(272)   Garbage:         -              2873M (71%)          15M (0%)           11M (0%)             -                  -          
[145.285s][info][gc,heap     ] GC(272) Reclaimed:         -                  -              2858M (70%)        2862M (70%)            -                  -          
[145.285s][info][gc          ] GC(272) Garbage Collection (Allocation Rate) 2946M(73%)->292M(7%)
[145.837s][info][gc,start    ] GC(273) Garbage Collection (Allocation Rate)
[145.838s][info][gc,phases   ] GC(273) Pause Mark Start 0.062ms
[145.878s][info][gc,phases   ] GC(273) Concurrent Mark 40.130ms
[145.878s][info][gc,phases   ] GC(273) Pause Mark End 0.243ms
[145.880s][info][gc,phases   ] GC(273) Concurrent Process Non-Strong References 1.626ms
[145.880s][info][gc,phases   ] GC(273) Concurrent Reset Relocation Set 0.018ms
[145.882s][info][gc,phases   ] GC(273) Concurrent Select Relocation Set 1.779ms
[145.882s][info][gc,phases   ] GC(273) Pause Relocate Start 0.060ms
[145.887s][info][gc,phases   ] GC(273) Concurrent Relocate 5.079ms
[145.887s][info][gc,load     ] GC(273) Load: 0.00/0.00/0.00
[145.887s][info][gc,mmu      ] GC(273) MMU: 2ms/77.0%, 5ms/89.5%, 10ms/94.4%, 20ms/97.2%, 50ms/98.7%, 100ms/99.4%
[145.887s][info][gc,marking  ] GC(273) Mark: 1 stripe(s), 2 proactive flush(es), 1 terminate flush(es), 1 completion(s), 0 continuation(s) 
[145.887s][info][gc,nmethod  ] GC(273) NMethods: 1483 registered, 0 unregistered
[145.887s][info][gc,metaspace] GC(273) Metaspace: 4M used, 4M capacity, 4M committed, 1032M reserved
[145.887s][info][gc,ref      ] GC(273) Soft: 261 encountered, 0 discovered, 0 enqueued
[145.887s][info][gc,ref      ] GC(273) Weak: 280 encountered, 229 discovered, 0 enqueued
[145.887s][info][gc,ref      ] GC(273) Final: 1 encountered, 0 discovered, 0 enqueued
[145.887s][info][gc,ref      ] GC(273) Phantom: 39 encountered, 30 discovered, 0 enqueued
[145.887s][info][gc,reloc    ] GC(273) Small Pages: 1475 / 2950M(100%), Empty: 2856M(97%), Compacting: 30M(1%)->10M(0%)
[145.887s][info][gc,reloc    ] GC(273) Medium Pages: 0 / 0M(0%), Empty: 0M(0%), Compacting: 0M(0%)->0M(0%)
[145.887s][info][gc,reloc    ] GC(273) Large Pages: 1 / 8M(0%), Empty: 0M(0%), Compacting: 0M(0%)->0M(0%)
[145.887s][info][gc,reloc    ] GC(273) Relocation: Successful
[145.887s][info][gc,heap     ] GC(273) Min Capacity: 42M(1%)
[145.887s][info][gc,heap     ] GC(273) Max Capacity: 4060M(100%)
[145.887s][info][gc,heap     ] GC(273) Soft Max Capacity: 4060M(100%)
[145.887s][info][gc,heap     ] GC(273)                Mark Start          Mark End        Relocate Start      Relocate End           High               Low         
[145.887s][info][gc,heap     ] GC(273)  Capacity:     3196M (79%)        3196M (79%)        3198M (79%)        3198M (79%)        3198M (79%)        3196M (79%)    
[145.887s][info][gc,heap     ] GC(273)   Reserve:       42M (1%)           42M (1%)           42M (1%)           42M (1%)           42M (1%)           42M (1%)     
[145.887s][info][gc,heap     ] GC(273)      Free:     1060M (26%)         868M (21%)        3710M (91%)        3706M (91%)        3718M (92%)         862M (21%)    
[145.887s][info][gc,heap     ] GC(273)      Used:     2958M (73%)        3150M (78%)         308M (8%)          312M (8%)         3156M (78%)         300M (7%)     
[145.887s][info][gc,heap     ] GC(273)      Live:         -                70M (2%)           70M (2%)           70M (2%)             -                  -          
[145.887s][info][gc,heap     ] GC(273) Allocated:         -               192M (5%)          206M (5%)          240M (6%)             -                  -          
[145.887s][info][gc,heap     ] GC(273)   Garbage:         -              2887M (71%)          31M (1%)           11M (0%)             -                  -          
[145.887s][info][gc,heap     ] GC(273) Reclaimed:         -                  -              2856M (70%)        2876M (71%)            -                  -          
[145.887s][info][gc          ] GC(273) Garbage Collection (Allocation Rate) 2958M(73%)->312M(8%)
[146.439s][info][gc,start    ] GC(274) Garbage Collection (Allocation Rate)
[146.439s][info][gc,phases   ] GC(274) Pause Mark Start 0.046ms
[146.481s][info][gc,phases   ] GC(274) Concurrent Mark 42.104ms
[146.481s][info][gc,phases   ] GC(274) Pause Mark End 0.214ms
[146.483s][info][gc,phases   ] GC(274) Concurrent Process Non-Strong References 1.607ms
[146.483s][info][gc,phases   ] GC(274) Concurrent Reset Relocation Set 0.032ms
[146.485s][info][gc,phases   ] GC(274) Concurrent Select Relocation Set 1.599ms
[146.485s][info][gc,phases   ] GC(274) Pause Relocate Start 0.060ms
[146.489s][info][gc,phases   ] GC(274) Concurrent Relocate 3.903ms
[146.489s][info][gc,load     ] GC(274) Load: 0.00/0.00/0.00
[146.489s][info][gc,mmu      ] GC(274) MMU: 2ms/77.0%, 5ms/89.5%, 10ms/94.4%, 20ms/97.2%, 50ms/98.7%, 100ms/99.4%
[146.489s][info][gc,marking  ] GC(274) Mark: 1 stripe(s), 2 proactive flush(es), 1 terminate flush(es), 1 completion(s), 0 continuation(s) 
[146.489s][info][gc,nmethod  ] GC(274) NMethods: 1483 registered, 0 unregistered
[146.489s][info][gc,metaspace] GC(274) Metaspace: 4M used, 4M capacity, 4M committed, 1032M reserved
[146.489s][info][gc,ref      ] GC(274) Soft: 261 encountered, 0 discovered, 0 enqueued
[146.489s][info][gc,ref      ] GC(274) Weak: 280 encountered, 229 discovered, 0 enqueued
[146.489s][info][gc,ref      ] GC(274) Final: 1 encountered, 0 discovered, 0 enqueued
[146.489s][info][gc,ref      ] GC(274) Phantom: 39 encountered, 30 discovered, 0 enqueued
[146.489s][info][gc,reloc    ] GC(274) Small Pages: 1385 / 2770M(100%), Empty: 2674M(96%), Compacting: 26M(1%)->8M(0%)
[146.489s][info][gc,reloc    ] GC(274) Medium Pages: 0 / 0M(0%), Empty: 0M(0%), Compacting: 0M(0%)->0M(0%)
[146.489s][info][gc,reloc    ] GC(274) Large Pages: 1 / 8M(0%), Empty: 0M(0%), Compacting: 0M(0%)->0M(0%)
[146.489s][info][gc,reloc    ] GC(274) Relocation: Successful
[146.489s][info][gc,heap     ] GC(274) Min Capacity: 42M(1%)
[146.489s][info][gc,heap     ] GC(274) Max Capacity: 4060M(100%)
[146.489s][info][gc,heap     ] GC(274) Soft Max Capacity: 4060M(100%)
[146.489s][info][gc,heap     ] GC(274)                Mark Start          Mark End        Relocate Start      Relocate End           High               Low         
[146.489s][info][gc,heap     ] GC(274)  Capacity:     3198M (79%)        3198M (79%)        3198M (79%)        3198M (79%)        3198M (79%)        3198M (79%)    
[146.489s][info][gc,heap     ] GC(274)   Reserve:       42M (1%)           42M (1%)           42M (1%)           42M (1%)           42M (1%)           42M (1%)     
[146.489s][info][gc,heap     ] GC(274)      Free:     1240M (31%)        1048M (26%)        3710M (91%)        3708M (91%)        3714M (91%)        1042M (26%)    
[146.489s][info][gc,heap     ] GC(274)      Used:     2778M (68%)        2970M (73%)         308M (8%)          310M (8%)         2976M (73%)         304M (7%)     
[146.489s][info][gc,heap     ] GC(274)      Live:         -                75M (2%)           75M (2%)           75M (2%)             -                  -          
[146.489s][info][gc,heap     ] GC(274) Allocated:         -               192M (5%)          204M (5%)          232M (6%)             -                  -          
[146.489s][info][gc,heap     ] GC(274)   Garbage:         -              2702M (67%)          28M (1%)           12M (0%)             -                  -          
[146.489s][info][gc,heap     ] GC(274) Reclaimed:         -                  -              2674M (66%)        2690M (66%)            -                  -          
[146.489s][info][gc          ] GC(274) Garbage Collection (Allocation Rate) 2778M(68%)->310M(8%)
[147.038s][info][gc,start    ] GC(275) Garbage Collection (Allocation Rate)
[147.038s][info][gc,phases   ] GC(275) Pause Mark Start 0.113ms
[147.077s][info][gc,phases   ] GC(275) Concurrent Mark 38.503ms
[147.077s][info][gc,phases   ] GC(275) Pause Mark End 0.276ms
[147.079s][info][gc,phases   ] GC(275) Concurrent Process Non-Strong References 1.435ms
[147.079s][info][gc,phases   ] GC(275) Concurrent Reset Relocation Set 0.029ms
[147.082s][info][gc,phases   ] GC(275) Concurrent Select Relocation Set 2.737ms
[147.082s][info][gc,phases   ] GC(275) Pause Relocate Start 0.066ms
[147.120s][info][gc,phases   ] GC(275) Concurrent Relocate 38.108ms
[147.120s][info][gc,load     ] GC(275) Load: 0.00/0.00/0.00
[147.120s][info][gc,mmu      ] GC(275) MMU: 2ms/77.0%, 5ms/89.5%, 10ms/94.4%, 20ms/97.2%, 50ms/98.7%, 100ms/99.4%
[147.120s][info][gc,marking  ] GC(275) Mark: 1 stripe(s), 2 proactive flush(es), 1 terminate flush(es), 1 completion(s), 0 continuation(s) 
[147.120s][info][gc,nmethod  ] GC(275) NMethods: 1483 registered, 0 unregistered
[147.120s][info][gc,metaspace] GC(275) Metaspace: 4M used, 4M capacity, 4M committed, 1032M reserved
[147.120s][info][gc,ref      ] GC(275) Soft: 261 encountered, 0 discovered, 0 enqueued
[147.120s][info][gc,ref      ] GC(275) Weak: 280 encountered, 229 discovered, 0 enqueued
[147.120s][info][gc,ref      ] GC(275) Final: 1 encountered, 0 discovered, 0 enqueued
[147.120s][info][gc,ref      ] GC(275) Phantom: 39 encountered, 30 discovered, 0 enqueued
[147.120s][info][gc,reloc    ] GC(275) Small Pages: 1418 / 2836M(100%), Empty: 2678M(94%), Compacting: 152M(5%)->48M(2%)
[147.120s][info][gc,reloc    ] GC(275) Medium Pages: 0 / 0M(0%), Empty: 0M(0%), Compacting: 0M(0%)->0M(0%)
[147.120s][info][gc,reloc    ] GC(275) Large Pages: 1 / 8M(0%), Empty: 0M(0%), Compacting: 0M(0%)->0M(0%)
[147.120s][info][gc,reloc    ] GC(275) Relocation: Successful
[147.120s][info][gc,heap     ] GC(275) Min Capacity: 42M(1%)
[147.120s][info][gc,heap     ] GC(275) Max Capacity: 4060M(100%)
[147.120s][info][gc,heap     ] GC(275) Soft Max Capacity: 4060M(100%)
[147.120s][info][gc,heap     ] GC(275)                Mark Start          Mark End        Relocate Start      Relocate End           High               Low         
[147.120s][info][gc,heap     ] GC(275)  Capacity:     3198M (79%)        3198M (79%)        3198M (79%)        3198M (79%)        3198M (79%)        3198M (79%)    
[147.120s][info][gc,heap     ] GC(275)   Reserve:       42M (1%)           42M (1%)           42M (1%)           42M (1%)           42M (1%)           42M (1%)     
[147.120s][info][gc,heap     ] GC(275)      Free:     1174M (29%)         998M (25%)        3654M (90%)        3636M (90%)        3668M (90%)         990M (24%)    
[147.120s][info][gc,heap     ] GC(275)      Used:     2844M (70%)        3020M (74%)         364M (9%)          382M (9%)         3028M (75%)         350M (9%)     
[147.120s][info][gc,heap     ] GC(275)      Live:         -                55M (1%)           55M (1%)           55M (1%)             -                  -          
[147.120s][info][gc,heap     ] GC(275) Allocated:         -               176M (4%)          198M (5%)          368M (9%)             -                  -          
[147.120s][info][gc,heap     ] GC(275)   Garbage:         -              2788M (69%)         110M (3%)            0M (0%)             -                  -          
[147.120s][info][gc,heap     ] GC(275) Reclaimed:         -                  -              2678M (66%)        2788M (69%)            -                  -          
[147.120s][info][gc          ] GC(275) Garbage Collection (Allocation Rate) 2844M(70%)->382M(9%)
[147.538s][info][gc,start    ] GC(276) Garbage Collection (Allocation Rate)
[147.538s][info][gc,phases   ] GC(276) Pause Mark Start 0.056ms
[147.587s][info][gc,phases   ] GC(276) Concurrent Mark 48.355ms
[147.587s][info][gc,phases   ] GC(276) Pause Mark End 0.260ms
[147.589s][info][gc,phases   ] GC(276) Concurrent Process Non-Strong References 1.471ms
[147.590s][info][gc,phases   ] GC(276) Concurrent Reset Relocation Set 0.924ms
[147.591s][info][gc,phases   ] GC(276) Concurrent Select Relocation Set 1.580ms
[147.591s][info][gc,phases   ] GC(276) Pause Relocate Start 0.046ms
[147.592s][info][gc,phases   ] GC(276) Concurrent Relocate 0.624ms
[147.592s][info][gc,load     ] GC(276) Load: 0.00/0.00/0.00
[147.592s][info][gc,mmu      ] GC(276) MMU: 2ms/77.0%, 5ms/89.5%, 10ms/94.4%, 20ms/97.2%, 50ms/98.7%, 100ms/99.4%
[147.592s][info][gc,marking  ] GC(276) Mark: 1 stripe(s), 2 proactive flush(es), 1 terminate flush(es), 1 completion(s), 0 continuation(s) 
[147.592s][info][gc,nmethod  ] GC(276) NMethods: 1483 registered, 0 unregistered
[147.592s][info][gc,metaspace] GC(276) Metaspace: 4M used, 4M capacity, 4M committed, 1032M reserved
[147.592s][info][gc,ref      ] GC(276) Soft: 261 encountered, 0 discovered, 0 enqueued
[147.592s][info][gc,ref      ] GC(276) Weak: 280 encountered, 229 discovered, 0 enqueued
[147.592s][info][gc,ref      ] GC(276) Final: 1 encountered, 0 discovered, 0 enqueued
[147.592s][info][gc,ref      ] GC(276) Phantom: 39 encountered, 30 discovered, 0 enqueued
[147.592s][info][gc,reloc    ] GC(276) Small Pages: 1152 / 2304M(100%), Empty: 2252M(97%), Compacting: 6M(0%)->2M(0%)
[147.592s][info][gc,reloc    ] GC(276) Medium Pages: 0 / 0M(0%), Empty: 0M(0%), Compacting: 0M(0%)->0M(0%)
[147.592s][info][gc,reloc    ] GC(276) Large Pages: 1 / 8M(0%), Empty: 0M(0%), Compacting: 0M(0%)->0M(0%)
[147.592s][info][gc,reloc    ] GC(276) Relocation: Successful
[147.592s][info][gc,heap     ] GC(276) Min Capacity: 42M(1%)
[147.592s][info][gc,heap     ] GC(276) Max Capacity: 4060M(100%)
[147.592s][info][gc,heap     ] GC(276) Soft Max Capacity: 4060M(100%)
[147.592s][info][gc,heap     ] GC(276)                Mark Start          Mark End        Relocate Start      Relocate End           High               Low         
[147.592s][info][gc,heap     ] GC(276)  Capacity:     3198M (79%)        3198M (79%)        3198M (79%)        3198M (79%)        3198M (79%)        3198M (79%)    
[147.592s][info][gc,heap     ] GC(276)   Reserve:       42M (1%)           42M (1%)           42M (1%)           42M (1%)           42M (1%)           42M (1%)     
[147.592s][info][gc,heap     ] GC(276)      Free:     1706M (42%)        1542M (38%)        3784M (93%)        3778M (93%)        3788M (93%)        1536M (38%)    
[147.592s][info][gc,heap     ] GC(276)      Used:     2312M (57%)        2476M (61%)         234M (6%)          240M (6%)         2482M (61%)         230M (6%)     
[147.592s][info][gc,heap     ] GC(276)      Live:         -                48M (1%)           48M (1%)           48M (1%)             -                  -          
[147.592s][info][gc,heap     ] GC(276) Allocated:         -               164M (4%)          174M (4%)          186M (5%)             -                  -          
[147.592s][info][gc,heap     ] GC(276)   Garbage:         -              2263M (56%)          11M (0%)           15M (0%)             -                  -          
[147.592s][info][gc,heap     ] GC(276) Reclaimed:         -                  -              2252M (55%)        2248M (55%)            -                  -          
[147.592s][info][gc          ] GC(276) Garbage Collection (Allocation Rate) 2312M(57%)->240M(6%)
[148.138s][info][gc,start    ] GC(277) Garbage Collection (Allocation Rate)
[148.138s][info][gc,phases   ] GC(277) Pause Mark Start 0.059ms
[148.181s][info][gc,phases   ] GC(277) Concurrent Mark 42.068ms
[148.181s][info][gc,phases   ] GC(277) Pause Mark End 0.190ms
[148.182s][info][gc,phases   ] GC(277) Concurrent Process Non-Strong References 1.473ms
[148.182s][info][gc,phases   ] GC(277) Concurrent Reset Relocation Set 0.023ms
[148.187s][info][gc,phases   ] GC(277) Concurrent Select Relocation Set 4.200ms
[148.187s][info][gc,phases   ] GC(277) Pause Relocate Start 0.053ms
[148.206s][info][gc,phases   ] GC(277) Concurrent Relocate 19.421ms
[148.206s][info][gc,load     ] GC(277) Load: 0.00/0.00/0.00
[148.206s][info][gc,mmu      ] GC(277) MMU: 2ms/77.0%, 5ms/89.5%, 10ms/94.4%, 20ms/97.2%, 50ms/98.7%, 100ms/99.4%
[148.206s][info][gc,marking  ] GC(277) Mark: 1 stripe(s), 2 proactive flush(es), 1 terminate flush(es), 1 completion(s), 0 continuation(s) 
[148.206s][info][gc,nmethod  ] GC(277) NMethods: 1483 registered, 0 unregistered
[148.206s][info][gc,metaspace] GC(277) Metaspace: 4M used, 4M capacity, 4M committed, 1032M reserved
[148.206s][info][gc,ref      ] GC(277) Soft: 261 encountered, 0 discovered, 0 enqueued
[148.206s][info][gc,ref      ] GC(277) Weak: 280 encountered, 229 discovered, 0 enqueued
[148.206s][info][gc,ref      ] GC(277) Final: 1 encountered, 0 discovered, 0 enqueued
[148.206s][info][gc,ref      ] GC(277) Phantom: 39 encountered, 30 discovered, 0 enqueued
[148.206s][info][gc,reloc    ] GC(277) Small Pages: 1408 / 2816M(100%), Empty: 2694M(95%), Compacting: 84M(3%)->28M(1%)
[148.206s][info][gc,reloc    ] GC(277) Medium Pages: 0 / 0M(0%), Empty: 0M(0%), Compacting: 0M(0%)->0M(0%)
[148.206s][info][gc,reloc    ] GC(277) Large Pages: 1 / 8M(0%), Empty: 0M(0%), Compacting: 0M(0%)->0M(0%)
[148.206s][info][gc,reloc    ] GC(277) Relocation: Successful
[148.206s][info][gc,heap     ] GC(277) Min Capacity: 42M(1%)
[148.206s][info][gc,heap     ] GC(277) Max Capacity: 4060M(100%)
[148.206s][info][gc,heap     ] GC(277) Soft Max Capacity: 4060M(100%)
[148.206s][info][gc,heap     ] GC(277)                Mark Start          Mark End        Relocate Start      Relocate End           High               Low         
[148.206s][info][gc,heap     ] GC(277)  Capacity:     3198M (79%)        3198M (79%)        3198M (79%)        3198M (79%)        3198M (79%)        3198M (79%)    
[148.206s][info][gc,heap     ] GC(277)   Reserve:       42M (1%)           42M (1%)           42M (1%)           42M (1%)           42M (1%)           42M (1%)     
[148.206s][info][gc,heap     ] GC(277)      Free:     1194M (29%)        1006M (25%)        3676M (91%)        3646M (90%)        3692M (91%)         998M (25%)    
[148.206s][info][gc,heap     ] GC(277)      Used:     2824M (70%)        3012M (74%)         342M (8%)          372M (9%)         3020M (74%)         326M (8%)     
[148.206s][info][gc,heap     ] GC(277)      Live:         -                64M (2%)           64M (2%)           64M (2%)             -                  -          
[148.206s][info][gc,heap     ] GC(277) Allocated:         -               188M (5%)          212M (5%)          326M (8%)             -                  -          
[148.206s][info][gc,heap     ] GC(277)   Garbage:         -              2759M (68%)          65M (2%)           13M (0%)             -                  -          
[148.206s][info][gc,heap     ] GC(277) Reclaimed:         -                  -              2694M (66%)        2746M (68%)            -                  -          
[148.206s][info][gc          ] GC(277) Garbage Collection (Allocation Rate) 2824M(70%)->372M(9%)
[148.639s][info][gc,start    ] GC(278) Garbage Collection (Allocation Rate)
[148.639s][info][gc,phases   ] GC(278) Pause Mark Start 0.062ms
[148.680s][info][gc,phases   ] GC(278) Concurrent Mark 40.803ms
[148.680s][info][gc,phases   ] GC(278) Pause Mark End 0.243ms
[148.682s][info][gc,phases   ] GC(278) Concurrent Process Non-Strong References 1.584ms
[148.682s][info][gc,phases   ] GC(278) Concurrent Reset Relocation Set 0.056ms
[148.683s][info][gc,phases   ] GC(278) Concurrent Select Relocation Set 1.682ms
[148.684s][info][gc,phases   ] GC(278) Pause Relocate Start 0.060ms
[148.684s][info][gc,phases   ] GC(278) Concurrent Relocate 0.589ms
[148.684s][info][gc,load     ] GC(278) Load: 0.00/0.00/0.00
[148.684s][info][gc,mmu      ] GC(278) MMU: 2ms/77.0%, 5ms/89.5%, 10ms/94.4%, 20ms/97.2%, 50ms/98.7%, 100ms/99.4%
[148.684s][info][gc,marking  ] GC(278) Mark: 1 stripe(s), 2 proactive flush(es), 1 terminate flush(es), 1 completion(s), 0 continuation(s) 
[148.684s][info][gc,nmethod  ] GC(278) NMethods: 1483 registered, 0 unregistered
[148.684s][info][gc,metaspace] GC(278) Metaspace: 4M used, 4M capacity, 4M committed, 1032M reserved
[148.684s][info][gc,ref      ] GC(278) Soft: 261 encountered, 0 discovered, 0 enqueued
[148.684s][info][gc,ref      ] GC(278) Weak: 280 encountered, 229 discovered, 0 enqueued
[148.684s][info][gc,ref      ] GC(278) Final: 1 encountered, 0 discovered, 0 enqueued
[148.684s][info][gc,ref      ] GC(278) Phantom: 39 encountered, 30 discovered, 0 enqueued
[148.684s][info][gc,reloc    ] GC(278) Small Pages: 1196 / 2392M(100%), Empty: 2306M(96%), Compacting: 12M(1%)->2M(0%)
[148.684s][info][gc,reloc    ] GC(278) Medium Pages: 0 / 0M(0%), Empty: 0M(0%), Compacting: 0M(0%)->0M(0%)
[148.684s][info][gc,reloc    ] GC(278) Large Pages: 1 / 8M(0%), Empty: 0M(0%), Compacting: 0M(0%)->0M(0%)
[148.684s][info][gc,reloc    ] GC(278) Relocation: Successful
[148.684s][info][gc,heap     ] GC(278) Min Capacity: 42M(1%)
[148.684s][info][gc,heap     ] GC(278) Max Capacity: 4060M(100%)
[148.684s][info][gc,heap     ] GC(278) Soft Max Capacity: 4060M(100%)
[148.684s][info][gc,heap     ] GC(278)                Mark Start          Mark End        Relocate Start      Relocate End           High               Low         
[148.684s][info][gc,heap     ] GC(278)  Capacity:     3198M (79%)        3198M (79%)        3198M (79%)        3198M (79%)        3198M (79%)        3198M (79%)    
[148.684s][info][gc,heap     ] GC(278)   Reserve:       42M (1%)           42M (1%)           42M (1%)           42M (1%)           42M (1%)           42M (1%)     
[148.684s][info][gc,heap     ] GC(278)      Free:     1618M (40%)        1438M (35%)        3728M (92%)        3732M (92%)        3736M (92%)        1430M (35%)    
[148.684s][info][gc,heap     ] GC(278)      Used:     2400M (59%)        2580M (64%)         290M (7%)          286M (7%)         2588M (64%)         282M (7%)     
[148.684s][info][gc,heap     ] GC(278)      Live:         -                73M (2%)           73M (2%)           73M (2%)             -                  -          
[148.684s][info][gc,heap     ] GC(278) Allocated:         -               180M (4%)          196M (5%)          204M (5%)             -                  -          
[148.684s][info][gc,heap     ] GC(278)   Garbage:         -              2326M (57%)          20M (1%)           12M (0%)             -                  -          
[148.684s][info][gc,heap     ] GC(278) Reclaimed:         -                  -              2306M (57%)        2314M (57%)            -                  -          
[148.684s][info][gc          ] GC(278) Garbage Collection (Allocation Rate) 2400M(59%)->286M(7%)
[149.238s][info][gc,start    ] GC(279) Garbage Collection (Allocation Rate)
[149.239s][info][gc,phases   ] GC(279) Pause Mark Start 0.067ms
[149.275s][info][gc,phases   ] GC(279) Concurrent Mark 36.377ms
[149.275s][info][gc,phases   ] GC(279) Pause Mark End 0.287ms
[149.277s][info][gc,phases   ] GC(279) Concurrent Process Non-Strong References 1.645ms
[149.277s][info][gc,phases   ] GC(279) Concurrent Reset Relocation Set 0.021ms
[149.281s][info][gc,phases   ] GC(279) Concurrent Select Relocation Set 3.923ms
[149.281s][info][gc,phases   ] GC(279) Pause Relocate Start 0.105ms
[149.313s][info][gc,phases   ] GC(279) Concurrent Relocate 31.149ms
[149.313s][info][gc,load     ] GC(279) Load: 0.00/0.00/0.00
[149.313s][info][gc,mmu      ] GC(279) MMU: 2ms/77.0%, 5ms/89.5%, 10ms/94.4%, 20ms/97.2%, 50ms/98.7%, 100ms/99.4%
[149.313s][info][gc,marking  ] GC(279) Mark: 1 stripe(s), 2 proactive flush(es), 1 terminate flush(es), 1 completion(s), 0 continuation(s) 
[149.313s][info][gc,nmethod  ] GC(279) NMethods: 1483 registered, 0 unregistered
[149.313s][info][gc,metaspace] GC(279) Metaspace: 4M used, 4M capacity, 4M committed, 1032M reserved
[149.313s][info][gc,ref      ] GC(279) Soft: 261 encountered, 0 discovered, 0 enqueued
[149.313s][info][gc,ref      ] GC(279) Weak: 280 encountered, 229 discovered, 0 enqueued
[149.313s][info][gc,ref      ] GC(279) Final: 1 encountered, 0 discovered, 0 enqueued
[149.313s][info][gc,ref      ] GC(279) Phantom: 39 encountered, 30 discovered, 0 enqueued
[149.313s][info][gc,reloc    ] GC(279) Small Pages: 1434 / 2868M(100%), Empty: 2718M(95%), Compacting: 146M(5%)->54M(2%)
[149.313s][info][gc,reloc    ] GC(279) Medium Pages: 0 / 0M(0%), Empty: 0M(0%), Compacting: 0M(0%)->0M(0%)
[149.313s][info][gc,reloc    ] GC(279) Large Pages: 1 / 8M(0%), Empty: 0M(0%), Compacting: 0M(0%)->0M(0%)
[149.313s][info][gc,reloc    ] GC(279) Relocation: Successful
[149.313s][info][gc,heap     ] GC(279) Min Capacity: 42M(1%)
[149.313s][info][gc,heap     ] GC(279) Max Capacity: 4060M(100%)
[149.313s][info][gc,heap     ] GC(279) Soft Max Capacity: 4060M(100%)
[149.313s][info][gc,heap     ] GC(279)                Mark Start          Mark End        Relocate Start      Relocate End           High               Low         
[149.313s][info][gc,heap     ] GC(279)  Capacity:     3198M (79%)        3198M (79%)        3198M (79%)        3198M (79%)        3198M (79%)        3198M (79%)    
[149.313s][info][gc,heap     ] GC(279)   Reserve:       42M (1%)           42M (1%)           42M (1%)           42M (1%)           42M (1%)           42M (1%)     
[149.313s][info][gc,heap     ] GC(279)      Free:     1142M (28%)         972M (24%)        3664M (90%)        3640M (90%)        3682M (91%)         964M (24%)    
[149.313s][info][gc,heap     ] GC(279)      Used:     2876M (71%)        3046M (75%)         354M (9%)          378M (9%)         3054M (75%)         336M (8%)     
[149.313s][info][gc,heap     ] GC(279)      Live:         -                58M (1%)           58M (1%)           58M (1%)             -                  -          
[149.313s][info][gc,heap     ] GC(279) Allocated:         -               170M (4%)          196M (5%)          366M (9%)             -                  -          
[149.313s][info][gc,heap     ] GC(279)   Garbage:         -              2817M (69%)          99M (2%)            3M (0%)             -                  -          
[149.313s][info][gc,heap     ] GC(279) Reclaimed:         -                  -              2718M (67%)        2814M (69%)            -                  -          
[149.313s][info][gc          ] GC(279) Garbage Collection (Allocation Rate) 2876M(71%)->378M(9%)
[149.738s][info][gc,start    ] GC(280) Garbage Collection (Allocation Rate)
[149.738s][info][gc,phases   ] GC(280) Pause Mark Start 0.053ms
[149.774s][info][gc,phases   ] GC(280) Concurrent Mark 35.412ms
[149.774s][info][gc,phases   ] GC(280) Pause Mark End 0.224ms
[149.776s][info][gc,phases   ] GC(280) Concurrent Process Non-Strong References 1.585ms
[149.777s][info][gc,phases   ] GC(280) Concurrent Reset Relocation Set 0.893ms
[149.781s][info][gc,phases   ] GC(280) Concurrent Select Relocation Set 4.267ms
[149.781s][info][gc,phases   ] GC(280) Pause Relocate Start 0.066ms
[149.809s][info][gc,phases   ] GC(280) Concurrent Relocate 27.317ms
[149.809s][info][gc,load     ] GC(280) Load: 0.00/0.00/0.00
[149.809s][info][gc,mmu      ] GC(280) MMU: 2ms/77.0%, 5ms/89.5%, 10ms/94.4%, 20ms/97.2%, 50ms/98.7%, 100ms/99.4%
[149.809s][info][gc,marking  ] GC(280) Mark: 1 stripe(s), 2 proactive flush(es), 1 terminate flush(es), 1 completion(s), 0 continuation(s) 
[149.809s][info][gc,nmethod  ] GC(280) NMethods: 1483 registered, 0 unregistered
[149.809s][info][gc,metaspace] GC(280) Metaspace: 4M used, 4M capacity, 4M committed, 1032M reserved
[149.809s][info][gc,ref      ] GC(280) Soft: 261 encountered, 0 discovered, 0 enqueued
[149.809s][info][gc,ref      ] GC(280) Weak: 280 encountered, 229 discovered, 0 enqueued
[149.809s][info][gc,ref      ] GC(280) Final: 1 encountered, 0 discovered, 0 enqueued
[149.809s][info][gc,ref      ] GC(280) Phantom: 39 encountered, 30 discovered, 0 enqueued
[149.809s][info][gc,reloc    ] GC(280) Small Pages: 1209 / 2418M(100%), Empty: 2280M(94%), Compacting: 130M(5%)->46M(2%)
[149.809s][info][gc,reloc    ] GC(280) Medium Pages: 0 / 0M(0%), Empty: 0M(0%), Compacting: 0M(0%)->0M(0%)
[149.809s][info][gc,reloc    ] GC(280) Large Pages: 1 / 8M(0%), Empty: 0M(0%), Compacting: 0M(0%)->0M(0%)
[149.809s][info][gc,reloc    ] GC(280) Relocation: Successful
[149.809s][info][gc,heap     ] GC(280) Min Capacity: 42M(1%)
[149.809s][info][gc,heap     ] GC(280) Max Capacity: 4060M(100%)
[149.809s][info][gc,heap     ] GC(280) Soft Max Capacity: 4060M(100%)
[149.809s][info][gc,heap     ] GC(280)                Mark Start          Mark End        Relocate Start      Relocate End           High               Low         
[149.809s][info][gc,heap     ] GC(280)  Capacity:     3198M (79%)        3198M (79%)        3198M (79%)        3198M (79%)        3198M (79%)        3198M (79%)    
[149.809s][info][gc,heap     ] GC(280)   Reserve:       42M (1%)           42M (1%)           42M (1%)           42M (1%)           42M (1%)           42M (1%)     
[149.809s][info][gc,heap     ] GC(280)      Free:     1592M (39%)        1428M (35%)        3676M (91%)        3638M (90%)        3696M (91%)        1416M (35%)    
[149.809s][info][gc,heap     ] GC(280)      Used:     2426M (60%)        2590M (64%)         342M (8%)          380M (9%)         2602M (64%)         322M (8%)     
[149.809s][info][gc,heap     ] GC(280)      Live:         -                55M (1%)           55M (1%)           55M (1%)             -                  -          
[149.809s][info][gc,heap     ] GC(280) Allocated:         -               164M (4%)          196M (5%)          364M (9%)             -                  -          
[149.809s][info][gc,heap     ] GC(280)   Garbage:         -              2370M (58%)          90M (2%)            2M (0%)             -                  -          
[149.809s][info][gc,heap     ] GC(280) Reclaimed:         -                  -              2280M (56%)        2368M (58%)            -                  -          
[149.809s][info][gc          ] GC(280) Garbage Collection (Allocation Rate) 2426M(60%)->380M(9%)
[150.039s][info][gc,stats    ] === Garbage Collection Statistics =======================================================================================================================
[150.039s][info][gc,stats    ]                                                              Last 10s              Last 10m              Last 10h                Total
[150.039s][info][gc,stats    ]                                                              Avg / Max             Avg / Max             Avg / Max             Avg / Max
[150.039s][info][gc,stats    ]   Collector: Garbage Collection Cycle                     56.605 / 82.156       62.789 / 153.808      62.789 / 153.808      62.789 / 153.808     ms
[150.039s][info][gc,stats    ]  Contention: Mark Segment Reset Contention                     0 / 0                 0 / 0                 0 / 0                 0 / 0           ops/s
[150.039s][info][gc,stats    ]  Contention: Mark SeqNum Reset Contention                      0 / 0                 0 / 0                 0 / 0                 0 / 0           ops/s
[150.039s][info][gc,stats    ]  Contention: Relocation Contention                             0 / 1                 0 / 2                 0 / 2                 0 / 2           ops/s
[150.039s][info][gc,stats    ]    Critical: Allocation Stall                              0.000 / 0.000         0.000 / 0.000         0.000 / 0.000         0.000 / 0.000       ms
[150.039s][info][gc,stats    ]    Critical: Allocation Stall                                  0 / 0                 0 / 0                 0 / 0                 0 / 0           ops/s
[150.039s][info][gc,stats    ]    Critical: GC Locker Stall                               0.000 / 0.000         0.000 / 0.000         0.000 / 0.000         0.000 / 0.000       ms
[150.039s][info][gc,stats    ]    Critical: GC Locker Stall                                   0 / 0                 0 / 0                 0 / 0                 0 / 0           ops/s
[150.039s][info][gc,stats    ]      Memory: Allocation Rate                                4705 / 4788           4607 / 4810           4607 / 4810           4607 / 4810        MB/s
[150.039s][info][gc,stats    ]      Memory: Heap Used After Mark                           2767 / 3150           2692 / 3150           2692 / 3150           2692 / 3150        MB
[150.039s][info][gc,stats    ]      Memory: Heap Used After Relocation                      318 / 414             335 / 476             335 / 476             335 / 476         MB
[150.039s][info][gc,stats    ]      Memory: Heap Used Before Mark                          2595 / 2958           2523 / 2962           2523 / 2962           2523 / 2962        MB
[150.039s][info][gc,stats    ]      Memory: Heap Used Before Relocation                     303 / 366             312 / 384             312 / 384             312 / 384         MB
[150.039s][info][gc,stats    ]      Memory: Out Of Memory                                     0 / 0                 0 / 0                 0 / 0                 0 / 0           ops/s
[150.039s][info][gc,stats    ]      Memory: Page Cache Flush                                  0 / 0                 0 / 0                 0 / 0                 0 / 0           MB/s
[150.039s][info][gc,stats    ]      Memory: Page Cache Hit L1                              2373 / 2436           2317 / 2439           2317 / 2439           2317 / 2439        ops/s
[150.039s][info][gc,stats    ]      Memory: Page Cache Hit L2                                 0 / 0                 0 / 0                 0 / 0                 0 / 0           ops/s
[150.039s][info][gc,stats    ]      Memory: Page Cache Hit L3                                 0 / 0                 0 / 103               0 / 103               0 / 103         ops/s
[150.039s][info][gc,stats    ]      Memory: Page Cache Miss                                   0 / 0                 0 / 0                 0 / 0                 0 / 0           ops/s
[150.039s][info][gc,stats    ]      Memory: Uncommit                                          0 / 0                 0 / 0                 0 / 0                 0 / 0           MB/s
[150.039s][info][gc,stats    ]      Memory: Undo Object Allocation Failed                     0 / 0                 0 / 0                 0 / 0                 0 / 0           ops/s
[150.039s][info][gc,stats    ]      Memory: Undo Object Allocation Succeeded                  0 / 1                 0 / 2                 0 / 2                 0 / 2           ops/s
[150.039s][info][gc,stats    ]      Memory: Undo Page Allocation                              0 / 0                 0 / 0                 0 / 0                 0 / 0           ops/s
[150.039s][info][gc,stats    ]       Phase: Concurrent Mark                              37.842 / 48.355       39.702 / 106.230      39.702 / 106.230      39.702 / 106.230     ms
[150.039s][info][gc,stats    ]       Phase: Concurrent Mark Continue                      0.000 / 0.000         0.000 / 0.000         0.000 / 0.000         0.000 / 0.000       ms
[150.039s][info][gc,stats    ]       Phase: Concurrent Process Non-Strong References      1.574 / 1.690         1.631 / 3.379         1.631 / 3.379         1.631 / 3.379       ms
[150.039s][info][gc,stats    ]       Phase: Concurrent Relocate                          12.898 / 38.108       16.470 / 40.994       16.470 / 40.994       16.470 / 40.994      ms
[150.039s][info][gc,stats    ]       Phase: Concurrent Reset Relocation Set               0.354 / 1.072         0.457 / 1.503         0.457 / 1.503         0.457 / 1.503       ms
[150.039s][info][gc,stats    ]       Phase: Concurrent Select Relocation Set              2.838 / 5.391         3.363 / 7.978         3.363 / 7.978         3.363 / 7.978       ms
[150.039s][info][gc,stats    ]       Phase: Pause Mark End                                0.240 / 0.307         0.258 / 0.459         0.258 / 0.459         0.258 / 0.459       ms
[150.039s][info][gc,stats    ]       Phase: Pause Mark Start                              0.063 / 0.113         0.069 / 0.289         0.069 / 0.289         0.069 / 0.289       ms
[150.039s][info][gc,stats    ]       Phase: Pause Relocate Start                          0.064 / 0.105         0.071 / 0.152         0.071 / 0.152         0.071 / 0.152       ms
[150.039s][info][gc,stats    ]    Subphase: Concurrent Classes Purge                      0.087 / 0.119         0.090 / 0.200         0.090 / 0.200         0.090 / 0.200       ms
[150.039s][info][gc,stats    ]    Subphase: Concurrent Classes Unlink                     1.185 / 1.241         1.212 / 2.988         1.212 / 2.988         1.212 / 2.988       ms
[150.039s][info][gc,stats    ]    Subphase: Concurrent Mark                              37.713 / 48.283       39.567 / 106.127      39.567 / 106.127      39.567 / 106.127     ms
[150.039s][info][gc,stats    ]    Subphase: Concurrent Mark Idle                          0.000 / 0.000         0.000 / 0.000         0.000 / 0.000         0.000 / 0.000       ms
[150.039s][info][gc,stats    ]    Subphase: Concurrent Mark Try Flush                     0.060 / 0.101         0.070 / 0.160         0.070 / 0.160         0.070 / 0.160       ms
[150.039s][info][gc,stats    ]    Subphase: Concurrent Mark Try Terminate                 0.026 / 0.092         0.031 / 0.107         0.031 / 0.107         0.031 / 0.107       ms
[150.039s][info][gc,stats    ]    Subphase: Concurrent References Enqueue                 0.000 / 0.000         0.000 / 0.002         0.000 / 0.002         0.000 / 0.002       ms
[150.039s][info][gc,stats    ]    Subphase: Concurrent References Process                 0.053 / 0.076         0.057 / 0.131         0.057 / 0.131         0.057 / 0.131       ms
[150.039s][info][gc,stats    ]    Subphase: Concurrent Roots                              0.041 / 0.053         0.048 / 0.196         0.048 / 0.196         0.048 / 0.196       ms
[150.039s][info][gc,stats    ]    Subphase: Concurrent Roots ClassLoaderDataGraph         0.037 / 0.048         0.043 / 0.184         0.043 / 0.184         0.043 / 0.184       ms
[150.039s][info][gc,stats    ]    Subphase: Concurrent Roots JNIHandles                   0.002 / 0.002         0.002 / 0.009         0.002 / 0.009         0.002 / 0.009       ms
[150.039s][info][gc,stats    ]    Subphase: Concurrent Roots Setup                        0.002 / 0.003         0.003 / 0.010         0.003 / 0.010         0.003 / 0.010       ms
[150.039s][info][gc,stats    ]    Subphase: Concurrent Roots Teardown                     0.000 / 0.000         0.000 / 0.000         0.000 / 0.000         0.000 / 0.000       ms
[150.039s][info][gc,stats    ]    Subphase: Concurrent Roots VMHandles                    0.002 / 0.002         0.002 / 0.007         0.002 / 0.007         0.002 / 0.007       ms
[150.039s][info][gc,stats    ]    Subphase: Concurrent Weak Roots                         0.146 / 0.156         0.166 / 0.433         0.166 / 0.433         0.166 / 0.433       ms
[150.039s][info][gc,stats    ]    Subphase: Concurrent Weak Roots JNIWeakHandles          0.000 / 0.000         0.000 / 0.001         0.000 / 0.001         0.000 / 0.001       ms
[150.039s][info][gc,stats    ]    Subphase: Concurrent Weak Roots ResolvedMethodTable     0.006 / 0.007         0.006 / 0.018         0.006 / 0.018         0.006 / 0.018       ms
[150.039s][info][gc,stats    ]    Subphase: Concurrent Weak Roots StringTable             0.137 / 0.147         0.156 / 0.416         0.156 / 0.416         0.156 / 0.416       ms
[150.039s][info][gc,stats    ]    Subphase: Concurrent Weak Roots VMWeakHandles           0.002 / 0.003         0.002 / 0.010         0.002 / 0.010         0.002 / 0.010       ms
[150.039s][info][gc,stats    ]    Subphase: Pause Mark Try Complete                       0.134 / 0.149         0.146 / 0.348         0.146 / 0.348         0.146 / 0.348       ms
[150.039s][info][gc,stats    ]    Subphase: Pause Roots                                   0.012 / 0.054         0.013 / 0.246         0.013 / 0.246         0.013 / 0.246       ms
[150.039s][info][gc,stats    ]    Subphase: Pause Roots CodeCache                         0.000 / 0.000         0.000 / 0.000         0.000 / 0.000         0.000 / 0.000       ms
[150.039s][info][gc,stats    ]    Subphase: Pause Roots JVMTIExport                       0.001 / 0.001         0.001 / 0.004         0.001 / 0.004         0.001 / 0.004       ms
[150.039s][info][gc,stats    ]    Subphase: Pause Roots JVMTIWeakExport                   0.001 / 0.001         0.001 / 0.003         0.001 / 0.003         0.001 / 0.003       ms
[150.039s][info][gc,stats    ]    Subphase: Pause Roots Java Threads                      0.016 / 0.050         0.019 / 0.246         0.019 / 0.246         0.019 / 0.246       ms
[150.039s][info][gc,stats    ]    Subphase: Pause Roots Management                        0.001 / 0.002         0.001 / 0.004         0.001 / 0.004         0.001 / 0.004       ms
[150.039s][info][gc,stats    ]    Subphase: Pause Roots ObjectSynchronizer                0.000 / 0.001         0.000 / 0.022         0.000 / 0.022         0.000 / 0.022       ms
[150.039s][info][gc,stats    ]    Subphase: Pause Roots Setup                             0.000 / 0.001         0.000 / 0.002         0.000 / 0.002         0.000 / 0.002       ms
[150.039s][info][gc,stats    ]    Subphase: Pause Roots Teardown                          0.000 / 0.001         0.000 / 0.002         0.000 / 0.002         0.000 / 0.002       ms
[150.039s][info][gc,stats    ]    Subphase: Pause Roots Universe                          0.001 / 0.002         0.001 / 0.015         0.001 / 0.015         0.001 / 0.015       ms
[150.039s][info][gc,stats    ]    Subphase: Pause Roots VM Thread                         0.001 / 0.001         0.001 / 0.003         0.001 / 0.003         0.001 / 0.003       ms
[150.039s][info][gc,stats    ]    Subphase: Pause Weak Roots                              0.003 / 0.017         0.003 / 0.086         0.003 / 0.086         0.003 / 0.086       ms
[150.039s][info][gc,stats    ]    Subphase: Pause Weak Roots JFRWeak                      0.012 / 0.016         0.012 / 0.082         0.012 / 0.082         0.012 / 0.082       ms
[150.039s][info][gc,stats    ]    Subphase: Pause Weak Roots JVMTIWeakExport              0.001 / 0.001         0.001 / 0.006         0.001 / 0.006         0.001 / 0.006       ms
[150.039s][info][gc,stats    ]    Subphase: Pause Weak Roots Setup                        0.000 / 0.000         0.000 / 0.001         0.000 / 0.001         0.000 / 0.001       ms
[150.039s][info][gc,stats    ]    Subphase: Pause Weak Roots Teardown                     0.000 / 0.000         0.000 / 0.000         0.000 / 0.000         0.000 / 0.000       ms
[150.040s][info][gc,stats    ]      System: Java Threads                                     14 / 14               14 / 15               14 / 15               14 / 15          threads
[150.040s][info][gc,stats    ] =========================================================================================================================================================
[150.238s][info][gc,start    ] GC(281) Garbage Collection (Allocation Rate)
[150.238s][info][gc,phases   ] GC(281) Pause Mark Start 0.098ms
[150.285s][info][gc,phases   ] GC(281) Concurrent Mark 46.877ms
[150.285s][info][gc,phases   ] GC(281) Pause Mark End 0.235ms
[150.287s][info][gc,phases   ] GC(281) Concurrent Process Non-Strong References 1.538ms
[150.288s][info][gc,phases   ] GC(281) Concurrent Reset Relocation Set 1.024ms
[150.292s][info][gc,phases   ] GC(281) Concurrent Select Relocation Set 4.314ms
[150.293s][info][gc,phases   ] GC(281) Pause Relocate Start 0.083ms
[150.310s][info][gc,phases   ] GC(281) Concurrent Relocate 16.861ms
[150.310s][info][gc,load     ] GC(281) Load: 0.00/0.00/0.00
[150.310s][info][gc,mmu      ] GC(281) MMU: 2ms/77.0%, 5ms/89.5%, 10ms/94.4%, 20ms/97.2%, 50ms/98.7%, 100ms/99.4%
[150.310s][info][gc,marking  ] GC(281) Mark: 1 stripe(s), 2 proactive flush(es), 1 terminate flush(es), 1 completion(s), 0 continuation(s) 
[150.310s][info][gc,nmethod  ] GC(281) NMethods: 1483 registered, 0 unregistered
[150.310s][info][gc,metaspace] GC(281) Metaspace: 4M used, 4M capacity, 4M committed, 1032M reserved
[150.310s][info][gc,ref      ] GC(281) Soft: 261 encountered, 0 discovered, 0 enqueued
[150.310s][info][gc,ref      ] GC(281) Weak: 280 encountered, 229 discovered, 0 enqueued
[150.310s][info][gc,ref      ] GC(281) Final: 1 encountered, 0 discovered, 0 enqueued
[150.310s][info][gc,ref      ] GC(281) Phantom: 39 encountered, 30 discovered, 0 enqueued
[150.310s][info][gc,reloc    ] GC(281) Small Pages: 1174 / 2348M(100%), Empty: 2220M(94%), Compacting: 80M(3%)->28M(1%)
[150.310s][info][gc,reloc    ] GC(281) Medium Pages: 0 / 0M(0%), Empty: 0M(0%), Compacting: 0M(0%)->0M(0%)
[150.310s][info][gc,reloc    ] GC(281) Large Pages: 1 / 8M(0%), Empty: 0M(0%), Compacting: 0M(0%)->0M(0%)
[150.310s][info][gc,reloc    ] GC(281) Relocation: Successful
[150.310s][info][gc,heap     ] GC(281) Min Capacity: 42M(1%)
[150.310s][info][gc,heap     ] GC(281) Max Capacity: 4060M(100%)
[150.310s][info][gc,heap     ] GC(281) Soft Max Capacity: 4060M(100%)
[150.310s][info][gc,heap     ] GC(281)                Mark Start          Mark End        Relocate Start      Relocate End           High               Low         
[150.310s][info][gc,heap     ] GC(281)  Capacity:     3198M (79%)        3198M (79%)        3198M (79%)        3198M (79%)        3198M (79%)        3198M (79%)    
[150.310s][info][gc,heap     ] GC(281)   Reserve:       42M (1%)           42M (1%)           42M (1%)           42M (1%)           42M (1%)           42M (1%)     
[150.310s][info][gc,heap     ] GC(281)      Free:     1662M (41%)        1478M (36%)        3666M (90%)        3640M (90%)        3686M (91%)        1466M (36%)    
[150.310s][info][gc,heap     ] GC(281)      Used:     2356M (58%)        2540M (63%)         352M (9%)          378M (9%)         2552M (63%)         332M (8%)     
[150.310s][info][gc,heap     ] GC(281)      Live:         -                72M (2%)           72M (2%)           72M (2%)             -                  -          
[150.310s][info][gc,heap     ] GC(281) Allocated:         -               184M (5%)          216M (5%)          322M (8%)             -                  -          
[150.310s][info][gc,heap     ] GC(281)   Garbage:         -              2283M (56%)          63M (2%)           11M (0%)             -                  -          
[150.310s][info][gc,heap     ] GC(281) Reclaimed:         -                  -              2220M (55%)        2272M (56%)            -                  -          
[150.310s][info][gc          ] GC(281) Garbage Collection (Allocation Rate) 2356M(58%)->378M(9%)
[150.738s][info][gc,start    ] GC(282) Garbage Collection (Allocation Rate)
[150.738s][info][gc,phases   ] GC(282) Pause Mark Start 0.066ms
[150.778s][info][gc,phases   ] GC(282) Concurrent Mark 39.353ms
[150.778s][info][gc,phases   ] GC(282) Pause Mark End 0.257ms
[150.780s][info][gc,phases   ] GC(282) Concurrent Process Non-Strong References 1.558ms
[150.781s][info][gc,phases   ] GC(282) Concurrent Reset Relocation Set 0.920ms
[150.784s][info][gc,phases   ] GC(282) Concurrent Select Relocation Set 3.347ms
[150.784s][info][gc,phases   ] GC(282) Pause Relocate Start 0.067ms
[150.795s][info][gc,phases   ] GC(282) Concurrent Relocate 10.941ms
[150.795s][info][gc,load     ] GC(282) Load: 0.00/0.00/0.00
[150.795s][info][gc,mmu      ] GC(282) MMU: 2ms/77.0%, 5ms/89.5%, 10ms/94.4%, 20ms/97.2%, 50ms/98.7%, 100ms/99.4%
[150.795s][info][gc,marking  ] GC(282) Mark: 1 stripe(s), 2 proactive flush(es), 1 terminate flush(es), 1 completion(s), 0 continuation(s) 
[150.795s][info][gc,nmethod  ] GC(282) NMethods: 1483 registered, 0 unregistered
[150.795s][info][gc,metaspace] GC(282) Metaspace: 4M used, 4M capacity, 4M committed, 1032M reserved
[150.795s][info][gc,ref      ] GC(282) Soft: 261 encountered, 0 discovered, 0 enqueued
[150.795s][info][gc,ref      ] GC(282) Weak: 280 encountered, 229 discovered, 0 enqueued
[150.795s][info][gc,ref      ] GC(282) Final: 1 encountered, 0 discovered, 0 enqueued
[150.795s][info][gc,ref      ] GC(282) Phantom: 39 encountered, 30 discovered, 0 enqueued
[150.795s][info][gc,reloc    ] GC(282) Small Pages: 1207 / 2414M(100%), Empty: 2306M(95%), Compacting: 58M(2%)->20M(1%)
[150.795s][info][gc,reloc    ] GC(282) Medium Pages: 0 / 0M(0%), Empty: 0M(0%), Compacting: 0M(0%)->0M(0%)
[150.795s][info][gc,reloc    ] GC(282) Large Pages: 1 / 8M(0%), Empty: 0M(0%), Compacting: 0M(0%)->0M(0%)
[150.795s][info][gc,reloc    ] GC(282) Relocation: Successful
[150.795s][info][gc,heap     ] GC(282) Min Capacity: 42M(1%)
[150.795s][info][gc,heap     ] GC(282) Max Capacity: 4060M(100%)
[150.795s][info][gc,heap     ] GC(282) Soft Max Capacity: 4060M(100%)
[150.795s][info][gc,heap     ] GC(282)                Mark Start          Mark End        Relocate Start      Relocate End           High               Low         
[150.795s][info][gc,heap     ] GC(282)  Capacity:     3198M (79%)        3198M (79%)        3198M (79%)        3198M (79%)        3198M (79%)        3198M (79%)    
[150.795s][info][gc,heap     ] GC(282)   Reserve:       42M (1%)           42M (1%)           42M (1%)           42M (1%)           42M (1%)           42M (1%)     
[150.795s][info][gc,heap     ] GC(282)      Free:     1596M (39%)        1408M (35%)        3686M (91%)        3672M (90%)        3702M (91%)        1398M (34%)    
[150.795s][info][gc,heap     ] GC(282)      Used:     2422M (60%)        2610M (64%)         332M (8%)          346M (9%)         2620M (65%)         316M (8%)     
[150.795s][info][gc,heap     ] GC(282)      Live:         -                67M (2%)           67M (2%)           67M (2%)             -                  -          
[150.795s][info][gc,heap     ] GC(282) Allocated:         -               188M (5%)          216M (5%)          288M (7%)             -                  -          
[150.795s][info][gc,heap     ] GC(282)   Garbage:         -              2354M (58%)          48M (1%)           10M (0%)             -                  -          
[150.796s][info][gc,heap     ] GC(282) Reclaimed:         -                  -              2306M (57%)        2344M (58%)            -                  -          
[150.796s][info][gc          ] GC(282) Garbage Collection (Allocation Rate) 2422M(60%)->346M(9%)
[151.239s][info][gc,start    ] GC(283) Garbage Collection (Allocation Rate)
[151.239s][info][gc,phases   ] GC(283) Pause Mark Start 0.079ms
[151.284s][info][gc,phases   ] GC(283) Concurrent Mark 44.591ms
[151.284s][info][gc,phases   ] GC(283) Pause Mark End 0.215ms
[151.285s][info][gc,phases   ] GC(283) Concurrent Process Non-Strong References 1.397ms
[151.285s][info][gc,phases   ] GC(283) Concurrent Reset Relocation Set 0.046ms
[151.287s][info][gc,phases   ] GC(283) Concurrent Select Relocation Set 1.470ms
[151.287s][info][gc,phases   ] GC(283) Pause Relocate Start 0.045ms
[151.293s][info][gc,phases   ] GC(283) Concurrent Relocate 6.037ms
[151.293s][info][gc,load     ] GC(283) Load: 0.00/0.00/0.00
[151.293s][info][gc,mmu      ] GC(283) MMU: 2ms/77.0%, 5ms/89.5%, 10ms/94.4%, 20ms/97.2%, 50ms/98.7%, 100ms/99.4%
[151.293s][info][gc,marking  ] GC(283) Mark: 1 stripe(s), 2 proactive flush(es), 1 terminate flush(es), 1 completion(s), 0 continuation(s) 
[151.293s][info][gc,nmethod  ] GC(283) NMethods: 1483 registered, 0 unregistered
[151.293s][info][gc,metaspace] GC(283) Metaspace: 4M used, 4M capacity, 4M committed, 1032M reserved
[151.293s][info][gc,ref      ] GC(283) Soft: 261 encountered, 0 discovered, 0 enqueued
[151.293s][info][gc,ref      ] GC(283) Weak: 280 encountered, 229 discovered, 0 enqueued
[151.293s][info][gc,ref      ] GC(283) Final: 1 encountered, 0 discovered, 0 enqueued
[151.293s][info][gc,ref      ] GC(283) Phantom: 39 encountered, 30 discovered, 0 enqueued
[151.293s][info][gc,reloc    ] GC(283) Small Pages: 1205 / 2410M(100%), Empty: 2318M(96%), Compacting: 32M(1%)->10M(0%)
[151.293s][info][gc,reloc    ] GC(283) Medium Pages: 0 / 0M(0%), Empty: 0M(0%), Compacting: 0M(0%)->0M(0%)
[151.293s][info][gc,reloc    ] GC(283) Large Pages: 1 / 8M(0%), Empty: 0M(0%), Compacting: 0M(0%)->0M(0%)
[151.293s][info][gc,reloc    ] GC(283) Relocation: Successful
[151.293s][info][gc,heap     ] GC(283) Min Capacity: 42M(1%)
[151.293s][info][gc,heap     ] GC(283) Max Capacity: 4060M(100%)
[151.293s][info][gc,heap     ] GC(283) Soft Max Capacity: 4060M(100%)
[151.293s][info][gc,heap     ] GC(283)                Mark Start          Mark End        Relocate Start      Relocate End           High               Low         
[151.293s][info][gc,heap     ] GC(283)  Capacity:     3198M (79%)        3198M (79%)        3198M (79%)        3198M (79%)        3198M (79%)        3198M (79%)    
[151.293s][info][gc,heap     ] GC(283)   Reserve:       42M (1%)           42M (1%)           42M (1%)           42M (1%)           42M (1%)           42M (1%)     
[151.293s][info][gc,heap     ] GC(283)      Free:     1600M (39%)        1410M (35%)        3720M (92%)        3712M (91%)        3722M (92%)        1406M (35%)    
[151.293s][info][gc,heap     ] GC(283)      Used:     2418M (60%)        2608M (64%)         298M (7%)          306M (8%)         2612M (64%)         296M (7%)     
[151.293s][info][gc,heap     ] GC(283)      Live:         -                68M (2%)           68M (2%)           68M (2%)             -                  -          
[151.293s][info][gc,heap     ] GC(283) Allocated:         -               190M (5%)          198M (5%)          238M (6%)             -                  -          
[151.293s][info][gc,heap     ] GC(283)   Garbage:         -              2349M (58%)          31M (1%)           15M (0%)             -                  -          
[151.293s][info][gc,heap     ] GC(283) Reclaimed:         -                  -              2318M (57%)        2334M (57%)            -                  -          
[151.293s][info][gc          ] GC(283) Garbage Collection (Allocation Rate) 2418M(60%)->306M(8%)
[151.839s][info][gc,start    ] GC(284) Garbage Collection (Allocation Rate)
[151.839s][info][gc,phases   ] GC(284) Pause Mark Start 0.064ms
[151.876s][info][gc,phases   ] GC(284) Concurrent Mark 37.550ms
[151.877s][info][gc,phases   ] GC(284) Pause Mark End 0.195ms
[151.878s][info][gc,phases   ] GC(284) Concurrent Process Non-Strong References 1.329ms
[151.878s][info][gc,phases   ] GC(284) Concurrent Reset Relocation Set 0.034ms
[151.880s][info][gc,phases   ] GC(284) Concurrent Select Relocation Set 1.507ms
[151.880s][info][gc,phases   ] GC(284) Pause Relocate Start 0.057ms
[151.880s][info][gc,phases   ] GC(284) Concurrent Relocate 0.386ms
[151.880s][info][gc,load     ] GC(284) Load: 0.00/0.00/0.00
[151.880s][info][gc,mmu      ] GC(284) MMU: 2ms/77.0%, 5ms/89.5%, 10ms/94.4%, 20ms/97.2%, 50ms/98.7%, 100ms/99.4%
[151.880s][info][gc,marking  ] GC(284) Mark: 1 stripe(s), 2 proactive flush(es), 1 terminate flush(es), 1 completion(s), 0 continuation(s) 
[151.880s][info][gc,nmethod  ] GC(284) NMethods: 1483 registered, 0 unregistered
[151.880s][info][gc,metaspace] GC(284) Metaspace: 4M used, 4M capacity, 4M committed, 1032M reserved
[151.880s][info][gc,ref      ] GC(284) Soft: 261 encountered, 0 discovered, 0 enqueued
[151.880s][info][gc,ref      ] GC(284) Weak: 280 encountered, 229 discovered, 0 enqueued
[151.880s][info][gc,ref      ] GC(284) Final: 1 encountered, 0 discovered, 0 enqueued
[151.880s][info][gc,ref      ] GC(284) Phantom: 39 encountered, 30 discovered, 0 enqueued
[151.880s][info][gc,reloc    ] GC(284) Small Pages: 1462 / 2924M(100%), Empty: 2844M(97%), Compacting: 12M(0%)->2M(0%)
[151.880s][info][gc,reloc    ] GC(284) Medium Pages: 0 / 0M(0%), Empty: 0M(0%), Compacting: 0M(0%)->0M(0%)
[151.880s][info][gc,reloc    ] GC(284) Large Pages: 1 / 8M(0%), Empty: 0M(0%), Compacting: 0M(0%)->0M(0%)
[151.880s][info][gc,reloc    ] GC(284) Relocation: Successful
[151.880s][info][gc,heap     ] GC(284) Min Capacity: 42M(1%)
[151.880s][info][gc,heap     ] GC(284) Max Capacity: 4060M(100%)
[151.880s][info][gc,heap     ] GC(284) Soft Max Capacity: 4060M(100%)
[151.880s][info][gc,heap     ] GC(284)                Mark Start          Mark End        Relocate Start      Relocate End           High               Low         
[151.880s][info][gc,heap     ] GC(284)  Capacity:     3198M (79%)        3198M (79%)        3198M (79%)        3198M (79%)        3198M (79%)        3198M (79%)    
[151.880s][info][gc,heap     ] GC(284)   Reserve:       42M (1%)           42M (1%)           42M (1%)           42M (1%)           42M (1%)           42M (1%)     
[151.880s][info][gc,heap     ] GC(284)      Free:     1086M (27%)         914M (23%)        3746M (92%)        3750M (92%)        3752M (92%)         908M (22%)    
[151.880s][info][gc,heap     ] GC(284)      Used:     2932M (72%)        3104M (76%)         272M (7%)          268M (7%)         3110M (77%)         266M (7%)     
[151.880s][info][gc,heap     ] GC(284)      Live:         -                67M (2%)           67M (2%)           67M (2%)             -                  -          
[151.880s][info][gc,heap     ] GC(284) Allocated:         -               172M (4%)          184M (5%)          192M (5%)             -                  -          
[151.880s][info][gc,heap     ] GC(284)   Garbage:         -              2864M (71%)          20M (1%)           16M (0%)             -                  -          
[151.880s][info][gc,heap     ] GC(284) Reclaimed:         -                  -              2844M (70%)        2848M (70%)            -                  -          
[151.880s][info][gc          ] GC(284) Garbage Collection (Allocation Rate) 2932M(72%)->268M(7%)
[152.438s][info][gc,start    ] GC(285) Garbage Collection (Allocation Rate)
[152.438s][info][gc,phases   ] GC(285) Pause Mark Start 0.063ms
[152.477s][info][gc,phases   ] GC(285) Concurrent Mark 38.208ms
[152.477s][info][gc,phases   ] GC(285) Pause Mark End 0.238ms
[152.478s][info][gc,phases   ] GC(285) Concurrent Process Non-Strong References 1.548ms
[152.478s][info][gc,phases   ] GC(285) Concurrent Reset Relocation Set 0.022ms
[152.480s][info][gc,phases   ] GC(285) Concurrent Select Relocation Set 1.508ms
[152.480s][info][gc,phases   ] GC(285) Pause Relocate Start 0.060ms
[152.481s][info][gc,phases   ] GC(285) Concurrent Relocate 0.760ms
[152.481s][info][gc,load     ] GC(285) Load: 0.00/0.00/0.00
[152.481s][info][gc,mmu      ] GC(285) MMU: 2ms/77.0%, 5ms/89.5%, 10ms/94.4%, 20ms/97.2%, 50ms/98.7%, 100ms/99.4%
[152.481s][info][gc,marking  ] GC(285) Mark: 1 stripe(s), 2 proactive flush(es), 1 terminate flush(es), 1 completion(s), 0 continuation(s) 
[152.481s][info][gc,nmethod  ] GC(285) NMethods: 1483 registered, 0 unregistered
[152.481s][info][gc,metaspace] GC(285) Metaspace: 4M used, 4M capacity, 4M committed, 1032M reserved
[152.481s][info][gc,ref      ] GC(285) Soft: 261 encountered, 0 discovered, 0 enqueued
[152.481s][info][gc,ref      ] GC(285) Weak: 280 encountered, 229 discovered, 0 enqueued
[152.481s][info][gc,ref      ] GC(285) Final: 1 encountered, 0 discovered, 0 enqueued
[152.481s][info][gc,ref      ] GC(285) Phantom: 39 encountered, 30 discovered, 0 enqueued
[152.481s][info][gc,reloc    ] GC(285) Small Pages: 1468 / 2936M(100%), Empty: 2856M(97%), Compacting: 12M(0%)->2M(0%)
[152.481s][info][gc,reloc    ] GC(285) Medium Pages: 0 / 0M(0%), Empty: 0M(0%), Compacting: 0M(0%)->0M(0%)
[152.481s][info][gc,reloc    ] GC(285) Large Pages: 1 / 8M(0%), Empty: 0M(0%), Compacting: 0M(0%)->0M(0%)
[152.481s][info][gc,reloc    ] GC(285) Relocation: Successful
[152.481s][info][gc,heap     ] GC(285) Min Capacity: 42M(1%)
[152.481s][info][gc,heap     ] GC(285) Max Capacity: 4060M(100%)
[152.481s][info][gc,heap     ] GC(285) Soft Max Capacity: 4060M(100%)
[152.481s][info][gc,heap     ] GC(285)                Mark Start          Mark End        Relocate Start      Relocate End           High               Low         
[152.481s][info][gc,heap     ] GC(285)  Capacity:     3198M (79%)        3198M (79%)        3198M (79%)        3198M (79%)        3198M (79%)        3198M (79%)    
[152.481s][info][gc,heap     ] GC(285)   Reserve:       42M (1%)           42M (1%)           42M (1%)           42M (1%)           42M (1%)           42M (1%)     
[152.481s][info][gc,heap     ] GC(285)      Free:     1074M (26%)         890M (22%)        3732M (92%)        3738M (92%)        3738M (92%)         884M (22%)    
[152.481s][info][gc,heap     ] GC(285)      Used:     2944M (73%)        3128M (77%)         286M (7%)          280M (7%)         3134M (77%)         280M (7%)     
[152.481s][info][gc,heap     ] GC(285)      Live:         -                67M (2%)           67M (2%)           67M (2%)             -                  -          
[152.481s][info][gc,heap     ] GC(285) Allocated:         -               184M (5%)          198M (5%)          204M (5%)             -                  -          
[152.481s][info][gc,heap     ] GC(285)   Garbage:         -              2876M (71%)          20M (0%)           12M (0%)             -                  -          
[152.481s][info][gc,heap     ] GC(285) Reclaimed:         -                  -              2856M (70%)        2864M (71%)            -                  -          
[152.481s][info][gc          ] GC(285) Garbage Collection (Allocation Rate) 2944M(73%)->280M(7%)
[153.039s][info][gc,start    ] GC(286) Garbage Collection (Allocation Rate)
[153.039s][info][gc,phases   ] GC(286) Pause Mark Start 0.045ms
[153.079s][info][gc,phases   ] GC(286) Concurrent Mark 39.842ms
[153.079s][info][gc,phases   ] GC(286) Pause Mark End 0.263ms
[153.081s][info][gc,phases   ] GC(286) Concurrent Process Non-Strong References 1.666ms
[153.081s][info][gc,phases   ] GC(286) Concurrent Reset Relocation Set 0.011ms
[153.082s][info][gc,phases   ] GC(286) Concurrent Select Relocation Set 1.469ms
[153.083s][info][gc,phases   ] GC(286) Pause Relocate Start 0.097ms
[153.090s][info][gc,phases   ] GC(286) Concurrent Relocate 6.748ms
[153.090s][info][gc,load     ] GC(286) Load: 0.00/0.00/0.00
[153.090s][info][gc,mmu      ] GC(286) MMU: 2ms/77.0%, 5ms/89.5%, 10ms/94.4%, 20ms/97.2%, 50ms/98.7%, 100ms/99.4%
[153.090s][info][gc,marking  ] GC(286) Mark: 1 stripe(s), 2 proactive flush(es), 1 terminate flush(es), 1 completion(s), 0 continuation(s) 
[153.090s][info][gc,nmethod  ] GC(286) NMethods: 1483 registered, 0 unregistered
[153.090s][info][gc,metaspace] GC(286) Metaspace: 4M used, 4M capacity, 4M committed, 1032M reserved
[153.090s][info][gc,ref      ] GC(286) Soft: 261 encountered, 0 discovered, 0 enqueued
[153.090s][info][gc,ref      ] GC(286) Weak: 280 encountered, 229 discovered, 0 enqueued
[153.090s][info][gc,ref      ] GC(286) Final: 1 encountered, 0 discovered, 0 enqueued
[153.090s][info][gc,ref      ] GC(286) Phantom: 39 encountered, 30 discovered, 0 enqueued
[153.090s][info][gc,reloc    ] GC(286) Small Pages: 1477 / 2954M(100%), Empty: 2858M(96%), Compacting: 36M(1%)->12M(0%)
[153.090s][info][gc,reloc    ] GC(286) Medium Pages: 0 / 0M(0%), Empty: 0M(0%), Compacting: 0M(0%)->0M(0%)
[153.090s][info][gc,reloc    ] GC(286) Large Pages: 1 / 8M(0%), Empty: 0M(0%), Compacting: 0M(0%)->0M(0%)
[153.090s][info][gc,reloc    ] GC(286) Relocation: Successful
[153.090s][info][gc,heap     ] GC(286) Min Capacity: 42M(1%)
[153.090s][info][gc,heap     ] GC(286) Max Capacity: 4060M(100%)
[153.090s][info][gc,heap     ] GC(286) Soft Max Capacity: 4060M(100%)
[153.090s][info][gc,heap     ] GC(286)                Mark Start          Mark End        Relocate Start      Relocate End           High               Low         
[153.090s][info][gc,heap     ] GC(286)  Capacity:     3198M (79%)        3198M (79%)        3202M (79%)        3202M (79%)        3202M (79%)        3198M (79%)    
[153.090s][info][gc,heap     ] GC(286)   Reserve:       42M (1%)           42M (1%)           42M (1%)           42M (1%)           42M (1%)           42M (1%)     
[153.090s][info][gc,heap     ] GC(286)      Free:     1056M (26%)         864M (21%)        3712M (91%)        3702M (91%)        3716M (92%)         858M (21%)    
[153.090s][info][gc,heap     ] GC(286)      Used:     2962M (73%)        3154M (78%)         306M (8%)          316M (8%)         3160M (78%)         302M (7%)     
[153.090s][info][gc,heap     ] GC(286)      Live:         -                70M (2%)           70M (2%)           70M (2%)             -                  -          
[153.090s][info][gc,heap     ] GC(286) Allocated:         -               192M (5%)          202M (5%)          248M (6%)             -                  -          
[153.090s][info][gc,heap     ] GC(286)   Garbage:         -              2891M (71%)          33M (1%)           11M (0%)             -                  -          
[153.090s][info][gc,heap     ] GC(286) Reclaimed:         -                  -              2858M (70%)        2880M (71%)            -                  -          
[153.090s][info][gc          ] GC(286) Garbage Collection (Allocation Rate) 2962M(73%)->316M(8%)
[153.638s][info][gc,start    ] GC(287) Garbage Collection (Allocation Rate)
[153.638s][info][gc,phases   ] GC(287) Pause Mark Start 0.068ms
[153.678s][info][gc,phases   ] GC(287) Concurrent Mark 40.482ms
[153.679s][info][gc,phases   ] GC(287) Pause Mark End 0.298ms
[153.681s][info][gc,phases   ] GC(287) Concurrent Process Non-Strong References 1.613ms
[153.681s][info][gc,phases   ] GC(287) Concurrent Reset Relocation Set 0.034ms
[153.682s][info][gc,phases   ] GC(287) Concurrent Select Relocation Set 1.586ms
[153.682s][info][gc,phases   ] GC(287) Pause Relocate Start 0.103ms
[153.683s][info][gc,phases   ] GC(287) Concurrent Relocate 0.743ms
[153.683s][info][gc,load     ] GC(287) Load: 0.00/0.00/0.00
[153.683s][info][gc,mmu      ] GC(287) MMU: 2ms/77.0%, 5ms/89.5%, 10ms/94.4%, 20ms/97.2%, 50ms/98.7%, 100ms/99.4%
[153.683s][info][gc,marking  ] GC(287) Mark: 1 stripe(s), 2 proactive flush(es), 1 terminate flush(es), 1 completion(s), 0 continuation(s) 
[153.683s][info][gc,nmethod  ] GC(287) NMethods: 1483 registered, 0 unregistered
[153.683s][info][gc,metaspace] GC(287) Metaspace: 4M used, 4M capacity, 4M committed, 1032M reserved
[153.683s][info][gc,ref      ] GC(287) Soft: 261 encountered, 0 discovered, 0 enqueued
[153.683s][info][gc,ref      ] GC(287) Weak: 280 encountered, 229 discovered, 0 enqueued
[153.683s][info][gc,ref      ] GC(287) Final: 1 encountered, 0 discovered, 0 enqueued
[153.683s][info][gc,ref      ] GC(287) Phantom: 39 encountered, 30 discovered, 0 enqueued
[153.683s][info][gc,reloc    ] GC(287) Small Pages: 1458 / 2916M(100%), Empty: 2840M(97%), Compacting: 8M(0%)->2M(0%)
[153.683s][info][gc,reloc    ] GC(287) Medium Pages: 0 / 0M(0%), Empty: 0M(0%), Compacting: 0M(0%)->0M(0%)
[153.683s][info][gc,reloc    ] GC(287) Large Pages: 1 / 8M(0%), Empty: 0M(0%), Compacting: 0M(0%)->0M(0%)
[153.683s][info][gc,reloc    ] GC(287) Relocation: Successful
[153.683s][info][gc,heap     ] GC(287) Min Capacity: 42M(1%)
[153.683s][info][gc,heap     ] GC(287) Max Capacity: 4060M(100%)
[153.683s][info][gc,heap     ] GC(287) Soft Max Capacity: 4060M(100%)
[153.683s][info][gc,heap     ] GC(287)                Mark Start          Mark End        Relocate Start      Relocate End           High               Low         
[153.683s][info][gc,heap     ] GC(287)  Capacity:     3202M (79%)        3202M (79%)        3202M (79%)        3202M (79%)        3202M (79%)        3202M (79%)    
[153.683s][info][gc,heap     ] GC(287)   Reserve:       42M (1%)           42M (1%)           42M (1%)           42M (1%)           42M (1%)           42M (1%)     
[153.683s][info][gc,heap     ] GC(287)      Free:     1094M (27%)         908M (22%)        3736M (92%)        3738M (92%)        3740M (92%)         900M (22%)    
[153.683s][info][gc,heap     ] GC(287)      Used:     2924M (72%)        3110M (77%)         282M (7%)          280M (7%)         3118M (77%)         278M (7%)     
[153.683s][info][gc,heap     ] GC(287)      Live:         -                68M (2%)           68M (2%)           68M (2%)             -                  -          
[153.683s][info][gc,heap     ] GC(287) Allocated:         -               186M (5%)          198M (5%)          204M (5%)             -                  -          
[153.683s][info][gc,heap     ] GC(287)   Garbage:         -              2855M (70%)          15M (0%)           11M (0%)             -                  -          
[153.683s][info][gc,heap     ] GC(287) Reclaimed:         -                  -              2840M (70%)        2844M (70%)            -                  -          
[153.683s][info][gc          ] GC(287) Garbage Collection (Allocation Rate) 2924M(72%)->280M(7%)
[154.238s][info][gc,start    ] GC(288) Garbage Collection (Allocation Rate)
[154.238s][info][gc,phases   ] GC(288) Pause Mark Start 0.071ms
[154.281s][info][gc,phases   ] GC(288) Concurrent Mark 42.861ms
[154.281s][info][gc,phases   ] GC(288) Pause Mark End 0.238ms
[154.283s][info][gc,phases   ] GC(288) Concurrent Process Non-Strong References 1.643ms
[154.283s][info][gc,phases   ] GC(288) Concurrent Reset Relocation Set 0.020ms
[154.285s][info][gc,phases   ] GC(288) Concurrent Select Relocation Set 1.680ms
[154.285s][info][gc,phases   ] GC(288) Pause Relocate Start 0.064ms
[154.287s][info][gc,phases   ] GC(288) Concurrent Relocate 1.829ms
[154.287s][info][gc,load     ] GC(288) Load: 0.00/0.00/0.00
[154.287s][info][gc,mmu      ] GC(288) MMU: 2ms/77.0%, 5ms/89.5%, 10ms/94.4%, 20ms/97.2%, 50ms/98.7%, 100ms/99.4%
[154.287s][info][gc,marking  ] GC(288) Mark: 1 stripe(s), 2 proactive flush(es), 1 terminate flush(es), 1 completion(s), 0 continuation(s) 
[154.287s][info][gc,nmethod  ] GC(288) NMethods: 1483 registered, 0 unregistered
[154.287s][info][gc,metaspace] GC(288) Metaspace: 4M used, 4M capacity, 4M committed, 1032M reserved
[154.287s][info][gc,ref      ] GC(288) Soft: 261 encountered, 0 discovered, 0 enqueued
[154.287s][info][gc,ref      ] GC(288) Weak: 280 encountered, 229 discovered, 0 enqueued
[154.287s][info][gc,ref      ] GC(288) Final: 1 encountered, 0 discovered, 0 enqueued
[154.287s][info][gc,ref      ] GC(288) Phantom: 39 encountered, 30 discovered, 0 enqueued
[154.287s][info][gc,reloc    ] GC(288) Small Pages: 1473 / 2946M(100%), Empty: 2858M(97%), Compacting: 18M(1%)->4M(0%)
[154.287s][info][gc,reloc    ] GC(288) Medium Pages: 0 / 0M(0%), Empty: 0M(0%), Compacting: 0M(0%)->0M(0%)
[154.287s][info][gc,reloc    ] GC(288) Large Pages: 1 / 8M(0%), Empty: 0M(0%), Compacting: 0M(0%)->0M(0%)
[154.287s][info][gc,reloc    ] GC(288) Relocation: Successful
[154.287s][info][gc,heap     ] GC(288) Min Capacity: 42M(1%)
[154.287s][info][gc,heap     ] GC(288) Max Capacity: 4060M(100%)
[154.287s][info][gc,heap     ] GC(288) Soft Max Capacity: 4060M(100%)
[154.287s][info][gc,heap     ] GC(288)                Mark Start          Mark End        Relocate Start      Relocate End           High               Low         
[154.287s][info][gc,heap     ] GC(288)  Capacity:     3202M (79%)        3202M (79%)        3202M (79%)        3202M (79%)        3202M (79%)        3202M (79%)    
[154.287s][info][gc,heap     ] GC(288)   Reserve:       42M (1%)           42M (1%)           42M (1%)           42M (1%)           42M (1%)           42M (1%)     
[154.287s][info][gc,heap     ] GC(288)      Free:     1064M (26%)         872M (21%)        3714M (91%)        3716M (92%)        3720M (92%)         864M (21%)    
[154.287s][info][gc,heap     ] GC(288)      Used:     2954M (73%)        3146M (77%)         304M (7%)          302M (7%)         3154M (78%)         298M (7%)     
[154.287s][info][gc,heap     ] GC(288)      Live:         -                71M (2%)           71M (2%)           71M (2%)             -                  -          
[154.287s][info][gc,heap     ] GC(288) Allocated:         -               192M (5%)          208M (5%)          224M (6%)             -                  -          
[154.287s][info][gc,heap     ] GC(288)   Garbage:         -              2882M (71%)          24M (1%)           14M (0%)             -                  -          
[154.287s][info][gc,heap     ] GC(288) Reclaimed:         -                  -              2858M (70%)        2868M (71%)            -                  -          
[154.287s][info][gc          ] GC(288) Garbage Collection (Allocation Rate) 2954M(73%)->302M(7%)
[154.838s][info][gc,start    ] GC(289) Garbage Collection (Allocation Rate)
[154.838s][info][gc,phases   ] GC(289) Pause Mark Start 0.047ms
[154.879s][info][gc,phases   ] GC(289) Concurrent Mark 40.064ms
[154.879s][info][gc,phases   ] GC(289) Pause Mark End 0.253ms
[154.881s][info][gc,phases   ] GC(289) Concurrent Process Non-Strong References 1.620ms
[154.881s][info][gc,phases   ] GC(289) Concurrent Reset Relocation Set 0.025ms
[154.882s][info][gc,phases   ] GC(289) Concurrent Select Relocation Set 1.672ms
[154.883s][info][gc,phases   ] GC(289) Pause Relocate Start 0.065ms
[154.885s][info][gc,phases   ] GC(289) Concurrent Relocate 2.645ms
[154.885s][info][gc,load     ] GC(289) Load: 0.00/0.00/0.00
[154.885s][info][gc,mmu      ] GC(289) MMU: 2ms/77.0%, 5ms/89.5%, 10ms/94.4%, 20ms/97.2%, 50ms/98.7%, 100ms/99.4%
[154.885s][info][gc,marking  ] GC(289) Mark: 1 stripe(s), 2 proactive flush(es), 1 terminate flush(es), 1 completion(s), 0 continuation(s) 
[154.885s][info][gc,nmethod  ] GC(289) NMethods: 1483 registered, 0 unregistered
[154.885s][info][gc,metaspace] GC(289) Metaspace: 4M used, 4M capacity, 4M committed, 1032M reserved
[154.885s][info][gc,ref      ] GC(289) Soft: 261 encountered, 0 discovered, 0 enqueued
[154.885s][info][gc,ref      ] GC(289) Weak: 280 encountered, 229 discovered, 0 enqueued
[154.885s][info][gc,ref      ] GC(289) Final: 1 encountered, 0 discovered, 0 enqueued
[154.885s][info][gc,ref      ] GC(289) Phantom: 39 encountered, 30 discovered, 0 enqueued
[154.885s][info][gc,reloc    ] GC(289) Small Pages: 1471 / 2942M(100%), Empty: 2852M(97%), Compacting: 22M(1%)->6M(0%)
[154.885s][info][gc,reloc    ] GC(289) Medium Pages: 0 / 0M(0%), Empty: 0M(0%), Compacting: 0M(0%)->0M(0%)
[154.885s][info][gc,reloc    ] GC(289) Large Pages: 1 / 8M(0%), Empty: 0M(0%), Compacting: 0M(0%)->0M(0%)
[154.885s][info][gc,reloc    ] GC(289) Relocation: Successful
[154.885s][info][gc,heap     ] GC(289) Min Capacity: 42M(1%)
[154.885s][info][gc,heap     ] GC(289) Max Capacity: 4060M(100%)
[154.885s][info][gc,heap     ] GC(289) Soft Max Capacity: 4060M(100%)
[154.885s][info][gc,heap     ] GC(289)                Mark Start          Mark End        Relocate Start      Relocate End           High               Low         
[154.885s][info][gc,heap     ] GC(289)  Capacity:     3202M (79%)        3202M (79%)        3202M (79%)        3202M (79%)        3202M (79%)        3202M (79%)    
[154.885s][info][gc,heap     ] GC(289)   Reserve:       42M (1%)           42M (1%)           42M (1%)           42M (1%)           42M (1%)           42M (1%)     
[154.885s][info][gc,heap     ] GC(289)      Free:     1068M (26%)         876M (22%)        3714M (91%)        3716M (92%)        3720M (92%)         868M (21%)    
[154.885s][info][gc,heap     ] GC(289)      Used:     2950M (73%)        3142M (77%)         304M (7%)          302M (7%)         3150M (78%)         298M (7%)     
[154.885s][info][gc,heap     ] GC(289)      Live:         -                71M (2%)           71M (2%)           71M (2%)             -                  -          
[154.885s][info][gc,heap     ] GC(289) Allocated:         -               192M (5%)          206M (5%)          226M (6%)             -                  -          
[154.885s][info][gc,heap     ] GC(289)   Garbage:         -              2878M (71%)          26M (1%)           10M (0%)             -                  -          
[154.885s][info][gc,heap     ] GC(289) Reclaimed:         -                  -              2852M (70%)        2868M (71%)            -                  -          
[154.885s][info][gc          ] GC(289) Garbage Collection (Allocation Rate) 2950M(73%)->302M(7%)
[155.438s][info][gc,start    ] GC(290) Garbage Collection (Allocation Rate)
[155.438s][info][gc,phases   ] GC(290) Pause Mark Start 0.110ms
[155.478s][info][gc,phases   ] GC(290) Concurrent Mark 40.047ms
[155.479s][info][gc,phases   ] GC(290) Pause Mark End 0.190ms
[155.480s][info][gc,phases   ] GC(290) Concurrent Process Non-Strong References 1.483ms
[155.480s][info][gc,phases   ] GC(290) Concurrent Reset Relocation Set 0.027ms
[155.482s][info][gc,phases   ] GC(290) Concurrent Select Relocation Set 1.623ms
[155.482s][info][gc,phases   ] GC(290) Pause Relocate Start 0.057ms
[155.488s][info][gc,phases   ] GC(290) Concurrent Relocate 5.667ms
[155.488s][info][gc,load     ] GC(290) Load: 0.00/0.00/0.00
[155.488s][info][gc,mmu      ] GC(290) MMU: 2ms/77.0%, 5ms/89.5%, 10ms/94.4%, 20ms/97.2%, 50ms/98.7%, 100ms/99.4%
[155.488s][info][gc,marking  ] GC(290) Mark: 1 stripe(s), 2 proactive flush(es), 1 terminate flush(es), 1 completion(s), 0 continuation(s) 
[155.488s][info][gc,nmethod  ] GC(290) NMethods: 1483 registered, 0 unregistered
[155.488s][info][gc,metaspace] GC(290) Metaspace: 4M used, 4M capacity, 4M committed, 1032M reserved
[155.488s][info][gc,ref      ] GC(290) Soft: 261 encountered, 0 discovered, 0 enqueued
[155.488s][info][gc,ref      ] GC(290) Weak: 280 encountered, 229 discovered, 0 enqueued
[155.488s][info][gc,ref      ] GC(290) Final: 1 encountered, 0 discovered, 0 enqueued
[155.488s][info][gc,ref      ] GC(290) Phantom: 39 encountered, 30 discovered, 0 enqueued
[155.488s][info][gc,reloc    ] GC(290) Small Pages: 1470 / 2940M(100%), Empty: 2848M(97%), Compacting: 30M(1%)->10M(0%)
[155.488s][info][gc,reloc    ] GC(290) Medium Pages: 0 / 0M(0%), Empty: 0M(0%), Compacting: 0M(0%)->0M(0%)
[155.488s][info][gc,reloc    ] GC(290) Large Pages: 1 / 8M(0%), Empty: 0M(0%), Compacting: 0M(0%)->0M(0%)
[155.488s][info][gc,reloc    ] GC(290) Relocation: Successful
[155.488s][info][gc,heap     ] GC(290) Min Capacity: 42M(1%)
[155.488s][info][gc,heap     ] GC(290) Max Capacity: 4060M(100%)
[155.488s][info][gc,heap     ] GC(290) Soft Max Capacity: 4060M(100%)
[155.488s][info][gc,heap     ] GC(290)                Mark Start          Mark End        Relocate Start      Relocate End           High               Low         
[155.488s][info][gc,heap     ] GC(290)  Capacity:     3202M (79%)        3202M (79%)        3202M (79%)        3202M (79%)        3202M (79%)        3202M (79%)    
[155.488s][info][gc,heap     ] GC(290)   Reserve:       42M (1%)           42M (1%)           42M (1%)           42M (1%)           42M (1%)           42M (1%)     
[155.488s][info][gc,heap     ] GC(290)      Free:     1070M (26%)         878M (22%)        3712M (91%)        3702M (91%)        3718M (92%)         872M (21%)    
[155.488s][info][gc,heap     ] GC(290)      Used:     2948M (73%)        3140M (77%)         306M (8%)          316M (8%)         3146M (77%)         300M (7%)     
[155.488s][info][gc,heap     ] GC(290)      Live:         -                70M (2%)           70M (2%)           70M (2%)             -                  -          
[155.488s][info][gc,heap     ] GC(290) Allocated:         -               192M (5%)          206M (5%)          246M (6%)             -                  -          
[155.488s][info][gc,heap     ] GC(290)   Garbage:         -              2877M (71%)          29M (1%)           11M (0%)             -                  -          
[155.488s][info][gc,heap     ] GC(290) Reclaimed:         -                  -              2848M (70%)        2866M (71%)            -                  -          
[155.488s][info][gc          ] GC(290) Garbage Collection (Allocation Rate) 2948M(73%)->316M(8%)
[156.039s][info][gc,start    ] GC(291) Garbage Collection (Allocation Rate)
[156.039s][info][gc,phases   ] GC(291) Pause Mark Start 0.149ms
[156.071s][info][gc,phases   ] GC(291) Concurrent Mark 32.356ms
[156.072s][info][gc,phases   ] GC(291) Pause Mark End 0.194ms
[156.073s][info][gc,phases   ] GC(291) Concurrent Process Non-Strong References 1.550ms
[156.073s][info][gc,phases   ] GC(291) Concurrent Reset Relocation Set 0.036ms
[156.076s][info][gc,phases   ] GC(291) Concurrent Select Relocation Set 2.190ms
[156.076s][info][gc,phases   ] GC(291) Pause Relocate Start 0.052ms
[156.093s][info][gc,phases   ] GC(291) Concurrent Relocate 16.865ms
[156.093s][info][gc,load     ] GC(291) Load: 0.00/0.00/0.00
[156.093s][info][gc,mmu      ] GC(291) MMU: 2ms/77.0%, 5ms/89.5%, 10ms/94.4%, 20ms/97.2%, 50ms/98.7%, 100ms/99.4%
[156.093s][info][gc,marking  ] GC(291) Mark: 1 stripe(s), 2 proactive flush(es), 1 terminate flush(es), 1 completion(s), 0 continuation(s) 
[156.093s][info][gc,nmethod  ] GC(291) NMethods: 1483 registered, 0 unregistered
[156.093s][info][gc,metaspace] GC(291) Metaspace: 4M used, 4M capacity, 4M committed, 1032M reserved
[156.093s][info][gc,ref      ] GC(291) Soft: 261 encountered, 0 discovered, 0 enqueued
[156.093s][info][gc,ref      ] GC(291) Weak: 280 encountered, 229 discovered, 0 enqueued
[156.093s][info][gc,ref      ] GC(291) Final: 1 encountered, 0 discovered, 0 enqueued
[156.093s][info][gc,ref      ] GC(291) Phantom: 39 encountered, 30 discovered, 0 enqueued
[156.093s][info][gc,reloc    ] GC(291) Small Pages: 1352 / 2704M(100%), Empty: 2600M(96%), Compacting: 82M(3%)->30M(1%)
[156.093s][info][gc,reloc    ] GC(291) Medium Pages: 0 / 0M(0%), Empty: 0M(0%), Compacting: 0M(0%)->0M(0%)
[156.093s][info][gc,reloc    ] GC(291) Large Pages: 1 / 8M(0%), Empty: 0M(0%), Compacting: 0M(0%)->0M(0%)
[156.093s][info][gc,reloc    ] GC(291) Relocation: Successful
[156.093s][info][gc,heap     ] GC(291) Min Capacity: 42M(1%)
[156.093s][info][gc,heap     ] GC(291) Max Capacity: 4060M(100%)
[156.093s][info][gc,heap     ] GC(291) Soft Max Capacity: 4060M(100%)
[156.093s][info][gc,heap     ] GC(291)                Mark Start          Mark End        Relocate Start      Relocate End           High               Low         
[156.093s][info][gc,heap     ] GC(291)  Capacity:     3202M (79%)        3202M (79%)        3202M (79%)        3202M (79%)        3202M (79%)        3202M (79%)    
[156.093s][info][gc,heap     ] GC(291)   Reserve:       42M (1%)           42M (1%)           42M (1%)           42M (1%)           42M (1%)           42M (1%)     
[156.093s][info][gc,heap     ] GC(291)      Free:     1306M (32%)        1152M (28%)        3736M (92%)        3708M (91%)        3744M (92%)        1146M (28%)    
[156.093s][info][gc,heap     ] GC(291)      Used:     2712M (67%)        2866M (71%)         282M (7%)          310M (8%)         2872M (71%)         274M (7%)     
[156.093s][info][gc,heap     ] GC(291)      Live:         -                51M (1%)           51M (1%)           51M (1%)             -                  -          
[156.093s][info][gc,heap     ] GC(291) Allocated:         -               154M (4%)          170M (4%)          280M (7%)             -                  -          
[156.093s][info][gc,heap     ] GC(291)   Garbage:         -              2660M (66%)          60M (1%)            6M (0%)             -                  -          
[156.093s][info][gc,heap     ] GC(291) Reclaimed:         -                  -              2600M (64%)        2654M (65%)            -                  -          
[156.093s][info][gc          ] GC(291) Garbage Collection (Allocation Rate) 2712M(67%)->310M(8%)
[156.738s][info][gc,start    ] GC(292) Garbage Collection (Allocation Rate)
[156.738s][info][gc,phases   ] GC(292) Pause Mark Start 0.062ms
[156.779s][info][gc,phases   ] GC(292) Concurrent Mark 41.008ms
[156.780s][info][gc,phases   ] GC(292) Pause Mark End 0.238ms
[156.781s][info][gc,phases   ] GC(292) Concurrent Process Non-Strong References 1.566ms
[156.781s][info][gc,phases   ] GC(292) Concurrent Reset Relocation Set 0.040ms
[156.783s][info][gc,phases   ] GC(292) Concurrent Select Relocation Set 1.826ms
[156.783s][info][gc,phases   ] GC(292) Pause Relocate Start 0.060ms
[156.794s][info][gc,phases   ] GC(292) Concurrent Relocate 10.344ms
[156.794s][info][gc,load     ] GC(292) Load: 0.00/0.00/0.00
[156.794s][info][gc,mmu      ] GC(292) MMU: 2ms/77.0%, 5ms/89.5%, 10ms/94.4%, 20ms/97.2%, 50ms/98.7%, 100ms/99.4%
[156.794s][info][gc,marking  ] GC(292) Mark: 1 stripe(s), 2 proactive flush(es), 1 terminate flush(es), 1 completion(s), 0 continuation(s) 
[156.794s][info][gc,nmethod  ] GC(292) NMethods: 1483 registered, 0 unregistered
[156.794s][info][gc,metaspace] GC(292) Metaspace: 4M used, 4M capacity, 4M committed, 1032M reserved
[156.794s][info][gc,ref      ] GC(292) Soft: 261 encountered, 0 discovered, 0 enqueued
[156.794s][info][gc,ref      ] GC(292) Weak: 280 encountered, 229 discovered, 0 enqueued
[156.794s][info][gc,ref      ] GC(292) Final: 1 encountered, 0 discovered, 0 enqueued
[156.794s][info][gc,ref      ] GC(292) Phantom: 39 encountered, 30 discovered, 0 enqueued
[156.794s][info][gc,reloc    ] GC(292) Small Pages: 1495 / 2990M(100%), Empty: 2884M(96%), Compacting: 50M(2%)->18M(1%)
[156.794s][info][gc,reloc    ] GC(292) Medium Pages: 0 / 0M(0%), Empty: 0M(0%), Compacting: 0M(0%)->0M(0%)
[156.794s][info][gc,reloc    ] GC(292) Large Pages: 1 / 8M(0%), Empty: 0M(0%), Compacting: 0M(0%)->0M(0%)
[156.794s][info][gc,reloc    ] GC(292) Relocation: Successful
[156.794s][info][gc,heap     ] GC(292) Min Capacity: 42M(1%)
[156.794s][info][gc,heap     ] GC(292) Max Capacity: 4060M(100%)
[156.794s][info][gc,heap     ] GC(292) Soft Max Capacity: 4060M(100%)
[156.794s][info][gc,heap     ] GC(292)                Mark Start          Mark End        Relocate Start      Relocate End           High               Low         
[156.794s][info][gc,heap     ] GC(292)  Capacity:     3202M (79%)        3216M (79%)        3220M (79%)        3220M (79%)        3220M (79%)        3202M (79%)    
[156.794s][info][gc,heap     ] GC(292)   Reserve:       42M (1%)           42M (1%)           42M (1%)           42M (1%)           42M (1%)           42M (1%)     
[156.794s][info][gc,heap     ] GC(292)      Free:     1020M (25%)         844M (21%)        3718M (92%)        3706M (91%)        3724M (92%)         840M (21%)    
[156.794s][info][gc,heap     ] GC(292)      Used:     2998M (74%)        3174M (78%)         300M (7%)          312M (8%)         3178M (78%)         294M (7%)     
[156.794s][info][gc,heap     ] GC(292)      Live:         -                71M (2%)           71M (2%)           71M (2%)             -                  -          
[156.794s][info][gc,heap     ] GC(292) Allocated:         -               176M (4%)          186M (5%)          248M (6%)             -                  -          
[156.794s][info][gc,heap     ] GC(292)   Garbage:         -              2926M (72%)          42M (1%)           12M (0%)             -                  -          
[156.794s][info][gc,heap     ] GC(292) Reclaimed:         -                  -              2884M (71%)        2914M (72%)            -                  -          
[156.794s][info][gc          ] GC(292) Garbage Collection (Allocation Rate) 2998M(74%)->312M(8%)
[157.338s][info][gc,start    ] GC(293) Garbage Collection (Allocation Rate)
[157.338s][info][gc,phases   ] GC(293) Pause Mark Start 0.044ms
[157.373s][info][gc,phases   ] GC(293) Concurrent Mark 34.910ms
[157.374s][info][gc,phases   ] GC(293) Pause Mark End 0.239ms
[157.375s][info][gc,phases   ] GC(293) Concurrent Process Non-Strong References 1.545ms
[157.375s][info][gc,phases   ] GC(293) Concurrent Reset Relocation Set 0.043ms
[157.377s][info][gc,phases   ] GC(293) Concurrent Select Relocation Set 1.598ms
[157.377s][info][gc,phases   ] GC(293) Pause Relocate Start 0.070ms
[157.379s][info][gc,phases   ] GC(293) Concurrent Relocate 1.324ms
[157.379s][info][gc,load     ] GC(293) Load: 0.00/0.00/0.00
[157.379s][info][gc,mmu      ] GC(293) MMU: 2ms/77.0%, 5ms/89.5%, 10ms/94.4%, 20ms/97.2%, 50ms/98.7%, 100ms/99.4%
[157.379s][info][gc,marking  ] GC(293) Mark: 1 stripe(s), 2 proactive flush(es), 1 terminate flush(es), 1 completion(s), 0 continuation(s) 
[157.379s][info][gc,nmethod  ] GC(293) NMethods: 1483 registered, 0 unregistered
[157.379s][info][gc,metaspace] GC(293) Metaspace: 4M used, 4M capacity, 4M committed, 1032M reserved
[157.379s][info][gc,ref      ] GC(293) Soft: 261 encountered, 0 discovered, 0 enqueued
[157.379s][info][gc,ref      ] GC(293) Weak: 280 encountered, 229 discovered, 0 enqueued
[157.379s][info][gc,ref      ] GC(293) Final: 1 encountered, 0 discovered, 0 enqueued
[157.379s][info][gc,ref      ] GC(293) Phantom: 39 encountered, 30 discovered, 0 enqueued
[157.379s][info][gc,reloc    ] GC(293) Small Pages: 1447 / 2894M(100%), Empty: 2830M(98%), Compacting: 10M(0%)->2M(0%)
[157.379s][info][gc,reloc    ] GC(293) Medium Pages: 0 / 0M(0%), Empty: 0M(0%), Compacting: 0M(0%)->0M(0%)
[157.379s][info][gc,reloc    ] GC(293) Large Pages: 1 / 8M(0%), Empty: 0M(0%), Compacting: 0M(0%)->0M(0%)
[157.379s][info][gc,reloc    ] GC(293) Relocation: Successful
[157.379s][info][gc,heap     ] GC(293) Min Capacity: 42M(1%)
[157.379s][info][gc,heap     ] GC(293) Max Capacity: 4060M(100%)
[157.379s][info][gc,heap     ] GC(293) Soft Max Capacity: 4060M(100%)
[157.379s][info][gc,heap     ] GC(293)                Mark Start          Mark End        Relocate Start      Relocate End           High               Low         
[157.379s][info][gc,heap     ] GC(293)  Capacity:     3220M (79%)        3220M (79%)        3220M (79%)        3220M (79%)        3220M (79%)        3220M (79%)    
[157.379s][info][gc,heap     ] GC(293)   Reserve:       42M (1%)           42M (1%)           42M (1%)           42M (1%)           42M (1%)           42M (1%)     
[157.379s][info][gc,heap     ] GC(293)      Free:     1116M (27%)         950M (23%)        3768M (93%)        3768M (93%)        3772M (93%)         942M (23%)    
[157.379s][info][gc,heap     ] GC(293)      Used:     2902M (71%)        3068M (76%)         250M (6%)          250M (6%)         3076M (76%)         246M (6%)     
[157.379s][info][gc,heap     ] GC(293)      Live:         -                56M (1%)           56M (1%)           56M (1%)             -                  -          
[157.379s][info][gc,heap     ] GC(293) Allocated:         -               166M (4%)          178M (4%)          188M (5%)             -                  -          
[157.379s][info][gc,heap     ] GC(293)   Garbage:         -              2845M (70%)          15M (0%)            9M (0%)             -                  -          
[157.379s][info][gc,heap     ] GC(293) Reclaimed:         -                  -              2830M (70%)        2836M (70%)            -                  -          
[157.379s][info][gc          ] GC(293) Garbage Collection (Allocation Rate) 2902M(71%)->250M(6%)
[157.838s][info][gc,start    ] GC(294) Garbage Collection (Allocation Rate)
[157.838s][info][gc,phases   ] GC(294) Pause Mark Start 0.044ms
[157.881s][info][gc,phases   ] GC(294) Concurrent Mark 43.095ms
[157.882s][info][gc,phases   ] GC(294) Pause Mark End 0.244ms
[157.883s][info][gc,phases   ] GC(294) Concurrent Process Non-Strong References 1.568ms
[157.883s][info][gc,phases   ] GC(294) Concurrent Reset Relocation Set 0.024ms
[157.885s][info][gc,phases   ] GC(294) Concurrent Select Relocation Set 1.771ms
[157.885s][info][gc,phases   ] GC(294) Pause Relocate Start 0.061ms
[157.888s][info][gc,phases   ] GC(294) Concurrent Relocate 2.907ms
[157.888s][info][gc,load     ] GC(294) Load: 0.00/0.00/0.00
[157.888s][info][gc,mmu      ] GC(294) MMU: 2ms/77.0%, 5ms/89.5%, 10ms/94.4%, 20ms/97.2%, 50ms/98.7%, 100ms/99.4%
[157.888s][info][gc,marking  ] GC(294) Mark: 1 stripe(s), 2 proactive flush(es), 1 terminate flush(es), 1 completion(s), 0 continuation(s) 
[157.888s][info][gc,nmethod  ] GC(294) NMethods: 1483 registered, 0 unregistered
[157.888s][info][gc,metaspace] GC(294) Metaspace: 4M used, 4M capacity, 4M committed, 1032M reserved
[157.888s][info][gc,ref      ] GC(294) Soft: 261 encountered, 0 discovered, 0 enqueued
[157.888s][info][gc,ref      ] GC(294) Weak: 280 encountered, 229 discovered, 0 enqueued
[157.888s][info][gc,ref      ] GC(294) Final: 1 encountered, 0 discovered, 0 enqueued
[157.888s][info][gc,ref      ] GC(294) Phantom: 39 encountered, 30 discovered, 0 enqueued
[157.888s][info][gc,reloc    ] GC(294) Small Pages: 1223 / 2446M(100%), Empty: 2352M(96%), Compacting: 16M(1%)->4M(0%)
[157.888s][info][gc,reloc    ] GC(294) Medium Pages: 0 / 0M(0%), Empty: 0M(0%), Compacting: 0M(0%)->0M(0%)
[157.888s][info][gc,reloc    ] GC(294) Large Pages: 1 / 8M(0%), Empty: 0M(0%), Compacting: 0M(0%)->0M(0%)
[157.888s][info][gc,reloc    ] GC(294) Relocation: Successful
[157.888s][info][gc,heap     ] GC(294) Min Capacity: 42M(1%)
[157.888s][info][gc,heap     ] GC(294) Max Capacity: 4060M(100%)
[157.888s][info][gc,heap     ] GC(294) Soft Max Capacity: 4060M(100%)
[157.888s][info][gc,heap     ] GC(294)                Mark Start          Mark End        Relocate Start      Relocate End           High               Low         
[157.888s][info][gc,heap     ] GC(294)  Capacity:     3220M (79%)        3220M (79%)        3220M (79%)        3220M (79%)        3220M (79%)        3220M (79%)    
[157.888s][info][gc,heap     ] GC(294)   Reserve:       42M (1%)           42M (1%)           42M (1%)           42M (1%)           42M (1%)           42M (1%)     
[157.888s][info][gc,heap     ] GC(294)      Free:     1564M (39%)        1372M (34%)        3708M (91%)        3710M (91%)        3716M (92%)        1364M (34%)    
[157.888s][info][gc,heap     ] GC(294)      Used:     2454M (60%)        2646M (65%)         310M (8%)          308M (8%)         2654M (65%)         302M (7%)     
[157.888s][info][gc,heap     ] GC(294)      Live:         -                78M (2%)           78M (2%)           78M (2%)             -                  -          
[157.888s][info][gc,heap     ] GC(294) Allocated:         -               192M (5%)          208M (5%)          222M (5%)             -                  -          
[157.888s][info][gc,heap     ] GC(294)   Garbage:         -              2375M (59%)          23M (1%)           13M (0%)             -                  -          
[157.888s][info][gc,heap     ] GC(294) Reclaimed:         -                  -              2352M (58%)        2362M (58%)            -                  -          
[157.888s][info][gc          ] GC(294) Garbage Collection (Allocation Rate) 2454M(60%)->308M(8%)
[158.438s][info][gc,start    ] GC(295) Garbage Collection (Allocation Rate)
[158.438s][info][gc,phases   ] GC(295) Pause Mark Start 0.054ms
[158.474s][info][gc,phases   ] GC(295) Concurrent Mark 35.951ms
[158.475s][info][gc,phases   ] GC(295) Pause Mark End 0.237ms
[158.476s][info][gc,phases   ] GC(295) Concurrent Process Non-Strong References 1.592ms
[158.477s][info][gc,phases   ] GC(295) Concurrent Reset Relocation Set 0.035ms
[158.478s][info][gc,phases   ] GC(295) Concurrent Select Relocation Set 1.338ms
[158.478s][info][gc,phases   ] GC(295) Pause Relocate Start 0.065ms
[158.479s][info][gc,phases   ] GC(295) Concurrent Relocate 0.297ms
[158.479s][info][gc,load     ] GC(295) Load: 0.00/0.00/0.00
[158.479s][info][gc,mmu      ] GC(295) MMU: 2ms/77.0%, 5ms/89.5%, 10ms/94.4%, 20ms/97.2%, 50ms/98.7%, 100ms/99.4%
[158.479s][info][gc,marking  ] GC(295) Mark: 1 stripe(s), 2 proactive flush(es), 1 terminate flush(es), 1 completion(s), 0 continuation(s) 
[158.479s][info][gc,nmethod  ] GC(295) NMethods: 1483 registered, 0 unregistered
[158.479s][info][gc,metaspace] GC(295) Metaspace: 4M used, 4M capacity, 4M committed, 1032M reserved
[158.479s][info][gc,ref      ] GC(295) Soft: 261 encountered, 0 discovered, 0 enqueued
[158.479s][info][gc,ref      ] GC(295) Weak: 280 encountered, 229 discovered, 0 enqueued
[158.479s][info][gc,ref      ] GC(295) Final: 1 encountered, 0 discovered, 0 enqueued
[158.479s][info][gc,ref      ] GC(295) Phantom: 39 encountered, 30 discovered, 0 enqueued
[158.479s][info][gc,reloc    ] GC(295) Small Pages: 1461 / 2922M(100%), Empty: 2850M(97%), Compacting: 10M(0%)->2M(0%)
[158.479s][info][gc,reloc    ] GC(295) Medium Pages: 0 / 0M(0%), Empty: 0M(0%), Compacting: 0M(0%)->0M(0%)
[158.479s][info][gc,reloc    ] GC(295) Large Pages: 1 / 8M(0%), Empty: 0M(0%), Compacting: 0M(0%)->0M(0%)
[158.479s][info][gc,reloc    ] GC(295) Relocation: Successful
[158.479s][info][gc,heap     ] GC(295) Min Capacity: 42M(1%)
[158.479s][info][gc,heap     ] GC(295) Max Capacity: 4060M(100%)
[158.479s][info][gc,heap     ] GC(295) Soft Max Capacity: 4060M(100%)
[158.479s][info][gc,heap     ] GC(295)                Mark Start          Mark End        Relocate Start      Relocate End           High               Low         
[158.479s][info][gc,heap     ] GC(295)  Capacity:     3220M (79%)        3220M (79%)        3220M (79%)        3220M (79%)        3220M (79%)        3220M (79%)    
[158.479s][info][gc,heap     ] GC(295)   Reserve:       42M (1%)           42M (1%)           42M (1%)           42M (1%)           42M (1%)           42M (1%)     
[158.479s][info][gc,heap     ] GC(295)      Free:     1088M (27%)         916M (23%)        3754M (92%)        3758M (93%)        3758M (93%)         908M (22%)    
[158.479s][info][gc,heap     ] GC(295)      Used:     2930M (72%)        3102M (76%)         264M (7%)          260M (6%)         3110M (77%)         260M (6%)     
[158.479s][info][gc,heap     ] GC(295)      Live:         -                62M (2%)           62M (2%)           62M (2%)             -                  -          
[158.479s][info][gc,heap     ] GC(295) Allocated:         -               172M (4%)          184M (5%)          190M (5%)             -                  -          
[158.479s][info][gc,heap     ] GC(295)   Garbage:         -              2867M (71%)          17M (0%)           13M (0%)             -                  -          
[158.479s][info][gc,heap     ] GC(295) Reclaimed:         -                  -              2850M (70%)        2854M (70%)            -                  -          
[158.479s][info][gc          ] GC(295) Garbage Collection (Allocation Rate) 2930M(72%)->260M(6%)
[159.038s][info][gc,start    ] GC(296) Garbage Collection (Allocation Rate)
[159.038s][info][gc,phases   ] GC(296) Pause Mark Start 0.063ms
[159.078s][info][gc,phases   ] GC(296) Concurrent Mark 39.900ms
[159.079s][info][gc,phases   ] GC(296) Pause Mark End 0.315ms
[159.080s][info][gc,phases   ] GC(296) Concurrent Process Non-Strong References 1.615ms
[159.080s][info][gc,phases   ] GC(296) Concurrent Reset Relocation Set 0.025ms
[159.082s][info][gc,phases   ] GC(296) Concurrent Select Relocation Set 1.720ms
[159.082s][info][gc,phases   ] GC(296) Pause Relocate Start 0.084ms
[159.083s][info][gc,phases   ] GC(296) Concurrent Relocate 0.328ms
[159.083s][info][gc,load     ] GC(296) Load: 0.00/0.00/0.00
[159.083s][info][gc,mmu      ] GC(296) MMU: 2ms/77.0%, 5ms/89.5%, 10ms/94.4%, 20ms/97.2%, 50ms/98.7%, 100ms/99.4%
[159.083s][info][gc,marking  ] GC(296) Mark: 1 stripe(s), 2 proactive flush(es), 1 terminate flush(es), 1 completion(s), 0 continuation(s) 
[159.083s][info][gc,nmethod  ] GC(296) NMethods: 1483 registered, 0 unregistered
[159.083s][info][gc,metaspace] GC(296) Metaspace: 4M used, 4M capacity, 4M committed, 1032M reserved
[159.083s][info][gc,ref      ] GC(296) Soft: 261 encountered, 0 discovered, 0 enqueued
[159.083s][info][gc,ref      ] GC(296) Weak: 280 encountered, 229 discovered, 0 enqueued
[159.083s][info][gc,ref      ] GC(296) Final: 1 encountered, 0 discovered, 0 enqueued
[159.083s][info][gc,ref      ] GC(296) Phantom: 39 encountered, 30 discovered, 0 enqueued
[159.083s][info][gc,reloc    ] GC(296) Small Pages: 1466 / 2932M(100%), Empty: 2858M(97%), Compacting: 10M(0%)->2M(0%)
[159.083s][info][gc,reloc    ] GC(296) Medium Pages: 0 / 0M(0%), Empty: 0M(0%), Compacting: 0M(0%)->0M(0%)
[159.083s][info][gc,reloc    ] GC(296) Large Pages: 1 / 8M(0%), Empty: 0M(0%), Compacting: 0M(0%)->0M(0%)
[159.083s][info][gc,reloc    ] GC(296) Relocation: Successful
[159.083s][info][gc,heap     ] GC(296) Min Capacity: 42M(1%)
[159.083s][info][gc,heap     ] GC(296) Max Capacity: 4060M(100%)
[159.083s][info][gc,heap     ] GC(296) Soft Max Capacity: 4060M(100%)
[159.083s][info][gc,heap     ] GC(296)                Mark Start          Mark End        Relocate Start      Relocate End           High               Low         
[159.083s][info][gc,heap     ] GC(296)  Capacity:     3220M (79%)        3220M (79%)        3220M (79%)        3220M (79%)        3220M (79%)        3220M (79%)    
[159.083s][info][gc,heap     ] GC(296)   Reserve:       42M (1%)           42M (1%)           42M (1%)           42M (1%)           42M (1%)           42M (1%)     
[159.083s][info][gc,heap     ] GC(296)      Free:     1078M (27%)         886M (22%)        3728M (92%)        3732M (92%)        3736M (92%)         878M (22%)    
[159.083s][info][gc,heap     ] GC(296)      Used:     2940M (72%)        3132M (77%)         290M (7%)          286M (7%)         3140M (77%)         282M (7%)     
[159.083s][info][gc,heap     ] GC(296)      Live:         -                64M (2%)           64M (2%)           64M (2%)             -                  -          
[159.083s][info][gc,heap     ] GC(296) Allocated:         -               192M (5%)          208M (5%)          214M (5%)             -                  -          
[159.083s][info][gc,heap     ] GC(296)   Garbage:         -              2875M (71%)          17M (0%)           11M (0%)             -                  -          
[159.083s][info][gc,heap     ] GC(296) Reclaimed:         -                  -              2858M (70%)        2864M (71%)            -                  -          
[159.083s][info][gc          ] GC(296) Garbage Collection (Allocation Rate) 2940M(72%)->286M(7%)
[159.637s][info][gc,start    ] GC(297) Garbage Collection (Allocation Rate)
[159.637s][info][gc,phases   ] GC(297) Pause Mark Start 0.055ms
[159.678s][info][gc,phases   ] GC(297) Concurrent Mark 40.089ms
[159.678s][info][gc,phases   ] GC(297) Pause Mark End 0.314ms
[159.680s][info][gc,phases   ] GC(297) Concurrent Process Non-Strong References 1.676ms
[159.680s][info][gc,phases   ] GC(297) Concurrent Reset Relocation Set 0.027ms
[159.681s][info][gc,phases   ] GC(297) Concurrent Select Relocation Set 1.498ms
[159.682s][info][gc,phases   ] GC(297) Pause Relocate Start 0.104ms
[159.686s][info][gc,phases   ] GC(297) Concurrent Relocate 3.889ms
[159.686s][info][gc,load     ] GC(297) Load: 0.00/0.00/0.00
[159.686s][info][gc,mmu      ] GC(297) MMU: 2ms/77.0%, 5ms/89.5%, 10ms/94.4%, 20ms/97.2%, 50ms/98.7%, 100ms/99.4%
[159.686s][info][gc,marking  ] GC(297) Mark: 1 stripe(s), 2 proactive flush(es), 1 terminate flush(es), 1 completion(s), 0 continuation(s) 
[159.686s][info][gc,nmethod  ] GC(297) NMethods: 1483 registered, 0 unregistered
[159.686s][info][gc,metaspace] GC(297) Metaspace: 4M used, 4M capacity, 4M committed, 1032M reserved
[159.686s][info][gc,ref      ] GC(297) Soft: 261 encountered, 0 discovered, 0 enqueued
[159.686s][info][gc,ref      ] GC(297) Weak: 280 encountered, 229 discovered, 0 enqueued
[159.686s][info][gc,ref      ] GC(297) Final: 1 encountered, 0 discovered, 0 enqueued
[159.686s][info][gc,ref      ] GC(297) Phantom: 39 encountered, 30 discovered, 0 enqueued
[159.686s][info][gc,reloc    ] GC(297) Small Pages: 1474 / 2948M(100%), Empty: 2856M(97%), Compacting: 26M(1%)->8M(0%)
[159.686s][info][gc,reloc    ] GC(297) Medium Pages: 0 / 0M(0%), Empty: 0M(0%), Compacting: 0M(0%)->0M(0%)
[159.686s][info][gc,reloc    ] GC(297) Large Pages: 1 / 8M(0%), Empty: 0M(0%), Compacting: 0M(0%)->0M(0%)
[159.686s][info][gc,reloc    ] GC(297) Relocation: Successful
[159.686s][info][gc,heap     ] GC(297) Min Capacity: 42M(1%)
[159.686s][info][gc,heap     ] GC(297) Max Capacity: 4060M(100%)
[159.686s][info][gc,heap     ] GC(297) Soft Max Capacity: 4060M(100%)
[159.686s][info][gc,heap     ] GC(297)                Mark Start          Mark End        Relocate Start      Relocate End           High               Low         
[159.686s][info][gc,heap     ] GC(297)  Capacity:     3220M (79%)        3220M (79%)        3220M (79%)        3220M (79%)        3220M (79%)        3220M (79%)    
[159.686s][info][gc,heap     ] GC(297)   Reserve:       42M (1%)           42M (1%)           42M (1%)           42M (1%)           42M (1%)           42M (1%)     
[159.686s][info][gc,heap     ] GC(297)      Free:     1062M (26%)         870M (21%)        3712M (91%)        3708M (91%)        3716M (92%)         862M (21%)    
[159.686s][info][gc,heap     ] GC(297)      Used:     2956M (73%)        3148M (78%)         306M (8%)          310M (8%)         3156M (78%)         302M (7%)     
[159.686s][info][gc,heap     ] GC(297)      Live:         -                70M (2%)           70M (2%)           70M (2%)             -                  -          
[159.686s][info][gc,heap     ] GC(297) Allocated:         -               192M (5%)          206M (5%)          236M (6%)             -                  -          
[159.686s][info][gc,heap     ] GC(297)   Garbage:         -              2885M (71%)          29M (1%)           13M (0%)             -                  -          
[159.686s][info][gc,heap     ] GC(297) Reclaimed:         -                  -              2856M (70%)        2872M (71%)            -                  -          
[159.686s][info][gc          ] GC(297) Garbage Collection (Allocation Rate) 2956M(73%)->310M(8%)
[160.038s][info][gc,stats    ] === Garbage Collection Statistics =======================================================================================================================
[160.038s][info][gc,stats    ]                                                              Last 10s              Last 10m              Last 10h                Total
[160.038s][info][gc,stats    ]                                                              Avg / Max             Avg / Max             Avg / Max             Avg / Max
[160.038s][info][gc,stats    ]   Collector: Garbage Collection Cycle                     49.724 / 71.727       62.044 / 153.808      62.044 / 153.808      62.044 / 153.808     ms
[160.038s][info][gc,stats    ]  Contention: Mark Segment Reset Contention                     0 / 0                 0 / 0                 0 / 0                 0 / 0           ops/s
[160.038s][info][gc,stats    ]  Contention: Mark SeqNum Reset Contention                      0 / 0                 0 / 0                 0 / 0                 0 / 0           ops/s
[160.038s][info][gc,stats    ]  Contention: Relocation Contention                             0 / 0                 0 / 2                 0 / 2                 0 / 2           ops/s
[160.038s][info][gc,stats    ]    Critical: Allocation Stall                              0.000 / 0.000         0.000 / 0.000         0.000 / 0.000         0.000 / 0.000       ms
[160.038s][info][gc,stats    ]    Critical: Allocation Stall                                  0 / 0                 0 / 0                 0 / 0                 0 / 0           ops/s
[160.038s][info][gc,stats    ]    Critical: GC Locker Stall                               0.000 / 0.000         0.000 / 0.000         0.000 / 0.000         0.000 / 0.000       ms
[160.038s][info][gc,stats    ]    Critical: GC Locker Stall                                   0 / 0                 0 / 0                 0 / 0                 0 / 0           ops/s
[160.038s][info][gc,stats    ]      Memory: Allocation Rate                                4688 / 4796           4612 / 4810           4612 / 4810           4612 / 4810        MB/s
[160.038s][info][gc,stats    ]      Memory: Heap Used After Mark                           2989 / 3174           2709 / 3174           2709 / 3174           2709 / 3174        MB
[160.038s][info][gc,stats    ]      Memory: Heap Used After Relocation                      301 / 378             333 / 476             333 / 476             333 / 476         MB
[160.038s][info][gc,stats    ]      Memory: Heap Used Before Mark                          2806 / 2998           2539 / 2998           2539 / 2998           2539 / 2998        MB
[160.038s][info][gc,stats    ]      Memory: Heap Used Before Relocation                     296 / 352             312 / 384             312 / 384             312 / 384         MB
[160.038s][info][gc,stats    ]      Memory: Out Of Memory                                     0 / 0                 0 / 0                 0 / 0                 0 / 0           ops/s
[160.038s][info][gc,stats    ]      Memory: Page Cache Flush                                  0 / 0                 0 / 0                 0 / 0                 0 / 0           MB/s
[160.038s][info][gc,stats    ]      Memory: Page Cache Hit L1                              2352 / 2405           2319 / 2439           2319 / 2439           2319 / 2439        ops/s
[160.038s][info][gc,stats    ]      Memory: Page Cache Hit L2                                 0 / 0                 0 / 0                 0 / 0                 0 / 0           ops/s
[160.038s][info][gc,stats    ]      Memory: Page Cache Hit L3                                 0 / 0                 0 / 103               0 / 103               0 / 103         ops/s
[160.038s][info][gc,stats    ]      Memory: Page Cache Miss                                   0 / 0                 0 / 0                 0 / 0                 0 / 0           ops/s
[160.038s][info][gc,stats    ]      Memory: Uncommit                                          0 / 0                 0 / 0                 0 / 0                 0 / 0           MB/s
[160.038s][info][gc,stats    ]      Memory: Undo Object Allocation Failed                     0 / 0                 0 / 0                 0 / 0                 0 / 0           ops/s
[160.038s][info][gc,stats    ]      Memory: Undo Object Allocation Succeeded                  0 / 0                 0 / 2                 0 / 2                 0 / 2           ops/s
[160.038s][info][gc,stats    ]      Memory: Undo Page Allocation                              0 / 0                 0 / 0                 0 / 0                 0 / 0           ops/s
[160.038s][info][gc,stats    ]       Phase: Concurrent Mark                              39.834 / 46.877       39.709 / 106.230      39.709 / 106.230      39.709 / 106.230     ms
[160.038s][info][gc,stats    ]       Phase: Concurrent Mark Continue                      0.000 / 0.000         0.000 / 0.000         0.000 / 0.000         0.000 / 0.000       ms
[160.038s][info][gc,stats    ]       Phase: Concurrent Process Non-Strong References      1.559 / 1.676         1.627 / 3.379         1.627 / 3.379         1.627 / 3.379       ms
[160.038s][info][gc,stats    ]       Phase: Concurrent Relocate                           5.210 / 16.865       15.828 / 40.994       15.828 / 40.994       15.828 / 40.994      ms
[160.038s][info][gc,stats    ]       Phase: Concurrent Reset Relocation Set               0.141 / 1.024         0.439 / 1.503         0.439 / 1.503         0.439 / 1.503       ms
[160.038s][info][gc,stats    ]       Phase: Concurrent Select Relocation Set              1.889 / 4.314         3.279 / 7.978         3.279 / 7.978         3.279 / 7.978       ms
[160.038s][info][gc,stats    ]       Phase: Pause Mark End                                0.245 / 0.315         0.257 / 0.459         0.257 / 0.459         0.257 / 0.459       ms
[160.038s][info][gc,stats    ]       Phase: Pause Mark Start                              0.069 / 0.149         0.069 / 0.289         0.069 / 0.289         0.069 / 0.289       ms
[160.038s][info][gc,stats    ]       Phase: Pause Relocate Start                          0.070 / 0.104         0.071 / 0.152         0.071 / 0.152         0.071 / 0.152       ms
[160.038s][info][gc,stats    ]    Subphase: Concurrent Classes Purge                      0.086 / 0.114         0.090 / 0.200         0.090 / 0.200         0.090 / 0.200       ms
[160.038s][info][gc,stats    ]    Subphase: Concurrent Classes Unlink                     1.167 / 1.248         1.210 / 2.988         1.210 / 2.988         1.210 / 2.988       ms
[160.038s][info][gc,stats    ]    Subphase: Concurrent Mark                              39.707 / 46.748       39.575 / 106.127      39.575 / 106.127      39.575 / 106.127     ms
[160.038s][info][gc,stats    ]    Subphase: Concurrent Mark Idle                          0.000 / 0.000         0.000 / 0.000         0.000 / 0.000         0.000 / 0.000       ms
[160.038s][info][gc,stats    ]    Subphase: Concurrent Mark Try Flush                     0.067 / 0.125         0.070 / 0.160         0.070 / 0.160         0.070 / 0.160       ms
[160.038s][info][gc,stats    ]    Subphase: Concurrent Mark Try Terminate                 0.028 / 0.091         0.031 / 0.107         0.031 / 0.107         0.031 / 0.107       ms
[160.038s][info][gc,stats    ]    Subphase: Concurrent References Enqueue                 0.000 / 0.001         0.000 / 0.002         0.000 / 0.002         0.000 / 0.002       ms
[160.038s][info][gc,stats    ]    Subphase: Concurrent References Process                 0.062 / 0.096         0.057 / 0.131         0.057 / 0.131         0.057 / 0.131       ms
[160.038s][info][gc,stats    ]    Subphase: Concurrent Roots                              0.041 / 0.054         0.048 / 0.196         0.048 / 0.196         0.048 / 0.196       ms
[160.038s][info][gc,stats    ]    Subphase: Concurrent Roots ClassLoaderDataGraph         0.037 / 0.049         0.043 / 0.184         0.043 / 0.184         0.043 / 0.184       ms
[160.038s][info][gc,stats    ]    Subphase: Concurrent Roots JNIHandles                   0.002 / 0.003         0.002 / 0.009         0.002 / 0.009         0.002 / 0.009       ms
[160.038s][info][gc,stats    ]    Subphase: Concurrent Roots Setup                        0.003 / 0.003         0.003 / 0.010         0.003 / 0.010         0.003 / 0.010       ms
[160.038s][info][gc,stats    ]    Subphase: Concurrent Roots Teardown                     0.000 / 0.000         0.000 / 0.000         0.000 / 0.000         0.000 / 0.000       ms
[160.038s][info][gc,stats    ]    Subphase: Concurrent Roots VMHandles                    0.002 / 0.002         0.002 / 0.007         0.002 / 0.007         0.002 / 0.007       ms
[160.038s][info][gc,stats    ]    Subphase: Concurrent Weak Roots                         0.145 / 0.160         0.165 / 0.433         0.165 / 0.433         0.165 / 0.433       ms
[160.038s][info][gc,stats    ]    Subphase: Concurrent Weak Roots JNIWeakHandles          0.000 / 0.000         0.000 / 0.001         0.000 / 0.001         0.000 / 0.001       ms
[160.038s][info][gc,stats    ]    Subphase: Concurrent Weak Roots ResolvedMethodTable     0.006 / 0.006         0.006 / 0.018         0.006 / 0.018         0.006 / 0.018       ms
[160.038s][info][gc,stats    ]    Subphase: Concurrent Weak Roots StringTable             0.137 / 0.151         0.155 / 0.416         0.155 / 0.416         0.155 / 0.416       ms
[160.038s][info][gc,stats    ]    Subphase: Concurrent Weak Roots VMWeakHandles           0.002 / 0.003         0.002 / 0.010         0.002 / 0.010         0.002 / 0.010       ms
[160.038s][info][gc,stats    ]    Subphase: Pause Mark Try Complete                       0.135 / 0.164         0.145 / 0.348         0.145 / 0.348         0.145 / 0.348       ms
[160.038s][info][gc,stats    ]    Subphase: Pause Roots                                   0.013 / 0.052         0.013 / 0.246         0.013 / 0.246         0.013 / 0.246       ms
[160.038s][info][gc,stats    ]    Subphase: Pause Roots CodeCache                         0.000 / 0.000         0.000 / 0.000         0.000 / 0.000         0.000 / 0.000       ms
[160.038s][info][gc,stats    ]    Subphase: Pause Roots JVMTIExport                       0.001 / 0.001         0.001 / 0.004         0.001 / 0.004         0.001 / 0.004       ms
[160.038s][info][gc,stats    ]    Subphase: Pause Roots JVMTIWeakExport                   0.001 / 0.001         0.001 / 0.003         0.001 / 0.003         0.001 / 0.003       ms
[160.038s][info][gc,stats    ]    Subphase: Pause Roots Java Threads                      0.017 / 0.048         0.018 / 0.246         0.018 / 0.246         0.018 / 0.246       ms
[160.038s][info][gc,stats    ]    Subphase: Pause Roots Management                        0.001 / 0.001         0.001 / 0.004         0.001 / 0.004         0.001 / 0.004       ms
[160.038s][info][gc,stats    ]    Subphase: Pause Roots ObjectSynchronizer                0.000 / 0.001         0.000 / 0.022         0.000 / 0.022         0.000 / 0.022       ms
[160.038s][info][gc,stats    ]    Subphase: Pause Roots Setup                             0.000 / 0.001         0.000 / 0.002         0.000 / 0.002         0.000 / 0.002       ms
[160.038s][info][gc,stats    ]    Subphase: Pause Roots Teardown                          0.000 / 0.001         0.000 / 0.002         0.000 / 0.002         0.000 / 0.002       ms
[160.038s][info][gc,stats    ]    Subphase: Pause Roots Universe                          0.001 / 0.003         0.001 / 0.015         0.001 / 0.015         0.001 / 0.015       ms
[160.038s][info][gc,stats    ]    Subphase: Pause Roots VM Thread                         0.001 / 0.001         0.001 / 0.003         0.001 / 0.003         0.001 / 0.003       ms
[160.038s][info][gc,stats    ]    Subphase: Pause Weak Roots                              0.003 / 0.017         0.003 / 0.086         0.003 / 0.086         0.003 / 0.086       ms
[160.038s][info][gc,stats    ]    Subphase: Pause Weak Roots JFRWeak                      0.012 / 0.017         0.012 / 0.082         0.012 / 0.082         0.012 / 0.082       ms
[160.038s][info][gc,stats    ]    Subphase: Pause Weak Roots JVMTIWeakExport              0.001 / 0.001         0.001 / 0.006         0.001 / 0.006         0.001 / 0.006       ms
[160.038s][info][gc,stats    ]    Subphase: Pause Weak Roots Setup                        0.000 / 0.001         0.000 / 0.001         0.000 / 0.001         0.000 / 0.001       ms
[160.038s][info][gc,stats    ]    Subphase: Pause Weak Roots Teardown                     0.000 / 0.000         0.000 / 0.000         0.000 / 0.000         0.000 / 0.000       ms
[160.038s][info][gc,stats    ]      System: Java Threads                                     14 / 14               14 / 15               14 / 15               14 / 15          threads
[160.038s][info][gc,stats    ] =========================================================================================================================================================
[160.237s][info][gc,start    ] GC(298) Garbage Collection (Allocation Rate)
[160.238s][info][gc,phases   ] GC(298) Pause Mark Start 0.060ms
[160.282s][info][gc,phases   ] GC(298) Concurrent Mark 44.030ms
[160.282s][info][gc,phases   ] GC(298) Pause Mark End 0.244ms
[160.284s][info][gc,phases   ] GC(298) Concurrent Process Non-Strong References 1.545ms
[160.284s][info][gc,phases   ] GC(298) Concurrent Reset Relocation Set 0.030ms
[160.286s][info][gc,phases   ] GC(298) Concurrent Select Relocation Set 1.745ms
[160.286s][info][gc,phases   ] GC(298) Pause Relocate Start 0.091ms
[160.296s][info][gc,phases   ] GC(298) Concurrent Relocate 10.468ms
[160.296s][info][gc,load     ] GC(298) Load: 0.00/0.00/0.00
[160.296s][info][gc,mmu      ] GC(298) MMU: 2ms/77.0%, 5ms/89.5%, 10ms/94.4%, 20ms/97.2%, 50ms/98.7%, 100ms/99.4%
[160.296s][info][gc,marking  ] GC(298) Mark: 1 stripe(s), 2 proactive flush(es), 1 terminate flush(es), 1 completion(s), 0 continuation(s) 
[160.296s][info][gc,nmethod  ] GC(298) NMethods: 1483 registered, 0 unregistered
[160.296s][info][gc,metaspace] GC(298) Metaspace: 4M used, 4M capacity, 4M committed, 1032M reserved
[160.296s][info][gc,ref      ] GC(298) Soft: 261 encountered, 0 discovered, 0 enqueued
[160.296s][info][gc,ref      ] GC(298) Weak: 280 encountered, 229 discovered, 0 enqueued
[160.296s][info][gc,ref      ] GC(298) Final: 1 encountered, 0 discovered, 0 enqueued
[160.296s][info][gc,ref      ] GC(298) Phantom: 39 encountered, 30 discovered, 0 enqueued
[160.296s][info][gc,reloc    ] GC(298) Small Pages: 1476 / 2952M(100%), Empty: 2848M(96%), Compacting: 52M(2%)->18M(1%)
[160.296s][info][gc,reloc    ] GC(298) Medium Pages: 0 / 0M(0%), Empty: 0M(0%), Compacting: 0M(0%)->0M(0%)
[160.296s][info][gc,reloc    ] GC(298) Large Pages: 1 / 8M(0%), Empty: 0M(0%), Compacting: 0M(0%)->0M(0%)
[160.296s][info][gc,reloc    ] GC(298) Relocation: Successful
[160.296s][info][gc,heap     ] GC(298) Min Capacity: 42M(1%)
[160.296s][info][gc,heap     ] GC(298) Max Capacity: 4060M(100%)
[160.296s][info][gc,heap     ] GC(298) Soft Max Capacity: 4060M(100%)
[160.296s][info][gc,heap     ] GC(298)                Mark Start          Mark End        Relocate Start      Relocate End           High               Low         
[160.296s][info][gc,heap     ] GC(298)  Capacity:     3220M (79%)        3220M (79%)        3220M (79%)        3220M (79%)        3220M (79%)        3220M (79%)    
[160.296s][info][gc,heap     ] GC(298)   Reserve:       42M (1%)           42M (1%)           42M (1%)           42M (1%)           42M (1%)           42M (1%)     
[160.296s][info][gc,heap     ] GC(298)      Free:     1058M (26%)         870M (21%)        3702M (91%)        3686M (91%)        3710M (91%)         862M (21%)    
[160.296s][info][gc,heap     ] GC(298)      Used:     2960M (73%)        3148M (78%)         316M (8%)          332M (8%)         3156M (78%)         308M (8%)     
[160.296s][info][gc,heap     ] GC(298)      Live:         -                68M (2%)           68M (2%)           68M (2%)             -                  -          
[160.296s][info][gc,heap     ] GC(298) Allocated:         -               188M (5%)          204M (5%)          272M (7%)             -                  -          
[160.296s][info][gc,heap     ] GC(298)   Garbage:         -              2891M (71%)          43M (1%)            9M (0%)             -                  -          
[160.296s][info][gc,heap     ] GC(298) Reclaimed:         -                  -              2848M (70%)        2882M (71%)            -                  -          
[160.297s][info][gc          ] GC(298) Garbage Collection (Allocation Rate) 2960M(73%)->332M(8%)
[160.839s][info][gc,start    ] GC(299) Garbage Collection (Allocation Rate)
[160.839s][info][gc,phases   ] GC(299) Pause Mark Start 0.055ms
[160.867s][info][gc,phases   ] GC(299) Concurrent Mark 27.757ms
[160.867s][info][gc,phases   ] GC(299) Pause Mark End 0.298ms
[160.869s][info][gc,phases   ] GC(299) Concurrent Process Non-Strong References 1.677ms
[160.869s][info][gc,phases   ] GC(299) Concurrent Reset Relocation Set 0.043ms
[160.870s][info][gc,phases   ] GC(299) Concurrent Select Relocation Set 1.617ms
[160.871s][info][gc,phases   ] GC(299) Pause Relocate Start 0.112ms
[160.871s][info][gc,phases   ] GC(299) Concurrent Relocate 0.353ms
[160.871s][info][gc,load     ] GC(299) Load: 0.00/0.00/0.00
[160.871s][info][gc,mmu      ] GC(299) MMU: 2ms/77.0%, 5ms/89.5%, 10ms/94.4%, 20ms/97.2%, 50ms/98.7%, 100ms/99.4%
[160.871s][info][gc,marking  ] GC(299) Mark: 1 stripe(s), 2 proactive flush(es), 1 terminate flush(es), 1 completion(s), 0 continuation(s) 
[160.871s][info][gc,nmethod  ] GC(299) NMethods: 1483 registered, 0 unregistered
[160.871s][info][gc,metaspace] GC(299) Metaspace: 4M used, 4M capacity, 4M committed, 1032M reserved
[160.871s][info][gc,ref      ] GC(299) Soft: 261 encountered, 0 discovered, 0 enqueued
[160.871s][info][gc,ref      ] GC(299) Weak: 280 encountered, 229 discovered, 0 enqueued
[160.871s][info][gc,ref      ] GC(299) Final: 1 encountered, 0 discovered, 0 enqueued
[160.871s][info][gc,ref      ] GC(299) Phantom: 39 encountered, 30 discovered, 0 enqueued
[160.871s][info][gc,reloc    ] GC(299) Small Pages: 1439 / 2878M(100%), Empty: 2828M(98%), Compacting: 10M(0%)->2M(0%)
[160.871s][info][gc,reloc    ] GC(299) Medium Pages: 0 / 0M(0%), Empty: 0M(0%), Compacting: 0M(0%)->0M(0%)
[160.871s][info][gc,reloc    ] GC(299) Large Pages: 1 / 8M(0%), Empty: 0M(0%), Compacting: 0M(0%)->0M(0%)
[160.871s][info][gc,reloc    ] GC(299) Relocation: Successful
[160.871s][info][gc,heap     ] GC(299) Min Capacity: 42M(1%)
[160.871s][info][gc,heap     ] GC(299) Max Capacity: 4060M(100%)
[160.871s][info][gc,heap     ] GC(299) Soft Max Capacity: 4060M(100%)
[160.871s][info][gc,heap     ] GC(299)                Mark Start          Mark End        Relocate Start      Relocate End           High               Low         
[160.871s][info][gc,heap     ] GC(299)  Capacity:     3220M (79%)        3220M (79%)        3220M (79%)        3220M (79%)        3220M (79%)        3220M (79%)    
[160.871s][info][gc,heap     ] GC(299)   Reserve:       42M (1%)           42M (1%)           42M (1%)           42M (1%)           42M (1%)           42M (1%)     
[160.871s][info][gc,heap     ] GC(299)      Free:     1132M (28%)         998M (25%)        3812M (94%)        3816M (94%)        3816M (94%)         990M (24%)    
[160.871s][info][gc,heap     ] GC(299)      Used:     2886M (71%)        3020M (74%)         206M (5%)          202M (5%)         3028M (75%)         202M (5%)     
[160.871s][info][gc,heap     ] GC(299)      Live:         -                43M (1%)           43M (1%)           43M (1%)             -                  -          
[160.871s][info][gc,heap     ] GC(299) Allocated:         -               134M (3%)          148M (4%)          154M (4%)             -                  -          
[160.871s][info][gc,heap     ] GC(299)   Garbage:         -              2842M (70%)          14M (0%)            8M (0%)             -                  -          
[160.871s][info][gc,heap     ] GC(299) Reclaimed:         -                  -              2828M (70%)        2834M (70%)            -                  -          
[160.871s][info][gc          ] GC(299) Garbage Collection (Allocation Rate) 2886M(71%)->202M(5%)
[161.438s][info][gc,start    ] GC(300) Garbage Collection (Allocation Rate)
[161.438s][info][gc,phases   ] GC(300) Pause Mark Start 0.057ms
[161.468s][info][gc,phases   ] GC(300) Concurrent Mark 29.428ms
[161.468s][info][gc,phases   ] GC(300) Pause Mark End 0.351ms
[161.470s][info][gc,phases   ] GC(300) Concurrent Process Non-Strong References 1.757ms
[161.470s][info][gc,phases   ] GC(300) Concurrent Reset Relocation Set 0.024ms
[161.472s][info][gc,phases   ] GC(300) Concurrent Select Relocation Set 1.771ms
[161.472s][info][gc,phases   ] GC(300) Pause Relocate Start 0.050ms
[161.477s][info][gc,phases   ] GC(300) Concurrent Relocate 5.392ms
[161.478s][info][gc,load     ] GC(300) Load: 0.00/0.00/0.00
[161.478s][info][gc,mmu      ] GC(300) MMU: 2ms/77.0%, 5ms/89.5%, 10ms/94.4%, 20ms/97.2%, 50ms/98.7%, 100ms/99.4%
[161.478s][info][gc,marking  ] GC(300) Mark: 1 stripe(s), 2 proactive flush(es), 1 terminate flush(es), 1 completion(s), 0 continuation(s) 
[161.478s][info][gc,nmethod  ] GC(300) NMethods: 1483 registered, 0 unregistered
[161.478s][info][gc,metaspace] GC(300) Metaspace: 4M used, 4M capacity, 4M committed, 1032M reserved
[161.478s][info][gc,ref      ] GC(300) Soft: 261 encountered, 0 discovered, 0 enqueued
[161.478s][info][gc,ref      ] GC(300) Weak: 280 encountered, 229 discovered, 0 enqueued
[161.478s][info][gc,ref      ] GC(300) Final: 1 encountered, 0 discovered, 0 enqueued
[161.478s][info][gc,ref      ] GC(300) Phantom: 39 encountered, 30 discovered, 0 enqueued
[161.478s][info][gc,reloc    ] GC(300) Small Pages: 1449 / 2898M(100%), Empty: 2834M(98%), Compacting: 30M(1%)->10M(0%)
[161.478s][info][gc,reloc    ] GC(300) Medium Pages: 0 / 0M(0%), Empty: 0M(0%), Compacting: 0M(0%)->0M(0%)
[161.478s][info][gc,reloc    ] GC(300) Large Pages: 1 / 8M(0%), Empty: 0M(0%), Compacting: 0M(0%)->0M(0%)
[161.478s][info][gc,reloc    ] GC(300) Relocation: Successful
[161.478s][info][gc,heap     ] GC(300) Min Capacity: 42M(1%)
[161.478s][info][gc,heap     ] GC(300) Max Capacity: 4060M(100%)
[161.478s][info][gc,heap     ] GC(300) Soft Max Capacity: 4060M(100%)
[161.478s][info][gc,heap     ] GC(300)                Mark Start          Mark End        Relocate Start      Relocate End           High               Low         
[161.478s][info][gc,heap     ] GC(300)  Capacity:     3220M (79%)        3220M (79%)        3220M (79%)        3220M (79%)        3220M (79%)        3220M (79%)    
[161.478s][info][gc,heap     ] GC(300)   Reserve:       42M (1%)           42M (1%)           42M (1%)           42M (1%)           42M (1%)           42M (1%)     
[161.478s][info][gc,heap     ] GC(300)      Free:     1112M (27%)         972M (24%)        3790M (93%)        3782M (93%)        3796M (93%)         964M (24%)    
[161.478s][info][gc,heap     ] GC(300)      Used:     2906M (72%)        3046M (75%)         228M (6%)          236M (6%)         3054M (75%)         222M (5%)     
[161.478s][info][gc,heap     ] GC(300)      Live:         -                45M (1%)           45M (1%)           45M (1%)             -                  -          
[161.478s][info][gc,heap     ] GC(300) Allocated:         -               140M (3%)          156M (4%)          194M (5%)             -                  -          
[161.478s][info][gc,heap     ] GC(300)   Garbage:         -              2860M (70%)          26M (1%)            8M (0%)             -                  -          
[161.478s][info][gc,heap     ] GC(300) Reclaimed:         -                  -              2834M (70%)        2852M (70%)            -                  -          
[161.478s][info][gc          ] GC(300) Garbage Collection (Allocation Rate) 2906M(72%)->236M(6%)
[162.038s][info][gc,start    ] GC(301) Garbage Collection (Allocation Rate)
[162.038s][info][gc,phases   ] GC(301) Pause Mark Start 0.066ms
[162.067s][info][gc,phases   ] GC(301) Concurrent Mark 28.867ms
[162.067s][info][gc,phases   ] GC(301) Pause Mark End 0.232ms
[162.069s][info][gc,phases   ] GC(301) Concurrent Process Non-Strong References 1.615ms
[162.069s][info][gc,phases   ] GC(301) Concurrent Reset Relocation Set 0.031ms
[162.070s][info][gc,phases   ] GC(301) Concurrent Select Relocation Set 1.360ms
[162.070s][info][gc,phases   ] GC(301) Pause Relocate Start 0.056ms
[162.071s][info][gc,phases   ] GC(301) Concurrent Relocate 0.592ms
[162.071s][info][gc,load     ] GC(301) Load: 0.00/0.00/0.00
[162.071s][info][gc,mmu      ] GC(301) MMU: 2ms/77.0%, 5ms/89.5%, 10ms/94.4%, 20ms/97.2%, 50ms/98.7%, 100ms/99.4%
[162.071s][info][gc,marking  ] GC(301) Mark: 1 stripe(s), 2 proactive flush(es), 1 terminate flush(es), 1 completion(s), 0 continuation(s) 
[162.071s][info][gc,nmethod  ] GC(301) NMethods: 1483 registered, 0 unregistered
[162.071s][info][gc,metaspace] GC(301) Metaspace: 4M used, 4M capacity, 4M committed, 1032M reserved
[162.071s][info][gc,ref      ] GC(301) Soft: 261 encountered, 0 discovered, 0 enqueued
[162.071s][info][gc,ref      ] GC(301) Weak: 280 encountered, 229 discovered, 0 enqueued
[162.071s][info][gc,ref      ] GC(301) Final: 1 encountered, 0 discovered, 0 enqueued
[162.071s][info][gc,ref      ] GC(301) Phantom: 39 encountered, 30 discovered, 0 enqueued
[162.071s][info][gc,reloc    ] GC(301) Small Pages: 1459 / 2918M(100%), Empty: 2866M(98%), Compacting: 10M(0%)->2M(0%)
[162.071s][info][gc,reloc    ] GC(301) Medium Pages: 0 / 0M(0%), Empty: 0M(0%), Compacting: 0M(0%)->0M(0%)
[162.071s][info][gc,reloc    ] GC(301) Large Pages: 1 / 8M(0%), Empty: 0M(0%), Compacting: 0M(0%)->0M(0%)
[162.071s][info][gc,reloc    ] GC(301) Relocation: Successful
[162.071s][info][gc,heap     ] GC(301) Min Capacity: 42M(1%)
[162.071s][info][gc,heap     ] GC(301) Max Capacity: 4060M(100%)
[162.071s][info][gc,heap     ] GC(301) Soft Max Capacity: 4060M(100%)
[162.071s][info][gc,heap     ] GC(301)                Mark Start          Mark End        Relocate Start      Relocate End           High               Low         
[162.071s][info][gc,heap     ] GC(301)  Capacity:     3220M (79%)        3220M (79%)        3220M (79%)        3220M (79%)        3220M (79%)        3220M (79%)    
[162.071s][info][gc,heap     ] GC(301)   Reserve:       42M (1%)           42M (1%)           42M (1%)           42M (1%)           42M (1%)           42M (1%)     
[162.071s][info][gc,heap     ] GC(301)      Free:     1092M (27%)         952M (23%)        3806M (94%)        3810M (94%)        3810M (94%)         946M (23%)    
[162.071s][info][gc,heap     ] GC(301)      Used:     2926M (72%)        3066M (76%)         212M (5%)          208M (5%)         3072M (76%)         208M (5%)     
[162.071s][info][gc,heap     ] GC(301)      Live:         -                45M (1%)           45M (1%)           45M (1%)             -                  -          
[162.071s][info][gc,heap     ] GC(301) Allocated:         -               140M (3%)          152M (4%)          158M (4%)             -                  -          
[162.071s][info][gc,heap     ] GC(301)   Garbage:         -              2880M (71%)          14M (0%)            8M (0%)             -                  -          
[162.071s][info][gc,heap     ] GC(301) Reclaimed:         -                  -              2866M (71%)        2872M (71%)            -                  -          
[162.071s][info][gc          ] GC(301) Garbage Collection (Allocation Rate) 2926M(72%)->208M(5%)
[162.638s][info][gc,start    ] GC(302) Garbage Collection (Allocation Rate)
[162.638s][info][gc,phases   ] GC(302) Pause Mark Start 0.063ms
[162.673s][info][gc,phases   ] GC(302) Concurrent Mark 34.331ms
[162.673s][info][gc,phases   ] GC(302) Pause Mark End 0.246ms
[162.675s][info][gc,phases   ] GC(302) Concurrent Process Non-Strong References 1.519ms
[162.675s][info][gc,phases   ] GC(302) Concurrent Reset Relocation Set 0.026ms
[162.678s][info][gc,phases   ] GC(302) Concurrent Select Relocation Set 2.938ms
[162.678s][info][gc,phases   ] GC(302) Pause Relocate Start 0.053ms
[162.701s][info][gc,phases   ] GC(302) Concurrent Relocate 22.583ms
[162.701s][info][gc,load     ] GC(302) Load: 0.00/0.00/0.00
[162.701s][info][gc,mmu      ] GC(302) MMU: 2ms/77.0%, 5ms/89.5%, 10ms/94.4%, 20ms/97.2%, 50ms/98.7%, 100ms/99.4%
[162.701s][info][gc,marking  ] GC(302) Mark: 1 stripe(s), 2 proactive flush(es), 1 terminate flush(es), 1 completion(s), 0 continuation(s) 
[162.701s][info][gc,nmethod  ] GC(302) NMethods: 1483 registered, 0 unregistered
[162.701s][info][gc,metaspace] GC(302) Metaspace: 4M used, 4M capacity, 4M committed, 1032M reserved
[162.701s][info][gc,ref      ] GC(302) Soft: 261 encountered, 0 discovered, 0 enqueued
[162.701s][info][gc,ref      ] GC(302) Weak: 280 encountered, 229 discovered, 0 enqueued
[162.701s][info][gc,ref      ] GC(302) Final: 1 encountered, 0 discovered, 0 enqueued
[162.701s][info][gc,ref      ] GC(302) Phantom: 39 encountered, 30 discovered, 0 enqueued
[162.701s][info][gc,reloc    ] GC(302) Small Pages: 1439 / 2878M(100%), Empty: 2756M(95%), Compacting: 106M(4%)->38M(1%)
[162.701s][info][gc,reloc    ] GC(302) Medium Pages: 0 / 0M(0%), Empty: 0M(0%), Compacting: 0M(0%)->0M(0%)
[162.701s][info][gc,reloc    ] GC(302) Large Pages: 1 / 8M(0%), Empty: 0M(0%), Compacting: 0M(0%)->0M(0%)
[162.701s][info][gc,reloc    ] GC(302) Relocation: Successful
[162.701s][info][gc,heap     ] GC(302) Min Capacity: 42M(1%)
[162.701s][info][gc,heap     ] GC(302) Max Capacity: 4060M(100%)
[162.701s][info][gc,heap     ] GC(302) Soft Max Capacity: 4060M(100%)
[162.701s][info][gc,heap     ] GC(302)                Mark Start          Mark End        Relocate Start      Relocate End           High               Low         
[162.701s][info][gc,heap     ] GC(302)  Capacity:     3220M (79%)        3220M (79%)        3220M (79%)        3220M (79%)        3220M (79%)        3220M (79%)    
[162.701s][info][gc,heap     ] GC(302)   Reserve:       42M (1%)           42M (1%)           42M (1%)           42M (1%)           42M (1%)           42M (1%)     
[162.701s][info][gc,heap     ] GC(302)      Free:     1132M (28%)         972M (24%)        3706M (91%)        3666M (90%)        3720M (92%)         964M (24%)    
[162.701s][info][gc,heap     ] GC(302)      Used:     2886M (71%)        3046M (75%)         312M (8%)          352M (9%)         3054M (75%)         298M (7%)     
[162.701s][info][gc,heap     ] GC(302)      Live:         -                53M (1%)           53M (1%)           53M (1%)             -                  -          
[162.701s][info][gc,heap     ] GC(302) Allocated:         -               160M (4%)          182M (4%)          328M (8%)             -                  -          
[162.701s][info][gc,heap     ] GC(302)   Garbage:         -              2832M (70%)          76M (2%)           12M (0%)             -                  -          
[162.701s][info][gc,heap     ] GC(302) Reclaimed:         -                  -              2756M (68%)        2820M (69%)            -                  -          
[162.701s][info][gc          ] GC(302) Garbage Collection (Allocation Rate) 2886M(71%)->352M(9%)
[163.138s][info][gc,start    ] GC(303) Garbage Collection (Allocation Rate)
[163.138s][info][gc,phases   ] GC(303) Pause Mark Start 0.064ms
[163.173s][info][gc,phases   ] GC(303) Concurrent Mark 34.918ms
[163.174s][info][gc,phases   ] GC(303) Pause Mark End 0.250ms
[163.175s][info][gc,phases   ] GC(303) Concurrent Process Non-Strong References 1.713ms
[163.176s][info][gc,phases   ] GC(303) Concurrent Reset Relocation Set 0.782ms
[163.181s][info][gc,phases   ] GC(303) Concurrent Select Relocation Set 5.109ms
[163.182s][info][gc,phases   ] GC(303) Pause Relocate Start 0.103ms
[163.209s][info][gc,phases   ] GC(303) Concurrent Relocate 26.975ms
[163.209s][info][gc,load     ] GC(303) Load: 0.00/0.00/0.00
[163.209s][info][gc,mmu      ] GC(303) MMU: 2ms/77.0%, 5ms/89.5%, 10ms/94.4%, 20ms/97.2%, 50ms/98.7%, 100ms/99.4%
[163.209s][info][gc,marking  ] GC(303) Mark: 1 stripe(s), 2 proactive flush(es), 1 terminate flush(es), 1 completion(s), 0 continuation(s) 
[163.209s][info][gc,nmethod  ] GC(303) NMethods: 1483 registered, 0 unregistered
[163.209s][info][gc,metaspace] GC(303) Metaspace: 4M used, 4M capacity, 4M committed, 1032M reserved
[163.209s][info][gc,ref      ] GC(303) Soft: 261 encountered, 0 discovered, 0 enqueued
[163.209s][info][gc,ref      ] GC(303) Weak: 280 encountered, 229 discovered, 0 enqueued
[163.209s][info][gc,ref      ] GC(303) Final: 1 encountered, 0 discovered, 0 enqueued
[163.209s][info][gc,ref      ] GC(303) Phantom: 39 encountered, 30 discovered, 0 enqueued
[163.209s][info][gc,reloc    ] GC(303) Small Pages: 1206 / 2412M(100%), Empty: 2268M(94%), Compacting: 136M(6%)->48M(2%)
[163.209s][info][gc,reloc    ] GC(303) Medium Pages: 0 / 0M(0%), Empty: 0M(0%), Compacting: 0M(0%)->0M(0%)
[163.209s][info][gc,reloc    ] GC(303) Large Pages: 1 / 8M(0%), Empty: 0M(0%), Compacting: 0M(0%)->0M(0%)
[163.209s][info][gc,reloc    ] GC(303) Relocation: Successful
[163.209s][info][gc,heap     ] GC(303) Min Capacity: 42M(1%)
[163.209s][info][gc,heap     ] GC(303) Max Capacity: 4060M(100%)
[163.209s][info][gc,heap     ] GC(303) Soft Max Capacity: 4060M(100%)
[163.209s][info][gc,heap     ] GC(303)                Mark Start          Mark End        Relocate Start      Relocate End           High               Low         
[163.209s][info][gc,heap     ] GC(303)  Capacity:     3220M (79%)        3220M (79%)        3220M (79%)        3220M (79%)        3220M (79%)        3220M (79%)    
[163.209s][info][gc,heap     ] GC(303)   Reserve:       42M (1%)           42M (1%)           42M (1%)           42M (1%)           42M (1%)           42M (1%)     
[163.209s][info][gc,heap     ] GC(303)      Free:     1598M (39%)        1432M (35%)        3676M (91%)        3640M (90%)        3690M (91%)        1422M (35%)    
[163.209s][info][gc,heap     ] GC(303)      Used:     2420M (60%)        2586M (64%)         342M (8%)          378M (9%)         2596M (64%)         328M (8%)     
[163.209s][info][gc,heap     ] GC(303)      Live:         -                56M (1%)           56M (1%)           56M (1%)             -                  -          
[163.209s][info][gc,heap     ] GC(303) Allocated:         -               166M (4%)          190M (5%)          362M (9%)             -                  -          
[163.209s][info][gc,heap     ] GC(303)   Garbage:         -              2363M (58%)          95M (2%)            3M (0%)             -                  -          
[163.209s][info][gc,heap     ] GC(303) Reclaimed:         -                  -              2268M (56%)        2360M (58%)            -                  -          
[163.209s][info][gc          ] GC(303) Garbage Collection (Allocation Rate) 2420M(60%)->378M(9%)
[163.637s][info][gc,start    ] GC(304) Garbage Collection (Allocation Rate)
[163.638s][info][gc,phases   ] GC(304) Pause Mark Start 0.101ms
[163.670s][info][gc,phases   ] GC(304) Concurrent Mark 31.946ms
[163.670s][info][gc,phases   ] GC(304) Pause Mark End 0.279ms
[163.672s][info][gc,phases   ] GC(304) Concurrent Process Non-Strong References 1.644ms
[163.673s][info][gc,phases   ] GC(304) Concurrent Reset Relocation Set 0.946ms
[163.677s][info][gc,phases   ] GC(304) Concurrent Select Relocation Set 3.976ms
[163.677s][info][gc,phases   ] GC(304) Pause Relocate Start 0.098ms
[163.693s][info][gc,phases   ] GC(304) Concurrent Relocate 15.442ms
[163.693s][info][gc,load     ] GC(304) Load: 0.00/0.00/0.00
[163.693s][info][gc,mmu      ] GC(304) MMU: 2ms/77.0%, 5ms/89.5%, 10ms/94.4%, 20ms/97.2%, 50ms/98.7%, 100ms/99.4%
[163.693s][info][gc,marking  ] GC(304) Mark: 1 stripe(s), 2 proactive flush(es), 1 terminate flush(es), 1 completion(s), 0 continuation(s) 
[163.693s][info][gc,nmethod  ] GC(304) NMethods: 1483 registered, 0 unregistered
[163.693s][info][gc,metaspace] GC(304) Metaspace: 4M used, 4M capacity, 4M committed, 1032M reserved
[163.693s][info][gc,ref      ] GC(304) Soft: 261 encountered, 0 discovered, 0 enqueued
[163.693s][info][gc,ref      ] GC(304) Weak: 280 encountered, 229 discovered, 0 enqueued
[163.693s][info][gc,ref      ] GC(304) Final: 1 encountered, 0 discovered, 0 enqueued
[163.693s][info][gc,ref      ] GC(304) Phantom: 39 encountered, 30 discovered, 0 enqueued
[163.693s][info][gc,reloc    ] GC(304) Small Pages: 1211 / 2422M(100%), Empty: 2324M(96%), Compacting: 74M(3%)->26M(1%)
[163.693s][info][gc,reloc    ] GC(304) Medium Pages: 0 / 0M(0%), Empty: 0M(0%), Compacting: 0M(0%)->0M(0%)
[163.693s][info][gc,reloc    ] GC(304) Large Pages: 1 / 8M(0%), Empty: 0M(0%), Compacting: 0M(0%)->0M(0%)
[163.693s][info][gc,reloc    ] GC(304) Relocation: Successful
[163.693s][info][gc,heap     ] GC(304) Min Capacity: 42M(1%)
[163.693s][info][gc,heap     ] GC(304) Max Capacity: 4060M(100%)
[163.693s][info][gc,heap     ] GC(304) Soft Max Capacity: 4060M(100%)
[163.693s][info][gc,heap     ] GC(304)                Mark Start          Mark End        Relocate Start      Relocate End           High               Low         
[163.693s][info][gc,heap     ] GC(304)  Capacity:     3220M (79%)        3220M (79%)        3220M (79%)        3220M (79%)        3220M (79%)        3220M (79%)    
[163.693s][info][gc,heap     ] GC(304)   Reserve:       42M (1%)           42M (1%)           42M (1%)           42M (1%)           42M (1%)           42M (1%)     
[163.693s][info][gc,heap     ] GC(304)      Free:     1588M (39%)        1436M (35%)        3730M (92%)        3704M (91%)        3748M (92%)        1424M (35%)    
[163.693s][info][gc,heap     ] GC(304)      Used:     2430M (60%)        2582M (64%)         288M (7%)          314M (8%)         2594M (64%)         270M (7%)     
[163.693s][info][gc,heap     ] GC(304)      Live:         -                50M (1%)           50M (1%)           50M (1%)             -                  -          
[163.693s][info][gc,heap     ] GC(304) Allocated:         -               152M (4%)          182M (4%)          282M (7%)             -                  -          
[163.693s][info][gc,heap     ] GC(304)   Garbage:         -              2379M (59%)          55M (1%)            7M (0%)             -                  -          
[163.693s][info][gc,heap     ] GC(304) Reclaimed:         -                  -              2324M (57%)        2372M (58%)            -                  -          
[163.693s][info][gc          ] GC(304) Garbage Collection (Allocation Rate) 2430M(60%)->314M(8%)
[164.138s][info][gc,start    ] GC(305) Garbage Collection (Allocation Rate)
[164.138s][info][gc,phases   ] GC(305) Pause Mark Start 0.122ms
[164.171s][info][gc,phases   ] GC(305) Concurrent Mark 32.329ms
[164.171s][info][gc,phases   ] GC(305) Pause Mark End 0.235ms
[164.173s][info][gc,phases   ] GC(305) Concurrent Process Non-Strong References 1.657ms
[164.173s][info][gc,phases   ] GC(305) Concurrent Reset Relocation Set 0.051ms
[164.174s][info][gc,phases   ] GC(305) Concurrent Select Relocation Set 1.798ms
[164.175s][info][gc,phases   ] GC(305) Pause Relocate Start 0.045ms
[164.175s][info][gc,phases   ] GC(305) Concurrent Relocate 0.625ms
[164.175s][info][gc,load     ] GC(305) Load: 0.00/0.00/0.00
[164.175s][info][gc,mmu      ] GC(305) MMU: 2ms/77.0%, 5ms/89.5%, 10ms/94.4%, 20ms/97.2%, 50ms/98.7%, 100ms/99.4%
[164.175s][info][gc,marking  ] GC(305) Mark: 1 stripe(s), 2 proactive flush(es), 1 terminate flush(es), 1 completion(s), 0 continuation(s) 
[164.175s][info][gc,nmethod  ] GC(305) NMethods: 1484 registered, 0 unregistered
[164.175s][info][gc,metaspace] GC(305) Metaspace: 4M used, 4M capacity, 4M committed, 1032M reserved
[164.175s][info][gc,ref      ] GC(305) Soft: 261 encountered, 0 discovered, 0 enqueued
[164.175s][info][gc,ref      ] GC(305) Weak: 280 encountered, 229 discovered, 0 enqueued
[164.175s][info][gc,ref      ] GC(305) Final: 1 encountered, 0 discovered, 0 enqueued
[164.175s][info][gc,ref      ] GC(305) Phantom: 39 encountered, 30 discovered, 0 enqueued
[164.175s][info][gc,reloc    ] GC(305) Small Pages: 1220 / 2440M(100%), Empty: 2378M(97%), Compacting: 10M(0%)->2M(0%)
[164.175s][info][gc,reloc    ] GC(305) Medium Pages: 0 / 0M(0%), Empty: 0M(0%), Compacting: 0M(0%)->0M(0%)
[164.175s][info][gc,reloc    ] GC(305) Large Pages: 1 / 8M(0%), Empty: 0M(0%), Compacting: 0M(0%)->0M(0%)
[164.175s][info][gc,reloc    ] GC(305) Relocation: Successful
[164.175s][info][gc,heap     ] GC(305) Min Capacity: 42M(1%)
[164.175s][info][gc,heap     ] GC(305) Max Capacity: 4060M(100%)
[164.175s][info][gc,heap     ] GC(305) Soft Max Capacity: 4060M(100%)
[164.175s][info][gc,heap     ] GC(305)                Mark Start          Mark End        Relocate Start      Relocate End           High               Low         
[164.175s][info][gc,heap     ] GC(305)  Capacity:     3220M (79%)        3220M (79%)        3220M (79%)        3220M (79%)        3220M (79%)        3220M (79%)    
[164.175s][info][gc,heap     ] GC(305)   Reserve:       42M (1%)           42M (1%)           42M (1%)           42M (1%)           42M (1%)           42M (1%)     
[164.175s][info][gc,heap     ] GC(305)      Free:     1570M (39%)        1414M (35%)        3776M (93%)        3780M (93%)        3784M (93%)        1406M (35%)    
[164.176s][info][gc,heap     ] GC(305)      Used:     2448M (60%)        2604M (64%)         242M (6%)          238M (6%)         2612M (64%)         234M (6%)     
[164.176s][info][gc,heap     ] GC(305)      Live:         -                53M (1%)           53M (1%)           53M (1%)             -                  -          
[164.176s][info][gc,heap     ] GC(305) Allocated:         -               156M (4%)          172M (4%)          178M (4%)             -                  -          
[164.176s][info][gc,heap     ] GC(305)   Garbage:         -              2394M (59%)          16M (0%)           12M (0%)             -                  -          
[164.176s][info][gc,heap     ] GC(305) Reclaimed:         -                  -              2378M (59%)        2382M (59%)            -                  -          
[164.176s][info][gc          ] GC(305) Garbage Collection (Allocation Rate) 2448M(60%)->238M(6%)
[164.638s][info][gc,start    ] GC(306) Garbage Collection (Allocation Rate)
[164.638s][info][gc,phases   ] GC(306) Pause Mark Start 0.059ms
[164.677s][info][gc,phases   ] GC(306) Concurrent Mark 39.265ms
[164.678s][info][gc,phases   ] GC(306) Pause Mark End 0.258ms
[164.680s][info][gc,phases   ] GC(306) Concurrent Process Non-Strong References 1.679ms
[164.680s][info][gc,phases   ] GC(306) Concurrent Reset Relocation Set 0.025ms
[164.682s][info][gc,phases   ] GC(306) Concurrent Select Relocation Set 1.953ms
[164.682s][info][gc,phases   ] GC(306) Pause Relocate Start 0.055ms
[164.696s][info][gc,phases   ] GC(306) Concurrent Relocate 13.858ms
[164.696s][info][gc,load     ] GC(306) Load: 0.00/0.00/0.00
[164.696s][info][gc,mmu      ] GC(306) MMU: 2ms/77.0%, 5ms/89.5%, 10ms/94.4%, 20ms/97.2%, 50ms/98.7%, 100ms/99.4%
[164.696s][info][gc,marking  ] GC(306) Mark: 1 stripe(s), 2 proactive flush(es), 1 terminate flush(es), 1 completion(s), 0 continuation(s) 
[164.696s][info][gc,nmethod  ] GC(306) NMethods: 1484 registered, 0 unregistered
[164.696s][info][gc,metaspace] GC(306) Metaspace: 4M used, 4M capacity, 4M committed, 1032M reserved
[164.696s][info][gc,ref      ] GC(306) Soft: 261 encountered, 0 discovered, 0 enqueued
[164.696s][info][gc,ref      ] GC(306) Weak: 280 encountered, 229 discovered, 0 enqueued
[164.696s][info][gc,ref      ] GC(306) Final: 1 encountered, 0 discovered, 0 enqueued
[164.696s][info][gc,ref      ] GC(306) Phantom: 39 encountered, 30 discovered, 0 enqueued
[164.696s][info][gc,reloc    ] GC(306) Small Pages: 1232 / 2464M(100%), Empty: 2352M(95%), Compacting: 68M(3%)->24M(1%)
[164.696s][info][gc,reloc    ] GC(306) Medium Pages: 0 / 0M(0%), Empty: 0M(0%), Compacting: 0M(0%)->0M(0%)
[164.696s][info][gc,reloc    ] GC(306) Large Pages: 1 / 8M(0%), Empty: 0M(0%), Compacting: 0M(0%)->0M(0%)
[164.696s][info][gc,reloc    ] GC(306) Relocation: Successful
[164.696s][info][gc,heap     ] GC(306) Min Capacity: 42M(1%)
[164.696s][info][gc,heap     ] GC(306) Max Capacity: 4060M(100%)
[164.696s][info][gc,heap     ] GC(306) Soft Max Capacity: 4060M(100%)
[164.696s][info][gc,heap     ] GC(306)                Mark Start          Mark End        Relocate Start      Relocate End           High               Low         
[164.696s][info][gc,heap     ] GC(306)  Capacity:     3220M (79%)        3220M (79%)        3220M (79%)        3220M (79%)        3220M (79%)        3220M (79%)    
[164.696s][info][gc,heap     ] GC(306)   Reserve:       42M (1%)           42M (1%)           42M (1%)           42M (1%)           42M (1%)           42M (1%)     
[164.696s][info][gc,heap     ] GC(306)      Free:     1546M (38%)        1358M (33%)        3694M (91%)        3670M (90%)        3702M (91%)        1350M (33%)    
[164.696s][info][gc,heap     ] GC(306)      Used:     2472M (61%)        2660M (66%)         324M (8%)          348M (9%)         2668M (66%)         316M (8%)     
[164.696s][info][gc,heap     ] GC(306)      Live:         -                66M (2%)           66M (2%)           66M (2%)             -                  -          
[164.696s][info][gc,heap     ] GC(306) Allocated:         -               188M (5%)          204M (5%)          296M (7%)             -                  -          
[164.696s][info][gc,heap     ] GC(306)   Garbage:         -              2405M (59%)          53M (1%)           13M (0%)             -                  -          
[164.696s][info][gc,heap     ] GC(306) Reclaimed:         -                  -              2352M (58%)        2392M (59%)            -                  -          
[164.696s][info][gc          ] GC(306) Garbage Collection (Allocation Rate) 2472M(61%)->348M(9%)
[165.138s][info][gc,start    ] GC(307) Garbage Collection (Allocation Rate)
[165.138s][info][gc,phases   ] GC(307) Pause Mark Start 0.094ms
[165.176s][info][gc,phases   ] GC(307) Concurrent Mark 38.020ms
[165.176s][info][gc,phases   ] GC(307) Pause Mark End 0.212ms
[165.178s][info][gc,phases   ] GC(307) Concurrent Process Non-Strong References 1.487ms
[165.178s][info][gc,phases   ] GC(307) Concurrent Reset Relocation Set 0.051ms
[165.182s][info][gc,phases   ] GC(307) Concurrent Select Relocation Set 3.386ms
[165.182s][info][gc,phases   ] GC(307) Pause Relocate Start 0.069ms
[165.212s][info][gc,phases   ] GC(307) Concurrent Relocate 30.257ms
[165.212s][info][gc,load     ] GC(307) Load: 0.00/0.00/0.00
[165.212s][info][gc,mmu      ] GC(307) MMU: 2ms/77.0%, 5ms/89.5%, 10ms/94.4%, 20ms/97.2%, 50ms/98.7%, 100ms/99.4%
[165.212s][info][gc,marking  ] GC(307) Mark: 1 stripe(s), 2 proactive flush(es), 1 terminate flush(es), 1 completion(s), 0 continuation(s) 
[165.212s][info][gc,nmethod  ] GC(307) NMethods: 1484 registered, 0 unregistered
[165.212s][info][gc,metaspace] GC(307) Metaspace: 4M used, 4M capacity, 4M committed, 1032M reserved
[165.212s][info][gc,ref      ] GC(307) Soft: 261 encountered, 0 discovered, 0 enqueued
[165.212s][info][gc,ref      ] GC(307) Weak: 280 encountered, 229 discovered, 0 enqueued
[165.212s][info][gc,ref      ] GC(307) Final: 1 encountered, 0 discovered, 0 enqueued
[165.212s][info][gc,ref      ] GC(307) Phantom: 39 encountered, 30 discovered, 0 enqueued
[165.212s][info][gc,reloc    ] GC(307) Small Pages: 1234 / 2468M(100%), Empty: 2314M(93%), Compacting: 146M(6%)->52M(2%)
[165.212s][info][gc,reloc    ] GC(307) Medium Pages: 0 / 0M(0%), Empty: 0M(0%), Compacting: 0M(0%)->0M(0%)
[165.212s][info][gc,reloc    ] GC(307) Large Pages: 1 / 8M(0%), Empty: 0M(0%), Compacting: 0M(0%)->0M(0%)
[165.212s][info][gc,reloc    ] GC(307) Relocation: Successful
[165.212s][info][gc,heap     ] GC(307) Min Capacity: 42M(1%)
[165.212s][info][gc,heap     ] GC(307) Max Capacity: 4060M(100%)
[165.212s][info][gc,heap     ] GC(307) Soft Max Capacity: 4060M(100%)
[165.212s][info][gc,heap     ] GC(307)                Mark Start          Mark End        Relocate Start      Relocate End           High               Low         
[165.212s][info][gc,heap     ] GC(307)  Capacity:     3220M (79%)        3220M (79%)        3220M (79%)        3220M (79%)        3220M (79%)        3220M (79%)    
[165.212s][info][gc,heap     ] GC(307)   Reserve:       42M (1%)           42M (1%)           42M (1%)           42M (1%)           42M (1%)           42M (1%)     
[165.212s][info][gc,heap     ] GC(307)      Free:     1542M (38%)        1364M (34%)        3654M (90%)        3608M (89%)        3670M (90%)        1356M (33%)    
[165.212s][info][gc,heap     ] GC(307)      Used:     2476M (61%)        2654M (65%)         364M (9%)          410M (10%)        2662M (66%)         348M (9%)     
[165.212s][info][gc,heap     ] GC(307)      Live:         -                60M (1%)           60M (1%)           60M (1%)             -                  -          
[165.212s][info][gc,heap     ] GC(307) Allocated:         -               178M (4%)          202M (5%)          394M (10%)            -                  -          
[165.212s][info][gc,heap     ] GC(307)   Garbage:         -              2415M (60%)         101M (3%)            3M (0%)             -                  -          
[165.212s][info][gc,heap     ] GC(307) Reclaimed:         -                  -              2314M (57%)        2412M (59%)            -                  -          
[165.212s][info][gc          ] GC(307) Garbage Collection (Allocation Rate) 2476M(61%)->410M(10%)
[165.638s][info][gc,start    ] GC(308) Garbage Collection (Allocation Rate)
[165.638s][info][gc,phases   ] GC(308) Pause Mark Start 0.100ms
[165.671s][info][gc,phases   ] GC(308) Concurrent Mark 32.491ms
[165.671s][info][gc,phases   ] GC(308) Pause Mark End 0.314ms
[165.673s][info][gc,phases   ] GC(308) Concurrent Process Non-Strong References 1.756ms
[165.674s][info][gc,phases   ] GC(308) Concurrent Reset Relocation Set 1.088ms
[165.678s][info][gc,phases   ] GC(308) Concurrent Select Relocation Set 4.141ms
[165.679s][info][gc,phases   ] GC(308) Pause Relocate Start 0.101ms
[165.696s][info][gc,phases   ] GC(308) Concurrent Relocate 17.063ms
[165.696s][info][gc,load     ] GC(308) Load: 0.00/0.00/0.00
[165.696s][info][gc,mmu      ] GC(308) MMU: 2ms/77.0%, 5ms/89.5%, 10ms/94.4%, 20ms/97.2%, 50ms/98.7%, 100ms/99.4%
[165.696s][info][gc,marking  ] GC(308) Mark: 1 stripe(s), 2 proactive flush(es), 1 terminate flush(es), 1 completion(s), 0 continuation(s) 
[165.696s][info][gc,nmethod  ] GC(308) NMethods: 1484 registered, 0 unregistered
[165.696s][info][gc,metaspace] GC(308) Metaspace: 4M used, 4M capacity, 4M committed, 1032M reserved
[165.696s][info][gc,ref      ] GC(308) Soft: 261 encountered, 0 discovered, 0 enqueued
[165.696s][info][gc,ref      ] GC(308) Weak: 280 encountered, 229 discovered, 0 enqueued
[165.696s][info][gc,ref      ] GC(308) Final: 1 encountered, 0 discovered, 0 enqueued
[165.696s][info][gc,ref      ] GC(308) Phantom: 39 encountered, 30 discovered, 0 enqueued
[165.696s][info][gc,reloc    ] GC(308) Small Pages: 1229 / 2458M(100%), Empty: 2352M(95%), Compacting: 84M(3%)->30M(1%)
[165.696s][info][gc,reloc    ] GC(308) Medium Pages: 0 / 0M(0%), Empty: 0M(0%), Compacting: 0M(0%)->0M(0%)
[165.696s][info][gc,reloc    ] GC(308) Large Pages: 1 / 8M(0%), Empty: 0M(0%), Compacting: 0M(0%)->0M(0%)
[165.696s][info][gc,reloc    ] GC(308) Relocation: Successful
[165.696s][info][gc,heap     ] GC(308) Min Capacity: 42M(1%)
[165.696s][info][gc,heap     ] GC(308) Max Capacity: 4060M(100%)
[165.696s][info][gc,heap     ] GC(308) Soft Max Capacity: 4060M(100%)
[165.696s][info][gc,heap     ] GC(308)                Mark Start          Mark End        Relocate Start      Relocate End           High               Low         
[165.696s][info][gc,heap     ] GC(308)  Capacity:     3220M (79%)        3220M (79%)        3220M (79%)        3220M (79%)        3220M (79%)        3220M (79%)    
[165.696s][info][gc,heap     ] GC(308)   Reserve:       42M (1%)           42M (1%)           42M (1%)           42M (1%)           42M (1%)           42M (1%)     
[165.696s][info][gc,heap     ] GC(308)      Free:     1552M (38%)        1396M (34%)        3716M (92%)        3690M (91%)        3736M (92%)        1384M (34%)    
[165.696s][info][gc,heap     ] GC(308)      Used:     2466M (61%)        2622M (65%)         302M (7%)          328M (8%)         2634M (65%)         282M (7%)     
[165.696s][info][gc,heap     ] GC(308)      Live:         -                51M (1%)           51M (1%)           51M (1%)             -                  -          
[165.696s][info][gc,heap     ] GC(308) Allocated:         -               156M (4%)          188M (5%)          298M (7%)             -                  -          
[165.696s][info][gc,heap     ] GC(308)   Garbage:         -              2414M (59%)          62M (2%)            6M (0%)             -                  -          
[165.696s][info][gc,heap     ] GC(308) Reclaimed:         -                  -              2352M (58%)        2408M (59%)            -                  -          
[165.696s][info][gc          ] GC(308) Garbage Collection (Allocation Rate) 2466M(61%)->328M(8%)
[166.139s][info][gc,start    ] GC(309) Garbage Collection (Allocation Rate)
[166.139s][info][gc,phases   ] GC(309) Pause Mark Start 0.058ms
[166.176s][info][gc,phases   ] GC(309) Concurrent Mark 37.372ms
[166.177s][info][gc,phases   ] GC(309) Pause Mark End 0.219ms
[166.178s][info][gc,phases   ] GC(309) Concurrent Process Non-Strong References 1.529ms
[166.178s][info][gc,phases   ] GC(309) Concurrent Reset Relocation Set 0.057ms
[166.180s][info][gc,phases   ] GC(309) Concurrent Select Relocation Set 1.489ms
[166.180s][info][gc,phases   ] GC(309) Pause Relocate Start 0.062ms
[166.181s][info][gc,phases   ] GC(309) Concurrent Relocate 0.705ms
[166.181s][info][gc,load     ] GC(309) Load: 0.00/0.00/0.00
[166.181s][info][gc,mmu      ] GC(309) MMU: 2ms/77.0%, 5ms/89.5%, 10ms/94.4%, 20ms/97.2%, 50ms/98.7%, 100ms/99.4%
[166.181s][info][gc,marking  ] GC(309) Mark: 1 stripe(s), 2 proactive flush(es), 1 terminate flush(es), 1 completion(s), 0 continuation(s) 
[166.181s][info][gc,nmethod  ] GC(309) NMethods: 1484 registered, 0 unregistered
[166.181s][info][gc,metaspace] GC(309) Metaspace: 4M used, 4M capacity, 4M committed, 1032M reserved
[166.181s][info][gc,ref      ] GC(309) Soft: 261 encountered, 0 discovered, 0 enqueued
[166.181s][info][gc,ref      ] GC(309) Weak: 280 encountered, 229 discovered, 0 enqueued
[166.181s][info][gc,ref      ] GC(309) Final: 1 encountered, 0 discovered, 0 enqueued
[166.181s][info][gc,ref      ] GC(309) Phantom: 39 encountered, 30 discovered, 0 enqueued
[166.181s][info][gc,reloc    ] GC(309) Small Pages: 1226 / 2452M(100%), Empty: 2380M(97%), Compacting: 8M(0%)->2M(0%)
[166.181s][info][gc,reloc    ] GC(309) Medium Pages: 0 / 0M(0%), Empty: 0M(0%), Compacting: 0M(0%)->0M(0%)
[166.181s][info][gc,reloc    ] GC(309) Large Pages: 1 / 8M(0%), Empty: 0M(0%), Compacting: 0M(0%)->0M(0%)
[166.181s][info][gc,reloc    ] GC(309) Relocation: Successful
[166.181s][info][gc,heap     ] GC(309) Min Capacity: 42M(1%)
[166.181s][info][gc,heap     ] GC(309) Max Capacity: 4060M(100%)
[166.181s][info][gc,heap     ] GC(309) Soft Max Capacity: 4060M(100%)
[166.181s][info][gc,heap     ] GC(309)                Mark Start          Mark End        Relocate Start      Relocate End           High               Low         
[166.181s][info][gc,heap     ] GC(309)  Capacity:     3220M (79%)        3220M (79%)        3220M (79%)        3220M (79%)        3220M (79%)        3220M (79%)    
[166.181s][info][gc,heap     ] GC(309)   Reserve:       42M (1%)           42M (1%)           42M (1%)           42M (1%)           42M (1%)           42M (1%)     
[166.181s][info][gc,heap     ] GC(309)      Free:     1558M (38%)        1382M (34%)        3746M (92%)        3748M (92%)        3754M (92%)        1374M (34%)    
[166.181s][info][gc,heap     ] GC(309)      Used:     2460M (61%)        2636M (65%)         272M (7%)          270M (7%)         2644M (65%)         264M (7%)     
[166.181s][info][gc,heap     ] GC(309)      Live:         -                64M (2%)           64M (2%)           64M (2%)             -                  -          
[166.181s][info][gc,heap     ] GC(309) Allocated:         -               176M (4%)          192M (5%)          198M (5%)             -                  -          
[166.181s][info][gc,heap     ] GC(309)   Garbage:         -              2395M (59%)          15M (0%)           11M (0%)             -                  -          
[166.181s][info][gc,heap     ] GC(309) Reclaimed:         -                  -              2380M (59%)        2384M (59%)            -                  -          
[166.181s][info][gc          ] GC(309) Garbage Collection (Allocation Rate) 2460M(61%)->270M(7%)
[166.638s][info][gc,start    ] GC(310) Garbage Collection (Allocation Rate)
[166.638s][info][gc,phases   ] GC(310) Pause Mark Start 0.099ms
[166.678s][info][gc,phases   ] GC(310) Concurrent Mark 40.342ms
[166.679s][info][gc,phases   ] GC(310) Pause Mark End 0.207ms
[166.680s][info][gc,phases   ] GC(310) Concurrent Process Non-Strong References 1.533ms
[166.680s][info][gc,phases   ] GC(310) Concurrent Reset Relocation Set 0.022ms
[166.682s][info][gc,phases   ] GC(310) Concurrent Select Relocation Set 1.751ms
[166.682s][info][gc,phases   ] GC(310) Pause Relocate Start 0.061ms
[166.687s][info][gc,phases   ] GC(310) Concurrent Relocate 4.594ms
[166.687s][info][gc,load     ] GC(310) Load: 0.00/0.00/0.00
[166.687s][info][gc,mmu      ] GC(310) MMU: 2ms/77.0%, 5ms/89.5%, 10ms/94.4%, 20ms/97.2%, 50ms/98.7%, 100ms/99.4%
[166.687s][info][gc,marking  ] GC(310) Mark: 1 stripe(s), 2 proactive flush(es), 1 terminate flush(es), 1 completion(s), 0 continuation(s) 
[166.687s][info][gc,nmethod  ] GC(310) NMethods: 1484 registered, 0 unregistered
[166.687s][info][gc,metaspace] GC(310) Metaspace: 4M used, 4M capacity, 4M committed, 1032M reserved
[166.687s][info][gc,ref      ] GC(310) Soft: 261 encountered, 0 discovered, 0 enqueued
[166.687s][info][gc,ref      ] GC(310) Weak: 280 encountered, 229 discovered, 0 enqueued
[166.687s][info][gc,ref      ] GC(310) Final: 1 encountered, 0 discovered, 0 enqueued
[166.687s][info][gc,ref      ] GC(310) Phantom: 39 encountered, 30 discovered, 0 enqueued
[166.687s][info][gc,reloc    ] GC(310) Small Pages: 1220 / 2440M(100%), Empty: 2352M(96%), Compacting: 24M(1%)->8M(0%)
[166.687s][info][gc,reloc    ] GC(310) Medium Pages: 0 / 0M(0%), Empty: 0M(0%), Compacting: 0M(0%)->0M(0%)
[166.687s][info][gc,reloc    ] GC(310) Large Pages: 1 / 8M(0%), Empty: 0M(0%), Compacting: 0M(0%)->0M(0%)
[166.687s][info][gc,reloc    ] GC(310) Relocation: Successful
[166.687s][info][gc,heap     ] GC(310) Min Capacity: 42M(1%)
[166.687s][info][gc,heap     ] GC(310) Max Capacity: 4060M(100%)
[166.687s][info][gc,heap     ] GC(310) Soft Max Capacity: 4060M(100%)
[166.687s][info][gc,heap     ] GC(310)                Mark Start          Mark End        Relocate Start      Relocate End           High               Low         
[166.687s][info][gc,heap     ] GC(310)  Capacity:     3220M (79%)        3220M (79%)        3220M (79%)        3220M (79%)        3220M (79%)        3220M (79%)    
[166.687s][info][gc,heap     ] GC(310)   Reserve:       42M (1%)           42M (1%)           42M (1%)           42M (1%)           42M (1%)           42M (1%)     
[166.687s][info][gc,heap     ] GC(310)      Free:     1570M (39%)        1376M (34%)        3712M (91%)        3704M (91%)        3720M (92%)        1368M (34%)    
[166.687s][info][gc,heap     ] GC(310)      Used:     2448M (60%)        2642M (65%)         306M (8%)          314M (8%)         2650M (65%)         298M (7%)     
[166.687s][info][gc,heap     ] GC(310)      Live:         -                70M (2%)           70M (2%)           70M (2%)             -                  -          
[166.687s][info][gc,heap     ] GC(310) Allocated:         -               194M (5%)          210M (5%)          242M (6%)             -                  -          
[166.687s][info][gc,heap     ] GC(310)   Garbage:         -              2377M (59%)          25M (1%)           11M (0%)             -                  -          
[166.687s][info][gc,heap     ] GC(310) Reclaimed:         -                  -              2352M (58%)        2366M (58%)            -                  -          
[166.687s][info][gc          ] GC(310) Garbage Collection (Allocation Rate) 2448M(60%)->314M(8%)
[167.238s][info][gc,start    ] GC(311) Garbage Collection (Allocation Rate)
[167.238s][info][gc,phases   ] GC(311) Pause Mark Start 0.069ms
[167.278s][info][gc,phases   ] GC(311) Concurrent Mark 39.258ms
[167.278s][info][gc,phases   ] GC(311) Pause Mark End 0.258ms
[167.280s][info][gc,phases   ] GC(311) Concurrent Process Non-Strong References 1.644ms
[167.280s][info][gc,phases   ] GC(311) Concurrent Reset Relocation Set 0.030ms
[167.282s][info][gc,phases   ] GC(311) Concurrent Select Relocation Set 1.773ms
[167.282s][info][gc,phases   ] GC(311) Pause Relocate Start 0.058ms
[167.295s][info][gc,phases   ] GC(311) Concurrent Relocate 12.897ms
[167.295s][info][gc,load     ] GC(311) Load: 0.00/0.00/0.00
[167.295s][info][gc,mmu      ] GC(311) MMU: 2ms/77.0%, 5ms/89.5%, 10ms/94.4%, 20ms/97.2%, 50ms/98.7%, 100ms/99.4%
[167.295s][info][gc,marking  ] GC(311) Mark: 1 stripe(s), 2 proactive flush(es), 1 terminate flush(es), 1 completion(s), 0 continuation(s) 
[167.295s][info][gc,nmethod  ] GC(311) NMethods: 1484 registered, 0 unregistered
[167.295s][info][gc,metaspace] GC(311) Metaspace: 4M used, 4M capacity, 4M committed, 1032M reserved
[167.295s][info][gc,ref      ] GC(311) Soft: 261 encountered, 0 discovered, 0 enqueued
[167.295s][info][gc,ref      ] GC(311) Weak: 280 encountered, 229 discovered, 0 enqueued
[167.295s][info][gc,ref      ] GC(311) Final: 1 encountered, 0 discovered, 0 enqueued
[167.295s][info][gc,ref      ] GC(311) Phantom: 39 encountered, 30 discovered, 0 enqueued
[167.295s][info][gc,reloc    ] GC(311) Small Pages: 1481 / 2962M(100%), Empty: 2850M(96%), Compacting: 64M(2%)->22M(1%)
[167.295s][info][gc,reloc    ] GC(311) Medium Pages: 0 / 0M(0%), Empty: 0M(0%), Compacting: 0M(0%)->0M(0%)
[167.295s][info][gc,reloc    ] GC(311) Large Pages: 1 / 8M(0%), Empty: 0M(0%), Compacting: 0M(0%)->0M(0%)
[167.295s][info][gc,reloc    ] GC(311) Relocation: Successful
[167.295s][info][gc,heap     ] GC(311) Min Capacity: 42M(1%)
[167.295s][info][gc,heap     ] GC(311) Max Capacity: 4060M(100%)
[167.295s][info][gc,heap     ] GC(311) Soft Max Capacity: 4060M(100%)
[167.295s][info][gc,heap     ] GC(311)                Mark Start          Mark End        Relocate Start      Relocate End           High               Low         
[167.295s][info][gc,heap     ] GC(311)  Capacity:     3220M (79%)        3220M (79%)        3220M (79%)        3220M (79%)        3220M (79%)        3220M (79%)    
[167.295s][info][gc,heap     ] GC(311)   Reserve:       42M (1%)           42M (1%)           42M (1%)           42M (1%)           42M (1%)           42M (1%)     
[167.295s][info][gc,heap     ] GC(311)      Free:     1048M (26%)         860M (21%)        3694M (91%)        3676M (91%)        3700M (91%)         852M (21%)    
[167.295s][info][gc,heap     ] GC(311)      Used:     2970M (73%)        3158M (78%)         324M (8%)          342M (8%)         3166M (78%)         318M (8%)     
[167.295s][info][gc,heap     ] GC(311)      Live:         -                67M (2%)           67M (2%)           67M (2%)             -                  -          
[167.295s][info][gc,heap     ] GC(311) Allocated:         -               188M (5%)          204M (5%)          286M (7%)             -                  -          
[167.295s][info][gc,heap     ] GC(311)   Garbage:         -              2902M (71%)          52M (1%)           10M (0%)             -                  -          
[167.295s][info][gc,heap     ] GC(311) Reclaimed:         -                  -              2850M (70%)        2892M (71%)            -                  -          
[167.295s][info][gc          ] GC(311) Garbage Collection (Allocation Rate) 2970M(73%)->342M(8%)
[167.738s][info][gc,start    ] GC(312) Garbage Collection (Allocation Rate)
[167.738s][info][gc,phases   ] GC(312) Pause Mark Start 0.089ms
[167.781s][info][gc,phases   ] GC(312) Concurrent Mark 42.489ms
[167.781s][info][gc,phases   ] GC(312) Pause Mark End 0.223ms
[167.783s][info][gc,phases   ] GC(312) Concurrent Process Non-Strong References 1.679ms
[167.783s][info][gc,phases   ] GC(312) Concurrent Reset Relocation Set 0.069ms
[167.787s][info][gc,phases   ] GC(312) Concurrent Select Relocation Set 3.691ms
[167.787s][info][gc,phases   ] GC(312) Pause Relocate Start 0.072ms
[167.819s][info][gc,phases   ] GC(312) Concurrent Relocate 31.460ms
[167.819s][info][gc,load     ] GC(312) Load: 0.00/0.00/0.00
[167.819s][info][gc,mmu      ] GC(312) MMU: 2ms/77.0%, 5ms/89.5%, 10ms/94.4%, 20ms/97.2%, 50ms/98.7%, 100ms/99.4%
[167.819s][info][gc,marking  ] GC(312) Mark: 1 stripe(s), 2 proactive flush(es), 1 terminate flush(es), 1 completion(s), 0 continuation(s) 
[167.819s][info][gc,nmethod  ] GC(312) NMethods: 1484 registered, 0 unregistered
[167.819s][info][gc,metaspace] GC(312) Metaspace: 4M used, 4M capacity, 4M committed, 1032M reserved
[167.819s][info][gc,ref      ] GC(312) Soft: 261 encountered, 0 discovered, 0 enqueued
[167.819s][info][gc,ref      ] GC(312) Weak: 280 encountered, 229 discovered, 0 enqueued
[167.819s][info][gc,ref      ] GC(312) Final: 1 encountered, 0 discovered, 0 enqueued
[167.819s][info][gc,ref      ] GC(312) Phantom: 39 encountered, 30 discovered, 0 enqueued
[167.819s][info][gc,reloc    ] GC(312) Small Pages: 1234 / 2468M(100%), Empty: 2316M(94%), Compacting: 142M(6%)->52M(2%)
[167.819s][info][gc,reloc    ] GC(312) Medium Pages: 0 / 0M(0%), Empty: 0M(0%), Compacting: 0M(0%)->0M(0%)
[167.819s][info][gc,reloc    ] GC(312) Large Pages: 1 / 8M(0%), Empty: 0M(0%), Compacting: 0M(0%)->0M(0%)
[167.819s][info][gc,reloc    ] GC(312) Relocation: Successful
[167.819s][info][gc,heap     ] GC(312) Min Capacity: 42M(1%)
[167.819s][info][gc,heap     ] GC(312) Max Capacity: 4060M(100%)
[167.819s][info][gc,heap     ] GC(312) Soft Max Capacity: 4060M(100%)
[167.819s][info][gc,heap     ] GC(312)                Mark Start          Mark End        Relocate Start      Relocate End           High               Low         
[167.819s][info][gc,heap     ] GC(312)  Capacity:     3220M (79%)        3220M (79%)        3220M (79%)        3220M (79%)        3220M (79%)        3220M (79%)    
[167.819s][info][gc,heap     ] GC(312)   Reserve:       42M (1%)           42M (1%)           42M (1%)           42M (1%)           42M (1%)           42M (1%)     
[167.819s][info][gc,heap     ] GC(312)      Free:     1542M (38%)        1362M (34%)        3654M (90%)        3598M (89%)        3670M (90%)        1354M (33%)    
[167.819s][info][gc,heap     ] GC(312)      Used:     2476M (61%)        2656M (65%)         364M (9%)          420M (10%)        2664M (66%)         348M (9%)     
[167.819s][info][gc,heap     ] GC(312)      Live:         -                60M (1%)           60M (1%)           60M (1%)             -                  -          
[167.819s][info][gc,heap     ] GC(312) Allocated:         -               180M (4%)          204M (5%)          402M (10%)            -                  -          
[167.819s][info][gc,heap     ] GC(312)   Garbage:         -              2415M (59%)          99M (2%)            9M (0%)             -                  -          
[167.819s][info][gc,heap     ] GC(312) Reclaimed:         -                  -              2316M (57%)        2406M (59%)            -                  -          
[167.819s][info][gc          ] GC(312) Garbage Collection (Allocation Rate) 2476M(61%)->420M(10%)
[168.238s][info][gc,start    ] GC(313) Garbage Collection (Allocation Rate)
[168.238s][info][gc,phases   ] GC(313) Pause Mark Start 0.059ms
[168.286s][info][gc,phases   ] GC(313) Concurrent Mark 46.931ms
[168.286s][info][gc,phases   ] GC(313) Pause Mark End 0.235ms
[168.287s][info][gc,phases   ] GC(313) Concurrent Process Non-Strong References 1.477ms
[168.288s][info][gc,phases   ] GC(313) Concurrent Reset Relocation Set 0.840ms
[168.294s][info][gc,phases   ] GC(313) Concurrent Select Relocation Set 5.253ms
[168.294s][info][gc,phases   ] GC(313) Pause Relocate Start 0.114ms
[168.327s][info][gc,phases   ] GC(313) Concurrent Relocate 33.415ms
[168.327s][info][gc,load     ] GC(313) Load: 0.00/0.00/0.00
[168.327s][info][gc,mmu      ] GC(313) MMU: 2ms/77.0%, 5ms/89.5%, 10ms/94.4%, 20ms/97.2%, 50ms/98.7%, 100ms/99.4%
[168.327s][info][gc,marking  ] GC(313) Mark: 1 stripe(s), 2 proactive flush(es), 1 terminate flush(es), 1 completion(s), 0 continuation(s) 
[168.327s][info][gc,nmethod  ] GC(313) NMethods: 1484 registered, 0 unregistered
[168.327s][info][gc,metaspace] GC(313) Metaspace: 4M used, 4M capacity, 4M committed, 1032M reserved
[168.327s][info][gc,ref      ] GC(313) Soft: 261 encountered, 0 discovered, 0 enqueued
[168.327s][info][gc,ref      ] GC(313) Weak: 280 encountered, 229 discovered, 0 enqueued
[168.327s][info][gc,ref      ] GC(313) Final: 1 encountered, 0 discovered, 0 enqueued
[168.327s][info][gc,ref      ] GC(313) Phantom: 39 encountered, 30 discovered, 0 enqueued
[168.327s][info][gc,reloc    ] GC(313) Small Pages: 1219 / 2438M(100%), Empty: 2280M(93%), Compacting: 154M(6%)->58M(2%)
[168.327s][info][gc,reloc    ] GC(313) Medium Pages: 0 / 0M(0%), Empty: 0M(0%), Compacting: 0M(0%)->0M(0%)
[168.327s][info][gc,reloc    ] GC(313) Large Pages: 1 / 8M(0%), Empty: 0M(0%), Compacting: 0M(0%)->0M(0%)
[168.327s][info][gc,reloc    ] GC(313) Relocation: Successful
[168.327s][info][gc,heap     ] GC(313) Min Capacity: 42M(1%)
[168.327s][info][gc,heap     ] GC(313) Max Capacity: 4060M(100%)
[168.327s][info][gc,heap     ] GC(313) Soft Max Capacity: 4060M(100%)
[168.327s][info][gc,heap     ] GC(313)                Mark Start          Mark End        Relocate Start      Relocate End           High               Low         
[168.328s][info][gc,heap     ] GC(313)  Capacity:     3220M (79%)        3220M (79%)        3220M (79%)        3220M (79%)        3220M (79%)        3220M (79%)    
[168.328s][info][gc,heap     ] GC(313)   Reserve:       42M (1%)           42M (1%)           42M (1%)           42M (1%)           42M (1%)           42M (1%)     
[168.328s][info][gc,heap     ] GC(313)      Free:     1572M (39%)        1400M (34%)        3648M (90%)        3590M (88%)        3668M (90%)        1388M (34%)    
[168.328s][info][gc,heap     ] GC(313)      Used:     2446M (60%)        2618M (64%)         370M (9%)          428M (11%)        2630M (65%)         350M (9%)     
[168.328s][info][gc,heap     ] GC(313)      Live:         -                62M (2%)           62M (2%)           62M (2%)             -                  -          
[168.328s][info][gc,heap     ] GC(313) Allocated:         -               172M (4%)          204M (5%)          416M (10%)            -                  -          
[168.328s][info][gc,heap     ] GC(313)   Garbage:         -              2383M (59%)         103M (3%)            3M (0%)             -                  -          
[168.328s][info][gc,heap     ] GC(313) Reclaimed:         -                  -              2280M (56%)        2380M (59%)            -                  -          
[168.328s][info][gc          ] GC(313) Garbage Collection (Allocation Rate) 2446M(60%)->428M(11%)
[168.738s][info][gc,start    ] GC(314) Garbage Collection (Allocation Rate)
[168.738s][info][gc,phases   ] GC(314) Pause Mark Start 0.090ms
[168.777s][info][gc,phases   ] GC(314) Concurrent Mark 38.247ms
[168.777s][info][gc,phases   ] GC(314) Pause Mark End 0.241ms
[168.778s][info][gc,phases   ] GC(314) Concurrent Process Non-Strong References 1.418ms
[168.779s][info][gc,phases   ] GC(314) Concurrent Reset Relocation Set 0.911ms
[168.784s][info][gc,phases   ] GC(314) Concurrent Select Relocation Set 4.703ms
[168.785s][info][gc,phases   ] GC(314) Pause Relocate Start 0.102ms
[168.815s][info][gc,phases   ] GC(314) Concurrent Relocate 30.369ms
[168.815s][info][gc,load     ] GC(314) Load: 0.00/0.00/0.00
[168.815s][info][gc,mmu      ] GC(314) MMU: 2ms/77.0%, 5ms/89.5%, 10ms/94.4%, 20ms/97.2%, 50ms/98.7%, 100ms/99.4%
[168.815s][info][gc,marking  ] GC(314) Mark: 1 stripe(s), 2 proactive flush(es), 1 terminate flush(es), 1 completion(s), 0 continuation(s) 
[168.815s][info][gc,nmethod  ] GC(314) NMethods: 1484 registered, 0 unregistered
[168.815s][info][gc,metaspace] GC(314) Metaspace: 4M used, 4M capacity, 4M committed, 1032M reserved
[168.815s][info][gc,ref      ] GC(314) Soft: 261 encountered, 0 discovered, 0 enqueued
[168.815s][info][gc,ref      ] GC(314) Weak: 280 encountered, 229 discovered, 0 enqueued
[168.815s][info][gc,ref      ] GC(314) Final: 1 encountered, 0 discovered, 0 enqueued
[168.815s][info][gc,ref      ] GC(314) Phantom: 39 encountered, 30 discovered, 0 enqueued
[168.815s][info][gc,reloc    ] GC(314) Small Pages: 1196 / 2392M(100%), Empty: 2244M(94%), Compacting: 144M(6%)->52M(2%)
[168.815s][info][gc,reloc    ] GC(314) Medium Pages: 0 / 0M(0%), Empty: 0M(0%), Compacting: 0M(0%)->0M(0%)
[168.815s][info][gc,reloc    ] GC(314) Large Pages: 1 / 8M(0%), Empty: 0M(0%), Compacting: 0M(0%)->0M(0%)
[168.815s][info][gc,reloc    ] GC(314) Relocation: Successful
[168.815s][info][gc,heap     ] GC(314) Min Capacity: 42M(1%)
[168.815s][info][gc,heap     ] GC(314) Max Capacity: 4060M(100%)
[168.815s][info][gc,heap     ] GC(314) Soft Max Capacity: 4060M(100%)
[168.815s][info][gc,heap     ] GC(314)                Mark Start          Mark End        Relocate Start      Relocate End           High               Low         
[168.815s][info][gc,heap     ] GC(314)  Capacity:     3220M (79%)        3220M (79%)        3220M (79%)        3220M (79%)        3220M (79%)        3220M (79%)    
[168.815s][info][gc,heap     ] GC(314)   Reserve:       42M (1%)           42M (1%)           42M (1%)           42M (1%)           42M (1%)           42M (1%)     
[168.815s][info][gc,heap     ] GC(314)      Free:     1618M (40%)        1438M (35%)        3648M (90%)        3600M (89%)        3670M (90%)        1426M (35%)    
[168.815s][info][gc,heap     ] GC(314)      Used:     2400M (59%)        2580M (64%)         370M (9%)          418M (10%)        2592M (64%)         348M (9%)     
[168.815s][info][gc,heap     ] GC(314)      Live:         -                56M (1%)           56M (1%)           56M (1%)             -                  -          
[168.815s][info][gc,heap     ] GC(314) Allocated:         -               180M (4%)          214M (5%)          406M (10%)            -                  -          
[168.815s][info][gc,heap     ] GC(314)   Garbage:         -              2343M (58%)          99M (2%)            3M (0%)             -                  -          
[168.815s][info][gc,heap     ] GC(314) Reclaimed:         -                  -              2244M (55%)        2340M (58%)            -                  -          
[168.815s][info][gc          ] GC(314) Garbage Collection (Allocation Rate) 2400M(59%)->418M(10%)
[169.238s][info][gc,start    ] GC(315) Garbage Collection (Allocation Rate)
[169.238s][info][gc,phases   ] GC(315) Pause Mark Start 0.061ms
[169.274s][info][gc,phases   ] GC(315) Concurrent Mark 36.355ms
[169.275s][info][gc,phases   ] GC(315) Pause Mark End 0.305ms
[169.276s][info][gc,phases   ] GC(315) Concurrent Process Non-Strong References 1.554ms
[169.277s][info][gc,phases   ] GC(315) Concurrent Reset Relocation Set 1.099ms
[169.284s][info][gc,phases   ] GC(315) Concurrent Select Relocation Set 6.388ms
[169.284s][info][gc,phases   ] GC(315) Pause Relocate Start 0.103ms
[169.316s][info][gc,phases   ] GC(315) Concurrent Relocate 31.315ms
[169.316s][info][gc,load     ] GC(315) Load: 0.00/0.00/0.00
[169.316s][info][gc,mmu      ] GC(315) MMU: 2ms/77.0%, 5ms/89.5%, 10ms/94.4%, 20ms/97.2%, 50ms/98.7%, 100ms/99.4%
[169.316s][info][gc,marking  ] GC(315) Mark: 1 stripe(s), 2 proactive flush(es), 1 terminate flush(es), 1 completion(s), 0 continuation(s) 
[169.316s][info][gc,nmethod  ] GC(315) NMethods: 1484 registered, 0 unregistered
[169.316s][info][gc,metaspace] GC(315) Metaspace: 4M used, 4M capacity, 4M committed, 1032M reserved
[169.316s][info][gc,ref      ] GC(315) Soft: 261 encountered, 0 discovered, 0 enqueued
[169.316s][info][gc,ref      ] GC(315) Weak: 280 encountered, 229 discovered, 0 enqueued
[169.316s][info][gc,ref      ] GC(315) Final: 1 encountered, 0 discovered, 0 enqueued
[169.316s][info][gc,ref      ] GC(315) Phantom: 39 encountered, 30 discovered, 0 enqueued
[169.316s][info][gc,reloc    ] GC(315) Small Pages: 1220 / 2440M(100%), Empty: 2288M(93%), Compacting: 148M(6%)->54M(2%)
[169.316s][info][gc,reloc    ] GC(315) Medium Pages: 0 / 0M(0%), Empty: 0M(0%), Compacting: 0M(0%)->0M(0%)
[169.316s][info][gc,reloc    ] GC(315) Large Pages: 1 / 8M(0%), Empty: 0M(0%), Compacting: 0M(0%)->0M(0%)
[169.316s][info][gc,reloc    ] GC(315) Relocation: Successful
[169.316s][info][gc,heap     ] GC(315) Min Capacity: 42M(1%)
[169.316s][info][gc,heap     ] GC(315) Max Capacity: 4060M(100%)
[169.316s][info][gc,heap     ] GC(315) Soft Max Capacity: 4060M(100%)
[169.316s][info][gc,heap     ] GC(315)                Mark Start          Mark End        Relocate Start      Relocate End           High               Low         
[169.316s][info][gc,heap     ] GC(315)  Capacity:     3220M (79%)        3220M (79%)        3220M (79%)        3220M (79%)        3220M (79%)        3220M (79%)    
[169.316s][info][gc,heap     ] GC(315)   Reserve:       42M (1%)           42M (1%)           42M (1%)           42M (1%)           42M (1%)           42M (1%)     
[169.316s][info][gc,heap     ] GC(315)      Free:     1570M (39%)        1400M (34%)        3648M (90%)        3596M (89%)        3674M (90%)        1388M (34%)    
[169.316s][info][gc,heap     ] GC(315)      Used:     2448M (60%)        2618M (64%)         370M (9%)          422M (10%)        2630M (65%)         344M (8%)     
[169.316s][info][gc,heap     ] GC(315)      Live:         -                58M (1%)           58M (1%)           58M (1%)             -                  -          
[169.316s][info][gc,heap     ] GC(315) Allocated:         -               170M (4%)          210M (5%)          410M (10%)            -                  -          
[169.316s][info][gc,heap     ] GC(315)   Garbage:         -              2389M (59%)         101M (2%)            5M (0%)             -                  -          
[169.316s][info][gc,heap     ] GC(315) Reclaimed:         -                  -              2288M (56%)        2384M (59%)            -                  -          
[169.316s][info][gc          ] GC(315) Garbage Collection (Allocation Rate) 2448M(60%)->422M(10%)
[169.739s][info][gc,start    ] GC(316) Garbage Collection (Allocation Rate)
[169.739s][info][gc,phases   ] GC(316) Pause Mark Start 0.084ms
[169.772s][info][gc,phases   ] GC(316) Concurrent Mark 33.365ms
[169.773s][info][gc,phases   ] GC(316) Pause Mark End 0.237ms
[169.774s][info][gc,phases   ] GC(316) Concurrent Process Non-Strong References 1.621ms
[169.774s][info][gc,phases   ] GC(316) Concurrent Reset Relocation Set 0.234ms
[169.776s][info][gc,phases   ] GC(316) Concurrent Select Relocation Set 1.942ms
[169.777s][info][gc,phases   ] GC(316) Pause Relocate Start 0.064ms
[169.792s][info][gc,phases   ] GC(316) Concurrent Relocate 15.069ms
[169.792s][info][gc,load     ] GC(316) Load: 0.00/0.00/0.00
[169.792s][info][gc,mmu      ] GC(316) MMU: 2ms/77.0%, 5ms/89.5%, 10ms/94.4%, 20ms/97.2%, 50ms/98.7%, 100ms/99.4%
[169.792s][info][gc,marking  ] GC(316) Mark: 1 stripe(s), 2 proactive flush(es), 1 terminate flush(es), 1 completion(s), 0 continuation(s) 
[169.792s][info][gc,nmethod  ] GC(316) NMethods: 1484 registered, 0 unregistered
[169.792s][info][gc,metaspace] GC(316) Metaspace: 4M used, 4M capacity, 4M committed, 1032M reserved
[169.792s][info][gc,ref      ] GC(316) Soft: 261 encountered, 0 discovered, 0 enqueued
[169.792s][info][gc,ref      ] GC(316) Weak: 280 encountered, 229 discovered, 0 enqueued
[169.792s][info][gc,ref      ] GC(316) Final: 1 encountered, 0 discovered, 0 enqueued
[169.792s][info][gc,ref      ] GC(316) Phantom: 39 encountered, 30 discovered, 0 enqueued
[169.792s][info][gc,reloc    ] GC(316) Small Pages: 1215 / 2430M(100%), Empty: 2328M(95%), Compacting: 80M(3%)->26M(1%)
[169.792s][info][gc,reloc    ] GC(316) Medium Pages: 0 / 0M(0%), Empty: 0M(0%), Compacting: 0M(0%)->0M(0%)
[169.792s][info][gc,reloc    ] GC(316) Large Pages: 1 / 8M(0%), Empty: 0M(0%), Compacting: 0M(0%)->0M(0%)
[169.792s][info][gc,reloc    ] GC(316) Relocation: Successful
[169.792s][info][gc,heap     ] GC(316) Min Capacity: 42M(1%)
[169.792s][info][gc,heap     ] GC(316) Max Capacity: 4060M(100%)
[169.792s][info][gc,heap     ] GC(316) Soft Max Capacity: 4060M(100%)
[169.792s][info][gc,heap     ] GC(316)                Mark Start          Mark End        Relocate Start      Relocate End           High               Low         
[169.792s][info][gc,heap     ] GC(316)  Capacity:     3220M (79%)        3220M (79%)        3220M (79%)        3220M (79%)        3220M (79%)        3220M (79%)    
[169.792s][info][gc,heap     ] GC(316)   Reserve:       42M (1%)           42M (1%)           42M (1%)           42M (1%)           42M (1%)           42M (1%)     
[169.792s][info][gc,heap     ] GC(316)      Free:     1580M (39%)        1424M (35%)        3734M (92%)        3718M (92%)        3744M (92%)        1416M (35%)    
[169.792s][info][gc,heap     ] GC(316)      Used:     2438M (60%)        2594M (64%)         284M (7%)          300M (7%)         2602M (64%)         274M (7%)     
[169.792s][info][gc,heap     ] GC(316)      Live:         -                48M (1%)           48M (1%)           48M (1%)             -                  -          
[169.792s][info][gc,heap     ] GC(316) Allocated:         -               156M (4%)          174M (4%)          270M (7%)             -                  -          
[169.792s][info][gc,heap     ] GC(316)   Garbage:         -              2389M (59%)          61M (2%)            7M (0%)             -                  -          
[169.792s][info][gc,heap     ] GC(316) Reclaimed:         -                  -              2328M (57%)        2382M (59%)            -                  -          
[169.792s][info][gc          ] GC(316) Garbage Collection (Allocation Rate) 2438M(60%)->300M(7%)
[170.038s][info][gc,stats    ] === Garbage Collection Statistics =======================================================================================================================
[170.038s][info][gc,stats    ]                                                              Last 10s              Last 10m              Last 10h                Total
[170.038s][info][gc,stats    ]                                                              Avg / Max             Avg / Max             Avg / Max             Avg / Max
[170.038s][info][gc,stats    ]   Collector: Garbage Collection Cycle                     58.286 / 89.089       61.818 / 153.808      61.818 / 153.808      61.818 / 153.808     ms
[170.038s][info][gc,stats    ]  Contention: Mark Segment Reset Contention                     0 / 0                 0 / 0                 0 / 0                 0 / 0           ops/s
[170.038s][info][gc,stats    ]  Contention: Mark SeqNum Reset Contention                      0 / 0                 0 / 0                 0 / 0                 0 / 0           ops/s
[170.038s][info][gc,stats    ]  Contention: Relocation Contention                             0 / 1                 0 / 2                 0 / 2                 0 / 2           ops/s
[170.038s][info][gc,stats    ]    Critical: Allocation Stall                              0.000 / 0.000         0.000 / 0.000         0.000 / 0.000         0.000 / 0.000       ms
[170.038s][info][gc,stats    ]    Critical: Allocation Stall                                  0 / 0                 0 / 0                 0 / 0                 0 / 0           ops/s
[170.038s][info][gc,stats    ]    Critical: GC Locker Stall                               0.000 / 0.000         0.000 / 0.000         0.000 / 0.000         0.000 / 0.000       ms
[170.038s][info][gc,stats    ]    Critical: GC Locker Stall                                   0 / 0                 0 / 0                 0 / 0                 0 / 0           ops/s
[170.038s][info][gc,stats    ]      Memory: Allocation Rate                                4761 / 4806           4621 / 4810           4621 / 4810           4621 / 4810        MB/s
[170.038s][info][gc,stats    ]      Memory: Heap Used After Mark                           2765 / 3158           2713 / 3174           2713 / 3174           2713 / 3174        MB
[170.038s][info][gc,stats    ]      Memory: Heap Used After Relocation                      329 / 428             333 / 476             333 / 476             333 / 476         MB
[170.038s][info][gc,stats    ]      Memory: Heap Used Before Mark                          2598 / 2970           2543 / 2998           2543 / 2998           2543 / 2998        MB
[170.038s][info][gc,stats    ]      Memory: Heap Used Before Relocation                     305 / 370             311 / 384             311 / 384             311 / 384         MB
[170.038s][info][gc,stats    ]      Memory: Out Of Memory                                     0 / 0                 0 / 0                 0 / 0                 0 / 0           ops/s
[170.038s][info][gc,stats    ]      Memory: Page Cache Flush                                  0 / 0                 0 / 0                 0 / 0                 0 / 0           MB/s
[170.038s][info][gc,stats    ]      Memory: Page Cache Hit L1                              2406 / 2437           2324 / 2439           2324 / 2439           2324 / 2439        ops/s
[170.038s][info][gc,stats    ]      Memory: Page Cache Hit L2                                 0 / 0                 0 / 0                 0 / 0                 0 / 0           ops/s
[170.038s][info][gc,stats    ]      Memory: Page Cache Hit L3                                 0 / 0                 0 / 103               0 / 103               0 / 103         ops/s
[170.038s][info][gc,stats    ]      Memory: Page Cache Miss                                   0 / 0                 0 / 0                 0 / 0                 0 / 0           ops/s
[170.038s][info][gc,stats    ]      Memory: Uncommit                                          0 / 0                 0 / 0                 0 / 0                 0 / 0           MB/s
[170.038s][info][gc,stats    ]      Memory: Undo Object Allocation Failed                     0 / 0                 0 / 0                 0 / 0                 0 / 0           ops/s
[170.038s][info][gc,stats    ]      Memory: Undo Object Allocation Succeeded                  0 / 1                 0 / 2                 0 / 2                 0 / 2           ops/s
[170.038s][info][gc,stats    ]      Memory: Undo Page Allocation                              0 / 0                 0 / 0                 0 / 0                 0 / 0           ops/s
[170.038s][info][gc,stats    ]       Phase: Concurrent Mark                              36.197 / 46.931       39.499 / 106.230      39.499 / 106.230      39.499 / 106.230     ms
[170.038s][info][gc,stats    ]       Phase: Concurrent Mark Continue                      0.000 / 0.000         0.000 / 0.000         0.000 / 0.000         0.000 / 0.000       ms
[170.038s][info][gc,stats    ]       Phase: Concurrent Process Non-Strong References      1.605 / 1.757         1.626 / 3.379         1.626 / 3.379         1.626 / 3.379       ms
[170.038s][info][gc,stats    ]       Phase: Concurrent Relocate                          15.970 / 33.415       15.836 / 40.994       15.836 / 40.994       15.836 / 40.994      ms
[170.038s][info][gc,stats    ]       Phase: Concurrent Reset Relocation Set               0.335 / 1.099         0.432 / 1.503         0.432 / 1.503         0.432 / 1.503       ms
[170.038s][info][gc,stats    ]       Phase: Concurrent Select Relocation Set              2.989 / 6.388         3.262 / 7.978         3.262 / 7.978         3.262 / 7.978       ms
[170.038s][info][gc,stats    ]       Phase: Pause Mark End                                0.255 / 0.351         0.257 / 0.459         0.257 / 0.459         0.257 / 0.459       ms
[170.038s][info][gc,stats    ]       Phase: Pause Mark Start                              0.076 / 0.122         0.069 / 0.289         0.069 / 0.289         0.069 / 0.289       ms
[170.038s][info][gc,stats    ]       Phase: Pause Relocate Start                          0.077 / 0.114         0.071 / 0.152         0.071 / 0.152         0.071 / 0.152       ms
[170.038s][info][gc,stats    ]    Subphase: Concurrent Classes Purge                      0.089 / 0.132         0.090 / 0.200         0.090 / 0.200         0.090 / 0.200       ms
[170.038s][info][gc,stats    ]    Subphase: Concurrent Classes Unlink                     1.197 / 1.281         1.209 / 2.988         1.209 / 2.988         1.209 / 2.988       ms
[170.038s][info][gc,stats    ]    Subphase: Concurrent Mark                              36.068 / 46.813       39.365 / 106.127      39.365 / 106.127      39.365 / 106.127     ms
[170.038s][info][gc,stats    ]    Subphase: Concurrent Mark Idle                          0.000 / 0.000         0.000 / 0.000         0.000 / 0.000         0.000 / 0.000       ms
[170.038s][info][gc,stats    ]    Subphase: Concurrent Mark Try Flush                     0.066 / 0.103         0.069 / 0.160         0.069 / 0.160         0.069 / 0.160       ms
[170.038s][info][gc,stats    ]    Subphase: Concurrent Mark Try Terminate                 0.028 / 0.090         0.031 / 0.107         0.031 / 0.107         0.031 / 0.107       ms
[170.038s][info][gc,stats    ]    Subphase: Concurrent References Enqueue                 0.000 / 0.000         0.000 / 0.002         0.000 / 0.002         0.000 / 0.002       ms
[170.038s][info][gc,stats    ]    Subphase: Concurrent References Process                 0.058 / 0.116         0.057 / 0.131         0.057 / 0.131         0.057 / 0.131       ms
[170.038s][info][gc,stats    ]    Subphase: Concurrent Roots                              0.040 / 0.055         0.047 / 0.196         0.047 / 0.196         0.047 / 0.196       ms
[170.038s][info][gc,stats    ]    Subphase: Concurrent Roots ClassLoaderDataGraph         0.036 / 0.051         0.043 / 0.184         0.043 / 0.184         0.043 / 0.184       ms
[170.038s][info][gc,stats    ]    Subphase: Concurrent Roots JNIHandles                   0.002 / 0.002         0.002 / 0.009         0.002 / 0.009         0.002 / 0.009       ms
[170.038s][info][gc,stats    ]    Subphase: Concurrent Roots Setup                        0.002 / 0.003         0.003 / 0.010         0.003 / 0.010         0.003 / 0.010       ms
[170.038s][info][gc,stats    ]    Subphase: Concurrent Roots Teardown                     0.000 / 0.000         0.000 / 0.000         0.000 / 0.000         0.000 / 0.000       ms
[170.038s][info][gc,stats    ]    Subphase: Concurrent Roots VMHandles                    0.002 / 0.002         0.002 / 0.007         0.002 / 0.007         0.002 / 0.007       ms
[170.038s][info][gc,stats    ]    Subphase: Concurrent Weak Roots                         0.147 / 0.157         0.164 / 0.433         0.164 / 0.433         0.164 / 0.433       ms
[170.038s][info][gc,stats    ]    Subphase: Concurrent Weak Roots JNIWeakHandles          0.000 / 0.001         0.000 / 0.001         0.000 / 0.001         0.000 / 0.001       ms
[170.038s][info][gc,stats    ]    Subphase: Concurrent Weak Roots ResolvedMethodTable     0.006 / 0.006         0.006 / 0.018         0.006 / 0.018         0.006 / 0.018       ms
[170.038s][info][gc,stats    ]    Subphase: Concurrent Weak Roots StringTable             0.138 / 0.148         0.154 / 0.416         0.154 / 0.416         0.154 / 0.416       ms
[170.038s][info][gc,stats    ]    Subphase: Concurrent Weak Roots VMWeakHandles           0.002 / 0.003         0.002 / 0.010         0.002 / 0.010         0.002 / 0.010       ms
[170.038s][info][gc,stats    ]    Subphase: Pause Mark Try Complete                       0.135 / 0.167         0.144 / 0.348         0.144 / 0.348         0.144 / 0.348       ms
[170.038s][info][gc,stats    ]    Subphase: Pause Roots                                   0.012 / 0.054         0.013 / 0.246         0.013 / 0.246         0.013 / 0.246       ms
[170.038s][info][gc,stats    ]    Subphase: Pause Roots CodeCache                         0.000 / 0.000         0.000 / 0.000         0.000 / 0.000         0.000 / 0.000       ms
[170.038s][info][gc,stats    ]    Subphase: Pause Roots JVMTIExport                       0.001 / 0.001         0.001 / 0.004         0.001 / 0.004         0.001 / 0.004       ms
[170.038s][info][gc,stats    ]    Subphase: Pause Roots JVMTIWeakExport                   0.001 / 0.001         0.001 / 0.003         0.001 / 0.003         0.001 / 0.003       ms
[170.038s][info][gc,stats    ]    Subphase: Pause Roots Java Threads                      0.018 / 0.049         0.018 / 0.246         0.018 / 0.246         0.018 / 0.246       ms
[170.038s][info][gc,stats    ]    Subphase: Pause Roots Management                        0.001 / 0.001         0.001 / 0.004         0.001 / 0.004         0.001 / 0.004       ms
[170.038s][info][gc,stats    ]    Subphase: Pause Roots ObjectSynchronizer                0.000 / 0.001         0.000 / 0.022         0.000 / 0.022         0.000 / 0.022       ms
[170.038s][info][gc,stats    ]    Subphase: Pause Roots Setup                             0.000 / 0.001         0.000 / 0.002         0.000 / 0.002         0.000 / 0.002       ms
[170.038s][info][gc,stats    ]    Subphase: Pause Roots Teardown                          0.001 / 0.001         0.000 / 0.002         0.000 / 0.002         0.000 / 0.002       ms
[170.038s][info][gc,stats    ]    Subphase: Pause Roots Universe                          0.001 / 0.003         0.001 / 0.015         0.001 / 0.015         0.001 / 0.015       ms
[170.038s][info][gc,stats    ]    Subphase: Pause Roots VM Thread                         0.001 / 0.002         0.001 / 0.003         0.001 / 0.003         0.001 / 0.003       ms
[170.038s][info][gc,stats    ]    Subphase: Pause Weak Roots                              0.003 / 0.014         0.003 / 0.086         0.003 / 0.086         0.003 / 0.086       ms
[170.038s][info][gc,stats    ]    Subphase: Pause Weak Roots JFRWeak                      0.012 / 0.013         0.012 / 0.082         0.012 / 0.082         0.012 / 0.082       ms
[170.038s][info][gc,stats    ]    Subphase: Pause Weak Roots JVMTIWeakExport              0.001 / 0.001         0.001 / 0.006         0.001 / 0.006         0.001 / 0.006       ms
[170.038s][info][gc,stats    ]    Subphase: Pause Weak Roots Setup                        0.000 / 0.000         0.000 / 0.001         0.000 / 0.001         0.000 / 0.001       ms
[170.038s][info][gc,stats    ]    Subphase: Pause Weak Roots Teardown                     0.000 / 0.000         0.000 / 0.000         0.000 / 0.000         0.000 / 0.000       ms
[170.038s][info][gc,stats    ]      System: Java Threads                                     14 / 14               14 / 15               14 / 15               14 / 15          threads
[170.038s][info][gc,stats    ] =========================================================================================================================================================
[170.238s][info][gc,start    ] GC(317) Garbage Collection (Allocation Rate)
[170.238s][info][gc,phases   ] GC(317) Pause Mark Start 0.057ms
[170.274s][info][gc,phases   ] GC(317) Concurrent Mark 35.695ms
[170.274s][info][gc,phases   ] GC(317) Pause Mark End 0.238ms
[170.277s][info][gc,phases   ] GC(317) Concurrent Process Non-Strong References 2.795ms
[170.277s][info][gc,phases   ] GC(317) Concurrent Reset Relocation Set 0.071ms
[170.279s][info][gc,phases   ] GC(317) Concurrent Select Relocation Set 1.873ms
[170.280s][info][gc,phases   ] GC(317) Pause Relocate Start 0.053ms
[170.293s][info][gc,phases   ] GC(317) Concurrent Relocate 13.289ms
[170.293s][info][gc,load     ] GC(317) Load: 0.00/0.00/0.00
[170.293s][info][gc,mmu      ] GC(317) MMU: 2ms/77.0%, 5ms/89.5%, 10ms/94.4%, 20ms/97.2%, 50ms/98.7%, 100ms/99.4%
[170.293s][info][gc,marking  ] GC(317) Mark: 1 stripe(s), 2 proactive flush(es), 1 terminate flush(es), 1 completion(s), 0 continuation(s) 
[170.293s][info][gc,nmethod  ] GC(317) NMethods: 1484 registered, 0 unregistered
[170.293s][info][gc,metaspace] GC(317) Metaspace: 4M used, 4M capacity, 4M committed, 1032M reserved
[170.293s][info][gc,ref      ] GC(317) Soft: 261 encountered, 0 discovered, 0 enqueued
[170.293s][info][gc,ref      ] GC(317) Weak: 280 encountered, 229 discovered, 0 enqueued
[170.293s][info][gc,ref      ] GC(317) Final: 1 encountered, 0 discovered, 0 enqueued
[170.293s][info][gc,ref      ] GC(317) Phantom: 39 encountered, 30 discovered, 0 enqueued
[170.293s][info][gc,reloc    ] GC(317) Small Pages: 1208 / 2416M(100%), Empty: 2336M(96%), Compacting: 48M(2%)->16M(1%)
[170.293s][info][gc,reloc    ] GC(317) Medium Pages: 0 / 0M(0%), Empty: 0M(0%), Compacting: 0M(0%)->0M(0%)
[170.293s][info][gc,reloc    ] GC(317) Large Pages: 1 / 8M(0%), Empty: 0M(0%), Compacting: 0M(0%)->0M(0%)
[170.293s][info][gc,reloc    ] GC(317) Relocation: Successful
[170.293s][info][gc,heap     ] GC(317) Min Capacity: 42M(1%)
[170.293s][info][gc,heap     ] GC(317) Max Capacity: 4060M(100%)
[170.293s][info][gc,heap     ] GC(317) Soft Max Capacity: 4060M(100%)
[170.293s][info][gc,heap     ] GC(317)                Mark Start          Mark End        Relocate Start      Relocate End           High               Low         
[170.293s][info][gc,heap     ] GC(317)  Capacity:     3220M (79%)        3220M (79%)        3220M (79%)        3220M (79%)        3220M (79%)        3220M (79%)    
[170.293s][info][gc,heap     ] GC(317)   Reserve:       42M (1%)           42M (1%)           42M (1%)           42M (1%)           42M (1%)           42M (1%)     
[170.293s][info][gc,heap     ] GC(317)      Free:     1594M (39%)        1450M (36%)        3768M (93%)        3750M (92%)        3776M (93%)        1440M (35%)    
[170.293s][info][gc,heap     ] GC(317)      Used:     2424M (60%)        2568M (63%)         250M (6%)          268M (7%)         2578M (63%)         242M (6%)     
[170.293s][info][gc,heap     ] GC(317)      Live:         -                48M (1%)           48M (1%)           48M (1%)             -                  -          
[170.293s][info][gc,heap     ] GC(317) Allocated:         -               144M (4%)          162M (4%)          228M (6%)             -                  -          
[170.293s][info][gc,heap     ] GC(317)   Garbage:         -              2375M (59%)          39M (1%)            9M (0%)             -                  -          
[170.293s][info][gc,heap     ] GC(317) Reclaimed:         -                  -              2336M (58%)        2366M (58%)            -                  -          
[170.293s][info][gc          ] GC(317) Garbage Collection (Allocation Rate) 2424M(60%)->268M(7%)
[170.838s][info][gc,start    ] GC(318) Garbage Collection (Allocation Rate)
[170.838s][info][gc,phases   ] GC(318) Pause Mark Start 0.059ms
[170.876s][info][gc,phases   ] GC(318) Concurrent Mark 38.038ms
[170.877s][info][gc,phases   ] GC(318) Pause Mark End 0.269ms
[170.878s][info][gc,phases   ] GC(318) Concurrent Process Non-Strong References 1.510ms
[170.878s][info][gc,phases   ] GC(318) Concurrent Reset Relocation Set 0.040ms
[170.881s][info][gc,phases   ] GC(318) Concurrent Select Relocation Set 2.224ms
[170.881s][info][gc,phases   ] GC(318) Pause Relocate Start 0.075ms
[170.909s][info][gc,phases   ] GC(318) Concurrent Relocate 28.395ms
[170.909s][info][gc,load     ] GC(318) Load: 0.00/0.00/0.00
[170.909s][info][gc,mmu      ] GC(318) MMU: 2ms/77.0%, 5ms/89.5%, 10ms/94.4%, 20ms/97.2%, 50ms/98.7%, 100ms/99.4%
[170.909s][info][gc,marking  ] GC(318) Mark: 1 stripe(s), 2 proactive flush(es), 1 terminate flush(es), 1 completion(s), 0 continuation(s) 
[170.909s][info][gc,nmethod  ] GC(318) NMethods: 1484 registered, 0 unregistered
[170.909s][info][gc,metaspace] GC(318) Metaspace: 4M used, 4M capacity, 4M committed, 1032M reserved
[170.909s][info][gc,ref      ] GC(318) Soft: 261 encountered, 0 discovered, 0 enqueued
[170.909s][info][gc,ref      ] GC(318) Weak: 280 encountered, 229 discovered, 0 enqueued
[170.909s][info][gc,ref      ] GC(318) Final: 1 encountered, 0 discovered, 0 enqueued
[170.909s][info][gc,ref      ] GC(318) Phantom: 39 encountered, 30 discovered, 0 enqueued
[170.909s][info][gc,reloc    ] GC(318) Small Pages: 1344 / 2688M(100%), Empty: 2536M(94%), Compacting: 138M(5%)->48M(2%)
[170.910s][info][gc,reloc    ] GC(318) Medium Pages: 0 / 0M(0%), Empty: 0M(0%), Compacting: 0M(0%)->0M(0%)
[170.910s][info][gc,reloc    ] GC(318) Large Pages: 1 / 8M(0%), Empty: 0M(0%), Compacting: 0M(0%)->0M(0%)
[170.910s][info][gc,reloc    ] GC(318) Relocation: Successful
[170.910s][info][gc,heap     ] GC(318) Min Capacity: 42M(1%)
[170.910s][info][gc,heap     ] GC(318) Max Capacity: 4060M(100%)
[170.910s][info][gc,heap     ] GC(318) Soft Max Capacity: 4060M(100%)
[170.910s][info][gc,heap     ] GC(318)                Mark Start          Mark End        Relocate Start      Relocate End           High               Low         
[170.910s][info][gc,heap     ] GC(318)  Capacity:     3220M (79%)        3220M (79%)        3220M (79%)        3220M (79%)        3220M (79%)        3220M (79%)    
[170.910s][info][gc,heap     ] GC(318)   Reserve:       42M (1%)           42M (1%)           42M (1%)           42M (1%)           42M (1%)           42M (1%)     
[170.910s][info][gc,heap     ] GC(318)      Free:     1322M (33%)        1144M (28%)        3662M (90%)        3624M (89%)        3672M (90%)        1136M (28%)    
[170.910s][info][gc,heap     ] GC(318)      Used:     2696M (66%)        2874M (71%)         356M (9%)          394M (10%)        2882M (71%)         346M (9%)     
[170.910s][info][gc,heap     ] GC(318)      Live:         -                60M (2%)           60M (2%)           60M (2%)             -                  -          
[170.910s][info][gc,heap     ] GC(318) Allocated:         -               178M (4%)          196M (5%)          372M (9%)             -                  -          
[170.910s][info][gc,heap     ] GC(318)   Garbage:         -              2635M (65%)          99M (2%)            5M (0%)             -                  -          
[170.910s][info][gc,heap     ] GC(318) Reclaimed:         -                  -              2536M (62%)        2630M (65%)            -                  -          
[170.910s][info][gc          ] GC(318) Garbage Collection (Allocation Rate) 2696M(66%)->394M(10%)
[171.337s][info][gc,start    ] GC(319) Garbage Collection (Allocation Rate)
[171.338s][info][gc,phases   ] GC(319) Pause Mark Start 0.058ms
[171.374s][info][gc,phases   ] GC(319) Concurrent Mark 36.059ms
[171.374s][info][gc,phases   ] GC(319) Pause Mark End 0.248ms
[171.376s][info][gc,phases   ] GC(319) Concurrent Process Non-Strong References 1.512ms
[171.376s][info][gc,phases   ] GC(319) Concurrent Reset Relocation Set 0.076ms
[171.378s][info][gc,phases   ] GC(319) Concurrent Select Relocation Set 2.619ms
[171.379s][info][gc,phases   ] GC(319) Pause Relocate Start 0.100ms
[171.409s][info][gc,phases   ] GC(319) Concurrent Relocate 30.143ms
[171.409s][info][gc,load     ] GC(319) Load: 0.00/0.00/0.00
[171.409s][info][gc,mmu      ] GC(319) MMU: 2ms/77.0%, 5ms/89.5%, 10ms/94.4%, 20ms/97.2%, 50ms/98.7%, 100ms/99.4%
[171.409s][info][gc,marking  ] GC(319) Mark: 1 stripe(s), 2 proactive flush(es), 1 terminate flush(es), 1 completion(s), 0 continuation(s) 
[171.409s][info][gc,nmethod  ] GC(319) NMethods: 1484 registered, 0 unregistered
[171.409s][info][gc,metaspace] GC(319) Metaspace: 4M used, 4M capacity, 4M committed, 1032M reserved
[171.409s][info][gc,ref      ] GC(319) Soft: 261 encountered, 0 discovered, 0 enqueued
[171.409s][info][gc,ref      ] GC(319) Weak: 280 encountered, 229 discovered, 0 enqueued
[171.409s][info][gc,ref      ] GC(319) Final: 1 encountered, 0 discovered, 0 enqueued
[171.409s][info][gc,ref      ] GC(319) Phantom: 39 encountered, 30 discovered, 0 enqueued
[171.409s][info][gc,reloc    ] GC(319) Small Pages: 1223 / 2446M(100%), Empty: 2298M(94%), Compacting: 142M(6%)->52M(2%)
[171.409s][info][gc,reloc    ] GC(319) Medium Pages: 0 / 0M(0%), Empty: 0M(0%), Compacting: 0M(0%)->0M(0%)
[171.409s][info][gc,reloc    ] GC(319) Large Pages: 1 / 8M(0%), Empty: 0M(0%), Compacting: 0M(0%)->0M(0%)
[171.409s][info][gc,reloc    ] GC(319) Relocation: Successful
[171.409s][info][gc,heap     ] GC(319) Min Capacity: 42M(1%)
[171.409s][info][gc,heap     ] GC(319) Max Capacity: 4060M(100%)
[171.409s][info][gc,heap     ] GC(319) Soft Max Capacity: 4060M(100%)
[171.409s][info][gc,heap     ] GC(319)                Mark Start          Mark End        Relocate Start      Relocate End           High               Low         
[171.409s][info][gc,heap     ] GC(319)  Capacity:     3220M (79%)        3220M (79%)        3220M (79%)        3220M (79%)        3220M (79%)        3220M (79%)    
[171.409s][info][gc,heap     ] GC(319)   Reserve:       42M (1%)           42M (1%)           42M (1%)           42M (1%)           42M (1%)           42M (1%)     
[171.409s][info][gc,heap     ] GC(319)      Free:     1564M (39%)        1394M (34%)        3672M (90%)        3622M (89%)        3684M (91%)        1388M (34%)    
[171.409s][info][gc,heap     ] GC(319)      Used:     2454M (60%)        2624M (65%)         346M (9%)          396M (10%)        2630M (65%)         334M (8%)     
[171.409s][info][gc,heap     ] GC(319)      Live:         -                57M (1%)           57M (1%)           57M (1%)             -                  -          
[171.409s][info][gc,heap     ] GC(319) Allocated:         -               170M (4%)          190M (5%)          382M (9%)             -                  -          
[171.409s][info][gc,heap     ] GC(319)   Garbage:         -              2396M (59%)          98M (2%)            6M (0%)             -                  -          
[171.409s][info][gc,heap     ] GC(319) Reclaimed:         -                  -              2298M (57%)        2390M (59%)            -                  -          
[171.409s][info][gc          ] GC(319) Garbage Collection (Allocation Rate) 2454M(60%)->396M(10%)
[171.838s][info][gc,start    ] GC(320) Garbage Collection (Allocation Rate)
[171.838s][info][gc,phases   ] GC(320) Pause Mark Start 0.067ms
[171.869s][info][gc,phases   ] GC(320) Concurrent Mark 30.452ms
[171.869s][info][gc,phases   ] GC(320) Pause Mark End 0.246ms
[171.871s][info][gc,phases   ] GC(320) Concurrent Process Non-Strong References 1.622ms
[171.872s][info][gc,phases   ] GC(320) Concurrent Reset Relocation Set 1.163ms
[171.874s][info][gc,phases   ] GC(320) Concurrent Select Relocation Set 1.929ms
[171.874s][info][gc,phases   ] GC(320) Pause Relocate Start 0.062ms
[171.874s][info][gc,phases   ] GC(320) Concurrent Relocate 0.175ms
[171.874s][info][gc,load     ] GC(320) Load: 0.00/0.00/0.00
[171.874s][info][gc,mmu      ] GC(320) MMU: 2ms/77.0%, 5ms/89.5%, 10ms/94.4%, 20ms/97.2%, 50ms/98.7%, 100ms/99.4%
[171.874s][info][gc,marking  ] GC(320) Mark: 1 stripe(s), 2 proactive flush(es), 1 terminate flush(es), 1 completion(s), 0 continuation(s) 
[171.874s][info][gc,nmethod  ] GC(320) NMethods: 1484 registered, 0 unregistered
[171.874s][info][gc,metaspace] GC(320) Metaspace: 4M used, 4M capacity, 4M committed, 1032M reserved
[171.874s][info][gc,ref      ] GC(320) Soft: 261 encountered, 0 discovered, 0 enqueued
[171.874s][info][gc,ref      ] GC(320) Weak: 280 encountered, 229 discovered, 0 enqueued
[171.874s][info][gc,ref      ] GC(320) Final: 1 encountered, 0 discovered, 0 enqueued
[171.875s][info][gc,ref      ] GC(320) Phantom: 39 encountered, 30 discovered, 0 enqueued
[171.875s][info][gc,reloc    ] GC(320) Small Pages: 1229 / 2458M(100%), Empty: 2400M(97%), Compacting: 10M(0%)->2M(0%)
[171.875s][info][gc,reloc    ] GC(320) Medium Pages: 0 / 0M(0%), Empty: 0M(0%), Compacting: 0M(0%)->0M(0%)
[171.875s][info][gc,reloc    ] GC(320) Large Pages: 1 / 8M(0%), Empty: 0M(0%), Compacting: 0M(0%)->0M(0%)
[171.875s][info][gc,reloc    ] GC(320) Relocation: Successful
[171.875s][info][gc,heap     ] GC(320) Min Capacity: 42M(1%)
[171.875s][info][gc,heap     ] GC(320) Max Capacity: 4060M(100%)
[171.875s][info][gc,heap     ] GC(320) Soft Max Capacity: 4060M(100%)
[171.875s][info][gc,heap     ] GC(320)                Mark Start          Mark End        Relocate Start      Relocate End           High               Low         
[171.875s][info][gc,heap     ] GC(320)  Capacity:     3220M (79%)        3220M (79%)        3220M (79%)        3220M (79%)        3220M (79%)        3220M (79%)    
[171.875s][info][gc,heap     ] GC(320)   Reserve:       42M (1%)           42M (1%)           42M (1%)           42M (1%)           42M (1%)           42M (1%)     
[171.875s][info][gc,heap     ] GC(320)      Free:     1552M (38%)        1404M (35%)        3784M (93%)        3790M (93%)        3792M (93%)        1392M (34%)    
[171.875s][info][gc,heap     ] GC(320)      Used:     2466M (61%)        2614M (64%)         234M (6%)          228M (6%)         2626M (65%)         226M (6%)     
[171.875s][info][gc,heap     ] GC(320)      Live:         -                49M (1%)           49M (1%)           49M (1%)             -                  -          
[171.875s][info][gc,heap     ] GC(320) Allocated:         -               148M (4%)          168M (4%)          172M (4%)             -                  -          
[171.875s][info][gc,heap     ] GC(320)   Garbage:         -              2416M (60%)          16M (0%)           10M (0%)             -                  -          
[171.875s][info][gc,heap     ] GC(320) Reclaimed:         -                  -              2400M (59%)        2406M (59%)            -                  -          
[171.875s][info][gc          ] GC(320) Garbage Collection (Allocation Rate) 2466M(61%)->228M(6%)
[172.339s][info][gc,start    ] GC(321) Garbage Collection (Allocation Rate)
[172.339s][info][gc,phases   ] GC(321) Pause Mark Start 0.055ms
[172.380s][info][gc,phases   ] GC(321) Concurrent Mark 41.086ms
[172.380s][info][gc,phases   ] GC(321) Pause Mark End 0.236ms
[172.382s][info][gc,phases   ] GC(321) Concurrent Process Non-Strong References 1.674ms
[172.382s][info][gc,phases   ] GC(321) Concurrent Reset Relocation Set 0.022ms
[172.385s][info][gc,phases   ] GC(321) Concurrent Select Relocation Set 2.721ms
[172.385s][info][gc,phases   ] GC(321) Pause Relocate Start 0.063ms
[172.395s][info][gc,phases   ] GC(321) Concurrent Relocate 9.664ms
[172.395s][info][gc,load     ] GC(321) Load: 0.00/0.00/0.00
[172.395s][info][gc,mmu      ] GC(321) MMU: 2ms/77.0%, 5ms/89.5%, 10ms/94.4%, 20ms/97.2%, 50ms/98.7%, 100ms/99.4%
[172.395s][info][gc,marking  ] GC(321) Mark: 1 stripe(s), 2 proactive flush(es), 1 terminate flush(es), 1 completion(s), 0 continuation(s) 
[172.395s][info][gc,nmethod  ] GC(321) NMethods: 1484 registered, 0 unregistered
[172.395s][info][gc,metaspace] GC(321) Metaspace: 4M used, 4M capacity, 4M committed, 1032M reserved
[172.395s][info][gc,ref      ] GC(321) Soft: 261 encountered, 0 discovered, 0 enqueued
[172.395s][info][gc,ref      ] GC(321) Weak: 280 encountered, 229 discovered, 0 enqueued
[172.395s][info][gc,ref      ] GC(321) Final: 1 encountered, 0 discovered, 0 enqueued
[172.395s][info][gc,ref      ] GC(321) Phantom: 39 encountered, 30 discovered, 0 enqueued
[172.395s][info][gc,reloc    ] GC(321) Small Pages: 1231 / 2462M(100%), Empty: 2352M(95%), Compacting: 58M(2%)->18M(1%)
[172.395s][info][gc,reloc    ] GC(321) Medium Pages: 0 / 0M(0%), Empty: 0M(0%), Compacting: 0M(0%)->0M(0%)
[172.395s][info][gc,reloc    ] GC(321) Large Pages: 1 / 8M(0%), Empty: 0M(0%), Compacting: 0M(0%)->0M(0%)
[172.395s][info][gc,reloc    ] GC(321) Relocation: Successful
[172.395s][info][gc,heap     ] GC(321) Min Capacity: 42M(1%)
[172.395s][info][gc,heap     ] GC(321) Max Capacity: 4060M(100%)
[172.395s][info][gc,heap     ] GC(321) Soft Max Capacity: 4060M(100%)
[172.395s][info][gc,heap     ] GC(321)                Mark Start          Mark End        Relocate Start      Relocate End           High               Low         
[172.395s][info][gc,heap     ] GC(321)  Capacity:     3220M (79%)        3220M (79%)        3220M (79%)        3220M (79%)        3220M (79%)        3220M (79%)    
[172.395s][info][gc,heap     ] GC(321)   Reserve:       42M (1%)           42M (1%)           42M (1%)           42M (1%)           42M (1%)           42M (1%)     
[172.395s][info][gc,heap     ] GC(321)      Free:     1548M (38%)        1360M (33%)        3692M (91%)        3686M (91%)        3704M (91%)        1352M (33%)    
[172.395s][info][gc,heap     ] GC(321)      Used:     2470M (61%)        2658M (65%)         326M (8%)          332M (8%)         2666M (66%)         314M (8%)     
[172.395s][info][gc,heap     ] GC(321)      Live:         -                68M (2%)           68M (2%)           68M (2%)             -                  -          
[172.395s][info][gc,heap     ] GC(321) Allocated:         -               188M (5%)          208M (5%)          272M (7%)             -                  -          
[172.395s][info][gc,heap     ] GC(321)   Garbage:         -              2401M (59%)          49M (1%)            9M (0%)             -                  -          
[172.395s][info][gc,heap     ] GC(321) Reclaimed:         -                  -              2352M (58%)        2392M (59%)            -                  -          
[172.395s][info][gc          ] GC(321) Garbage Collection (Allocation Rate) 2470M(61%)->332M(8%)
[172.838s][info][gc,start    ] GC(322) Garbage Collection (Allocation Rate)
[172.838s][info][gc,phases   ] GC(322) Pause Mark Start 0.049ms
[172.877s][info][gc,phases   ] GC(322) Concurrent Mark 38.554ms
[172.877s][info][gc,phases   ] GC(322) Pause Mark End 0.318ms
[172.879s][info][gc,phases   ] GC(322) Concurrent Process Non-Strong References 1.740ms
[172.879s][info][gc,phases   ] GC(322) Concurrent Reset Relocation Set 0.047ms
[172.883s][info][gc,phases   ] GC(322) Concurrent Select Relocation Set 3.813ms
[172.884s][info][gc,phases   ] GC(322) Pause Relocate Start 0.138ms
[172.910s][info][gc,phases   ] GC(322) Concurrent Relocate 25.835ms
[172.910s][info][gc,load     ] GC(322) Load: 0.00/0.00/0.00
[172.910s][info][gc,mmu      ] GC(322) MMU: 2ms/77.0%, 5ms/89.5%, 10ms/94.4%, 20ms/97.2%, 50ms/98.7%, 100ms/99.4%
[172.910s][info][gc,marking  ] GC(322) Mark: 1 stripe(s), 2 proactive flush(es), 1 terminate flush(es), 1 completion(s), 0 continuation(s) 
[172.910s][info][gc,nmethod  ] GC(322) NMethods: 1484 registered, 0 unregistered
[172.910s][info][gc,metaspace] GC(322) Metaspace: 4M used, 4M capacity, 4M committed, 1032M reserved
[172.910s][info][gc,ref      ] GC(322) Soft: 261 encountered, 0 discovered, 0 enqueued
[172.910s][info][gc,ref      ] GC(322) Weak: 280 encountered, 229 discovered, 0 enqueued
[172.910s][info][gc,ref      ] GC(322) Final: 1 encountered, 0 discovered, 0 enqueued
[172.910s][info][gc,ref      ] GC(322) Phantom: 39 encountered, 30 discovered, 0 enqueued
[172.910s][info][gc,reloc    ] GC(322) Small Pages: 1232 / 2464M(100%), Empty: 2316M(94%), Compacting: 134M(5%)->46M(2%)
[172.910s][info][gc,reloc    ] GC(322) Medium Pages: 0 / 0M(0%), Empty: 0M(0%), Compacting: 0M(0%)->0M(0%)
[172.910s][info][gc,reloc    ] GC(322) Large Pages: 1 / 8M(0%), Empty: 0M(0%), Compacting: 0M(0%)->0M(0%)
[172.910s][info][gc,reloc    ] GC(322) Relocation: Successful
[172.910s][info][gc,heap     ] GC(322) Min Capacity: 42M(1%)
[172.910s][info][gc,heap     ] GC(322) Max Capacity: 4060M(100%)
[172.910s][info][gc,heap     ] GC(322) Soft Max Capacity: 4060M(100%)
[172.910s][info][gc,heap     ] GC(322)                Mark Start          Mark End        Relocate Start      Relocate End           High               Low         
[172.910s][info][gc,heap     ] GC(322)  Capacity:     3220M (79%)        3220M (79%)        3220M (79%)        3220M (79%)        3220M (79%)        3220M (79%)    
[172.910s][info][gc,heap     ] GC(322)   Reserve:       42M (1%)           42M (1%)           42M (1%)           42M (1%)           42M (1%)           42M (1%)     
[172.910s][info][gc,heap     ] GC(322)      Free:     1546M (38%)        1368M (34%)        3656M (90%)        3624M (89%)        3674M (90%)        1358M (33%)    
[172.910s][info][gc,heap     ] GC(322)      Used:     2472M (61%)        2650M (65%)         362M (9%)          394M (10%)        2660M (66%)         344M (8%)     
[172.910s][info][gc,heap     ] GC(322)      Live:         -                59M (1%)           59M (1%)           59M (1%)             -                  -          
[172.910s][info][gc,heap     ] GC(322) Allocated:         -               178M (4%)          206M (5%)          372M (9%)             -                  -          
[172.910s][info][gc,heap     ] GC(322)   Garbage:         -              2412M (59%)          96M (2%)            6M (0%)             -                  -          
[172.910s][info][gc,heap     ] GC(322) Reclaimed:         -                  -              2316M (57%)        2406M (59%)            -                  -          
[172.910s][info][gc          ] GC(322) Garbage Collection (Allocation Rate) 2472M(61%)->394M(10%)
[173.338s][info][gc,start    ] GC(323) Garbage Collection (Allocation Rate)
[173.338s][info][gc,phases   ] GC(323) Pause Mark Start 0.090ms
[173.376s][info][gc,phases   ] GC(323) Concurrent Mark 37.825ms
[173.376s][info][gc,phases   ] GC(323) Pause Mark End 0.318ms
[173.378s][info][gc,phases   ] GC(323) Concurrent Process Non-Strong References 1.757ms
[173.378s][info][gc,phases   ] GC(323) Concurrent Reset Relocation Set 0.083ms
[173.381s][info][gc,phases   ] GC(323) Concurrent Select Relocation Set 2.790ms
[173.382s][info][gc,phases   ] GC(323) Pause Relocate Start 0.101ms
[173.410s][info][gc,phases   ] GC(323) Concurrent Relocate 28.195ms
[173.410s][info][gc,load     ] GC(323) Load: 0.00/0.00/0.00
[173.410s][info][gc,mmu      ] GC(323) MMU: 2ms/77.0%, 5ms/89.5%, 10ms/94.4%, 20ms/97.2%, 50ms/98.7%, 100ms/99.4%
[173.410s][info][gc,marking  ] GC(323) Mark: 1 stripe(s), 2 proactive flush(es), 1 terminate flush(es), 1 completion(s), 0 continuation(s) 
[173.410s][info][gc,nmethod  ] GC(323) NMethods: 1484 registered, 0 unregistered
[173.410s][info][gc,metaspace] GC(323) Metaspace: 4M used, 4M capacity, 4M committed, 1032M reserved
[173.410s][info][gc,ref      ] GC(323) Soft: 261 encountered, 0 discovered, 0 enqueued
[173.410s][info][gc,ref      ] GC(323) Weak: 280 encountered, 229 discovered, 0 enqueued
[173.410s][info][gc,ref      ] GC(323) Final: 1 encountered, 0 discovered, 0 enqueued
[173.410s][info][gc,ref      ] GC(323) Phantom: 39 encountered, 30 discovered, 0 enqueued
[173.410s][info][gc,reloc    ] GC(323) Small Pages: 1211 / 2422M(100%), Empty: 2266M(93%), Compacting: 146M(6%)->50M(2%)
[173.410s][info][gc,reloc    ] GC(323) Medium Pages: 0 / 0M(0%), Empty: 0M(0%), Compacting: 0M(0%)->0M(0%)
[173.410s][info][gc,reloc    ] GC(323) Large Pages: 1 / 8M(0%), Empty: 0M(0%), Compacting: 0M(0%)->0M(0%)
[173.410s][info][gc,reloc    ] GC(323) Relocation: Successful
[173.410s][info][gc,heap     ] GC(323) Min Capacity: 42M(1%)
[173.410s][info][gc,heap     ] GC(323) Max Capacity: 4060M(100%)
[173.410s][info][gc,heap     ] GC(323) Soft Max Capacity: 4060M(100%)
[173.410s][info][gc,heap     ] GC(323)                Mark Start          Mark End        Relocate Start      Relocate End           High               Low         
[173.410s][info][gc,heap     ] GC(323)  Capacity:     3220M (79%)        3220M (79%)        3220M (79%)        3220M (79%)        3220M (79%)        3220M (79%)    
[173.410s][info][gc,heap     ] GC(323)   Reserve:       42M (1%)           42M (1%)           42M (1%)           42M (1%)           42M (1%)           42M (1%)     
[173.410s][info][gc,heap     ] GC(323)      Free:     1588M (39%)        1410M (35%)        3654M (90%)        3620M (89%)        3668M (90%)        1402M (35%)    
[173.410s][info][gc,heap     ] GC(323)      Used:     2430M (60%)        2608M (64%)         364M (9%)          398M (10%)        2616M (64%)         350M (9%)     
[173.410s][info][gc,heap     ] GC(323)      Live:         -                59M (1%)           59M (1%)           59M (1%)             -                  -          
[173.410s][info][gc,heap     ] GC(323) Allocated:         -               178M (4%)          200M (5%)          380M (9%)             -                  -          
[173.410s][info][gc,heap     ] GC(323)   Garbage:         -              2370M (58%)         104M (3%)            4M (0%)             -                  -          
[173.410s][info][gc,heap     ] GC(323) Reclaimed:         -                  -              2266M (56%)        2366M (58%)            -                  -          
[173.410s][info][gc          ] GC(323) Garbage Collection (Allocation Rate) 2430M(60%)->398M(10%)
[173.839s][info][gc,start    ] GC(324) Garbage Collection (Allocation Rate)
[173.839s][info][gc,phases   ] GC(324) Pause Mark Start 0.089ms
[173.872s][info][gc,phases   ] GC(324) Concurrent Mark 32.959ms
[173.872s][info][gc,phases   ] GC(324) Pause Mark End 0.294ms
[173.874s][info][gc,phases   ] GC(324) Concurrent Process Non-Strong References 1.689ms
[173.874s][info][gc,phases   ] GC(324) Concurrent Reset Relocation Set 0.086ms
[173.877s][info][gc,phases   ] GC(324) Concurrent Select Relocation Set 2.422ms
[173.877s][info][gc,phases   ] GC(324) Pause Relocate Start 0.098ms
[173.897s][info][gc,phases   ] GC(324) Concurrent Relocate 19.787ms
[173.897s][info][gc,load     ] GC(324) Load: 0.00/0.00/0.00
[173.897s][info][gc,mmu      ] GC(324) MMU: 2ms/77.0%, 5ms/89.5%, 10ms/94.4%, 20ms/97.2%, 50ms/98.7%, 100ms/99.4%
[173.897s][info][gc,marking  ] GC(324) Mark: 1 stripe(s), 2 proactive flush(es), 1 terminate flush(es), 1 completion(s), 0 continuation(s) 
[173.897s][info][gc,nmethod  ] GC(324) NMethods: 1484 registered, 0 unregistered
[173.897s][info][gc,metaspace] GC(324) Metaspace: 4M used, 4M capacity, 4M committed, 1032M reserved
[173.897s][info][gc,ref      ] GC(324) Soft: 261 encountered, 0 discovered, 0 enqueued
[173.897s][info][gc,ref      ] GC(324) Weak: 280 encountered, 229 discovered, 0 enqueued
[173.897s][info][gc,ref      ] GC(324) Final: 1 encountered, 0 discovered, 0 enqueued
[173.897s][info][gc,ref      ] GC(324) Phantom: 39 encountered, 30 discovered, 0 enqueued
[173.897s][info][gc,reloc    ] GC(324) Small Pages: 1228 / 2456M(100%), Empty: 2346M(95%), Compacting: 92M(4%)->32M(1%)
[173.897s][info][gc,reloc    ] GC(324) Medium Pages: 0 / 0M(0%), Empty: 0M(0%), Compacting: 0M(0%)->0M(0%)
[173.897s][info][gc,reloc    ] GC(324) Large Pages: 1 / 8M(0%), Empty: 0M(0%), Compacting: 0M(0%)->0M(0%)
[173.897s][info][gc,reloc    ] GC(324) Relocation: Successful
[173.897s][info][gc,heap     ] GC(324) Min Capacity: 42M(1%)
[173.897s][info][gc,heap     ] GC(324) Max Capacity: 4060M(100%)
[173.897s][info][gc,heap     ] GC(324) Soft Max Capacity: 4060M(100%)
[173.897s][info][gc,heap     ] GC(324)                Mark Start          Mark End        Relocate Start      Relocate End           High               Low         
[173.897s][info][gc,heap     ] GC(324)  Capacity:     3220M (79%)        3220M (79%)        3220M (79%)        3220M (79%)        3220M (79%)        3220M (79%)    
[173.897s][info][gc,heap     ] GC(324)   Reserve:       42M (1%)           42M (1%)           42M (1%)           42M (1%)           42M (1%)           42M (1%)     
[173.897s][info][gc,heap     ] GC(324)      Free:     1554M (38%)        1398M (34%)        3724M (92%)        3692M (91%)        3736M (92%)        1390M (34%)    
[173.897s][info][gc,heap     ] GC(324)      Used:     2464M (61%)        2620M (65%)         294M (7%)          326M (8%)         2628M (65%)         282M (7%)     
[173.897s][info][gc,heap     ] GC(324)      Live:         -                51M (1%)           51M (1%)           51M (1%)             -                  -          
[173.897s][info][gc,heap     ] GC(324) Allocated:         -               156M (4%)          176M (4%)          300M (7%)             -                  -          
[173.897s][info][gc,heap     ] GC(324)   Garbage:         -              2412M (59%)          66M (2%)            6M (0%)             -                  -          
[173.897s][info][gc,heap     ] GC(324) Reclaimed:         -                  -              2346M (58%)        2406M (59%)            -                  -          
[173.897s][info][gc          ] GC(324) Garbage Collection (Allocation Rate) 2464M(61%)->326M(8%)
[174.338s][info][gc,start    ] GC(325) Garbage Collection (Allocation Rate)
[174.338s][info][gc,phases   ] GC(325) Pause Mark Start 0.059ms
[174.373s][info][gc,phases   ] GC(325) Concurrent Mark 34.712ms
[174.374s][info][gc,phases   ] GC(325) Pause Mark End 0.295ms
[174.375s][info][gc,phases   ] GC(325) Concurrent Process Non-Strong References 1.605ms
[174.375s][info][gc,phases   ] GC(325) Concurrent Reset Relocation Set 0.063ms
[174.377s][info][gc,phases   ] GC(325) Concurrent Select Relocation Set 1.659ms
[174.377s][info][gc,phases   ] GC(325) Pause Relocate Start 0.065ms
[174.378s][info][gc,phases   ] GC(325) Concurrent Relocate 0.686ms
[174.378s][info][gc,load     ] GC(325) Load: 0.00/0.00/0.00
[174.378s][info][gc,mmu      ] GC(325) MMU: 2ms/77.0%, 5ms/89.5%, 10ms/94.4%, 20ms/97.2%, 50ms/98.7%, 100ms/99.4%
[174.378s][info][gc,marking  ] GC(325) Mark: 1 stripe(s), 2 proactive flush(es), 1 terminate flush(es), 1 completion(s), 0 continuation(s) 
[174.378s][info][gc,nmethod  ] GC(325) NMethods: 1484 registered, 0 unregistered
[174.378s][info][gc,metaspace] GC(325) Metaspace: 4M used, 4M capacity, 4M committed, 1032M reserved
[174.378s][info][gc,ref      ] GC(325) Soft: 261 encountered, 0 discovered, 0 enqueued
[174.378s][info][gc,ref      ] GC(325) Weak: 280 encountered, 229 discovered, 0 enqueued
[174.378s][info][gc,ref      ] GC(325) Final: 1 encountered, 0 discovered, 0 enqueued
[174.378s][info][gc,ref      ] GC(325) Phantom: 39 encountered, 30 discovered, 0 enqueued
[174.378s][info][gc,reloc    ] GC(325) Small Pages: 1222 / 2444M(100%), Empty: 2378M(97%), Compacting: 8M(0%)->2M(0%)
[174.378s][info][gc,reloc    ] GC(325) Medium Pages: 0 / 0M(0%), Empty: 0M(0%), Compacting: 0M(0%)->0M(0%)
[174.378s][info][gc,reloc    ] GC(325) Large Pages: 1 / 8M(0%), Empty: 0M(0%), Compacting: 0M(0%)->0M(0%)
[174.378s][info][gc,reloc    ] GC(325) Relocation: Successful
[174.378s][info][gc,heap     ] GC(325) Min Capacity: 42M(1%)
[174.378s][info][gc,heap     ] GC(325) Max Capacity: 4060M(100%)
[174.378s][info][gc,heap     ] GC(325) Soft Max Capacity: 4060M(100%)
[174.378s][info][gc,heap     ] GC(325)                Mark Start          Mark End        Relocate Start      Relocate End           High               Low         
[174.378s][info][gc,heap     ] GC(325)  Capacity:     3220M (79%)        3220M (79%)        3220M (79%)        3220M (79%)        3220M (79%)        3220M (79%)    
[174.378s][info][gc,heap     ] GC(325)   Reserve:       42M (1%)           42M (1%)           42M (1%)           42M (1%)           42M (1%)           42M (1%)     
[174.378s][info][gc,heap     ] GC(325)      Free:     1566M (39%)        1404M (35%)        3766M (93%)        3768M (93%)        3774M (93%)        1396M (34%)    
[174.378s][info][gc,heap     ] GC(325)      Used:     2452M (60%)        2614M (64%)         252M (6%)          250M (6%)         2622M (65%)         244M (6%)     
[174.378s][info][gc,heap     ] GC(325)      Live:         -                59M (1%)           59M (1%)           59M (1%)             -                  -          
[174.378s][info][gc,heap     ] GC(325) Allocated:         -               162M (4%)          178M (4%)          184M (5%)             -                  -          
[174.378s][info][gc,heap     ] GC(325)   Garbage:         -              2392M (59%)          14M (0%)           10M (0%)             -                  -          
[174.378s][info][gc,heap     ] GC(325) Reclaimed:         -                  -              2378M (59%)        2382M (59%)            -                  -          
[174.378s][info][gc          ] GC(325) Garbage Collection (Allocation Rate) 2452M(60%)->250M(6%)
[174.837s][info][gc,start    ] GC(326) Garbage Collection (Allocation Rate)
[174.838s][info][gc,phases   ] GC(326) Pause Mark Start 0.071ms
[174.878s][info][gc,phases   ] GC(326) Concurrent Mark 40.396ms
[174.878s][info][gc,phases   ] GC(326) Pause Mark End 0.241ms
[174.880s][info][gc,phases   ] GC(326) Concurrent Process Non-Strong References 1.546ms
[174.880s][info][gc,phases   ] GC(326) Concurrent Reset Relocation Set 0.022ms
[174.882s][info][gc,phases   ] GC(326) Concurrent Select Relocation Set 1.541ms
[174.882s][info][gc,phases   ] GC(326) Pause Relocate Start 0.060ms
[174.888s][info][gc,phases   ] GC(326) Concurrent Relocate 5.713ms
[174.888s][info][gc,load     ] GC(326) Load: 0.00/0.00/0.00
[174.888s][info][gc,mmu      ] GC(326) MMU: 2ms/77.0%, 5ms/89.5%, 10ms/94.4%, 20ms/97.2%, 50ms/98.7%, 100ms/99.4%
[174.888s][info][gc,marking  ] GC(326) Mark: 1 stripe(s), 2 proactive flush(es), 1 terminate flush(es), 1 completion(s), 0 continuation(s) 
[174.888s][info][gc,nmethod  ] GC(326) NMethods: 1484 registered, 0 unregistered
[174.888s][info][gc,metaspace] GC(326) Metaspace: 4M used, 4M capacity, 4M committed, 1032M reserved
[174.888s][info][gc,ref      ] GC(326) Soft: 261 encountered, 0 discovered, 0 enqueued
[174.888s][info][gc,ref      ] GC(326) Weak: 280 encountered, 229 discovered, 0 enqueued
[174.888s][info][gc,ref      ] GC(326) Final: 1 encountered, 0 discovered, 0 enqueued
[174.888s][info][gc,ref      ] GC(326) Phantom: 39 encountered, 30 discovered, 0 enqueued
[174.888s][info][gc,reloc    ] GC(326) Small Pages: 1223 / 2446M(100%), Empty: 2354M(96%), Compacting: 28M(1%)->8M(0%)
[174.888s][info][gc,reloc    ] GC(326) Medium Pages: 0 / 0M(0%), Empty: 0M(0%), Compacting: 0M(0%)->0M(0%)
[174.888s][info][gc,reloc    ] GC(326) Large Pages: 1 / 8M(0%), Empty: 0M(0%), Compacting: 0M(0%)->0M(0%)
[174.888s][info][gc,reloc    ] GC(326) Relocation: Successful
[174.888s][info][gc,heap     ] GC(326) Min Capacity: 42M(1%)
[174.888s][info][gc,heap     ] GC(326) Max Capacity: 4060M(100%)
[174.888s][info][gc,heap     ] GC(326) Soft Max Capacity: 4060M(100%)
[174.888s][info][gc,heap     ] GC(326)                Mark Start          Mark End        Relocate Start      Relocate End           High               Low         
[174.888s][info][gc,heap     ] GC(326)  Capacity:     3220M (79%)        3220M (79%)        3220M (79%)        3220M (79%)        3220M (79%)        3220M (79%)    
[174.888s][info][gc,heap     ] GC(326)   Reserve:       42M (1%)           42M (1%)           42M (1%)           42M (1%)           42M (1%)           42M (1%)     
[174.888s][info][gc,heap     ] GC(326)      Free:     1564M (39%)        1370M (34%)        3712M (91%)        3710M (91%)        3718M (92%)        1364M (34%)    
[174.888s][info][gc,heap     ] GC(326)      Used:     2454M (60%)        2648M (65%)         306M (8%)          308M (8%)         2654M (65%)         300M (7%)     
[174.888s][info][gc,heap     ] GC(326)      Live:         -                70M (2%)           70M (2%)           70M (2%)             -                  -          
[174.888s][info][gc,heap     ] GC(326) Allocated:         -               194M (5%)          206M (5%)          236M (6%)             -                  -          
[174.888s][info][gc,heap     ] GC(326)   Garbage:         -              2383M (59%)          29M (1%)           11M (0%)             -                  -          
[174.888s][info][gc,heap     ] GC(326) Reclaimed:         -                  -              2354M (58%)        2372M (58%)            -                  -          
[174.888s][info][gc          ] GC(326) Garbage Collection (Allocation Rate) 2454M(60%)->308M(8%)
[175.438s][info][gc,start    ] GC(327) Garbage Collection (Allocation Rate)
[175.438s][info][gc,phases   ] GC(327) Pause Mark Start 0.071ms
[175.478s][info][gc,phases   ] GC(327) Concurrent Mark 39.490ms
[175.478s][info][gc,phases   ] GC(327) Pause Mark End 0.301ms
[175.480s][info][gc,phases   ] GC(327) Concurrent Process Non-Strong References 1.729ms
[175.480s][info][gc,phases   ] GC(327) Concurrent Reset Relocation Set 0.034ms
[175.482s][info][gc,phases   ] GC(327) Concurrent Select Relocation Set 1.843ms
[175.482s][info][gc,phases   ] GC(327) Pause Relocate Start 0.068ms
[175.498s][info][gc,phases   ] GC(327) Concurrent Relocate 15.214ms
[175.498s][info][gc,load     ] GC(327) Load: 0.00/0.00/0.00
[175.498s][info][gc,mmu      ] GC(327) MMU: 2ms/77.0%, 5ms/89.5%, 10ms/94.4%, 20ms/97.2%, 50ms/98.7%, 100ms/99.4%
[175.498s][info][gc,marking  ] GC(327) Mark: 1 stripe(s), 2 proactive flush(es), 1 terminate flush(es), 1 completion(s), 0 continuation(s) 
[175.498s][info][gc,nmethod  ] GC(327) NMethods: 1484 registered, 0 unregistered
[175.498s][info][gc,metaspace] GC(327) Metaspace: 4M used, 4M capacity, 4M committed, 1032M reserved
[175.498s][info][gc,ref      ] GC(327) Soft: 261 encountered, 0 discovered, 0 enqueued
[175.498s][info][gc,ref      ] GC(327) Weak: 280 encountered, 229 discovered, 0 enqueued
[175.498s][info][gc,ref      ] GC(327) Final: 1 encountered, 0 discovered, 0 enqueued
[175.498s][info][gc,ref      ] GC(327) Phantom: 39 encountered, 30 discovered, 0 enqueued
[175.498s][info][gc,reloc    ] GC(327) Small Pages: 1476 / 2952M(100%), Empty: 2844M(96%), Compacting: 58M(2%)->20M(1%)
[175.498s][info][gc,reloc    ] GC(327) Medium Pages: 0 / 0M(0%), Empty: 0M(0%), Compacting: 0M(0%)->0M(0%)
[175.498s][info][gc,reloc    ] GC(327) Large Pages: 1 / 8M(0%), Empty: 0M(0%), Compacting: 0M(0%)->0M(0%)
[175.498s][info][gc,reloc    ] GC(327) Relocation: Successful
[175.498s][info][gc,heap     ] GC(327) Min Capacity: 42M(1%)
[175.498s][info][gc,heap     ] GC(327) Max Capacity: 4060M(100%)
[175.498s][info][gc,heap     ] GC(327) Soft Max Capacity: 4060M(100%)
[175.498s][info][gc,heap     ] GC(327)                Mark Start          Mark End        Relocate Start      Relocate End           High               Low         
[175.498s][info][gc,heap     ] GC(327)  Capacity:     3220M (79%)        3220M (79%)        3220M (79%)        3220M (79%)        3220M (79%)        3220M (79%)    
[175.498s][info][gc,heap     ] GC(327)   Reserve:       42M (1%)           42M (1%)           42M (1%)           42M (1%)           42M (1%)           42M (1%)     
[175.498s][info][gc,heap     ] GC(327)      Free:     1058M (26%)         870M (21%)        3696M (91%)        3680M (91%)        3706M (91%)         862M (21%)    
[175.498s][info][gc,heap     ] GC(327)      Used:     2960M (73%)        3148M (78%)         322M (8%)          338M (8%)         3156M (78%)         312M (8%)     
[175.498s][info][gc,heap     ] GC(327)      Live:         -                68M (2%)           68M (2%)           68M (2%)             -                  -          
[175.498s][info][gc,heap     ] GC(327) Allocated:         -               188M (5%)          206M (5%)          280M (7%)             -                  -          
[175.498s][info][gc,heap     ] GC(327)   Garbage:         -              2891M (71%)          47M (1%)            9M (0%)             -                  -          
[175.498s][info][gc,heap     ] GC(327) Reclaimed:         -                  -              2844M (70%)        2882M (71%)            -                  -          
[175.498s][info][gc          ] GC(327) Garbage Collection (Allocation Rate) 2960M(73%)->338M(8%)
[175.939s][info][gc,start    ] GC(328) Garbage Collection (Allocation Rate)
[175.939s][info][gc,phases   ] GC(328) Pause Mark Start 0.056ms
[175.977s][info][gc,phases   ] GC(328) Concurrent Mark 38.256ms
[175.977s][info][gc,phases   ] GC(328) Pause Mark End 0.231ms
[175.979s][info][gc,phases   ] GC(328) Concurrent Process Non-Strong References 1.541ms
[175.979s][info][gc,phases   ] GC(328) Concurrent Reset Relocation Set 0.045ms
[175.981s][info][gc,phases   ] GC(328) Concurrent Select Relocation Set 2.103ms
[175.982s][info][gc,phases   ] GC(328) Pause Relocate Start 0.062ms
[176.007s][info][gc,phases   ] GC(328) Concurrent Relocate 25.356ms
[176.007s][info][gc,load     ] GC(328) Load: 0.00/0.00/0.00
[176.007s][info][gc,mmu      ] GC(328) MMU: 2ms/77.0%, 5ms/89.5%, 10ms/94.4%, 20ms/97.2%, 50ms/98.7%, 100ms/99.4%
[176.007s][info][gc,marking  ] GC(328) Mark: 1 stripe(s), 2 proactive flush(es), 1 terminate flush(es), 1 completion(s), 0 continuation(s) 
[176.007s][info][gc,nmethod  ] GC(328) NMethods: 1484 registered, 0 unregistered
[176.007s][info][gc,metaspace] GC(328) Metaspace: 4M used, 4M capacity, 4M committed, 1032M reserved
[176.007s][info][gc,ref      ] GC(328) Soft: 261 encountered, 0 discovered, 0 enqueued
[176.007s][info][gc,ref      ] GC(328) Weak: 280 encountered, 229 discovered, 0 enqueued
[176.007s][info][gc,ref      ] GC(328) Final: 1 encountered, 0 discovered, 0 enqueued
[176.007s][info][gc,ref      ] GC(328) Phantom: 39 encountered, 30 discovered, 0 enqueued
[176.007s][info][gc,reloc    ] GC(328) Small Pages: 1230 / 2460M(100%), Empty: 2320M(94%), Compacting: 118M(5%)->44M(2%)
[176.007s][info][gc,reloc    ] GC(328) Medium Pages: 0 / 0M(0%), Empty: 0M(0%), Compacting: 0M(0%)->0M(0%)
[176.007s][info][gc,reloc    ] GC(328) Large Pages: 1 / 8M(0%), Empty: 0M(0%), Compacting: 0M(0%)->0M(0%)
[176.007s][info][gc,reloc    ] GC(328) Relocation: Successful
[176.007s][info][gc,heap     ] GC(328) Min Capacity: 42M(1%)
[176.007s][info][gc,heap     ] GC(328) Max Capacity: 4060M(100%)
[176.007s][info][gc,heap     ] GC(328) Soft Max Capacity: 4060M(100%)
[176.007s][info][gc,heap     ] GC(328)                Mark Start          Mark End        Relocate Start      Relocate End           High               Low         
[176.007s][info][gc,heap     ] GC(328)  Capacity:     3220M (79%)        3220M (79%)        3220M (79%)        3220M (79%)        3220M (79%)        3220M (79%)    
[176.007s][info][gc,heap     ] GC(328)   Reserve:       42M (1%)           42M (1%)           42M (1%)           42M (1%)           42M (1%)           42M (1%)     
[176.007s][info][gc,heap     ] GC(328)      Free:     1550M (38%)        1370M (34%)        3674M (90%)        3630M (89%)        3682M (91%)        1362M (34%)    
[176.007s][info][gc,heap     ] GC(328)      Used:     2468M (61%)        2648M (65%)         344M (8%)          388M (10%)        2656M (65%)         336M (8%)     
[176.007s][info][gc,heap     ] GC(328)      Live:         -                64M (2%)           64M (2%)           64M (2%)             -                  -          
[176.007s][info][gc,heap     ] GC(328) Allocated:         -               180M (4%)          196M (5%)          358M (9%)             -                  -          
[176.007s][info][gc,heap     ] GC(328)   Garbage:         -              2403M (59%)          83M (2%)            7M (0%)             -                  -          
[176.007s][info][gc,heap     ] GC(328) Reclaimed:         -                  -              2320M (57%)        2396M (59%)            -                  -          
[176.007s][info][gc          ] GC(328) Garbage Collection (Allocation Rate) 2468M(61%)->388M(10%)
[176.439s][info][gc,start    ] GC(329) Garbage Collection (Allocation Rate)
[176.439s][info][gc,phases   ] GC(329) Pause Mark Start 0.102ms
[176.476s][info][gc,phases   ] GC(329) Concurrent Mark 36.952ms
[176.477s][info][gc,phases   ] GC(329) Pause Mark End 0.320ms
[176.478s][info][gc,phases   ] GC(329) Concurrent Process Non-Strong References 1.615ms
[176.479s][info][gc,phases   ] GC(329) Concurrent Reset Relocation Set 1.162ms
[176.485s][info][gc,phases   ] GC(329) Concurrent Select Relocation Set 5.233ms
[176.485s][info][gc,phases   ] GC(329) Pause Relocate Start 0.096ms
[176.514s][info][gc,phases   ] GC(329) Concurrent Relocate 28.467ms
[176.514s][info][gc,load     ] GC(329) Load: 0.00/0.00/0.00
[176.514s][info][gc,mmu      ] GC(329) MMU: 2ms/77.0%, 5ms/89.5%, 10ms/94.4%, 20ms/97.2%, 50ms/98.7%, 100ms/99.4%
[176.514s][info][gc,marking  ] GC(329) Mark: 1 stripe(s), 2 proactive flush(es), 1 terminate flush(es), 1 completion(s), 0 continuation(s) 
[176.514s][info][gc,nmethod  ] GC(329) NMethods: 1484 registered, 0 unregistered
[176.514s][info][gc,metaspace] GC(329) Metaspace: 4M used, 4M capacity, 4M committed, 1032M reserved
[176.514s][info][gc,ref      ] GC(329) Soft: 261 encountered, 0 discovered, 0 enqueued
[176.514s][info][gc,ref      ] GC(329) Weak: 280 encountered, 229 discovered, 0 enqueued
[176.514s][info][gc,ref      ] GC(329) Final: 1 encountered, 0 discovered, 0 enqueued
[176.514s][info][gc,ref      ] GC(329) Phantom: 39 encountered, 30 discovered, 0 enqueued
[176.514s][info][gc,reloc    ] GC(329) Small Pages: 1231 / 2462M(100%), Empty: 2314M(94%), Compacting: 144M(6%)->50M(2%)
[176.514s][info][gc,reloc    ] GC(329) Medium Pages: 0 / 0M(0%), Empty: 0M(0%), Compacting: 0M(0%)->0M(0%)
[176.514s][info][gc,reloc    ] GC(329) Large Pages: 1 / 8M(0%), Empty: 0M(0%), Compacting: 0M(0%)->0M(0%)
[176.514s][info][gc,reloc    ] GC(329) Relocation: Successful
[176.514s][info][gc,heap     ] GC(329) Min Capacity: 42M(1%)
[176.514s][info][gc,heap     ] GC(329) Max Capacity: 4060M(100%)
[176.514s][info][gc,heap     ] GC(329) Soft Max Capacity: 4060M(100%)
[176.514s][info][gc,heap     ] GC(329)                Mark Start          Mark End        Relocate Start      Relocate End           High               Low         
[176.514s][info][gc,heap     ] GC(329)  Capacity:     3220M (79%)        3220M (79%)        3220M (79%)        3220M (79%)        3220M (79%)        3220M (79%)    
[176.514s][info][gc,heap     ] GC(329)   Reserve:       42M (1%)           42M (1%)           42M (1%)           42M (1%)           42M (1%)           42M (1%)     
[176.514s][info][gc,heap     ] GC(329)      Free:     1548M (38%)        1378M (34%)        3656M (90%)        3616M (89%)        3680M (91%)        1366M (34%)    
[176.514s][info][gc,heap     ] GC(329)      Used:     2470M (61%)        2640M (65%)         362M (9%)          402M (10%)        2652M (65%)         338M (8%)     
[176.514s][info][gc,heap     ] GC(329)      Live:         -                54M (1%)           54M (1%)           54M (1%)             -                  -          
[176.514s][info][gc,heap     ] GC(329) Allocated:         -               170M (4%)          206M (5%)          390M (10%)            -                  -          
[176.514s][info][gc,heap     ] GC(329)   Garbage:         -              2415M (59%)         101M (2%)            7M (0%)             -                  -          
[176.514s][info][gc,heap     ] GC(329) Reclaimed:         -                  -              2314M (57%)        2408M (59%)            -                  -          
[176.514s][info][gc          ] GC(329) Garbage Collection (Allocation Rate) 2470M(61%)->402M(10%)
[176.938s][info][gc,start    ] GC(330) Garbage Collection (Allocation Rate)
[176.939s][info][gc,phases   ] GC(330) Pause Mark Start 0.065ms
[176.968s][info][gc,phases   ] GC(330) Concurrent Mark 29.653ms
[176.969s][info][gc,phases   ] GC(330) Pause Mark End 0.315ms
[176.971s][info][gc,phases   ] GC(330) Concurrent Process Non-Strong References 1.752ms
[176.972s][info][gc,phases   ] GC(330) Concurrent Reset Relocation Set 0.911ms
[176.974s][info][gc,phases   ] GC(330) Concurrent Select Relocation Set 2.772ms
[176.975s][info][gc,phases   ] GC(330) Pause Relocate Start 0.082ms
[176.980s][info][gc,phases   ] GC(330) Concurrent Relocate 5.414ms
[176.980s][info][gc,load     ] GC(330) Load: 0.00/0.00/0.00
[176.980s][info][gc,mmu      ] GC(330) MMU: 2ms/77.0%, 5ms/89.5%, 10ms/94.4%, 20ms/97.2%, 50ms/98.7%, 100ms/99.4%
[176.980s][info][gc,marking  ] GC(330) Mark: 1 stripe(s), 2 proactive flush(es), 1 terminate flush(es), 1 completion(s), 0 continuation(s) 
[176.980s][info][gc,nmethod  ] GC(330) NMethods: 1484 registered, 0 unregistered
[176.980s][info][gc,metaspace] GC(330) Metaspace: 4M used, 4M capacity, 4M committed, 1032M reserved
[176.980s][info][gc,ref      ] GC(330) Soft: 261 encountered, 0 discovered, 0 enqueued
[176.980s][info][gc,ref      ] GC(330) Weak: 280 encountered, 229 discovered, 0 enqueued
[176.980s][info][gc,ref      ] GC(330) Final: 1 encountered, 0 discovered, 0 enqueued
[176.980s][info][gc,ref      ] GC(330) Phantom: 39 encountered, 30 discovered, 0 enqueued
[176.980s][info][gc,reloc    ] GC(330) Small Pages: 1220 / 2440M(100%), Empty: 2370M(97%), Compacting: 34M(1%)->10M(0%)
[176.980s][info][gc,reloc    ] GC(330) Medium Pages: 0 / 0M(0%), Empty: 0M(0%), Compacting: 0M(0%)->0M(0%)
[176.980s][info][gc,reloc    ] GC(330) Large Pages: 1 / 8M(0%), Empty: 0M(0%), Compacting: 0M(0%)->0M(0%)
[176.980s][info][gc,reloc    ] GC(330) Relocation: Successful
[176.980s][info][gc,heap     ] GC(330) Min Capacity: 42M(1%)
[176.980s][info][gc,heap     ] GC(330) Max Capacity: 4060M(100%)
[176.980s][info][gc,heap     ] GC(330) Soft Max Capacity: 4060M(100%)
[176.980s][info][gc,heap     ] GC(330)                Mark Start          Mark End        Relocate Start      Relocate End           High               Low         
[176.980s][info][gc,heap     ] GC(330)  Capacity:     3220M (79%)        3220M (79%)        3220M (79%)        3220M (79%)        3220M (79%)        3220M (79%)    
[176.980s][info][gc,heap     ] GC(330)   Reserve:       42M (1%)           42M (1%)           42M (1%)           42M (1%)           42M (1%)           42M (1%)     
[176.980s][info][gc,heap     ] GC(330)      Free:     1570M (39%)        1430M (35%)        3776M (93%)        3772M (93%)        3786M (93%)        1418M (35%)    
[176.980s][info][gc,heap     ] GC(330)      Used:     2448M (60%)        2588M (64%)         242M (6%)          246M (6%)         2600M (64%)         232M (6%)     
[176.980s][info][gc,heap     ] GC(330)      Live:         -                46M (1%)           46M (1%)           46M (1%)             -                  -          
[176.980s][info][gc,heap     ] GC(330) Allocated:         -               140M (3%)          164M (4%)          202M (5%)             -                  -          
[176.980s][info][gc,heap     ] GC(330)   Garbage:         -              2401M (59%)          31M (1%)           11M (0%)             -                  -          
[176.980s][info][gc,heap     ] GC(330) Reclaimed:         -                  -              2370M (58%)        2390M (59%)            -                  -          
[176.980s][info][gc          ] GC(330) Garbage Collection (Allocation Rate) 2448M(60%)->246M(6%)
[177.438s][info][gc,start    ] GC(331) Garbage Collection (Allocation Rate)
[177.438s][info][gc,phases   ] GC(331) Pause Mark Start 0.096ms
[177.478s][info][gc,phases   ] GC(331) Concurrent Mark 39.770ms
[177.479s][info][gc,phases   ] GC(331) Pause Mark End 0.243ms
[177.480s][info][gc,phases   ] GC(331) Concurrent Process Non-Strong References 1.593ms
[177.480s][info][gc,phases   ] GC(331) Concurrent Reset Relocation Set 0.034ms
[177.482s][info][gc,phases   ] GC(331) Concurrent Select Relocation Set 1.451ms
[177.482s][info][gc,phases   ] GC(331) Pause Relocate Start 0.046ms
[177.483s][info][gc,phases   ] GC(331) Concurrent Relocate 0.736ms
[177.483s][info][gc,load     ] GC(331) Load: 0.00/0.00/0.00
[177.483s][info][gc,mmu      ] GC(331) MMU: 2ms/77.0%, 5ms/89.5%, 10ms/94.4%, 20ms/97.2%, 50ms/98.7%, 100ms/99.4%
[177.483s][info][gc,marking  ] GC(331) Mark: 1 stripe(s), 2 proactive flush(es), 1 terminate flush(es), 1 completion(s), 0 continuation(s) 
[177.483s][info][gc,nmethod  ] GC(331) NMethods: 1484 registered, 0 unregistered
[177.483s][info][gc,metaspace] GC(331) Metaspace: 4M used, 4M capacity, 4M committed, 1032M reserved
[177.483s][info][gc,ref      ] GC(331) Soft: 261 encountered, 0 discovered, 0 enqueued
[177.483s][info][gc,ref      ] GC(331) Weak: 280 encountered, 229 discovered, 0 enqueued
[177.483s][info][gc,ref      ] GC(331) Final: 1 encountered, 0 discovered, 0 enqueued
[177.483s][info][gc,ref      ] GC(331) Phantom: 39 encountered, 30 discovered, 0 enqueued
[177.483s][info][gc,reloc    ] GC(331) Small Pages: 1220 / 2440M(100%), Empty: 2362M(96%), Compacting: 8M(0%)->2M(0%)
[177.483s][info][gc,reloc    ] GC(331) Medium Pages: 0 / 0M(0%), Empty: 0M(0%), Compacting: 0M(0%)->0M(0%)
[177.483s][info][gc,reloc    ] GC(331) Large Pages: 1 / 8M(0%), Empty: 0M(0%), Compacting: 0M(0%)->0M(0%)
[177.483s][info][gc,reloc    ] GC(331) Relocation: Successful
[177.483s][info][gc,heap     ] GC(331) Min Capacity: 42M(1%)
[177.483s][info][gc,heap     ] GC(331) Max Capacity: 4060M(100%)
[177.483s][info][gc,heap     ] GC(331) Soft Max Capacity: 4060M(100%)
[177.483s][info][gc,heap     ] GC(331)                Mark Start          Mark End        Relocate Start      Relocate End           High               Low         
[177.483s][info][gc,heap     ] GC(331)  Capacity:     3220M (79%)        3220M (79%)        3220M (79%)        3220M (79%)        3220M (79%)        3220M (79%)    
[177.483s][info][gc,heap     ] GC(331)   Reserve:       42M (1%)           42M (1%)           42M (1%)           42M (1%)           42M (1%)           42M (1%)     
[177.483s][info][gc,heap     ] GC(331)      Free:     1570M (39%)        1380M (34%)        3726M (92%)        3724M (92%)        3734M (92%)        1372M (34%)    
[177.483s][info][gc,heap     ] GC(331)      Used:     2448M (60%)        2638M (65%)         292M (7%)          294M (7%)         2646M (65%)         284M (7%)     
[177.483s][info][gc,heap     ] GC(331)      Live:         -                68M (2%)           68M (2%)           68M (2%)             -                  -          
[177.483s][info][gc,heap     ] GC(331) Allocated:         -               190M (5%)          206M (5%)          216M (5%)             -                  -          
[177.483s][info][gc,heap     ] GC(331)   Garbage:         -              2379M (59%)          17M (0%)           17M (0%)             -                  -          
[177.483s][info][gc,heap     ] GC(331) Reclaimed:         -                  -              2362M (58%)        2362M (58%)            -                  -          
[177.483s][info][gc          ] GC(331) Garbage Collection (Allocation Rate) 2448M(60%)->294M(7%)
[178.038s][info][gc,start    ] GC(332) Garbage Collection (Allocation Rate)
[178.039s][info][gc,phases   ] GC(332) Pause Mark Start 0.066ms
[178.078s][info][gc,phases   ] GC(332) Concurrent Mark 39.454ms
[178.079s][info][gc,phases   ] GC(332) Pause Mark End 0.221ms
[178.080s][info][gc,phases   ] GC(332) Concurrent Process Non-Strong References 1.437ms
[178.080s][info][gc,phases   ] GC(332) Concurrent Reset Relocation Set 0.027ms
[178.083s][info][gc,phases   ] GC(332) Concurrent Select Relocation Set 2.518ms
[178.083s][info][gc,phases   ] GC(332) Pause Relocate Start 0.058ms
[178.083s][info][gc,phases   ] GC(332) Concurrent Relocate 0.541ms
[178.083s][info][gc,load     ] GC(332) Load: 0.00/0.00/0.00
[178.084s][info][gc,mmu      ] GC(332) MMU: 2ms/77.0%, 5ms/89.5%, 10ms/94.4%, 20ms/97.2%, 50ms/98.7%, 100ms/99.4%
[178.084s][info][gc,marking  ] GC(332) Mark: 1 stripe(s), 2 proactive flush(es), 1 terminate flush(es), 1 completion(s), 0 continuation(s) 
[178.084s][info][gc,nmethod  ] GC(332) NMethods: 1484 registered, 0 unregistered
[178.084s][info][gc,metaspace] GC(332) Metaspace: 4M used, 4M capacity, 4M committed, 1032M reserved
[178.084s][info][gc,ref      ] GC(332) Soft: 261 encountered, 0 discovered, 0 enqueued
[178.084s][info][gc,ref      ] GC(332) Weak: 280 encountered, 229 discovered, 0 enqueued
[178.084s][info][gc,ref      ] GC(332) Final: 1 encountered, 0 discovered, 0 enqueued
[178.084s][info][gc,ref      ] GC(332) Phantom: 39 encountered, 30 discovered, 0 enqueued
[178.084s][info][gc,reloc    ] GC(332) Small Pages: 1466 / 2932M(100%), Empty: 2858M(97%), Compacting: 14M(0%)->2M(0%)
[178.084s][info][gc,reloc    ] GC(332) Medium Pages: 0 / 0M(0%), Empty: 0M(0%), Compacting: 0M(0%)->0M(0%)
[178.084s][info][gc,reloc    ] GC(332) Large Pages: 1 / 8M(0%), Empty: 0M(0%), Compacting: 0M(0%)->0M(0%)
[178.084s][info][gc,reloc    ] GC(332) Relocation: Successful
[178.084s][info][gc,heap     ] GC(332) Min Capacity: 42M(1%)
[178.084s][info][gc,heap     ] GC(332) Max Capacity: 4060M(100%)
[178.084s][info][gc,heap     ] GC(332) Soft Max Capacity: 4060M(100%)
[178.084s][info][gc,heap     ] GC(332)                Mark Start          Mark End        Relocate Start      Relocate End           High               Low         
[178.084s][info][gc,heap     ] GC(332)  Capacity:     3220M (79%)        3220M (79%)        3220M (79%)        3220M (79%)        3220M (79%)        3220M (79%)    
[178.084s][info][gc,heap     ] GC(332)   Reserve:       42M (1%)           42M (1%)           42M (1%)           42M (1%)           42M (1%)           42M (1%)     
[178.084s][info][gc,heap     ] GC(332)      Free:     1078M (27%)         910M (22%)        3752M (92%)        3756M (93%)        3760M (93%)         902M (22%)    
[178.084s][info][gc,heap     ] GC(332)      Used:     2940M (72%)        3108M (77%)         266M (7%)          262M (6%)         3116M (77%)         258M (6%)     
[178.084s][info][gc,heap     ] GC(332)      Live:         -                60M (2%)           60M (2%)           60M (2%)             -                  -          
[178.084s][info][gc,heap     ] GC(332) Allocated:         -               168M (4%)          184M (5%)          194M (5%)             -                  -          
[178.084s][info][gc,heap     ] GC(332)   Garbage:         -              2879M (71%)          21M (1%)           15M (0%)             -                  -          
[178.084s][info][gc,heap     ] GC(332) Reclaimed:         -                  -              2858M (70%)        2864M (71%)            -                  -          
[178.084s][info][gc          ] GC(332) Garbage Collection (Allocation Rate) 2940M(72%)->262M(6%)
[178.638s][info][gc,start    ] GC(333) Garbage Collection (Allocation Rate)
[178.639s][info][gc,phases   ] GC(333) Pause Mark Start 0.056ms
[178.667s][info][gc,phases   ] GC(333) Concurrent Mark 28.540ms
[178.668s][info][gc,phases   ] GC(333) Pause Mark End 0.225ms
[178.669s][info][gc,phases   ] GC(333) Concurrent Process Non-Strong References 1.415ms
[178.669s][info][gc,phases   ] GC(333) Concurrent Reset Relocation Set 0.024ms
[178.671s][info][gc,phases   ] GC(333) Concurrent Select Relocation Set 1.536ms
[178.671s][info][gc,phases   ] GC(333) Pause Relocate Start 0.057ms
[178.674s][info][gc,phases   ] GC(333) Concurrent Relocate 2.968ms
[178.674s][info][gc,load     ] GC(333) Load: 0.00/0.00/0.00
[178.674s][info][gc,mmu      ] GC(333) MMU: 2ms/77.0%, 5ms/89.5%, 10ms/94.4%, 20ms/97.2%, 50ms/98.7%, 100ms/99.4%
[178.674s][info][gc,marking  ] GC(333) Mark: 1 stripe(s), 2 proactive flush(es), 1 terminate flush(es), 1 completion(s), 0 continuation(s) 
[178.674s][info][gc,nmethod  ] GC(333) NMethods: 1484 registered, 0 unregistered
[178.674s][info][gc,metaspace] GC(333) Metaspace: 4M used, 4M capacity, 4M committed, 1032M reserved
[178.674s][info][gc,ref      ] GC(333) Soft: 261 encountered, 0 discovered, 0 enqueued
[178.674s][info][gc,ref      ] GC(333) Weak: 280 encountered, 229 discovered, 0 enqueued
[178.674s][info][gc,ref      ] GC(333) Final: 1 encountered, 0 discovered, 0 enqueued
[178.674s][info][gc,ref      ] GC(333) Phantom: 39 encountered, 30 discovered, 0 enqueued
[178.674s][info][gc,reloc    ] GC(333) Small Pages: 1452 / 2904M(100%), Empty: 2840M(98%), Compacting: 26M(1%)->6M(0%)
[178.674s][info][gc,reloc    ] GC(333) Medium Pages: 0 / 0M(0%), Empty: 0M(0%), Compacting: 0M(0%)->0M(0%)
[178.674s][info][gc,reloc    ] GC(333) Large Pages: 1 / 8M(0%), Empty: 0M(0%), Compacting: 0M(0%)->0M(0%)
[178.674s][info][gc,reloc    ] GC(333) Relocation: Successful
[178.674s][info][gc,heap     ] GC(333) Min Capacity: 42M(1%)
[178.674s][info][gc,heap     ] GC(333) Max Capacity: 4060M(100%)
[178.674s][info][gc,heap     ] GC(333) Soft Max Capacity: 4060M(100%)
[178.674s][info][gc,heap     ] GC(333)                Mark Start          Mark End        Relocate Start      Relocate End           High               Low         
[178.674s][info][gc,heap     ] GC(333)  Capacity:     3220M (79%)        3220M (79%)        3220M (79%)        3220M (79%)        3220M (79%)        3220M (79%)    
[178.674s][info][gc,heap     ] GC(333)   Reserve:       42M (1%)           42M (1%)           42M (1%)           42M (1%)           42M (1%)           42M (1%)     
[178.674s][info][gc,heap     ] GC(333)      Free:     1106M (27%)         968M (24%)        3794M (93%)        3798M (94%)        3802M (94%)         962M (24%)    
[178.674s][info][gc,heap     ] GC(333)      Used:     2912M (72%)        3050M (75%)         224M (6%)          220M (5%)         3056M (75%)         216M (5%)     
[178.674s][info][gc,heap     ] GC(333)      Live:         -                45M (1%)           45M (1%)           45M (1%)             -                  -          
[178.674s][info][gc,heap     ] GC(333) Allocated:         -               138M (3%)          152M (4%)          174M (4%)             -                  -          
[178.674s][info][gc,heap     ] GC(333)   Garbage:         -              2866M (71%)          26M (1%)            8M (0%)             -                  -          
[178.674s][info][gc,heap     ] GC(333) Reclaimed:         -                  -              2840M (70%)        2858M (70%)            -                  -          
[178.674s][info][gc          ] GC(333) Garbage Collection (Allocation Rate) 2912M(72%)->220M(5%)
[179.238s][info][gc,start    ] GC(334) Garbage Collection (Allocation Rate)
[179.238s][info][gc,phases   ] GC(334) Pause Mark Start 0.057ms
[179.278s][info][gc,phases   ] GC(334) Concurrent Mark 40.300ms
[179.279s][info][gc,phases   ] GC(334) Pause Mark End 0.198ms
[179.280s][info][gc,phases   ] GC(334) Concurrent Process Non-Strong References 1.703ms
[179.281s][info][gc,phases   ] GC(334) Concurrent Reset Relocation Set 0.028ms
[179.282s][info][gc,phases   ] GC(334) Concurrent Select Relocation Set 1.809ms
[179.283s][info][gc,phases   ] GC(334) Pause Relocate Start 0.052ms
[179.288s][info][gc,phases   ] GC(334) Concurrent Relocate 5.685ms
[179.288s][info][gc,load     ] GC(334) Load: 0.00/0.00/0.00
[179.288s][info][gc,mmu      ] GC(334) MMU: 2ms/77.0%, 5ms/89.5%, 10ms/94.4%, 20ms/97.2%, 50ms/98.7%, 100ms/99.4%
[179.288s][info][gc,marking  ] GC(334) Mark: 1 stripe(s), 2 proactive flush(es), 1 terminate flush(es), 1 completion(s), 0 continuation(s) 
[179.288s][info][gc,nmethod  ] GC(334) NMethods: 1484 registered, 0 unregistered
[179.288s][info][gc,metaspace] GC(334) Metaspace: 4M used, 4M capacity, 4M committed, 1032M reserved
[179.288s][info][gc,ref      ] GC(334) Soft: 261 encountered, 0 discovered, 0 enqueued
[179.288s][info][gc,ref      ] GC(334) Weak: 280 encountered, 229 discovered, 0 enqueued
[179.288s][info][gc,ref      ] GC(334) Final: 1 encountered, 0 discovered, 0 enqueued
[179.288s][info][gc,ref      ] GC(334) Phantom: 39 encountered, 30 discovered, 0 enqueued
[179.288s][info][gc,reloc    ] GC(334) Small Pages: 1394 / 2788M(100%), Empty: 2696M(96%), Compacting: 32M(1%)->10M(0%)
[179.288s][info][gc,reloc    ] GC(334) Medium Pages: 0 / 0M(0%), Empty: 0M(0%), Compacting: 0M(0%)->0M(0%)
[179.288s][info][gc,reloc    ] GC(334) Large Pages: 1 / 8M(0%), Empty: 0M(0%), Compacting: 0M(0%)->0M(0%)
[179.288s][info][gc,reloc    ] GC(334) Relocation: Successful
[179.288s][info][gc,heap     ] GC(334) Min Capacity: 42M(1%)
[179.288s][info][gc,heap     ] GC(334) Max Capacity: 4060M(100%)
[179.288s][info][gc,heap     ] GC(334) Soft Max Capacity: 4060M(100%)
[179.288s][info][gc,heap     ] GC(334)                Mark Start          Mark End        Relocate Start      Relocate End           High               Low         
[179.288s][info][gc,heap     ] GC(334)  Capacity:     3220M (79%)        3220M (79%)        3220M (79%)        3220M (79%)        3220M (79%)        3220M (79%)    
[179.288s][info][gc,heap     ] GC(334)   Reserve:       42M (1%)           42M (1%)           42M (1%)           42M (1%)           42M (1%)           42M (1%)     
[179.288s][info][gc,heap     ] GC(334)      Free:     1222M (30%)        1032M (25%)        3710M (91%)        3704M (91%)        3718M (92%)        1022M (25%)    
[179.288s][info][gc,heap     ] GC(334)      Used:     2796M (69%)        2986M (74%)         308M (8%)          314M (8%)         2996M (74%)         300M (7%)     
[179.288s][info][gc,heap     ] GC(334)      Live:         -                68M (2%)           68M (2%)           68M (2%)             -                  -          
[179.288s][info][gc,heap     ] GC(334) Allocated:         -               190M (5%)          208M (5%)          246M (6%)             -                  -          
[179.288s][info][gc,heap     ] GC(334)   Garbage:         -              2727M (67%)          31M (1%)           11M (0%)             -                  -          
[179.288s][info][gc,heap     ] GC(334) Reclaimed:         -                  -              2696M (66%)        2716M (67%)            -                  -          
[179.288s][info][gc          ] GC(334) Garbage Collection (Allocation Rate) 2796M(69%)->314M(8%)
[179.838s][info][gc,start    ] GC(335) Garbage Collection (Allocation Rate)
[179.838s][info][gc,phases   ] GC(335) Pause Mark Start 0.058ms
[179.877s][info][gc,phases   ] GC(335) Concurrent Mark 39.012ms
[179.877s][info][gc,phases   ] GC(335) Pause Mark End 0.256ms
[179.879s][info][gc,phases   ] GC(335) Concurrent Process Non-Strong References 1.670ms
[179.879s][info][gc,phases   ] GC(335) Concurrent Reset Relocation Set 0.041ms
[179.885s][info][gc,phases   ] GC(335) Concurrent Select Relocation Set 6.048ms
[179.886s][info][gc,phases   ] GC(335) Pause Relocate Start 0.053ms
[179.918s][info][gc,phases   ] GC(335) Concurrent Relocate 32.343ms
[179.918s][info][gc,load     ] GC(335) Load: 0.00/0.00/0.00
[179.918s][info][gc,mmu      ] GC(335) MMU: 2ms/77.0%, 5ms/89.5%, 10ms/94.4%, 20ms/97.2%, 50ms/98.7%, 100ms/99.4%
[179.918s][info][gc,marking  ] GC(335) Mark: 1 stripe(s), 2 proactive flush(es), 1 terminate flush(es), 1 completion(s), 0 continuation(s) 
[179.918s][info][gc,nmethod  ] GC(335) NMethods: 1484 registered, 0 unregistered
[179.918s][info][gc,metaspace] GC(335) Metaspace: 4M used, 4M capacity, 4M committed, 1032M reserved
[179.918s][info][gc,ref      ] GC(335) Soft: 261 encountered, 0 discovered, 0 enqueued
[179.918s][info][gc,ref      ] GC(335) Weak: 280 encountered, 229 discovered, 0 enqueued
[179.918s][info][gc,ref      ] GC(335) Final: 1 encountered, 0 discovered, 0 enqueued
[179.918s][info][gc,ref      ] GC(335) Phantom: 39 encountered, 30 discovered, 0 enqueued
[179.918s][info][gc,reloc    ] GC(335) Small Pages: 1421 / 2842M(100%), Empty: 2686M(94%), Compacting: 152M(5%)->54M(2%)
[179.918s][info][gc,reloc    ] GC(335) Medium Pages: 0 / 0M(0%), Empty: 0M(0%), Compacting: 0M(0%)->0M(0%)
[179.918s][info][gc,reloc    ] GC(335) Large Pages: 1 / 8M(0%), Empty: 0M(0%), Compacting: 0M(0%)->0M(0%)
[179.918s][info][gc,reloc    ] GC(335) Relocation: Successful
[179.918s][info][gc,heap     ] GC(335) Min Capacity: 42M(1%)
[179.918s][info][gc,heap     ] GC(335) Max Capacity: 4060M(100%)
[179.918s][info][gc,heap     ] GC(335) Soft Max Capacity: 4060M(100%)
[179.918s][info][gc,heap     ] GC(335)                Mark Start          Mark End        Relocate Start      Relocate End           High               Low         
[179.918s][info][gc,heap     ] GC(335)  Capacity:     3220M (79%)        3220M (79%)        3220M (79%)        3220M (79%)        3220M (79%)        3220M (79%)    
[179.918s][info][gc,heap     ] GC(335)   Reserve:       42M (1%)           42M (1%)           42M (1%)           42M (1%)           42M (1%)           42M (1%)     
[179.918s][info][gc,heap     ] GC(335)      Free:     1168M (29%)         994M (24%)        3644M (90%)        3592M (88%)        3672M (90%)         986M (24%)    
[179.918s][info][gc,heap     ] GC(335)      Used:     2850M (70%)        3024M (74%)         374M (9%)          426M (10%)        3032M (75%)         346M (9%)     
[179.918s][info][gc,heap     ] GC(335)      Live:         -                58M (1%)           58M (1%)           58M (1%)             -                  -          
[179.918s][info][gc,heap     ] GC(335) Allocated:         -               174M (4%)          210M (5%)          414M (10%)            -                  -          
[179.918s][info][gc,heap     ] GC(335)   Garbage:         -              2791M (69%)         105M (3%)            3M (0%)             -                  -          
[179.918s][info][gc,heap     ] GC(335) Reclaimed:         -                  -              2686M (66%)        2788M (69%)            -                  -          
[179.918s][info][gc          ] GC(335) Garbage Collection (Allocation Rate) 2850M(70%)->426M(10%)
[180.038s][info][gc,stats    ] === Garbage Collection Statistics =======================================================================================================================
[180.038s][info][gc,stats    ]                                                              Last 10s              Last 10m              Last 10h                Total
[180.038s][info][gc,stats    ]                                                              Avg / Max             Avg / Max             Avg / Max             Avg / Max
[180.038s][info][gc,stats    ]   Collector: Garbage Collection Cycle                     57.018 / 80.161       61.547 / 153.808      61.547 / 153.808      61.547 / 153.808     ms
[180.038s][info][gc,stats    ]  Contention: Mark Segment Reset Contention                     0 / 0                 0 / 0                 0 / 0                 0 / 0           ops/s
[180.038s][info][gc,stats    ]  Contention: Mark SeqNum Reset Contention                      0 / 0                 0 / 0                 0 / 0                 0 / 0           ops/s
[180.038s][info][gc,stats    ]  Contention: Relocation Contention                             0 / 1                 0 / 2                 0 / 2                 0 / 2           ops/s
[180.038s][info][gc,stats    ]    Critical: Allocation Stall                              0.000 / 0.000         0.000 / 0.000         0.000 / 0.000         0.000 / 0.000       ms
[180.038s][info][gc,stats    ]    Critical: Allocation Stall                                  0 / 0                 0 / 0                 0 / 0                 0 / 0           ops/s
[180.038s][info][gc,stats    ]    Critical: GC Locker Stall                               0.000 / 0.000         0.000 / 0.000         0.000 / 0.000         0.000 / 0.000       ms
[180.038s][info][gc,stats    ]    Critical: GC Locker Stall                                   0 / 0                 0 / 0                 0 / 0                 0 / 0           ops/s
[180.038s][info][gc,stats    ]      Memory: Allocation Rate                                4730 / 4808           4627 / 4810           4627 / 4810           4627 / 4810        MB/s
[180.038s][info][gc,stats    ]      Memory: Heap Used After Mark                           2753 / 3148           2715 / 3174           2715 / 3174           2715 / 3174        MB
[180.038s][info][gc,stats    ]      Memory: Heap Used After Relocation                      325 / 426             333 / 476             333 / 476             333 / 476         MB
[180.038s][info][gc,stats    ]      Memory: Heap Used Before Mark                          2582 / 2960           2545 / 2998           2545 / 2998           2545 / 2998        MB
[180.038s][info][gc,stats    ]      Memory: Heap Used Before Relocation                     306 / 374             311 / 384             311 / 384             311 / 384         MB
[180.038s][info][gc,stats    ]      Memory: Out Of Memory                                     0 / 0                 0 / 0                 0 / 0                 0 / 0           ops/s
[180.038s][info][gc,stats    ]      Memory: Page Cache Flush                                  0 / 0                 0 / 0                 0 / 0                 0 / 0           MB/s
[180.038s][info][gc,stats    ]      Memory: Page Cache Hit L1                              2388 / 2430           2328 / 2439           2328 / 2439           2328 / 2439        ops/s
[180.038s][info][gc,stats    ]      Memory: Page Cache Hit L2                                 0 / 0                 0 / 0                 0 / 0                 0 / 0           ops/s
[180.038s][info][gc,stats    ]      Memory: Page Cache Hit L3                                 0 / 0                 0 / 103               0 / 103               0 / 103         ops/s
[180.038s][info][gc,stats    ]      Memory: Page Cache Miss                                   0 / 0                 0 / 0                 0 / 0                 0 / 0           ops/s
[180.038s][info][gc,stats    ]      Memory: Uncommit                                          0 / 0                 0 / 0                 0 / 0                 0 / 0           MB/s
[180.038s][info][gc,stats    ]      Memory: Undo Object Allocation Failed                     0 / 0                 0 / 0                 0 / 0                 0 / 0           ops/s
[180.038s][info][gc,stats    ]      Memory: Undo Object Allocation Succeeded                  0 / 1                 0 / 2                 0 / 2                 0 / 2           ops/s
[180.038s][info][gc,stats    ]      Memory: Undo Page Allocation                              0 / 0                 0 / 0                 0 / 0                 0 / 0           ops/s
[180.038s][info][gc,stats    ]       Phase: Concurrent Mark                              36.695 / 41.086       39.340 / 106.230      39.340 / 106.230      39.340 / 106.230     ms
[180.038s][info][gc,stats    ]       Phase: Concurrent Mark Continue                      0.000 / 0.000         0.000 / 0.000         0.000 / 0.000         0.000 / 0.000       ms
[180.038s][info][gc,stats    ]       Phase: Concurrent Process Non-Strong References      1.679 / 2.795         1.629 / 3.379         1.629 / 3.379         1.629 / 3.379       ms
[180.038s][info][gc,stats    ]       Phase: Concurrent Relocate                          14.663 / 32.343       15.770 / 40.994       15.770 / 40.994       15.770 / 40.994      ms
[180.038s][info][gc,stats    ]       Phase: Concurrent Reset Relocation Set               0.209 / 1.163         0.420 / 1.503         0.420 / 1.503         0.420 / 1.503       ms
[180.038s][info][gc,stats    ]       Phase: Concurrent Select Relocation Set              2.574 / 6.048         3.223 / 7.978         3.223 / 7.978         3.223 / 7.978       ms
[180.038s][info][gc,stats    ]       Phase: Pause Mark End                                0.264 / 0.320         0.258 / 0.459         0.258 / 0.459         0.258 / 0.459       ms
[180.038s][info][gc,stats    ]       Phase: Pause Mark Start                              0.067 / 0.102         0.069 / 0.289         0.069 / 0.289         0.069 / 0.289       ms
[180.038s][info][gc,stats    ]       Phase: Pause Relocate Start                          0.073 / 0.138         0.071 / 0.152         0.071 / 0.152         0.071 / 0.152       ms
[180.038s][info][gc,stats    ]    Subphase: Concurrent Classes Purge                      0.095 / 0.121         0.090 / 0.200         0.090 / 0.200         0.090 / 0.200       ms
[180.038s][info][gc,stats    ]    Subphase: Concurrent Classes Unlink                     1.263 / 2.386         1.212 / 2.988         1.212 / 2.988         1.212 / 2.988       ms
[180.038s][info][gc,stats    ]    Subphase: Concurrent Mark                              36.551 / 41.010       39.206 / 106.127      39.206 / 106.127      39.206 / 106.127     ms
[180.038s][info][gc,stats    ]    Subphase: Concurrent Mark Idle                          0.000 / 0.000         0.000 / 0.000         0.000 / 0.000         0.000 / 0.000       ms
[180.038s][info][gc,stats    ]    Subphase: Concurrent Mark Try Flush                     0.076 / 0.112         0.070 / 0.160         0.070 / 0.160         0.070 / 0.160       ms
[180.038s][info][gc,stats    ]    Subphase: Concurrent Mark Try Terminate                 0.034 / 0.092         0.031 / 0.107         0.031 / 0.107         0.031 / 0.107       ms
[180.038s][info][gc,stats    ]    Subphase: Concurrent References Enqueue                 0.000 / 0.001         0.000 / 0.002         0.000 / 0.002         0.000 / 0.002       ms
[180.038s][info][gc,stats    ]    Subphase: Concurrent References Process                 0.063 / 0.108         0.058 / 0.131         0.058 / 0.131         0.058 / 0.131       ms
[180.038s][info][gc,stats    ]    Subphase: Concurrent Roots                              0.043 / 0.053         0.047 / 0.196         0.047 / 0.196         0.047 / 0.196       ms
[180.038s][info][gc,stats    ]    Subphase: Concurrent Roots ClassLoaderDataGraph         0.039 / 0.048         0.042 / 0.184         0.042 / 0.184         0.042 / 0.184       ms
[180.038s][info][gc,stats    ]    Subphase: Concurrent Roots JNIHandles                   0.002 / 0.002         0.002 / 0.009         0.002 / 0.009         0.002 / 0.009       ms
[180.038s][info][gc,stats    ]    Subphase: Concurrent Roots Setup                        0.003 / 0.012         0.003 / 0.012         0.003 / 0.012         0.003 / 0.012       ms
[180.038s][info][gc,stats    ]    Subphase: Concurrent Roots Teardown                     0.000 / 0.000         0.000 / 0.000         0.000 / 0.000         0.000 / 0.000       ms
[180.038s][info][gc,stats    ]    Subphase: Concurrent Roots VMHandles                    0.002 / 0.002         0.002 / 0.007         0.002 / 0.007         0.002 / 0.007       ms
[180.038s][info][gc,stats    ]    Subphase: Concurrent Weak Roots                         0.148 / 0.173         0.163 / 0.433         0.163 / 0.433         0.163 / 0.433       ms
[180.038s][info][gc,stats    ]    Subphase: Concurrent Weak Roots JNIWeakHandles          0.000 / 0.001         0.000 / 0.001         0.000 / 0.001         0.000 / 0.001       ms
[180.038s][info][gc,stats    ]    Subphase: Concurrent Weak Roots ResolvedMethodTable     0.006 / 0.007         0.006 / 0.018         0.006 / 0.018         0.006 / 0.018       ms
[180.038s][info][gc,stats    ]    Subphase: Concurrent Weak Roots StringTable             0.139 / 0.161         0.153 / 0.416         0.153 / 0.416         0.153 / 0.416       ms
[180.038s][info][gc,stats    ]    Subphase: Concurrent Weak Roots VMWeakHandles           0.002 / 0.004         0.002 / 0.010         0.002 / 0.010         0.002 / 0.010       ms
[180.038s][info][gc,stats    ]    Subphase: Pause Mark Try Complete                       0.133 / 0.143         0.144 / 0.348         0.144 / 0.348         0.144 / 0.348       ms
[180.038s][info][gc,stats    ]    Subphase: Pause Roots                                   0.012 / 0.049         0.013 / 0.246         0.013 / 0.246         0.013 / 0.246       ms
[180.038s][info][gc,stats    ]    Subphase: Pause Roots CodeCache                         0.000 / 0.000         0.000 / 0.000         0.000 / 0.000         0.000 / 0.000       ms
[180.038s][info][gc,stats    ]    Subphase: Pause Roots JVMTIExport                       0.001 / 0.001         0.001 / 0.004         0.001 / 0.004         0.001 / 0.004       ms
[180.038s][info][gc,stats    ]    Subphase: Pause Roots JVMTIWeakExport                   0.001 / 0.001         0.001 / 0.003         0.001 / 0.003         0.001 / 0.003       ms
[180.038s][info][gc,stats    ]    Subphase: Pause Roots Java Threads                      0.020 / 0.045         0.019 / 0.246         0.019 / 0.246         0.019 / 0.246       ms
[180.038s][info][gc,stats    ]    Subphase: Pause Roots Management                        0.001 / 0.001         0.001 / 0.004         0.001 / 0.004         0.001 / 0.004       ms
[180.038s][info][gc,stats    ]    Subphase: Pause Roots ObjectSynchronizer                0.000 / 0.001         0.000 / 0.022         0.000 / 0.022         0.000 / 0.022       ms
[180.038s][info][gc,stats    ]    Subphase: Pause Roots Setup                             0.000 / 0.001         0.000 / 0.002         0.000 / 0.002         0.000 / 0.002       ms
[180.038s][info][gc,stats    ]    Subphase: Pause Roots Teardown                          0.001 / 0.001         0.000 / 0.002         0.000 / 0.002         0.000 / 0.002       ms
[180.038s][info][gc,stats    ]    Subphase: Pause Roots Universe                          0.001 / 0.002         0.001 / 0.015         0.001 / 0.015         0.001 / 0.015       ms
[180.038s][info][gc,stats    ]    Subphase: Pause Roots VM Thread                         0.001 / 0.001         0.001 / 0.003         0.001 / 0.003         0.001 / 0.003       ms
[180.038s][info][gc,stats    ]    Subphase: Pause Weak Roots                              0.003 / 0.020         0.003 / 0.086         0.003 / 0.086         0.003 / 0.086       ms
[180.038s][info][gc,stats    ]    Subphase: Pause Weak Roots JFRWeak                      0.012 / 0.019         0.012 / 0.082         0.012 / 0.082         0.012 / 0.082       ms
[180.038s][info][gc,stats    ]    Subphase: Pause Weak Roots JVMTIWeakExport              0.001 / 0.001         0.001 / 0.006         0.001 / 0.006         0.001 / 0.006       ms
[180.038s][info][gc,stats    ]    Subphase: Pause Weak Roots Setup                        0.000 / 0.000         0.000 / 0.001         0.000 / 0.001         0.000 / 0.001       ms
[180.038s][info][gc,stats    ]    Subphase: Pause Weak Roots Teardown                     0.000 / 0.000         0.000 / 0.000         0.000 / 0.000         0.000 / 0.000       ms
[180.038s][info][gc,stats    ]      System: Java Threads                                     14 / 14               14 / 15               14 / 15               14 / 15          threads
[180.038s][info][gc,stats    ] =========================================================================================================================================================
[180.338s][info][gc,start    ] GC(336) Garbage Collection (Allocation Rate)
[180.338s][info][gc,phases   ] GC(336) Pause Mark Start 0.064ms
[180.375s][info][gc,phases   ] GC(336) Concurrent Mark 37.066ms
[180.376s][info][gc,phases   ] GC(336) Pause Mark End 0.256ms
[180.377s][info][gc,phases   ] GC(336) Concurrent Process Non-Strong References 1.589ms
[180.379s][info][gc,phases   ] GC(336) Concurrent Reset Relocation Set 1.195ms
[180.385s][info][gc,phases   ] GC(336) Concurrent Select Relocation Set 6.120ms
[180.385s][info][gc,phases   ] GC(336) Pause Relocate Start 0.063ms
[180.418s][info][gc,phases   ] GC(336) Concurrent Relocate 32.592ms
[180.418s][info][gc,load     ] GC(336) Load: 0.00/0.00/0.00
[180.418s][info][gc,mmu      ] GC(336) MMU: 2ms/77.0%, 5ms/89.5%, 10ms/94.4%, 20ms/97.2%, 50ms/98.7%, 100ms/99.4%
[180.418s][info][gc,marking  ] GC(336) Mark: 1 stripe(s), 2 proactive flush(es), 1 terminate flush(es), 1 completion(s), 0 continuation(s) 
[180.418s][info][gc,nmethod  ] GC(336) NMethods: 1484 registered, 0 unregistered
[180.418s][info][gc,metaspace] GC(336) Metaspace: 4M used, 4M capacity, 4M committed, 1032M reserved
[180.418s][info][gc,ref      ] GC(336) Soft: 261 encountered, 0 discovered, 0 enqueued
[180.418s][info][gc,ref      ] GC(336) Weak: 280 encountered, 229 discovered, 0 enqueued
[180.418s][info][gc,ref      ] GC(336) Final: 1 encountered, 0 discovered, 0 enqueued
[180.418s][info][gc,ref      ] GC(336) Phantom: 39 encountered, 30 discovered, 0 enqueued
[180.418s][info][gc,reloc    ] GC(336) Small Pages: 1207 / 2414M(100%), Empty: 2260M(93%), Compacting: 150M(6%)->54M(2%)
[180.418s][info][gc,reloc    ] GC(336) Medium Pages: 0 / 0M(0%), Empty: 0M(0%), Compacting: 0M(0%)->0M(0%)
[180.418s][info][gc,reloc    ] GC(336) Large Pages: 1 / 8M(0%), Empty: 0M(0%), Compacting: 0M(0%)->0M(0%)
[180.418s][info][gc,reloc    ] GC(336) Relocation: Successful
[180.418s][info][gc,heap     ] GC(336) Min Capacity: 42M(1%)
[180.418s][info][gc,heap     ] GC(336) Max Capacity: 4060M(100%)
[180.418s][info][gc,heap     ] GC(336) Soft Max Capacity: 4060M(100%)
[180.418s][info][gc,heap     ] GC(336)                Mark Start          Mark End        Relocate Start      Relocate End           High               Low         
[180.418s][info][gc,heap     ] GC(336)  Capacity:     3220M (79%)        3220M (79%)        3220M (79%)        3220M (79%)        3220M (79%)        3220M (79%)    
[180.418s][info][gc,heap     ] GC(336)   Reserve:       42M (1%)           42M (1%)           42M (1%)           42M (1%)           42M (1%)           42M (1%)     
[180.418s][info][gc,heap     ] GC(336)      Free:     1596M (39%)        1422M (35%)        3646M (90%)        3600M (89%)        3670M (90%)        1410M (35%)    
[180.418s][info][gc,heap     ] GC(336)      Used:     2422M (60%)        2596M (64%)         372M (9%)          418M (10%)        2608M (64%)         348M (9%)     
[180.418s][info][gc,heap     ] GC(336)      Live:         -                58M (1%)           58M (1%)           58M (1%)             -                  -          
[180.418s][info][gc,heap     ] GC(336) Allocated:         -               174M (4%)          210M (5%)          406M (10%)            -                  -          
[180.418s][info][gc,heap     ] GC(336)   Garbage:         -              2363M (58%)         103M (3%)            3M (0%)             -                  -          
[180.418s][info][gc,heap     ] GC(336) Reclaimed:         -                  -              2260M (56%)        2360M (58%)            -                  -          
[180.418s][info][gc          ] GC(336) Garbage Collection (Allocation Rate) 2422M(60%)->418M(10%)
[180.839s][info][gc,start    ] GC(337) Garbage Collection (Allocation Rate)
[180.839s][info][gc,phases   ] GC(337) Pause Mark Start 0.062ms
[180.880s][info][gc,phases   ] GC(337) Concurrent Mark 41.052ms
[180.880s][info][gc,phases   ] GC(337) Pause Mark End 0.199ms
[180.882s][info][gc,phases   ] GC(337) Concurrent Process Non-Strong References 1.477ms
[180.882s][info][gc,phases   ] GC(337) Concurrent Reset Relocation Set 0.164ms
[180.884s][info][gc,phases   ] GC(337) Concurrent Select Relocation Set 2.180ms
[180.884s][info][gc,phases   ] GC(337) Pause Relocate Start 0.064ms
[180.903s][info][gc,phases   ] GC(337) Concurrent Relocate 18.303ms
[180.903s][info][gc,load     ] GC(337) Load: 0.00/0.00/0.00
[180.903s][info][gc,mmu      ] GC(337) MMU: 2ms/77.0%, 5ms/89.5%, 10ms/94.4%, 20ms/97.2%, 50ms/98.7%, 100ms/99.4%
[180.903s][info][gc,marking  ] GC(337) Mark: 1 stripe(s), 2 proactive flush(es), 1 terminate flush(es), 1 completion(s), 0 continuation(s) 
[180.903s][info][gc,nmethod  ] GC(337) NMethods: 1484 registered, 0 unregistered
[180.903s][info][gc,metaspace] GC(337) Metaspace: 4M used, 4M capacity, 4M committed, 1032M reserved
[180.903s][info][gc,ref      ] GC(337) Soft: 261 encountered, 0 discovered, 0 enqueued
[180.903s][info][gc,ref      ] GC(337) Weak: 280 encountered, 229 discovered, 0 enqueued
[180.903s][info][gc,ref      ] GC(337) Final: 1 encountered, 0 discovered, 0 enqueued
[180.903s][info][gc,ref      ] GC(337) Phantom: 39 encountered, 30 discovered, 0 enqueued
[180.903s][info][gc,reloc    ] GC(337) Small Pages: 1179 / 2358M(100%), Empty: 2242M(95%), Compacting: 88M(4%)->32M(1%)
[180.903s][info][gc,reloc    ] GC(337) Medium Pages: 0 / 0M(0%), Empty: 0M(0%), Compacting: 0M(0%)->0M(0%)
[180.903s][info][gc,reloc    ] GC(337) Large Pages: 1 / 8M(0%), Empty: 0M(0%), Compacting: 0M(0%)->0M(0%)
[180.903s][info][gc,reloc    ] GC(337) Relocation: Successful
[180.903s][info][gc,heap     ] GC(337) Min Capacity: 42M(1%)
[180.903s][info][gc,heap     ] GC(337) Max Capacity: 4060M(100%)
[180.903s][info][gc,heap     ] GC(337) Soft Max Capacity: 4060M(100%)
[180.903s][info][gc,heap     ] GC(337)                Mark Start          Mark End        Relocate Start      Relocate End           High               Low         
[180.903s][info][gc,heap     ] GC(337)  Capacity:     3220M (79%)        3220M (79%)        3220M (79%)        3220M (79%)        3220M (79%)        3220M (79%)    
[180.903s][info][gc,heap     ] GC(337)   Reserve:       42M (1%)           42M (1%)           42M (1%)           42M (1%)           42M (1%)           42M (1%)     
[180.903s][info][gc,heap     ] GC(337)      Free:     1652M (41%)        1466M (36%)        3690M (91%)        3662M (90%)        3700M (91%)        1458M (36%)    
[180.903s][info][gc,heap     ] GC(337)      Used:     2366M (58%)        2552M (63%)         328M (8%)          356M (9%)         2560M (63%)         318M (8%)     
[180.903s][info][gc,heap     ] GC(337)      Live:         -                59M (1%)           59M (1%)           59M (1%)             -                  -          
[180.903s][info][gc,heap     ] GC(337) Allocated:         -               186M (5%)          204M (5%)          320M (8%)             -                  -          
[180.903s][info][gc,heap     ] GC(337)   Garbage:         -              2306M (57%)          64M (2%)            6M (0%)             -                  -          
[180.903s][info][gc,heap     ] GC(337) Reclaimed:         -                  -              2242M (55%)        2300M (57%)            -                  -          
[180.903s][info][gc          ] GC(337) Garbage Collection (Allocation Rate) 2366M(58%)->356M(9%)
[181.339s][info][gc,start    ] GC(338) Garbage Collection (Allocation Rate)
[181.339s][info][gc,phases   ] GC(338) Pause Mark Start 0.059ms
[181.377s][info][gc,phases   ] GC(338) Concurrent Mark 38.060ms
[181.377s][info][gc,phases   ] GC(338) Pause Mark End 0.258ms
[181.379s][info][gc,phases   ] GC(338) Concurrent Process Non-Strong References 1.522ms
[181.379s][info][gc,phases   ] GC(338) Concurrent Reset Relocation Set 0.060ms
[181.381s][info][gc,phases   ] GC(338) Concurrent Select Relocation Set 2.144ms
[181.381s][info][gc,phases   ] GC(338) Pause Relocate Start 0.078ms
[181.409s][info][gc,phases   ] GC(338) Concurrent Relocate 27.027ms
[181.409s][info][gc,load     ] GC(338) Load: 0.00/0.00/0.00
[181.409s][info][gc,mmu      ] GC(338) MMU: 2ms/77.0%, 5ms/89.5%, 10ms/94.4%, 20ms/97.2%, 50ms/98.7%, 100ms/99.4%
[181.409s][info][gc,marking  ] GC(338) Mark: 1 stripe(s), 2 proactive flush(es), 1 terminate flush(es), 1 completion(s), 0 continuation(s) 
[181.409s][info][gc,nmethod  ] GC(338) NMethods: 1484 registered, 0 unregistered
[181.409s][info][gc,metaspace] GC(338) Metaspace: 4M used, 4M capacity, 4M committed, 1032M reserved
[181.409s][info][gc,ref      ] GC(338) Soft: 261 encountered, 0 discovered, 0 enqueued
[181.409s][info][gc,ref      ] GC(338) Weak: 280 encountered, 229 discovered, 0 enqueued
[181.409s][info][gc,ref      ] GC(338) Final: 1 encountered, 0 discovered, 0 enqueued
[181.409s][info][gc,ref      ] GC(338) Phantom: 39 encountered, 30 discovered, 0 enqueued
[181.409s][info][gc,reloc    ] GC(338) Small Pages: 1221 / 2442M(100%), Empty: 2298M(94%), Compacting: 126M(5%)->46M(2%)
[181.409s][info][gc,reloc    ] GC(338) Medium Pages: 0 / 0M(0%), Empty: 0M(0%), Compacting: 0M(0%)->0M(0%)
[181.409s][info][gc,reloc    ] GC(338) Large Pages: 1 / 8M(0%), Empty: 0M(0%), Compacting: 0M(0%)->0M(0%)
[181.409s][info][gc,reloc    ] GC(338) Relocation: Successful
[181.409s][info][gc,heap     ] GC(338) Min Capacity: 42M(1%)
[181.409s][info][gc,heap     ] GC(338) Max Capacity: 4060M(100%)
[181.409s][info][gc,heap     ] GC(338) Soft Max Capacity: 4060M(100%)
[181.409s][info][gc,heap     ] GC(338)                Mark Start          Mark End        Relocate Start      Relocate End           High               Low         
[181.409s][info][gc,heap     ] GC(338)  Capacity:     3220M (79%)        3220M (79%)        3220M (79%)        3220M (79%)        3220M (79%)        3220M (79%)    
[181.409s][info][gc,heap     ] GC(338)   Reserve:       42M (1%)           42M (1%)           42M (1%)           42M (1%)           42M (1%)           42M (1%)     
[181.409s][info][gc,heap     ] GC(338)      Free:     1568M (39%)        1388M (34%)        3668M (90%)        3624M (89%)        3678M (91%)        1380M (34%)    
[181.409s][info][gc,heap     ] GC(338)      Used:     2450M (60%)        2630M (65%)         350M (9%)          394M (10%)        2638M (65%)         340M (8%)     
[181.409s][info][gc,heap     ] GC(338)      Live:         -                63M (2%)           63M (2%)           63M (2%)             -                  -          
[181.409s][info][gc,heap     ] GC(338) Allocated:         -               180M (4%)          198M (5%)          368M (9%)             -                  -          
[181.409s][info][gc,heap     ] GC(338)   Garbage:         -              2386M (59%)          88M (2%)            4M (0%)             -                  -          
[181.409s][info][gc,heap     ] GC(338) Reclaimed:         -                  -              2298M (57%)        2382M (59%)            -                  -          
[181.409s][info][gc          ] GC(338) Garbage Collection (Allocation Rate) 2450M(60%)->394M(10%)
[181.838s][info][gc,start    ] GC(339) Garbage Collection (Allocation Rate)
[181.839s][info][gc,phases   ] GC(339) Pause Mark Start 0.063ms
[181.875s][info][gc,phases   ] GC(339) Concurrent Mark 36.721ms
[181.876s][info][gc,phases   ] GC(339) Pause Mark End 0.235ms
[181.877s][info][gc,phases   ] GC(339) Concurrent Process Non-Strong References 1.662ms
[181.878s][info][gc,phases   ] GC(339) Concurrent Reset Relocation Set 0.076ms
[181.880s][info][gc,phases   ] GC(339) Concurrent Select Relocation Set 2.872ms
[181.881s][info][gc,phases   ] GC(339) Pause Relocate Start 0.082ms
[181.911s][info][gc,phases   ] GC(339) Concurrent Relocate 30.272ms
[181.911s][info][gc,load     ] GC(339) Load: 0.00/0.00/0.00
[181.911s][info][gc,mmu      ] GC(339) MMU: 2ms/77.0%, 5ms/89.5%, 10ms/94.4%, 20ms/97.2%, 50ms/98.7%, 100ms/99.4%
[181.911s][info][gc,marking  ] GC(339) Mark: 1 stripe(s), 2 proactive flush(es), 1 terminate flush(es), 1 completion(s), 0 continuation(s) 
[181.911s][info][gc,nmethod  ] GC(339) NMethods: 1484 registered, 0 unregistered
[181.911s][info][gc,metaspace] GC(339) Metaspace: 4M used, 4M capacity, 4M committed, 1032M reserved
[181.911s][info][gc,ref      ] GC(339) Soft: 261 encountered, 0 discovered, 0 enqueued
[181.911s][info][gc,ref      ] GC(339) Weak: 280 encountered, 229 discovered, 0 enqueued
[181.911s][info][gc,ref      ] GC(339) Final: 1 encountered, 0 discovered, 0 enqueued
[181.911s][info][gc,ref      ] GC(339) Phantom: 39 encountered, 30 discovered, 0 enqueued
[181.911s][info][gc,reloc    ] GC(339) Small Pages: 1228 / 2456M(100%), Empty: 2306M(94%), Compacting: 144M(6%)->52M(2%)
[181.911s][info][gc,reloc    ] GC(339) Medium Pages: 0 / 0M(0%), Empty: 0M(0%), Compacting: 0M(0%)->0M(0%)
[181.911s][info][gc,reloc    ] GC(339) Large Pages: 1 / 8M(0%), Empty: 0M(0%), Compacting: 0M(0%)->0M(0%)
[181.911s][info][gc,reloc    ] GC(339) Relocation: Successful
[181.911s][info][gc,heap     ] GC(339) Min Capacity: 42M(1%)
[181.911s][info][gc,heap     ] GC(339) Max Capacity: 4060M(100%)
[181.911s][info][gc,heap     ] GC(339) Soft Max Capacity: 4060M(100%)
[181.911s][info][gc,heap     ] GC(339)                Mark Start          Mark End        Relocate Start      Relocate End           High               Low         
[181.911s][info][gc,heap     ] GC(339)  Capacity:     3220M (79%)        3220M (79%)        3220M (79%)        3220M (79%)        3220M (79%)        3220M (79%)    
[181.911s][info][gc,heap     ] GC(339)   Reserve:       42M (1%)           42M (1%)           42M (1%)           42M (1%)           42M (1%)           42M (1%)     
[181.911s][info][gc,heap     ] GC(339)      Free:     1554M (38%)        1384M (34%)        3668M (90%)        3616M (89%)        3680M (91%)        1376M (34%)    
[181.911s][info][gc,heap     ] GC(339)      Used:     2464M (61%)        2634M (65%)         350M (9%)          402M (10%)        2642M (65%)         338M (8%)     
[181.911s][info][gc,heap     ] GC(339)      Live:         -                57M (1%)           57M (1%)           57M (1%)             -                  -          
[181.911s][info][gc,heap     ] GC(339) Allocated:         -               170M (4%)          192M (5%)          388M (10%)            -                  -          
[181.911s][info][gc,heap     ] GC(339)   Garbage:         -              2406M (59%)         100M (2%)            8M (0%)             -                  -          
[181.911s][info][gc,heap     ] GC(339) Reclaimed:         -                  -              2306M (57%)        2398M (59%)            -                  -          
[181.911s][info][gc          ] GC(339) Garbage Collection (Allocation Rate) 2464M(61%)->402M(10%)
[182.338s][info][gc,start    ] GC(340) Garbage Collection (Allocation Rate)
[182.338s][info][gc,phases   ] GC(340) Pause Mark Start 0.051ms
[182.372s][info][gc,phases   ] GC(340) Concurrent Mark 33.964ms
[182.372s][info][gc,phases   ] GC(340) Pause Mark End 0.248ms
[182.374s][info][gc,phases   ] GC(340) Concurrent Process Non-Strong References 1.670ms
[182.374s][info][gc,phases   ] GC(340) Concurrent Reset Relocation Set 0.074ms
[182.376s][info][gc,phases   ] GC(340) Concurrent Select Relocation Set 1.742ms
[182.376s][info][gc,phases   ] GC(340) Pause Relocate Start 0.063ms
[182.387s][info][gc,phases   ] GC(340) Concurrent Relocate 11.036ms
[182.387s][info][gc,load     ] GC(340) Load: 0.00/0.00/0.00
[182.387s][info][gc,mmu      ] GC(340) MMU: 2ms/77.0%, 5ms/89.5%, 10ms/94.4%, 20ms/97.2%, 50ms/98.7%, 100ms/99.4%
[182.387s][info][gc,marking  ] GC(340) Mark: 1 stripe(s), 2 proactive flush(es), 1 terminate flush(es), 1 completion(s), 0 continuation(s) 
[182.387s][info][gc,nmethod  ] GC(340) NMethods: 1484 registered, 0 unregistered
[182.387s][info][gc,metaspace] GC(340) Metaspace: 4M used, 4M capacity, 4M committed, 1032M reserved
[182.387s][info][gc,ref      ] GC(340) Soft: 261 encountered, 0 discovered, 0 enqueued
[182.387s][info][gc,ref      ] GC(340) Weak: 280 encountered, 229 discovered, 0 enqueued
[182.387s][info][gc,ref      ] GC(340) Final: 1 encountered, 0 discovered, 0 enqueued
[182.387s][info][gc,ref      ] GC(340) Phantom: 39 encountered, 30 discovered, 0 enqueued
[182.387s][info][gc,reloc    ] GC(340) Small Pages: 1218 / 2436M(100%), Empty: 2348M(96%), Compacting: 62M(3%)->20M(1%)
[182.387s][info][gc,reloc    ] GC(340) Medium Pages: 0 / 0M(0%), Empty: 0M(0%), Compacting: 0M(0%)->0M(0%)
[182.387s][info][gc,reloc    ] GC(340) Large Pages: 1 / 8M(0%), Empty: 0M(0%), Compacting: 0M(0%)->0M(0%)
[182.387s][info][gc,reloc    ] GC(340) Relocation: Successful
[182.387s][info][gc,heap     ] GC(340) Min Capacity: 42M(1%)
[182.387s][info][gc,heap     ] GC(340) Max Capacity: 4060M(100%)
[182.387s][info][gc,heap     ] GC(340) Soft Max Capacity: 4060M(100%)
[182.387s][info][gc,heap     ] GC(340)                Mark Start          Mark End        Relocate Start      Relocate End           High               Low         
[182.388s][info][gc,heap     ] GC(340)  Capacity:     3220M (79%)        3220M (79%)        3220M (79%)        3220M (79%)        3220M (79%)        3220M (79%)    
[182.388s][info][gc,heap     ] GC(340)   Reserve:       42M (1%)           42M (1%)           42M (1%)           42M (1%)           42M (1%)           42M (1%)     
[182.388s][info][gc,heap     ] GC(340)      Free:     1574M (39%)        1424M (35%)        3756M (93%)        3746M (92%)        3764M (93%)        1416M (35%)    
[182.388s][info][gc,heap     ] GC(340)      Used:     2444M (60%)        2594M (64%)         262M (6%)          272M (7%)         2602M (64%)         254M (6%)     
[182.388s][info][gc,heap     ] GC(340)      Live:         -                47M (1%)           47M (1%)           47M (1%)             -                  -          
[182.388s][info][gc,heap     ] GC(340) Allocated:         -               150M (4%)          166M (4%)          238M (6%)             -                  -          
[182.388s][info][gc,heap     ] GC(340)   Garbage:         -              2396M (59%)          48M (1%)            6M (0%)             -                  -          
[182.388s][info][gc,heap     ] GC(340) Reclaimed:         -                  -              2348M (58%)        2390M (59%)            -                  -          
[182.388s][info][gc          ] GC(340) Garbage Collection (Allocation Rate) 2444M(60%)->272M(7%)
[182.939s][info][gc,start    ] GC(341) Garbage Collection (Allocation Rate)
[182.939s][info][gc,phases   ] GC(341) Pause Mark Start 0.094ms
[182.983s][info][gc,phases   ] GC(341) Concurrent Mark 43.696ms
[182.983s][info][gc,phases   ] GC(341) Pause Mark End 0.231ms
[182.985s][info][gc,phases   ] GC(341) Concurrent Process Non-Strong References 1.721ms
[182.985s][info][gc,phases   ] GC(341) Concurrent Reset Relocation Set 0.052ms
[182.988s][info][gc,phases   ] GC(341) Concurrent Select Relocation Set 2.887ms
[182.988s][info][gc,phases   ] GC(341) Pause Relocate Start 0.094ms
[183.022s][info][gc,phases   ] GC(341) Concurrent Relocate 33.560ms
[183.022s][info][gc,load     ] GC(341) Load: 0.00/0.00/0.00
[183.022s][info][gc,mmu      ] GC(341) MMU: 2ms/77.0%, 5ms/89.5%, 10ms/94.4%, 20ms/97.2%, 50ms/98.7%, 100ms/99.4%
[183.022s][info][gc,marking  ] GC(341) Mark: 1 stripe(s), 2 proactive flush(es), 1 terminate flush(es), 1 completion(s), 0 continuation(s) 
[183.022s][info][gc,nmethod  ] GC(341) NMethods: 1484 registered, 0 unregistered
[183.022s][info][gc,metaspace] GC(341) Metaspace: 4M used, 4M capacity, 4M committed, 1032M reserved
[183.022s][info][gc,ref      ] GC(341) Soft: 261 encountered, 0 discovered, 0 enqueued
[183.022s][info][gc,ref      ] GC(341) Weak: 280 encountered, 229 discovered, 0 enqueued
[183.022s][info][gc,ref      ] GC(341) Final: 1 encountered, 0 discovered, 0 enqueued
[183.022s][info][gc,ref      ] GC(341) Phantom: 39 encountered, 30 discovered, 0 enqueued
[183.022s][info][gc,reloc    ] GC(341) Small Pages: 1355 / 2710M(100%), Empty: 2556M(94%), Compacting: 148M(5%)->58M(2%)
[183.022s][info][gc,reloc    ] GC(341) Medium Pages: 0 / 0M(0%), Empty: 0M(0%), Compacting: 0M(0%)->0M(0%)
[183.022s][info][gc,reloc    ] GC(341) Large Pages: 1 / 8M(0%), Empty: 0M(0%), Compacting: 0M(0%)->0M(0%)
[183.022s][info][gc,reloc    ] GC(341) Relocation: Successful
[183.022s][info][gc,heap     ] GC(341) Min Capacity: 42M(1%)
[183.022s][info][gc,heap     ] GC(341) Max Capacity: 4060M(100%)
[183.022s][info][gc,heap     ] GC(341) Soft Max Capacity: 4060M(100%)
[183.022s][info][gc,heap     ] GC(341)                Mark Start          Mark End        Relocate Start      Relocate End           High               Low         
[183.022s][info][gc,heap     ] GC(341)  Capacity:     3220M (79%)        3220M (79%)        3220M (79%)        3220M (79%)        3220M (79%)        3220M (79%)    
[183.022s][info][gc,heap     ] GC(341)   Reserve:       42M (1%)           42M (1%)           42M (1%)           42M (1%)           42M (1%)           42M (1%)     
[183.022s][info][gc,heap     ] GC(341)      Free:     1300M (32%)        1128M (28%)        3662M (90%)        3596M (89%)        3674M (90%)        1120M (28%)    
[183.022s][info][gc,heap     ] GC(341)      Used:     2718M (67%)        2890M (71%)         356M (9%)          422M (10%)        2898M (71%)         344M (8%)     
[183.022s][info][gc,heap     ] GC(341)      Live:         -                63M (2%)           63M (2%)           63M (2%)             -                  -          
[183.022s][info][gc,heap     ] GC(341) Allocated:         -               172M (4%)          194M (5%)          408M (10%)            -                  -          
[183.022s][info][gc,heap     ] GC(341)   Garbage:         -              2654M (65%)          98M (2%)            6M (0%)             -                  -          
[183.022s][info][gc,heap     ] GC(341) Reclaimed:         -                  -              2556M (63%)        2648M (65%)            -                  -          
[183.022s][info][gc          ] GC(341) Garbage Collection (Allocation Rate) 2718M(67%)->422M(10%)
[183.538s][info][gc,start    ] GC(342) Garbage Collection (Allocation Rate)
[183.539s][info][gc,phases   ] GC(342) Pause Mark Start 0.088ms
[183.575s][info][gc,phases   ] GC(342) Concurrent Mark 36.546ms
[183.576s][info][gc,phases   ] GC(342) Pause Mark End 0.299ms
[183.578s][info][gc,phases   ] GC(342) Concurrent Process Non-Strong References 1.681ms
[183.579s][info][gc,phases   ] GC(342) Concurrent Reset Relocation Set 1.569ms
[183.586s][info][gc,phases   ] GC(342) Concurrent Select Relocation Set 6.492ms
[183.586s][info][gc,phases   ] GC(342) Pause Relocate Start 0.113ms
[183.625s][info][gc,phases   ] GC(342) Concurrent Relocate 38.527ms
[183.625s][info][gc,load     ] GC(342) Load: 0.00/0.00/0.00
[183.625s][info][gc,mmu      ] GC(342) MMU: 2ms/77.0%, 5ms/89.5%, 10ms/94.4%, 20ms/97.2%, 50ms/98.7%, 100ms/99.4%
[183.625s][info][gc,marking  ] GC(342) Mark: 1 stripe(s), 2 proactive flush(es), 1 terminate flush(es), 1 completion(s), 0 continuation(s) 
[183.625s][info][gc,nmethod  ] GC(342) NMethods: 1484 registered, 0 unregistered
[183.625s][info][gc,metaspace] GC(342) Metaspace: 4M used, 4M capacity, 4M committed, 1032M reserved
[183.625s][info][gc,ref      ] GC(342) Soft: 261 encountered, 0 discovered, 0 enqueued
[183.625s][info][gc,ref      ] GC(342) Weak: 280 encountered, 229 discovered, 0 enqueued
[183.625s][info][gc,ref      ] GC(342) Final: 1 encountered, 0 discovered, 0 enqueued
[183.625s][info][gc,ref      ] GC(342) Phantom: 39 encountered, 30 discovered, 0 enqueued
[183.625s][info][gc,reloc    ] GC(342) Small Pages: 1297 / 2594M(100%), Empty: 2440M(94%), Compacting: 148M(6%)->54M(2%)
[183.625s][info][gc,reloc    ] GC(342) Medium Pages: 0 / 0M(0%), Empty: 0M(0%), Compacting: 0M(0%)->0M(0%)
[183.625s][info][gc,reloc    ] GC(342) Large Pages: 1 / 8M(0%), Empty: 0M(0%), Compacting: 0M(0%)->0M(0%)
[183.625s][info][gc,reloc    ] GC(342) Relocation: Successful
[183.625s][info][gc,heap     ] GC(342) Min Capacity: 42M(1%)
[183.625s][info][gc,heap     ] GC(342) Max Capacity: 4060M(100%)
[183.625s][info][gc,heap     ] GC(342) Soft Max Capacity: 4060M(100%)
[183.625s][info][gc,heap     ] GC(342)                Mark Start          Mark End        Relocate Start      Relocate End           High               Low         
[183.625s][info][gc,heap     ] GC(342)  Capacity:     3220M (79%)        3220M (79%)        3220M (79%)        3220M (79%)        3220M (79%)        3220M (79%)    
[183.625s][info][gc,heap     ] GC(342)   Reserve:       42M (1%)           42M (1%)           42M (1%)           42M (1%)           42M (1%)           42M (1%)     
[183.625s][info][gc,heap     ] GC(342)      Free:     1416M (35%)        1244M (31%)        3644M (90%)        3592M (88%)        3670M (90%)        1230M (30%)    
[183.625s][info][gc,heap     ] GC(342)      Used:     2602M (64%)        2774M (68%)         374M (9%)          426M (10%)        2788M (69%)         348M (9%)     
[183.625s][info][gc,heap     ] GC(342)      Live:         -                59M (1%)           59M (1%)           59M (1%)             -                  -          
[183.625s][info][gc,heap     ] GC(342) Allocated:         -               172M (4%)          212M (5%)          412M (10%)            -                  -          
[183.625s][info][gc,heap     ] GC(342)   Garbage:         -              2542M (63%)         102M (3%)            6M (0%)             -                  -          
[183.625s][info][gc,heap     ] GC(342) Reclaimed:         -                  -              2440M (60%)        2536M (62%)            -                  -          
[183.625s][info][gc          ] GC(342) Garbage Collection (Allocation Rate) 2602M(64%)->426M(10%)
[184.038s][info][gc,start    ] GC(343) Garbage Collection (Allocation Rate)
[184.038s][info][gc,phases   ] GC(343) Pause Mark Start 0.075ms
[184.075s][info][gc,phases   ] GC(343) Concurrent Mark 36.607ms
[184.075s][info][gc,phases   ] GC(343) Pause Mark End 0.237ms
[184.077s][info][gc,phases   ] GC(343) Concurrent Process Non-Strong References 1.538ms
[184.078s][info][gc,phases   ] GC(343) Concurrent Reset Relocation Set 1.194ms
[184.083s][info][gc,phases   ] GC(343) Concurrent Select Relocation Set 4.896ms
[184.083s][info][gc,phases   ] GC(343) Pause Relocate Start 0.119ms
[184.107s][info][gc,phases   ] GC(343) Concurrent Relocate 23.411ms
[184.107s][info][gc,load     ] GC(343) Load: 0.00/0.00/0.00
[184.107s][info][gc,mmu      ] GC(343) MMU: 2ms/77.0%, 5ms/89.5%, 10ms/94.4%, 20ms/97.2%, 50ms/98.7%, 100ms/99.4%
[184.107s][info][gc,marking  ] GC(343) Mark: 1 stripe(s), 2 proactive flush(es), 1 terminate flush(es), 1 completion(s), 0 continuation(s) 
[184.107s][info][gc,nmethod  ] GC(343) NMethods: 1484 registered, 0 unregistered
[184.107s][info][gc,metaspace] GC(343) Metaspace: 4M used, 4M capacity, 4M committed, 1032M reserved
[184.107s][info][gc,ref      ] GC(343) Soft: 261 encountered, 0 discovered, 0 enqueued
[184.107s][info][gc,ref      ] GC(343) Weak: 280 encountered, 229 discovered, 0 enqueued
[184.107s][info][gc,ref      ] GC(343) Final: 1 encountered, 0 discovered, 0 enqueued
[184.107s][info][gc,ref      ] GC(343) Phantom: 39 encountered, 30 discovered, 0 enqueued
[184.107s][info][gc,reloc    ] GC(343) Small Pages: 1203 / 2406M(100%), Empty: 2254M(93%), Compacting: 146M(6%)->40M(2%)
[184.107s][info][gc,reloc    ] GC(343) Medium Pages: 0 / 0M(0%), Empty: 0M(0%), Compacting: 0M(0%)->0M(0%)
[184.107s][info][gc,reloc    ] GC(343) Large Pages: 1 / 8M(0%), Empty: 0M(0%), Compacting: 0M(0%)->0M(0%)
[184.107s][info][gc,reloc    ] GC(343) Relocation: Successful
[184.107s][info][gc,heap     ] GC(343) Min Capacity: 42M(1%)
[184.107s][info][gc,heap     ] GC(343) Max Capacity: 4060M(100%)
[184.107s][info][gc,heap     ] GC(343) Soft Max Capacity: 4060M(100%)
[184.107s][info][gc,heap     ] GC(343)                Mark Start          Mark End        Relocate Start      Relocate End           High               Low         
[184.107s][info][gc,heap     ] GC(343)  Capacity:     3220M (79%)        3220M (79%)        3220M (79%)        3220M (79%)        3220M (79%)        3220M (79%)    
[184.107s][info][gc,heap     ] GC(343)   Reserve:       42M (1%)           42M (1%)           42M (1%)           42M (1%)           42M (1%)           42M (1%)     
[184.107s][info][gc,heap     ] GC(343)      Free:     1604M (40%)        1432M (35%)        3652M (90%)        3648M (90%)        3678M (91%)        1420M (35%)    
[184.107s][info][gc,heap     ] GC(343)      Used:     2414M (59%)        2586M (64%)         366M (9%)          370M (9%)         2598M (64%)         340M (8%)     
[184.107s][info][gc,heap     ] GC(343)      Live:         -                47M (1%)           47M (1%)           47M (1%)             -                  -          
[184.107s][info][gc,heap     ] GC(343) Allocated:         -               172M (4%)          206M (5%)          356M (9%)             -                  -          
[184.107s][info][gc,heap     ] GC(343)   Garbage:         -              2366M (58%)         112M (3%)            6M (0%)             -                  -          
[184.107s][info][gc,heap     ] GC(343) Reclaimed:         -                  -              2254M (56%)        2360M (58%)            -                  -          
[184.107s][info][gc          ] GC(343) Garbage Collection (Allocation Rate) 2414M(59%)->370M(9%)
[184.538s][info][gc,start    ] GC(344) Garbage Collection (Allocation Rate)
[184.538s][info][gc,phases   ] GC(344) Pause Mark Start 0.063ms
[184.571s][info][gc,phases   ] GC(344) Concurrent Mark 32.592ms
[184.571s][info][gc,phases   ] GC(344) Pause Mark End 0.222ms
[184.573s][info][gc,phases   ] GC(344) Concurrent Process Non-Strong References 1.601ms
[184.573s][info][gc,phases   ] GC(344) Concurrent Reset Relocation Set 0.101ms
[184.575s][info][gc,phases   ] GC(344) Concurrent Select Relocation Set 1.733ms
[184.575s][info][gc,phases   ] GC(344) Pause Relocate Start 0.086ms
[184.588s][info][gc,phases   ] GC(344) Concurrent Relocate 12.903ms
[184.588s][info][gc,load     ] GC(344) Load: 0.00/0.00/0.00
[184.588s][info][gc,mmu      ] GC(344) MMU: 2ms/77.0%, 5ms/89.5%, 10ms/94.4%, 20ms/97.2%, 50ms/98.7%, 100ms/99.4%
[184.588s][info][gc,marking  ] GC(344) Mark: 1 stripe(s), 2 proactive flush(es), 1 terminate flush(es), 1 completion(s), 0 continuation(s) 
[184.588s][info][gc,nmethod  ] GC(344) NMethods: 1484 registered, 0 unregistered
[184.588s][info][gc,metaspace] GC(344) Metaspace: 4M used, 4M capacity, 4M committed, 1032M reserved
[184.588s][info][gc,ref      ] GC(344) Soft: 261 encountered, 0 discovered, 0 enqueued
[184.588s][info][gc,ref      ] GC(344) Weak: 280 encountered, 229 discovered, 0 enqueued
[184.588s][info][gc,ref      ] GC(344) Final: 1 encountered, 0 discovered, 0 enqueued
[184.588s][info][gc,ref      ] GC(344) Phantom: 39 encountered, 30 discovered, 0 enqueued
[184.588s][info][gc,reloc    ] GC(344) Small Pages: 1216 / 2432M(100%), Empty: 2332M(96%), Compacting: 76M(3%)->22M(1%)
[184.588s][info][gc,reloc    ] GC(344) Medium Pages: 0 / 0M(0%), Empty: 0M(0%), Compacting: 0M(0%)->0M(0%)
[184.588s][info][gc,reloc    ] GC(344) Large Pages: 1 / 8M(0%), Empty: 0M(0%), Compacting: 0M(0%)->0M(0%)
[184.588s][info][gc,reloc    ] GC(344) Relocation: Successful
[184.588s][info][gc,heap     ] GC(344) Min Capacity: 42M(1%)
[184.588s][info][gc,heap     ] GC(344) Max Capacity: 4060M(100%)
[184.588s][info][gc,heap     ] GC(344) Soft Max Capacity: 4060M(100%)
[184.588s][info][gc,heap     ] GC(344)                Mark Start          Mark End        Relocate Start      Relocate End           High               Low         
[184.588s][info][gc,heap     ] GC(344)  Capacity:     3220M (79%)        3220M (79%)        3220M (79%)        3220M (79%)        3220M (79%)        3220M (79%)    
[184.588s][info][gc,heap     ] GC(344)   Reserve:       42M (1%)           42M (1%)           42M (1%)           42M (1%)           42M (1%)           42M (1%)     
[184.588s][info][gc,heap     ] GC(344)      Free:     1578M (39%)        1428M (35%)        3744M (92%)        3734M (92%)        3752M (92%)        1420M (35%)    
[184.588s][info][gc,heap     ] GC(344)      Used:     2440M (60%)        2590M (64%)         274M (7%)          284M (7%)         2598M (64%)         266M (7%)     
[184.588s][info][gc,heap     ] GC(344)      Live:         -                47M (1%)           47M (1%)           47M (1%)             -                  -          
[184.588s][info][gc,heap     ] GC(344) Allocated:         -               150M (4%)          166M (4%)          252M (6%)             -                  -          
[184.588s][info][gc,heap     ] GC(344)   Garbage:         -              2392M (59%)          60M (1%)            8M (0%)             -                  -          
[184.588s][info][gc,heap     ] GC(344) Reclaimed:         -                  -              2332M (57%)        2384M (59%)            -                  -          
[184.588s][info][gc          ] GC(344) Garbage Collection (Allocation Rate) 2440M(60%)->284M(7%)
[185.038s][info][gc,start    ] GC(345) Garbage Collection (Allocation Rate)
[185.039s][info][gc,phases   ] GC(345) Pause Mark Start 0.047ms
[185.075s][info][gc,phases   ] GC(345) Concurrent Mark 36.202ms
[185.075s][info][gc,phases   ] GC(345) Pause Mark End 0.238ms
[185.077s][info][gc,phases   ] GC(345) Concurrent Process Non-Strong References 1.599ms
[185.077s][info][gc,phases   ] GC(345) Concurrent Reset Relocation Set 0.055ms
[185.078s][info][gc,phases   ] GC(345) Concurrent Select Relocation Set 1.482ms
[185.079s][info][gc,phases   ] GC(345) Pause Relocate Start 0.062ms
[185.079s][info][gc,phases   ] GC(345) Concurrent Relocate 0.457ms
[185.079s][info][gc,load     ] GC(345) Load: 0.00/0.00/0.00
[185.079s][info][gc,mmu      ] GC(345) MMU: 2ms/77.0%, 5ms/89.5%, 10ms/94.4%, 20ms/97.2%, 50ms/98.7%, 100ms/99.4%
[185.079s][info][gc,marking  ] GC(345) Mark: 1 stripe(s), 2 proactive flush(es), 1 terminate flush(es), 1 completion(s), 0 continuation(s) 
[185.079s][info][gc,nmethod  ] GC(345) NMethods: 1484 registered, 0 unregistered
[185.079s][info][gc,metaspace] GC(345) Metaspace: 4M used, 4M capacity, 4M committed, 1032M reserved
[185.079s][info][gc,ref      ] GC(345) Soft: 261 encountered, 0 discovered, 0 enqueued
[185.079s][info][gc,ref      ] GC(345) Weak: 280 encountered, 229 discovered, 0 enqueued
[185.079s][info][gc,ref      ] GC(345) Final: 1 encountered, 0 discovered, 0 enqueued
[185.079s][info][gc,ref      ] GC(345) Phantom: 39 encountered, 30 discovered, 0 enqueued
[185.079s][info][gc,reloc    ] GC(345) Small Pages: 1223 / 2446M(100%), Empty: 2372M(97%), Compacting: 12M(0%)->2M(0%)
[185.079s][info][gc,reloc    ] GC(345) Medium Pages: 0 / 0M(0%), Empty: 0M(0%), Compacting: 0M(0%)->0M(0%)
[185.079s][info][gc,reloc    ] GC(345) Large Pages: 1 / 8M(0%), Empty: 0M(0%), Compacting: 0M(0%)->0M(0%)
[185.079s][info][gc,reloc    ] GC(345) Relocation: Successful
[185.079s][info][gc,heap     ] GC(345) Min Capacity: 42M(1%)
[185.079s][info][gc,heap     ] GC(345) Max Capacity: 4060M(100%)
[185.079s][info][gc,heap     ] GC(345) Soft Max Capacity: 4060M(100%)
[185.079s][info][gc,heap     ] GC(345)                Mark Start          Mark End        Relocate Start      Relocate End           High               Low         
[185.079s][info][gc,heap     ] GC(345)  Capacity:     3220M (79%)        3220M (79%)        3220M (79%)        3220M (79%)        3220M (79%)        3220M (79%)    
[185.079s][info][gc,heap     ] GC(345)   Reserve:       42M (1%)           42M (1%)           42M (1%)           42M (1%)           42M (1%)           42M (1%)     
[185.079s][info][gc,heap     ] GC(345)      Free:     1564M (39%)        1388M (34%)        3746M (92%)        3750M (92%)        3752M (92%)        1380M (34%)    
[185.079s][info][gc,heap     ] GC(345)      Used:     2454M (60%)        2630M (65%)         272M (7%)          268M (7%)         2638M (65%)         266M (7%)     
[185.079s][info][gc,heap     ] GC(345)      Live:         -                62M (2%)           62M (2%)           62M (2%)             -                  -          
[185.079s][info][gc,heap     ] GC(345) Allocated:         -               176M (4%)          190M (5%)          198M (5%)             -                  -          
[185.079s][info][gc,heap     ] GC(345)   Garbage:         -              2391M (59%)          19M (0%)           11M (0%)             -                  -          
[185.079s][info][gc,heap     ] GC(345) Reclaimed:         -                  -              2372M (58%)        2380M (59%)            -                  -          
[185.079s][info][gc          ] GC(345) Garbage Collection (Allocation Rate) 2454M(60%)->268M(7%)
[185.638s][info][gc,start    ] GC(346) Garbage Collection (Allocation Rate)
[185.638s][info][gc,phases   ] GC(346) Pause Mark Start 0.063ms
[185.667s][info][gc,phases   ] GC(346) Concurrent Mark 29.318ms
[185.668s][info][gc,phases   ] GC(346) Pause Mark End 0.250ms
[185.670s][info][gc,phases   ] GC(346) Concurrent Process Non-Strong References 1.641ms
[185.670s][info][gc,phases   ] GC(346) Concurrent Reset Relocation Set 0.022ms
[185.672s][info][gc,phases   ] GC(346) Concurrent Select Relocation Set 2.001ms
[185.672s][info][gc,phases   ] GC(346) Pause Relocate Start 0.060ms
[185.678s][info][gc,phases   ] GC(346) Concurrent Relocate 5.554ms
[185.678s][info][gc,load     ] GC(346) Load: 0.00/0.00/0.00
[185.678s][info][gc,mmu      ] GC(346) MMU: 2ms/77.0%, 5ms/89.5%, 10ms/94.4%, 20ms/97.2%, 50ms/98.7%, 100ms/99.4%
[185.678s][info][gc,marking  ] GC(346) Mark: 1 stripe(s), 2 proactive flush(es), 1 terminate flush(es), 1 completion(s), 0 continuation(s) 
[185.678s][info][gc,nmethod  ] GC(346) NMethods: 1484 registered, 0 unregistered
[185.678s][info][gc,metaspace] GC(346) Metaspace: 4M used, 4M capacity, 4M committed, 1032M reserved
[185.678s][info][gc,ref      ] GC(346) Soft: 261 encountered, 0 discovered, 0 enqueued
[185.678s][info][gc,ref      ] GC(346) Weak: 280 encountered, 229 discovered, 0 enqueued
[185.678s][info][gc,ref      ] GC(346) Final: 1 encountered, 0 discovered, 0 enqueued
[185.678s][info][gc,ref      ] GC(346) Phantom: 39 encountered, 30 discovered, 0 enqueued
[185.678s][info][gc,reloc    ] GC(346) Small Pages: 1450 / 2900M(100%), Empty: 2834M(97%), Compacting: 32M(1%)->10M(0%)
[185.678s][info][gc,reloc    ] GC(346) Medium Pages: 0 / 0M(0%), Empty: 0M(0%), Compacting: 0M(0%)->0M(0%)
[185.678s][info][gc,reloc    ] GC(346) Large Pages: 1 / 8M(0%), Empty: 0M(0%), Compacting: 0M(0%)->0M(0%)
[185.678s][info][gc,reloc    ] GC(346) Relocation: Successful
[185.678s][info][gc,heap     ] GC(346) Min Capacity: 42M(1%)
[185.678s][info][gc,heap     ] GC(346) Max Capacity: 4060M(100%)
[185.678s][info][gc,heap     ] GC(346) Soft Max Capacity: 4060M(100%)
[185.678s][info][gc,heap     ] GC(346)                Mark Start          Mark End        Relocate Start      Relocate End           High               Low         
[185.678s][info][gc,heap     ] GC(346)  Capacity:     3220M (79%)        3220M (79%)        3220M (79%)        3220M (79%)        3220M (79%)        3220M (79%)    
[185.678s][info][gc,heap     ] GC(346)   Reserve:       42M (1%)           42M (1%)           42M (1%)           42M (1%)           42M (1%)           42M (1%)     
[185.678s][info][gc,heap     ] GC(346)      Free:     1110M (27%)         968M (24%)        3784M (93%)        3778M (93%)        3794M (93%)         960M (24%)    
[185.678s][info][gc,heap     ] GC(346)      Used:     2908M (72%)        3050M (75%)         234M (6%)          240M (6%)         3058M (75%)         224M (6%)     
[185.678s][info][gc,heap     ] GC(346)      Live:         -                45M (1%)           45M (1%)           45M (1%)             -                  -          
[185.678s][info][gc,heap     ] GC(346) Allocated:         -               142M (3%)          160M (4%)          198M (5%)             -                  -          
[185.678s][info][gc,heap     ] GC(346)   Garbage:         -              2862M (70%)          28M (1%)            8M (0%)             -                  -          
[185.678s][info][gc,heap     ] GC(346) Reclaimed:         -                  -              2834M (70%)        2854M (70%)            -                  -          
[185.678s][info][gc          ] GC(346) Garbage Collection (Allocation Rate) 2908M(72%)->240M(6%)
[186.239s][info][gc,start    ] GC(347) Garbage Collection (Allocation Rate)
[186.239s][info][gc,phases   ] GC(347) Pause Mark Start 0.102ms
[186.273s][info][gc,phases   ] GC(347) Concurrent Mark 33.545ms
[186.273s][info][gc,phases   ] GC(347) Pause Mark End 0.278ms
[186.274s][info][gc,phases   ] GC(347) Concurrent Process Non-Strong References 1.545ms
[186.274s][info][gc,phases   ] GC(347) Concurrent Reset Relocation Set 0.033ms
[186.276s][info][gc,phases   ] GC(347) Concurrent Select Relocation Set 1.515ms
[186.276s][info][gc,phases   ] GC(347) Pause Relocate Start 0.098ms
[186.277s][info][gc,phases   ] GC(347) Concurrent Relocate 0.801ms
[186.277s][info][gc,load     ] GC(347) Load: 0.00/0.00/0.00
[186.277s][info][gc,mmu      ] GC(347) MMU: 2ms/77.0%, 5ms/89.5%, 10ms/94.4%, 20ms/97.2%, 50ms/98.7%, 100ms/99.4%
[186.277s][info][gc,marking  ] GC(347) Mark: 1 stripe(s), 2 proactive flush(es), 1 terminate flush(es), 1 completion(s), 0 continuation(s) 
[186.277s][info][gc,nmethod  ] GC(347) NMethods: 1484 registered, 0 unregistered
[186.277s][info][gc,metaspace] GC(347) Metaspace: 4M used, 4M capacity, 4M committed, 1032M reserved
[186.277s][info][gc,ref      ] GC(347) Soft: 261 encountered, 0 discovered, 0 enqueued
[186.277s][info][gc,ref      ] GC(347) Weak: 280 encountered, 229 discovered, 0 enqueued
[186.277s][info][gc,ref      ] GC(347) Final: 1 encountered, 0 discovered, 0 enqueued
[186.277s][info][gc,ref      ] GC(347) Phantom: 39 encountered, 30 discovered, 0 enqueued
[186.277s][info][gc,reloc    ] GC(347) Small Pages: 1465 / 2930M(100%), Empty: 2868M(98%), Compacting: 8M(0%)->2M(0%)
[186.277s][info][gc,reloc    ] GC(347) Medium Pages: 0 / 0M(0%), Empty: 0M(0%), Compacting: 0M(0%)->0M(0%)
[186.277s][info][gc,reloc    ] GC(347) Large Pages: 1 / 8M(0%), Empty: 0M(0%), Compacting: 0M(0%)->0M(0%)
[186.277s][info][gc,reloc    ] GC(347) Relocation: Successful
[186.277s][info][gc,heap     ] GC(347) Min Capacity: 42M(1%)
[186.277s][info][gc,heap     ] GC(347) Max Capacity: 4060M(100%)
[186.277s][info][gc,heap     ] GC(347) Soft Max Capacity: 4060M(100%)
[186.277s][info][gc,heap     ] GC(347)                Mark Start          Mark End        Relocate Start      Relocate End           High               Low         
[186.277s][info][gc,heap     ] GC(347)  Capacity:     3220M (79%)        3220M (79%)        3220M (79%)        3220M (79%)        3220M (79%)        3220M (79%)    
[186.277s][info][gc,heap     ] GC(347)   Reserve:       42M (1%)           42M (1%)           42M (1%)           42M (1%)           42M (1%)           42M (1%)     
[186.277s][info][gc,heap     ] GC(347)      Free:     1080M (27%)         920M (23%)        3772M (93%)        3774M (93%)        3780M (93%)         912M (22%)    
[186.277s][info][gc,heap     ] GC(347)      Used:     2938M (72%)        3098M (76%)         246M (6%)          244M (6%)         3106M (77%)         238M (6%)     
[186.277s][info][gc,heap     ] GC(347)      Live:         -                56M (1%)           56M (1%)           56M (1%)             -                  -          
[186.277s][info][gc,heap     ] GC(347) Allocated:         -               160M (4%)          176M (4%)          182M (4%)             -                  -          
[186.277s][info][gc,heap     ] GC(347)   Garbage:         -              2881M (71%)          13M (0%)            9M (0%)             -                  -          
[186.277s][info][gc,heap     ] GC(347) Reclaimed:         -                  -              2868M (71%)        2872M (71%)            -                  -          
[186.277s][info][gc          ] GC(347) Garbage Collection (Allocation Rate) 2938M(72%)->244M(6%)
[186.838s][info][gc,start    ] GC(348) Garbage Collection (Allocation Rate)
[186.838s][info][gc,phases   ] GC(348) Pause Mark Start 0.060ms
[186.875s][info][gc,phases   ] GC(348) Concurrent Mark 36.416ms
[186.875s][info][gc,phases   ] GC(348) Pause Mark End 0.298ms
[186.877s][info][gc,phases   ] GC(348) Concurrent Process Non-Strong References 1.580ms
[186.877s][info][gc,phases   ] GC(348) Concurrent Reset Relocation Set 0.025ms
[186.879s][info][gc,phases   ] GC(348) Concurrent Select Relocation Set 1.543ms
[186.879s][info][gc,phases   ] GC(348) Pause Relocate Start 0.073ms
[186.880s][info][gc,phases   ] GC(348) Concurrent Relocate 0.861ms
[186.880s][info][gc,load     ] GC(348) Load: 0.00/0.00/0.00
[186.880s][info][gc,mmu      ] GC(348) MMU: 2ms/77.0%, 5ms/89.5%, 10ms/94.4%, 20ms/97.2%, 50ms/98.7%, 100ms/99.4%
[186.880s][info][gc,marking  ] GC(348) Mark: 1 stripe(s), 2 proactive flush(es), 1 terminate flush(es), 1 completion(s), 0 continuation(s) 
[186.880s][info][gc,nmethod  ] GC(348) NMethods: 1484 registered, 0 unregistered
[186.880s][info][gc,metaspace] GC(348) Metaspace: 4M used, 4M capacity, 4M committed, 1032M reserved
[186.880s][info][gc,ref      ] GC(348) Soft: 261 encountered, 0 discovered, 0 enqueued
[186.880s][info][gc,ref      ] GC(348) Weak: 280 encountered, 229 discovered, 0 enqueued
[186.880s][info][gc,ref      ] GC(348) Final: 1 encountered, 0 discovered, 0 enqueued
[186.880s][info][gc,ref      ] GC(348) Phantom: 39 encountered, 30 discovered, 0 enqueued
[186.880s][info][gc,reloc    ] GC(348) Small Pages: 1465 / 2930M(100%), Empty: 2858M(97%), Compacting: 10M(0%)->2M(0%)
[186.880s][info][gc,reloc    ] GC(348) Medium Pages: 0 / 0M(0%), Empty: 0M(0%), Compacting: 0M(0%)->0M(0%)
[186.880s][info][gc,reloc    ] GC(348) Large Pages: 1 / 8M(0%), Empty: 0M(0%), Compacting: 0M(0%)->0M(0%)
[186.880s][info][gc,reloc    ] GC(348) Relocation: Successful
[186.880s][info][gc,heap     ] GC(348) Min Capacity: 42M(1%)
[186.880s][info][gc,heap     ] GC(348) Max Capacity: 4060M(100%)
[186.880s][info][gc,heap     ] GC(348) Soft Max Capacity: 4060M(100%)
[186.880s][info][gc,heap     ] GC(348)                Mark Start          Mark End        Relocate Start      Relocate End           High               Low         
[186.880s][info][gc,heap     ] GC(348)  Capacity:     3220M (79%)        3220M (79%)        3220M (79%)        3220M (79%)        3220M (79%)        3220M (79%)    
[186.880s][info][gc,heap     ] GC(348)   Reserve:       42M (1%)           42M (1%)           42M (1%)           42M (1%)           42M (1%)           42M (1%)     
[186.880s][info][gc,heap     ] GC(348)      Free:     1080M (27%)         904M (22%)        3748M (92%)        3750M (92%)        3752M (92%)         896M (22%)    
[186.880s][info][gc,heap     ] GC(348)      Used:     2938M (72%)        3114M (77%)         270M (7%)          268M (7%)         3122M (77%)         266M (7%)     
[186.880s][info][gc,heap     ] GC(348)      Live:         -                63M (2%)           63M (2%)           63M (2%)             -                  -          
[186.880s][info][gc,heap     ] GC(348) Allocated:         -               176M (4%)          190M (5%)          198M (5%)             -                  -          
[186.880s][info][gc,heap     ] GC(348)   Garbage:         -              2874M (71%)          16M (0%)           10M (0%)             -                  -          
[186.880s][info][gc,heap     ] GC(348) Reclaimed:         -                  -              2858M (70%)        2864M (71%)            -                  -          
[186.880s][info][gc          ] GC(348) Garbage Collection (Allocation Rate) 2938M(72%)->268M(7%)
[187.437s][info][gc,start    ] GC(349) Garbage Collection (Allocation Rate)
[187.438s][info][gc,phases   ] GC(349) Pause Mark Start 0.058ms
[187.478s][info][gc,phases   ] GC(349) Concurrent Mark 40.524ms
[187.478s][info][gc,phases   ] GC(349) Pause Mark End 0.252ms
[187.480s][info][gc,phases   ] GC(349) Concurrent Process Non-Strong References 1.555ms
[187.480s][info][gc,phases   ] GC(349) Concurrent Reset Relocation Set 0.027ms
[187.482s][info][gc,phases   ] GC(349) Concurrent Select Relocation Set 1.775ms
[187.482s][info][gc,phases   ] GC(349) Pause Relocate Start 0.053ms
[187.486s][info][gc,phases   ] GC(349) Concurrent Relocate 3.537ms
[187.486s][info][gc,load     ] GC(349) Load: 0.00/0.00/0.00
[187.486s][info][gc,mmu      ] GC(349) MMU: 2ms/77.0%, 5ms/89.5%, 10ms/94.4%, 20ms/97.2%, 50ms/98.7%, 100ms/99.4%
[187.486s][info][gc,marking  ] GC(349) Mark: 1 stripe(s), 2 proactive flush(es), 1 terminate flush(es), 1 completion(s), 0 continuation(s) 
[187.486s][info][gc,nmethod  ] GC(349) NMethods: 1484 registered, 0 unregistered
[187.486s][info][gc,metaspace] GC(349) Metaspace: 4M used, 4M capacity, 4M committed, 1032M reserved
[187.486s][info][gc,ref      ] GC(349) Soft: 261 encountered, 0 discovered, 0 enqueued
[187.486s][info][gc,ref      ] GC(349) Weak: 280 encountered, 229 discovered, 0 enqueued
[187.486s][info][gc,ref      ] GC(349) Final: 1 encountered, 0 discovered, 0 enqueued
[187.486s][info][gc,ref      ] GC(349) Phantom: 39 encountered, 30 discovered, 0 enqueued
[187.486s][info][gc,reloc    ] GC(349) Small Pages: 1474 / 2948M(100%), Empty: 2856M(97%), Compacting: 24M(1%)->6M(0%)
[187.486s][info][gc,reloc    ] GC(349) Medium Pages: 0 / 0M(0%), Empty: 0M(0%), Compacting: 0M(0%)->0M(0%)
[187.486s][info][gc,reloc    ] GC(349) Large Pages: 1 / 8M(0%), Empty: 0M(0%), Compacting: 0M(0%)->0M(0%)
[187.486s][info][gc,reloc    ] GC(349) Relocation: Successful
[187.486s][info][gc,heap     ] GC(349) Min Capacity: 42M(1%)
[187.486s][info][gc,heap     ] GC(349) Max Capacity: 4060M(100%)
[187.486s][info][gc,heap     ] GC(349) Soft Max Capacity: 4060M(100%)
[187.486s][info][gc,heap     ] GC(349)                Mark Start          Mark End        Relocate Start      Relocate End           High               Low         
[187.486s][info][gc,heap     ] GC(349)  Capacity:     3220M (79%)        3220M (79%)        3220M (79%)        3220M (79%)        3220M (79%)        3220M (79%)    
[187.486s][info][gc,heap     ] GC(349)   Reserve:       42M (1%)           42M (1%)           42M (1%)           42M (1%)           42M (1%)           42M (1%)     
[187.486s][info][gc,heap     ] GC(349)      Free:     1062M (26%)         870M (21%)        3712M (91%)        3710M (91%)        3720M (92%)         864M (21%)    
[187.486s][info][gc,heap     ] GC(349)      Used:     2956M (73%)        3148M (78%)         306M (8%)          308M (8%)         3154M (78%)         298M (7%)     
[187.486s][info][gc,heap     ] GC(349)      Live:         -                71M (2%)           71M (2%)           71M (2%)             -                  -          
[187.486s][info][gc,heap     ] GC(349) Allocated:         -               192M (5%)          206M (5%)          232M (6%)             -                  -          
[187.486s][info][gc,heap     ] GC(349)   Garbage:         -              2884M (71%)          28M (1%)           14M (0%)             -                  -          
[187.486s][info][gc,heap     ] GC(349) Reclaimed:         -                  -              2856M (70%)        2870M (71%)            -                  -          
[187.486s][info][gc          ] GC(349) Garbage Collection (Allocation Rate) 2956M(73%)->308M(8%)
[188.038s][info][gc,start    ] GC(350) Garbage Collection (Allocation Rate)
[188.038s][info][gc,phases   ] GC(350) Pause Mark Start 0.089ms
[188.078s][info][gc,phases   ] GC(350) Concurrent Mark 39.728ms
[188.079s][info][gc,phases   ] GC(350) Pause Mark End 0.237ms
[188.080s][info][gc,phases   ] GC(350) Concurrent Process Non-Strong References 1.552ms
[188.080s][info][gc,phases   ] GC(350) Concurrent Reset Relocation Set 0.028ms
[188.082s][info][gc,phases   ] GC(350) Concurrent Select Relocation Set 1.663ms
[188.082s][info][gc,phases   ] GC(350) Pause Relocate Start 0.063ms
[188.088s][info][gc,phases   ] GC(350) Concurrent Relocate 5.916ms
[188.088s][info][gc,load     ] GC(350) Load: 0.00/0.00/0.00
[188.088s][info][gc,mmu      ] GC(350) MMU: 2ms/77.0%, 5ms/89.5%, 10ms/94.4%, 20ms/97.2%, 50ms/98.7%, 100ms/99.4%
[188.088s][info][gc,marking  ] GC(350) Mark: 1 stripe(s), 2 proactive flush(es), 1 terminate flush(es), 1 completion(s), 0 continuation(s) 
[188.088s][info][gc,nmethod  ] GC(350) NMethods: 1484 registered, 0 unregistered
[188.088s][info][gc,metaspace] GC(350) Metaspace: 4M used, 4M capacity, 4M committed, 1032M reserved
[188.088s][info][gc,ref      ] GC(350) Soft: 261 encountered, 0 discovered, 0 enqueued
[188.088s][info][gc,ref      ] GC(350) Weak: 280 encountered, 229 discovered, 0 enqueued
[188.088s][info][gc,ref      ] GC(350) Final: 1 encountered, 0 discovered, 0 enqueued
[188.088s][info][gc,ref      ] GC(350) Phantom: 39 encountered, 30 discovered, 0 enqueued
[188.088s][info][gc,reloc    ] GC(350) Small Pages: 1474 / 2948M(100%), Empty: 2848M(96%), Compacting: 36M(1%)->10M(0%)
[188.088s][info][gc,reloc    ] GC(350) Medium Pages: 0 / 0M(0%), Empty: 0M(0%), Compacting: 0M(0%)->0M(0%)
[188.088s][info][gc,reloc    ] GC(350) Large Pages: 1 / 8M(0%), Empty: 0M(0%), Compacting: 0M(0%)->0M(0%)
[188.088s][info][gc,reloc    ] GC(350) Relocation: Successful
[188.088s][info][gc,heap     ] GC(350) Min Capacity: 42M(1%)
[188.088s][info][gc,heap     ] GC(350) Max Capacity: 4060M(100%)
[188.088s][info][gc,heap     ] GC(350) Soft Max Capacity: 4060M(100%)
[188.088s][info][gc,heap     ] GC(350)                Mark Start          Mark End        Relocate Start      Relocate End           High               Low         
[188.088s][info][gc,heap     ] GC(350)  Capacity:     3220M (79%)        3220M (79%)        3220M (79%)        3220M (79%)        3220M (79%)        3220M (79%)    
[188.088s][info][gc,heap     ] GC(350)   Reserve:       42M (1%)           42M (1%)           42M (1%)           42M (1%)           42M (1%)           42M (1%)     
[188.088s][info][gc,heap     ] GC(350)      Free:     1062M (26%)         872M (21%)        3704M (91%)        3702M (91%)        3712M (91%)         864M (21%)    
[188.088s][info][gc,heap     ] GC(350)      Used:     2956M (73%)        3146M (77%)         314M (8%)          316M (8%)         3154M (78%)         306M (8%)     
[188.088s][info][gc,heap     ] GC(350)      Live:         -                70M (2%)           70M (2%)           70M (2%)             -                  -          
[188.088s][info][gc,heap     ] GC(350) Allocated:         -               190M (5%)          206M (5%)          244M (6%)             -                  -          
[188.088s][info][gc,heap     ] GC(350)   Garbage:         -              2885M (71%)          37M (1%)           13M (0%)             -                  -          
[188.088s][info][gc,heap     ] GC(350) Reclaimed:         -                  -              2848M (70%)        2872M (71%)            -                  -          
[188.088s][info][gc          ] GC(350) Garbage Collection (Allocation Rate) 2956M(73%)->316M(8%)
[188.639s][info][gc,start    ] GC(351) Garbage Collection (Allocation Rate)
[188.639s][info][gc,phases   ] GC(351) Pause Mark Start 0.060ms
[188.678s][info][gc,phases   ] GC(351) Concurrent Mark 39.040ms
[188.678s][info][gc,phases   ] GC(351) Pause Mark End 0.223ms
[188.680s][info][gc,phases   ] GC(351) Concurrent Process Non-Strong References 1.575ms
[188.680s][info][gc,phases   ] GC(351) Concurrent Reset Relocation Set 0.040ms
[188.682s][info][gc,phases   ] GC(351) Concurrent Select Relocation Set 2.410ms
[188.683s][info][gc,phases   ] GC(351) Pause Relocate Start 0.062ms
[188.684s][info][gc,phases   ] GC(351) Concurrent Relocate 1.059ms
[188.684s][info][gc,load     ] GC(351) Load: 0.00/0.00/0.00
[188.684s][info][gc,mmu      ] GC(351) MMU: 2ms/77.0%, 5ms/89.5%, 10ms/94.4%, 20ms/97.2%, 50ms/98.7%, 100ms/99.4%
[188.684s][info][gc,marking  ] GC(351) Mark: 1 stripe(s), 2 proactive flush(es), 1 terminate flush(es), 1 completion(s), 0 continuation(s) 
[188.684s][info][gc,nmethod  ] GC(351) NMethods: 1484 registered, 0 unregistered
[188.684s][info][gc,metaspace] GC(351) Metaspace: 4M used, 4M capacity, 4M committed, 1032M reserved
[188.684s][info][gc,ref      ] GC(351) Soft: 261 encountered, 0 discovered, 0 enqueued
[188.684s][info][gc,ref      ] GC(351) Weak: 280 encountered, 229 discovered, 0 enqueued
[188.684s][info][gc,ref      ] GC(351) Final: 1 encountered, 0 discovered, 0 enqueued
[188.684s][info][gc,ref      ] GC(351) Phantom: 39 encountered, 30 discovered, 0 enqueued
[188.684s][info][gc,reloc    ] GC(351) Small Pages: 1459 / 2918M(100%), Empty: 2840M(97%), Compacting: 10M(0%)->2M(0%)
[188.684s][info][gc,reloc    ] GC(351) Medium Pages: 0 / 0M(0%), Empty: 0M(0%), Compacting: 0M(0%)->0M(0%)
[188.684s][info][gc,reloc    ] GC(351) Large Pages: 1 / 8M(0%), Empty: 0M(0%), Compacting: 0M(0%)->0M(0%)
[188.684s][info][gc,reloc    ] GC(351) Relocation: Successful
[188.684s][info][gc,heap     ] GC(351) Min Capacity: 42M(1%)
[188.684s][info][gc,heap     ] GC(351) Max Capacity: 4060M(100%)
[188.684s][info][gc,heap     ] GC(351) Soft Max Capacity: 4060M(100%)
[188.684s][info][gc,heap     ] GC(351)                Mark Start          Mark End        Relocate Start      Relocate End           High               Low         
[188.684s][info][gc,heap     ] GC(351)  Capacity:     3220M (79%)        3220M (79%)        3220M (79%)        3220M (79%)        3220M (79%)        3220M (79%)    
[188.684s][info][gc,heap     ] GC(351)   Reserve:       42M (1%)           42M (1%)           42M (1%)           42M (1%)           42M (1%)           42M (1%)     
[188.684s][info][gc,heap     ] GC(351)      Free:     1092M (27%)         904M (22%)        3730M (92%)        3734M (92%)        3738M (92%)         898M (22%)    
[188.684s][info][gc,heap     ] GC(351)      Used:     2926M (72%)        3114M (77%)         288M (7%)          284M (7%)         3120M (77%)         280M (7%)     
[188.684s][info][gc,heap     ] GC(351)      Live:         -                68M (2%)           68M (2%)           68M (2%)             -                  -          
[188.684s][info][gc,heap     ] GC(351) Allocated:         -               188M (5%)          202M (5%)          208M (5%)             -                  -          
[188.684s][info][gc,heap     ] GC(351)   Garbage:         -              2857M (70%)          17M (0%)           11M (0%)             -                  -          
[188.684s][info][gc,heap     ] GC(351) Reclaimed:         -                  -              2840M (70%)        2846M (70%)            -                  -          
[188.684s][info][gc          ] GC(351) Garbage Collection (Allocation Rate) 2926M(72%)->284M(7%)
[189.238s][info][gc,start    ] GC(352) Garbage Collection (Allocation Rate)
[189.238s][info][gc,phases   ] GC(352) Pause Mark Start 0.066ms
[189.271s][info][gc,phases   ] GC(352) Concurrent Mark 32.675ms
[189.272s][info][gc,phases   ] GC(352) Pause Mark End 0.255ms
[189.273s][info][gc,phases   ] GC(352) Concurrent Process Non-Strong References 1.549ms
[189.273s][info][gc,phases   ] GC(352) Concurrent Reset Relocation Set 0.027ms
[189.275s][info][gc,phases   ] GC(352) Concurrent Select Relocation Set 1.922ms
[189.275s][info][gc,phases   ] GC(352) Pause Relocate Start 0.060ms
[189.276s][info][gc,phases   ] GC(352) Concurrent Relocate 0.741ms
[189.276s][info][gc,load     ] GC(352) Load: 0.00/0.00/0.00
[189.276s][info][gc,mmu      ] GC(352) MMU: 2ms/77.0%, 5ms/89.5%, 10ms/94.4%, 20ms/97.2%, 50ms/98.7%, 100ms/99.4%
[189.276s][info][gc,marking  ] GC(352) Mark: 1 stripe(s), 2 proactive flush(es), 1 terminate flush(es), 1 completion(s), 0 continuation(s) 
[189.276s][info][gc,nmethod  ] GC(352) NMethods: 1484 registered, 0 unregistered
[189.276s][info][gc,metaspace] GC(352) Metaspace: 4M used, 4M capacity, 4M committed, 1032M reserved
[189.276s][info][gc,ref      ] GC(352) Soft: 261 encountered, 0 discovered, 0 enqueued
[189.276s][info][gc,ref      ] GC(352) Weak: 280 encountered, 229 discovered, 0 enqueued
[189.276s][info][gc,ref      ] GC(352) Final: 1 encountered, 0 discovered, 0 enqueued
[189.276s][info][gc,ref      ] GC(352) Phantom: 39 encountered, 30 discovered, 0 enqueued
[189.276s][info][gc,reloc    ] GC(352) Small Pages: 1459 / 2918M(100%), Empty: 2858M(98%), Compacting: 8M(0%)->2M(0%)
[189.276s][info][gc,reloc    ] GC(352) Medium Pages: 0 / 0M(0%), Empty: 0M(0%), Compacting: 0M(0%)->0M(0%)
[189.276s][info][gc,reloc    ] GC(352) Large Pages: 1 / 8M(0%), Empty: 0M(0%), Compacting: 0M(0%)->0M(0%)
[189.276s][info][gc,reloc    ] GC(352) Relocation: Successful
[189.276s][info][gc,heap     ] GC(352) Min Capacity: 42M(1%)
[189.276s][info][gc,heap     ] GC(352) Max Capacity: 4060M(100%)
[189.276s][info][gc,heap     ] GC(352) Soft Max Capacity: 4060M(100%)
[189.276s][info][gc,heap     ] GC(352)                Mark Start          Mark End        Relocate Start      Relocate End           High               Low         
[189.276s][info][gc,heap     ] GC(352)  Capacity:     3220M (79%)        3220M (79%)        3220M (79%)        3220M (79%)        3220M (79%)        3220M (79%)    
[189.276s][info][gc,heap     ] GC(352)   Reserve:       42M (1%)           42M (1%)           42M (1%)           42M (1%)           42M (1%)           42M (1%)     
[189.276s][info][gc,heap     ] GC(352)      Free:     1092M (27%)         934M (23%)        3780M (93%)        3780M (93%)        3784M (93%)         926M (23%)    
[189.276s][info][gc,heap     ] GC(352)      Used:     2926M (72%)        3084M (76%)         238M (6%)          238M (6%)         3092M (76%)         234M (6%)     
[189.276s][info][gc,heap     ] GC(352)      Live:         -                54M (1%)           54M (1%)           54M (1%)             -                  -          
[189.276s][info][gc,heap     ] GC(352) Allocated:         -               158M (4%)          170M (4%)          178M (4%)             -                  -          
[189.276s][info][gc,heap     ] GC(352)   Garbage:         -              2871M (71%)          13M (0%)           11M (0%)             -                  -          
[189.276s][info][gc,heap     ] GC(352) Reclaimed:         -                  -              2858M (70%)        2860M (70%)            -                  -          
[189.276s][info][gc          ] GC(352) Garbage Collection (Allocation Rate) 2926M(72%)->238M(6%)
[189.838s][info][gc,start    ] GC(353) Garbage Collection (Allocation Rate)
[189.839s][info][gc,phases   ] GC(353) Pause Mark Start 0.072ms
[189.878s][info][gc,phases   ] GC(353) Concurrent Mark 39.640ms
[189.879s][info][gc,phases   ] GC(353) Pause Mark End 0.217ms
[189.880s][info][gc,phases   ] GC(353) Concurrent Process Non-Strong References 1.505ms
[189.880s][info][gc,phases   ] GC(353) Concurrent Reset Relocation Set 0.026ms
[189.882s][info][gc,phases   ] GC(353) Concurrent Select Relocation Set 1.477ms
[189.882s][info][gc,phases   ] GC(353) Pause Relocate Start 0.062ms
[189.883s][info][gc,phases   ] GC(353) Concurrent Relocate 0.628ms
[189.883s][info][gc,load     ] GC(353) Load: 0.00/0.00/0.00
[189.883s][info][gc,mmu      ] GC(353) MMU: 2ms/77.0%, 5ms/89.5%, 10ms/94.4%, 20ms/97.2%, 50ms/98.7%, 100ms/99.4%
[189.883s][info][gc,marking  ] GC(353) Mark: 1 stripe(s), 2 proactive flush(es), 1 terminate flush(es), 1 completion(s), 0 continuation(s) 
[189.883s][info][gc,nmethod  ] GC(353) NMethods: 1484 registered, 0 unregistered
[189.883s][info][gc,metaspace] GC(353) Metaspace: 4M used, 4M capacity, 4M committed, 1032M reserved
[189.883s][info][gc,ref      ] GC(353) Soft: 261 encountered, 0 discovered, 0 enqueued
[189.883s][info][gc,ref      ] GC(353) Weak: 280 encountered, 229 discovered, 0 enqueued
[189.883s][info][gc,ref      ] GC(353) Final: 1 encountered, 0 discovered, 0 enqueued
[189.883s][info][gc,ref      ] GC(353) Phantom: 39 encountered, 30 discovered, 0 enqueued
[189.883s][info][gc,reloc    ] GC(353) Small Pages: 1469 / 2938M(100%), Empty: 2858M(97%), Compacting: 8M(0%)->2M(0%)
[189.883s][info][gc,reloc    ] GC(353) Medium Pages: 0 / 0M(0%), Empty: 0M(0%), Compacting: 0M(0%)->0M(0%)
[189.883s][info][gc,reloc    ] GC(353) Large Pages: 1 / 8M(0%), Empty: 0M(0%), Compacting: 0M(0%)->0M(0%)
[189.883s][info][gc,reloc    ] GC(353) Relocation: Successful
[189.883s][info][gc,heap     ] GC(353) Min Capacity: 42M(1%)
[189.883s][info][gc,heap     ] GC(353) Max Capacity: 4060M(100%)
[189.883s][info][gc,heap     ] GC(353) Soft Max Capacity: 4060M(100%)
[189.883s][info][gc,heap     ] GC(353)                Mark Start          Mark End        Relocate Start      Relocate End           High               Low         
[189.883s][info][gc,heap     ] GC(353)  Capacity:     3220M (79%)        3220M (79%)        3220M (79%)        3220M (79%)        3220M (79%)        3220M (79%)    
[189.883s][info][gc,heap     ] GC(353)   Reserve:       42M (1%)           42M (1%)           42M (1%)           42M (1%)           42M (1%)           42M (1%)     
[189.883s][info][gc,heap     ] GC(353)      Free:     1072M (26%)         882M (22%)        3724M (92%)        3726M (92%)        3732M (92%)         874M (22%)    
[189.883s][info][gc,heap     ] GC(353)      Used:     2946M (73%)        3136M (77%)         294M (7%)          292M (7%)         3144M (77%)         286M (7%)     
[189.883s][info][gc,heap     ] GC(353)      Live:         -                70M (2%)           70M (2%)           70M (2%)             -                  -          
[189.883s][info][gc,heap     ] GC(353) Allocated:         -               190M (5%)          206M (5%)          212M (5%)             -                  -          
[189.883s][info][gc,heap     ] GC(353)   Garbage:         -              2875M (71%)          17M (0%)           13M (0%)             -                  -          
[189.883s][info][gc,heap     ] GC(353) Reclaimed:         -                  -              2858M (70%)        2862M (70%)            -                  -          
[189.883s][info][gc          ] GC(353) Garbage Collection (Allocation Rate) 2946M(73%)->292M(7%)
[190.038s][info][gc,stats    ] === Garbage Collection Statistics =======================================================================================================================
[190.038s][info][gc,stats    ]                                                              Last 10s              Last 10m              Last 10h                Total
[190.038s][info][gc,stats    ]                                                              Avg / Max             Avg / Max             Avg / Max             Avg / Max
[190.038s][info][gc,stats    ]   Collector: Garbage Collection Cycle                     56.189 / 86.216       61.274 / 153.808      61.274 / 153.808      61.274 / 153.808     ms
[190.038s][info][gc,stats    ]  Contention: Mark Segment Reset Contention                     0 / 0                 0 / 0                 0 / 0                 0 / 0           ops/s
[190.038s][info][gc,stats    ]  Contention: Mark SeqNum Reset Contention                      0 / 0                 0 / 0                 0 / 0                 0 / 0           ops/s
[190.038s][info][gc,stats    ]  Contention: Relocation Contention                             0 / 0                 0 / 2                 0 / 2                 0 / 2           ops/s
[190.038s][info][gc,stats    ]    Critical: Allocation Stall                              0.000 / 0.000         0.000 / 0.000         0.000 / 0.000         0.000 / 0.000       ms
[190.038s][info][gc,stats    ]    Critical: Allocation Stall                                  0 / 0                 0 / 0                 0 / 0                 0 / 0           ops/s
[190.038s][info][gc,stats    ]    Critical: GC Locker Stall                               0.000 / 0.000         0.000 / 0.000         0.000 / 0.000         0.000 / 0.000       ms
[190.038s][info][gc,stats    ]    Critical: GC Locker Stall                                   0 / 0                 0 / 0                 0 / 0                 0 / 0           ops/s
[190.038s][info][gc,stats    ]      Memory: Allocation Rate                                4708 / 4802           4631 / 4810           4631 / 4810           4631 / 4810        MB/s
[190.038s][info][gc,stats    ]      Memory: Heap Used After Mark                           2853 / 3148           2722 / 3174           2722 / 3174           2722 / 3174        MB
[190.038s][info][gc,stats    ]      Memory: Heap Used After Relocation                      322 / 426             332 / 476             332 / 476             332 / 476         MB
[190.038s][info][gc,stats    ]      Memory: Heap Used Before Mark                          2681 / 2956           2552 / 2998           2552 / 2998           2552 / 2998        MB
[190.038s][info][gc,stats    ]      Memory: Heap Used Before Relocation                     305 / 374             311 / 384             311 / 384             311 / 384         MB
[190.038s][info][gc,stats    ]      Memory: Out Of Memory                                     0 / 0                 0 / 0                 0 / 0                 0 / 0           ops/s
[190.038s][info][gc,stats    ]      Memory: Page Cache Flush                                  0 / 0                 0 / 0                 0 / 0                 0 / 0           MB/s
[190.038s][info][gc,stats    ]      Memory: Page Cache Hit L1                              2375 / 2437           2330 / 2439           2330 / 2439           2330 / 2439        ops/s
[190.038s][info][gc,stats    ]      Memory: Page Cache Hit L2                                 0 / 0                 0 / 0                 0 / 0                 0 / 0           ops/s
[190.038s][info][gc,stats    ]      Memory: Page Cache Hit L3                                 0 / 0                 0 / 103               0 / 103               0 / 103         ops/s
[190.038s][info][gc,stats    ]      Memory: Page Cache Miss                                   0 / 0                 0 / 0                 0 / 0                 0 / 0           ops/s
[190.038s][info][gc,stats    ]      Memory: Uncommit                                          0 / 0                 0 / 0                 0 / 0                 0 / 0           MB/s
[190.038s][info][gc,stats    ]      Memory: Undo Object Allocation Failed                     0 / 0                 0 / 0                 0 / 0                 0 / 0           ops/s
[190.038s][info][gc,stats    ]      Memory: Undo Object Allocation Succeeded                  0 / 0                 0 / 2                 0 / 2                 0 / 2           ops/s
[190.038s][info][gc,stats    ]      Memory: Undo Page Allocation                              0 / 0                 0 / 0                 0 / 0                 0 / 0           ops/s
[190.038s][info][gc,stats    ]       Phase: Concurrent Mark                              36.855 / 43.696       39.214 / 106.230      39.214 / 106.230      39.214 / 106.230     ms
[190.038s][info][gc,stats    ]       Phase: Concurrent Mark Continue                      0.000 / 0.000         0.000 / 0.000         0.000 / 0.000         0.000 / 0.000       ms
[190.038s][info][gc,stats    ]       Phase: Concurrent Process Non-Strong References      1.587 / 1.721         1.627 / 3.379         1.627 / 3.379         1.627 / 3.379       ms
[190.038s][info][gc,stats    ]       Phase: Concurrent Relocate                          13.732 / 38.527       15.666 / 40.994       15.666 / 40.994       15.666 / 40.994      ms
[190.038s][info][gc,stats    ]       Phase: Concurrent Reset Relocation Set               0.265 / 1.569         0.412 / 1.569         0.412 / 1.569         0.412 / 1.569       ms
[190.038s][info][gc,stats    ]       Phase: Concurrent Select Relocation Set              2.603 / 6.492         3.191 / 7.978         3.191 / 7.978         3.191 / 7.978       ms
[190.038s][info][gc,stats    ]       Phase: Pause Mark End                                0.246 / 0.299         0.257 / 0.459         0.257 / 0.459         0.257 / 0.459       ms
[190.038s][info][gc,stats    ]       Phase: Pause Mark Start                              0.069 / 0.102         0.069 / 0.289         0.069 / 0.289         0.069 / 0.289       ms
[190.038s][info][gc,stats    ]       Phase: Pause Relocate Start                          0.075 / 0.119         0.071 / 0.152         0.071 / 0.152         0.071 / 0.152       ms
[190.038s][info][gc,stats    ]    Subphase: Concurrent Classes Purge                      0.096 / 0.129         0.090 / 0.200         0.090 / 0.200         0.090 / 0.200       ms
[190.038s][info][gc,stats    ]    Subphase: Concurrent Classes Unlink                     1.187 / 1.278         1.210 / 2.988         1.210 / 2.988         1.210 / 2.988       ms
[190.038s][info][gc,stats    ]    Subphase: Concurrent Mark                              36.729 / 43.622       39.080 / 106.127      39.080 / 106.127      39.080 / 106.127     ms
[190.038s][info][gc,stats    ]    Subphase: Concurrent Mark Idle                          0.000 / 0.000         0.000 / 0.000         0.000 / 0.000         0.000 / 0.000       ms
[190.038s][info][gc,stats    ]    Subphase: Concurrent Mark Try Flush                     0.065 / 0.111         0.070 / 0.160         0.070 / 0.160         0.070 / 0.160       ms
[190.038s][info][gc,stats    ]    Subphase: Concurrent Mark Try Terminate                 0.028 / 0.095         0.031 / 0.107         0.031 / 0.107         0.031 / 0.107       ms
[190.038s][info][gc,stats    ]    Subphase: Concurrent References Enqueue                 0.000 / 0.000         0.000 / 0.002         0.000 / 0.002         0.000 / 0.002       ms
[190.038s][info][gc,stats    ]    Subphase: Concurrent References Process                 0.058 / 0.101         0.058 / 0.131         0.058 / 0.131         0.058 / 0.131       ms
[190.038s][info][gc,stats    ]    Subphase: Concurrent Roots                              0.041 / 0.053         0.047 / 0.196         0.047 / 0.196         0.047 / 0.196       ms
[190.038s][info][gc,stats    ]    Subphase: Concurrent Roots ClassLoaderDataGraph         0.037 / 0.049         0.042 / 0.184         0.042 / 0.184         0.042 / 0.184       ms
[190.038s][info][gc,stats    ]    Subphase: Concurrent Roots JNIHandles                   0.002 / 0.002         0.002 / 0.009         0.002 / 0.009         0.002 / 0.009       ms
[190.038s][info][gc,stats    ]    Subphase: Concurrent Roots Setup                        0.002 / 0.003         0.003 / 0.012         0.003 / 0.012         0.003 / 0.012       ms
[190.038s][info][gc,stats    ]    Subphase: Concurrent Roots Teardown                     0.000 / 0.000         0.000 / 0.000         0.000 / 0.000         0.000 / 0.000       ms
[190.038s][info][gc,stats    ]    Subphase: Concurrent Roots VMHandles                    0.002 / 0.002         0.002 / 0.007         0.002 / 0.007         0.002 / 0.007       ms
[190.038s][info][gc,stats    ]    Subphase: Concurrent Weak Roots                         0.146 / 0.175         0.162 / 0.433         0.162 / 0.433         0.162 / 0.433       ms
[190.038s][info][gc,stats    ]    Subphase: Concurrent Weak Roots JNIWeakHandles          0.000 / 0.001         0.000 / 0.001         0.000 / 0.001         0.000 / 0.001       ms
[190.038s][info][gc,stats    ]    Subphase: Concurrent Weak Roots ResolvedMethodTable     0.006 / 0.007         0.006 / 0.018         0.006 / 0.018         0.006 / 0.018       ms
[190.038s][info][gc,stats    ]    Subphase: Concurrent Weak Roots StringTable             0.138 / 0.163         0.152 / 0.416         0.152 / 0.416         0.152 / 0.416       ms
[190.038s][info][gc,stats    ]    Subphase: Concurrent Weak Roots VMWeakHandles           0.002 / 0.003         0.002 / 0.010         0.002 / 0.010         0.002 / 0.010       ms
[190.038s][info][gc,stats    ]    Subphase: Pause Mark Try Complete                       0.135 / 0.146         0.143 / 0.348         0.143 / 0.348         0.143 / 0.348       ms
[190.038s][info][gc,stats    ]    Subphase: Pause Roots                                   0.012 / 0.051         0.013 / 0.246         0.013 / 0.246         0.013 / 0.246       ms
[190.038s][info][gc,stats    ]    Subphase: Pause Roots CodeCache                         0.000 / 0.000         0.000 / 0.000         0.000 / 0.000         0.000 / 0.000       ms
[190.038s][info][gc,stats    ]    Subphase: Pause Roots JVMTIExport                       0.001 / 0.001         0.001 / 0.004         0.001 / 0.004         0.001 / 0.004       ms
[190.038s][info][gc,stats    ]    Subphase: Pause Roots JVMTIWeakExport                   0.001 / 0.001         0.001 / 0.003         0.001 / 0.003         0.001 / 0.003       ms
[190.038s][info][gc,stats    ]    Subphase: Pause Roots Java Threads                      0.019 / 0.050         0.019 / 0.246         0.019 / 0.246         0.019 / 0.246       ms
[190.038s][info][gc,stats    ]    Subphase: Pause Roots Management                        0.001 / 0.002         0.001 / 0.004         0.001 / 0.004         0.001 / 0.004       ms
[190.038s][info][gc,stats    ]    Subphase: Pause Roots ObjectSynchronizer                0.000 / 0.001         0.000 / 0.022         0.000 / 0.022         0.000 / 0.022       ms
[190.038s][info][gc,stats    ]    Subphase: Pause Roots Setup                             0.000 / 0.001         0.000 / 0.002         0.000 / 0.002         0.000 / 0.002       ms
[190.038s][info][gc,stats    ]    Subphase: Pause Roots Teardown                          0.000 / 0.001         0.000 / 0.002         0.000 / 0.002         0.000 / 0.002       ms
[190.038s][info][gc,stats    ]    Subphase: Pause Roots Universe                          0.001 / 0.004         0.001 / 0.015         0.001 / 0.015         0.001 / 0.015       ms
[190.038s][info][gc,stats    ]    Subphase: Pause Roots VM Thread                         0.001 / 0.002         0.001 / 0.003         0.001 / 0.003         0.001 / 0.003       ms
[190.038s][info][gc,stats    ]    Subphase: Pause Weak Roots                              0.003 / 0.015         0.003 / 0.086         0.003 / 0.086         0.003 / 0.086       ms
[190.038s][info][gc,stats    ]    Subphase: Pause Weak Roots JFRWeak                      0.012 / 0.015         0.012 / 0.082         0.012 / 0.082         0.012 / 0.082       ms
[190.038s][info][gc,stats    ]    Subphase: Pause Weak Roots JVMTIWeakExport              0.001 / 0.001         0.001 / 0.006         0.001 / 0.006         0.001 / 0.006       ms
[190.038s][info][gc,stats    ]    Subphase: Pause Weak Roots Setup                        0.000 / 0.000         0.000 / 0.001         0.000 / 0.001         0.000 / 0.001       ms
[190.038s][info][gc,stats    ]    Subphase: Pause Weak Roots Teardown                     0.000 / 0.000         0.000 / 0.000         0.000 / 0.000         0.000 / 0.000       ms
[190.038s][info][gc,stats    ]      System: Java Threads                                     14 / 14               14 / 15               14 / 15               14 / 15          threads
[190.038s][info][gc,stats    ] =========================================================================================================================================================
[190.438s][info][gc,start    ] GC(354) Garbage Collection (Allocation Rate)
[190.438s][info][gc,phases   ] GC(354) Pause Mark Start 0.057ms
[190.475s][info][gc,phases   ] GC(354) Concurrent Mark 36.530ms
[190.475s][info][gc,phases   ] GC(354) Pause Mark End 0.233ms
[190.477s][info][gc,phases   ] GC(354) Concurrent Process Non-Strong References 1.626ms
[190.477s][info][gc,phases   ] GC(354) Concurrent Reset Relocation Set 0.023ms
[190.478s][info][gc,phases   ] GC(354) Concurrent Select Relocation Set 1.542ms
[190.479s][info][gc,phases   ] GC(354) Pause Relocate Start 0.060ms
[190.480s][info][gc,phases   ] GC(354) Concurrent Relocate 0.945ms
[190.480s][info][gc,load     ] GC(354) Load: 0.00/0.00/0.00
[190.480s][info][gc,mmu      ] GC(354) MMU: 2ms/77.0%, 5ms/89.5%, 10ms/94.4%, 20ms/97.2%, 50ms/98.7%, 100ms/99.4%
[190.480s][info][gc,marking  ] GC(354) Mark: 1 stripe(s), 2 proactive flush(es), 1 terminate flush(es), 1 completion(s), 0 continuation(s) 
[190.480s][info][gc,nmethod  ] GC(354) NMethods: 1484 registered, 0 unregistered
[190.480s][info][gc,metaspace] GC(354) Metaspace: 4M used, 4M capacity, 4M committed, 1032M reserved
[190.480s][info][gc,ref      ] GC(354) Soft: 261 encountered, 0 discovered, 0 enqueued
[190.480s][info][gc,ref      ] GC(354) Weak: 280 encountered, 229 discovered, 0 enqueued
[190.480s][info][gc,ref      ] GC(354) Final: 1 encountered, 0 discovered, 0 enqueued
[190.480s][info][gc,ref      ] GC(354) Phantom: 39 encountered, 30 discovered, 0 enqueued
[190.480s][info][gc,reloc    ] GC(354) Small Pages: 1463 / 2926M(100%), Empty: 2856M(97%), Compacting: 10M(0%)->2M(0%)
[190.480s][info][gc,reloc    ] GC(354) Medium Pages: 0 / 0M(0%), Empty: 0M(0%), Compacting: 0M(0%)->0M(0%)
[190.480s][info][gc,reloc    ] GC(354) Large Pages: 1 / 8M(0%), Empty: 0M(0%), Compacting: 0M(0%)->0M(0%)
[190.480s][info][gc,reloc    ] GC(354) Relocation: Successful
[190.480s][info][gc,heap     ] GC(354) Min Capacity: 42M(1%)
[190.480s][info][gc,heap     ] GC(354) Max Capacity: 4060M(100%)
[190.480s][info][gc,heap     ] GC(354) Soft Max Capacity: 4060M(100%)
[190.480s][info][gc,heap     ] GC(354)                Mark Start          Mark End        Relocate Start      Relocate End           High               Low         
[190.480s][info][gc,heap     ] GC(354)  Capacity:     3220M (79%)        3220M (79%)        3220M (79%)        3220M (79%)        3220M (79%)        3220M (79%)    
[190.480s][info][gc,heap     ] GC(354)   Reserve:       42M (1%)           42M (1%)           42M (1%)           42M (1%)           42M (1%)           42M (1%)     
[190.480s][info][gc,heap     ] GC(354)      Free:     1084M (27%)         914M (23%)        3754M (92%)        3756M (93%)        3762M (93%)         906M (22%)    
[190.480s][info][gc,heap     ] GC(354)      Used:     2934M (72%)        3104M (76%)         264M (7%)          262M (6%)         3112M (77%)         256M (6%)     
[190.480s][info][gc,heap     ] GC(354)      Live:         -                61M (2%)           61M (2%)           61M (2%)             -                  -          
[190.480s][info][gc,heap     ] GC(354) Allocated:         -               170M (4%)          186M (5%)          194M (5%)             -                  -          
[190.480s][info][gc,heap     ] GC(354)   Garbage:         -              2872M (71%)          16M (0%)           10M (0%)             -                  -          
[190.480s][info][gc,heap     ] GC(354) Reclaimed:         -                  -              2856M (70%)        2862M (70%)            -                  -          
[190.480s][info][gc          ] GC(354) Garbage Collection (Allocation Rate) 2934M(72%)->262M(6%)
[191.037s][info][gc,start    ] GC(355) Garbage Collection (Allocation Rate)
[191.038s][info][gc,phases   ] GC(355) Pause Mark Start 0.063ms
[191.076s][info][gc,phases   ] GC(355) Concurrent Mark 38.611ms
[191.077s][info][gc,phases   ] GC(355) Pause Mark End 0.235ms
[191.078s][info][gc,phases   ] GC(355) Concurrent Process Non-Strong References 1.549ms
[191.078s][info][gc,phases   ] GC(355) Concurrent Reset Relocation Set 0.022ms
[191.080s][info][gc,phases   ] GC(355) Concurrent Select Relocation Set 1.521ms
[191.080s][info][gc,phases   ] GC(355) Pause Relocate Start 0.060ms
[191.081s][info][gc,phases   ] GC(355) Concurrent Relocate 0.826ms
[191.081s][info][gc,load     ] GC(355) Load: 0.00/0.00/0.00
[191.081s][info][gc,mmu      ] GC(355) MMU: 2ms/77.0%, 5ms/89.5%, 10ms/94.4%, 20ms/97.2%, 50ms/98.7%, 100ms/99.4%
[191.081s][info][gc,marking  ] GC(355) Mark: 1 stripe(s), 2 proactive flush(es), 1 terminate flush(es), 1 completion(s), 0 continuation(s) 
[191.081s][info][gc,nmethod  ] GC(355) NMethods: 1484 registered, 0 unregistered
[191.081s][info][gc,metaspace] GC(355) Metaspace: 4M used, 4M capacity, 4M committed, 1032M reserved
[191.081s][info][gc,ref      ] GC(355) Soft: 261 encountered, 0 discovered, 0 enqueued
[191.081s][info][gc,ref      ] GC(355) Weak: 280 encountered, 229 discovered, 0 enqueued
[191.081s][info][gc,ref      ] GC(355) Final: 1 encountered, 0 discovered, 0 enqueued
[191.081s][info][gc,ref      ] GC(355) Phantom: 39 encountered, 30 discovered, 0 enqueued
[191.081s][info][gc,reloc    ] GC(355) Small Pages: 1467 / 2934M(100%), Empty: 2858M(97%), Compacting: 8M(0%)->2M(0%)
[191.081s][info][gc,reloc    ] GC(355) Medium Pages: 0 / 0M(0%), Empty: 0M(0%), Compacting: 0M(0%)->0M(0%)
[191.081s][info][gc,reloc    ] GC(355) Large Pages: 1 / 8M(0%), Empty: 0M(0%), Compacting: 0M(0%)->0M(0%)
[191.081s][info][gc,reloc    ] GC(355) Relocation: Successful
[191.081s][info][gc,heap     ] GC(355) Min Capacity: 42M(1%)
[191.081s][info][gc,heap     ] GC(355) Max Capacity: 4060M(100%)
[191.081s][info][gc,heap     ] GC(355) Soft Max Capacity: 4060M(100%)
[191.081s][info][gc,heap     ] GC(355)                Mark Start          Mark End        Relocate Start      Relocate End           High               Low         
[191.081s][info][gc,heap     ] GC(355)  Capacity:     3220M (79%)        3220M (79%)        3220M (79%)        3220M (79%)        3220M (79%)        3220M (79%)    
[191.081s][info][gc,heap     ] GC(355)   Reserve:       42M (1%)           42M (1%)           42M (1%)           42M (1%)           42M (1%)           42M (1%)     
[191.081s][info][gc,heap     ] GC(355)      Free:     1076M (27%)         890M (22%)        3732M (92%)        3734M (92%)        3740M (92%)         882M (22%)    
[191.081s][info][gc,heap     ] GC(355)      Used:     2942M (72%)        3128M (77%)         286M (7%)          284M (7%)         3136M (77%)         278M (7%)     
[191.081s][info][gc,heap     ] GC(355)      Live:         -                67M (2%)           67M (2%)           67M (2%)             -                  -          
[191.081s][info][gc,heap     ] GC(355) Allocated:         -               186M (5%)          202M (5%)          208M (5%)             -                  -          
[191.081s][info][gc,heap     ] GC(355)   Garbage:         -              2874M (71%)          16M (0%)           12M (0%)             -                  -          
[191.081s][info][gc,heap     ] GC(355) Reclaimed:         -                  -              2858M (70%)        2862M (70%)            -                  -          
[191.081s][info][gc          ] GC(355) Garbage Collection (Allocation Rate) 2942M(72%)->284M(7%)
[191.638s][info][gc,start    ] GC(356) Garbage Collection (Allocation Rate)
[191.638s][info][gc,phases   ] GC(356) Pause Mark Start 0.051ms
[191.679s][info][gc,phases   ] GC(356) Concurrent Mark 40.658ms
[191.679s][info][gc,phases   ] GC(356) Pause Mark End 0.194ms
[191.681s][info][gc,phases   ] GC(356) Concurrent Process Non-Strong References 1.440ms
[191.681s][info][gc,phases   ] GC(356) Concurrent Reset Relocation Set 0.023ms
[191.682s][info][gc,phases   ] GC(356) Concurrent Select Relocation Set 1.466ms
[191.683s][info][gc,phases   ] GC(356) Pause Relocate Start 0.044ms
[191.684s][info][gc,phases   ] GC(356) Concurrent Relocate 0.959ms
[191.684s][info][gc,load     ] GC(356) Load: 0.00/0.00/0.00
[191.684s][info][gc,mmu      ] GC(356) MMU: 2ms/77.0%, 5ms/89.5%, 10ms/94.4%, 20ms/97.2%, 50ms/98.7%, 100ms/99.4%
[191.684s][info][gc,marking  ] GC(356) Mark: 1 stripe(s), 2 proactive flush(es), 1 terminate flush(es), 1 completion(s), 0 continuation(s) 
[191.684s][info][gc,nmethod  ] GC(356) NMethods: 1484 registered, 0 unregistered
[191.684s][info][gc,metaspace] GC(356) Metaspace: 4M used, 4M capacity, 4M committed, 1032M reserved
[191.684s][info][gc,ref      ] GC(356) Soft: 261 encountered, 0 discovered, 0 enqueued
[191.684s][info][gc,ref      ] GC(356) Weak: 280 encountered, 229 discovered, 0 enqueued
[191.684s][info][gc,ref      ] GC(356) Final: 1 encountered, 0 discovered, 0 enqueued
[191.684s][info][gc,ref      ] GC(356) Phantom: 39 encountered, 30 discovered, 0 enqueued
[191.684s][info][gc,reloc    ] GC(356) Small Pages: 1471 / 2942M(100%), Empty: 2856M(97%), Compacting: 12M(0%)->2M(0%)
[191.684s][info][gc,reloc    ] GC(356) Medium Pages: 0 / 0M(0%), Empty: 0M(0%), Compacting: 0M(0%)->0M(0%)
[191.684s][info][gc,reloc    ] GC(356) Large Pages: 1 / 8M(0%), Empty: 0M(0%), Compacting: 0M(0%)->0M(0%)
[191.684s][info][gc,reloc    ] GC(356) Relocation: Successful
[191.684s][info][gc,heap     ] GC(356) Min Capacity: 42M(1%)
[191.684s][info][gc,heap     ] GC(356) Max Capacity: 4060M(100%)
[191.684s][info][gc,heap     ] GC(356) Soft Max Capacity: 4060M(100%)
[191.684s][info][gc,heap     ] GC(356)                Mark Start          Mark End        Relocate Start      Relocate End           High               Low         
[191.684s][info][gc,heap     ] GC(356)  Capacity:     3220M (79%)        3220M (79%)        3220M (79%)        3220M (79%)        3220M (79%)        3220M (79%)    
[191.684s][info][gc,heap     ] GC(356)   Reserve:       42M (1%)           42M (1%)           42M (1%)           42M (1%)           42M (1%)           42M (1%)     
[191.684s][info][gc,heap     ] GC(356)      Free:     1068M (26%)         874M (22%)        3718M (92%)        3718M (92%)        3724M (92%)         868M (21%)    
[191.684s][info][gc,heap     ] GC(356)      Used:     2950M (73%)        3144M (77%)         300M (7%)          300M (7%)         3150M (78%)         294M (7%)     
[191.684s][info][gc,heap     ] GC(356)      Live:         -                72M (2%)           72M (2%)           72M (2%)             -                  -          
[191.684s][info][gc,heap     ] GC(356) Allocated:         -               194M (5%)          206M (5%)          218M (5%)             -                  -          
[191.684s][info][gc,heap     ] GC(356)   Garbage:         -              2877M (71%)          21M (1%)           17M (0%)             -                  -          
[191.684s][info][gc,heap     ] GC(356) Reclaimed:         -                  -              2856M (70%)        2860M (70%)            -                  -          
[191.684s][info][gc          ] GC(356) Garbage Collection (Allocation Rate) 2950M(73%)->300M(7%)
[192.338s][info][gc,start    ] GC(357) Garbage Collection (Allocation Rate)
[192.338s][info][gc,phases   ] GC(357) Pause Mark Start 0.049ms
[192.385s][info][gc,phases   ] GC(357) Concurrent Mark 46.463ms
[192.385s][info][gc,phases   ] GC(357) Pause Mark End 0.177ms
[192.387s][info][gc,phases   ] GC(357) Concurrent Process Non-Strong References 1.622ms
[192.387s][info][gc,phases   ] GC(357) Concurrent Reset Relocation Set 0.027ms
[192.388s][info][gc,phases   ] GC(357) Concurrent Select Relocation Set 1.575ms
[192.388s][info][gc,phases   ] GC(357) Pause Relocate Start 0.038ms
[192.389s][info][gc,phases   ] GC(357) Concurrent Relocate 0.216ms
[192.389s][info][gc,load     ] GC(357) Load: 0.00/0.00/0.00
[192.389s][info][gc,mmu      ] GC(357) MMU: 2ms/77.0%, 5ms/89.5%, 10ms/94.4%, 20ms/97.2%, 50ms/98.7%, 100ms/99.4%
[192.389s][info][gc,marking  ] GC(357) Mark: 1 stripe(s), 2 proactive flush(es), 1 terminate flush(es), 1 completion(s), 0 continuation(s) 
[192.389s][info][gc,nmethod  ] GC(357) NMethods: 1484 registered, 0 unregistered
[192.389s][info][gc,metaspace] GC(357) Metaspace: 4M used, 4M capacity, 4M committed, 1032M reserved
[192.389s][info][gc,ref      ] GC(357) Soft: 261 encountered, 0 discovered, 0 enqueued
[192.389s][info][gc,ref      ] GC(357) Weak: 280 encountered, 229 discovered, 0 enqueued
[192.389s][info][gc,ref      ] GC(357) Final: 1 encountered, 0 discovered, 0 enqueued
[192.389s][info][gc,ref      ] GC(357) Phantom: 39 encountered, 30 discovered, 0 enqueued
[192.389s][info][gc,reloc    ] GC(357) Small Pages: 1467 / 2934M(100%), Empty: 2856M(97%), Compacting: 10M(0%)->2M(0%)
[192.389s][info][gc,reloc    ] GC(357) Medium Pages: 0 / 0M(0%), Empty: 0M(0%), Compacting: 0M(0%)->0M(0%)
[192.389s][info][gc,reloc    ] GC(357) Large Pages: 1 / 8M(0%), Empty: 0M(0%), Compacting: 0M(0%)->0M(0%)
[192.389s][info][gc,reloc    ] GC(357) Relocation: Successful
[192.389s][info][gc,heap     ] GC(357) Min Capacity: 42M(1%)
[192.389s][info][gc,heap     ] GC(357) Max Capacity: 4060M(100%)
[192.389s][info][gc,heap     ] GC(357) Soft Max Capacity: 4060M(100%)
[192.389s][info][gc,heap     ] GC(357)                Mark Start          Mark End        Relocate Start      Relocate End           High               Low         
[192.389s][info][gc,heap     ] GC(357)  Capacity:     3220M (79%)        3220M (79%)        3220M (79%)        3220M (79%)        3220M (79%)        3220M (79%)    
[192.389s][info][gc,heap     ] GC(357)   Reserve:       42M (1%)           42M (1%)           42M (1%)           42M (1%)           42M (1%)           42M (1%)     
[192.389s][info][gc,heap     ] GC(357)      Free:     1076M (27%)         888M (22%)        3728M (92%)        3728M (92%)        3736M (92%)         880M (22%)    
[192.389s][info][gc,heap     ] GC(357)      Used:     2942M (72%)        3130M (77%)         290M (7%)          290M (7%)         3138M (77%)         282M (7%)     
[192.389s][info][gc,heap     ] GC(357)      Live:         -                67M (2%)           67M (2%)           67M (2%)             -                  -          
[192.389s][info][gc,heap     ] GC(357) Allocated:         -               188M (5%)          204M (5%)          214M (5%)             -                  -          
[192.389s][info][gc,heap     ] GC(357)   Garbage:         -              2874M (71%)          18M (0%)           18M (0%)             -                  -          
[192.389s][info][gc,heap     ] GC(357) Reclaimed:         -                  -              2856M (70%)        2856M (70%)            -                  -          
[192.389s][info][gc          ] GC(357) Garbage Collection (Allocation Rate) 2942M(72%)->290M(7%)
[192.938s][info][gc,start    ] GC(358) Garbage Collection (Allocation Rate)
[192.938s][info][gc,phases   ] GC(358) Pause Mark Start 0.062ms
[192.973s][info][gc,phases   ] GC(358) Concurrent Mark 34.465ms
[192.973s][info][gc,phases   ] GC(358) Pause Mark End 0.245ms
[192.975s][info][gc,phases   ] GC(358) Concurrent Process Non-Strong References 1.667ms
[192.975s][info][gc,phases   ] GC(358) Concurrent Reset Relocation Set 0.023ms
[192.977s][info][gc,phases   ] GC(358) Concurrent Select Relocation Set 2.331ms
[192.978s][info][gc,phases   ] GC(358) Pause Relocate Start 0.071ms
[193.000s][info][gc,phases   ] GC(358) Concurrent Relocate 22.529ms
[193.000s][info][gc,load     ] GC(358) Load: 0.00/0.00/0.00
[193.000s][info][gc,mmu      ] GC(358) MMU: 2ms/77.0%, 5ms/89.5%, 10ms/94.4%, 20ms/97.2%, 50ms/98.7%, 100ms/99.4%
[193.000s][info][gc,marking  ] GC(358) Mark: 1 stripe(s), 2 proactive flush(es), 1 terminate flush(es), 1 completion(s), 0 continuation(s) 
[193.000s][info][gc,nmethod  ] GC(358) NMethods: 1484 registered, 0 unregistered
[193.000s][info][gc,metaspace] GC(358) Metaspace: 4M used, 4M capacity, 4M committed, 1032M reserved
[193.000s][info][gc,ref      ] GC(358) Soft: 261 encountered, 0 discovered, 0 enqueued
[193.000s][info][gc,ref      ] GC(358) Weak: 280 encountered, 229 discovered, 0 enqueued
[193.000s][info][gc,ref      ] GC(358) Final: 1 encountered, 0 discovered, 0 enqueued
[193.000s][info][gc,ref      ] GC(358) Phantom: 39 encountered, 30 discovered, 0 enqueued
[193.000s][info][gc,reloc    ] GC(358) Small Pages: 1443 / 2886M(100%), Empty: 2758M(95%), Compacting: 112M(4%)->38M(1%)
[193.000s][info][gc,reloc    ] GC(358) Medium Pages: 0 / 0M(0%), Empty: 0M(0%), Compacting: 0M(0%)->0M(0%)
[193.000s][info][gc,reloc    ] GC(358) Large Pages: 1 / 8M(0%), Empty: 0M(0%), Compacting: 0M(0%)->0M(0%)
[193.000s][info][gc,reloc    ] GC(358) Relocation: Successful
[193.000s][info][gc,heap     ] GC(358) Min Capacity: 42M(1%)
[193.000s][info][gc,heap     ] GC(358) Max Capacity: 4060M(100%)
[193.000s][info][gc,heap     ] GC(358) Soft Max Capacity: 4060M(100%)
[193.000s][info][gc,heap     ] GC(358)                Mark Start          Mark End        Relocate Start      Relocate End           High               Low         
[193.000s][info][gc,heap     ] GC(358)  Capacity:     3220M (79%)        3220M (79%)        3220M (79%)        3220M (79%)        3220M (79%)        3220M (79%)    
[193.000s][info][gc,heap     ] GC(358)   Reserve:       42M (1%)           42M (1%)           42M (1%)           42M (1%)           42M (1%)           42M (1%)     
[193.000s][info][gc,heap     ] GC(358)      Free:     1124M (28%)         962M (24%)        3702M (91%)        3672M (90%)        3712M (91%)         954M (23%)    
[193.000s][info][gc,heap     ] GC(358)      Used:     2894M (71%)        3056M (75%)         316M (8%)          346M (9%)         3064M (75%)         306M (8%)     
[193.000s][info][gc,heap     ] GC(358)      Live:         -                53M (1%)           53M (1%)           53M (1%)             -                  -          
[193.000s][info][gc,heap     ] GC(358) Allocated:         -               162M (4%)          180M (4%)          322M (8%)             -                  -          
[193.000s][info][gc,heap     ] GC(358)   Garbage:         -              2840M (70%)          82M (2%)            8M (0%)             -                  -          
[193.000s][info][gc,heap     ] GC(358) Reclaimed:         -                  -              2758M (68%)        2832M (70%)            -                  -          
[193.000s][info][gc          ] GC(358) Garbage Collection (Allocation Rate) 2894M(71%)->346M(9%)
[193.439s][info][gc,start    ] GC(359) Garbage Collection (Allocation Rate)
[193.439s][info][gc,phases   ] GC(359) Pause Mark Start 0.057ms
[193.471s][info][gc,phases   ] GC(359) Concurrent Mark 31.858ms
[193.471s][info][gc,phases   ] GC(359) Pause Mark End 0.249ms
[193.473s][info][gc,phases   ] GC(359) Concurrent Process Non-Strong References 1.642ms
[193.473s][info][gc,phases   ] GC(359) Concurrent Reset Relocation Set 0.069ms
[193.475s][info][gc,phases   ] GC(359) Concurrent Select Relocation Set 1.497ms
[193.475s][info][gc,phases   ] GC(359) Pause Relocate Start 0.060ms
[193.475s][info][gc,phases   ] GC(359) Concurrent Relocate 0.016ms
[193.475s][info][gc,load     ] GC(359) Load: 0.00/0.00/0.00
[193.475s][info][gc,mmu      ] GC(359) MMU: 2ms/77.0%, 5ms/89.5%, 10ms/94.4%, 20ms/97.2%, 50ms/98.7%, 100ms/99.4%
[193.475s][info][gc,marking  ] GC(359) Mark: 1 stripe(s), 2 proactive flush(es), 1 terminate flush(es), 1 completion(s), 0 continuation(s) 
[193.475s][info][gc,nmethod  ] GC(359) NMethods: 1484 registered, 0 unregistered
[193.475s][info][gc,metaspace] GC(359) Metaspace: 4M used, 4M capacity, 4M committed, 1032M reserved
[193.475s][info][gc,ref      ] GC(359) Soft: 261 encountered, 0 discovered, 0 enqueued
[193.475s][info][gc,ref      ] GC(359) Weak: 280 encountered, 229 discovered, 0 enqueued
[193.475s][info][gc,ref      ] GC(359) Final: 1 encountered, 0 discovered, 0 enqueued
[193.475s][info][gc,ref      ] GC(359) Phantom: 39 encountered, 30 discovered, 0 enqueued
[193.475s][info][gc,reloc    ] GC(359) Small Pages: 1223 / 2446M(100%), Empty: 2388M(97%), Compacting: 6M(0%)->2M(0%)
[193.475s][info][gc,reloc    ] GC(359) Medium Pages: 0 / 0M(0%), Empty: 0M(0%), Compacting: 0M(0%)->0M(0%)
[193.475s][info][gc,reloc    ] GC(359) Large Pages: 1 / 8M(0%), Empty: 0M(0%), Compacting: 0M(0%)->0M(0%)
[193.475s][info][gc,reloc    ] GC(359) Relocation: Successful
[193.475s][info][gc,heap     ] GC(359) Min Capacity: 42M(1%)
[193.475s][info][gc,heap     ] GC(359) Max Capacity: 4060M(100%)
[193.475s][info][gc,heap     ] GC(359) Soft Max Capacity: 4060M(100%)
[193.475s][info][gc,heap     ] GC(359)                Mark Start          Mark End        Relocate Start      Relocate End           High               Low         
[193.475s][info][gc,heap     ] GC(359)  Capacity:     3220M (79%)        3220M (79%)        3220M (79%)        3220M (79%)        3220M (79%)        3220M (79%)    
[193.475s][info][gc,heap     ] GC(359)   Reserve:       42M (1%)           42M (1%)           42M (1%)           42M (1%)           42M (1%)           42M (1%)     
[193.475s][info][gc,heap     ] GC(359)      Free:     1564M (39%)        1412M (35%)        3784M (93%)        3786M (93%)        3790M (93%)        1402M (35%)    
[193.475s][info][gc,heap     ] GC(359)      Used:     2454M (60%)        2606M (64%)         234M (6%)          232M (6%)         2616M (64%)         228M (6%)     
[193.475s][info][gc,heap     ] GC(359)      Live:         -                53M (1%)           53M (1%)           53M (1%)             -                  -          
[193.475s][info][gc,heap     ] GC(359) Allocated:         -               152M (4%)          168M (4%)          172M (4%)             -                  -          
[193.475s][info][gc,heap     ] GC(359)   Garbage:         -              2400M (59%)          12M (0%)           10M (0%)             -                  -          
[193.475s][info][gc,heap     ] GC(359) Reclaimed:         -                  -              2388M (59%)        2390M (59%)            -                  -          
[193.475s][info][gc          ] GC(359) Garbage Collection (Allocation Rate) 2454M(60%)->232M(6%)
[193.938s][info][gc,start    ] GC(360) Garbage Collection (Allocation Rate)
[193.938s][info][gc,phases   ] GC(360) Pause Mark Start 0.112ms
[193.978s][info][gc,phases   ] GC(360) Concurrent Mark 40.118ms
[193.979s][info][gc,phases   ] GC(360) Pause Mark End 0.232ms
[193.980s][info][gc,phases   ] GC(360) Concurrent Process Non-Strong References 1.554ms
[193.980s][info][gc,phases   ] GC(360) Concurrent Reset Relocation Set 0.003ms
[193.982s][info][gc,phases   ] GC(360) Concurrent Select Relocation Set 1.843ms
[193.982s][info][gc,phases   ] GC(360) Pause Relocate Start 0.061ms
[193.990s][info][gc,phases   ] GC(360) Concurrent Relocate 7.687ms
[193.990s][info][gc,load     ] GC(360) Load: 0.00/0.00/0.00
[193.990s][info][gc,mmu      ] GC(360) MMU: 2ms/77.0%, 5ms/89.5%, 10ms/94.4%, 20ms/97.2%, 50ms/98.7%, 100ms/99.4%
[193.990s][info][gc,marking  ] GC(360) Mark: 1 stripe(s), 2 proactive flush(es), 1 terminate flush(es), 1 completion(s), 0 continuation(s) 
[193.990s][info][gc,nmethod  ] GC(360) NMethods: 1484 registered, 0 unregistered
[193.990s][info][gc,metaspace] GC(360) Metaspace: 4M used, 4M capacity, 4M committed, 1032M reserved
[193.990s][info][gc,ref      ] GC(360) Soft: 261 encountered, 0 discovered, 0 enqueued
[193.990s][info][gc,ref      ] GC(360) Weak: 280 encountered, 229 discovered, 0 enqueued
[193.990s][info][gc,ref      ] GC(360) Final: 1 encountered, 0 discovered, 0 enqueued
[193.990s][info][gc,ref      ] GC(360) Phantom: 39 encountered, 30 discovered, 0 enqueued
[193.990s][info][gc,reloc    ] GC(360) Small Pages: 1227 / 2454M(100%), Empty: 2354M(96%), Compacting: 42M(2%)->14M(1%)
[193.990s][info][gc,reloc    ] GC(360) Medium Pages: 0 / 0M(0%), Empty: 0M(0%), Compacting: 0M(0%)->0M(0%)
[193.990s][info][gc,reloc    ] GC(360) Large Pages: 1 / 8M(0%), Empty: 0M(0%), Compacting: 0M(0%)->0M(0%)
[193.990s][info][gc,reloc    ] GC(360) Relocation: Successful
[193.990s][info][gc,heap     ] GC(360) Min Capacity: 42M(1%)
[193.990s][info][gc,heap     ] GC(360) Max Capacity: 4060M(100%)
[193.990s][info][gc,heap     ] GC(360) Soft Max Capacity: 4060M(100%)
[193.990s][info][gc,heap     ] GC(360)                Mark Start          Mark End        Relocate Start      Relocate End           High               Low         
[193.990s][info][gc,heap     ] GC(360)  Capacity:     3220M (79%)        3220M (79%)        3220M (79%)        3220M (79%)        3220M (79%)        3220M (79%)    
[193.990s][info][gc,heap     ] GC(360)   Reserve:       42M (1%)           42M (1%)           42M (1%)           42M (1%)           42M (1%)           42M (1%)     
[193.990s][info][gc,heap     ] GC(360)      Free:     1556M (38%)        1366M (34%)        3704M (91%)        3696M (91%)        3712M (91%)        1358M (33%)    
[193.990s][info][gc,heap     ] GC(360)      Used:     2462M (61%)        2652M (65%)         314M (8%)          322M (8%)         2660M (66%)         306M (8%)     
[193.990s][info][gc,heap     ] GC(360)      Live:         -                69M (2%)           69M (2%)           69M (2%)             -                  -          
[193.990s][info][gc,heap     ] GC(360) Allocated:         -               190M (5%)          206M (5%)          256M (6%)             -                  -          
[193.990s][info][gc,heap     ] GC(360)   Garbage:         -              2392M (59%)          38M (1%)           10M (0%)             -                  -          
[193.990s][info][gc,heap     ] GC(360) Reclaimed:         -                  -              2354M (58%)        2382M (59%)            -                  -          
[193.990s][info][gc          ] GC(360) Garbage Collection (Allocation Rate) 2462M(61%)->322M(8%)
[194.538s][info][gc,start    ] GC(361) Garbage Collection (Allocation Rate)
[194.539s][info][gc,phases   ] GC(361) Pause Mark Start 0.057ms
[194.573s][info][gc,phases   ] GC(361) Concurrent Mark 34.708ms
[194.574s][info][gc,phases   ] GC(361) Pause Mark End 0.241ms
[194.575s][info][gc,phases   ] GC(361) Concurrent Process Non-Strong References 1.508ms
[194.575s][info][gc,phases   ] GC(361) Concurrent Reset Relocation Set 0.040ms
[194.578s][info][gc,phases   ] GC(361) Concurrent Select Relocation Set 2.401ms
[194.578s][info][gc,phases   ] GC(361) Pause Relocate Start 0.063ms
[194.578s][info][gc,phases   ] GC(361) Concurrent Relocate 0.351ms
[194.578s][info][gc,load     ] GC(361) Load: 0.00/0.00/0.00
[194.578s][info][gc,mmu      ] GC(361) MMU: 2ms/77.0%, 5ms/89.5%, 10ms/94.4%, 20ms/97.2%, 50ms/98.7%, 100ms/99.4%
[194.578s][info][gc,marking  ] GC(361) Mark: 1 stripe(s), 2 proactive flush(es), 1 terminate flush(es), 1 completion(s), 0 continuation(s) 
[194.578s][info][gc,nmethod  ] GC(361) NMethods: 1484 registered, 0 unregistered
[194.578s][info][gc,metaspace] GC(361) Metaspace: 4M used, 4M capacity, 4M committed, 1032M reserved
[194.578s][info][gc,ref      ] GC(361) Soft: 261 encountered, 0 discovered, 0 enqueued
[194.578s][info][gc,ref      ] GC(361) Weak: 280 encountered, 229 discovered, 0 enqueued
[194.578s][info][gc,ref      ] GC(361) Final: 1 encountered, 0 discovered, 0 enqueued
[194.578s][info][gc,ref      ] GC(361) Phantom: 39 encountered, 30 discovered, 0 enqueued
[194.578s][info][gc,reloc    ] GC(361) Small Pages: 1450 / 2900M(100%), Empty: 2832M(97%), Compacting: 10M(0%)->2M(0%)
[194.578s][info][gc,reloc    ] GC(361) Medium Pages: 0 / 0M(0%), Empty: 0M(0%), Compacting: 0M(0%)->0M(0%)
[194.578s][info][gc,reloc    ] GC(361) Large Pages: 1 / 8M(0%), Empty: 0M(0%), Compacting: 0M(0%)->0M(0%)
[194.578s][info][gc,reloc    ] GC(361) Relocation: Successful
[194.578s][info][gc,heap     ] GC(361) Min Capacity: 42M(1%)
[194.578s][info][gc,heap     ] GC(361) Max Capacity: 4060M(100%)
[194.578s][info][gc,heap     ] GC(361) Soft Max Capacity: 4060M(100%)
[194.578s][info][gc,heap     ] GC(361)                Mark Start          Mark End        Relocate Start      Relocate End           High               Low         
[194.578s][info][gc,heap     ] GC(361)  Capacity:     3220M (79%)        3220M (79%)        3220M (79%)        3220M (79%)        3220M (79%)        3220M (79%)    
[194.578s][info][gc,heap     ] GC(361)   Reserve:       42M (1%)           42M (1%)           42M (1%)           42M (1%)           42M (1%)           42M (1%)     
[194.578s][info][gc,heap     ] GC(361)      Free:     1110M (27%)         944M (23%)        3762M (93%)        3766M (93%)        3768M (93%)         936M (23%)    
[194.578s][info][gc,heap     ] GC(361)      Used:     2908M (72%)        3074M (76%)         256M (6%)          252M (6%)         3082M (76%)         250M (6%)     
[194.578s][info][gc,heap     ] GC(361)      Live:         -                58M (1%)           58M (1%)           58M (1%)             -                  -          
[194.578s][info][gc,heap     ] GC(361) Allocated:         -               166M (4%)          180M (4%)          186M (5%)             -                  -          
[194.578s][info][gc,heap     ] GC(361)   Garbage:         -              2849M (70%)          17M (0%)           11M (0%)             -                  -          
[194.578s][info][gc,heap     ] GC(361) Reclaimed:         -                  -              2832M (70%)        2838M (70%)            -                  -          
[194.578s][info][gc          ] GC(361) Garbage Collection (Allocation Rate) 2908M(72%)->252M(6%)
[195.238s][info][gc,start    ] GC(362) Garbage Collection (Allocation Rate)
[195.238s][info][gc,phases   ] GC(362) Pause Mark Start 0.147ms
[195.284s][info][gc,phases   ] GC(362) Concurrent Mark 45.437ms
[195.284s][info][gc,phases   ] GC(362) Pause Mark End 0.177ms
[195.286s][info][gc,phases   ] GC(362) Concurrent Process Non-Strong References 2.140ms
[195.286s][info][gc,phases   ] GC(362) Concurrent Reset Relocation Set 0.017ms
[195.288s][info][gc,phases   ] GC(362) Concurrent Select Relocation Set 2.203ms
[195.289s][info][gc,phases   ] GC(362) Pause Relocate Start 0.049ms
[195.293s][info][gc,phases   ] GC(362) Concurrent Relocate 4.681ms
[195.293s][info][gc,load     ] GC(362) Load: 0.00/0.00/0.00
[195.293s][info][gc,mmu      ] GC(362) MMU: 2ms/77.0%, 5ms/89.5%, 10ms/94.4%, 20ms/97.2%, 50ms/98.7%, 100ms/99.4%
[195.293s][info][gc,marking  ] GC(362) Mark: 1 stripe(s), 2 proactive flush(es), 1 terminate flush(es), 1 completion(s), 0 continuation(s) 
[195.293s][info][gc,nmethod  ] GC(362) NMethods: 2025 registered, 0 unregistered
[195.293s][info][gc,metaspace] GC(362) Metaspace: 7M used, 7M capacity, 7M committed, 1032M reserved
[195.293s][info][gc,ref      ] GC(362) Soft: 510 encountered, 0 discovered, 0 enqueued
[195.293s][info][gc,ref      ] GC(362) Weak: 872 encountered, 606 discovered, 70 enqueued
[195.293s][info][gc,ref      ] GC(362) Final: 1 encountered, 0 discovered, 0 enqueued
[195.293s][info][gc,ref      ] GC(362) Phantom: 138 encountered, 129 discovered, 97 enqueued
[195.293s][info][gc,reloc    ] GC(362) Small Pages: 1472 / 2944M(99%), Empty: 2864M(96%), Compacting: 34M(1%)->6M(0%)
[195.293s][info][gc,reloc    ] GC(362) Medium Pages: 1 / 32M(1%), Empty: 0M(0%), Compacting: 0M(0%)->0M(0%)
[195.293s][info][gc,reloc    ] GC(362) Large Pages: 1 / 8M(0%), Empty: 0M(0%), Compacting: 0M(0%)->0M(0%)
[195.293s][info][gc,reloc    ] GC(362) Relocation: Successful
[195.293s][info][gc,heap     ] GC(362) Min Capacity: 42M(1%)
[195.293s][info][gc,heap     ] GC(362) Max Capacity: 4060M(100%)
[195.293s][info][gc,heap     ] GC(362) Soft Max Capacity: 4060M(100%)
[195.293s][info][gc,heap     ] GC(362)                Mark Start          Mark End        Relocate Start      Relocate End           High               Low         
[195.293s][info][gc,heap     ] GC(362)  Capacity:     3220M (79%)        3222M (79%)        3224M (79%)        3224M (79%)        3224M (79%)        3220M (79%)    
[195.293s][info][gc,heap     ] GC(362)   Reserve:       42M (1%)           42M (1%)           42M (1%)           42M (1%)           42M (1%)           42M (1%)     
[195.294s][info][gc,heap     ] GC(362)      Free:     1034M (25%)         838M (21%)        3690M (91%)        3694M (91%)        3698M (91%)         836M (21%)    
[195.294s][info][gc,heap     ] GC(362)      Used:     2984M (73%)        3180M (78%)         328M (8%)          324M (8%)         3182M (78%)         320M (8%)     
[195.294s][info][gc,heap     ] GC(362)      Live:         -                52M (1%)           52M (1%)           52M (1%)             -                  -          
[195.294s][info][gc,heap     ] GC(362) Allocated:         -               196M (5%)          208M (5%)          238M (6%)             -                  -          
[195.294s][info][gc,heap     ] GC(362)   Garbage:         -              2931M (72%)          67M (2%)           47M (1%)             -                  -          
[195.294s][info][gc,heap     ] GC(362) Reclaimed:         -                  -              2864M (71%)        2884M (71%)            -                  -          
[195.294s][info][gc          ] GC(362) Garbage Collection (Allocation Rate) 2984M(73%)->324M(8%)
[195.837s][info][gc,start    ] GC(363) Garbage Collection (Allocation Rate)
[195.838s][info][gc,phases   ] GC(363) Pause Mark Start 0.234ms
[195.880s][info][gc,phases   ] GC(363) Concurrent Mark 42.646ms
[195.881s][info][gc,phases   ] GC(363) Pause Mark End 0.124ms
[195.883s][info][gc,phases   ] GC(363) Concurrent Process Non-Strong References 2.406ms
[195.883s][info][gc,phases   ] GC(363) Concurrent Reset Relocation Set 0.031ms
[195.889s][info][gc,phases   ] GC(363) Concurrent Select Relocation Set 5.851ms
[195.890s][info][gc,phases   ] GC(363) Pause Relocate Start 0.078ms
[195.923s][info][gc,phases   ] GC(363) Concurrent Relocate 33.200ms
[195.923s][info][gc,load     ] GC(363) Load: 0.00/0.00/0.00
[195.923s][info][gc,mmu      ] GC(363) MMU: 2ms/77.0%, 5ms/89.5%, 10ms/94.4%, 20ms/97.2%, 50ms/98.7%, 100ms/99.4%
[195.923s][info][gc,marking  ] GC(363) Mark: 1 stripe(s), 2 proactive flush(es), 1 terminate flush(es), 1 completion(s), 0 continuation(s) 
[195.923s][info][gc,nmethod  ] GC(363) NMethods: 2076 registered, 0 unregistered
[195.923s][info][gc,metaspace] GC(363) Metaspace: 7M used, 7M capacity, 8M committed, 1032M reserved
[195.923s][info][gc,ref      ] GC(363) Soft: 550 encountered, 0 discovered, 0 enqueued
[195.923s][info][gc,ref      ] GC(363) Weak: 872 encountered, 584 discovered, 23 enqueued
[195.923s][info][gc,ref      ] GC(363) Final: 1 encountered, 1 discovered, 0 enqueued
[195.923s][info][gc,ref      ] GC(363) Phantom: 56 encountered, 47 discovered, 13 enqueued
[195.923s][info][gc,reloc    ] GC(363) Small Pages: 1343 / 2686M(99%), Empty: 2524M(93%), Compacting: 158M(6%)->58M(2%)
[195.923s][info][gc,reloc    ] GC(363) Medium Pages: 1 / 32M(1%), Empty: 0M(0%), Compacting: 0M(0%)->0M(0%)
[195.923s][info][gc,reloc    ] GC(363) Large Pages: 1 / 8M(0%), Empty: 0M(0%), Compacting: 0M(0%)->0M(0%)
[195.923s][info][gc,reloc    ] GC(363) Relocation: Successful
[195.923s][info][gc,heap     ] GC(363) Min Capacity: 42M(1%)
[195.923s][info][gc,heap     ] GC(363) Max Capacity: 4060M(100%)
[195.923s][info][gc,heap     ] GC(363) Soft Max Capacity: 4060M(100%)
[195.923s][info][gc,heap     ] GC(363)                Mark Start          Mark End        Relocate Start      Relocate End           High               Low         
[195.923s][info][gc,heap     ] GC(363)  Capacity:     3224M (79%)        3224M (79%)        3224M (79%)        3224M (79%)        3224M (79%)        3224M (79%)    
[195.923s][info][gc,heap     ] GC(363)   Reserve:       42M (1%)           42M (1%)           42M (1%)           42M (1%)           42M (1%)           42M (1%)     
[195.923s][info][gc,heap     ] GC(363)      Free:     1292M (32%)        1118M (28%)        3608M (89%)        3564M (88%)        3630M (89%)        1106M (27%)    
[195.923s][info][gc,heap     ] GC(363)      Used:     2726M (67%)        2900M (71%)         410M (10%)         454M (11%)        2912M (72%)         388M (10%)    
[195.923s][info][gc,heap     ] GC(363)      Live:         -                62M (2%)           62M (2%)           62M (2%)             -                  -          
[195.923s][info][gc,heap     ] GC(363) Allocated:         -               174M (4%)          208M (5%)          410M (10%)            -                  -          
[195.923s][info][gc,heap     ] GC(363)   Garbage:         -              2663M (66%)         139M (3%)           37M (1%)             -                  -          
[195.923s][info][gc,heap     ] GC(363) Reclaimed:         -                  -              2524M (62%)        2626M (65%)            -                  -          
[195.923s][info][gc          ] GC(363) Garbage Collection (Allocation Rate) 2726M(67%)->454M(11%)
[196.339s][info][gc,start    ] GC(364) Garbage Collection (Allocation Rate)
[196.339s][info][gc,phases   ] GC(364) Pause Mark Start 0.058ms
[196.378s][info][gc,phases   ] GC(364) Concurrent Mark 39.156ms
[196.378s][info][gc,phases   ] GC(364) Pause Mark End 0.156ms
[196.381s][info][gc,phases   ] GC(364) Concurrent Process Non-Strong References 2.384ms
[196.381s][info][gc,phases   ] GC(364) Concurrent Reset Relocation Set 0.776ms
[196.386s][info][gc,phases   ] GC(364) Concurrent Select Relocation Set 4.358ms
[196.386s][info][gc,phases   ] GC(364) Pause Relocate Start 0.080ms
[196.413s][info][gc,phases   ] GC(364) Concurrent Relocate 26.560ms
[196.413s][info][gc,load     ] GC(364) Load: 0.00/0.00/0.00
[196.413s][info][gc,mmu      ] GC(364) MMU: 2ms/77.0%, 5ms/89.5%, 10ms/94.4%, 20ms/97.2%, 50ms/98.7%, 100ms/99.4%
[196.413s][info][gc,marking  ] GC(364) Mark: 1 stripe(s), 2 proactive flush(es), 1 terminate flush(es), 1 completion(s), 0 continuation(s) 
[196.413s][info][gc,nmethod  ] GC(364) NMethods: 2076 registered, 0 unregistered
[196.413s][info][gc,metaspace] GC(364) Metaspace: 7M used, 7M capacity, 8M committed, 1032M reserved
[196.413s][info][gc,ref      ] GC(364) Soft: 550 encountered, 0 discovered, 0 enqueued
[196.413s][info][gc,ref      ] GC(364) Weak: 849 encountered, 564 discovered, 0 enqueued
[196.413s][info][gc,ref      ] GC(364) Final: 1 encountered, 1 discovered, 0 enqueued
[196.413s][info][gc,ref      ] GC(364) Phantom: 43 encountered, 34 discovered, 0 enqueued
[196.413s][info][gc,reloc    ] GC(364) Small Pages: 1135 / 2270M(98%), Empty: 2140M(93%), Compacting: 122M(5%)->46M(2%)
[196.413s][info][gc,reloc    ] GC(364) Medium Pages: 1 / 32M(1%), Empty: 0M(0%), Compacting: 0M(0%)->0M(0%)
[196.413s][info][gc,reloc    ] GC(364) Large Pages: 1 / 8M(0%), Empty: 0M(0%), Compacting: 0M(0%)->0M(0%)
[196.413s][info][gc,reloc    ] GC(364) Relocation: Successful
[196.413s][info][gc,heap     ] GC(364) Min Capacity: 42M(1%)
[196.413s][info][gc,heap     ] GC(364) Max Capacity: 4060M(100%)
[196.413s][info][gc,heap     ] GC(364) Soft Max Capacity: 4060M(100%)
[196.413s][info][gc,heap     ] GC(364)                Mark Start          Mark End        Relocate Start      Relocate End           High               Low         
[196.413s][info][gc,heap     ] GC(364)  Capacity:     3224M (79%)        3224M (79%)        3224M (79%)        3224M (79%)        3224M (79%)        3224M (79%)    
[196.413s][info][gc,heap     ] GC(364)   Reserve:       42M (1%)           42M (1%)           42M (1%)           42M (1%)           42M (1%)           42M (1%)     
[196.413s][info][gc,heap     ] GC(364)      Free:     1708M (42%)        1542M (38%)        3650M (90%)        3608M (89%)        3668M (90%)        1528M (38%)    
[196.413s][info][gc,heap     ] GC(364)      Used:     2310M (57%)        2476M (61%)         368M (9%)          410M (10%)        2490M (61%)         350M (9%)     
[196.413s][info][gc,heap     ] GC(364)      Live:         -                55M (1%)           55M (1%)           55M (1%)             -                  -          
[196.413s][info][gc,heap     ] GC(364) Allocated:         -               166M (4%)          198M (5%)          362M (9%)             -                  -          
[196.413s][info][gc,heap     ] GC(364)   Garbage:         -              2254M (56%)         114M (3%)           38M (1%)             -                  -          
[196.413s][info][gc,heap     ] GC(364) Reclaimed:         -                  -              2140M (53%)        2216M (55%)            -                  -          
[196.413s][info][gc          ] GC(364) Garbage Collection (Allocation Rate) 2310M(57%)->410M(10%)
[196.938s][info][gc,start    ] GC(365) Garbage Collection (Allocation Rate)
[196.939s][info][gc,phases   ] GC(365) Pause Mark Start 0.509ms
[197.016s][info][gc,phases   ] GC(365) Concurrent Mark 74.999ms
[197.017s][info][gc,phases   ] GC(365) Pause Mark End 1.037ms
[197.029s][info][gc,phases   ] GC(365) Concurrent Process Non-Strong References 6.765ms
[197.030s][info][gc,phases   ] GC(365) Concurrent Reset Relocation Set 1.414ms
[197.034s][info][gc,phases   ] GC(365) Concurrent Select Relocation Set 3.951ms
[197.035s][info][gc,phases   ] GC(365) Pause Relocate Start 0.080ms
[197.057s][info][gc,phases   ] GC(365) Concurrent Relocate 21.925ms
[197.057s][info][gc,load     ] GC(365) Load: 0.00/0.00/0.00
[197.057s][info][gc,mmu      ] GC(365) MMU: 2ms/48.2%, 5ms/79.3%, 10ms/89.6%, 20ms/94.4%, 50ms/97.8%, 100ms/98.4%
[197.057s][info][gc,marking  ] GC(365) Mark: 1 stripe(s), 2 proactive flush(es), 1 terminate flush(es), 1 completion(s), 0 continuation(s) 
[197.057s][info][gc,nmethod  ] GC(365) NMethods: 2457 registered, 0 unregistered
[197.057s][info][gc,metaspace] GC(365) Metaspace: 8M used, 8M capacity, 9M committed, 1032M reserved
[197.057s][info][gc,ref      ] GC(365) Soft: 740 encountered, 0 discovered, 0 enqueued
[197.057s][info][gc,ref      ] GC(365) Weak: 1115 encountered, 706 discovered, 28 enqueued
[197.057s][info][gc,ref      ] GC(365) Final: 1 encountered, 0 discovered, 0 enqueued
[197.057s][info][gc,ref      ] GC(365) Phantom: 60 encountered, 51 discovered, 9 enqueued
[197.057s][info][gc,reloc    ] GC(365) Small Pages: 1229 / 2458M(98%), Empty: 2336M(94%), Compacting: 70M(3%)->22M(1%)
[197.057s][info][gc,reloc    ] GC(365) Medium Pages: 1 / 32M(1%), Empty: 0M(0%), Compacting: 0M(0%)->0M(0%)
[197.057s][info][gc,reloc    ] GC(365) Large Pages: 1 / 8M(0%), Empty: 0M(0%), Compacting: 0M(0%)->0M(0%)
[197.057s][info][gc,reloc    ] GC(365) Relocation: Successful
[197.057s][info][gc,heap     ] GC(365) Min Capacity: 42M(1%)
[197.057s][info][gc,heap     ] GC(365) Max Capacity: 4060M(100%)
[197.057s][info][gc,heap     ] GC(365) Soft Max Capacity: 4060M(100%)
[197.057s][info][gc,heap     ] GC(365)                Mark Start          Mark End        Relocate Start      Relocate End           High               Low         
[197.057s][info][gc,heap     ] GC(365)  Capacity:     3224M (79%)        3224M (79%)        3224M (79%)        3224M (79%)        3224M (79%)        3224M (79%)    
[197.057s][info][gc,heap     ] GC(365)   Reserve:       42M (1%)           42M (1%)           42M (1%)           42M (1%)           42M (1%)           42M (1%)     
[197.057s][info][gc,heap     ] GC(365)      Free:     1520M (37%)        1386M (34%)        3684M (91%)        3654M (90%)        3698M (91%)        1362M (34%)    
[197.057s][info][gc,heap     ] GC(365)      Used:     2498M (62%)        2632M (65%)         334M (8%)          364M (9%)         2656M (65%)         320M (8%)     
[197.057s][info][gc,heap     ] GC(365)      Live:         -                71M (2%)           71M (2%)           71M (2%)             -                  -          
[197.057s][info][gc,heap     ] GC(365) Allocated:         -               134M (3%)          172M (4%)          272M (7%)             -                  -          
[197.057s][info][gc,heap     ] GC(365)   Garbage:         -              2426M (60%)          90M (2%)           48M (1%)             -                  -          
[197.057s][info][gc,heap     ] GC(365) Reclaimed:         -                  -              2336M (58%)        2378M (59%)            -                  -          
[197.057s][info][gc          ] GC(365) Garbage Collection (Allocation Rate) 2498M(62%)->364M(9%)
[197.539s][info][gc,start    ] GC(366) Garbage Collection (Allocation Rate)
[197.539s][info][gc,phases   ] GC(366) Pause Mark Start 0.062ms
[197.581s][info][gc,phases   ] GC(366) Concurrent Mark 42.182ms
[197.581s][info][gc,phases   ] GC(366) Pause Mark End 0.131ms
[197.584s][info][gc,phases   ] GC(366) Concurrent Process Non-Strong References 2.809ms
[197.585s][info][gc,phases   ] GC(366) Concurrent Reset Relocation Set 0.180ms
[197.588s][info][gc,phases   ] GC(366) Concurrent Select Relocation Set 3.010ms
[197.588s][info][gc,phases   ] GC(366) Pause Relocate Start 0.088ms
[197.606s][info][gc,phases   ] GC(366) Concurrent Relocate 18.323ms
[197.606s][info][gc,load     ] GC(366) Load: 0.00/0.00/0.00
[197.606s][info][gc,mmu      ] GC(366) MMU: 2ms/48.2%, 5ms/79.3%, 10ms/89.6%, 20ms/94.4%, 50ms/97.8%, 100ms/98.4%
[197.606s][info][gc,marking  ] GC(366) Mark: 1 stripe(s), 2 proactive flush(es), 1 terminate flush(es), 1 completion(s), 0 continuation(s) 
[197.606s][info][gc,nmethod  ] GC(366) NMethods: 2466 registered, 0 unregistered
[197.606s][info][gc,metaspace] GC(366) Metaspace: 8M used, 9M capacity, 9M committed, 1034M reserved
[197.606s][info][gc,ref      ] GC(366) Soft: 768 encountered, 0 discovered, 0 enqueued
[197.606s][info][gc,ref      ] GC(366) Weak: 1187 encountered, 748 discovered, 11 enqueued
[197.606s][info][gc,ref      ] GC(366) Final: 1 encountered, 1 discovered, 0 enqueued
[197.606s][info][gc,ref      ] GC(366) Phantom: 57 encountered, 48 discovered, 6 enqueued
[197.606s][info][gc,reloc    ] GC(366) Small Pages: 1164 / 2328M(98%), Empty: 2206M(93%), Compacting: 86M(4%)->30M(1%)
[197.606s][info][gc,reloc    ] GC(366) Medium Pages: 1 / 32M(1%), Empty: 0M(0%), Compacting: 0M(0%)->0M(0%)
[197.607s][info][gc,reloc    ] GC(366) Large Pages: 1 / 8M(0%), Empty: 0M(0%), Compacting: 0M(0%)->0M(0%)
[197.607s][info][gc,reloc    ] GC(366) Relocation: Successful
[197.607s][info][gc,heap     ] GC(366) Min Capacity: 42M(1%)
[197.607s][info][gc,heap     ] GC(366) Max Capacity: 4060M(100%)
[197.607s][info][gc,heap     ] GC(366) Soft Max Capacity: 4060M(100%)
[197.607s][info][gc,heap     ] GC(366)                Mark Start          Mark End        Relocate Start      Relocate End           High               Low         
[197.607s][info][gc,heap     ] GC(366)  Capacity:     3224M (79%)        3224M (79%)        3224M (79%)        3224M (79%)        3224M (79%)        3224M (79%)    
[197.607s][info][gc,heap     ] GC(366)   Reserve:       42M (1%)           42M (1%)           42M (1%)           42M (1%)           42M (1%)           42M (1%)     
[197.607s][info][gc,heap     ] GC(366)      Free:     1650M (41%)        1462M (36%)        3642M (90%)        3612M (89%)        3656M (90%)        1450M (36%)    
[197.607s][info][gc,heap     ] GC(366)      Used:     2368M (58%)        2556M (63%)         376M (9%)          406M (10%)        2568M (63%)         362M (9%)     
[197.607s][info][gc,heap     ] GC(366)      Live:         -                65M (2%)           65M (2%)           65M (2%)             -                  -          
[197.607s][info][gc,heap     ] GC(366) Allocated:         -               188M (5%)          214M (5%)          330M (8%)             -                  -          
[197.607s][info][gc,heap     ] GC(366)   Garbage:         -              2302M (57%)          96M (2%)           44M (1%)             -                  -          
[197.607s][info][gc,heap     ] GC(366) Reclaimed:         -                  -              2206M (54%)        2258M (56%)            -                  -          
[197.607s][info][gc          ] GC(366) Garbage Collection (Allocation Rate) 2368M(58%)->406M(10%)
[198.038s][info][gc,start    ] GC(367) Garbage Collection (Allocation Rate)
[198.038s][info][gc,phases   ] GC(367) Pause Mark Start 0.090ms
[198.079s][info][gc,phases   ] GC(367) Concurrent Mark 40.792ms
[198.080s][info][gc,phases   ] GC(367) Pause Mark End 0.185ms
[198.083s][info][gc,phases   ] GC(367) Concurrent Process Non-Strong References 2.986ms
[198.083s][info][gc,phases   ] GC(367) Concurrent Reset Relocation Set 0.316ms
[198.087s][info][gc,phases   ] GC(367) Concurrent Select Relocation Set 4.020ms
[198.087s][info][gc,phases   ] GC(367) Pause Relocate Start 0.074ms
[198.111s][info][gc,phases   ] GC(367) Concurrent Relocate 23.845ms
[198.111s][info][gc,load     ] GC(367) Load: 0.00/0.00/0.00
[198.111s][info][gc,mmu      ] GC(367) MMU: 2ms/48.2%, 5ms/79.3%, 10ms/89.6%, 20ms/94.4%, 50ms/97.8%, 100ms/98.4%
[198.111s][info][gc,marking  ] GC(367) Mark: 1 stripe(s), 2 proactive flush(es), 1 terminate flush(es), 1 completion(s), 0 continuation(s) 
[198.111s][info][gc,nmethod  ] GC(367) NMethods: 2468 registered, 0 unregistered
[198.111s][info][gc,metaspace] GC(367) Metaspace: 8M used, 9M capacity, 9M committed, 1034M reserved
[198.111s][info][gc,ref      ] GC(367) Soft: 768 encountered, 0 discovered, 0 enqueued
[198.111s][info][gc,ref      ] GC(367) Weak: 1176 encountered, 737 discovered, 0 enqueued
[198.111s][info][gc,ref      ] GC(367) Final: 1 encountered, 1 discovered, 0 enqueued
[198.111s][info][gc,ref      ] GC(367) Phantom: 51 encountered, 42 discovered, 0 enqueued
[198.111s][info][gc,reloc    ] GC(367) Small Pages: 1145 / 2290M(98%), Empty: 2142M(92%), Compacting: 144M(6%)->42M(2%)
[198.111s][info][gc,reloc    ] GC(367) Medium Pages: 1 / 32M(1%), Empty: 0M(0%), Compacting: 0M(0%)->0M(0%)
[198.111s][info][gc,reloc    ] GC(367) Large Pages: 1 / 8M(0%), Empty: 0M(0%), Compacting: 0M(0%)->0M(0%)
[198.111s][info][gc,reloc    ] GC(367) Relocation: Successful
[198.111s][info][gc,heap     ] GC(367) Min Capacity: 42M(1%)
[198.111s][info][gc,heap     ] GC(367) Max Capacity: 4060M(100%)
[198.111s][info][gc,heap     ] GC(367) Soft Max Capacity: 4060M(100%)
[198.111s][info][gc,heap     ] GC(367)                Mark Start          Mark End        Relocate Start      Relocate End           High               Low         
[198.111s][info][gc,heap     ] GC(367)  Capacity:     3224M (79%)        3224M (79%)        3224M (79%)        3224M (79%)        3224M (79%)        3224M (79%)    
[198.111s][info][gc,heap     ] GC(367)   Reserve:       42M (1%)           42M (1%)           42M (1%)           42M (1%)           42M (1%)           42M (1%)     
[198.111s][info][gc,heap     ] GC(367)      Free:     1688M (42%)        1508M (37%)        3616M (89%)        3608M (89%)        3638M (90%)        1492M (37%)    
[198.111s][info][gc,heap     ] GC(367)      Used:     2330M (57%)        2510M (62%)         402M (10%)         410M (10%)        2526M (62%)         380M (9%)     
[198.111s][info][gc,heap     ] GC(367)      Live:         -                48M (1%)           48M (1%)           48M (1%)             -                  -          
[198.111s][info][gc,heap     ] GC(367) Allocated:         -               180M (4%)          214M (5%)          366M (9%)             -                  -          
[198.111s][info][gc,heap     ] GC(367)   Garbage:         -              2281M (56%)         139M (3%)           41M (1%)             -                  -          
[198.111s][info][gc,heap     ] GC(367) Reclaimed:         -                  -              2142M (53%)        2240M (55%)            -                  -          
[198.111s][info][gc          ] GC(367) Garbage Collection (Allocation Rate) 2330M(57%)->410M(10%)
[198.539s][info][gc,start    ] GC(368) Garbage Collection (Allocation Rate)
[198.539s][info][gc,phases   ] GC(368) Pause Mark Start 0.094ms
[198.578s][info][gc,phases   ] GC(368) Concurrent Mark 38.555ms
[198.578s][info][gc,phases   ] GC(368) Pause Mark End 0.121ms
[198.581s][info][gc,phases   ] GC(368) Concurrent Process Non-Strong References 2.826ms
[198.581s][info][gc,phases   ] GC(368) Concurrent Reset Relocation Set 0.401ms
[198.586s][info][gc,phases   ] GC(368) Concurrent Select Relocation Set 4.565ms
[198.586s][info][gc,phases   ] GC(368) Pause Relocate Start 0.083ms
[198.615s][info][gc,phases   ] GC(368) Concurrent Relocate 28.610ms
[198.615s][info][gc,load     ] GC(368) Load: 0.00/0.00/0.00
[198.615s][info][gc,mmu      ] GC(368) MMU: 2ms/48.2%, 5ms/79.3%, 10ms/89.6%, 20ms/94.4%, 50ms/97.8%, 100ms/98.4%
[198.615s][info][gc,marking  ] GC(368) Mark: 1 stripe(s), 2 proactive flush(es), 1 terminate flush(es), 1 completion(s), 0 continuation(s) 
[198.615s][info][gc,nmethod  ] GC(368) NMethods: 2469 registered, 0 unregistered
[198.615s][info][gc,metaspace] GC(368) Metaspace: 8M used, 9M capacity, 9M committed, 1034M reserved
[198.615s][info][gc,ref      ] GC(368) Soft: 768 encountered, 0 discovered, 0 enqueued
[198.615s][info][gc,ref      ] GC(368) Weak: 1176 encountered, 737 discovered, 0 enqueued
[198.615s][info][gc,ref      ] GC(368) Final: 1 encountered, 1 discovered, 0 enqueued
[198.615s][info][gc,ref      ] GC(368) Phantom: 51 encountered, 42 discovered, 0 enqueued
[198.615s][info][gc,reloc    ] GC(368) Small Pages: 1141 / 2282M(98%), Empty: 2138M(92%), Compacting: 138M(6%)->50M(2%)
[198.615s][info][gc,reloc    ] GC(368) Medium Pages: 1 / 32M(1%), Empty: 0M(0%), Compacting: 0M(0%)->0M(0%)
[198.615s][info][gc,reloc    ] GC(368) Large Pages: 1 / 8M(0%), Empty: 0M(0%), Compacting: 0M(0%)->0M(0%)
[198.615s][info][gc,reloc    ] GC(368) Relocation: Successful
[198.615s][info][gc,heap     ] GC(368) Min Capacity: 42M(1%)
[198.615s][info][gc,heap     ] GC(368) Max Capacity: 4060M(100%)
[198.615s][info][gc,heap     ] GC(368) Soft Max Capacity: 4060M(100%)
[198.615s][info][gc,heap     ] GC(368)                Mark Start          Mark End        Relocate Start      Relocate End           High               Low         
[198.615s][info][gc,heap     ] GC(368)  Capacity:     3224M (79%)        3224M (79%)        3224M (79%)        3224M (79%)        3224M (79%)        3224M (79%)    
[198.615s][info][gc,heap     ] GC(368)   Reserve:       42M (1%)           42M (1%)           42M (1%)           42M (1%)           42M (1%)           42M (1%)     
[198.615s][info][gc,heap     ] GC(368)      Free:     1696M (42%)        1524M (38%)        3628M (89%)        3586M (88%)        3648M (90%)        1510M (37%)    
[198.615s][info][gc,heap     ] GC(368)      Used:     2322M (57%)        2494M (61%)         390M (10%)         432M (11%)        2508M (62%)         370M (9%)     
[198.615s][info][gc,heap     ] GC(368)      Live:         -                56M (1%)           56M (1%)           56M (1%)             -                  -          
[198.615s][info][gc,heap     ] GC(368) Allocated:         -               172M (4%)          206M (5%)          386M (10%)            -                  -          
[198.615s][info][gc,heap     ] GC(368)   Garbage:         -              2265M (56%)         127M (3%)           41M (1%)             -                  -          
[198.615s][info][gc,heap     ] GC(368) Reclaimed:         -                  -              2138M (53%)        2224M (55%)            -                  -          
[198.615s][info][gc          ] GC(368) Garbage Collection (Allocation Rate) 2322M(57%)->432M(11%)
[199.138s][info][gc,start    ] GC(369) Garbage Collection (Allocation Rate)
[199.138s][info][gc,phases   ] GC(369) Pause Mark Start 0.119ms
[199.180s][info][gc,phases   ] GC(369) Concurrent Mark 41.540ms
[199.180s][info][gc,phases   ] GC(369) Pause Mark End 0.103ms
[199.183s][info][gc,phases   ] GC(369) Concurrent Process Non-Strong References 2.830ms
[199.185s][info][gc,phases   ] GC(369) Concurrent Reset Relocation Set 1.968ms
[199.190s][info][gc,phases   ] GC(369) Concurrent Select Relocation Set 5.087ms
[199.191s][info][gc,phases   ] GC(369) Pause Relocate Start 0.081ms
[199.215s][info][gc,phases   ] GC(369) Concurrent Relocate 24.510ms
[199.215s][info][gc,load     ] GC(369) Load: 0.00/0.00/0.00
[199.215s][info][gc,mmu      ] GC(369) MMU: 2ms/48.2%, 5ms/79.3%, 10ms/89.6%, 20ms/94.4%, 50ms/97.8%, 100ms/98.4%
[199.215s][info][gc,marking  ] GC(369) Mark: 1 stripe(s), 2 proactive flush(es), 1 terminate flush(es), 1 completion(s), 0 continuation(s) 
[199.215s][info][gc,nmethod  ] GC(369) NMethods: 2470 registered, 0 unregistered
[199.215s][info][gc,metaspace] GC(369) Metaspace: 8M used, 9M capacity, 9M committed, 1034M reserved
[199.215s][info][gc,ref      ] GC(369) Soft: 768 encountered, 0 discovered, 0 enqueued
[199.215s][info][gc,ref      ] GC(369) Weak: 1176 encountered, 737 discovered, 0 enqueued
[199.215s][info][gc,ref      ] GC(369) Final: 1 encountered, 1 discovered, 0 enqueued
[199.215s][info][gc,ref      ] GC(369) Phantom: 51 encountered, 42 discovered, 0 enqueued
[199.215s][info][gc,reloc    ] GC(369) Small Pages: 1351 / 2702M(99%), Empty: 2570M(94%), Compacting: 112M(4%)->42M(2%)
[199.215s][info][gc,reloc    ] GC(369) Medium Pages: 1 / 32M(1%), Empty: 0M(0%), Compacting: 0M(0%)->0M(0%)
[199.215s][info][gc,reloc    ] GC(369) Large Pages: 1 / 8M(0%), Empty: 0M(0%), Compacting: 0M(0%)->0M(0%)
[199.215s][info][gc,reloc    ] GC(369) Relocation: Successful
[199.215s][info][gc,heap     ] GC(369) Min Capacity: 42M(1%)
[199.215s][info][gc,heap     ] GC(369) Max Capacity: 4060M(100%)
[199.215s][info][gc,heap     ] GC(369) Soft Max Capacity: 4060M(100%)
[199.215s][info][gc,heap     ] GC(369)                Mark Start          Mark End        Relocate Start      Relocate End           High               Low         
[199.215s][info][gc,heap     ] GC(369)  Capacity:     3224M (79%)        3224M (79%)        3224M (79%)        3224M (79%)        3224M (79%)        3224M (79%)    
[199.215s][info][gc,heap     ] GC(369)   Reserve:       42M (1%)           42M (1%)           42M (1%)           42M (1%)           42M (1%)           42M (1%)     
[199.215s][info][gc,heap     ] GC(369)      Free:     1276M (31%)        1092M (27%)        3620M (89%)        3578M (88%)        3642M (90%)        1072M (26%)    
[199.215s][info][gc,heap     ] GC(369)      Used:     2742M (68%)        2926M (72%)         398M (10%)         440M (11%)        2946M (73%)         376M (9%)     
[199.215s][info][gc,heap     ] GC(369)      Live:         -                62M (2%)           62M (2%)           62M (2%)             -                  -          
[199.215s][info][gc,heap     ] GC(369) Allocated:         -               184M (5%)          226M (6%)          380M (9%)             -                  -          
[199.215s][info][gc,heap     ] GC(369)   Garbage:         -              2679M (66%)         109M (3%)           41M (1%)             -                  -          
[199.215s][info][gc,heap     ] GC(369) Reclaimed:         -                  -              2570M (63%)        2638M (65%)            -                  -          
[199.215s][info][gc          ] GC(369) Garbage Collection (Allocation Rate) 2742M(68%)->440M(11%)
[199.738s][info][gc,start    ] GC(370) Garbage Collection (Allocation Rate)
[199.738s][info][gc,phases   ] GC(370) Pause Mark Start 0.084ms
[199.780s][info][gc,phases   ] GC(370) Concurrent Mark 41.698ms
[199.780s][info][gc,phases   ] GC(370) Pause Mark End 0.114ms
[199.783s][info][gc,phases   ] GC(370) Concurrent Process Non-Strong References 2.842ms
[199.783s][info][gc,phases   ] GC(370) Concurrent Reset Relocation Set 0.085ms
[199.786s][info][gc,phases   ] GC(370) Concurrent Select Relocation Set 2.424ms
[199.786s][info][gc,phases   ] GC(370) Pause Relocate Start 0.104ms
[199.801s][info][gc,phases   ] GC(370) Concurrent Relocate 14.955ms
[199.801s][info][gc,load     ] GC(370) Load: 0.00/0.00/0.00
[199.801s][info][gc,mmu      ] GC(370) MMU: 2ms/48.2%, 5ms/79.3%, 10ms/89.6%, 20ms/94.4%, 50ms/97.8%, 100ms/98.4%
[199.801s][info][gc,marking  ] GC(370) Mark: 1 stripe(s), 2 proactive flush(es), 1 terminate flush(es), 1 completion(s), 0 continuation(s) 
[199.801s][info][gc,nmethod  ] GC(370) NMethods: 2472 registered, 0 unregistered
[199.801s][info][gc,metaspace] GC(370) Metaspace: 8M used, 9M capacity, 9M committed, 1034M reserved
[199.801s][info][gc,ref      ] GC(370) Soft: 768 encountered, 0 discovered, 0 enqueued
[199.801s][info][gc,ref      ] GC(370) Weak: 1176 encountered, 737 discovered, 0 enqueued
[199.801s][info][gc,ref      ] GC(370) Final: 1 encountered, 1 discovered, 0 enqueued
[199.801s][info][gc,ref      ] GC(370) Phantom: 51 encountered, 42 discovered, 0 enqueued
[199.801s][info][gc,reloc    ] GC(370) Small Pages: 1374 / 2748M(99%), Empty: 2630M(94%), Compacting: 74M(3%)->26M(1%)
[199.801s][info][gc,reloc    ] GC(370) Medium Pages: 1 / 32M(1%), Empty: 0M(0%), Compacting: 0M(0%)->0M(0%)
[199.801s][info][gc,reloc    ] GC(370) Large Pages: 1 / 8M(0%), Empty: 0M(0%), Compacting: 0M(0%)->0M(0%)
[199.801s][info][gc,reloc    ] GC(370) Relocation: Successful
[199.801s][info][gc,heap     ] GC(370) Min Capacity: 42M(1%)
[199.801s][info][gc,heap     ] GC(370) Max Capacity: 4060M(100%)
[199.801s][info][gc,heap     ] GC(370) Soft Max Capacity: 4060M(100%)
[199.801s][info][gc,heap     ] GC(370)                Mark Start          Mark End        Relocate Start      Relocate End           High               Low         
[199.801s][info][gc,heap     ] GC(370)  Capacity:     3224M (79%)        3224M (79%)        3224M (79%)        3224M (79%)        3224M (79%)        3224M (79%)    
[199.801s][info][gc,heap     ] GC(370)   Reserve:       42M (1%)           42M (1%)           42M (1%)           42M (1%)           42M (1%)           42M (1%)     
[199.801s][info][gc,heap     ] GC(370)      Free:     1230M (30%)        1044M (26%)        3652M (90%)        3626M (89%)        3662M (90%)        1032M (25%)    
[199.801s][info][gc,heap     ] GC(370)      Used:     2788M (69%)        2974M (73%)         366M (9%)          392M (10%)        2986M (74%)         356M (9%)     
[199.801s][info][gc,heap     ] GC(370)      Live:         -                68M (2%)           68M (2%)           68M (2%)             -                  -          
[199.801s][info][gc,heap     ] GC(370) Allocated:         -               186M (5%)          208M (5%)          308M (8%)             -                  -          
[199.801s][info][gc,heap     ] GC(370)   Garbage:         -              2719M (67%)          89M (2%)           45M (1%)             -                  -          
[199.801s][info][gc,heap     ] GC(370) Reclaimed:         -                  -              2630M (65%)        2674M (66%)            -                  -          
[199.801s][info][gc          ] GC(370) Garbage Collection (Allocation Rate) 2788M(69%)->392M(10%)
[200.038s][info][gc,stats    ] === Garbage Collection Statistics =======================================================================================================================
[200.038s][info][gc,stats    ]                                                              Last 10s              Last 10m              Last 10h                Total
[200.038s][info][gc,stats    ]                                                              Avg / Max             Avg / Max             Avg / Max             Avg / Max
[200.038s][info][gc,stats    ]   Collector: Garbage Collection Cycle                     62.549 / 118.335      61.333 / 153.808      61.333 / 153.808      61.333 / 153.808     ms
[200.038s][info][gc,stats    ]  Contention: Mark Segment Reset Contention                     0 / 0                 0 / 0                 0 / 0                 0 / 0           ops/s
[200.038s][info][gc,stats    ]  Contention: Mark SeqNum Reset Contention                      0 / 0                 0 / 0                 0 / 0                 0 / 0           ops/s
[200.038s][info][gc,stats    ]  Contention: Relocation Contention                             0 / 2                 0 / 2                 0 / 2                 0 / 2           ops/s
[200.038s][info][gc,stats    ]    Critical: Allocation Stall                              0.000 / 0.000         0.000 / 0.000         0.000 / 0.000         0.000 / 0.000       ms
[200.038s][info][gc,stats    ]    Critical: Allocation Stall                                  0 / 0                 0 / 0                 0 / 0                 0 / 0           ops/s
[200.038s][info][gc,stats    ]    Critical: GC Locker Stall                               0.000 / 0.000         0.000 / 0.000         0.000 / 0.000         0.000 / 0.000       ms
[200.038s][info][gc,stats    ]    Critical: GC Locker Stall                                   0 / 0                 0 / 0                 0 / 0                 0 / 0           ops/s
[200.038s][info][gc,stats    ]      Memory: Allocation Rate                                4443 / 4802           4622 / 4810           4622 / 4810           4622 / 4810        MB/s
[200.038s][info][gc,stats    ]      Memory: Heap Used After Mark                           2855 / 3180           2728 / 3180           2728 / 3180           2728 / 3180        MB
[200.038s][info][gc,stats    ]      Memory: Heap Used After Relocation                      348 / 454             333 / 476             333 / 476             333 / 476         MB
[200.038s][info][gc,stats    ]      Memory: Heap Used Before Mark                          2679 / 2984           2558 / 2998           2558 / 2998           2558 / 2998        MB
[200.038s][info][gc,stats    ]      Memory: Heap Used Before Relocation                     331 / 410             311 / 410             311 / 410             311 / 410         MB
[200.038s][info][gc,stats    ]      Memory: Out Of Memory                                     0 / 0                 0 / 0                 0 / 0                 0 / 0           ops/s
[200.038s][info][gc,stats    ]      Memory: Page Cache Flush                                  0 / 0                 0 / 0                 0 / 0                 0 / 0           MB/s
[200.038s][info][gc,stats    ]      Memory: Page Cache Hit L1                              2241 / 2410           2326 / 2439           2326 / 2439           2326 / 2439        ops/s
[200.038s][info][gc,stats    ]      Memory: Page Cache Hit L2                                 0 / 0                 0 / 0                 0 / 0                 0 / 0           ops/s
[200.038s][info][gc,stats    ]      Memory: Page Cache Hit L3                                 0 / 1                 0 / 103               0 / 103               0 / 103         ops/s
[200.038s][info][gc,stats    ]      Memory: Page Cache Miss                                   0 / 0                 0 / 0                 0 / 0                 0 / 0           ops/s
[200.038s][info][gc,stats    ]      Memory: Uncommit                                          0 / 0                 0 / 0                 0 / 0                 0 / 0           MB/s
[200.038s][info][gc,stats    ]      Memory: Undo Object Allocation Failed                     0 / 0                 0 / 0                 0 / 0                 0 / 0           ops/s
[200.038s][info][gc,stats    ]      Memory: Undo Object Allocation Succeeded                  0 / 2                 0 / 2                 0 / 2                 0 / 2           ops/s
[200.038s][info][gc,stats    ]      Memory: Undo Page Allocation                              0 / 0                 0 / 0                 0 / 0                 0 / 0           ops/s
[200.038s][info][gc,stats    ]       Phase: Concurrent Mark                              41.789 / 74.999       39.332 / 106.230      39.332 / 106.230      39.332 / 106.230     ms
[200.038s][info][gc,stats    ]       Phase: Concurrent Mark Continue                      0.000 / 0.000         0.000 / 0.000         0.000 / 0.000         0.000 / 0.000       ms
[200.038s][info][gc,stats    ]       Phase: Concurrent Process Non-Strong References      2.388 / 6.765         1.662 / 6.765         1.662 / 6.765         1.662 / 6.765       ms
[200.038s][info][gc,stats    ]       Phase: Concurrent Relocate                          13.537 / 33.200       15.569 / 40.994       15.569 / 40.994       15.569 / 40.994      ms
[200.038s][info][gc,stats    ]       Phase: Concurrent Reset Relocation Set               0.319 / 1.968         0.408 / 1.968         0.408 / 1.968         0.408 / 1.968       ms
[200.038s][info][gc,stats    ]       Phase: Concurrent Select Relocation Set              2.920 / 5.851         3.179 / 7.978         3.179 / 7.978         3.179 / 7.978       ms
[200.038s][info][gc,stats    ]       Phase: Pause Mark End                                0.233 / 1.037         0.256 / 1.037         0.256 / 1.037         0.256 / 1.037       ms
[200.038s][info][gc,stats    ]       Phase: Pause Mark Start                              0.112 / 0.509         0.071 / 0.509         0.071 / 0.509         0.071 / 0.509       ms
[200.038s][info][gc,stats    ]       Phase: Pause Relocate Start                          0.069 / 0.104         0.071 / 0.152         0.071 / 0.152         0.071 / 0.152       ms
[200.038s][info][gc,stats    ]    Subphase: Concurrent Classes Purge                      0.105 / 0.200         0.091 / 0.200         0.091 / 0.200         0.091 / 0.200       ms
[200.038s][info][gc,stats    ]    Subphase: Concurrent Classes Unlink                     1.816 / 5.156         1.238 / 5.156         1.238 / 5.156         1.238 / 5.156       ms
[200.038s][info][gc,stats    ]    Subphase: Concurrent Mark                              41.627 / 74.882       39.197 / 106.127      39.197 / 106.127      39.197 / 106.127     ms
[200.038s][info][gc,stats    ]    Subphase: Concurrent Mark Idle                          0.000 / 0.000         0.000 / 0.000         0.000 / 0.000         0.000 / 0.000       ms
[200.038s][info][gc,stats    ]    Subphase: Concurrent Mark Try Flush                     0.075 / 0.124         0.070 / 0.160         0.070 / 0.160         0.070 / 0.160       ms
[200.038s][info][gc,stats    ]    Subphase: Concurrent Mark Try Terminate                 0.034 / 0.093         0.031 / 0.107         0.031 / 0.107         0.031 / 0.107       ms
[200.038s][info][gc,stats    ]    Subphase: Concurrent References Enqueue                 0.001 / 0.003         0.000 / 0.003         0.000 / 0.003         0.000 / 0.003       ms
[200.038s][info][gc,stats    ]    Subphase: Concurrent References Process                 0.074 / 0.129         0.058 / 0.131         0.058 / 0.131         0.058 / 0.131       ms
[200.038s][info][gc,stats    ]    Subphase: Concurrent Roots                              0.071 / 0.124         0.048 / 0.196         0.048 / 0.196         0.048 / 0.196       ms
[200.038s][info][gc,stats    ]    Subphase: Concurrent Roots ClassLoaderDataGraph         0.065 / 0.116         0.043 / 0.184         0.043 / 0.184         0.043 / 0.184       ms
[200.038s][info][gc,stats    ]    Subphase: Concurrent Roots JNIHandles                   0.003 / 0.004         0.002 / 0.009         0.002 / 0.009         0.002 / 0.009       ms
[200.038s][info][gc,stats    ]    Subphase: Concurrent Roots Setup                        0.005 / 0.011         0.003 / 0.012         0.003 / 0.012         0.003 / 0.012       ms
[200.038s][info][gc,stats    ]    Subphase: Concurrent Roots Teardown                     0.000 / 0.000         0.000 / 0.000         0.000 / 0.000         0.000 / 0.000       ms
[200.038s][info][gc,stats    ]    Subphase: Concurrent Roots VMHandles                    0.003 / 0.004         0.002 / 0.007         0.002 / 0.007         0.002 / 0.007       ms
[200.038s][info][gc,stats    ]    Subphase: Concurrent Weak Roots                         0.253 / 0.490         0.166 / 0.490         0.166 / 0.490         0.166 / 0.490       ms
[200.038s][info][gc,stats    ]    Subphase: Concurrent Weak Roots JNIWeakHandles          0.000 / 0.001         0.000 / 0.001         0.000 / 0.001         0.000 / 0.001       ms
[200.038s][info][gc,stats    ]    Subphase: Concurrent Weak Roots ResolvedMethodTable     0.018 / 0.042         0.007 / 0.042         0.007 / 0.042         0.007 / 0.042       ms
[200.038s][info][gc,stats    ]    Subphase: Concurrent Weak Roots StringTable             0.227 / 0.432         0.156 / 0.432         0.156 / 0.432         0.156 / 0.432       ms
[200.038s][info][gc,stats    ]    Subphase: Concurrent Weak Roots VMWeakHandles           0.007 / 0.016         0.002 / 0.016         0.002 / 0.016         0.002 / 0.016       ms
[200.038s][info][gc,stats    ]    Subphase: Pause Mark Try Complete                       0.137 / 0.982         0.143 / 0.982         0.143 / 0.982         0.143 / 0.982       ms
[200.038s][info][gc,stats    ]    Subphase: Pause Roots                                   0.027 / 0.487         0.013 / 0.487         0.013 / 0.487         0.013 / 0.487       ms
[200.038s][info][gc,stats    ]    Subphase: Pause Roots CodeCache                         0.000 / 0.000         0.000 / 0.000         0.000 / 0.000         0.000 / 0.000       ms
[200.038s][info][gc,stats    ]    Subphase: Pause Roots JVMTIExport                       0.001 / 0.001         0.001 / 0.004         0.001 / 0.004         0.001 / 0.004       ms
[200.038s][info][gc,stats    ]    Subphase: Pause Roots JVMTIWeakExport                   0.001 / 0.001         0.001 / 0.003         0.001 / 0.003         0.001 / 0.003       ms
[200.038s][info][gc,stats    ]    Subphase: Pause Roots Java Threads                      0.031 / 0.484         0.019 / 0.484         0.019 / 0.484         0.019 / 0.484       ms
[200.038s][info][gc,stats    ]    Subphase: Pause Roots Management                        0.002 / 0.011         0.001 / 0.011         0.001 / 0.011         0.001 / 0.011       ms
[200.038s][info][gc,stats    ]    Subphase: Pause Roots ObjectSynchronizer                0.000 / 0.001         0.000 / 0.022         0.000 / 0.022         0.000 / 0.022       ms
[200.038s][info][gc,stats    ]    Subphase: Pause Roots Setup                             0.000 / 0.001         0.000 / 0.002         0.000 / 0.002         0.000 / 0.002       ms
[200.038s][info][gc,stats    ]    Subphase: Pause Roots Teardown                          0.000 / 0.001         0.000 / 0.002         0.000 / 0.002         0.000 / 0.002       ms
[200.038s][info][gc,stats    ]    Subphase: Pause Roots Universe                          0.001 / 0.003         0.001 / 0.015         0.001 / 0.015         0.001 / 0.015       ms
[200.038s][info][gc,stats    ]    Subphase: Pause Roots VM Thread                         0.001 / 0.001         0.001 / 0.003         0.001 / 0.003         0.001 / 0.003       ms
[200.038s][info][gc,stats    ]    Subphase: Pause Weak Roots                              0.003 / 0.019         0.003 / 0.086         0.003 / 0.086         0.003 / 0.086       ms
[200.038s][info][gc,stats    ]    Subphase: Pause Weak Roots JFRWeak                      0.013 / 0.018         0.012 / 0.082         0.012 / 0.082         0.012 / 0.082       ms
[200.038s][info][gc,stats    ]    Subphase: Pause Weak Roots JVMTIWeakExport              0.001 / 0.001         0.001 / 0.006         0.001 / 0.006         0.001 / 0.006       ms
[200.038s][info][gc,stats    ]    Subphase: Pause Weak Roots Setup                        0.000 / 0.000         0.000 / 0.001         0.000 / 0.001         0.000 / 0.001       ms
[200.038s][info][gc,stats    ]    Subphase: Pause Weak Roots Teardown                     0.000 / 0.000         0.000 / 0.000         0.000 / 0.000         0.000 / 0.000       ms
[200.038s][info][gc,stats    ]      System: Java Threads                                     17 / 23               14 / 23               14 / 23               14 / 23          threads
[200.038s][info][gc,stats    ] =========================================================================================================================================================
[200.338s][info][gc,start    ] GC(371) Garbage Collection (Allocation Rate)
[200.338s][info][gc,phases   ] GC(371) Pause Mark Start 0.078ms
[200.381s][info][gc,phases   ] GC(371) Concurrent Mark 42.563ms
[200.381s][info][gc,phases   ] GC(371) Pause Mark End 0.118ms
[200.384s][info][gc,phases   ] GC(371) Concurrent Process Non-Strong References 2.607ms
[200.384s][info][gc,phases   ] GC(371) Concurrent Reset Relocation Set 0.071ms
[200.386s][info][gc,phases   ] GC(371) Concurrent Select Relocation Set 1.803ms
[200.386s][info][gc,phases   ] GC(371) Pause Relocate Start 0.077ms
[200.390s][info][gc,phases   ] GC(371) Concurrent Relocate 4.216ms
[200.390s][info][gc,load     ] GC(371) Load: 0.00/0.00/0.00
[200.390s][info][gc,mmu      ] GC(371) MMU: 2ms/48.2%, 5ms/79.3%, 10ms/89.6%, 20ms/94.4%, 50ms/97.8%, 100ms/98.4%
[200.390s][info][gc,marking  ] GC(371) Mark: 1 stripe(s), 2 proactive flush(es), 1 terminate flush(es), 1 completion(s), 0 continuation(s) 
[200.390s][info][gc,nmethod  ] GC(371) NMethods: 2475 registered, 0 unregistered
[200.390s][info][gc,metaspace] GC(371) Metaspace: 8M used, 9M capacity, 9M committed, 1034M reserved
[200.390s][info][gc,ref      ] GC(371) Soft: 768 encountered, 0 discovered, 0 enqueued
[200.390s][info][gc,ref      ] GC(371) Weak: 1176 encountered, 737 discovered, 0 enqueued
[200.390s][info][gc,ref      ] GC(371) Final: 1 encountered, 1 discovered, 0 enqueued
[200.390s][info][gc,ref      ] GC(371) Phantom: 51 encountered, 42 discovered, 0 enqueued
[200.390s][info][gc,reloc    ] GC(371) Small Pages: 1374 / 2748M(99%), Empty: 2650M(95%), Compacting: 32M(1%)->8M(0%)
[200.390s][info][gc,reloc    ] GC(371) Medium Pages: 1 / 32M(1%), Empty: 0M(0%), Compacting: 0M(0%)->0M(0%)
[200.390s][info][gc,reloc    ] GC(371) Large Pages: 1 / 8M(0%), Empty: 0M(0%), Compacting: 0M(0%)->0M(0%)
[200.390s][info][gc,reloc    ] GC(371) Relocation: Successful
[200.390s][info][gc,heap     ] GC(371) Min Capacity: 42M(1%)
[200.390s][info][gc,heap     ] GC(371) Max Capacity: 4060M(100%)
[200.390s][info][gc,heap     ] GC(371) Soft Max Capacity: 4060M(100%)
[200.390s][info][gc,heap     ] GC(371)                Mark Start          Mark End        Relocate Start      Relocate End           High               Low         
[200.390s][info][gc,heap     ] GC(371)  Capacity:     3224M (79%)        3224M (79%)        3224M (79%)        3224M (79%)        3224M (79%)        3224M (79%)    
[200.390s][info][gc,heap     ] GC(371)   Reserve:       42M (1%)           42M (1%)           42M (1%)           42M (1%)           42M (1%)           42M (1%)     
[200.390s][info][gc,heap     ] GC(371)      Free:     1230M (30%)        1038M (26%)        3668M (90%)        3670M (90%)        3676M (91%)        1026M (25%)    
[200.390s][info][gc,heap     ] GC(371)      Used:     2788M (69%)        2980M (73%)         350M (9%)          348M (9%)         2992M (74%)         342M (8%)     
[200.390s][info][gc,heap     ] GC(371)      Live:         -                72M (2%)           72M (2%)           72M (2%)             -                  -          
[200.390s][info][gc,heap     ] GC(371) Allocated:         -               192M (5%)          212M (5%)          242M (6%)             -                  -          
[200.390s][info][gc,heap     ] GC(371)   Garbage:         -              2715M (67%)          65M (2%)           45M (1%)             -                  -          
[200.390s][info][gc,heap     ] GC(371) Reclaimed:         -                  -              2650M (65%)        2670M (66%)            -                  -          
[200.390s][info][gc          ] GC(371) Garbage Collection (Allocation Rate) 2788M(69%)->348M(9%)
[200.938s][info][gc,start    ] GC(372) Garbage Collection (Allocation Rate)
[200.938s][info][gc,phases   ] GC(372) Pause Mark Start 0.067ms
[200.981s][info][gc,phases   ] GC(372) Concurrent Mark 43.398ms
[200.982s][info][gc,phases   ] GC(372) Pause Mark End 0.119ms
[200.985s][info][gc,phases   ] GC(372) Concurrent Process Non-Strong References 2.858ms
[200.985s][info][gc,phases   ] GC(372) Concurrent Reset Relocation Set 0.044ms
[200.987s][info][gc,phases   ] GC(372) Concurrent Select Relocation Set 1.979ms
[200.987s][info][gc,phases   ] GC(372) Pause Relocate Start 0.069ms
[201.007s][info][gc,phases   ] GC(372) Concurrent Relocate 19.878ms
[201.007s][info][gc,load     ] GC(372) Load: 0.00/0.00/0.00
[201.007s][info][gc,mmu      ] GC(372) MMU: 2ms/48.2%, 5ms/79.3%, 10ms/89.6%, 20ms/94.4%, 50ms/97.8%, 100ms/98.4%
[201.007s][info][gc,marking  ] GC(372) Mark: 1 stripe(s), 2 proactive flush(es), 1 terminate flush(es), 1 completion(s), 0 continuation(s) 
[201.007s][info][gc,nmethod  ] GC(372) NMethods: 2510 registered, 0 unregistered
[201.007s][info][gc,metaspace] GC(372) Metaspace: 8M used, 9M capacity, 9M committed, 1034M reserved
[201.007s][info][gc,ref      ] GC(372) Soft: 775 encountered, 0 discovered, 0 enqueued
[201.007s][info][gc,ref      ] GC(372) Weak: 1188 encountered, 747 discovered, 4 enqueued
[201.007s][info][gc,ref      ] GC(372) Final: 1 encountered, 1 discovered, 0 enqueued
[201.007s][info][gc,ref      ] GC(372) Phantom: 51 encountered, 42 discovered, 0 enqueued
[201.007s][info][gc,reloc    ] GC(372) Small Pages: 1355 / 2710M(99%), Empty: 2596M(94%), Compacting: 100M(4%)->34M(1%)
[201.007s][info][gc,reloc    ] GC(372) Medium Pages: 1 / 32M(1%), Empty: 0M(0%), Compacting: 0M(0%)->0M(0%)
[201.007s][info][gc,reloc    ] GC(372) Large Pages: 1 / 8M(0%), Empty: 0M(0%), Compacting: 0M(0%)->0M(0%)
[201.007s][info][gc,reloc    ] GC(372) Relocation: Successful
[201.007s][info][gc,heap     ] GC(372) Min Capacity: 42M(1%)
[201.007s][info][gc,heap     ] GC(372) Max Capacity: 4060M(100%)
[201.007s][info][gc,heap     ] GC(372) Soft Max Capacity: 4060M(100%)
[201.007s][info][gc,heap     ] GC(372)                Mark Start          Mark End        Relocate Start      Relocate End           High               Low         
[201.007s][info][gc,heap     ] GC(372)  Capacity:     3224M (79%)        3224M (79%)        3224M (79%)        3224M (79%)        3224M (79%)        3224M (79%)    
[201.007s][info][gc,heap     ] GC(372)   Reserve:       42M (1%)           42M (1%)           42M (1%)           42M (1%)           42M (1%)           42M (1%)     
[201.007s][info][gc,heap     ] GC(372)      Free:     1268M (31%)        1104M (27%)        3678M (91%)        3656M (90%)        3688M (91%)        1092M (27%)    
[201.007s][info][gc,heap     ] GC(372)      Used:     2750M (68%)        2914M (72%)         340M (8%)          362M (9%)         2926M (72%)         330M (8%)     
[201.007s][info][gc,heap     ] GC(372)      Live:         -                49M (1%)           49M (1%)           49M (1%)             -                  -          
[201.007s][info][gc,heap     ] GC(372) Allocated:         -               164M (4%)          186M (5%)          308M (8%)             -                  -          
[201.007s][info][gc,heap     ] GC(372)   Garbage:         -              2700M (67%)         104M (3%)           38M (1%)             -                  -          
[201.007s][info][gc,heap     ] GC(372) Reclaimed:         -                  -              2596M (64%)        2662M (66%)            -                  -          
[201.007s][info][gc          ] GC(372) Garbage Collection (Allocation Rate) 2750M(68%)->362M(9%)
[201.538s][info][gc,start    ] GC(373) Garbage Collection (Allocation Rate)
[201.538s][info][gc,phases   ] GC(373) Pause Mark Start 0.080ms
[201.580s][info][gc,phases   ] GC(373) Concurrent Mark 41.362ms
[201.580s][info][gc,phases   ] GC(373) Pause Mark End 0.120ms
[201.583s][info][gc,phases   ] GC(373) Concurrent Process Non-Strong References 2.872ms
[201.583s][info][gc,phases   ] GC(373) Concurrent Reset Relocation Set 0.090ms
[201.586s][info][gc,phases   ] GC(373) Concurrent Select Relocation Set 2.623ms
[201.586s][info][gc,phases   ] GC(373) Pause Relocate Start 0.089ms
[201.613s][info][gc,phases   ] GC(373) Concurrent Relocate 26.662ms
[201.613s][info][gc,load     ] GC(373) Load: 0.00/0.00/0.00
[201.613s][info][gc,mmu      ] GC(373) MMU: 2ms/48.2%, 5ms/79.3%, 10ms/89.6%, 20ms/94.4%, 50ms/97.8%, 100ms/98.4%
[201.613s][info][gc,marking  ] GC(373) Mark: 1 stripe(s), 2 proactive flush(es), 1 terminate flush(es), 1 completion(s), 0 continuation(s) 
[201.613s][info][gc,nmethod  ] GC(373) NMethods: 2511 registered, 0 unregistered
[201.613s][info][gc,metaspace] GC(373) Metaspace: 8M used, 9M capacity, 9M committed, 1034M reserved
[201.613s][info][gc,ref      ] GC(373) Soft: 775 encountered, 0 discovered, 0 enqueued
[201.613s][info][gc,ref      ] GC(373) Weak: 1184 encountered, 743 discovered, 0 enqueued
[201.613s][info][gc,ref      ] GC(373) Final: 1 encountered, 1 discovered, 0 enqueued
[201.613s][info][gc,ref      ] GC(373) Phantom: 51 encountered, 42 discovered, 0 enqueued
[201.613s][info][gc,reloc    ] GC(373) Small Pages: 1348 / 2696M(99%), Empty: 2550M(93%), Compacting: 132M(5%)->46M(2%)
[201.613s][info][gc,reloc    ] GC(373) Medium Pages: 1 / 32M(1%), Empty: 0M(0%), Compacting: 0M(0%)->0M(0%)
[201.613s][info][gc,reloc    ] GC(373) Large Pages: 1 / 8M(0%), Empty: 0M(0%), Compacting: 0M(0%)->0M(0%)
[201.613s][info][gc,reloc    ] GC(373) Relocation: Successful
[201.613s][info][gc,heap     ] GC(373) Min Capacity: 42M(1%)
[201.613s][info][gc,heap     ] GC(373) Max Capacity: 4060M(100%)
[201.613s][info][gc,heap     ] GC(373) Soft Max Capacity: 4060M(100%)
[201.613s][info][gc,heap     ] GC(373)                Mark Start          Mark End        Relocate Start      Relocate End           High               Low         
[201.613s][info][gc,heap     ] GC(373)  Capacity:     3224M (79%)        3224M (79%)        3224M (79%)        3224M (79%)        3224M (79%)        3224M (79%)    
[201.613s][info][gc,heap     ] GC(373)   Reserve:       42M (1%)           42M (1%)           42M (1%)           42M (1%)           42M (1%)           42M (1%)     
[201.613s][info][gc,heap     ] GC(373)      Free:     1282M (32%)        1102M (27%)        3626M (89%)        3592M (88%)        3638M (90%)        1088M (27%)    
[201.613s][info][gc,heap     ] GC(373)      Used:     2736M (67%)        2916M (72%)         392M (10%)         426M (10%)        2930M (72%)         380M (9%)     
[201.613s][info][gc,heap     ] GC(373)      Live:         -                60M (1%)           60M (1%)           60M (1%)             -                  -          
[201.613s][info][gc,heap     ] GC(373) Allocated:         -               180M (4%)          206M (5%)          372M (9%)             -                  -          
[201.613s][info][gc,heap     ] GC(373)   Garbage:         -              2675M (66%)         125M (3%)           41M (1%)             -                  -          
[201.613s][info][gc,heap     ] GC(373) Reclaimed:         -                  -              2550M (63%)        2634M (65%)            -                  -          
[201.613s][info][gc          ] GC(373) Garbage Collection (Allocation Rate) 2736M(67%)->426M(10%)
[202.139s][info][gc,start    ] GC(374) Garbage Collection (Allocation Rate)
[202.139s][info][gc,phases   ] GC(374) Pause Mark Start 0.081ms
[202.180s][info][gc,phases   ] GC(374) Concurrent Mark 41.365ms
[202.181s][info][gc,phases   ] GC(374) Pause Mark End 0.093ms
[202.183s][info][gc,phases   ] GC(374) Concurrent Process Non-Strong References 2.844ms
[202.185s][info][gc,phases   ] GC(374) Concurrent Reset Relocation Set 1.158ms
[202.189s][info][gc,phases   ] GC(374) Concurrent Select Relocation Set 4.660ms
[202.190s][info][gc,phases   ] GC(374) Pause Relocate Start 0.058ms
[202.210s][info][gc,phases   ] GC(374) Concurrent Relocate 20.532ms
[202.210s][info][gc,load     ] GC(374) Load: 0.00/0.00/0.00
[202.210s][info][gc,mmu      ] GC(374) MMU: 2ms/48.2%, 5ms/79.3%, 10ms/89.6%, 20ms/94.4%, 50ms/97.8%, 100ms/98.4%
[202.210s][info][gc,marking  ] GC(374) Mark: 1 stripe(s), 2 proactive flush(es), 1 terminate flush(es), 1 completion(s), 0 continuation(s) 
[202.210s][info][gc,nmethod  ] GC(374) NMethods: 2514 registered, 0 unregistered
[202.210s][info][gc,metaspace] GC(374) Metaspace: 8M used, 9M capacity, 9M committed, 1034M reserved
[202.210s][info][gc,ref      ] GC(374) Soft: 775 encountered, 0 discovered, 0 enqueued
[202.210s][info][gc,ref      ] GC(374) Weak: 1184 encountered, 743 discovered, 0 enqueued
[202.210s][info][gc,ref      ] GC(374) Final: 1 encountered, 1 discovered, 0 enqueued
[202.210s][info][gc,ref      ] GC(374) Phantom: 51 encountered, 42 discovered, 0 enqueued
[202.210s][info][gc,reloc    ] GC(374) Small Pages: 1373 / 2746M(99%), Empty: 2614M(94%), Compacting: 102M(4%)->36M(1%)
[202.210s][info][gc,reloc    ] GC(374) Medium Pages: 1 / 32M(1%), Empty: 0M(0%), Compacting: 0M(0%)->0M(0%)
[202.210s][info][gc,reloc    ] GC(374) Large Pages: 1 / 8M(0%), Empty: 0M(0%), Compacting: 0M(0%)->0M(0%)
[202.210s][info][gc,reloc    ] GC(374) Relocation: Successful
[202.210s][info][gc,heap     ] GC(374) Min Capacity: 42M(1%)
[202.210s][info][gc,heap     ] GC(374) Max Capacity: 4060M(100%)
[202.210s][info][gc,heap     ] GC(374) Soft Max Capacity: 4060M(100%)
[202.210s][info][gc,heap     ] GC(374)                Mark Start          Mark End        Relocate Start      Relocate End           High               Low         
[202.210s][info][gc,heap     ] GC(374)  Capacity:     3224M (79%)        3224M (79%)        3224M (79%)        3224M (79%)        3224M (79%)        3224M (79%)    
[202.210s][info][gc,heap     ] GC(374)   Reserve:       42M (1%)           42M (1%)           42M (1%)           42M (1%)           42M (1%)           42M (1%)     
[202.210s][info][gc,heap     ] GC(374)      Free:     1232M (30%)        1048M (26%)        3624M (89%)        3596M (89%)        3644M (90%)        1030M (25%)    
[202.210s][info][gc,heap     ] GC(374)      Used:     2786M (69%)        2970M (73%)         394M (10%)         422M (10%)        2988M (74%)         374M (9%)     
[202.210s][info][gc,heap     ] GC(374)      Live:         -                66M (2%)           66M (2%)           66M (2%)             -                  -          
[202.210s][info][gc,heap     ] GC(374) Allocated:         -               184M (5%)          222M (5%)          352M (9%)             -                  -          
[202.210s][info][gc,heap     ] GC(374)   Garbage:         -              2719M (67%)         105M (3%)           41M (1%)             -                  -          
[202.210s][info][gc,heap     ] GC(374) Reclaimed:         -                  -              2614M (64%)        2678M (66%)            -                  -          
[202.210s][info][gc          ] GC(374) Garbage Collection (Allocation Rate) 2786M(69%)->422M(10%)
[202.739s][info][gc,start    ] GC(375) Garbage Collection (Allocation Rate)
[202.739s][info][gc,phases   ] GC(375) Pause Mark Start 0.106ms
[202.781s][info][gc,phases   ] GC(375) Concurrent Mark 42.283ms
[202.781s][info][gc,phases   ] GC(375) Pause Mark End 0.125ms
[202.784s][info][gc,phases   ] GC(375) Concurrent Process Non-Strong References 2.986ms
[202.784s][info][gc,phases   ] GC(375) Concurrent Reset Relocation Set 0.078ms
[202.787s][info][gc,phases   ] GC(375) Concurrent Select Relocation Set 2.154ms
[202.787s][info][gc,phases   ] GC(375) Pause Relocate Start 0.090ms
[202.800s][info][gc,phases   ] GC(375) Concurrent Relocate 13.072ms
[202.800s][info][gc,load     ] GC(375) Load: 0.00/0.00/0.00
[202.800s][info][gc,mmu      ] GC(375) MMU: 2ms/48.2%, 5ms/79.3%, 10ms/89.6%, 20ms/94.4%, 50ms/97.8%, 100ms/98.4%
[202.800s][info][gc,marking  ] GC(375) Mark: 1 stripe(s), 2 proactive flush(es), 1 terminate flush(es), 1 completion(s), 0 continuation(s) 
[202.800s][info][gc,nmethod  ] GC(375) NMethods: 2519 registered, 0 unregistered
[202.800s][info][gc,metaspace] GC(375) Metaspace: 8M used, 9M capacity, 9M committed, 1034M reserved
[202.800s][info][gc,ref      ] GC(375) Soft: 775 encountered, 0 discovered, 0 enqueued
[202.800s][info][gc,ref      ] GC(375) Weak: 1184 encountered, 743 discovered, 0 enqueued
[202.800s][info][gc,ref      ] GC(375) Final: 1 encountered, 1 discovered, 0 enqueued
[202.800s][info][gc,ref      ] GC(375) Phantom: 51 encountered, 42 discovered, 0 enqueued
[202.800s][info][gc,reloc    ] GC(375) Small Pages: 1372 / 2744M(99%), Empty: 2636M(95%), Compacting: 58M(2%)->20M(1%)
[202.800s][info][gc,reloc    ] GC(375) Medium Pages: 1 / 32M(1%), Empty: 0M(0%), Compacting: 0M(0%)->0M(0%)
[202.800s][info][gc,reloc    ] GC(375) Large Pages: 1 / 8M(0%), Empty: 0M(0%), Compacting: 0M(0%)->0M(0%)
[202.800s][info][gc,reloc    ] GC(375) Relocation: Successful
[202.800s][info][gc,heap     ] GC(375) Min Capacity: 42M(1%)
[202.800s][info][gc,heap     ] GC(375) Max Capacity: 4060M(100%)
[202.800s][info][gc,heap     ] GC(375) Soft Max Capacity: 4060M(100%)
[202.800s][info][gc,heap     ] GC(375)                Mark Start          Mark End        Relocate Start      Relocate End           High               Low         
[202.800s][info][gc,heap     ] GC(375)  Capacity:     3224M (79%)        3224M (79%)        3224M (79%)        3224M (79%)        3224M (79%)        3224M (79%)    
[202.800s][info][gc,heap     ] GC(375)   Reserve:       42M (1%)           42M (1%)           42M (1%)           42M (1%)           42M (1%)           42M (1%)     
[202.800s][info][gc,heap     ] GC(375)      Free:     1234M (30%)        1046M (26%)        3658M (90%)        3632M (89%)        3668M (90%)        1032M (25%)    
[202.800s][info][gc,heap     ] GC(375)      Used:     2784M (69%)        2972M (73%)         360M (9%)          386M (10%)        2986M (74%)         350M (9%)     
[202.800s][info][gc,heap     ] GC(375)      Live:         -                68M (2%)           68M (2%)           68M (2%)             -                  -          
[202.800s][info][gc,heap     ] GC(375) Allocated:         -               188M (5%)          212M (5%)          296M (7%)             -                  -          
[202.800s][info][gc,heap     ] GC(375)   Garbage:         -              2715M (67%)          79M (2%)           45M (1%)             -                  -          
[202.800s][info][gc,heap     ] GC(375) Reclaimed:         -                  -              2636M (65%)        2670M (66%)            -                  -          
[202.800s][info][gc          ] GC(375) Garbage Collection (Allocation Rate) 2784M(69%)->386M(10%)
[203.338s][info][gc,start    ] GC(376) Garbage Collection (Allocation Rate)
[203.338s][info][gc,phases   ] GC(376) Pause Mark Start 0.085ms
[203.384s][info][gc,phases   ] GC(376) Concurrent Mark 45.039ms
[203.384s][info][gc,phases   ] GC(376) Pause Mark End 0.132ms
[203.387s][info][gc,phases   ] GC(376) Concurrent Process Non-Strong References 2.742ms
[203.387s][info][gc,phases   ] GC(376) Concurrent Reset Relocation Set 0.049ms
[203.388s][info][gc,phases   ] GC(376) Concurrent Select Relocation Set 1.692ms
[203.389s][info][gc,phases   ] GC(376) Pause Relocate Start 0.076ms
[203.389s][info][gc,phases   ] GC(376) Concurrent Relocate 0.615ms
[203.389s][info][gc,load     ] GC(376) Load: 0.00/0.00/0.00
[203.389s][info][gc,mmu      ] GC(376) MMU: 2ms/48.2%, 5ms/79.3%, 10ms/89.6%, 20ms/94.4%, 50ms/97.8%, 100ms/98.4%
[203.389s][info][gc,marking  ] GC(376) Mark: 1 stripe(s), 2 proactive flush(es), 1 terminate flush(es), 1 completion(s), 0 continuation(s) 
[203.389s][info][gc,nmethod  ] GC(376) NMethods: 2519 registered, 0 unregistered
[203.389s][info][gc,metaspace] GC(376) Metaspace: 8M used, 9M capacity, 9M committed, 1034M reserved
[203.389s][info][gc,ref      ] GC(376) Soft: 775 encountered, 0 discovered, 0 enqueued
[203.389s][info][gc,ref      ] GC(376) Weak: 1184 encountered, 743 discovered, 0 enqueued
[203.389s][info][gc,ref      ] GC(376) Final: 1 encountered, 1 discovered, 0 enqueued
[203.389s][info][gc,ref      ] GC(376) Phantom: 51 encountered, 42 discovered, 0 enqueued
[203.389s][info][gc,reloc    ] GC(376) Small Pages: 1370 / 2740M(99%), Empty: 2662M(96%), Compacting: 14M(1%)->2M(0%)
[203.389s][info][gc,reloc    ] GC(376) Medium Pages: 1 / 32M(1%), Empty: 0M(0%), Compacting: 0M(0%)->0M(0%)
[203.389s][info][gc,reloc    ] GC(376) Large Pages: 1 / 8M(0%), Empty: 0M(0%), Compacting: 0M(0%)->0M(0%)
[203.389s][info][gc,reloc    ] GC(376) Relocation: Successful
[203.389s][info][gc,heap     ] GC(376) Min Capacity: 42M(1%)
[203.389s][info][gc,heap     ] GC(376) Max Capacity: 4060M(100%)
[203.389s][info][gc,heap     ] GC(376) Soft Max Capacity: 4060M(100%)
[203.389s][info][gc,heap     ] GC(376)                Mark Start          Mark End        Relocate Start      Relocate End           High               Low         
[203.389s][info][gc,heap     ] GC(376)  Capacity:     3224M (79%)        3224M (79%)        3224M (79%)        3224M (79%)        3224M (79%)        3224M (79%)    
[203.389s][info][gc,heap     ] GC(376)   Reserve:       42M (1%)           42M (1%)           42M (1%)           42M (1%)           42M (1%)           42M (1%)     
[203.389s][info][gc,heap     ] GC(376)      Free:     1238M (30%)        1062M (26%)        3702M (91%)        3708M (91%)        3710M (91%)        1048M (26%)    
[203.389s][info][gc,heap     ] GC(376)      Used:     2780M (68%)        2956M (73%)         316M (8%)          310M (8%)         2970M (73%)         308M (8%)     
[203.390s][info][gc,heap     ] GC(376)      Live:         -                64M (2%)           64M (2%)           64M (2%)             -                  -          
[203.390s][info][gc,heap     ] GC(376) Allocated:         -               176M (4%)          198M (5%)          206M (5%)             -                  -          
[203.390s][info][gc,heap     ] GC(376)   Garbage:         -              2715M (67%)          53M (1%)           47M (1%)             -                  -          
[203.390s][info][gc,heap     ] GC(376) Reclaimed:         -                  -              2662M (66%)        2668M (66%)            -                  -          
[203.390s][info][gc          ] GC(376) Garbage Collection (Allocation Rate) 2780M(68%)->310M(8%)
[203.938s][info][gc,start    ] GC(377) Garbage Collection (Allocation Rate)
[203.938s][info][gc,phases   ] GC(377) Pause Mark Start 0.062ms
[203.972s][info][gc,phases   ] GC(377) Concurrent Mark 33.343ms
[203.972s][info][gc,phases   ] GC(377) Pause Mark End 0.120ms
[203.975s][info][gc,phases   ] GC(377) Concurrent Process Non-Strong References 2.667ms
[203.975s][info][gc,phases   ] GC(377) Concurrent Reset Relocation Set 0.025ms
[203.976s][info][gc,phases   ] GC(377) Concurrent Select Relocation Set 1.680ms
[203.977s][info][gc,phases   ] GC(377) Pause Relocate Start 0.086ms
[203.989s][info][gc,phases   ] GC(377) Concurrent Relocate 12.263ms
[203.989s][info][gc,load     ] GC(377) Load: 0.00/0.00/0.00
[203.989s][info][gc,mmu      ] GC(377) MMU: 2ms/48.2%, 5ms/79.3%, 10ms/89.6%, 20ms/94.4%, 50ms/97.8%, 100ms/98.4%
[203.989s][info][gc,marking  ] GC(377) Mark: 1 stripe(s), 2 proactive flush(es), 1 terminate flush(es), 1 completion(s), 0 continuation(s) 
[203.989s][info][gc,nmethod  ] GC(377) NMethods: 2522 registered, 0 unregistered
[203.989s][info][gc,metaspace] GC(377) Metaspace: 8M used, 9M capacity, 9M committed, 1034M reserved
[203.989s][info][gc,ref      ] GC(377) Soft: 775 encountered, 0 discovered, 0 enqueued
[203.989s][info][gc,ref      ] GC(377) Weak: 1184 encountered, 743 discovered, 0 enqueued
[203.989s][info][gc,ref      ] GC(377) Final: 1 encountered, 1 discovered, 0 enqueued
[203.989s][info][gc,ref      ] GC(377) Phantom: 51 encountered, 42 discovered, 0 enqueued
[203.989s][info][gc,reloc    ] GC(377) Small Pages: 1367 / 2734M(99%), Empty: 2644M(95%), Compacting: 62M(2%)->22M(1%)
[203.989s][info][gc,reloc    ] GC(377) Medium Pages: 1 / 32M(1%), Empty: 0M(0%), Compacting: 0M(0%)->0M(0%)
[203.989s][info][gc,reloc    ] GC(377) Large Pages: 1 / 8M(0%), Empty: 0M(0%), Compacting: 0M(0%)->0M(0%)
[203.989s][info][gc,reloc    ] GC(377) Relocation: Successful
[203.989s][info][gc,heap     ] GC(377) Min Capacity: 42M(1%)
[203.989s][info][gc,heap     ] GC(377) Max Capacity: 4060M(100%)
[203.989s][info][gc,heap     ] GC(377) Soft Max Capacity: 4060M(100%)
[203.989s][info][gc,heap     ] GC(377)                Mark Start          Mark End        Relocate Start      Relocate End           High               Low         
[203.989s][info][gc,heap     ] GC(377)  Capacity:     3224M (79%)        3224M (79%)        3224M (79%)        3224M (79%)        3224M (79%)        3224M (79%)    
[203.989s][info][gc,heap     ] GC(377)   Reserve:       42M (1%)           42M (1%)           42M (1%)           42M (1%)           42M (1%)           42M (1%)     
[203.989s][info][gc,heap     ] GC(377)      Free:     1244M (31%)        1094M (27%)        3720M (92%)        3698M (91%)        3726M (92%)        1082M (27%)    
[203.989s][info][gc,heap     ] GC(377)      Used:     2774M (68%)        2924M (72%)         298M (7%)          320M (8%)         2936M (72%)         292M (7%)     
[203.989s][info][gc,heap     ] GC(377)      Live:         -                50M (1%)           50M (1%)           50M (1%)             -                  -          
[203.989s][info][gc,heap     ] GC(377) Allocated:         -               150M (4%)          168M (4%)          252M (6%)             -                  -          
[203.989s][info][gc,heap     ] GC(377)   Garbage:         -              2723M (67%)          79M (2%)           47M (1%)             -                  -          
[203.989s][info][gc,heap     ] GC(377) Reclaimed:         -                  -              2644M (65%)        2676M (66%)            -                  -          
[203.989s][info][gc          ] GC(377) Garbage Collection (Allocation Rate) 2774M(68%)->320M(8%)
[204.538s][info][gc,start    ] GC(378) Garbage Collection (Allocation Rate)
[204.538s][info][gc,phases   ] GC(378) Pause Mark Start 0.065ms
[204.574s][info][gc,phases   ] GC(378) Concurrent Mark 36.398ms
[204.575s][info][gc,phases   ] GC(378) Pause Mark End 0.117ms
[204.577s][info][gc,phases   ] GC(378) Concurrent Process Non-Strong References 2.839ms
[204.577s][info][gc,phases   ] GC(378) Concurrent Reset Relocation Set 0.056ms
[204.580s][info][gc,phases   ] GC(378) Concurrent Select Relocation Set 2.461ms
[204.580s][info][gc,phases   ] GC(378) Pause Relocate Start 0.093ms
[204.603s][info][gc,phases   ] GC(378) Concurrent Relocate 22.492ms
[204.603s][info][gc,load     ] GC(378) Load: 0.00/0.00/0.00
[204.603s][info][gc,mmu      ] GC(378) MMU: 2ms/48.2%, 5ms/79.3%, 10ms/89.6%, 20ms/94.4%, 50ms/97.8%, 100ms/98.4%
[204.603s][info][gc,marking  ] GC(378) Mark: 1 stripe(s), 2 proactive flush(es), 1 terminate flush(es), 1 completion(s), 0 continuation(s) 
[204.603s][info][gc,nmethod  ] GC(378) NMethods: 2523 registered, 0 unregistered
[204.603s][info][gc,metaspace] GC(378) Metaspace: 8M used, 9M capacity, 9M committed, 1034M reserved
[204.603s][info][gc,ref      ] GC(378) Soft: 775 encountered, 0 discovered, 0 enqueued
[204.603s][info][gc,ref      ] GC(378) Weak: 1184 encountered, 743 discovered, 0 enqueued
[204.603s][info][gc,ref      ] GC(378) Final: 1 encountered, 1 discovered, 0 enqueued
[204.603s][info][gc,ref      ] GC(378) Phantom: 51 encountered, 42 discovered, 0 enqueued
[204.603s][info][gc,reloc    ] GC(378) Small Pages: 1370 / 2740M(99%), Empty: 2616M(94%), Compacting: 110M(4%)->40M(1%)
[204.603s][info][gc,reloc    ] GC(378) Medium Pages: 1 / 32M(1%), Empty: 0M(0%), Compacting: 0M(0%)->0M(0%)
[204.603s][info][gc,reloc    ] GC(378) Large Pages: 1 / 8M(0%), Empty: 0M(0%), Compacting: 0M(0%)->0M(0%)
[204.603s][info][gc,reloc    ] GC(378) Relocation: Successful
[204.603s][info][gc,heap     ] GC(378) Min Capacity: 42M(1%)
[204.603s][info][gc,heap     ] GC(378) Max Capacity: 4060M(100%)
[204.603s][info][gc,heap     ] GC(378) Soft Max Capacity: 4060M(100%)
[204.603s][info][gc,heap     ] GC(378)                Mark Start          Mark End        Relocate Start      Relocate End           High               Low         
[204.603s][info][gc,heap     ] GC(378)  Capacity:     3224M (79%)        3224M (79%)        3224M (79%)        3224M (79%)        3224M (79%)        3224M (79%)    
[204.603s][info][gc,heap     ] GC(378)   Reserve:       42M (1%)           42M (1%)           42M (1%)           42M (1%)           42M (1%)           42M (1%)     
[204.603s][info][gc,heap     ] GC(378)      Free:     1238M (30%)        1076M (27%)        3668M (90%)        3634M (90%)        3678M (91%)        1062M (26%)    
[204.603s][info][gc,heap     ] GC(378)      Used:     2780M (68%)        2942M (72%)         350M (9%)          384M (9%)         2956M (73%)         340M (8%)     
[204.603s][info][gc,heap     ] GC(378)      Live:         -                55M (1%)           55M (1%)           55M (1%)             -                  -          
[204.603s][info][gc,heap     ] GC(378) Allocated:         -               162M (4%)          186M (5%)          330M (8%)             -                  -          
[204.603s][info][gc,heap     ] GC(378)   Garbage:         -              2724M (67%)         108M (3%)           42M (1%)             -                  -          
[204.603s][info][gc,heap     ] GC(378) Reclaimed:         -                  -              2616M (64%)        2682M (66%)            -                  -          
[204.603s][info][gc          ] GC(378) Garbage Collection (Allocation Rate) 2780M(68%)->384M(9%)
[205.139s][info][gc,start    ] GC(379) Garbage Collection (Allocation Rate)
[205.139s][info][gc,phases   ] GC(379) Pause Mark Start 0.089ms
[205.182s][info][gc,phases   ] GC(379) Concurrent Mark 42.883ms
[205.182s][info][gc,phases   ] GC(379) Pause Mark End 0.097ms
[205.185s][info][gc,phases   ] GC(379) Concurrent Process Non-Strong References 2.896ms
[205.186s][info][gc,phases   ] GC(379) Concurrent Reset Relocation Set 0.995ms
[205.188s][info][gc,phases   ] GC(379) Concurrent Select Relocation Set 1.756ms
[205.188s][info][gc,phases   ] GC(379) Pause Relocate Start 0.076ms
[205.188s][info][gc,phases   ] GC(379) Concurrent Relocate 0.343ms
[205.188s][info][gc,load     ] GC(379) Load: 0.00/0.00/0.00
[205.188s][info][gc,mmu      ] GC(379) MMU: 2ms/48.2%, 5ms/79.3%, 10ms/89.6%, 20ms/94.4%, 50ms/97.8%, 100ms/98.4%
[205.188s][info][gc,marking  ] GC(379) Mark: 1 stripe(s), 2 proactive flush(es), 1 terminate flush(es), 1 completion(s), 0 continuation(s) 
[205.188s][info][gc,nmethod  ] GC(379) NMethods: 2537 registered, 0 unregistered
[205.188s][info][gc,metaspace] GC(379) Metaspace: 8M used, 9M capacity, 9M committed, 1034M reserved
[205.188s][info][gc,ref      ] GC(379) Soft: 777 encountered, 0 discovered, 0 enqueued
[205.188s][info][gc,ref      ] GC(379) Weak: 1186 encountered, 745 discovered, 0 enqueued
[205.188s][info][gc,ref      ] GC(379) Final: 1 encountered, 1 discovered, 0 enqueued
[205.188s][info][gc,ref      ] GC(379) Phantom: 51 encountered, 42 discovered, 0 enqueued
[205.188s][info][gc,reloc    ] GC(379) Small Pages: 1326 / 2652M(99%), Empty: 2558M(95%), Compacting: 20M(1%)->2M(0%)
[205.188s][info][gc,reloc    ] GC(379) Medium Pages: 1 / 32M(1%), Empty: 0M(0%), Compacting: 0M(0%)->0M(0%)
[205.188s][info][gc,reloc    ] GC(379) Large Pages: 1 / 8M(0%), Empty: 0M(0%), Compacting: 0M(0%)->0M(0%)
[205.188s][info][gc,reloc    ] GC(379) Relocation: Successful
[205.188s][info][gc,heap     ] GC(379) Min Capacity: 42M(1%)
[205.188s][info][gc,heap     ] GC(379) Max Capacity: 4060M(100%)
[205.188s][info][gc,heap     ] GC(379) Soft Max Capacity: 4060M(100%)
[205.188s][info][gc,heap     ] GC(379)                Mark Start          Mark End        Relocate Start      Relocate End           High               Low         
[205.189s][info][gc,heap     ] GC(379)  Capacity:     3224M (79%)        3224M (79%)        3224M (79%)        3224M (79%)        3224M (79%)        3224M (79%)    
[205.189s][info][gc,heap     ] GC(379)   Reserve:       42M (1%)           42M (1%)           42M (1%)           42M (1%)           42M (1%)           42M (1%)     
[205.189s][info][gc,heap     ] GC(379)      Free:     1326M (33%)        1132M (28%)        3666M (90%)        3676M (91%)        3676M (91%)        1116M (27%)    
[205.189s][info][gc,heap     ] GC(379)      Used:     2692M (66%)        2886M (71%)         352M (9%)          342M (8%)         2902M (71%)         342M (8%)     
[205.189s][info][gc,heap     ] GC(379)      Live:         -                73M (2%)           73M (2%)           73M (2%)             -                  -          
[205.189s][info][gc,heap     ] GC(379) Allocated:         -               194M (5%)          218M (5%)          228M (6%)             -                  -          
[205.189s][info][gc,heap     ] GC(379)   Garbage:         -              2618M (65%)          60M (2%)           48M (1%)             -                  -          
[205.189s][info][gc,heap     ] GC(379) Reclaimed:         -                  -              2558M (63%)        2570M (63%)            -                  -          
[205.189s][info][gc          ] GC(379) Garbage Collection (Allocation Rate) 2692M(66%)->342M(8%)
[205.738s][info][gc,start    ] GC(380) Garbage Collection (Allocation Rate)
[205.738s][info][gc,phases   ] GC(380) Pause Mark Start 0.076ms
[205.771s][info][gc,phases   ] GC(380) Concurrent Mark 32.655ms
[205.771s][info][gc,phases   ] GC(380) Pause Mark End 0.111ms
[205.774s][info][gc,phases   ] GC(380) Concurrent Process Non-Strong References 2.791ms
[205.774s][info][gc,phases   ] GC(380) Concurrent Reset Relocation Set 0.017ms
[205.776s][info][gc,phases   ] GC(380) Concurrent Select Relocation Set 1.530ms
[205.776s][info][gc,phases   ] GC(380) Pause Relocate Start 0.087ms
[205.776s][info][gc,phases   ] GC(380) Concurrent Relocate 0.459ms
[205.776s][info][gc,load     ] GC(380) Load: 0.00/0.00/0.00
[205.776s][info][gc,mmu      ] GC(380) MMU: 2ms/48.2%, 5ms/79.3%, 10ms/89.6%, 20ms/94.4%, 50ms/97.8%, 100ms/98.4%
[205.776s][info][gc,marking  ] GC(380) Mark: 1 stripe(s), 2 proactive flush(es), 1 terminate flush(es), 1 completion(s), 0 continuation(s) 
[205.776s][info][gc,nmethod  ] GC(380) NMethods: 2538 registered, 0 unregistered
[205.776s][info][gc,metaspace] GC(380) Metaspace: 8M used, 9M capacity, 9M committed, 1034M reserved
[205.776s][info][gc,ref      ] GC(380) Soft: 777 encountered, 0 discovered, 0 enqueued
[205.776s][info][gc,ref      ] GC(380) Weak: 1186 encountered, 745 discovered, 0 enqueued
[205.776s][info][gc,ref      ] GC(380) Final: 1 encountered, 1 discovered, 0 enqueued
[205.776s][info][gc,ref      ] GC(380) Phantom: 51 encountered, 42 discovered, 0 enqueued
[205.776s][info][gc,reloc    ] GC(380) Small Pages: 1376 / 2752M(99%), Empty: 2690M(96%), Compacting: 14M(1%)->2M(0%)
[205.776s][info][gc,reloc    ] GC(380) Medium Pages: 1 / 32M(1%), Empty: 0M(0%), Compacting: 0M(0%)->0M(0%)
[205.776s][info][gc,reloc    ] GC(380) Large Pages: 1 / 8M(0%), Empty: 0M(0%), Compacting: 0M(0%)->0M(0%)
[205.776s][info][gc,reloc    ] GC(380) Relocation: Successful
[205.777s][info][gc,heap     ] GC(380) Min Capacity: 42M(1%)
[205.777s][info][gc,heap     ] GC(380) Max Capacity: 4060M(100%)
[205.777s][info][gc,heap     ] GC(380) Soft Max Capacity: 4060M(100%)
[205.777s][info][gc,heap     ] GC(380)                Mark Start          Mark End        Relocate Start      Relocate End           High               Low         
[205.777s][info][gc,heap     ] GC(380)  Capacity:     3224M (79%)        3224M (79%)        3224M (79%)        3224M (79%)        3224M (79%)        3224M (79%)    
[205.777s][info][gc,heap     ] GC(380)   Reserve:       42M (1%)           42M (1%)           42M (1%)           42M (1%)           42M (1%)           42M (1%)     
[205.777s][info][gc,heap     ] GC(380)      Free:     1226M (30%)        1078M (27%)        3748M (92%)        3750M (92%)        3754M (92%)        1064M (26%)    
[205.777s][info][gc,heap     ] GC(380)      Used:     2792M (69%)        2940M (72%)         270M (7%)          268M (7%)         2954M (73%)         264M (7%)     
[205.777s][info][gc,heap     ] GC(380)      Live:         -                50M (1%)           50M (1%)           50M (1%)             -                  -          
[205.777s][info][gc,heap     ] GC(380) Allocated:         -               148M (4%)          168M (4%)          180M (4%)             -                  -          
[205.777s][info][gc,heap     ] GC(380)   Garbage:         -              2741M (68%)          51M (1%)           47M (1%)             -                  -          
[205.777s][info][gc,heap     ] GC(380) Reclaimed:         -                  -              2690M (66%)        2694M (66%)            -                  -          
[205.777s][info][gc          ] GC(380) Garbage Collection (Allocation Rate) 2792M(69%)->268M(7%)
[206.338s][info][gc,start    ] GC(381) Garbage Collection (Allocation Rate)
[206.338s][info][gc,phases   ] GC(381) Pause Mark Start 0.097ms
[206.370s][info][gc,phases   ] GC(381) Concurrent Mark 31.941ms
[206.370s][info][gc,phases   ] GC(381) Pause Mark End 0.066ms
[206.373s][info][gc,phases   ] GC(381) Concurrent Process Non-Strong References 2.670ms
[206.373s][info][gc,phases   ] GC(381) Concurrent Reset Relocation Set 0.018ms
[206.375s][info][gc,phases   ] GC(381) Concurrent Select Relocation Set 1.509ms
[206.375s][info][gc,phases   ] GC(381) Pause Relocate Start 0.086ms
[206.376s][info][gc,phases   ] GC(381) Concurrent Relocate 0.408ms
[206.376s][info][gc,load     ] GC(381) Load: 0.00/0.00/0.00
[206.376s][info][gc,mmu      ] GC(381) MMU: 2ms/48.2%, 5ms/79.3%, 10ms/89.6%, 20ms/94.4%, 50ms/97.8%, 100ms/98.4%
[206.376s][info][gc,marking  ] GC(381) Mark: 1 stripe(s), 2 proactive flush(es), 1 terminate flush(es), 1 completion(s), 0 continuation(s) 
[206.376s][info][gc,nmethod  ] GC(381) NMethods: 2540 registered, 0 unregistered
[206.376s][info][gc,metaspace] GC(381) Metaspace: 8M used, 9M capacity, 9M committed, 1034M reserved
[206.376s][info][gc,ref      ] GC(381) Soft: 777 encountered, 0 discovered, 0 enqueued
[206.376s][info][gc,ref      ] GC(381) Weak: 1186 encountered, 745 discovered, 0 enqueued
[206.376s][info][gc,ref      ] GC(381) Final: 1 encountered, 1 discovered, 0 enqueued
[206.376s][info][gc,ref      ] GC(381) Phantom: 51 encountered, 42 discovered, 0 enqueued
[206.376s][info][gc,reloc    ] GC(381) Small Pages: 1375 / 2750M(99%), Empty: 2690M(96%), Compacting: 18M(1%)->2M(0%)
[206.376s][info][gc,reloc    ] GC(381) Medium Pages: 1 / 32M(1%), Empty: 0M(0%), Compacting: 0M(0%)->0M(0%)
[206.376s][info][gc,reloc    ] GC(381) Large Pages: 1 / 8M(0%), Empty: 0M(0%), Compacting: 0M(0%)->0M(0%)
[206.376s][info][gc,reloc    ] GC(381) Relocation: Successful
[206.376s][info][gc,heap     ] GC(381) Min Capacity: 42M(1%)
[206.376s][info][gc,heap     ] GC(381) Max Capacity: 4060M(100%)
[206.376s][info][gc,heap     ] GC(381) Soft Max Capacity: 4060M(100%)
[206.376s][info][gc,heap     ] GC(381)                Mark Start          Mark End        Relocate Start      Relocate End           High               Low         
[206.376s][info][gc,heap     ] GC(381)  Capacity:     3224M (79%)        3224M (79%)        3224M (79%)        3224M (79%)        3224M (79%)        3224M (79%)    
[206.376s][info][gc,heap     ] GC(381)   Reserve:       42M (1%)           42M (1%)           42M (1%)           42M (1%)           42M (1%)           42M (1%)     
[206.376s][info][gc,heap     ] GC(381)      Free:     1228M (30%)        1084M (27%)        3754M (92%)        3760M (93%)        3760M (93%)        1070M (26%)    
[206.376s][info][gc,heap     ] GC(381)      Used:     2790M (69%)        2934M (72%)         264M (7%)          258M (6%)         2948M (73%)         258M (6%)     
[206.376s][info][gc,heap     ] GC(381)      Live:         -                45M (1%)           45M (1%)           45M (1%)             -                  -          
[206.376s][info][gc,heap     ] GC(381) Allocated:         -               144M (4%)          164M (4%)          176M (4%)             -                  -          
[206.376s][info][gc,heap     ] GC(381)   Garbage:         -              2744M (68%)          54M (1%)           46M (1%)             -                  -          
[206.376s][info][gc,heap     ] GC(381) Reclaimed:         -                  -              2690M (66%)        2698M (66%)            -                  -          
[206.376s][info][gc          ] GC(381) Garbage Collection (Allocation Rate) 2790M(69%)->258M(6%)
[206.938s][info][gc,start    ] GC(382) Garbage Collection (Allocation Rate)
[206.939s][info][gc,phases   ] GC(382) Pause Mark Start 0.061ms
[206.970s][info][gc,phases   ] GC(382) Concurrent Mark 31.532ms
[206.970s][info][gc,phases   ] GC(382) Pause Mark End 0.113ms
[206.973s][info][gc,phases   ] GC(382) Concurrent Process Non-Strong References 2.624ms
[206.973s][info][gc,phases   ] GC(382) Concurrent Reset Relocation Set 0.017ms
[206.975s][info][gc,phases   ] GC(382) Concurrent Select Relocation Set 2.066ms
[206.976s][info][gc,phases   ] GC(382) Pause Relocate Start 0.088ms
[206.981s][info][gc,phases   ] GC(382) Concurrent Relocate 5.062ms
[206.981s][info][gc,load     ] GC(382) Load: 0.00/0.00/0.00
[206.981s][info][gc,mmu      ] GC(382) MMU: 2ms/48.2%, 5ms/79.3%, 10ms/89.6%, 20ms/94.4%, 50ms/97.8%, 100ms/98.4%
[206.981s][info][gc,marking  ] GC(382) Mark: 1 stripe(s), 2 proactive flush(es), 1 terminate flush(es), 1 completion(s), 0 continuation(s) 
[206.981s][info][gc,nmethod  ] GC(382) NMethods: 2542 registered, 0 unregistered
[206.981s][info][gc,metaspace] GC(382) Metaspace: 8M used, 9M capacity, 9M committed, 1034M reserved
[206.981s][info][gc,ref      ] GC(382) Soft: 777 encountered, 0 discovered, 0 enqueued
[206.981s][info][gc,ref      ] GC(382) Weak: 1186 encountered, 745 discovered, 0 enqueued
[206.981s][info][gc,ref      ] GC(382) Final: 1 encountered, 1 discovered, 0 enqueued
[206.981s][info][gc,ref      ] GC(382) Phantom: 51 encountered, 42 discovered, 0 enqueued
[206.981s][info][gc,reloc    ] GC(382) Small Pages: 1371 / 2742M(99%), Empty: 2670M(96%), Compacting: 38M(1%)->10M(0%)
[206.981s][info][gc,reloc    ] GC(382) Medium Pages: 1 / 32M(1%), Empty: 0M(0%), Compacting: 0M(0%)->0M(0%)
[206.981s][info][gc,reloc    ] GC(382) Large Pages: 1 / 8M(0%), Empty: 0M(0%), Compacting: 0M(0%)->0M(0%)
[206.981s][info][gc,reloc    ] GC(382) Relocation: Successful
[206.981s][info][gc,heap     ] GC(382) Min Capacity: 42M(1%)
[206.981s][info][gc,heap     ] GC(382) Max Capacity: 4060M(100%)
[206.981s][info][gc,heap     ] GC(382) Soft Max Capacity: 4060M(100%)
[206.981s][info][gc,heap     ] GC(382)                Mark Start          Mark End        Relocate Start      Relocate End           High               Low         
[206.981s][info][gc,heap     ] GC(382)  Capacity:     3224M (79%)        3224M (79%)        3224M (79%)        3224M (79%)        3224M (79%)        3224M (79%)    
[206.981s][info][gc,heap     ] GC(382)   Reserve:       42M (1%)           42M (1%)           42M (1%)           42M (1%)           42M (1%)           42M (1%)     
[206.981s][info][gc,heap     ] GC(382)      Free:     1236M (30%)        1094M (27%)        3744M (92%)        3742M (92%)        3752M (92%)        1082M (27%)    
[206.981s][info][gc,heap     ] GC(382)      Used:     2782M (69%)        2924M (72%)         274M (7%)          276M (7%)         2936M (72%)         266M (7%)     
[206.981s][info][gc,heap     ] GC(382)      Live:         -                46M (1%)           46M (1%)           46M (1%)             -                  -          
[206.981s][info][gc,heap     ] GC(382) Allocated:         -               142M (3%)          162M (4%)          202M (5%)             -                  -          
[206.981s][info][gc,heap     ] GC(382)   Garbage:         -              2735M (67%)          65M (2%)           43M (1%)             -                  -          
[206.981s][info][gc,heap     ] GC(382) Reclaimed:         -                  -              2670M (66%)        2692M (66%)            -                  -          
[206.981s][info][gc          ] GC(382) Garbage Collection (Allocation Rate) 2782M(69%)->276M(7%)
[207.537s][info][gc,start    ] GC(383) Garbage Collection (Allocation Rate)
[207.537s][info][gc,phases   ] GC(383) Pause Mark Start 0.081ms
[207.573s][info][gc,phases   ] GC(383) Concurrent Mark 36.014ms
[207.574s][info][gc,phases   ] GC(383) Pause Mark End 0.206ms
[207.577s][info][gc,phases   ] GC(383) Concurrent Process Non-Strong References 2.878ms
[207.577s][info][gc,phases   ] GC(383) Concurrent Reset Relocation Set 0.028ms
[207.580s][info][gc,phases   ] GC(383) Concurrent Select Relocation Set 3.572ms
[207.581s][info][gc,phases   ] GC(383) Pause Relocate Start 0.125ms
[207.600s][info][gc,phases   ] GC(383) Concurrent Relocate 19.276ms
[207.600s][info][gc,load     ] GC(383) Load: 0.00/0.00/0.00
[207.600s][info][gc,mmu      ] GC(383) MMU: 2ms/48.2%, 5ms/79.3%, 10ms/89.6%, 20ms/94.4%, 50ms/97.8%, 100ms/98.4%
[207.600s][info][gc,marking  ] GC(383) Mark: 1 stripe(s), 2 proactive flush(es), 1 terminate flush(es), 1 completion(s), 0 continuation(s) 
[207.600s][info][gc,nmethod  ] GC(383) NMethods: 2543 registered, 0 unregistered
[207.600s][info][gc,metaspace] GC(383) Metaspace: 8M used, 9M capacity, 9M committed, 1034M reserved
[207.600s][info][gc,ref      ] GC(383) Soft: 777 encountered, 0 discovered, 0 enqueued
[207.600s][info][gc,ref      ] GC(383) Weak: 1186 encountered, 745 discovered, 0 enqueued
[207.600s][info][gc,ref      ] GC(383) Final: 1 encountered, 1 discovered, 0 enqueued
[207.600s][info][gc,ref      ] GC(383) Phantom: 51 encountered, 42 discovered, 0 enqueued
[207.600s][info][gc,reloc    ] GC(383) Small Pages: 1364 / 2728M(99%), Empty: 2616M(95%), Compacting: 94M(3%)->34M(1%)
[207.600s][info][gc,reloc    ] GC(383) Medium Pages: 1 / 32M(1%), Empty: 0M(0%), Compacting: 0M(0%)->0M(0%)
[207.600s][info][gc,reloc    ] GC(383) Large Pages: 1 / 8M(0%), Empty: 0M(0%), Compacting: 0M(0%)->0M(0%)
[207.600s][info][gc,reloc    ] GC(383) Relocation: Successful
[207.600s][info][gc,heap     ] GC(383) Min Capacity: 42M(1%)
[207.600s][info][gc,heap     ] GC(383) Max Capacity: 4060M(100%)
[207.600s][info][gc,heap     ] GC(383) Soft Max Capacity: 4060M(100%)
[207.600s][info][gc,heap     ] GC(383)                Mark Start          Mark End        Relocate Start      Relocate End           High               Low         
[207.600s][info][gc,heap     ] GC(383)  Capacity:     3224M (79%)        3224M (79%)        3224M (79%)        3224M (79%)        3224M (79%)        3224M (79%)    
[207.600s][info][gc,heap     ] GC(383)   Reserve:       42M (1%)           42M (1%)           42M (1%)           42M (1%)           42M (1%)           42M (1%)     
[207.600s][info][gc,heap     ] GC(383)      Free:     1250M (31%)        1090M (27%)        3678M (91%)        3650M (90%)        3692M (91%)        1078M (27%)    
[207.600s][info][gc,heap     ] GC(383)      Used:     2768M (68%)        2928M (72%)         340M (8%)          368M (9%)         2940M (72%)         326M (8%)     
[207.600s][info][gc,heap     ] GC(383)      Live:         -                53M (1%)           53M (1%)           53M (1%)             -                  -          
[207.600s][info][gc,heap     ] GC(383) Allocated:         -               160M (4%)          188M (5%)          310M (8%)             -                  -          
[207.600s][info][gc,heap     ] GC(383)   Garbage:         -              2714M (67%)          98M (2%)           42M (1%)             -                  -          
[207.600s][info][gc,heap     ] GC(383) Reclaimed:         -                  -              2616M (64%)        2672M (66%)            -                  -          
[207.600s][info][gc          ] GC(383) Garbage Collection (Allocation Rate) 2768M(68%)->368M(9%)
[208.138s][info][gc,start    ] GC(384) Garbage Collection (Allocation Rate)
[208.138s][info][gc,phases   ] GC(384) Pause Mark Start 0.078ms
[208.177s][info][gc,phases   ] GC(384) Concurrent Mark 38.696ms
[208.177s][info][gc,phases   ] GC(384) Pause Mark End 0.152ms
[208.180s][info][gc,phases   ] GC(384) Concurrent Process Non-Strong References 2.782ms
[208.180s][info][gc,phases   ] GC(384) Concurrent Reset Relocation Set 0.049ms
[208.183s][info][gc,phases   ] GC(384) Concurrent Select Relocation Set 2.931ms
[208.183s][info][gc,phases   ] GC(384) Pause Relocate Start 0.075ms
[208.213s][info][gc,phases   ] GC(384) Concurrent Relocate 29.242ms
[208.213s][info][gc,load     ] GC(384) Load: 0.00/0.00/0.00
[208.213s][info][gc,mmu      ] GC(384) MMU: 2ms/48.2%, 5ms/79.3%, 10ms/89.6%, 20ms/94.4%, 50ms/97.8%, 100ms/98.4%
[208.213s][info][gc,marking  ] GC(384) Mark: 1 stripe(s), 2 proactive flush(es), 1 terminate flush(es), 1 completion(s), 0 continuation(s) 
[208.213s][info][gc,nmethod  ] GC(384) NMethods: 2544 registered, 0 unregistered
[208.213s][info][gc,metaspace] GC(384) Metaspace: 8M used, 9M capacity, 9M committed, 1034M reserved
[208.213s][info][gc,ref      ] GC(384) Soft: 777 encountered, 0 discovered, 0 enqueued
[208.213s][info][gc,ref      ] GC(384) Weak: 1186 encountered, 745 discovered, 0 enqueued
[208.213s][info][gc,ref      ] GC(384) Final: 1 encountered, 1 discovered, 0 enqueued
[208.213s][info][gc,ref      ] GC(384) Phantom: 51 encountered, 42 discovered, 0 enqueued
[208.213s][info][gc,reloc    ] GC(384) Small Pages: 1368 / 2736M(99%), Empty: 2594M(93%), Compacting: 136M(5%)->52M(2%)
[208.213s][info][gc,reloc    ] GC(384) Medium Pages: 1 / 32M(1%), Empty: 0M(0%), Compacting: 0M(0%)->0M(0%)
[208.213s][info][gc,reloc    ] GC(384) Large Pages: 1 / 8M(0%), Empty: 0M(0%), Compacting: 0M(0%)->0M(0%)
[208.213s][info][gc,reloc    ] GC(384) Relocation: Successful
[208.213s][info][gc,heap     ] GC(384) Min Capacity: 42M(1%)
[208.213s][info][gc,heap     ] GC(384) Max Capacity: 4060M(100%)
[208.213s][info][gc,heap     ] GC(384) Soft Max Capacity: 4060M(100%)
[208.213s][info][gc,heap     ] GC(384)                Mark Start          Mark End        Relocate Start      Relocate End           High               Low         
[208.213s][info][gc,heap     ] GC(384)  Capacity:     3224M (79%)        3224M (79%)        3224M (79%)        3224M (79%)        3224M (79%)        3224M (79%)    
[208.213s][info][gc,heap     ] GC(384)   Reserve:       42M (1%)           42M (1%)           42M (1%)           42M (1%)           42M (1%)           42M (1%)     
[208.213s][info][gc,heap     ] GC(384)      Free:     1242M (31%)        1070M (26%)        3638M (90%)        3590M (88%)        3652M (90%)        1058M (26%)    
[208.213s][info][gc,heap     ] GC(384)      Used:     2776M (68%)        2948M (73%)         380M (9%)          428M (11%)        2960M (73%)         366M (9%)     
[208.213s][info][gc,heap     ] GC(384)      Live:         -                59M (1%)           59M (1%)           59M (1%)             -                  -          
[208.213s][info][gc,heap     ] GC(384) Allocated:         -               172M (4%)          198M (5%)          382M (9%)             -                  -          
[208.213s][info][gc,heap     ] GC(384)   Garbage:         -              2716M (67%)         122M (3%)           40M (1%)             -                  -          
[208.213s][info][gc,heap     ] GC(384) Reclaimed:         -                  -              2594M (64%)        2676M (66%)            -                  -          
[208.213s][info][gc          ] GC(384) Garbage Collection (Allocation Rate) 2776M(68%)->428M(11%)
[208.639s][info][gc,start    ] GC(385) Garbage Collection (Allocation Rate)
[208.639s][info][gc,phases   ] GC(385) Pause Mark Start 0.079ms
[208.673s][info][gc,phases   ] GC(385) Concurrent Mark 33.950ms
[208.673s][info][gc,phases   ] GC(385) Pause Mark End 0.133ms
[208.676s][info][gc,phases   ] GC(385) Concurrent Process Non-Strong References 2.703ms
[208.677s][info][gc,phases   ] GC(385) Concurrent Reset Relocation Set 1.045ms
[208.679s][info][gc,phases   ] GC(385) Concurrent Select Relocation Set 1.831ms
[208.679s][info][gc,phases   ] GC(385) Pause Relocate Start 0.079ms
[208.680s][info][gc,phases   ] GC(385) Concurrent Relocate 0.749ms
[208.680s][info][gc,load     ] GC(385) Load: 0.00/0.00/0.00
[208.680s][info][gc,mmu      ] GC(385) MMU: 2ms/48.2%, 5ms/79.3%, 10ms/89.6%, 20ms/94.4%, 50ms/97.8%, 100ms/98.4%
[208.680s][info][gc,marking  ] GC(385) Mark: 1 stripe(s), 2 proactive flush(es), 1 terminate flush(es), 1 completion(s), 0 continuation(s) 
[208.680s][info][gc,nmethod  ] GC(385) NMethods: 2546 registered, 0 unregistered
[208.680s][info][gc,metaspace] GC(385) Metaspace: 8M used, 9M capacity, 9M committed, 1034M reserved
[208.680s][info][gc,ref      ] GC(385) Soft: 777 encountered, 0 discovered, 0 enqueued
[208.680s][info][gc,ref      ] GC(385) Weak: 1186 encountered, 745 discovered, 0 enqueued
[208.680s][info][gc,ref      ] GC(385) Final: 1 encountered, 1 discovered, 0 enqueued
[208.680s][info][gc,ref      ] GC(385) Phantom: 51 encountered, 42 discovered, 0 enqueued
[208.680s][info][gc,reloc    ] GC(385) Small Pages: 1150 / 2300M(98%), Empty: 2234M(95%), Compacting: 16M(1%)->2M(0%)
[208.680s][info][gc,reloc    ] GC(385) Medium Pages: 1 / 32M(1%), Empty: 0M(0%), Compacting: 0M(0%)->0M(0%)
[208.680s][info][gc,reloc    ] GC(385) Large Pages: 1 / 8M(0%), Empty: 0M(0%), Compacting: 0M(0%)->0M(0%)
[208.680s][info][gc,reloc    ] GC(385) Relocation: Successful
[208.680s][info][gc,heap     ] GC(385) Min Capacity: 42M(1%)
[208.680s][info][gc,heap     ] GC(385) Max Capacity: 4060M(100%)
[208.680s][info][gc,heap     ] GC(385) Soft Max Capacity: 4060M(100%)
[208.680s][info][gc,heap     ] GC(385)                Mark Start          Mark End        Relocate Start      Relocate End           High               Low         
[208.680s][info][gc,heap     ] GC(385)  Capacity:     3224M (79%)        3224M (79%)        3224M (79%)        3224M (79%)        3224M (79%)        3224M (79%)    
[208.680s][info][gc,heap     ] GC(385)   Reserve:       42M (1%)           42M (1%)           42M (1%)           42M (1%)           42M (1%)           42M (1%)     
[208.680s][info][gc,heap     ] GC(385)      Free:     1678M (41%)        1524M (38%)        3734M (92%)        3736M (92%)        3742M (92%)        1508M (37%)    
[208.680s][info][gc,heap     ] GC(385)      Used:     2340M (58%)        2494M (61%)         284M (7%)          282M (7%)         2510M (62%)         276M (7%)     
[208.680s][info][gc,heap     ] GC(385)      Live:         -                52M (1%)           52M (1%)           52M (1%)             -                  -          
[208.680s][info][gc,heap     ] GC(385) Allocated:         -               154M (4%)          178M (4%)          192M (5%)             -                  -          
[208.680s][info][gc,heap     ] GC(385)   Garbage:         -              2287M (56%)          53M (1%)           47M (1%)             -                  -          
[208.680s][info][gc,heap     ] GC(385) Reclaimed:         -                  -              2234M (55%)        2240M (55%)            -                  -          
[208.680s][info][gc          ] GC(385) Garbage Collection (Allocation Rate) 2340M(58%)->282M(7%)
[209.237s][info][gc,start    ] GC(386) Garbage Collection (Allocation Rate)
[209.238s][info][gc,phases   ] GC(386) Pause Mark Start 0.090ms
[209.279s][info][gc,phases   ] GC(386) Concurrent Mark 40.923ms
[209.279s][info][gc,phases   ] GC(386) Pause Mark End 0.132ms
[209.282s][info][gc,phases   ] GC(386) Concurrent Process Non-Strong References 2.872ms
[209.282s][info][gc,phases   ] GC(386) Concurrent Reset Relocation Set 0.029ms
[209.287s][info][gc,phases   ] GC(386) Concurrent Select Relocation Set 5.516ms
[209.288s][info][gc,phases   ] GC(386) Pause Relocate Start 0.087ms
[209.317s][info][gc,phases   ] GC(386) Concurrent Relocate 29.498ms
[209.317s][info][gc,load     ] GC(386) Load: 0.00/0.00/0.00
[209.317s][info][gc,mmu      ] GC(386) MMU: 2ms/48.2%, 5ms/79.3%, 10ms/89.6%, 20ms/94.4%, 50ms/97.8%, 100ms/98.4%
[209.317s][info][gc,marking  ] GC(386) Mark: 1 stripe(s), 2 proactive flush(es), 1 terminate flush(es), 1 completion(s), 0 continuation(s) 
[209.317s][info][gc,nmethod  ] GC(386) NMethods: 2561 registered, 0 unregistered
[209.317s][info][gc,metaspace] GC(386) Metaspace: 8M used, 9M capacity, 9M committed, 1034M reserved
[209.317s][info][gc,ref      ] GC(386) Soft: 777 encountered, 0 discovered, 0 enqueued
[209.317s][info][gc,ref      ] GC(386) Weak: 1186 encountered, 745 discovered, 0 enqueued
[209.317s][info][gc,ref      ] GC(386) Final: 1 encountered, 1 discovered, 0 enqueued
[209.317s][info][gc,ref      ] GC(386) Phantom: 51 encountered, 42 discovered, 0 enqueued
[209.317s][info][gc,reloc    ] GC(386) Small Pages: 1335 / 2670M(99%), Empty: 2528M(93%), Compacting: 124M(5%)->46M(2%)
[209.317s][info][gc,reloc    ] GC(386) Medium Pages: 1 / 32M(1%), Empty: 0M(0%), Compacting: 0M(0%)->0M(0%)
[209.317s][info][gc,reloc    ] GC(386) Large Pages: 1 / 8M(0%), Empty: 0M(0%), Compacting: 0M(0%)->0M(0%)
[209.317s][info][gc,reloc    ] GC(386) Relocation: Successful
[209.317s][info][gc,heap     ] GC(386) Min Capacity: 42M(1%)
[209.317s][info][gc,heap     ] GC(386) Max Capacity: 4060M(100%)
[209.317s][info][gc,heap     ] GC(386) Soft Max Capacity: 4060M(100%)
[209.318s][info][gc,heap     ] GC(386)                Mark Start          Mark End        Relocate Start      Relocate End           High               Low         
[209.318s][info][gc,heap     ] GC(386)  Capacity:     3224M (79%)        3224M (79%)        3224M (79%)        3224M (79%)        3224M (79%)        3224M (79%)    
[209.318s][info][gc,heap     ] GC(386)   Reserve:       42M (1%)           42M (1%)           42M (1%)           42M (1%)           42M (1%)           42M (1%)     
[209.318s][info][gc,heap     ] GC(386)      Free:     1308M (32%)        1126M (28%)        3618M (89%)        3576M (88%)        3642M (90%)        1114M (27%)    
[209.318s][info][gc,heap     ] GC(386)      Used:     2710M (67%)        2892M (71%)         400M (10%)         442M (11%)        2904M (72%)         376M (9%)     
[209.318s][info][gc,heap     ] GC(386)      Live:         -                64M (2%)           64M (2%)           64M (2%)             -                  -          
[209.318s][info][gc,heap     ] GC(386) Allocated:         -               182M (4%)          218M (5%)          384M (9%)             -                  -          
[209.318s][info][gc,heap     ] GC(386)   Garbage:         -              2645M (65%)         117M (3%)           43M (1%)             -                  -          
[209.318s][info][gc,heap     ] GC(386) Reclaimed:         -                  -              2528M (62%)        2602M (64%)            -                  -          
[209.318s][info][gc          ] GC(386) Garbage Collection (Allocation Rate) 2710M(67%)->442M(11%)
[209.739s][info][gc,start    ] GC(387) Garbage Collection (Allocation Rate)
[209.739s][info][gc,phases   ] GC(387) Pause Mark Start 0.067ms
[209.778s][info][gc,phases   ] GC(387) Concurrent Mark 39.137ms
[209.778s][info][gc,phases   ] GC(387) Pause Mark End 0.117ms
[209.781s][info][gc,phases   ] GC(387) Concurrent Process Non-Strong References 2.909ms
[209.781s][info][gc,phases   ] GC(387) Concurrent Reset Relocation Set 0.066ms
[209.784s][info][gc,phases   ] GC(387) Concurrent Select Relocation Set 2.772ms
[209.784s][info][gc,phases   ] GC(387) Pause Relocate Start 0.082ms
[209.807s][info][gc,phases   ] GC(387) Concurrent Relocate 22.452ms
[209.807s][info][gc,load     ] GC(387) Load: 0.00/0.00/0.00
[209.807s][info][gc,mmu      ] GC(387) MMU: 2ms/48.2%, 5ms/79.3%, 10ms/89.6%, 20ms/94.4%, 50ms/97.8%, 100ms/98.4%
[209.807s][info][gc,marking  ] GC(387) Mark: 1 stripe(s), 2 proactive flush(es), 1 terminate flush(es), 1 completion(s), 0 continuation(s) 
[209.807s][info][gc,nmethod  ] GC(387) NMethods: 2564 registered, 0 unregistered
[209.807s][info][gc,metaspace] GC(387) Metaspace: 8M used, 9M capacity, 9M committed, 1034M reserved
[209.807s][info][gc,ref      ] GC(387) Soft: 777 encountered, 0 discovered, 0 enqueued
[209.807s][info][gc,ref      ] GC(387) Weak: 1186 encountered, 745 discovered, 0 enqueued
[209.807s][info][gc,ref      ] GC(387) Final: 1 encountered, 1 discovered, 0 enqueued
[209.807s][info][gc,ref      ] GC(387) Phantom: 51 encountered, 42 discovered, 0 enqueued
[209.807s][info][gc,reloc    ] GC(387) Small Pages: 1147 / 2294M(98%), Empty: 2150M(92%), Compacting: 136M(6%)->38M(2%)
[209.807s][info][gc,reloc    ] GC(387) Medium Pages: 1 / 32M(1%), Empty: 0M(0%), Compacting: 0M(0%)->0M(0%)
[209.807s][info][gc,reloc    ] GC(387) Large Pages: 1 / 8M(0%), Empty: 0M(0%), Compacting: 0M(0%)->0M(0%)
[209.807s][info][gc,reloc    ] GC(387) Relocation: Successful
[209.807s][info][gc,heap     ] GC(387) Min Capacity: 42M(1%)
[209.807s][info][gc,heap     ] GC(387) Max Capacity: 4060M(100%)
[209.807s][info][gc,heap     ] GC(387) Soft Max Capacity: 4060M(100%)
[209.807s][info][gc,heap     ] GC(387)                Mark Start          Mark End        Relocate Start      Relocate End           High               Low         
[209.807s][info][gc,heap     ] GC(387)  Capacity:     3224M (79%)        3224M (79%)        3224M (79%)        3224M (79%)        3224M (79%)        3224M (79%)    
[209.807s][info][gc,heap     ] GC(387)   Reserve:       42M (1%)           42M (1%)           42M (1%)           42M (1%)           42M (1%)           42M (1%)     
[209.807s][info][gc,heap     ] GC(387)      Free:     1684M (41%)        1510M (37%)        3636M (90%)        3628M (89%)        3652M (90%)        1498M (37%)    
[209.807s][info][gc,heap     ] GC(387)      Used:     2334M (57%)        2508M (62%)         382M (9%)          390M (10%)        2520M (62%)         366M (9%)     
[209.807s][info][gc,heap     ] GC(387)      Live:         -                47M (1%)           47M (1%)           47M (1%)             -                  -          
[209.807s][info][gc,heap     ] GC(387) Allocated:         -               174M (4%)          198M (5%)          342M (8%)             -                  -          
[209.807s][info][gc,heap     ] GC(387)   Garbage:         -              2286M (56%)         136M (3%)           44M (1%)             -                  -          
[209.807s][info][gc,heap     ] GC(387) Reclaimed:         -                  -              2150M (53%)        2242M (55%)            -                  -          
[209.807s][info][gc          ] GC(387) Garbage Collection (Allocation Rate) 2334M(57%)->390M(10%)
[210.038s][info][gc,stats    ] === Garbage Collection Statistics =======================================================================================================================
[210.038s][info][gc,stats    ]                                                              Last 10s              Last 10m              Last 10h                Total
[210.038s][info][gc,stats    ]                                                              Avg / Max             Avg / Max             Avg / Max             Avg / Max
[210.038s][info][gc,stats    ]   Collector: Garbage Collection Cycle                     58.434 / 80.032       61.206 / 153.808      61.206 / 153.808      61.206 / 153.808     ms
[210.038s][info][gc,stats    ]  Contention: Mark Segment Reset Contention                     0 / 0                 0 / 0                 0 / 0                 0 / 0           ops/s
[210.038s][info][gc,stats    ]  Contention: Mark SeqNum Reset Contention                      0 / 0                 0 / 0                 0 / 0                 0 / 0           ops/s
[210.038s][info][gc,stats    ]  Contention: Relocation Contention                             0 / 2                 0 / 2                 0 / 2                 0 / 2           ops/s
[210.038s][info][gc,stats    ]    Critical: Allocation Stall                              0.000 / 0.000         0.000 / 0.000         0.000 / 0.000         0.000 / 0.000       ms
[210.038s][info][gc,stats    ]    Critical: Allocation Stall                                  0 / 0                 0 / 0                 0 / 0                 0 / 0           ops/s
[210.038s][info][gc,stats    ]    Critical: GC Locker Stall                               0.000 / 0.000         0.000 / 0.000         0.000 / 0.000         0.000 / 0.000       ms
[210.038s][info][gc,stats    ]    Critical: GC Locker Stall                                   0 / 0                 0 / 0                 0 / 0                 0 / 0           ops/s
[210.038s][info][gc,stats    ]      Memory: Allocation Rate                                4441 / 4482           4613 / 4810           4613 / 4810           4613 / 4810        MB/s
[210.038s][info][gc,stats    ]      Memory: Heap Used After Mark                           2884 / 2980           2735 / 3180           2735 / 3180           2735 / 3180        MB
[210.038s][info][gc,stats    ]      Memory: Heap Used After Relocation                      353 / 442             334 / 476             334 / 476             334 / 476         MB
[210.038s][info][gc,stats    ]      Memory: Heap Used Before Mark                          2715 / 2792           2565 / 2998           2565 / 2998           2565 / 2998        MB
[210.038s][info][gc,stats    ]      Memory: Heap Used Before Relocation                     338 / 400             313 / 410             313 / 410             313 / 410         MB
[210.038s][info][gc,stats    ]      Memory: Out Of Memory                                     0 / 0                 0 / 0                 0 / 0                 0 / 0           ops/s
[210.038s][info][gc,stats    ]      Memory: Page Cache Flush                                  0 / 0                 0 / 0                 0 / 0                 0 / 0           MB/s
[210.038s][info][gc,stats    ]      Memory: Page Cache Hit L1                              2244 / 2265           2322 / 2439           2322 / 2439           2322 / 2439        ops/s
[210.038s][info][gc,stats    ]      Memory: Page Cache Hit L2                                 0 / 0                 0 / 0                 0 / 0                 0 / 0           ops/s
[210.038s][info][gc,stats    ]      Memory: Page Cache Hit L3                                 0 / 0                 0 / 103               0 / 103               0 / 103         ops/s
[210.038s][info][gc,stats    ]      Memory: Page Cache Miss                                   0 / 0                 0 / 0                 0 / 0                 0 / 0           ops/s
[210.038s][info][gc,stats    ]      Memory: Uncommit                                          0 / 0                 0 / 0                 0 / 0                 0 / 0           MB/s
[210.038s][info][gc,stats    ]      Memory: Undo Object Allocation Failed                     0 / 0                 0 / 0                 0 / 0                 0 / 0           ops/s
[210.038s][info][gc,stats    ]      Memory: Undo Object Allocation Succeeded                  0 / 2                 0 / 2                 0 / 2                 0 / 2           ops/s
[210.038s][info][gc,stats    ]      Memory: Undo Page Allocation                              0 / 0                 0 / 0                 0 / 0                 0 / 0           ops/s
[210.038s][info][gc,stats    ]       Phase: Concurrent Mark                              38.440 / 45.039       39.293 / 106.230      39.293 / 106.230      39.293 / 106.230     ms
[210.038s][info][gc,stats    ]       Phase: Concurrent Mark Continue                      0.000 / 0.000         0.000 / 0.000         0.000 / 0.000         0.000 / 0.000       ms
[210.038s][info][gc,stats    ]       Phase: Concurrent Process Non-Strong References      2.796 / 2.986         1.711 / 6.765         1.711 / 6.765         1.711 / 6.765       ms
[210.038s][info][gc,stats    ]       Phase: Concurrent Relocate                          13.366 / 29.498       15.472 / 40.994       15.472 / 40.994       15.472 / 40.994      ms
[210.038s][info][gc,stats    ]       Phase: Concurrent Reset Relocation Set               0.226 / 1.158         0.400 / 1.968         0.400 / 1.968         0.400 / 1.968       ms
[210.038s][info][gc,stats    ]       Phase: Concurrent Select Relocation Set              2.502 / 5.516         3.149 / 7.978         3.149 / 7.978         3.149 / 7.978       ms
[210.038s][info][gc,stats    ]       Phase: Pause Mark End                                0.122 / 0.206         0.250 / 1.037         0.250 / 1.037         0.250 / 1.037       ms
[210.038s][info][gc,stats    ]       Phase: Pause Mark Start                              0.079 / 0.106         0.071 / 0.509         0.071 / 0.509         0.071 / 0.509       ms
[210.038s][info][gc,stats    ]       Phase: Pause Relocate Start                          0.084 / 0.125         0.072 / 0.152         0.072 / 0.152         0.072 / 0.152       ms
[210.038s][info][gc,stats    ]    Subphase: Concurrent Classes Purge                      0.128 / 0.150         0.093 / 0.200         0.093 / 0.200         0.093 / 0.200       ms
[210.038s][info][gc,stats    ]    Subphase: Concurrent Classes Unlink                     2.232 / 2.430         1.282 / 5.156         1.282 / 5.156         1.282 / 5.156       ms
[210.038s][info][gc,stats    ]    Subphase: Concurrent Mark                              38.258 / 44.852       39.156 / 106.127      39.156 / 106.127      39.156 / 106.127     ms
[210.038s][info][gc,stats    ]    Subphase: Concurrent Mark Idle                          0.000 / 0.000         0.000 / 0.000         0.000 / 0.000         0.000 / 0.000       ms
[210.038s][info][gc,stats    ]    Subphase: Concurrent Mark Try Flush                     0.077 / 0.111         0.070 / 0.160         0.070 / 0.160         0.070 / 0.160       ms
[210.038s][info][gc,stats    ]    Subphase: Concurrent Mark Try Terminate                 0.035 / 0.094         0.031 / 0.107         0.031 / 0.107         0.031 / 0.107       ms
[210.038s][info][gc,stats    ]    Subphase: Concurrent References Enqueue                 0.000 / 0.002         0.000 / 0.003         0.000 / 0.003         0.000 / 0.003       ms
[210.038s][info][gc,stats    ]    Subphase: Concurrent References Process                 0.101 / 0.140         0.060 / 0.140         0.060 / 0.140         0.060 / 0.140       ms
[210.038s][info][gc,stats    ]    Subphase: Concurrent Roots                              0.068 / 0.084         0.049 / 0.196         0.049 / 0.196         0.049 / 0.196       ms
[210.038s][info][gc,stats    ]    Subphase: Concurrent Roots ClassLoaderDataGraph         0.063 / 0.079         0.044 / 0.184         0.044 / 0.184         0.044 / 0.184       ms
[210.038s][info][gc,stats    ]    Subphase: Concurrent Roots JNIHandles                   0.002 / 0.003         0.002 / 0.009         0.002 / 0.009         0.002 / 0.009       ms
[210.038s][info][gc,stats    ]    Subphase: Concurrent Roots Setup                        0.009 / 0.011         0.003 / 0.012         0.003 / 0.012         0.003 / 0.012       ms
[210.038s][info][gc,stats    ]    Subphase: Concurrent Roots Teardown                     0.000 / 0.000         0.000 / 0.000         0.000 / 0.000         0.000 / 0.000       ms
[210.038s][info][gc,stats    ]    Subphase: Concurrent Roots VMHandles                    0.003 / 0.004         0.002 / 0.007         0.002 / 0.007         0.002 / 0.007       ms
[210.038s][info][gc,stats    ]    Subphase: Concurrent Weak Roots                         0.221 / 0.246         0.168 / 0.490         0.168 / 0.490         0.168 / 0.490       ms
[210.038s][info][gc,stats    ]    Subphase: Concurrent Weak Roots JNIWeakHandles          0.000 / 0.001         0.000 / 0.001         0.000 / 0.001         0.000 / 0.001       ms
[210.038s][info][gc,stats    ]    Subphase: Concurrent Weak Roots ResolvedMethodTable     0.013 / 0.014         0.007 / 0.042         0.007 / 0.042         0.007 / 0.042       ms
[210.038s][info][gc,stats    ]    Subphase: Concurrent Weak Roots StringTable             0.199 / 0.224         0.158 / 0.432         0.158 / 0.432         0.158 / 0.432       ms
[210.038s][info][gc,stats    ]    Subphase: Concurrent Weak Roots VMWeakHandles           0.008 / 0.010         0.003 / 0.016         0.003 / 0.016         0.003 / 0.016       ms
[210.038s][info][gc,stats    ]    Subphase: Pause Mark Try Complete                       0.013 / 0.015         0.138 / 0.982         0.138 / 0.982         0.138 / 0.982       ms
[210.038s][info][gc,stats    ]    Subphase: Pause Roots                                   0.027 / 0.068         0.014 / 0.487         0.014 / 0.487         0.014 / 0.487       ms
[210.038s][info][gc,stats    ]    Subphase: Pause Roots CodeCache                         0.000 / 0.000         0.000 / 0.000         0.000 / 0.000         0.000 / 0.000       ms
[210.038s][info][gc,stats    ]    Subphase: Pause Roots JVMTIExport                       0.001 / 0.001         0.001 / 0.004         0.001 / 0.004         0.001 / 0.004       ms
[210.038s][info][gc,stats    ]    Subphase: Pause Roots JVMTIWeakExport                   0.001 / 0.001         0.001 / 0.003         0.001 / 0.003         0.001 / 0.003       ms
[210.038s][info][gc,stats    ]    Subphase: Pause Roots Java Threads                      0.026 / 0.064         0.020 / 0.484         0.020 / 0.484         0.020 / 0.484       ms
[210.038s][info][gc,stats    ]    Subphase: Pause Roots Management                        0.001 / 0.003         0.001 / 0.011         0.001 / 0.011         0.001 / 0.011       ms
[210.038s][info][gc,stats    ]    Subphase: Pause Roots ObjectSynchronizer                0.000 / 0.001         0.000 / 0.022         0.000 / 0.022         0.000 / 0.022       ms
[210.038s][info][gc,stats    ]    Subphase: Pause Roots Setup                             0.000 / 0.001         0.000 / 0.002         0.000 / 0.002         0.000 / 0.002       ms
[210.038s][info][gc,stats    ]    Subphase: Pause Roots Teardown                          0.000 / 0.001         0.000 / 0.002         0.000 / 0.002         0.000 / 0.002       ms
[210.038s][info][gc,stats    ]    Subphase: Pause Roots Universe                          0.001 / 0.003         0.001 / 0.015         0.001 / 0.015         0.001 / 0.015       ms
[210.038s][info][gc,stats    ]    Subphase: Pause Roots VM Thread                         0.001 / 0.002         0.001 / 0.003         0.001 / 0.003         0.001 / 0.003       ms
[210.038s][info][gc,stats    ]    Subphase: Pause Weak Roots                              0.003 / 0.015         0.003 / 0.086         0.003 / 0.086         0.003 / 0.086       ms
[210.038s][info][gc,stats    ]    Subphase: Pause Weak Roots JFRWeak                      0.012 / 0.015         0.012 / 0.082         0.012 / 0.082         0.012 / 0.082       ms
[210.038s][info][gc,stats    ]    Subphase: Pause Weak Roots JVMTIWeakExport              0.001 / 0.001         0.001 / 0.006         0.001 / 0.006         0.001 / 0.006       ms
[210.038s][info][gc,stats    ]    Subphase: Pause Weak Roots Setup                        0.000 / 0.000         0.000 / 0.001         0.000 / 0.001         0.000 / 0.001       ms
[210.038s][info][gc,stats    ]    Subphase: Pause Weak Roots Teardown                     0.000 / 0.000         0.000 / 0.000         0.000 / 0.000         0.000 / 0.000       ms
[210.038s][info][gc,stats    ]      System: Java Threads                                     22 / 22               14 / 23               14 / 23               14 / 23          threads
[210.038s][info][gc,stats    ] =========================================================================================================================================================
[210.338s][info][gc,start    ] GC(388) Garbage Collection (Allocation Rate)
[210.338s][info][gc,phases   ] GC(388) Pause Mark Start 0.063ms
[210.379s][info][gc,phases   ] GC(388) Concurrent Mark 41.180ms
[210.380s][info][gc,phases   ] GC(388) Pause Mark End 0.102ms
[210.382s][info][gc,phases   ] GC(388) Concurrent Process Non-Strong References 2.812ms
[210.383s][info][gc,phases   ] GC(388) Concurrent Reset Relocation Set 0.092ms
[210.385s][info][gc,phases   ] GC(388) Concurrent Select Relocation Set 2.099ms
[210.385s][info][gc,phases   ] GC(388) Pause Relocate Start 0.088ms
[210.409s][info][gc,phases   ] GC(388) Concurrent Relocate 24.170ms
[210.409s][info][gc,load     ] GC(388) Load: 0.00/0.00/0.00
[210.409s][info][gc,mmu      ] GC(388) MMU: 2ms/48.2%, 5ms/79.3%, 10ms/89.6%, 20ms/94.4%, 50ms/97.8%, 100ms/98.4%
[210.409s][info][gc,marking  ] GC(388) Mark: 1 stripe(s), 2 proactive flush(es), 1 terminate flush(es), 1 completion(s), 0 continuation(s) 
[210.409s][info][gc,nmethod  ] GC(388) NMethods: 2564 registered, 0 unregistered
[210.409s][info][gc,metaspace] GC(388) Metaspace: 8M used, 9M capacity, 9M committed, 1034M reserved
[210.409s][info][gc,ref      ] GC(388) Soft: 777 encountered, 0 discovered, 0 enqueued
[210.409s][info][gc,ref      ] GC(388) Weak: 1186 encountered, 745 discovered, 0 enqueued
[210.409s][info][gc,ref      ] GC(388) Final: 1 encountered, 1 discovered, 0 enqueued
[210.409s][info][gc,ref      ] GC(388) Phantom: 51 encountered, 42 discovered, 0 enqueued
[210.409s][info][gc,reloc    ] GC(388) Small Pages: 1353 / 2706M(99%), Empty: 2572M(94%), Compacting: 112M(4%)->42M(2%)
[210.409s][info][gc,reloc    ] GC(388) Medium Pages: 1 / 32M(1%), Empty: 0M(0%), Compacting: 0M(0%)->0M(0%)
[210.409s][info][gc,reloc    ] GC(388) Large Pages: 1 / 8M(0%), Empty: 0M(0%), Compacting: 0M(0%)->0M(0%)
[210.409s][info][gc,reloc    ] GC(388) Relocation: Successful
[210.409s][info][gc,heap     ] GC(388) Min Capacity: 42M(1%)
[210.409s][info][gc,heap     ] GC(388) Max Capacity: 4060M(100%)
[210.409s][info][gc,heap     ] GC(388) Soft Max Capacity: 4060M(100%)
[210.409s][info][gc,heap     ] GC(388)                Mark Start          Mark End        Relocate Start      Relocate End           High               Low         
[210.409s][info][gc,heap     ] GC(388)  Capacity:     3224M (79%)        3224M (79%)        3224M (79%)        3224M (79%)        3224M (79%)        3224M (79%)    
[210.409s][info][gc,heap     ] GC(388)   Reserve:       42M (1%)           42M (1%)           42M (1%)           42M (1%)           42M (1%)           42M (1%)     
[210.409s][info][gc,heap     ] GC(388)      Free:     1272M (31%)        1088M (27%)        3638M (90%)        3598M (89%)        3646M (90%)        1076M (27%)    
[210.409s][info][gc,heap     ] GC(388)      Used:     2746M (68%)        2930M (72%)         380M (9%)          420M (10%)        2942M (72%)         372M (9%)     
[210.409s][info][gc,heap     ] GC(388)      Live:         -                63M (2%)           63M (2%)           63M (2%)             -                  -          
[210.409s][info][gc,heap     ] GC(388) Allocated:         -               184M (5%)          206M (5%)          358M (9%)             -                  -          
[210.409s][info][gc,heap     ] GC(388)   Garbage:         -              2682M (66%)         110M (3%)           42M (1%)             -                  -          
[210.409s][info][gc,heap     ] GC(388) Reclaimed:         -                  -              2572M (63%)        2640M (65%)            -                  -          
[210.409s][info][gc          ] GC(388) Garbage Collection (Allocation Rate) 2746M(68%)->420M(10%)
[210.938s][info][gc,start    ] GC(389) Garbage Collection (Allocation Rate)
[210.938s][info][gc,phases   ] GC(389) Pause Mark Start 0.082ms
[210.980s][info][gc,phases   ] GC(389) Concurrent Mark 41.860ms
[210.981s][info][gc,phases   ] GC(389) Pause Mark End 0.106ms
[210.984s][info][gc,phases   ] GC(389) Concurrent Process Non-Strong References 2.889ms
[210.984s][info][gc,phases   ] GC(389) Concurrent Reset Relocation Set 0.083ms
[210.986s][info][gc,phases   ] GC(389) Concurrent Select Relocation Set 1.970ms
[210.986s][info][gc,phases   ] GC(389) Pause Relocate Start 0.070ms
[211.001s][info][gc,phases   ] GC(389) Concurrent Relocate 14.809ms
[211.001s][info][gc,load     ] GC(389) Load: 0.00/0.00/0.00
[211.001s][info][gc,mmu      ] GC(389) MMU: 2ms/48.2%, 5ms/79.3%, 10ms/89.6%, 20ms/94.4%, 50ms/97.8%, 100ms/98.4%
[211.001s][info][gc,marking  ] GC(389) Mark: 1 stripe(s), 2 proactive flush(es), 1 terminate flush(es), 1 completion(s), 0 continuation(s) 
[211.001s][info][gc,nmethod  ] GC(389) NMethods: 2565 registered, 0 unregistered
[211.001s][info][gc,metaspace] GC(389) Metaspace: 8M used, 9M capacity, 9M committed, 1034M reserved
[211.001s][info][gc,ref      ] GC(389) Soft: 777 encountered, 0 discovered, 0 enqueued
[211.001s][info][gc,ref      ] GC(389) Weak: 1186 encountered, 745 discovered, 0 enqueued
[211.001s][info][gc,ref      ] GC(389) Final: 1 encountered, 1 discovered, 0 enqueued
[211.001s][info][gc,ref      ] GC(389) Phantom: 51 encountered, 42 discovered, 0 enqueued
[211.001s][info][gc,reloc    ] GC(389) Small Pages: 1373 / 2746M(99%), Empty: 2628M(94%), Compacting: 76M(3%)->26M(1%)
[211.001s][info][gc,reloc    ] GC(389) Medium Pages: 1 / 32M(1%), Empty: 0M(0%), Compacting: 0M(0%)->0M(0%)
[211.001s][info][gc,reloc    ] GC(389) Large Pages: 1 / 8M(0%), Empty: 0M(0%), Compacting: 0M(0%)->0M(0%)
[211.001s][info][gc,reloc    ] GC(389) Relocation: Successful
[211.001s][info][gc,heap     ] GC(389) Min Capacity: 42M(1%)
[211.001s][info][gc,heap     ] GC(389) Max Capacity: 4060M(100%)
[211.001s][info][gc,heap     ] GC(389) Soft Max Capacity: 4060M(100%)
[211.001s][info][gc,heap     ] GC(389)                Mark Start          Mark End        Relocate Start      Relocate End           High               Low         
[211.001s][info][gc,heap     ] GC(389)  Capacity:     3224M (79%)        3224M (79%)        3224M (79%)        3224M (79%)        3224M (79%)        3224M (79%)    
[211.001s][info][gc,heap     ] GC(389)   Reserve:       42M (1%)           42M (1%)           42M (1%)           42M (1%)           42M (1%)           42M (1%)     
[211.001s][info][gc,heap     ] GC(389)      Free:     1232M (30%)        1046M (26%)        3652M (90%)        3634M (90%)        3660M (90%)        1032M (25%)    
[211.001s][info][gc,heap     ] GC(389)      Used:     2786M (69%)        2972M (73%)         366M (9%)          384M (9%)         2986M (74%)         358M (9%)     
[211.001s][info][gc,heap     ] GC(389)      Live:         -                67M (2%)           67M (2%)           67M (2%)             -                  -          
[211.001s][info][gc,heap     ] GC(389) Allocated:         -               186M (5%)          208M (5%)          302M (7%)             -                  -          
[211.001s][info][gc,heap     ] GC(389)   Garbage:         -              2718M (67%)          90M (2%)           42M (1%)             -                  -          
[211.001s][info][gc,heap     ] GC(389) Reclaimed:         -                  -              2628M (65%)        2676M (66%)            -                  -          
[211.001s][info][gc          ] GC(389) Garbage Collection (Allocation Rate) 2786M(69%)->384M(9%)
[211.539s][info][gc,start    ] GC(390) Garbage Collection (Allocation Rate)
[211.539s][info][gc,phases   ] GC(390) Pause Mark Start 0.078ms
[211.581s][info][gc,phases   ] GC(390) Concurrent Mark 42.026ms
[211.581s][info][gc,phases   ] GC(390) Pause Mark End 0.133ms
[211.584s][info][gc,phases   ] GC(390) Concurrent Process Non-Strong References 2.846ms
[211.584s][info][gc,phases   ] GC(390) Concurrent Reset Relocation Set 0.063ms
[211.586s][info][gc,phases   ] GC(390) Concurrent Select Relocation Set 1.851ms
[211.586s][info][gc,phases   ] GC(390) Pause Relocate Start 0.071ms
[211.597s][info][gc,phases   ] GC(390) Concurrent Relocate 10.372ms
[211.597s][info][gc,load     ] GC(390) Load: 0.00/0.00/0.00
[211.597s][info][gc,mmu      ] GC(390) MMU: 2ms/48.2%, 5ms/79.3%, 10ms/89.6%, 20ms/94.4%, 50ms/97.8%, 100ms/98.4%
[211.597s][info][gc,marking  ] GC(390) Mark: 1 stripe(s), 2 proactive flush(es), 1 terminate flush(es), 1 completion(s), 0 continuation(s) 
[211.597s][info][gc,nmethod  ] GC(390) NMethods: 2565 registered, 0 unregistered
[211.597s][info][gc,metaspace] GC(390) Metaspace: 8M used, 9M capacity, 9M committed, 1034M reserved
[211.597s][info][gc,ref      ] GC(390) Soft: 777 encountered, 0 discovered, 0 enqueued
[211.597s][info][gc,ref      ] GC(390) Weak: 1186 encountered, 745 discovered, 0 enqueued
[211.597s][info][gc,ref      ] GC(390) Final: 1 encountered, 1 discovered, 0 enqueued
[211.597s][info][gc,ref      ] GC(390) Phantom: 51 encountered, 42 discovered, 0 enqueued
[211.597s][info][gc,reloc    ] GC(390) Small Pages: 1377 / 2754M(99%), Empty: 2650M(95%), Compacting: 52M(2%)->18M(1%)
[211.597s][info][gc,reloc    ] GC(390) Medium Pages: 1 / 32M(1%), Empty: 0M(0%), Compacting: 0M(0%)->0M(0%)
[211.597s][info][gc,reloc    ] GC(390) Large Pages: 1 / 8M(0%), Empty: 0M(0%), Compacting: 0M(0%)->0M(0%)
[211.597s][info][gc,reloc    ] GC(390) Relocation: Successful
[211.597s][info][gc,heap     ] GC(390) Min Capacity: 42M(1%)
[211.597s][info][gc,heap     ] GC(390) Max Capacity: 4060M(100%)
[211.597s][info][gc,heap     ] GC(390) Soft Max Capacity: 4060M(100%)
[211.597s][info][gc,heap     ] GC(390)                Mark Start          Mark End        Relocate Start      Relocate End           High               Low         
[211.597s][info][gc,heap     ] GC(390)  Capacity:     3224M (79%)        3224M (79%)        3224M (79%)        3224M (79%)        3224M (79%)        3224M (79%)    
[211.597s][info][gc,heap     ] GC(390)   Reserve:       42M (1%)           42M (1%)           42M (1%)           42M (1%)           42M (1%)           42M (1%)     
[211.597s][info][gc,heap     ] GC(390)      Free:     1224M (30%)        1034M (25%)        3662M (90%)        3646M (90%)        3670M (90%)        1020M (25%)    
[211.597s][info][gc,heap     ] GC(390)      Used:     2794M (69%)        2984M (73%)         356M (9%)          372M (9%)         2998M (74%)         348M (9%)     
[211.597s][info][gc,heap     ] GC(390)      Live:         -                69M (2%)           69M (2%)           69M (2%)             -                  -          
[211.597s][info][gc,heap     ] GC(390) Allocated:         -               190M (5%)          212M (5%)          280M (7%)             -                  -          
[211.597s][info][gc,heap     ] GC(390)   Garbage:         -              2724M (67%)          74M (2%)           44M (1%)             -                  -          
[211.597s][info][gc,heap     ] GC(390) Reclaimed:         -                  -              2650M (65%)        2680M (66%)            -                  -          
[211.597s][info][gc          ] GC(390) Garbage Collection (Allocation Rate) 2794M(69%)->372M(9%)
[212.138s][info][gc,start    ] GC(391) Garbage Collection (Allocation Rate)
[212.138s][info][gc,phases   ] GC(391) Pause Mark Start 0.080ms
[212.181s][info][gc,phases   ] GC(391) Concurrent Mark 42.672ms
[212.181s][info][gc,phases   ] GC(391) Pause Mark End 0.116ms
[212.184s][info][gc,phases   ] GC(391) Concurrent Process Non-Strong References 2.941ms
[212.184s][info][gc,phases   ] GC(391) Concurrent Reset Relocation Set 0.050ms
[212.186s][info][gc,phases   ] GC(391) Concurrent Select Relocation Set 1.730ms
[212.186s][info][gc,phases   ] GC(391) Pause Relocate Start 0.081ms
[212.190s][info][gc,phases   ] GC(391) Concurrent Relocate 3.892ms
[212.190s][info][gc,load     ] GC(391) Load: 0.00/0.00/0.00
[212.190s][info][gc,mmu      ] GC(391) MMU: 2ms/48.2%, 5ms/79.3%, 10ms/89.6%, 20ms/94.4%, 50ms/97.8%, 100ms/98.4%
[212.190s][info][gc,marking  ] GC(391) Mark: 1 stripe(s), 2 proactive flush(es), 1 terminate flush(es), 1 completion(s), 0 continuation(s) 
[212.190s][info][gc,nmethod  ] GC(391) NMethods: 2566 registered, 0 unregistered
[212.190s][info][gc,metaspace] GC(391) Metaspace: 8M used, 9M capacity, 9M committed, 1034M reserved
[212.190s][info][gc,ref      ] GC(391) Soft: 777 encountered, 0 discovered, 0 enqueued
[212.190s][info][gc,ref      ] GC(391) Weak: 1186 encountered, 745 discovered, 0 enqueued
[212.190s][info][gc,ref      ] GC(391) Final: 1 encountered, 1 discovered, 0 enqueued
[212.190s][info][gc,ref      ] GC(391) Phantom: 51 encountered, 42 discovered, 0 enqueued
[212.190s][info][gc,reloc    ] GC(391) Small Pages: 1382 / 2764M(99%), Empty: 2668M(95%), Compacting: 30M(1%)->8M(0%)
[212.190s][info][gc,reloc    ] GC(391) Medium Pages: 1 / 32M(1%), Empty: 0M(0%), Compacting: 0M(0%)->0M(0%)
[212.190s][info][gc,reloc    ] GC(391) Large Pages: 1 / 8M(0%), Empty: 0M(0%), Compacting: 0M(0%)->0M(0%)
[212.190s][info][gc,reloc    ] GC(391) Relocation: Successful
[212.190s][info][gc,heap     ] GC(391) Min Capacity: 42M(1%)
[212.190s][info][gc,heap     ] GC(391) Max Capacity: 4060M(100%)
[212.190s][info][gc,heap     ] GC(391) Soft Max Capacity: 4060M(100%)
[212.190s][info][gc,heap     ] GC(391)                Mark Start          Mark End        Relocate Start      Relocate End           High               Low         
[212.190s][info][gc,heap     ] GC(391)  Capacity:     3224M (79%)        3224M (79%)        3224M (79%)        3224M (79%)        3224M (79%)        3224M (79%)    
[212.190s][info][gc,heap     ] GC(391)   Reserve:       42M (1%)           42M (1%)           42M (1%)           42M (1%)           42M (1%)           42M (1%)     
[212.191s][info][gc,heap     ] GC(391)      Free:     1214M (30%)        1022M (25%)        3670M (90%)        3670M (90%)        3676M (91%)        1010M (25%)    
[212.191s][info][gc,heap     ] GC(391)      Used:     2804M (69%)        2996M (74%)         348M (9%)          348M (9%)         3008M (74%)         342M (8%)     
[212.191s][info][gc,heap     ] GC(391)      Live:         -                71M (2%)           71M (2%)           71M (2%)             -                  -          
[212.191s][info][gc,heap     ] GC(391) Allocated:         -               192M (5%)          212M (5%)          242M (6%)             -                  -          
[212.191s][info][gc,heap     ] GC(391)   Garbage:         -              2732M (67%)          64M (2%)           46M (1%)             -                  -          
[212.191s][info][gc,heap     ] GC(391) Reclaimed:         -                  -              2668M (66%)        2686M (66%)            -                  -          
[212.191s][info][gc          ] GC(391) Garbage Collection (Allocation Rate) 2804M(69%)->348M(9%)
[212.738s][info][gc,start    ] GC(392) Garbage Collection (Allocation Rate)
[212.738s][info][gc,phases   ] GC(392) Pause Mark Start 0.103ms
[212.781s][info][gc,phases   ] GC(392) Concurrent Mark 42.634ms
[212.781s][info][gc,phases   ] GC(392) Pause Mark End 0.109ms
[212.784s][info][gc,phases   ] GC(392) Concurrent Process Non-Strong References 2.708ms
[212.784s][info][gc,phases   ] GC(392) Concurrent Reset Relocation Set 0.035ms
[212.786s][info][gc,phases   ] GC(392) Concurrent Select Relocation Set 1.430ms
[212.786s][info][gc,phases   ] GC(392) Pause Relocate Start 0.086ms
[212.787s][info][gc,phases   ] GC(392) Concurrent Relocate 0.881ms
[212.787s][info][gc,load     ] GC(392) Load: 0.00/0.00/0.00
[212.787s][info][gc,mmu      ] GC(392) MMU: 2ms/48.2%, 5ms/79.3%, 10ms/89.6%, 20ms/94.4%, 50ms/97.8%, 100ms/98.4%
[212.787s][info][gc,marking  ] GC(392) Mark: 1 stripe(s), 2 proactive flush(es), 1 terminate flush(es), 1 completion(s), 0 continuation(s) 
[212.787s][info][gc,nmethod  ] GC(392) NMethods: 2566 registered, 0 unregistered
[212.787s][info][gc,metaspace] GC(392) Metaspace: 8M used, 9M capacity, 9M committed, 1034M reserved
[212.787s][info][gc,ref      ] GC(392) Soft: 777 encountered, 0 discovered, 0 enqueued
[212.787s][info][gc,ref      ] GC(392) Weak: 1186 encountered, 745 discovered, 0 enqueued
[212.787s][info][gc,ref      ] GC(392) Final: 1 encountered, 1 discovered, 0 enqueued
[212.787s][info][gc,ref      ] GC(392) Phantom: 51 encountered, 42 discovered, 0 enqueued
[212.787s][info][gc,reloc    ] GC(392) Small Pages: 1383 / 2766M(99%), Empty: 2680M(96%), Compacting: 14M(0%)->2M(0%)
[212.787s][info][gc,reloc    ] GC(392) Medium Pages: 1 / 32M(1%), Empty: 0M(0%), Compacting: 0M(0%)->0M(0%)
[212.787s][info][gc,reloc    ] GC(392) Large Pages: 1 / 8M(0%), Empty: 0M(0%), Compacting: 0M(0%)->0M(0%)
[212.787s][info][gc,reloc    ] GC(392) Relocation: Successful
[212.787s][info][gc,heap     ] GC(392) Min Capacity: 42M(1%)
[212.787s][info][gc,heap     ] GC(392) Max Capacity: 4060M(100%)
[212.787s][info][gc,heap     ] GC(392) Soft Max Capacity: 4060M(100%)
[212.787s][info][gc,heap     ] GC(392)                Mark Start          Mark End        Relocate Start      Relocate End           High               Low         
[212.787s][info][gc,heap     ] GC(392)  Capacity:     3224M (79%)        3224M (79%)        3224M (79%)        3224M (79%)        3224M (79%)        3224M (79%)    
[212.787s][info][gc,heap     ] GC(392)   Reserve:       42M (1%)           42M (1%)           42M (1%)           42M (1%)           42M (1%)           42M (1%)     
[212.787s][info][gc,heap     ] GC(392)      Free:     1212M (30%)        1020M (25%)        3682M (91%)        3686M (91%)        3686M (91%)        1008M (25%)    
[212.787s][info][gc,heap     ] GC(392)      Used:     2806M (69%)        2998M (74%)         336M (8%)          332M (8%)         3010M (74%)         332M (8%)     
[212.787s][info][gc,heap     ] GC(392)      Live:         -                72M (2%)           72M (2%)           72M (2%)             -                  -          
[212.787s][info][gc,heap     ] GC(392) Allocated:         -               192M (5%)          210M (5%)          220M (5%)             -                  -          
[212.787s][info][gc,heap     ] GC(392)   Garbage:         -              2733M (67%)          53M (1%)           47M (1%)             -                  -          
[212.787s][info][gc,heap     ] GC(392) Reclaimed:         -                  -              2680M (66%)        2686M (66%)            -                  -          
[212.787s][info][gc          ] GC(392) Garbage Collection (Allocation Rate) 2806M(69%)->332M(8%)
[213.438s][info][gc,start    ] GC(393) Garbage Collection (Allocation Rate)
[213.438s][info][gc,phases   ] GC(393) Pause Mark Start 0.117ms
[213.482s][info][gc,phases   ] GC(393) Concurrent Mark 43.957ms
[213.483s][info][gc,phases   ] GC(393) Pause Mark End 0.110ms
[213.485s][info][gc,phases   ] GC(393) Concurrent Process Non-Strong References 2.703ms
[213.485s][info][gc,phases   ] GC(393) Concurrent Reset Relocation Set 0.010ms
[213.487s][info][gc,phases   ] GC(393) Concurrent Select Relocation Set 1.802ms
[213.488s][info][gc,phases   ] GC(393) Pause Relocate Start 0.086ms
[213.513s][info][gc,phases   ] GC(393) Concurrent Relocate 24.943ms
[213.513s][info][gc,load     ] GC(393) Load: 0.00/0.00/0.00
[213.513s][info][gc,mmu      ] GC(393) MMU: 2ms/48.2%, 5ms/79.3%, 10ms/89.6%, 20ms/94.4%, 50ms/97.8%, 100ms/98.4%
[213.513s][info][gc,marking  ] GC(393) Mark: 1 stripe(s), 2 proactive flush(es), 1 terminate flush(es), 1 completion(s), 0 continuation(s) 
[213.513s][info][gc,nmethod  ] GC(393) NMethods: 2586 registered, 0 unregistered
[213.513s][info][gc,metaspace] GC(393) Metaspace: 9M used, 9M capacity, 9M committed, 1034M reserved
[213.513s][info][gc,ref      ] GC(393) Soft: 777 encountered, 0 discovered, 0 enqueued
[213.513s][info][gc,ref      ] GC(393) Weak: 1186 encountered, 745 discovered, 0 enqueued
[213.513s][info][gc,ref      ] GC(393) Final: 1 encountered, 1 discovered, 0 enqueued
[213.513s][info][gc,ref      ] GC(393) Phantom: 51 encountered, 42 discovered, 0 enqueued
[213.513s][info][gc,reloc    ] GC(393) Small Pages: 1493 / 2986M(99%), Empty: 2856M(94%), Compacting: 88M(3%)->30M(1%)
[213.513s][info][gc,reloc    ] GC(393) Medium Pages: 1 / 32M(1%), Empty: 0M(0%), Compacting: 0M(0%)->0M(0%)
[213.513s][info][gc,reloc    ] GC(393) Large Pages: 1 / 8M(0%), Empty: 0M(0%), Compacting: 0M(0%)->0M(0%)
[213.513s][info][gc,reloc    ] GC(393) Relocation: Successful
[213.513s][info][gc,heap     ] GC(393) Min Capacity: 42M(1%)
[213.513s][info][gc,heap     ] GC(393) Max Capacity: 4060M(100%)
[213.513s][info][gc,heap     ] GC(393) Soft Max Capacity: 4060M(100%)
[213.513s][info][gc,heap     ] GC(393)                Mark Start          Mark End        Relocate Start      Relocate End           High               Low         
[213.513s][info][gc,heap     ] GC(393)  Capacity:     3224M (79%)        3242M (80%)        3246M (80%)        3246M (80%)        3246M (80%)        3224M (79%)    
[213.513s][info][gc,heap     ] GC(393)   Reserve:       42M (1%)           42M (1%)           42M (1%)           42M (1%)           42M (1%)           42M (1%)     
[213.513s][info][gc,heap     ] GC(393)      Free:      992M (24%)         818M (20%)        3660M (90%)        3634M (90%)        3668M (90%)         814M (20%)    
[213.513s][info][gc,heap     ] GC(393)      Used:     3026M (75%)        3200M (79%)         358M (9%)          384M (9%)         3204M (79%)         350M (9%)     
[213.513s][info][gc,heap     ] GC(393)      Live:         -                71M (2%)           71M (2%)           71M (2%)             -                  -          
[213.513s][info][gc,heap     ] GC(393) Allocated:         -               174M (4%)          188M (5%)          302M (7%)             -                  -          
[213.513s][info][gc,heap     ] GC(393)   Garbage:         -              2954M (73%)          98M (2%)           46M (1%)             -                  -          
[213.513s][info][gc,heap     ] GC(393) Reclaimed:         -                  -              2856M (70%)        2908M (72%)            -                  -          
[213.513s][info][gc          ] GC(393) Garbage Collection (Allocation Rate) 3026M(75%)->384M(9%)
[214.038s][info][gc,start    ] GC(394) Garbage Collection (Allocation Rate)
[214.038s][info][gc,phases   ] GC(394) Pause Mark Start 0.067ms
[214.078s][info][gc,phases   ] GC(394) Concurrent Mark 39.649ms
[214.078s][info][gc,phases   ] GC(394) Pause Mark End 0.143ms
[214.081s][info][gc,phases   ] GC(394) Concurrent Process Non-Strong References 2.737ms
[214.081s][info][gc,phases   ] GC(394) Concurrent Reset Relocation Set 0.067ms
[214.084s][info][gc,phases   ] GC(394) Concurrent Select Relocation Set 2.187ms
[214.084s][info][gc,phases   ] GC(394) Pause Relocate Start 0.089ms
[214.112s][info][gc,phases   ] GC(394) Concurrent Relocate 28.086ms
[214.112s][info][gc,load     ] GC(394) Load: 0.00/0.00/0.00
[214.112s][info][gc,mmu      ] GC(394) MMU: 2ms/48.2%, 5ms/79.3%, 10ms/89.6%, 20ms/94.4%, 50ms/97.8%, 100ms/98.4%
[214.112s][info][gc,marking  ] GC(394) Mark: 1 stripe(s), 2 proactive flush(es), 1 terminate flush(es), 1 completion(s), 0 continuation(s) 
[214.112s][info][gc,nmethod  ] GC(394) NMethods: 2589 registered, 0 unregistered
[214.112s][info][gc,metaspace] GC(394) Metaspace: 9M used, 9M capacity, 9M committed, 1034M reserved
[214.112s][info][gc,ref      ] GC(394) Soft: 777 encountered, 0 discovered, 0 enqueued
[214.112s][info][gc,ref      ] GC(394) Weak: 1186 encountered, 745 discovered, 0 enqueued
[214.112s][info][gc,ref      ] GC(394) Final: 1 encountered, 1 discovered, 0 enqueued
[214.112s][info][gc,ref      ] GC(394) Phantom: 51 encountered, 42 discovered, 0 enqueued
[214.112s][info][gc,reloc    ] GC(394) Small Pages: 1326 / 2652M(99%), Empty: 2506M(93%), Compacting: 138M(5%)->48M(2%)
[214.112s][info][gc,reloc    ] GC(394) Medium Pages: 1 / 32M(1%), Empty: 0M(0%), Compacting: 0M(0%)->0M(0%)
[214.112s][info][gc,reloc    ] GC(394) Large Pages: 1 / 8M(0%), Empty: 0M(0%), Compacting: 0M(0%)->0M(0%)
[214.112s][info][gc,reloc    ] GC(394) Relocation: Successful
[214.112s][info][gc,heap     ] GC(394) Min Capacity: 42M(1%)
[214.112s][info][gc,heap     ] GC(394) Max Capacity: 4060M(100%)
[214.112s][info][gc,heap     ] GC(394) Soft Max Capacity: 4060M(100%)
[214.112s][info][gc,heap     ] GC(394)                Mark Start          Mark End        Relocate Start      Relocate End           High               Low         
[214.112s][info][gc,heap     ] GC(394)  Capacity:     3246M (80%)        3246M (80%)        3246M (80%)        3246M (80%)        3246M (80%)        3246M (80%)    
[214.112s][info][gc,heap     ] GC(394)   Reserve:       42M (1%)           42M (1%)           42M (1%)           42M (1%)           42M (1%)           42M (1%)     
[214.112s][info][gc,heap     ] GC(394)      Free:     1326M (33%)        1152M (28%)        3640M (90%)        3612M (89%)        3650M (90%)        1140M (28%)    
[214.112s][info][gc,heap     ] GC(394)      Used:     2692M (66%)        2866M (71%)         378M (9%)          406M (10%)        2878M (71%)         368M (9%)     
[214.112s][info][gc,heap     ] GC(394)      Live:         -                56M (1%)           56M (1%)           56M (1%)             -                  -          
[214.112s][info][gc,heap     ] GC(394) Allocated:         -               174M (4%)          192M (5%)          358M (9%)             -                  -          
[214.112s][info][gc,heap     ] GC(394)   Garbage:         -              2635M (65%)         129M (3%)           41M (1%)             -                  -          
[214.112s][info][gc,heap     ] GC(394) Reclaimed:         -                  -              2506M (62%)        2594M (64%)            -                  -          
[214.112s][info][gc          ] GC(394) Garbage Collection (Allocation Rate) 2692M(66%)->406M(10%)
[214.638s][info][gc,start    ] GC(395) Garbage Collection (Allocation Rate)
[214.638s][info][gc,phases   ] GC(395) Pause Mark Start 0.071ms
[214.682s][info][gc,phases   ] GC(395) Concurrent Mark 43.516ms
[214.682s][info][gc,phases   ] GC(395) Pause Mark End 0.151ms
[214.685s][info][gc,phases   ] GC(395) Concurrent Process Non-Strong References 2.598ms
[214.685s][info][gc,phases   ] GC(395) Concurrent Reset Relocation Set 0.084ms
[214.686s][info][gc,phases   ] GC(395) Concurrent Select Relocation Set 1.417ms
[214.687s][info][gc,phases   ] GC(395) Pause Relocate Start 0.068ms
[214.687s][info][gc,phases   ] GC(395) Concurrent Relocate 0.760ms
[214.687s][info][gc,load     ] GC(395) Load: 0.00/0.00/0.00
[214.687s][info][gc,mmu      ] GC(395) MMU: 2ms/48.2%, 5ms/79.3%, 10ms/89.6%, 20ms/94.4%, 50ms/97.8%, 100ms/98.4%
[214.687s][info][gc,marking  ] GC(395) Mark: 1 stripe(s), 2 proactive flush(es), 1 terminate flush(es), 1 completion(s), 0 continuation(s) 
[214.687s][info][gc,nmethod  ] GC(395) NMethods: 2590 registered, 0 unregistered
[214.687s][info][gc,metaspace] GC(395) Metaspace: 9M used, 9M capacity, 9M committed, 1034M reserved
[214.687s][info][gc,ref      ] GC(395) Soft: 777 encountered, 0 discovered, 0 enqueued
[214.687s][info][gc,ref      ] GC(395) Weak: 1186 encountered, 745 discovered, 0 enqueued
[214.687s][info][gc,ref      ] GC(395) Final: 1 encountered, 1 discovered, 0 enqueued
[214.687s][info][gc,ref      ] GC(395) Phantom: 51 encountered, 42 discovered, 0 enqueued
[214.687s][info][gc,reloc    ] GC(395) Small Pages: 1333 / 2666M(99%), Empty: 2584M(95%), Compacting: 14M(1%)->2M(0%)
[214.687s][info][gc,reloc    ] GC(395) Medium Pages: 1 / 32M(1%), Empty: 0M(0%), Compacting: 0M(0%)->0M(0%)
[214.687s][info][gc,reloc    ] GC(395) Large Pages: 1 / 8M(0%), Empty: 0M(0%), Compacting: 0M(0%)->0M(0%)
[214.687s][info][gc,reloc    ] GC(395) Relocation: Successful
[214.687s][info][gc,heap     ] GC(395) Min Capacity: 42M(1%)
[214.687s][info][gc,heap     ] GC(395) Max Capacity: 4060M(100%)
[214.687s][info][gc,heap     ] GC(395) Soft Max Capacity: 4060M(100%)
[214.687s][info][gc,heap     ] GC(395)                Mark Start          Mark End        Relocate Start      Relocate End           High               Low         
[214.688s][info][gc,heap     ] GC(395)  Capacity:     3246M (80%)        3246M (80%)        3246M (80%)        3246M (80%)        3246M (80%)        3246M (80%)    
[214.688s][info][gc,heap     ] GC(395)   Reserve:       42M (1%)           42M (1%)           42M (1%)           42M (1%)           42M (1%)           42M (1%)     
[214.688s][info][gc,heap     ] GC(395)      Free:     1312M (32%)        1140M (28%)        3706M (91%)        3710M (91%)        3712M (91%)        1128M (28%)    
[214.688s][info][gc,heap     ] GC(395)      Used:     2706M (67%)        2878M (71%)         312M (8%)          308M (8%)         2890M (71%)         306M (8%)     
[214.688s][info][gc,heap     ] GC(395)      Live:         -                68M (2%)           68M (2%)           68M (2%)             -                  -          
[214.688s][info][gc,heap     ] GC(395) Allocated:         -               172M (4%)          190M (5%)          200M (5%)             -                  -          
[214.688s][info][gc,heap     ] GC(395)   Garbage:         -              2637M (65%)          53M (1%)           47M (1%)             -                  -          
[214.688s][info][gc,heap     ] GC(395) Reclaimed:         -                  -              2584M (64%)        2590M (64%)            -                  -          
[214.688s][info][gc          ] GC(395) Garbage Collection (Allocation Rate) 2706M(67%)->308M(8%)
[215.238s][info][gc,start    ] GC(396) Garbage Collection (Allocation Rate)
[215.238s][info][gc,phases   ] GC(396) Pause Mark Start 0.076ms
[215.274s][info][gc,phases   ] GC(396) Concurrent Mark 35.459ms
[215.274s][info][gc,phases   ] GC(396) Pause Mark End 0.114ms
[215.277s][info][gc,phases   ] GC(396) Concurrent Process Non-Strong References 2.798ms
[215.277s][info][gc,phases   ] GC(396) Concurrent Reset Relocation Set 0.031ms
[215.279s][info][gc,phases   ] GC(396) Concurrent Select Relocation Set 1.822ms
[215.279s][info][gc,phases   ] GC(396) Pause Relocate Start 0.074ms
[215.298s][info][gc,phases   ] GC(396) Concurrent Relocate 18.816ms
[215.298s][info][gc,load     ] GC(396) Load: 0.00/0.00/0.00
[215.298s][info][gc,mmu      ] GC(396) MMU: 2ms/48.2%, 5ms/79.3%, 10ms/89.6%, 20ms/94.4%, 50ms/97.8%, 100ms/98.4%
[215.298s][info][gc,marking  ] GC(396) Mark: 1 stripe(s), 2 proactive flush(es), 1 terminate flush(es), 1 completion(s), 0 continuation(s) 
[215.298s][info][gc,nmethod  ] GC(396) NMethods: 2590 registered, 0 unregistered
[215.298s][info][gc,metaspace] GC(396) Metaspace: 9M used, 9M capacity, 9M committed, 1034M reserved
[215.298s][info][gc,ref      ] GC(396) Soft: 777 encountered, 0 discovered, 0 enqueued
[215.298s][info][gc,ref      ] GC(396) Weak: 1186 encountered, 745 discovered, 0 enqueued
[215.298s][info][gc,ref      ] GC(396) Final: 1 encountered, 1 discovered, 0 enqueued
[215.298s][info][gc,ref      ] GC(396) Phantom: 51 encountered, 42 discovered, 0 enqueued
[215.298s][info][gc,reloc    ] GC(396) Small Pages: 1361 / 2722M(99%), Empty: 2614M(95%), Compacting: 90M(3%)->32M(1%)
[215.298s][info][gc,reloc    ] GC(396) Medium Pages: 1 / 32M(1%), Empty: 0M(0%), Compacting: 0M(0%)->0M(0%)
[215.298s][info][gc,reloc    ] GC(396) Large Pages: 1 / 8M(0%), Empty: 0M(0%), Compacting: 0M(0%)->0M(0%)
[215.298s][info][gc,reloc    ] GC(396) Relocation: Successful
[215.298s][info][gc,heap     ] GC(396) Min Capacity: 42M(1%)
[215.298s][info][gc,heap     ] GC(396) Max Capacity: 4060M(100%)
[215.298s][info][gc,heap     ] GC(396) Soft Max Capacity: 4060M(100%)
[215.298s][info][gc,heap     ] GC(396)                Mark Start          Mark End        Relocate Start      Relocate End           High               Low         
[215.298s][info][gc,heap     ] GC(396)  Capacity:     3246M (80%)        3246M (80%)        3246M (80%)        3246M (80%)        3246M (80%)        3246M (80%)    
[215.298s][info][gc,heap     ] GC(396)   Reserve:       42M (1%)           42M (1%)           42M (1%)           42M (1%)           42M (1%)           42M (1%)     
[215.298s][info][gc,heap     ] GC(396)      Free:     1256M (31%)        1098M (27%)        3692M (91%)        3662M (90%)        3698M (91%)        1086M (27%)    
[215.298s][info][gc,heap     ] GC(396)      Used:     2762M (68%)        2920M (72%)         326M (8%)          356M (9%)         2932M (72%)         320M (8%)     
[215.298s][info][gc,heap     ] GC(396)      Live:         -                52M (1%)           52M (1%)           52M (1%)             -                  -          
[215.298s][info][gc,heap     ] GC(396) Allocated:         -               158M (4%)          178M (4%)          298M (7%)             -                  -          
[215.298s][info][gc,heap     ] GC(396)   Garbage:         -              2709M (67%)          95M (2%)           41M (1%)             -                  -          
[215.298s][info][gc,heap     ] GC(396) Reclaimed:         -                  -              2614M (64%)        2668M (66%)            -                  -          
[215.299s][info][gc          ] GC(396) Garbage Collection (Allocation Rate) 2762M(68%)->356M(9%)
[215.838s][info][gc,start    ] GC(397) Garbage Collection (Allocation Rate)
[215.838s][info][gc,phases   ] GC(397) Pause Mark Start 0.067ms
[215.881s][info][gc,phases   ] GC(397) Concurrent Mark 42.353ms
[215.881s][info][gc,phases   ] GC(397) Pause Mark End 0.137ms
[215.884s][info][gc,phases   ] GC(397) Concurrent Process Non-Strong References 2.928ms
[215.884s][info][gc,phases   ] GC(397) Concurrent Reset Relocation Set 0.078ms
[215.885s][info][gc,phases   ] GC(397) Concurrent Select Relocation Set 1.607ms
[215.886s][info][gc,phases   ] GC(397) Pause Relocate Start 0.129ms
[215.895s][info][gc,phases   ] GC(397) Concurrent Relocate 9.026ms
[215.895s][info][gc,load     ] GC(397) Load: 0.00/0.00/0.00
[215.895s][info][gc,mmu      ] GC(397) MMU: 2ms/48.2%, 5ms/79.3%, 10ms/89.6%, 20ms/94.4%, 50ms/97.8%, 100ms/98.4%
[215.895s][info][gc,marking  ] GC(397) Mark: 1 stripe(s), 2 proactive flush(es), 1 terminate flush(es), 1 completion(s), 0 continuation(s) 
[215.895s][info][gc,nmethod  ] GC(397) NMethods: 2595 registered, 0 unregistered
[215.895s][info][gc,metaspace] GC(397) Metaspace: 9M used, 9M capacity, 9M committed, 1034M reserved
[215.895s][info][gc,ref      ] GC(397) Soft: 777 encountered, 0 discovered, 0 enqueued
[215.895s][info][gc,ref      ] GC(397) Weak: 1186 encountered, 745 discovered, 0 enqueued
[215.895s][info][gc,ref      ] GC(397) Final: 1 encountered, 1 discovered, 0 enqueued
[215.895s][info][gc,ref      ] GC(397) Phantom: 51 encountered, 42 discovered, 0 enqueued
[215.895s][info][gc,reloc    ] GC(397) Small Pages: 1328 / 2656M(99%), Empty: 2548M(95%), Compacting: 52M(2%)->16M(1%)
[215.895s][info][gc,reloc    ] GC(397) Medium Pages: 1 / 32M(1%), Empty: 0M(0%), Compacting: 0M(0%)->0M(0%)
[215.895s][info][gc,reloc    ] GC(397) Large Pages: 1 / 8M(0%), Empty: 0M(0%), Compacting: 0M(0%)->0M(0%)
[215.895s][info][gc,reloc    ] GC(397) Relocation: Successful
[215.895s][info][gc,heap     ] GC(397) Min Capacity: 42M(1%)
[215.895s][info][gc,heap     ] GC(397) Max Capacity: 4060M(100%)
[215.895s][info][gc,heap     ] GC(397) Soft Max Capacity: 4060M(100%)
[215.895s][info][gc,heap     ] GC(397)                Mark Start          Mark End        Relocate Start      Relocate End           High               Low         
[215.895s][info][gc,heap     ] GC(397)  Capacity:     3246M (80%)        3246M (80%)        3246M (80%)        3246M (80%)        3246M (80%)        3246M (80%)    
[215.895s][info][gc,heap     ] GC(397)   Reserve:       42M (1%)           42M (1%)           42M (1%)           42M (1%)           42M (1%)           42M (1%)     
[215.895s][info][gc,heap     ] GC(397)      Free:     1322M (33%)        1132M (28%)        3660M (90%)        3652M (90%)        3666M (90%)        1118M (28%)    
[215.895s][info][gc,heap     ] GC(397)      Used:     2696M (66%)        2886M (71%)         358M (9%)          366M (9%)         2900M (71%)         352M (9%)     
[215.895s][info][gc,heap     ] GC(397)      Live:         -                70M (2%)           70M (2%)           70M (2%)             -                  -          
[215.895s][info][gc,heap     ] GC(397) Allocated:         -               190M (5%)          210M (5%)          270M (7%)             -                  -          
[215.895s][info][gc,heap     ] GC(397)   Garbage:         -              2625M (65%)          77M (2%)           49M (1%)             -                  -          
[215.895s][info][gc,heap     ] GC(397) Reclaimed:         -                  -              2548M (63%)        2576M (63%)            -                  -          
[215.895s][info][gc          ] GC(397) Garbage Collection (Allocation Rate) 2696M(66%)->366M(9%)
[216.438s][info][gc,start    ] GC(398) Garbage Collection (Allocation Rate)
[216.438s][info][gc,phases   ] GC(398) Pause Mark Start 0.052ms
[216.471s][info][gc,phases   ] GC(398) Concurrent Mark 33.258ms
[216.472s][info][gc,phases   ] GC(398) Pause Mark End 0.117ms
[216.474s][info][gc,phases   ] GC(398) Concurrent Process Non-Strong References 2.818ms
[216.474s][info][gc,phases   ] GC(398) Concurrent Reset Relocation Set 0.046ms
[216.476s][info][gc,phases   ] GC(398) Concurrent Select Relocation Set 1.837ms
[216.477s][info][gc,phases   ] GC(398) Pause Relocate Start 0.069ms
[216.489s][info][gc,phases   ] GC(398) Concurrent Relocate 11.992ms
[216.489s][info][gc,load     ] GC(398) Load: 0.00/0.00/0.00
[216.489s][info][gc,mmu      ] GC(398) MMU: 2ms/48.2%, 5ms/79.3%, 10ms/89.6%, 20ms/94.4%, 50ms/97.8%, 100ms/98.4%
[216.489s][info][gc,marking  ] GC(398) Mark: 1 stripe(s), 2 proactive flush(es), 1 terminate flush(es), 1 completion(s), 0 continuation(s) 
[216.489s][info][gc,nmethod  ] GC(398) NMethods: 2595 registered, 0 unregistered
[216.489s][info][gc,metaspace] GC(398) Metaspace: 9M used, 9M capacity, 9M committed, 1034M reserved
[216.489s][info][gc,ref      ] GC(398) Soft: 777 encountered, 0 discovered, 0 enqueued
[216.489s][info][gc,ref      ] GC(398) Weak: 1186 encountered, 745 discovered, 0 enqueued
[216.489s][info][gc,ref      ] GC(398) Final: 1 encountered, 1 discovered, 0 enqueued
[216.489s][info][gc,ref      ] GC(398) Phantom: 51 encountered, 42 discovered, 0 enqueued
[216.489s][info][gc,reloc    ] GC(398) Small Pages: 1355 / 2710M(99%), Empty: 2622M(95%), Compacting: 60M(2%)->20M(1%)
[216.489s][info][gc,reloc    ] GC(398) Medium Pages: 1 / 32M(1%), Empty: 0M(0%), Compacting: 0M(0%)->0M(0%)
[216.489s][info][gc,reloc    ] GC(398) Large Pages: 1 / 8M(0%), Empty: 0M(0%), Compacting: 0M(0%)->0M(0%)
[216.489s][info][gc,reloc    ] GC(398) Relocation: Successful
[216.489s][info][gc,heap     ] GC(398) Min Capacity: 42M(1%)
[216.489s][info][gc,heap     ] GC(398) Max Capacity: 4060M(100%)
[216.489s][info][gc,heap     ] GC(398) Soft Max Capacity: 4060M(100%)
[216.489s][info][gc,heap     ] GC(398)                Mark Start          Mark End        Relocate Start      Relocate End           High               Low         
[216.489s][info][gc,heap     ] GC(398)  Capacity:     3246M (80%)        3246M (80%)        3246M (80%)        3246M (80%)        3246M (80%)        3246M (80%)    
[216.489s][info][gc,heap     ] GC(398)   Reserve:       42M (1%)           42M (1%)           42M (1%)           42M (1%)           42M (1%)           42M (1%)     
[216.489s][info][gc,heap     ] GC(398)      Free:     1268M (31%)        1118M (28%)        3720M (92%)        3708M (91%)        3728M (92%)        1106M (27%)    
[216.489s][info][gc,heap     ] GC(398)      Used:     2750M (68%)        2900M (71%)         298M (7%)          310M (8%)         2912M (72%)         290M (7%)     
[216.489s][info][gc,heap     ] GC(398)      Live:         -                49M (1%)           49M (1%)           49M (1%)             -                  -          
[216.489s][info][gc,heap     ] GC(398) Allocated:         -               150M (4%)          170M (4%)          242M (6%)             -                  -          
[216.489s][info][gc,heap     ] GC(398)   Garbage:         -              2700M (67%)          78M (2%)           42M (1%)             -                  -          
[216.489s][info][gc,heap     ] GC(398) Reclaimed:         -                  -              2622M (65%)        2658M (65%)            -                  -          
[216.489s][info][gc          ] GC(398) Garbage Collection (Allocation Rate) 2750M(68%)->310M(8%)
[217.038s][info][gc,start    ] GC(399) Garbage Collection (Allocation Rate)
[217.038s][info][gc,phases   ] GC(399) Pause Mark Start 0.082ms
[217.081s][info][gc,phases   ] GC(399) Concurrent Mark 42.794ms
[217.082s][info][gc,phases   ] GC(399) Pause Mark End 0.104ms
[217.084s][info][gc,phases   ] GC(399) Concurrent Process Non-Strong References 2.813ms
[217.084s][info][gc,phases   ] GC(399) Concurrent Reset Relocation Set 0.052ms
[217.086s][info][gc,phases   ] GC(399) Concurrent Select Relocation Set 1.588ms
[217.086s][info][gc,phases   ] GC(399) Pause Relocate Start 0.076ms
[217.088s][info][gc,phases   ] GC(399) Concurrent Relocate 1.676ms
[217.088s][info][gc,load     ] GC(399) Load: 0.00/0.00/0.00
[217.088s][info][gc,mmu      ] GC(399) MMU: 2ms/48.2%, 5ms/79.3%, 10ms/89.6%, 20ms/94.4%, 50ms/97.8%, 100ms/98.4%
[217.088s][info][gc,marking  ] GC(399) Mark: 1 stripe(s), 2 proactive flush(es), 1 terminate flush(es), 1 completion(s), 0 continuation(s) 
[217.088s][info][gc,nmethod  ] GC(399) NMethods: 2602 registered, 0 unregistered
[217.088s][info][gc,metaspace] GC(399) Metaspace: 9M used, 9M capacity, 9M committed, 1034M reserved
[217.088s][info][gc,ref      ] GC(399) Soft: 777 encountered, 0 discovered, 0 enqueued
[217.088s][info][gc,ref      ] GC(399) Weak: 1186 encountered, 745 discovered, 0 enqueued
[217.088s][info][gc,ref      ] GC(399) Final: 1 encountered, 1 discovered, 0 enqueued
[217.088s][info][gc,ref      ] GC(399) Phantom: 51 encountered, 42 discovered, 0 enqueued
[217.088s][info][gc,reloc    ] GC(399) Small Pages: 1316 / 2632M(99%), Empty: 2540M(95%), Compacting: 22M(1%)->4M(0%)
[217.088s][info][gc,reloc    ] GC(399) Medium Pages: 1 / 32M(1%), Empty: 0M(0%), Compacting: 0M(0%)->0M(0%)
[217.088s][info][gc,reloc    ] GC(399) Large Pages: 1 / 8M(0%), Empty: 0M(0%), Compacting: 0M(0%)->0M(0%)
[217.088s][info][gc,reloc    ] GC(399) Relocation: Successful
[217.088s][info][gc,heap     ] GC(399) Min Capacity: 42M(1%)
[217.088s][info][gc,heap     ] GC(399) Max Capacity: 4060M(100%)
[217.088s][info][gc,heap     ] GC(399) Soft Max Capacity: 4060M(100%)
[217.088s][info][gc,heap     ] GC(399)                Mark Start          Mark End        Relocate Start      Relocate End           High               Low         
[217.088s][info][gc,heap     ] GC(399)  Capacity:     3246M (80%)        3246M (80%)        3246M (80%)        3246M (80%)        3246M (80%)        3246M (80%)    
[217.088s][info][gc,heap     ] GC(399)   Reserve:       42M (1%)           42M (1%)           42M (1%)           42M (1%)           42M (1%)           42M (1%)     
[217.088s][info][gc,heap     ] GC(399)      Free:     1346M (33%)        1150M (28%)        3672M (90%)        3678M (91%)        3680M (91%)        1138M (28%)    
[217.088s][info][gc,heap     ] GC(399)      Used:     2672M (66%)        2868M (71%)         346M (9%)          340M (8%)         2880M (71%)         338M (8%)     
[217.088s][info][gc,heap     ] GC(399)      Live:         -                71M (2%)           71M (2%)           71M (2%)             -                  -          
[217.088s][info][gc,heap     ] GC(399) Allocated:         -               196M (5%)          214M (5%)          230M (6%)             -                  -          
[217.088s][info][gc,heap     ] GC(399)   Garbage:         -              2600M (64%)          60M (1%)           48M (1%)             -                  -          
[217.088s][info][gc,heap     ] GC(399) Reclaimed:         -                  -              2540M (63%)        2552M (63%)            -                  -          
[217.088s][info][gc          ] GC(399) Garbage Collection (Allocation Rate) 2672M(66%)->340M(8%)
[217.639s][info][gc,start    ] GC(400) Garbage Collection (Allocation Rate)
[217.639s][info][gc,phases   ] GC(400) Pause Mark Start 0.079ms
[217.678s][info][gc,phases   ] GC(400) Concurrent Mark 38.651ms
[217.678s][info][gc,phases   ] GC(400) Pause Mark End 0.182ms
[217.681s][info][gc,phases   ] GC(400) Concurrent Process Non-Strong References 2.835ms
[217.681s][info][gc,phases   ] GC(400) Concurrent Reset Relocation Set 0.029ms
[217.684s][info][gc,phases   ] GC(400) Concurrent Select Relocation Set 2.732ms
[217.684s][info][gc,phases   ] GC(400) Pause Relocate Start 0.126ms
[217.713s][info][gc,phases   ] GC(400) Concurrent Relocate 28.544ms
[217.713s][info][gc,load     ] GC(400) Load: 0.00/0.00/0.00
[217.713s][info][gc,mmu      ] GC(400) MMU: 2ms/48.2%, 5ms/79.3%, 10ms/89.6%, 20ms/94.4%, 50ms/97.8%, 100ms/98.4%
[217.713s][info][gc,marking  ] GC(400) Mark: 1 stripe(s), 2 proactive flush(es), 1 terminate flush(es), 1 completion(s), 0 continuation(s) 
[217.713s][info][gc,nmethod  ] GC(400) NMethods: 2602 registered, 0 unregistered
[217.713s][info][gc,metaspace] GC(400) Metaspace: 9M used, 9M capacity, 9M committed, 1034M reserved
[217.713s][info][gc,ref      ] GC(400) Soft: 777 encountered, 0 discovered, 0 enqueued
[217.713s][info][gc,ref      ] GC(400) Weak: 1186 encountered, 745 discovered, 0 enqueued
[217.713s][info][gc,ref      ] GC(400) Final: 1 encountered, 1 discovered, 0 enqueued
[217.713s][info][gc,ref      ] GC(400) Phantom: 51 encountered, 42 discovered, 0 enqueued
[217.713s][info][gc,reloc    ] GC(400) Small Pages: 1353 / 2706M(99%), Empty: 2568M(94%), Compacting: 132M(5%)->50M(2%)
[217.713s][info][gc,reloc    ] GC(400) Medium Pages: 1 / 32M(1%), Empty: 0M(0%), Compacting: 0M(0%)->0M(0%)
[217.713s][info][gc,reloc    ] GC(400) Large Pages: 1 / 8M(0%), Empty: 0M(0%), Compacting: 0M(0%)->0M(0%)
[217.713s][info][gc,reloc    ] GC(400) Relocation: Successful
[217.713s][info][gc,heap     ] GC(400) Min Capacity: 42M(1%)
[217.713s][info][gc,heap     ] GC(400) Max Capacity: 4060M(100%)
[217.713s][info][gc,heap     ] GC(400) Soft Max Capacity: 4060M(100%)
[217.713s][info][gc,heap     ] GC(400)                Mark Start          Mark End        Relocate Start      Relocate End           High               Low         
[217.713s][info][gc,heap     ] GC(400)  Capacity:     3246M (80%)        3246M (80%)        3246M (80%)        3246M (80%)        3246M (80%)        3246M (80%)    
[217.713s][info][gc,heap     ] GC(400)   Reserve:       42M (1%)           42M (1%)           42M (1%)           42M (1%)           42M (1%)           42M (1%)     
[217.713s][info][gc,heap     ] GC(400)      Free:     1272M (31%)        1100M (27%)        3644M (90%)        3598M (89%)        3654M (90%)        1086M (27%)    
[217.713s][info][gc,heap     ] GC(400)      Used:     2746M (68%)        2918M (72%)         374M (9%)          420M (10%)        2932M (72%)         364M (9%)     
[217.713s][info][gc,heap     ] GC(400)      Live:         -                57M (1%)           57M (1%)           57M (1%)             -                  -          
[217.713s][info][gc,heap     ] GC(400) Allocated:         -               172M (4%)          196M (5%)          374M (9%)             -                  -          
[217.713s][info][gc,heap     ] GC(400)   Garbage:         -              2688M (66%)         120M (3%)           40M (1%)             -                  -          
[217.713s][info][gc,heap     ] GC(400) Reclaimed:         -                  -              2568M (63%)        2648M (65%)            -                  -          
[217.713s][info][gc          ] GC(400) Garbage Collection (Allocation Rate) 2746M(68%)->420M(10%)
[218.238s][info][gc,start    ] GC(401) Garbage Collection (Allocation Rate)
[218.238s][info][gc,phases   ] GC(401) Pause Mark Start 0.083ms
[218.278s][info][gc,phases   ] GC(401) Concurrent Mark 39.694ms
[218.278s][info][gc,phases   ] GC(401) Pause Mark End 0.111ms
[218.281s][info][gc,phases   ] GC(401) Concurrent Process Non-Strong References 2.635ms
[218.281s][info][gc,phases   ] GC(401) Concurrent Reset Relocation Set 0.267ms
[218.284s][info][gc,phases   ] GC(401) Concurrent Select Relocation Set 2.793ms
[218.284s][info][gc,phases   ] GC(401) Pause Relocate Start 0.088ms
[218.319s][info][gc,phases   ] GC(401) Concurrent Relocate 34.239ms
[218.319s][info][gc,load     ] GC(401) Load: 0.00/0.00/0.00
[218.319s][info][gc,mmu      ] GC(401) MMU: 2ms/48.2%, 5ms/79.3%, 10ms/89.6%, 20ms/94.4%, 50ms/97.8%, 100ms/98.4%
[218.319s][info][gc,marking  ] GC(401) Mark: 1 stripe(s), 2 proactive flush(es), 1 terminate flush(es), 1 completion(s), 0 continuation(s) 
[218.319s][info][gc,nmethod  ] GC(401) NMethods: 2603 registered, 0 unregistered
[218.319s][info][gc,metaspace] GC(401) Metaspace: 9M used, 9M capacity, 9M committed, 1034M reserved
[218.319s][info][gc,ref      ] GC(401) Soft: 777 encountered, 0 discovered, 0 enqueued
[218.319s][info][gc,ref      ] GC(401) Weak: 1186 encountered, 745 discovered, 0 enqueued
[218.319s][info][gc,ref      ] GC(401) Final: 1 encountered, 1 discovered, 0 enqueued
[218.319s][info][gc,ref      ] GC(401) Phantom: 51 encountered, 42 discovered, 0 enqueued
[218.319s][info][gc,reloc    ] GC(401) Small Pages: 1370 / 2740M(99%), Empty: 2596M(93%), Compacting: 136M(5%)->50M(2%)
[218.319s][info][gc,reloc    ] GC(401) Medium Pages: 1 / 32M(1%), Empty: 0M(0%), Compacting: 0M(0%)->0M(0%)
[218.319s][info][gc,reloc    ] GC(401) Large Pages: 1 / 8M(0%), Empty: 0M(0%), Compacting: 0M(0%)->0M(0%)
[218.319s][info][gc,reloc    ] GC(401) Relocation: Successful
[218.319s][info][gc,heap     ] GC(401) Min Capacity: 42M(1%)
[218.319s][info][gc,heap     ] GC(401) Max Capacity: 4060M(100%)
[218.319s][info][gc,heap     ] GC(401) Soft Max Capacity: 4060M(100%)
[218.319s][info][gc,heap     ] GC(401)                Mark Start          Mark End        Relocate Start      Relocate End           High               Low         
[218.319s][info][gc,heap     ] GC(401)  Capacity:     3246M (80%)        3246M (80%)        3246M (80%)        3246M (80%)        3246M (80%)        3246M (80%)    
[218.319s][info][gc,heap     ] GC(401)   Reserve:       42M (1%)           42M (1%)           42M (1%)           42M (1%)           42M (1%)           42M (1%)     
[218.319s][info][gc,heap     ] GC(401)      Free:     1238M (30%)        1062M (26%)        3634M (90%)        3588M (88%)        3646M (90%)        1050M (26%)    
[218.319s][info][gc,heap     ] GC(401)      Used:     2780M (68%)        2956M (73%)         384M (9%)          430M (11%)        2968M (73%)         372M (9%)     
[218.319s][info][gc,heap     ] GC(401)      Live:         -                58M (1%)           58M (1%)           58M (1%)             -                  -          
[218.319s][info][gc,heap     ] GC(401) Allocated:         -               176M (4%)          200M (5%)          382M (9%)             -                  -          
[218.319s][info][gc,heap     ] GC(401)   Garbage:         -              2721M (67%)         125M (3%)           41M (1%)             -                  -          
[218.319s][info][gc,heap     ] GC(401) Reclaimed:         -                  -              2596M (64%)        2680M (66%)            -                  -          
[218.319s][info][gc          ] GC(401) Garbage Collection (Allocation Rate) 2780M(68%)->430M(11%)
[218.838s][info][gc,start    ] GC(402) Garbage Collection (Allocation Rate)
[218.838s][info][gc,phases   ] GC(402) Pause Mark Start 0.066ms
[218.880s][info][gc,phases   ] GC(402) Concurrent Mark 42.110ms
[218.881s][info][gc,phases   ] GC(402) Pause Mark End 0.119ms
[218.883s][info][gc,phases   ] GC(402) Concurrent Process Non-Strong References 2.817ms
[218.884s][info][gc,phases   ] GC(402) Concurrent Reset Relocation Set 0.288ms
[218.885s][info][gc,phases   ] GC(402) Concurrent Select Relocation Set 1.684ms
[218.886s][info][gc,phases   ] GC(402) Pause Relocate Start 0.061ms
[218.896s][info][gc,phases   ] GC(402) Concurrent Relocate 10.266ms
[218.896s][info][gc,load     ] GC(402) Load: 0.00/0.00/0.00
[218.896s][info][gc,mmu      ] GC(402) MMU: 2ms/48.2%, 5ms/79.3%, 10ms/89.6%, 20ms/94.4%, 50ms/97.8%, 100ms/98.4%
[218.896s][info][gc,marking  ] GC(402) Mark: 1 stripe(s), 2 proactive flush(es), 1 terminate flush(es), 1 completion(s), 0 continuation(s) 
[218.896s][info][gc,nmethod  ] GC(402) NMethods: 2604 registered, 0 unregistered
[218.896s][info][gc,metaspace] GC(402) Metaspace: 9M used, 9M capacity, 9M committed, 1034M reserved
[218.896s][info][gc,ref      ] GC(402) Soft: 777 encountered, 0 discovered, 0 enqueued
[218.896s][info][gc,ref      ] GC(402) Weak: 1186 encountered, 745 discovered, 0 enqueued
[218.896s][info][gc,ref      ] GC(402) Final: 1 encountered, 1 discovered, 0 enqueued
[218.896s][info][gc,ref      ] GC(402) Phantom: 51 encountered, 42 discovered, 0 enqueued
[218.896s][info][gc,reloc    ] GC(402) Small Pages: 1347 / 2694M(99%), Empty: 2588M(95%), Compacting: 54M(2%)->18M(1%)
[218.896s][info][gc,reloc    ] GC(402) Medium Pages: 1 / 32M(1%), Empty: 0M(0%), Compacting: 0M(0%)->0M(0%)
[218.896s][info][gc,reloc    ] GC(402) Large Pages: 1 / 8M(0%), Empty: 0M(0%), Compacting: 0M(0%)->0M(0%)
[218.896s][info][gc,reloc    ] GC(402) Relocation: Successful
[218.896s][info][gc,heap     ] GC(402) Min Capacity: 42M(1%)
[218.896s][info][gc,heap     ] GC(402) Max Capacity: 4060M(100%)
[218.896s][info][gc,heap     ] GC(402) Soft Max Capacity: 4060M(100%)
[218.896s][info][gc,heap     ] GC(402)                Mark Start          Mark End        Relocate Start      Relocate End           High               Low         
[218.896s][info][gc,heap     ] GC(402)  Capacity:     3246M (80%)        3246M (80%)        3246M (80%)        3246M (80%)        3246M (80%)        3246M (80%)    
[218.896s][info][gc,heap     ] GC(402)   Reserve:       42M (1%)           42M (1%)           42M (1%)           42M (1%)           42M (1%)           42M (1%)     
[218.896s][info][gc,heap     ] GC(402)      Free:     1284M (32%)        1094M (27%)        3660M (90%)        3648M (90%)        3668M (90%)        1080M (27%)    
[218.896s][info][gc,heap     ] GC(402)      Used:     2734M (67%)        2924M (72%)         358M (9%)          370M (9%)         2938M (72%)         350M (9%)     
[218.896s][info][gc,heap     ] GC(402)      Live:         -                68M (2%)           68M (2%)           68M (2%)             -                  -          
[218.896s][info][gc,heap     ] GC(402) Allocated:         -               190M (5%)          212M (5%)          278M (7%)             -                  -          
[218.896s][info][gc,heap     ] GC(402)   Garbage:         -              2665M (66%)          77M (2%)           43M (1%)             -                  -          
[218.896s][info][gc,heap     ] GC(402) Reclaimed:         -                  -              2588M (64%)        2622M (65%)            -                  -          
[218.896s][info][gc          ] GC(402) Garbage Collection (Allocation Rate) 2734M(67%)->370M(9%)
[219.438s][info][gc,start    ] GC(403) Garbage Collection (Allocation Rate)
[219.438s][info][gc,phases   ] GC(403) Pause Mark Start 0.092ms
[219.473s][info][gc,phases   ] GC(403) Concurrent Mark 35.220ms
[219.474s][info][gc,phases   ] GC(403) Pause Mark End 0.131ms
[219.476s][info][gc,phases   ] GC(403) Concurrent Process Non-Strong References 2.745ms
[219.476s][info][gc,phases   ] GC(403) Concurrent Reset Relocation Set 0.051ms
[219.478s][info][gc,phases   ] GC(403) Concurrent Select Relocation Set 1.430ms
[219.478s][info][gc,phases   ] GC(403) Pause Relocate Start 0.078ms
[219.479s][info][gc,phases   ] GC(403) Concurrent Relocate 0.651ms
[219.479s][info][gc,load     ] GC(403) Load: 0.00/0.00/0.00
[219.479s][info][gc,mmu      ] GC(403) MMU: 2ms/48.2%, 5ms/79.3%, 10ms/89.6%, 20ms/94.4%, 50ms/97.8%, 100ms/98.4%
[219.479s][info][gc,marking  ] GC(403) Mark: 1 stripe(s), 2 proactive flush(es), 1 terminate flush(es), 1 completion(s), 0 continuation(s) 
[219.479s][info][gc,nmethod  ] GC(403) NMethods: 2604 registered, 0 unregistered
[219.479s][info][gc,metaspace] GC(403) Metaspace: 9M used, 9M capacity, 9M committed, 1034M reserved
[219.479s][info][gc,ref      ] GC(403) Soft: 777 encountered, 0 discovered, 0 enqueued
[219.479s][info][gc,ref      ] GC(403) Weak: 1186 encountered, 745 discovered, 0 enqueued
[219.479s][info][gc,ref      ] GC(403) Final: 1 encountered, 1 discovered, 0 enqueued
[219.479s][info][gc,ref      ] GC(403) Phantom: 51 encountered, 42 discovered, 0 enqueued
[219.479s][info][gc,reloc    ] GC(403) Small Pages: 1365 / 2730M(99%), Empty: 2664M(96%), Compacting: 12M(0%)->2M(0%)
[219.479s][info][gc,reloc    ] GC(403) Medium Pages: 1 / 32M(1%), Empty: 0M(0%), Compacting: 0M(0%)->0M(0%)
[219.479s][info][gc,reloc    ] GC(403) Large Pages: 1 / 8M(0%), Empty: 0M(0%), Compacting: 0M(0%)->0M(0%)
[219.479s][info][gc,reloc    ] GC(403) Relocation: Successful
[219.479s][info][gc,heap     ] GC(403) Min Capacity: 42M(1%)
[219.479s][info][gc,heap     ] GC(403) Max Capacity: 4060M(100%)
[219.479s][info][gc,heap     ] GC(403) Soft Max Capacity: 4060M(100%)
[219.479s][info][gc,heap     ] GC(403)                Mark Start          Mark End        Relocate Start      Relocate End           High               Low         
[219.479s][info][gc,heap     ] GC(403)  Capacity:     3246M (80%)        3246M (80%)        3246M (80%)        3246M (80%)        3246M (80%)        3246M (80%)    
[219.479s][info][gc,heap     ] GC(403)   Reserve:       42M (1%)           42M (1%)           42M (1%)           42M (1%)           42M (1%)           42M (1%)     
[219.479s][info][gc,heap     ] GC(403)      Free:     1248M (31%)        1090M (27%)        3734M (92%)        3738M (92%)        3740M (92%)        1076M (27%)    
[219.479s][info][gc,heap     ] GC(403)      Used:     2770M (68%)        2928M (72%)         284M (7%)          280M (7%)         2942M (72%)         278M (7%)     
[219.479s][info][gc,heap     ] GC(403)      Live:         -                55M (1%)           55M (1%)           55M (1%)             -                  -          
[219.479s][info][gc,heap     ] GC(403) Allocated:         -               158M (4%)          178M (4%)          186M (5%)             -                  -          
[219.479s][info][gc,heap     ] GC(403)   Garbage:         -              2714M (67%)          50M (1%)           44M (1%)             -                  -          
[219.479s][info][gc,heap     ] GC(403) Reclaimed:         -                  -              2664M (66%)        2670M (66%)            -                  -          
[219.479s][info][gc          ] GC(403) Garbage Collection (Allocation Rate) 2770M(68%)->280M(7%)
[220.038s][info][gc,stats    ] === Garbage Collection Statistics =======================================================================================================================
[220.038s][info][gc,stats    ]                                                              Last 10s              Last 10m              Last 10h                Total
[220.038s][info][gc,stats    ]                                                              Avg / Max             Avg / Max             Avg / Max             Avg / Max
[220.038s][info][gc,stats    ]   Collector: Garbage Collection Cycle                     60.253 / 80.759       61.168 / 153.808      61.168 / 153.808      61.168 / 153.808     ms
[220.038s][info][gc,start    ] GC(404) Garbage Collection (Allocation Rate)
[220.038s][info][gc,stats    ]  Contention: Mark Segment Reset Contention                     0 / 0                 0 / 0                 0 / 0                 0 / 0           ops/s
[220.038s][info][gc,stats    ]  Contention: Mark SeqNum Reset Contention                      0 / 0                 0 / 0                 0 / 0                 0 / 0           ops/s
[220.038s][info][gc,stats    ]  Contention: Relocation Contention                             0 / 2                 0 / 2                 0 / 2                 0 / 2           ops/s
[220.038s][info][gc,stats    ]    Critical: Allocation Stall                              0.000 / 0.000         0.000 / 0.000         0.000 / 0.000         0.000 / 0.000       ms
[220.038s][info][gc,stats    ]    Critical: Allocation Stall                                  0 / 0                 0 / 0                 0 / 0                 0 / 0           ops/s
[220.038s][info][gc,stats    ]    Critical: GC Locker Stall                               0.000 / 0.000         0.000 / 0.000         0.000 / 0.000         0.000 / 0.000       ms
[220.038s][info][gc,stats    ]    Critical: GC Locker Stall                                   0 / 0                 0 / 0                 0 / 0                 0 / 0           ops/s
[220.038s][info][gc,stats    ]      Memory: Allocation Rate                                4390 / 4476           4603 / 4810           4603 / 4810           4603 / 4810        MB/s
[220.038s][info][gc,stats    ]      Memory: Heap Used After Mark                           2945 / 3200           2743 / 3200           2743 / 3200           2743 / 3200        MB
[220.038s][info][gc,stats    ]      Memory: Heap Used After Relocation                      364 / 430             335 / 476             335 / 476             335 / 476         MB
[220.038s][info][gc,stats    ]      Memory: Heap Used Before Mark                          2766 / 3026           2573 / 3026           2573 / 3026           2573 / 3026        MB
[220.038s][info][gc,stats    ]      Memory: Heap Used Before Relocation                     347 / 384             314 / 410             314 / 410             314 / 410         MB
[220.038s][info][gc,stats    ]      Memory: Out Of Memory                                     0 / 0                 0 / 0                 0 / 0                 0 / 0           ops/s
[220.038s][info][gc,stats    ]      Memory: Page Cache Flush                                  0 / 0                 0 / 0                 0 / 0                 0 / 0           MB/s
[220.038s][info][gc,stats    ]      Memory: Page Cache Hit L1                              2215 / 2260           2317 / 2439           2317 / 2439           2317 / 2439        ops/s
[220.038s][info][gc,stats    ]      Memory: Page Cache Hit L2                                 0 / 0                 0 / 0                 0 / 0                 0 / 0           ops/s
[220.038s][info][gc,stats    ]      Memory: Page Cache Hit L3                                 0 / 0                 0 / 103               0 / 103               0 / 103         ops/s
[220.038s][info][gc,stats    ]      Memory: Page Cache Miss                                   0 / 0                 0 / 0                 0 / 0                 0 / 0           ops/s
[220.038s][info][gc,stats    ]      Memory: Uncommit                                          0 / 0                 0 / 0                 0 / 0                 0 / 0           MB/s
[220.038s][info][gc,stats    ]      Memory: Undo Object Allocation Failed                     0 / 0                 0 / 0                 0 / 0                 0 / 0           ops/s
[220.038s][info][gc,stats    ]      Memory: Undo Object Allocation Succeeded                  0 / 2                 0 / 2                 0 / 2                 0 / 2           ops/s
[220.038s][info][gc,stats    ]      Memory: Undo Page Allocation                              0 / 0                 0 / 0                 0 / 0                 0 / 0           ops/s
[220.038s][info][gc,stats    ]       Phase: Concurrent Mark                              40.440 / 43.957       39.338 / 106.230      39.338 / 106.230      39.338 / 106.230     ms
[220.038s][info][gc,stats    ]       Phase: Concurrent Mark Continue                      0.000 / 0.000         0.000 / 0.000         0.000 / 0.000         0.000 / 0.000       ms
[220.038s][info][gc,stats    ]       Phase: Concurrent Process Non-Strong References      2.789 / 2.941         1.754 / 6.765         1.754 / 6.765         1.754 / 6.765       ms
[220.038s][info][gc,stats    ]       Phase: Concurrent Relocate                          13.945 / 34.239       15.412 / 40.994       15.412 / 40.994       15.412 / 40.994      ms
[220.038s][info][gc,stats    ]       Phase: Concurrent Reset Relocation Set               0.083 / 0.288         0.387 / 1.968         0.387 / 1.968         0.387 / 1.968       ms
[220.038s][info][gc,stats    ]       Phase: Concurrent Select Relocation Set              1.874 / 2.793         3.099 / 7.978         3.099 / 7.978         3.099 / 7.978       ms
[220.038s][info][gc,stats    ]       Phase: Pause Mark End                                0.124 / 0.182         0.245 / 1.037         0.245 / 1.037         0.245 / 1.037       ms
[220.038s][info][gc,stats    ]       Phase: Pause Mark Start                              0.079 / 0.117         0.072 / 0.509         0.072 / 0.509         0.072 / 0.509       ms
[220.038s][info][gc,stats    ]       Phase: Pause Relocate Start                          0.084 / 0.129         0.072 / 0.152         0.072 / 0.152         0.072 / 0.152       ms
[220.038s][info][gc,stats    ]    Subphase: Concurrent Classes Purge                      0.119 / 0.144         0.094 / 0.200         0.094 / 0.200         0.094 / 0.200       ms
[220.038s][info][gc,phases   ] GC(404) Pause Mark Start 0.061ms
[220.038s][info][gc,stats    ]    Subphase: Concurrent Classes Unlink                     2.244 / 2.340         1.320 / 5.156         1.320 / 5.156         1.320 / 5.156       ms
[220.038s][info][gc,stats    ]    Subphase: Concurrent Mark                              40.264 / 43.707       39.199 / 106.127      39.199 / 106.127      39.199 / 106.127     ms
[220.038s][info][gc,stats    ]    Subphase: Concurrent Mark Idle                          0.000 / 0.000         0.000 / 0.000         0.000 / 0.000         0.000 / 0.000       ms
[220.038s][info][gc,stats    ]    Subphase: Concurrent Mark Try Flush                     0.083 / 0.136         0.071 / 0.160         0.071 / 0.160         0.071 / 0.160       ms
[220.038s][info][gc,stats    ]    Subphase: Concurrent Mark Try Terminate                 0.040 / 0.136         0.032 / 0.136         0.032 / 0.136         0.032 / 0.136       ms
[220.038s][info][gc,stats    ]    Subphase: Concurrent References Enqueue                 0.000 / 0.001         0.000 / 0.003         0.000 / 0.003         0.000 / 0.003       ms
[220.038s][info][gc,stats    ]    Subphase: Concurrent References Process                 0.096 / 0.137         0.062 / 0.140         0.062 / 0.140         0.062 / 0.140       ms
[220.038s][info][gc,stats    ]    Subphase: Concurrent Roots                              0.064 / 0.073         0.049 / 0.196         0.049 / 0.196         0.049 / 0.196       ms
[220.038s][info][gc,stats    ]    Subphase: Concurrent Roots ClassLoaderDataGraph         0.059 / 0.063         0.045 / 0.184         0.045 / 0.184         0.045 / 0.184       ms
[220.038s][info][gc,stats    ]    Subphase: Concurrent Roots JNIHandles                   0.002 / 0.003         0.002 / 0.009         0.002 / 0.009         0.002 / 0.009       ms
[220.038s][info][gc,stats    ]    Subphase: Concurrent Roots Setup                        0.009 / 0.011         0.003 / 0.012         0.003 / 0.012         0.003 / 0.012       ms
[220.038s][info][gc,stats    ]    Subphase: Concurrent Roots Teardown                     0.000 / 0.000         0.000 / 0.000         0.000 / 0.000         0.000 / 0.000       ms
[220.038s][info][gc,stats    ]    Subphase: Concurrent Roots VMHandles                    0.003 / 0.007         0.002 / 0.007         0.002 / 0.007         0.002 / 0.007       ms
[220.038s][info][gc,stats    ]    Subphase: Concurrent Weak Roots                         0.217 / 0.239         0.170 / 0.490         0.170 / 0.490         0.170 / 0.490       ms
[220.038s][info][gc,stats    ]    Subphase: Concurrent Weak Roots JNIWeakHandles          0.000 / 0.001         0.000 / 0.001         0.000 / 0.001         0.000 / 0.001       ms
[220.038s][info][gc,stats    ]    Subphase: Concurrent Weak Roots ResolvedMethodTable     0.013 / 0.013         0.007 / 0.042         0.007 / 0.042         0.007 / 0.042       ms
[220.038s][info][gc,stats    ]    Subphase: Concurrent Weak Roots StringTable             0.195 / 0.217         0.159 / 0.432         0.159 / 0.432         0.159 / 0.432       ms
[220.038s][info][gc,stats    ]    Subphase: Concurrent Weak Roots VMWeakHandles           0.008 / 0.009         0.003 / 0.016         0.003 / 0.016         0.003 / 0.016       ms
[220.038s][info][gc,stats    ]    Subphase: Pause Mark Try Complete                       0.013 / 0.015         0.133 / 0.982         0.133 / 0.982         0.133 / 0.982       ms
[220.038s][info][gc,stats    ]    Subphase: Pause Roots                                   0.026 / 0.073         0.014 / 0.487         0.014 / 0.487         0.014 / 0.487       ms
[220.038s][info][gc,stats    ]    Subphase: Pause Roots CodeCache                         0.000 / 0.000         0.000 / 0.000         0.000 / 0.000         0.000 / 0.000       ms
[220.038s][info][gc,stats    ]    Subphase: Pause Roots JVMTIExport                       0.001 / 0.001         0.001 / 0.004         0.001 / 0.004         0.001 / 0.004       ms
[220.038s][info][gc,stats    ]    Subphase: Pause Roots JVMTIWeakExport                   0.001 / 0.001         0.001 / 0.003         0.001 / 0.003         0.001 / 0.003       ms
[220.038s][info][gc,stats    ]    Subphase: Pause Roots Java Threads                      0.027 / 0.068         0.020 / 0.484         0.020 / 0.484         0.020 / 0.484       ms
[220.038s][info][gc,stats    ]    Subphase: Pause Roots Management                        0.001 / 0.002         0.001 / 0.011         0.001 / 0.011         0.001 / 0.011       ms
[220.038s][info][gc,stats    ]    Subphase: Pause Roots ObjectSynchronizer                0.000 / 0.002         0.000 / 0.022         0.000 / 0.022         0.000 / 0.022       ms
[220.038s][info][gc,stats    ]    Subphase: Pause Roots Setup                             0.000 / 0.001         0.000 / 0.002         0.000 / 0.002         0.000 / 0.002       ms
[220.038s][info][gc,stats    ]    Subphase: Pause Roots Teardown                          0.000 / 0.001         0.000 / 0.002         0.000 / 0.002         0.000 / 0.002       ms
[220.038s][info][gc,stats    ]    Subphase: Pause Roots Universe                          0.001 / 0.002         0.001 / 0.015         0.001 / 0.015         0.001 / 0.015       ms
[220.038s][info][gc,stats    ]    Subphase: Pause Roots VM Thread                         0.001 / 0.002         0.001 / 0.003         0.001 / 0.003         0.001 / 0.003       ms
[220.038s][info][gc,stats    ]    Subphase: Pause Weak Roots                              0.003 / 0.015         0.003 / 0.086         0.003 / 0.086         0.003 / 0.086       ms
[220.038s][info][gc,stats    ]    Subphase: Pause Weak Roots JFRWeak                      0.012 / 0.015         0.012 / 0.082         0.012 / 0.082         0.012 / 0.082       ms
[220.038s][info][gc,stats    ]    Subphase: Pause Weak Roots JVMTIWeakExport              0.001 / 0.001         0.001 / 0.006         0.001 / 0.006         0.001 / 0.006       ms
[220.038s][info][gc,stats    ]    Subphase: Pause Weak Roots Setup                        0.000 / 0.000         0.000 / 0.001         0.000 / 0.001         0.000 / 0.001       ms
[220.038s][info][gc,stats    ]    Subphase: Pause Weak Roots Teardown                     0.000 / 0.000         0.000 / 0.000         0.000 / 0.000         0.000 / 0.000       ms
[220.038s][info][gc,stats    ]      System: Java Threads                                     22 / 22               14 / 23               14 / 23               14 / 23          threads
[220.038s][info][gc,stats    ] =========================================================================================================================================================
[220.072s][info][gc,phases   ] GC(404) Concurrent Mark 34.268ms
[220.073s][info][gc,phases   ] GC(404) Pause Mark End 0.128ms
[220.076s][info][gc,phases   ] GC(404) Concurrent Process Non-Strong References 2.900ms
[220.076s][info][gc,phases   ] GC(404) Concurrent Reset Relocation Set 0.028ms
[220.077s][info][gc,phases   ] GC(404) Concurrent Select Relocation Set 1.649ms
[220.078s][info][gc,phases   ] GC(404) Pause Relocate Start 0.085ms
[220.078s][info][gc,phases   ] GC(404) Concurrent Relocate 0.557ms
[220.078s][info][gc,load     ] GC(404) Load: 0.00/0.00/0.00
[220.078s][info][gc,mmu      ] GC(404) MMU: 2ms/48.2%, 5ms/79.3%, 10ms/89.6%, 20ms/94.4%, 50ms/97.8%, 100ms/98.4%
[220.078s][info][gc,marking  ] GC(404) Mark: 1 stripe(s), 2 proactive flush(es), 1 terminate flush(es), 1 completion(s), 0 continuation(s) 
[220.078s][info][gc,nmethod  ] GC(404) NMethods: 2605 registered, 0 unregistered
[220.078s][info][gc,metaspace] GC(404) Metaspace: 9M used, 9M capacity, 9M committed, 1034M reserved
[220.078s][info][gc,ref      ] GC(404) Soft: 777 encountered, 0 discovered, 0 enqueued
[220.078s][info][gc,ref      ] GC(404) Weak: 1186 encountered, 745 discovered, 0 enqueued
[220.078s][info][gc,ref      ] GC(404) Final: 1 encountered, 1 discovered, 0 enqueued
[220.078s][info][gc,ref      ] GC(404) Phantom: 51 encountered, 42 discovered, 0 enqueued
[220.078s][info][gc,reloc    ] GC(404) Small Pages: 1378 / 2756M(99%), Empty: 2694M(96%), Compacting: 12M(0%)->2M(0%)
[220.078s][info][gc,reloc    ] GC(404) Medium Pages: 1 / 32M(1%), Empty: 0M(0%), Compacting: 0M(0%)->0M(0%)
[220.078s][info][gc,reloc    ] GC(404) Large Pages: 1 / 8M(0%), Empty: 0M(0%), Compacting: 0M(0%)->0M(0%)
[220.078s][info][gc,reloc    ] GC(404) Relocation: Successful
[220.078s][info][gc,heap     ] GC(404) Min Capacity: 42M(1%)
[220.078s][info][gc,heap     ] GC(404) Max Capacity: 4060M(100%)
[220.078s][info][gc,heap     ] GC(404) Soft Max Capacity: 4060M(100%)
[220.078s][info][gc,heap     ] GC(404)                Mark Start          Mark End        Relocate Start      Relocate End           High               Low         
[220.078s][info][gc,heap     ] GC(404)  Capacity:     3246M (80%)        3246M (80%)        3246M (80%)        3246M (80%)        3246M (80%)        3246M (80%)    
[220.078s][info][gc,heap     ] GC(404)   Reserve:       42M (1%)           42M (1%)           42M (1%)           42M (1%)           42M (1%)           42M (1%)     
[220.078s][info][gc,heap     ] GC(404)      Free:     1222M (30%)        1066M (26%)        3742M (92%)        3742M (92%)        3746M (92%)        1054M (26%)    
[220.078s][info][gc,heap     ] GC(404)      Used:     2796M (69%)        2952M (73%)         276M (7%)          276M (7%)         2964M (73%)         272M (7%)     
[220.078s][info][gc,heap     ] GC(404)      Live:         -                52M (1%)           52M (1%)           52M (1%)             -                  -          
[220.078s][info][gc,heap     ] GC(404) Allocated:         -               156M (4%)          174M (4%)          186M (5%)             -                  -          
[220.078s][info][gc,heap     ] GC(404)   Garbage:         -              2743M (68%)          49M (1%)           45M (1%)             -                  -          
[220.078s][info][gc,heap     ] GC(404) Reclaimed:         -                  -              2694M (66%)        2698M (66%)            -                  -          
[220.078s][info][gc          ] GC(404) Garbage Collection (Allocation Rate) 2796M(69%)->276M(7%)
[220.638s][info][gc,start    ] GC(405) Garbage Collection (Allocation Rate)
[220.638s][info][gc,phases   ] GC(405) Pause Mark Start 0.074ms
[220.671s][info][gc,phases   ] GC(405) Concurrent Mark 32.543ms
[220.671s][info][gc,phases   ] GC(405) Pause Mark End 0.132ms
[220.674s][info][gc,phases   ] GC(405) Concurrent Process Non-Strong References 2.836ms
[220.674s][info][gc,phases   ] GC(405) Concurrent Reset Relocation Set 0.022ms
[220.676s][info][gc,phases   ] GC(405) Concurrent Select Relocation Set 1.822ms
[220.677s][info][gc,phases   ] GC(405) Pause Relocate Start 0.121ms
[220.686s][info][gc,phases   ] GC(405) Concurrent Relocate 9.263ms
[220.686s][info][gc,load     ] GC(405) Load: 0.00/0.00/0.00
[220.686s][info][gc,mmu      ] GC(405) MMU: 2ms/48.2%, 5ms/79.3%, 10ms/89.6%, 20ms/94.4%, 50ms/97.8%, 100ms/98.4%
[220.686s][info][gc,marking  ] GC(405) Mark: 1 stripe(s), 2 proactive flush(es), 1 terminate flush(es), 1 completion(s), 0 continuation(s) 
[220.686s][info][gc,nmethod  ] GC(405) NMethods: 2606 registered, 0 unregistered
[220.686s][info][gc,metaspace] GC(405) Metaspace: 9M used, 9M capacity, 9M committed, 1034M reserved
[220.686s][info][gc,ref      ] GC(405) Soft: 777 encountered, 0 discovered, 0 enqueued
[220.686s][info][gc,ref      ] GC(405) Weak: 1186 encountered, 745 discovered, 0 enqueued
[220.686s][info][gc,ref      ] GC(405) Final: 1 encountered, 1 discovered, 0 enqueued
[220.686s][info][gc,ref      ] GC(405) Phantom: 51 encountered, 42 discovered, 0 enqueued
[220.686s][info][gc,reloc    ] GC(405) Small Pages: 1367 / 2734M(99%), Empty: 2656M(96%), Compacting: 48M(2%)->16M(1%)
[220.686s][info][gc,reloc    ] GC(405) Medium Pages: 1 / 32M(1%), Empty: 0M(0%), Compacting: 0M(0%)->0M(0%)
[220.686s][info][gc,reloc    ] GC(405) Large Pages: 1 / 8M(0%), Empty: 0M(0%), Compacting: 0M(0%)->0M(0%)
[220.686s][info][gc,reloc    ] GC(405) Relocation: Successful
[220.686s][info][gc,heap     ] GC(405) Min Capacity: 42M(1%)
[220.686s][info][gc,heap     ] GC(405) Max Capacity: 4060M(100%)
[220.686s][info][gc,heap     ] GC(405) Soft Max Capacity: 4060M(100%)
[220.686s][info][gc,heap     ] GC(405)                Mark Start          Mark End        Relocate Start      Relocate End           High               Low         
[220.686s][info][gc,heap     ] GC(405)  Capacity:     3246M (80%)        3246M (80%)        3246M (80%)        3246M (80%)        3246M (80%)        3246M (80%)    
[220.686s][info][gc,heap     ] GC(405)   Reserve:       42M (1%)           42M (1%)           42M (1%)           42M (1%)           42M (1%)           42M (1%)     
[220.686s][info][gc,heap     ] GC(405)      Free:     1244M (31%)        1098M (27%)        3732M (92%)        3716M (92%)        3740M (92%)        1086M (27%)    
[220.686s][info][gc,heap     ] GC(405)      Used:     2774M (68%)        2920M (72%)         286M (7%)          302M (7%)         2932M (72%)         278M (7%)     
[220.686s][info][gc,heap     ] GC(405)      Live:         -                47M (1%)           47M (1%)           47M (1%)             -                  -          
[220.686s][info][gc,heap     ] GC(405) Allocated:         -               146M (4%)          168M (4%)          232M (6%)             -                  -          
[220.686s][info][gc,heap     ] GC(405)   Garbage:         -              2726M (67%)          70M (2%)           44M (1%)             -                  -          
[220.686s][info][gc,heap     ] GC(405) Reclaimed:         -                  -              2656M (65%)        2682M (66%)            -                  -          
[220.686s][info][gc          ] GC(405) Garbage Collection (Allocation Rate) 2774M(68%)->302M(7%)
[221.238s][info][gc,start    ] GC(406) Garbage Collection (Allocation Rate)
[221.238s][info][gc,phases   ] GC(406) Pause Mark Start 0.085ms
[221.276s][info][gc,phases   ] GC(406) Concurrent Mark 37.669ms
[221.276s][info][gc,phases   ] GC(406) Pause Mark End 0.118ms
[221.279s][info][gc,phases   ] GC(406) Concurrent Process Non-Strong References 2.677ms
[221.279s][info][gc,phases   ] GC(406) Concurrent Reset Relocation Set 0.037ms
[221.281s][info][gc,phases   ] GC(406) Concurrent Select Relocation Set 2.308ms
[221.282s][info][gc,phases   ] GC(406) Pause Relocate Start 0.074ms
[221.309s][info][gc,phases   ] GC(406) Concurrent Relocate 26.857ms
[221.309s][info][gc,load     ] GC(406) Load: 0.00/0.00/0.00
[221.309s][info][gc,mmu      ] GC(406) MMU: 2ms/48.2%, 5ms/79.3%, 10ms/89.6%, 20ms/94.4%, 50ms/97.8%, 100ms/98.4%
[221.309s][info][gc,marking  ] GC(406) Mark: 1 stripe(s), 2 proactive flush(es), 1 terminate flush(es), 1 completion(s), 0 continuation(s) 
[221.309s][info][gc,nmethod  ] GC(406) NMethods: 2631 registered, 0 unregistered
[221.309s][info][gc,metaspace] GC(406) Metaspace: 9M used, 9M capacity, 9M committed, 1034M reserved
[221.309s][info][gc,ref      ] GC(406) Soft: 778 encountered, 0 discovered, 0 enqueued
[221.309s][info][gc,ref      ] GC(406) Weak: 1187 encountered, 746 discovered, 0 enqueued
[221.309s][info][gc,ref      ] GC(406) Final: 1 encountered, 1 discovered, 0 enqueued
[221.309s][info][gc,ref      ] GC(406) Phantom: 51 encountered, 42 discovered, 0 enqueued
[221.309s][info][gc,reloc    ] GC(406) Small Pages: 1367 / 2734M(99%), Empty: 2600M(94%), Compacting: 126M(5%)->46M(2%)
[221.309s][info][gc,reloc    ] GC(406) Medium Pages: 1 / 32M(1%), Empty: 0M(0%), Compacting: 0M(0%)->0M(0%)
[221.309s][info][gc,reloc    ] GC(406) Large Pages: 1 / 8M(0%), Empty: 0M(0%), Compacting: 0M(0%)->0M(0%)
[221.309s][info][gc,reloc    ] GC(406) Relocation: Successful
[221.309s][info][gc,heap     ] GC(406) Min Capacity: 42M(1%)
[221.309s][info][gc,heap     ] GC(406) Max Capacity: 4060M(100%)
[221.309s][info][gc,heap     ] GC(406) Soft Max Capacity: 4060M(100%)
[221.309s][info][gc,heap     ] GC(406)                Mark Start          Mark End        Relocate Start      Relocate End           High               Low         
[221.309s][info][gc,heap     ] GC(406)  Capacity:     3246M (80%)        3246M (80%)        3246M (80%)        3246M (80%)        3246M (80%)        3246M (80%)    
[221.309s][info][gc,heap     ] GC(406)   Reserve:       42M (1%)           42M (1%)           42M (1%)           42M (1%)           42M (1%)           42M (1%)     
[221.309s][info][gc,heap     ] GC(406)      Free:     1244M (31%)        1076M (27%)        3654M (90%)        3612M (89%)        3664M (90%)        1064M (26%)    
[221.309s][info][gc,heap     ] GC(406)      Used:     2774M (68%)        2942M (72%)         364M (9%)          406M (10%)        2954M (73%)         354M (9%)     
[221.309s][info][gc,heap     ] GC(406)      Live:         -                55M (1%)           55M (1%)           55M (1%)             -                  -          
[221.309s][info][gc,heap     ] GC(406) Allocated:         -               168M (4%)          190M (5%)          358M (9%)             -                  -          
[221.309s][info][gc,heap     ] GC(406)   Garbage:         -              2718M (67%)         118M (3%)           40M (1%)             -                  -          
[221.309s][info][gc,heap     ] GC(406) Reclaimed:         -                  -              2600M (64%)        2678M (66%)            -                  -          
[221.309s][info][gc          ] GC(406) Garbage Collection (Allocation Rate) 2774M(68%)->406M(10%)
[221.838s][info][gc,start    ] GC(407) Garbage Collection (Allocation Rate)
[221.838s][info][gc,phases   ] GC(407) Pause Mark Start 0.059ms
[221.878s][info][gc,phases   ] GC(407) Concurrent Mark 39.466ms
[221.878s][info][gc,phases   ] GC(407) Pause Mark End 0.149ms
[221.881s][info][gc,phases   ] GC(407) Concurrent Process Non-Strong References 2.839ms
[221.881s][info][gc,phases   ] GC(407) Concurrent Reset Relocation Set 0.133ms
[221.884s][info][gc,phases   ] GC(407) Concurrent Select Relocation Set 2.808ms
[221.884s][info][gc,phases   ] GC(407) Pause Relocate Start 0.111ms
[221.914s][info][gc,phases   ] GC(407) Concurrent Relocate 29.673ms
[221.914s][info][gc,load     ] GC(407) Load: 0.00/0.00/0.00
[221.914s][info][gc,mmu      ] GC(407) MMU: 2ms/48.2%, 5ms/79.3%, 10ms/89.6%, 20ms/94.4%, 50ms/97.8%, 100ms/98.4%
[221.914s][info][gc,marking  ] GC(407) Mark: 1 stripe(s), 2 proactive flush(es), 1 terminate flush(es), 1 completion(s), 0 continuation(s) 
[221.914s][info][gc,nmethod  ] GC(407) NMethods: 2633 registered, 0 unregistered
[221.914s][info][gc,metaspace] GC(407) Metaspace: 9M used, 9M capacity, 9M committed, 1034M reserved
[221.914s][info][gc,ref      ] GC(407) Soft: 778 encountered, 0 discovered, 0 enqueued
[221.914s][info][gc,ref      ] GC(407) Weak: 1187 encountered, 746 discovered, 0 enqueued
[221.914s][info][gc,ref      ] GC(407) Final: 1 encountered, 1 discovered, 0 enqueued
[221.914s][info][gc,ref      ] GC(407) Phantom: 51 encountered, 42 discovered, 0 enqueued
[221.914s][info][gc,reloc    ] GC(407) Small Pages: 1366 / 2732M(99%), Empty: 2590M(93%), Compacting: 136M(5%)->52M(2%)
[221.914s][info][gc,reloc    ] GC(407) Medium Pages: 1 / 32M(1%), Empty: 0M(0%), Compacting: 0M(0%)->0M(0%)
[221.914s][info][gc,reloc    ] GC(407) Large Pages: 1 / 8M(0%), Empty: 0M(0%), Compacting: 0M(0%)->0M(0%)
[221.914s][info][gc,reloc    ] GC(407) Relocation: Successful
[221.914s][info][gc,heap     ] GC(407) Min Capacity: 42M(1%)
[221.914s][info][gc,heap     ] GC(407) Max Capacity: 4060M(100%)
[221.914s][info][gc,heap     ] GC(407) Soft Max Capacity: 4060M(100%)
[221.914s][info][gc,heap     ] GC(407)                Mark Start          Mark End        Relocate Start      Relocate End           High               Low         
[221.914s][info][gc,heap     ] GC(407)  Capacity:     3246M (80%)        3246M (80%)        3246M (80%)        3246M (80%)        3246M (80%)        3246M (80%)    
[221.914s][info][gc,heap     ] GC(407)   Reserve:       42M (1%)           42M (1%)           42M (1%)           42M (1%)           42M (1%)           42M (1%)     
[221.914s][info][gc,heap     ] GC(407)      Free:     1246M (31%)        1072M (26%)        3636M (90%)        3584M (88%)        3648M (90%)        1058M (26%)    
[221.914s][info][gc,heap     ] GC(407)      Used:     2772M (68%)        2946M (73%)         382M (9%)          434M (11%)        2960M (73%)         370M (9%)     
[221.914s][info][gc,heap     ] GC(407)      Live:         -                59M (1%)           59M (1%)           59M (1%)             -                  -          
[221.914s][info][gc,heap     ] GC(407) Allocated:         -               174M (4%)          200M (5%)          388M (10%)            -                  -          
[221.914s][info][gc,heap     ] GC(407)   Garbage:         -              2712M (67%)         122M (3%)           42M (1%)             -                  -          
[221.914s][info][gc,heap     ] GC(407) Reclaimed:         -                  -              2590M (64%)        2670M (66%)            -                  -          
[221.914s][info][gc          ] GC(407) Garbage Collection (Allocation Rate) 2772M(68%)->434M(11%)
[222.338s][info][gc,start    ] GC(408) Garbage Collection (Allocation Rate)
[222.338s][info][gc,phases   ] GC(408) Pause Mark Start 0.113ms
[222.371s][info][gc,phases   ] GC(408) Concurrent Mark 32.776ms
[222.371s][info][gc,phases   ] GC(408) Pause Mark End 0.117ms
[222.374s][info][gc,phases   ] GC(408) Concurrent Process Non-Strong References 2.678ms
[222.374s][info][gc,phases   ] GC(408) Concurrent Reset Relocation Set 0.181ms
[222.376s][info][gc,phases   ] GC(408) Concurrent Select Relocation Set 1.569ms
[222.376s][info][gc,phases   ] GC(408) Pause Relocate Start 0.054ms
[222.382s][info][gc,phases   ] GC(408) Concurrent Relocate 5.790ms
[222.382s][info][gc,load     ] GC(408) Load: 0.00/0.00/0.00
[222.382s][info][gc,mmu      ] GC(408) MMU: 2ms/48.2%, 5ms/79.3%, 10ms/89.6%, 20ms/94.4%, 50ms/97.8%, 100ms/98.4%
[222.382s][info][gc,marking  ] GC(408) Mark: 1 stripe(s), 2 proactive flush(es), 1 terminate flush(es), 1 completion(s), 0 continuation(s) 
[222.382s][info][gc,nmethod  ] GC(408) NMethods: 2642 registered, 0 unregistered
[222.382s][info][gc,metaspace] GC(408) Metaspace: 9M used, 9M capacity, 9M committed, 1034M reserved
[222.382s][info][gc,ref      ] GC(408) Soft: 778 encountered, 0 discovered, 0 enqueued
[222.382s][info][gc,ref      ] GC(408) Weak: 1187 encountered, 746 discovered, 0 enqueued
[222.382s][info][gc,ref      ] GC(408) Final: 1 encountered, 1 discovered, 0 enqueued
[222.382s][info][gc,ref      ] GC(408) Phantom: 51 encountered, 42 discovered, 0 enqueued
[222.382s][info][gc,reloc    ] GC(408) Small Pages: 1150 / 2300M(98%), Empty: 2228M(95%), Compacting: 38M(2%)->10M(0%)
[222.382s][info][gc,reloc    ] GC(408) Medium Pages: 1 / 32M(1%), Empty: 0M(0%), Compacting: 0M(0%)->0M(0%)
[222.382s][info][gc,reloc    ] GC(408) Large Pages: 1 / 8M(0%), Empty: 0M(0%), Compacting: 0M(0%)->0M(0%)
[222.382s][info][gc,reloc    ] GC(408) Relocation: Successful
[222.382s][info][gc,heap     ] GC(408) Min Capacity: 42M(1%)
[222.382s][info][gc,heap     ] GC(408) Max Capacity: 4060M(100%)
[222.382s][info][gc,heap     ] GC(408) Soft Max Capacity: 4060M(100%)
[222.382s][info][gc,heap     ] GC(408)                Mark Start          Mark End        Relocate Start      Relocate End           High               Low         
[222.382s][info][gc,heap     ] GC(408)  Capacity:     3246M (80%)        3246M (80%)        3246M (80%)        3246M (80%)        3246M (80%)        3246M (80%)    
[222.382s][info][gc,heap     ] GC(408)   Reserve:       42M (1%)           42M (1%)           42M (1%)           42M (1%)           42M (1%)           42M (1%)     
[222.382s][info][gc,heap     ] GC(408)      Free:     1678M (41%)        1536M (38%)        3746M (92%)        3740M (92%)        3752M (92%)        1524M (38%)    
[222.382s][info][gc,heap     ] GC(408)      Used:     2340M (58%)        2482M (61%)         272M (7%)          278M (7%)         2494M (61%)         266M (7%)     
[222.382s][info][gc,heap     ] GC(408)      Live:         -                46M (1%)           46M (1%)           46M (1%)             -                  -          
[222.382s][info][gc,heap     ] GC(408) Allocated:         -               142M (3%)          160M (4%)          204M (5%)             -                  -          
[222.382s][info][gc,heap     ] GC(408)   Garbage:         -              2293M (56%)          65M (2%)           45M (1%)             -                  -          
[222.382s][info][gc,heap     ] GC(408) Reclaimed:         -                  -              2228M (55%)        2248M (55%)            -                  -          
[222.382s][info][gc          ] GC(408) Garbage Collection (Allocation Rate) 2340M(58%)->278M(7%)
[222.938s][info][gc,start    ] GC(409) Garbage Collection (Allocation Rate)
[222.938s][info][gc,phases   ] GC(409) Pause Mark Start 0.067ms
[222.977s][info][gc,phases   ] GC(409) Concurrent Mark 39.207ms
[222.977s][info][gc,phases   ] GC(409) Pause Mark End 0.112ms
[222.980s][info][gc,phases   ] GC(409) Concurrent Process Non-Strong References 2.763ms
[222.980s][info][gc,phases   ] GC(409) Concurrent Reset Relocation Set 0.033ms
[222.983s][info][gc,phases   ] GC(409) Concurrent Select Relocation Set 2.772ms
[222.984s][info][gc,phases   ] GC(409) Pause Relocate Start 0.095ms
[223.012s][info][gc,phases   ] GC(409) Concurrent Relocate 28.362ms
[223.012s][info][gc,load     ] GC(409) Load: 0.00/0.00/0.00
[223.012s][info][gc,mmu      ] GC(409) MMU: 2ms/48.2%, 5ms/79.3%, 10ms/89.6%, 20ms/94.4%, 50ms/97.8%, 100ms/98.4%
[223.012s][info][gc,marking  ] GC(409) Mark: 1 stripe(s), 2 proactive flush(es), 1 terminate flush(es), 1 completion(s), 0 continuation(s) 
[223.012s][info][gc,nmethod  ] GC(409) NMethods: 2642 registered, 0 unregistered
[223.012s][info][gc,metaspace] GC(409) Metaspace: 9M used, 9M capacity, 9M committed, 1034M reserved
[223.012s][info][gc,ref      ] GC(409) Soft: 778 encountered, 0 discovered, 0 enqueued
[223.012s][info][gc,ref      ] GC(409) Weak: 1187 encountered, 746 discovered, 0 enqueued
[223.012s][info][gc,ref      ] GC(409) Final: 1 encountered, 1 discovered, 0 enqueued
[223.012s][info][gc,ref      ] GC(409) Phantom: 51 encountered, 42 discovered, 0 enqueued
[223.012s][info][gc,reloc    ] GC(409) Small Pages: 1353 / 2706M(99%), Empty: 2566M(93%), Compacting: 132M(5%)->50M(2%)
[223.012s][info][gc,reloc    ] GC(409) Medium Pages: 1 / 32M(1%), Empty: 0M(0%), Compacting: 0M(0%)->0M(0%)
[223.012s][info][gc,reloc    ] GC(409) Large Pages: 1 / 8M(0%), Empty: 0M(0%), Compacting: 0M(0%)->0M(0%)
[223.012s][info][gc,reloc    ] GC(409) Relocation: Successful
[223.012s][info][gc,heap     ] GC(409) Min Capacity: 42M(1%)
[223.012s][info][gc,heap     ] GC(409) Max Capacity: 4060M(100%)
[223.012s][info][gc,heap     ] GC(409) Soft Max Capacity: 4060M(100%)
[223.012s][info][gc,heap     ] GC(409)                Mark Start          Mark End        Relocate Start      Relocate End           High               Low         
[223.012s][info][gc,heap     ] GC(409)  Capacity:     3246M (80%)        3246M (80%)        3246M (80%)        3246M (80%)        3246M (80%)        3246M (80%)    
[223.012s][info][gc,heap     ] GC(409)   Reserve:       42M (1%)           42M (1%)           42M (1%)           42M (1%)           42M (1%)           42M (1%)     
[223.012s][info][gc,heap     ] GC(409)      Free:     1272M (31%)        1098M (27%)        3640M (90%)        3596M (89%)        3652M (90%)        1086M (27%)    
[223.012s][info][gc,heap     ] GC(409)      Used:     2746M (68%)        2920M (72%)         378M (9%)          422M (10%)        2932M (72%)         366M (9%)     
[223.012s][info][gc,heap     ] GC(409)      Live:         -                57M (1%)           57M (1%)           57M (1%)             -                  -          
[223.012s][info][gc,heap     ] GC(409) Allocated:         -               174M (4%)          198M (5%)          374M (9%)             -                  -          
[223.012s][info][gc,heap     ] GC(409)   Garbage:         -              2688M (66%)         122M (3%)           40M (1%)             -                  -          
[223.012s][info][gc,heap     ] GC(409) Reclaimed:         -                  -              2566M (63%)        2648M (65%)            -                  -          
[223.012s][info][gc          ] GC(409) Garbage Collection (Allocation Rate) 2746M(68%)->422M(10%)
[223.439s][info][gc,start    ] GC(410) Garbage Collection (Allocation Rate)
[223.439s][info][gc,phases   ] GC(410) Pause Mark Start 0.059ms
[223.473s][info][gc,phases   ] GC(410) Concurrent Mark 33.647ms
[223.473s][info][gc,phases   ] GC(410) Pause Mark End 0.145ms
[223.476s][info][gc,phases   ] GC(410) Concurrent Process Non-Strong References 2.718ms
[223.477s][info][gc,phases   ] GC(410) Concurrent Reset Relocation Set 1.170ms
[223.478s][info][gc,phases   ] GC(410) Concurrent Select Relocation Set 1.547ms
[223.479s][info][gc,phases   ] GC(410) Pause Relocate Start 0.114ms
[223.480s][info][gc,phases   ] GC(410) Concurrent Relocate 0.642ms
[223.480s][info][gc,load     ] GC(410) Load: 0.00/0.00/0.00
[223.480s][info][gc,mmu      ] GC(410) MMU: 2ms/48.2%, 5ms/79.3%, 10ms/89.6%, 20ms/94.4%, 50ms/97.8%, 100ms/98.4%
[223.480s][info][gc,marking  ] GC(410) Mark: 1 stripe(s), 2 proactive flush(es), 1 terminate flush(es), 1 completion(s), 0 continuation(s) 
[223.480s][info][gc,nmethod  ] GC(410) NMethods: 2642 registered, 0 unregistered
[223.480s][info][gc,metaspace] GC(410) Metaspace: 9M used, 9M capacity, 9M committed, 1034M reserved
[223.480s][info][gc,ref      ] GC(410) Soft: 778 encountered, 0 discovered, 0 enqueued
[223.480s][info][gc,ref      ] GC(410) Weak: 1187 encountered, 746 discovered, 0 enqueued
[223.480s][info][gc,ref      ] GC(410) Final: 1 encountered, 1 discovered, 0 enqueued
[223.480s][info][gc,ref      ] GC(410) Phantom: 51 encountered, 42 discovered, 0 enqueued
[223.480s][info][gc,reloc    ] GC(410) Small Pages: 1151 / 2302M(98%), Empty: 2240M(96%), Compacting: 14M(1%)->2M(0%)
[223.480s][info][gc,reloc    ] GC(410) Medium Pages: 1 / 32M(1%), Empty: 0M(0%), Compacting: 0M(0%)->0M(0%)
[223.480s][info][gc,reloc    ] GC(410) Large Pages: 1 / 8M(0%), Empty: 0M(0%), Compacting: 0M(0%)->0M(0%)
[223.480s][info][gc,reloc    ] GC(410) Relocation: Successful
[223.480s][info][gc,heap     ] GC(410) Min Capacity: 42M(1%)
[223.480s][info][gc,heap     ] GC(410) Max Capacity: 4060M(100%)
[223.480s][info][gc,heap     ] GC(410) Soft Max Capacity: 4060M(100%)
[223.480s][info][gc,heap     ] GC(410)                Mark Start          Mark End        Relocate Start      Relocate End           High               Low         
[223.480s][info][gc,heap     ] GC(410)  Capacity:     3246M (80%)        3246M (80%)        3246M (80%)        3246M (80%)        3246M (80%)        3246M (80%)    
[223.480s][info][gc,heap     ] GC(410)   Reserve:       42M (1%)           42M (1%)           42M (1%)           42M (1%)           42M (1%)           42M (1%)     
[223.480s][info][gc,heap     ] GC(410)      Free:     1676M (41%)        1524M (38%)        3742M (92%)        3746M (92%)        3746M (92%)        1508M (37%)    
[223.480s][info][gc,heap     ] GC(410)      Used:     2342M (58%)        2494M (61%)         276M (7%)          272M (7%)         2510M (62%)         272M (7%)     
[223.480s][info][gc,heap     ] GC(410)      Live:         -                50M (1%)           50M (1%)           50M (1%)             -                  -          
[223.480s][info][gc,heap     ] GC(410) Allocated:         -               152M (4%)          174M (4%)          184M (5%)             -                  -          
[223.480s][info][gc,heap     ] GC(410)   Garbage:         -              2291M (56%)          51M (1%)           45M (1%)             -                  -          
[223.480s][info][gc,heap     ] GC(410) Reclaimed:         -                  -              2240M (55%)        2246M (55%)            -                  -          
[223.480s][info][gc          ] GC(410) Garbage Collection (Allocation Rate) 2342M(58%)->272M(7%)
[224.038s][info][gc,start    ] GC(411) Garbage Collection (Allocation Rate)
[224.038s][info][gc,phases   ] GC(411) Pause Mark Start 0.081ms
[224.074s][info][gc,phases   ] GC(411) Concurrent Mark 35.031ms
[224.074s][info][gc,phases   ] GC(411) Pause Mark End 0.118ms
[224.077s][info][gc,phases   ] GC(411) Concurrent Process Non-Strong References 2.736ms
[224.077s][info][gc,phases   ] GC(411) Concurrent Reset Relocation Set 0.025ms
[224.080s][info][gc,phases   ] GC(411) Concurrent Select Relocation Set 3.917ms
[224.081s][info][gc,phases   ] GC(411) Pause Relocate Start 0.073ms
[224.098s][info][gc,phases   ] GC(411) Concurrent Relocate 16.563ms
[224.098s][info][gc,load     ] GC(411) Load: 0.00/0.00/0.00
[224.098s][info][gc,mmu      ] GC(411) MMU: 2ms/48.2%, 5ms/79.3%, 10ms/89.6%, 20ms/94.4%, 50ms/97.8%, 100ms/98.4%
[224.098s][info][gc,marking  ] GC(411) Mark: 1 stripe(s), 2 proactive flush(es), 1 terminate flush(es), 1 completion(s), 0 continuation(s) 
[224.098s][info][gc,nmethod  ] GC(411) NMethods: 2642 registered, 0 unregistered
[224.098s][info][gc,metaspace] GC(411) Metaspace: 9M used, 9M capacity, 9M committed, 1034M reserved
[224.098s][info][gc,ref      ] GC(411) Soft: 778 encountered, 0 discovered, 0 enqueued
[224.098s][info][gc,ref      ] GC(411) Weak: 1187 encountered, 746 discovered, 0 enqueued
[224.098s][info][gc,ref      ] GC(411) Final: 1 encountered, 1 discovered, 0 enqueued
[224.098s][info][gc,ref      ] GC(411) Phantom: 51 encountered, 42 discovered, 0 enqueued
[224.098s][info][gc,reloc    ] GC(411) Small Pages: 1363 / 2726M(99%), Empty: 2630M(95%), Compacting: 76M(3%)->28M(1%)
[224.098s][info][gc,reloc    ] GC(411) Medium Pages: 1 / 32M(1%), Empty: 0M(0%), Compacting: 0M(0%)->0M(0%)
[224.098s][info][gc,reloc    ] GC(411) Large Pages: 1 / 8M(0%), Empty: 0M(0%), Compacting: 0M(0%)->0M(0%)
[224.098s][info][gc,reloc    ] GC(411) Relocation: Successful
[224.098s][info][gc,heap     ] GC(411) Min Capacity: 42M(1%)
[224.098s][info][gc,heap     ] GC(411) Max Capacity: 4060M(100%)
[224.098s][info][gc,heap     ] GC(411) Soft Max Capacity: 4060M(100%)
[224.098s][info][gc,heap     ] GC(411)                Mark Start          Mark End        Relocate Start      Relocate End           High               Low         
[224.098s][info][gc,heap     ] GC(411)  Capacity:     3246M (80%)        3246M (80%)        3246M (80%)        3246M (80%)        3246M (80%)        3246M (80%)    
[224.098s][info][gc,heap     ] GC(411)   Reserve:       42M (1%)           42M (1%)           42M (1%)           42M (1%)           42M (1%)           42M (1%)     
[224.098s][info][gc,heap     ] GC(411)      Free:     1252M (31%)        1096M (27%)        3696M (91%)        3666M (90%)        3714M (91%)        1084M (27%)    
[224.098s][info][gc,heap     ] GC(411)      Used:     2766M (68%)        2922M (72%)         322M (8%)          352M (9%)         2934M (72%)         304M (7%)     
[224.098s][info][gc,heap     ] GC(411)      Live:         -                50M (1%)           50M (1%)           50M (1%)             -                  -          
[224.098s][info][gc,heap     ] GC(411) Allocated:         -               156M (4%)          186M (5%)          292M (7%)             -                  -          
[224.098s][info][gc,heap     ] GC(411)   Garbage:         -              2715M (67%)          85M (2%)           43M (1%)             -                  -          
[224.098s][info][gc,heap     ] GC(411) Reclaimed:         -                  -              2630M (65%)        2672M (66%)            -                  -          
[224.098s][info][gc          ] GC(411) Garbage Collection (Allocation Rate) 2766M(68%)->352M(9%)
[224.639s][info][gc,start    ] GC(412) Garbage Collection (Allocation Rate)
[224.639s][info][gc,phases   ] GC(412) Pause Mark Start 0.082ms
[224.677s][info][gc,phases   ] GC(412) Concurrent Mark 38.073ms
[224.677s][info][gc,phases   ] GC(412) Pause Mark End 0.191ms
[224.680s][info][gc,phases   ] GC(412) Concurrent Process Non-Strong References 2.871ms
[224.680s][info][gc,phases   ] GC(412) Concurrent Reset Relocation Set 0.063ms
[224.683s][info][gc,phases   ] GC(412) Concurrent Select Relocation Set 2.509ms
[224.683s][info][gc,phases   ] GC(412) Pause Relocate Start 0.084ms
[224.709s][info][gc,phases   ] GC(412) Concurrent Relocate 26.031ms
[224.709s][info][gc,load     ] GC(412) Load: 0.00/0.00/0.00
[224.709s][info][gc,mmu      ] GC(412) MMU: 2ms/48.2%, 5ms/79.3%, 10ms/89.6%, 20ms/94.4%, 50ms/97.8%, 100ms/98.4%
[224.709s][info][gc,marking  ] GC(412) Mark: 1 stripe(s), 2 proactive flush(es), 1 terminate flush(es), 1 completion(s), 0 continuation(s) 
[224.709s][info][gc,nmethod  ] GC(412) NMethods: 2642 registered, 0 unregistered
[224.709s][info][gc,metaspace] GC(412) Metaspace: 9M used, 9M capacity, 9M committed, 1034M reserved
[224.709s][info][gc,ref      ] GC(412) Soft: 778 encountered, 0 discovered, 0 enqueued
[224.709s][info][gc,ref      ] GC(412) Weak: 1187 encountered, 746 discovered, 0 enqueued
[224.709s][info][gc,ref      ] GC(412) Final: 1 encountered, 1 discovered, 0 enqueued
[224.709s][info][gc,ref      ] GC(412) Phantom: 51 encountered, 42 discovered, 0 enqueued
[224.709s][info][gc,reloc    ] GC(412) Small Pages: 1369 / 2738M(99%), Empty: 2602M(94%), Compacting: 128M(5%)->46M(2%)
[224.709s][info][gc,reloc    ] GC(412) Medium Pages: 1 / 32M(1%), Empty: 0M(0%), Compacting: 0M(0%)->0M(0%)
[224.709s][info][gc,reloc    ] GC(412) Large Pages: 1 / 8M(0%), Empty: 0M(0%), Compacting: 0M(0%)->0M(0%)
[224.709s][info][gc,reloc    ] GC(412) Relocation: Successful
[224.709s][info][gc,heap     ] GC(412) Min Capacity: 42M(1%)
[224.709s][info][gc,heap     ] GC(412) Max Capacity: 4060M(100%)
[224.709s][info][gc,heap     ] GC(412) Soft Max Capacity: 4060M(100%)
[224.709s][info][gc,heap     ] GC(412)                Mark Start          Mark End        Relocate Start      Relocate End           High               Low         
[224.709s][info][gc,heap     ] GC(412)  Capacity:     3246M (80%)        3246M (80%)        3246M (80%)        3246M (80%)        3246M (80%)        3246M (80%)    
[224.709s][info][gc,heap     ] GC(412)   Reserve:       42M (1%)           42M (1%)           42M (1%)           42M (1%)           42M (1%)           42M (1%)     
[224.710s][info][gc,heap     ] GC(412)      Free:     1240M (31%)        1072M (26%)        3650M (90%)        3612M (89%)        3660M (90%)        1058M (26%)    
[224.710s][info][gc,heap     ] GC(412)      Used:     2778M (68%)        2946M (73%)         368M (9%)          406M (10%)        2960M (73%)         358M (9%)     
[224.710s][info][gc,heap     ] GC(412)      Live:         -                55M (1%)           55M (1%)           55M (1%)             -                  -          
[224.710s][info][gc,heap     ] GC(412) Allocated:         -               168M (4%)          192M (5%)          358M (9%)             -                  -          
[224.710s][info][gc,heap     ] GC(412)   Garbage:         -              2722M (67%)         120M (3%)           42M (1%)             -                  -          
[224.710s][info][gc,heap     ] GC(412) Reclaimed:         -                  -              2602M (64%)        2680M (66%)            -                  -          
[224.710s][info][gc          ] GC(412) Garbage Collection (Allocation Rate) 2778M(68%)->406M(10%)
[225.238s][info][gc,start    ] GC(413) Garbage Collection (Allocation Rate)
[225.238s][info][gc,phases   ] GC(413) Pause Mark Start 0.079ms
[225.279s][info][gc,phases   ] GC(413) Concurrent Mark 40.475ms
[225.279s][info][gc,phases   ] GC(413) Pause Mark End 0.068ms
[225.282s][info][gc,phases   ] GC(413) Concurrent Process Non-Strong References 2.809ms
[225.282s][info][gc,phases   ] GC(413) Concurrent Reset Relocation Set 0.141ms
[225.285s][info][gc,phases   ] GC(413) Concurrent Select Relocation Set 2.820ms
[225.285s][info][gc,phases   ] GC(413) Pause Relocate Start 0.087ms
[225.315s][info][gc,phases   ] GC(413) Concurrent Relocate 29.709ms
[225.315s][info][gc,load     ] GC(413) Load: 0.00/0.00/0.00
[225.315s][info][gc,mmu      ] GC(413) MMU: 2ms/48.2%, 5ms/79.3%, 10ms/89.6%, 20ms/94.4%, 50ms/97.8%, 100ms/98.4%
[225.315s][info][gc,marking  ] GC(413) Mark: 1 stripe(s), 2 proactive flush(es), 1 terminate flush(es), 1 completion(s), 0 continuation(s) 
[225.315s][info][gc,nmethod  ] GC(413) NMethods: 2653 registered, 0 unregistered
[225.315s][info][gc,metaspace] GC(413) Metaspace: 9M used, 9M capacity, 9M committed, 1034M reserved
[225.315s][info][gc,ref      ] GC(413) Soft: 780 encountered, 0 discovered, 0 enqueued
[225.315s][info][gc,ref      ] GC(413) Weak: 1196 encountered, 755 discovered, 5 enqueued
[225.315s][info][gc,ref      ] GC(413) Final: 1 encountered, 1 discovered, 0 enqueued
[225.315s][info][gc,ref      ] GC(413) Phantom: 51 encountered, 42 discovered, 0 enqueued
[225.315s][info][gc,reloc    ] GC(413) Small Pages: 1359 / 2718M(99%), Empty: 2566M(93%), Compacting: 144M(5%)->52M(2%)
[225.315s][info][gc,reloc    ] GC(413) Medium Pages: 1 / 32M(1%), Empty: 0M(0%), Compacting: 0M(0%)->0M(0%)
[225.315s][info][gc,reloc    ] GC(413) Large Pages: 1 / 8M(0%), Empty: 0M(0%), Compacting: 0M(0%)->0M(0%)
[225.315s][info][gc,reloc    ] GC(413) Relocation: Successful
[225.315s][info][gc,heap     ] GC(413) Min Capacity: 42M(1%)
[225.315s][info][gc,heap     ] GC(413) Max Capacity: 4060M(100%)
[225.315s][info][gc,heap     ] GC(413) Soft Max Capacity: 4060M(100%)
[225.315s][info][gc,heap     ] GC(413)                Mark Start          Mark End        Relocate Start      Relocate End           High               Low         
[225.315s][info][gc,heap     ] GC(413)  Capacity:     3246M (80%)        3246M (80%)        3246M (80%)        3246M (80%)        3246M (80%)        3246M (80%)    
[225.315s][info][gc,heap     ] GC(413)   Reserve:       42M (1%)           42M (1%)           42M (1%)           42M (1%)           42M (1%)           42M (1%)     
[225.315s][info][gc,heap     ] GC(413)      Free:     1260M (31%)        1082M (27%)        3622M (89%)        3578M (88%)        3634M (90%)        1068M (26%)    
[225.315s][info][gc,heap     ] GC(413)      Used:     2758M (68%)        2936M (72%)         396M (10%)         440M (11%)        2950M (73%)         384M (9%)     
[225.315s][info][gc,heap     ] GC(413)      Live:         -                60M (1%)           60M (1%)           60M (1%)             -                  -          
[225.315s][info][gc,heap     ] GC(413) Allocated:         -               178M (4%)          204M (5%)          392M (10%)            -                  -          
[225.315s][info][gc,heap     ] GC(413)   Garbage:         -              2697M (66%)         131M (3%)           41M (1%)             -                  -          
[225.315s][info][gc,heap     ] GC(413) Reclaimed:         -                  -              2566M (63%)        2656M (65%)            -                  -          
[225.315s][info][gc          ] GC(413) Garbage Collection (Allocation Rate) 2758M(68%)->440M(11%)
[225.838s][info][gc,start    ] GC(414) Garbage Collection (Allocation Rate)
[225.839s][info][gc,phases   ] GC(414) Pause Mark Start 0.116ms
[225.880s][info][gc,phases   ] GC(414) Concurrent Mark 41.271ms
[225.880s][info][gc,phases   ] GC(414) Pause Mark End 0.190ms
[225.883s][info][gc,phases   ] GC(414) Concurrent Process Non-Strong References 2.949ms
[225.884s][info][gc,phases   ] GC(414) Concurrent Reset Relocation Set 1.044ms
[225.889s][info][gc,phases   ] GC(414) Concurrent Select Relocation Set 4.422ms
[225.889s][info][gc,phases   ] GC(414) Pause Relocate Start 0.089ms
[225.914s][info][gc,phases   ] GC(414) Concurrent Relocate 24.669ms
[225.914s][info][gc,load     ] GC(414) Load: 0.00/0.00/0.00
[225.914s][info][gc,mmu      ] GC(414) MMU: 2ms/48.2%, 5ms/79.3%, 10ms/89.6%, 20ms/94.4%, 50ms/97.8%, 100ms/98.4%
[225.914s][info][gc,marking  ] GC(414) Mark: 1 stripe(s), 2 proactive flush(es), 1 terminate flush(es), 1 completion(s), 0 continuation(s) 
[225.914s][info][gc,nmethod  ] GC(414) NMethods: 2655 registered, 0 unregistered
[225.914s][info][gc,metaspace] GC(414) Metaspace: 9M used, 9M capacity, 9M committed, 1034M reserved
[225.914s][info][gc,ref      ] GC(414) Soft: 780 encountered, 0 discovered, 0 enqueued
[225.914s][info][gc,ref      ] GC(414) Weak: 1196 encountered, 755 discovered, 4 enqueued
[225.914s][info][gc,ref      ] GC(414) Final: 1 encountered, 1 discovered, 0 enqueued
[225.914s][info][gc,ref      ] GC(414) Phantom: 49 encountered, 40 discovered, 0 enqueued
[225.914s][info][gc,reloc    ] GC(414) Small Pages: 1371 / 2742M(99%), Empty: 2604M(94%), Compacting: 118M(4%)->42M(2%)
[225.914s][info][gc,reloc    ] GC(414) Medium Pages: 1 / 32M(1%), Empty: 0M(0%), Compacting: 0M(0%)->0M(0%)
[225.914s][info][gc,reloc    ] GC(414) Large Pages: 1 / 8M(0%), Empty: 0M(0%), Compacting: 0M(0%)->0M(0%)
[225.914s][info][gc,reloc    ] GC(414) Relocation: Successful
[225.914s][info][gc,heap     ] GC(414) Min Capacity: 42M(1%)
[225.914s][info][gc,heap     ] GC(414) Max Capacity: 4060M(100%)
[225.914s][info][gc,heap     ] GC(414) Soft Max Capacity: 4060M(100%)
[225.914s][info][gc,heap     ] GC(414)                Mark Start          Mark End        Relocate Start      Relocate End           High               Low         
[225.914s][info][gc,heap     ] GC(414)  Capacity:     3246M (80%)        3246M (80%)        3246M (80%)        3246M (80%)        3246M (80%)        3246M (80%)    
[225.914s][info][gc,heap     ] GC(414)   Reserve:       42M (1%)           42M (1%)           42M (1%)           42M (1%)           42M (1%)           42M (1%)     
[225.914s][info][gc,heap     ] GC(414)      Free:     1236M (30%)        1052M (26%)        3622M (89%)        3584M (88%)        3638M (90%)        1034M (25%)    
[225.914s][info][gc,heap     ] GC(414)      Used:     2782M (69%)        2966M (73%)         396M (10%)         434M (11%)        2984M (73%)         380M (9%)     
[225.914s][info][gc,heap     ] GC(414)      Live:         -                62M (2%)           62M (2%)           62M (2%)             -                  -          
[225.914s][info][gc,heap     ] GC(414) Allocated:         -               184M (5%)          218M (5%)          374M (9%)             -                  -          
[225.914s][info][gc,heap     ] GC(414)   Garbage:         -              2719M (67%)         115M (3%)           43M (1%)             -                  -          
[225.914s][info][gc,heap     ] GC(414) Reclaimed:         -                  -              2604M (64%)        2676M (66%)            -                  -          
[225.914s][info][gc          ] GC(414) Garbage Collection (Allocation Rate) 2782M(69%)->434M(11%)
[226.438s][info][gc,start    ] GC(415) Garbage Collection (Allocation Rate)
[226.438s][info][gc,phases   ] GC(415) Pause Mark Start 0.083ms
[226.480s][info][gc,phases   ] GC(415) Concurrent Mark 41.998ms
[226.480s][info][gc,phases   ] GC(415) Pause Mark End 0.110ms
[226.483s][info][gc,phases   ] GC(415) Concurrent Process Non-Strong References 2.810ms
[226.483s][info][gc,phases   ] GC(415) Concurrent Reset Relocation Set 0.088ms
[226.486s][info][gc,phases   ] GC(415) Concurrent Select Relocation Set 2.700ms
[226.486s][info][gc,phases   ] GC(415) Pause Relocate Start 0.090ms
[226.500s][info][gc,phases   ] GC(415) Concurrent Relocate 13.493ms
[226.500s][info][gc,load     ] GC(415) Load: 0.00/0.00/0.00
[226.500s][info][gc,mmu      ] GC(415) MMU: 2ms/48.2%, 5ms/79.3%, 10ms/89.6%, 20ms/94.4%, 50ms/97.8%, 100ms/98.4%
[226.500s][info][gc,marking  ] GC(415) Mark: 1 stripe(s), 2 proactive flush(es), 1 terminate flush(es), 1 completion(s), 0 continuation(s) 
[226.500s][info][gc,nmethod  ] GC(415) NMethods: 2655 registered, 0 unregistered
[226.500s][info][gc,metaspace] GC(415) Metaspace: 9M used, 9M capacity, 9M committed, 1034M reserved
[226.500s][info][gc,ref      ] GC(415) Soft: 780 encountered, 0 discovered, 0 enqueued
[226.500s][info][gc,ref      ] GC(415) Weak: 1192 encountered, 751 discovered, 0 enqueued
[226.500s][info][gc,ref      ] GC(415) Final: 1 encountered, 1 discovered, 0 enqueued
[226.500s][info][gc,ref      ] GC(415) Phantom: 49 encountered, 40 discovered, 0 enqueued
[226.500s][info][gc,reloc    ] GC(415) Small Pages: 1372 / 2744M(99%), Empty: 2628M(94%), Compacting: 72M(3%)->24M(1%)
[226.500s][info][gc,reloc    ] GC(415) Medium Pages: 1 / 32M(1%), Empty: 0M(0%), Compacting: 0M(0%)->0M(0%)
[226.500s][info][gc,reloc    ] GC(415) Large Pages: 1 / 8M(0%), Empty: 0M(0%), Compacting: 0M(0%)->0M(0%)
[226.500s][info][gc,reloc    ] GC(415) Relocation: Successful
[226.500s][info][gc,heap     ] GC(415) Min Capacity: 42M(1%)
[226.500s][info][gc,heap     ] GC(415) Max Capacity: 4060M(100%)
[226.500s][info][gc,heap     ] GC(415) Soft Max Capacity: 4060M(100%)
[226.500s][info][gc,heap     ] GC(415)                Mark Start          Mark End        Relocate Start      Relocate End           High               Low         
[226.500s][info][gc,heap     ] GC(415)  Capacity:     3246M (80%)        3246M (80%)        3246M (80%)        3246M (80%)        3246M (80%)        3246M (80%)    
[226.500s][info][gc,heap     ] GC(415)   Reserve:       42M (1%)           42M (1%)           42M (1%)           42M (1%)           42M (1%)           42M (1%)     
[226.500s][info][gc,heap     ] GC(415)      Free:     1234M (30%)        1046M (26%)        3654M (90%)        3636M (90%)        3662M (90%)        1034M (25%)    
[226.500s][info][gc,heap     ] GC(415)      Used:     2784M (69%)        2972M (73%)         364M (9%)          382M (9%)         2984M (73%)         356M (9%)     
[226.500s][info][gc,heap     ] GC(415)      Live:         -                66M (2%)           66M (2%)           66M (2%)             -                  -          
[226.500s][info][gc,heap     ] GC(415) Allocated:         -               188M (5%)          208M (5%)          298M (7%)             -                  -          
[226.500s][info][gc,heap     ] GC(415)   Garbage:         -              2717M (67%)          89M (2%)           47M (1%)             -                  -          
[226.500s][info][gc,heap     ] GC(415) Reclaimed:         -                  -              2628M (65%)        2670M (66%)            -                  -          
[226.500s][info][gc          ] GC(415) Garbage Collection (Allocation Rate) 2784M(69%)->382M(9%)
[227.039s][info][gc,start    ] GC(416) Garbage Collection (Allocation Rate)
[227.039s][info][gc,phases   ] GC(416) Pause Mark Start 0.067ms
[227.081s][info][gc,phases   ] GC(416) Concurrent Mark 42.258ms
[227.081s][info][gc,phases   ] GC(416) Pause Mark End 0.067ms
[227.084s][info][gc,phases   ] GC(416) Concurrent Process Non-Strong References 2.907ms
[227.084s][info][gc,phases   ] GC(416) Concurrent Reset Relocation Set 0.046ms
[227.086s][info][gc,phases   ] GC(416) Concurrent Select Relocation Set 1.823ms
[227.087s][info][gc,phases   ] GC(416) Pause Relocate Start 0.058ms
[227.097s][info][gc,phases   ] GC(416) Concurrent Relocate 10.227ms
[227.097s][info][gc,load     ] GC(416) Load: 0.00/0.00/0.00
[227.097s][info][gc,mmu      ] GC(416) MMU: 2ms/48.2%, 5ms/79.3%, 10ms/89.6%, 20ms/94.4%, 50ms/97.8%, 100ms/98.4%
[227.097s][info][gc,marking  ] GC(416) Mark: 1 stripe(s), 2 proactive flush(es), 1 terminate flush(es), 1 completion(s), 0 continuation(s) 
[227.097s][info][gc,nmethod  ] GC(416) NMethods: 2658 registered, 0 unregistered
[227.097s][info][gc,metaspace] GC(416) Metaspace: 9M used, 9M capacity, 9M committed, 1034M reserved
[227.097s][info][gc,ref      ] GC(416) Soft: 780 encountered, 0 discovered, 0 enqueued
[227.097s][info][gc,ref      ] GC(416) Weak: 1192 encountered, 751 discovered, 0 enqueued
[227.097s][info][gc,ref      ] GC(416) Final: 1 encountered, 1 discovered, 0 enqueued
[227.097s][info][gc,ref      ] GC(416) Phantom: 49 encountered, 40 discovered, 0 enqueued
[227.097s][info][gc,reloc    ] GC(416) Small Pages: 1381 / 2762M(99%), Empty: 2656M(95%), Compacting: 56M(2%)->18M(1%)
[227.097s][info][gc,reloc    ] GC(416) Medium Pages: 1 / 32M(1%), Empty: 0M(0%), Compacting: 0M(0%)->0M(0%)
[227.097s][info][gc,reloc    ] GC(416) Large Pages: 1 / 8M(0%), Empty: 0M(0%), Compacting: 0M(0%)->0M(0%)
[227.097s][info][gc,reloc    ] GC(416) Relocation: Successful
[227.097s][info][gc,heap     ] GC(416) Min Capacity: 42M(1%)
[227.097s][info][gc,heap     ] GC(416) Max Capacity: 4060M(100%)
[227.097s][info][gc,heap     ] GC(416) Soft Max Capacity: 4060M(100%)
[227.097s][info][gc,heap     ] GC(416)                Mark Start          Mark End        Relocate Start      Relocate End           High               Low         
[227.097s][info][gc,heap     ] GC(416)  Capacity:     3246M (80%)        3246M (80%)        3246M (80%)        3246M (80%)        3246M (80%)        3246M (80%)    
[227.097s][info][gc,heap     ] GC(416)   Reserve:       42M (1%)           42M (1%)           42M (1%)           42M (1%)           42M (1%)           42M (1%)     
[227.097s][info][gc,heap     ] GC(416)      Free:     1216M (30%)        1026M (25%)        3662M (90%)        3646M (90%)        3668M (90%)        1012M (25%)    
[227.097s][info][gc,heap     ] GC(416)      Used:     2802M (69%)        2992M (74%)         356M (9%)          372M (9%)         3006M (74%)         350M (9%)     
[227.097s][info][gc,heap     ] GC(416)      Live:         -                67M (2%)           67M (2%)           67M (2%)             -                  -          
[227.097s][info][gc,heap     ] GC(416) Allocated:         -               190M (5%)          210M (5%)          282M (7%)             -                  -          
[227.097s][info][gc,heap     ] GC(416)   Garbage:         -              2734M (67%)          78M (2%)           48M (1%)             -                  -          
[227.097s][info][gc,heap     ] GC(416) Reclaimed:         -                  -              2656M (65%)        2686M (66%)            -                  -          
[227.097s][info][gc          ] GC(416) Garbage Collection (Allocation Rate) 2802M(69%)->372M(9%)
[227.638s][info][gc,start    ] GC(417) Garbage Collection (Allocation Rate)
[227.638s][info][gc,phases   ] GC(417) Pause Mark Start 0.106ms
[227.682s][info][gc,phases   ] GC(417) Concurrent Mark 42.970ms
[227.682s][info][gc,phases   ] GC(417) Pause Mark End 0.091ms
[227.684s][info][gc,phases   ] GC(417) Concurrent Process Non-Strong References 2.645ms
[227.684s][info][gc,phases   ] GC(417) Concurrent Reset Relocation Set 0.055ms
[227.686s][info][gc,phases   ] GC(417) Concurrent Select Relocation Set 1.450ms
[227.686s][info][gc,phases   ] GC(417) Pause Relocate Start 0.062ms
[227.688s][info][gc,phases   ] GC(417) Concurrent Relocate 2.038ms
[227.688s][info][gc,load     ] GC(417) Load: 0.00/0.00/0.00
[227.688s][info][gc,mmu      ] GC(417) MMU: 2ms/48.2%, 5ms/79.3%, 10ms/89.6%, 20ms/94.4%, 50ms/97.8%, 100ms/98.4%
[227.688s][info][gc,marking  ] GC(417) Mark: 1 stripe(s), 2 proactive flush(es), 1 terminate flush(es), 1 completion(s), 0 continuation(s) 
[227.688s][info][gc,nmethod  ] GC(417) NMethods: 2658 registered, 0 unregistered
[227.688s][info][gc,metaspace] GC(417) Metaspace: 9M used, 9M capacity, 9M committed, 1034M reserved
[227.688s][info][gc,ref      ] GC(417) Soft: 780 encountered, 0 discovered, 0 enqueued
[227.688s][info][gc,ref      ] GC(417) Weak: 1192 encountered, 751 discovered, 0 enqueued
[227.688s][info][gc,ref      ] GC(417) Final: 1 encountered, 1 discovered, 0 enqueued
[227.688s][info][gc,ref      ] GC(417) Phantom: 49 encountered, 40 discovered, 0 enqueued
[227.688s][info][gc,reloc    ] GC(417) Small Pages: 1377 / 2754M(99%), Empty: 2664M(95%), Compacting: 22M(1%)->4M(0%)
[227.688s][info][gc,reloc    ] GC(417) Medium Pages: 1 / 32M(1%), Empty: 0M(0%), Compacting: 0M(0%)->0M(0%)
[227.688s][info][gc,reloc    ] GC(417) Large Pages: 1 / 8M(0%), Empty: 0M(0%), Compacting: 0M(0%)->0M(0%)
[227.688s][info][gc,reloc    ] GC(417) Relocation: Successful
[227.688s][info][gc,heap     ] GC(417) Min Capacity: 42M(1%)
[227.688s][info][gc,heap     ] GC(417) Max Capacity: 4060M(100%)
[227.688s][info][gc,heap     ] GC(417) Soft Max Capacity: 4060M(100%)
[227.688s][info][gc,heap     ] GC(417)                Mark Start          Mark End        Relocate Start      Relocate End           High               Low         
[227.688s][info][gc,heap     ] GC(417)  Capacity:     3246M (80%)        3246M (80%)        3246M (80%)        3246M (80%)        3246M (80%)        3246M (80%)    
[227.688s][info][gc,heap     ] GC(417)   Reserve:       42M (1%)           42M (1%)           42M (1%)           42M (1%)           42M (1%)           42M (1%)     
[227.688s][info][gc,heap     ] GC(417)      Free:     1224M (30%)        1030M (25%)        3674M (90%)        3676M (91%)        3680M (91%)        1018M (25%)    
[227.688s][info][gc,heap     ] GC(417)      Used:     2794M (69%)        2988M (74%)         344M (8%)          342M (8%)         3000M (74%)         338M (8%)     
[227.688s][info][gc,heap     ] GC(417)      Live:         -                69M (2%)           69M (2%)           69M (2%)             -                  -          
[227.688s][info][gc,heap     ] GC(417) Allocated:         -               194M (5%)          214M (5%)          234M (6%)             -                  -          
[227.688s][info][gc,heap     ] GC(417)   Garbage:         -              2724M (67%)          60M (1%)           50M (1%)             -                  -          
[227.688s][info][gc,heap     ] GC(417) Reclaimed:         -                  -              2664M (66%)        2674M (66%)            -                  -          
[227.688s][info][gc          ] GC(417) Garbage Collection (Allocation Rate) 2794M(69%)->342M(8%)
[228.238s][info][gc,start    ] GC(418) Garbage Collection (Allocation Rate)
[228.238s][info][gc,phases   ] GC(418) Pause Mark Start 0.076ms
[228.279s][info][gc,phases   ] GC(418) Concurrent Mark 40.810ms
[228.279s][info][gc,phases   ] GC(418) Pause Mark End 0.104ms
[228.282s][info][gc,phases   ] GC(418) Concurrent Process Non-Strong References 2.722ms
[228.282s][info][gc,phases   ] GC(418) Concurrent Reset Relocation Set 0.025ms
[228.284s][info][gc,phases   ] GC(418) Concurrent Select Relocation Set 1.698ms
[228.284s][info][gc,phases   ] GC(418) Pause Relocate Start 0.077ms
[228.285s][info][gc,phases   ] GC(418) Concurrent Relocate 0.805ms
[228.285s][info][gc,load     ] GC(418) Load: 0.00/0.00/0.00
[228.285s][info][gc,mmu      ] GC(418) MMU: 2ms/48.2%, 5ms/79.3%, 10ms/89.6%, 20ms/94.4%, 50ms/97.8%, 100ms/98.4%
[228.285s][info][gc,marking  ] GC(418) Mark: 1 stripe(s), 2 proactive flush(es), 1 terminate flush(es), 1 completion(s), 0 continuation(s) 
[228.285s][info][gc,nmethod  ] GC(418) NMethods: 2658 registered, 0 unregistered
[228.285s][info][gc,metaspace] GC(418) Metaspace: 9M used, 9M capacity, 9M committed, 1034M reserved
[228.285s][info][gc,ref      ] GC(418) Soft: 780 encountered, 0 discovered, 0 enqueued
[228.285s][info][gc,ref      ] GC(418) Weak: 1192 encountered, 751 discovered, 0 enqueued
[228.285s][info][gc,ref      ] GC(418) Final: 1 encountered, 1 discovered, 0 enqueued
[228.285s][info][gc,ref      ] GC(418) Phantom: 49 encountered, 40 discovered, 0 enqueued
[228.285s][info][gc,reloc    ] GC(418) Small Pages: 1384 / 2768M(99%), Empty: 2686M(96%), Compacting: 16M(1%)->2M(0%)
[228.285s][info][gc,reloc    ] GC(418) Medium Pages: 1 / 32M(1%), Empty: 0M(0%), Compacting: 0M(0%)->0M(0%)
[228.285s][info][gc,reloc    ] GC(418) Large Pages: 1 / 8M(0%), Empty: 0M(0%), Compacting: 0M(0%)->0M(0%)
[228.285s][info][gc,reloc    ] GC(418) Relocation: Successful
[228.285s][info][gc,heap     ] GC(418) Min Capacity: 42M(1%)
[228.285s][info][gc,heap     ] GC(418) Max Capacity: 4060M(100%)
[228.285s][info][gc,heap     ] GC(418) Soft Max Capacity: 4060M(100%)
[228.285s][info][gc,heap     ] GC(418)                Mark Start          Mark End        Relocate Start      Relocate End           High               Low         
[228.285s][info][gc,heap     ] GC(418)  Capacity:     3246M (80%)        3246M (80%)        3246M (80%)        3246M (80%)        3246M (80%)        3246M (80%)    
[228.285s][info][gc,heap     ] GC(418)   Reserve:       42M (1%)           42M (1%)           42M (1%)           42M (1%)           42M (1%)           42M (1%)     
[228.285s][info][gc,heap     ] GC(418)      Free:     1210M (30%)        1026M (25%)        3692M (91%)        3694M (91%)        3698M (91%)        1012M (25%)    
[228.285s][info][gc,heap     ] GC(418)      Used:     2808M (69%)        2992M (74%)         326M (8%)          324M (8%)         3006M (74%)         320M (8%)     
[228.285s][info][gc,heap     ] GC(418)      Live:         -                66M (2%)           66M (2%)           66M (2%)             -                  -          
[228.285s][info][gc,heap     ] GC(418) Allocated:         -               184M (5%)          204M (5%)          218M (5%)             -                  -          
[228.285s][info][gc,heap     ] GC(418)   Garbage:         -              2741M (68%)          55M (1%)           49M (1%)             -                  -          
[228.285s][info][gc,heap     ] GC(418) Reclaimed:         -                  -              2686M (66%)        2692M (66%)            -                  -          
[228.285s][info][gc          ] GC(418) Garbage Collection (Allocation Rate) 2808M(69%)->324M(8%)
[228.838s][info][gc,start    ] GC(419) Garbage Collection (Allocation Rate)
[228.839s][info][gc,phases   ] GC(419) Pause Mark Start 0.084ms
[228.878s][info][gc,phases   ] GC(419) Concurrent Mark 39.488ms
[228.878s][info][gc,phases   ] GC(419) Pause Mark End 0.138ms
[228.881s][info][gc,phases   ] GC(419) Concurrent Process Non-Strong References 2.810ms
[228.881s][info][gc,phases   ] GC(419) Concurrent Reset Relocation Set 0.009ms
[228.883s][info][gc,phases   ] GC(419) Concurrent Select Relocation Set 1.566ms
[228.883s][info][gc,phases   ] GC(419) Pause Relocate Start 0.079ms
[228.885s][info][gc,phases   ] GC(419) Concurrent Relocate 1.744ms
[228.885s][info][gc,load     ] GC(419) Load: 0.00/0.00/0.00
[228.885s][info][gc,mmu      ] GC(419) MMU: 2ms/48.2%, 5ms/79.3%, 10ms/89.6%, 20ms/94.4%, 50ms/97.8%, 100ms/98.4%
[228.885s][info][gc,marking  ] GC(419) Mark: 1 stripe(s), 2 proactive flush(es), 1 terminate flush(es), 1 completion(s), 0 continuation(s) 
[228.885s][info][gc,nmethod  ] GC(419) NMethods: 2672 registered, 0 unregistered
[228.885s][info][gc,metaspace] GC(419) Metaspace: 9M used, 9M capacity, 9M committed, 1034M reserved
[228.885s][info][gc,ref      ] GC(419) Soft: 780 encountered, 0 discovered, 0 enqueued
[228.885s][info][gc,ref      ] GC(419) Weak: 1192 encountered, 751 discovered, 0 enqueued
[228.885s][info][gc,ref      ] GC(419) Final: 1 encountered, 1 discovered, 0 enqueued
[228.885s][info][gc,ref      ] GC(419) Phantom: 49 encountered, 40 discovered, 0 enqueued
[228.885s][info][gc,reloc    ] GC(419) Small Pages: 1383 / 2766M(99%), Empty: 2690M(96%), Compacting: 18M(1%)->2M(0%)
[228.885s][info][gc,reloc    ] GC(419) Medium Pages: 1 / 32M(1%), Empty: 0M(0%), Compacting: 0M(0%)->0M(0%)
[228.885s][info][gc,reloc    ] GC(419) Large Pages: 1 / 8M(0%), Empty: 0M(0%), Compacting: 0M(0%)->0M(0%)
[228.885s][info][gc,reloc    ] GC(419) Relocation: Successful
[228.885s][info][gc,heap     ] GC(419) Min Capacity: 42M(1%)
[228.885s][info][gc,heap     ] GC(419) Max Capacity: 4060M(100%)
[228.885s][info][gc,heap     ] GC(419) Soft Max Capacity: 4060M(100%)
[228.885s][info][gc,heap     ] GC(419)                Mark Start          Mark End        Relocate Start      Relocate End           High               Low         
[228.885s][info][gc,heap     ] GC(419)  Capacity:     3246M (80%)        3246M (80%)        3246M (80%)        3246M (80%)        3246M (80%)        3246M (80%)    
[228.885s][info][gc,heap     ] GC(419)   Reserve:       42M (1%)           42M (1%)           42M (1%)           42M (1%)           42M (1%)           42M (1%)     
[228.885s][info][gc,heap     ] GC(419)      Free:     1212M (30%)        1044M (26%)        3714M (91%)        3716M (92%)        3720M (92%)        1030M (25%)    
[228.885s][info][gc,heap     ] GC(419)      Used:     2806M (69%)        2974M (73%)         304M (7%)          302M (7%)         2988M (74%)         298M (7%)     
[228.885s][info][gc,heap     ] GC(419)      Live:         -                59M (1%)           59M (1%)           59M (1%)             -                  -          
[228.885s][info][gc,heap     ] GC(419) Allocated:         -               168M (4%)          188M (5%)          204M (5%)             -                  -          
[228.885s][info][gc,heap     ] GC(419)   Garbage:         -              2746M (68%)          56M (1%)           46M (1%)             -                  -          
[228.885s][info][gc,heap     ] GC(419) Reclaimed:         -                  -              2690M (66%)        2700M (67%)            -                  -          
[228.885s][info][gc          ] GC(419) Garbage Collection (Allocation Rate) 2806M(69%)->302M(7%)
[229.438s][info][gc,start    ] GC(420) Garbage Collection (Allocation Rate)
[229.438s][info][gc,phases   ] GC(420) Pause Mark Start 0.082ms
[229.480s][info][gc,phases   ] GC(420) Concurrent Mark 41.695ms
[229.480s][info][gc,phases   ] GC(420) Pause Mark End 0.121ms
[229.483s][info][gc,phases   ] GC(420) Concurrent Process Non-Strong References 2.868ms
[229.483s][info][gc,phases   ] GC(420) Concurrent Reset Relocation Set 0.031ms
[229.488s][info][gc,phases   ] GC(420) Concurrent Select Relocation Set 4.371ms
[229.488s][info][gc,phases   ] GC(420) Pause Relocate Start 0.074ms
[229.513s][info][gc,phases   ] GC(420) Concurrent Relocate 24.477ms
[229.513s][info][gc,load     ] GC(420) Load: 0.00/0.00/0.00
[229.513s][info][gc,mmu      ] GC(420) MMU: 2ms/48.2%, 5ms/79.3%, 10ms/89.6%, 20ms/94.4%, 50ms/97.8%, 100ms/98.4%
[229.513s][info][gc,marking  ] GC(420) Mark: 1 stripe(s), 2 proactive flush(es), 1 terminate flush(es), 1 completion(s), 0 continuation(s) 
[229.513s][info][gc,nmethod  ] GC(420) NMethods: 2673 registered, 0 unregistered
[229.513s][info][gc,metaspace] GC(420) Metaspace: 9M used, 9M capacity, 9M committed, 1034M reserved
[229.513s][info][gc,ref      ] GC(420) Soft: 782 encountered, 0 discovered, 0 enqueued
[229.513s][info][gc,ref      ] GC(420) Weak: 1194 encountered, 753 discovered, 0 enqueued
[229.513s][info][gc,ref      ] GC(420) Final: 1 encountered, 1 discovered, 0 enqueued
[229.513s][info][gc,ref      ] GC(420) Phantom: 49 encountered, 40 discovered, 0 enqueued
[229.513s][info][gc,reloc    ] GC(420) Small Pages: 1332 / 2664M(99%), Empty: 2524M(93%), Compacting: 124M(5%)->42M(2%)
[229.513s][info][gc,reloc    ] GC(420) Medium Pages: 1 / 32M(1%), Empty: 0M(0%), Compacting: 0M(0%)->0M(0%)
[229.513s][info][gc,reloc    ] GC(420) Large Pages: 1 / 8M(0%), Empty: 0M(0%), Compacting: 0M(0%)->0M(0%)
[229.513s][info][gc,reloc    ] GC(420) Relocation: Successful
[229.513s][info][gc,heap     ] GC(420) Min Capacity: 42M(1%)
[229.513s][info][gc,heap     ] GC(420) Max Capacity: 4060M(100%)
[229.513s][info][gc,heap     ] GC(420) Soft Max Capacity: 4060M(100%)
[229.513s][info][gc,heap     ] GC(420)                Mark Start          Mark End        Relocate Start      Relocate End           High               Low         
[229.513s][info][gc,heap     ] GC(420)  Capacity:     3246M (80%)        3246M (80%)        3246M (80%)        3246M (80%)        3246M (80%)        3246M (80%)    
[229.513s][info][gc,heap     ] GC(420)   Reserve:       42M (1%)           42M (1%)           42M (1%)           42M (1%)           42M (1%)           42M (1%)     
[229.513s][info][gc,heap     ] GC(420)      Free:     1314M (32%)        1132M (28%)        3626M (89%)        3596M (89%)        3642M (90%)        1118M (28%)    
[229.513s][info][gc,heap     ] GC(420)      Used:     2704M (67%)        2886M (71%)         392M (10%)         422M (10%)        2900M (71%)         376M (9%)     
[229.513s][info][gc,heap     ] GC(420)      Live:         -                59M (1%)           59M (1%)           59M (1%)             -                  -          
[229.513s][info][gc,heap     ] GC(420) Allocated:         -               182M (4%)          212M (5%)          366M (9%)             -                  -          
[229.513s][info][gc,heap     ] GC(420)   Garbage:         -              2644M (65%)         120M (3%)           42M (1%)             -                  -          
[229.513s][info][gc,heap     ] GC(420) Reclaimed:         -                  -              2524M (62%)        2602M (64%)            -                  -          
[229.513s][info][gc          ] GC(420) Garbage Collection (Allocation Rate) 2704M(67%)->422M(10%)
[229.938s][info][gc,start    ] GC(421) Garbage Collection (Allocation Rate)
[229.938s][info][gc,phases   ] GC(421) Pause Mark Start 0.081ms
[229.978s][info][gc,phases   ] GC(421) Concurrent Mark 39.579ms
[229.978s][info][gc,phases   ] GC(421) Pause Mark End 0.115ms
[229.981s][info][gc,phases   ] GC(421) Concurrent Process Non-Strong References 2.845ms
[229.981s][info][gc,phases   ] GC(421) Concurrent Reset Relocation Set 0.083ms
[229.984s][info][gc,phases   ] GC(421) Concurrent Select Relocation Set 2.482ms
[229.984s][info][gc,phases   ] GC(421) Pause Relocate Start 0.129ms
[230.004s][info][gc,phases   ] GC(421) Concurrent Relocate 19.812ms
[230.004s][info][gc,load     ] GC(421) Load: 0.00/0.00/0.00
[230.004s][info][gc,mmu      ] GC(421) MMU: 2ms/48.2%, 5ms/79.3%, 10ms/89.6%, 20ms/94.4%, 50ms/97.8%, 100ms/98.4%
[230.004s][info][gc,marking  ] GC(421) Mark: 1 stripe(s), 2 proactive flush(es), 1 terminate flush(es), 1 completion(s), 0 continuation(s) 
[230.004s][info][gc,nmethod  ] GC(421) NMethods: 2673 registered, 0 unregistered
[230.004s][info][gc,metaspace] GC(421) Metaspace: 9M used, 9M capacity, 9M committed, 1034M reserved
[230.004s][info][gc,ref      ] GC(421) Soft: 782 encountered, 0 discovered, 0 enqueued
[230.004s][info][gc,ref      ] GC(421) Weak: 1194 encountered, 753 discovered, 0 enqueued
[230.004s][info][gc,ref      ] GC(421) Final: 1 encountered, 1 discovered, 0 enqueued
[230.004s][info][gc,ref      ] GC(421) Phantom: 49 encountered, 40 discovered, 0 enqueued
[230.004s][info][gc,reloc    ] GC(421) Small Pages: 1148 / 2296M(98%), Empty: 2150M(92%), Compacting: 140M(6%)->36M(2%)
[230.004s][info][gc,reloc    ] GC(421) Medium Pages: 1 / 32M(1%), Empty: 0M(0%), Compacting: 0M(0%)->0M(0%)
[230.004s][info][gc,reloc    ] GC(421) Large Pages: 1 / 8M(0%), Empty: 0M(0%), Compacting: 0M(0%)->0M(0%)
[230.004s][info][gc,reloc    ] GC(421) Relocation: Successful
[230.004s][info][gc,heap     ] GC(421) Min Capacity: 42M(1%)
[230.004s][info][gc,heap     ] GC(421) Max Capacity: 4060M(100%)
[230.004s][info][gc,heap     ] GC(421) Soft Max Capacity: 4060M(100%)
[230.004s][info][gc,heap     ] GC(421)                Mark Start          Mark End        Relocate Start      Relocate End           High               Low         
[230.004s][info][gc,heap     ] GC(421)  Capacity:     3246M (80%)        3246M (80%)        3246M (80%)        3246M (80%)        3246M (80%)        3246M (80%)    
[230.004s][info][gc,heap     ] GC(421)   Reserve:       42M (1%)           42M (1%)           42M (1%)           42M (1%)           42M (1%)           42M (1%)     
[230.004s][info][gc,heap     ] GC(421)      Free:     1682M (41%)        1508M (37%)        3634M (90%)        3646M (90%)        3656M (90%)        1496M (37%)    
[230.004s][info][gc,heap     ] GC(421)      Used:     2336M (58%)        2510M (62%)         384M (9%)          372M (9%)         2522M (62%)         362M (9%)     
[230.004s][info][gc,heap     ] GC(421)      Live:         -                44M (1%)           44M (1%)           44M (1%)             -                  -          
[230.004s][info][gc,heap     ] GC(421) Allocated:         -               174M (4%)          198M (5%)          326M (8%)             -                  -          
[230.004s][info][gc,heap     ] GC(421)   Garbage:         -              2291M (56%)         141M (3%)           41M (1%)             -                  -          
[230.004s][info][gc,heap     ] GC(421) Reclaimed:         -                  -              2150M (53%)        2250M (55%)            -                  -          
[230.004s][info][gc          ] GC(421) Garbage Collection (Allocation Rate) 2336M(58%)->372M(9%)
[230.039s][info][gc,stats    ] === Garbage Collection Statistics =======================================================================================================================
[230.039s][info][gc,stats    ]                                                              Last 10s              Last 10m              Last 10h                Total
[230.039s][info][gc,stats    ]                                                              Avg / Max             Avg / Max             Avg / Max             Avg / Max
[230.039s][info][gc,stats    ]   Collector: Garbage Collection Cycle                     60.118 / 77.160       61.123 / 153.808      61.123 / 153.808      61.123 / 153.808     ms
[230.039s][info][gc,stats    ]  Contention: Mark Segment Reset Contention                     0 / 0                 0 / 0                 0 / 0                 0 / 0           ops/s
[230.039s][info][gc,stats    ]  Contention: Mark SeqNum Reset Contention                      0 / 0                 0 / 0                 0 / 0                 0 / 0           ops/s
[230.039s][info][gc,stats    ]  Contention: Relocation Contention                             0 / 1                 0 / 2                 0 / 2                 0 / 2           ops/s
[230.039s][info][gc,stats    ]    Critical: Allocation Stall                              0.000 / 0.000         0.000 / 0.000         0.000 / 0.000         0.000 / 0.000       ms
[230.039s][info][gc,stats    ]    Critical: Allocation Stall                                  0 / 0                 0 / 0                 0 / 0                 0 / 0           ops/s
[230.039s][info][gc,stats    ]    Critical: GC Locker Stall                               0.000 / 0.000         0.000 / 0.000         0.000 / 0.000         0.000 / 0.000       ms
[230.039s][info][gc,stats    ]    Critical: GC Locker Stall                                   0 / 0                 0 / 0                 0 / 0                 0 / 0           ops/s
[230.039s][info][gc,stats    ]      Memory: Allocation Rate                                4457 / 4478           4597 / 4810           4597 / 4810           4597 / 4810        MB/s
[230.039s][info][gc,stats    ]      Memory: Heap Used After Mark                           2874 / 2992           2749 / 3200           2749 / 3200           2749 / 3200        MB
[230.039s][info][gc,stats    ]      Memory: Heap Used After Relocation                      363 / 440             336 / 476             336 / 476             336 / 476         MB
[230.039s][info][gc,stats    ]      Memory: Heap Used Before Mark                          2703 / 2808           2578 / 3026           2578 / 3026           2578 / 3026        MB
[230.039s][info][gc,stats    ]      Memory: Heap Used Before Relocation                     343 / 396             315 / 410             315 / 410             315 / 410         MB
[230.039s][info][gc,stats    ]      Memory: Out Of Memory                                     0 / 0                 0 / 0                 0 / 0                 0 / 0           ops/s
[230.039s][info][gc,stats    ]      Memory: Page Cache Flush                                  0 / 0                 0 / 0                 0 / 0                 0 / 0           MB/s
[230.039s][info][gc,stats    ]      Memory: Page Cache Hit L1                              2256 / 2284           2315 / 2439           2315 / 2439           2315 / 2439        ops/s
[230.039s][info][gc,stats    ]      Memory: Page Cache Hit L2                                 0 / 0                 0 / 0                 0 / 0                 0 / 0           ops/s
[230.039s][info][gc,stats    ]      Memory: Page Cache Hit L3                                 0 / 0                 0 / 103               0 / 103               0 / 103         ops/s
[230.039s][info][gc,stats    ]      Memory: Page Cache Miss                                   0 / 0                 0 / 0                 0 / 0                 0 / 0           ops/s
[230.039s][info][gc,stats    ]      Memory: Uncommit                                          0 / 0                 0 / 0                 0 / 0                 0 / 0           MB/s
[230.039s][info][gc,stats    ]      Memory: Undo Object Allocation Failed                     0 / 0                 0 / 0                 0 / 0                 0 / 0           ops/s
[230.039s][info][gc,stats    ]      Memory: Undo Object Allocation Succeeded                  0 / 1                 0 / 2                 0 / 2                 0 / 2           ops/s
[230.039s][info][gc,stats    ]      Memory: Undo Page Allocation                              0 / 0                 0 / 0                 0 / 0                 0 / 0           ops/s
[230.039s][info][gc,stats    ]       Phase: Concurrent Mark                              38.512 / 42.970       39.303 / 106.230      39.303 / 106.230      39.303 / 106.230     ms
[230.039s][info][gc,stats    ]       Phase: Concurrent Mark Continue                      0.000 / 0.000         0.000 / 0.000         0.000 / 0.000         0.000 / 0.000       ms
[230.039s][info][gc,stats    ]       Phase: Concurrent Process Non-Strong References      2.799 / 2.949         1.799 / 6.765         1.799 / 6.765         1.799 / 6.765       ms
[230.039s][info][gc,stats    ]       Phase: Concurrent Relocate                          15.040 / 29.709       15.396 / 40.994       15.396 / 40.994       15.396 / 40.994      ms
[230.039s][info][gc,stats    ]       Phase: Concurrent Reset Relocation Set               0.178 / 1.170         0.378 / 1.968         0.378 / 1.968         0.378 / 1.968       ms
[230.039s][info][gc,stats    ]       Phase: Concurrent Select Relocation Set              2.457 / 4.422         3.071 / 7.978         3.071 / 7.978         3.071 / 7.978       ms
[230.039s][info][gc,stats    ]       Phase: Pause Mark End                                0.123 / 0.191         0.240 / 1.037         0.240 / 1.037         0.240 / 1.037       ms
[230.039s][info][gc,stats    ]       Phase: Pause Mark Start                              0.081 / 0.116         0.072 / 0.509         0.072 / 0.509         0.072 / 0.509       ms
[230.039s][info][gc,stats    ]       Phase: Pause Relocate Start                          0.086 / 0.129         0.073 / 0.152         0.073 / 0.152         0.073 / 0.152       ms
[230.039s][info][gc,stats    ]    Subphase: Concurrent Classes Purge                      0.120 / 0.144         0.095 / 0.200         0.095 / 0.200         0.095 / 0.200       ms
[230.039s][info][gc,stats    ]    Subphase: Concurrent Classes Unlink                     2.250 / 2.359         1.360 / 5.156         1.360 / 5.156         1.360 / 5.156       ms
[230.039s][info][gc,stats    ]    Subphase: Concurrent Mark                              38.337 / 42.778       39.163 / 106.127      39.163 / 106.127      39.163 / 106.127     ms
[230.039s][info][gc,stats    ]    Subphase: Concurrent Mark Idle                          0.000 / 0.000         0.000 / 0.000         0.000 / 0.000         0.000 / 0.000       ms
[230.039s][info][gc,stats    ]    Subphase: Concurrent Mark Try Flush                     0.080 / 0.109         0.071 / 0.160         0.071 / 0.160         0.071 / 0.160       ms
[230.039s][info][gc,stats    ]    Subphase: Concurrent Mark Try Terminate                 0.036 / 0.105         0.032 / 0.136         0.032 / 0.136         0.032 / 0.136       ms
[230.039s][info][gc,stats    ]    Subphase: Concurrent References Enqueue                 0.000 / 0.003         0.000 / 0.003         0.000 / 0.003         0.000 / 0.003       ms
[230.039s][info][gc,stats    ]    Subphase: Concurrent References Process                 0.100 / 0.146         0.063 / 0.146         0.063 / 0.146         0.063 / 0.146       ms
[230.039s][info][gc,stats    ]    Subphase: Concurrent Roots                              0.065 / 0.082         0.050 / 0.196         0.050 / 0.196         0.050 / 0.196       ms
[230.039s][info][gc,stats    ]    Subphase: Concurrent Roots ClassLoaderDataGraph         0.060 / 0.077         0.045 / 0.184         0.045 / 0.184         0.045 / 0.184       ms
[230.039s][info][gc,stats    ]    Subphase: Concurrent Roots JNIHandles                   0.002 / 0.002         0.002 / 0.009         0.002 / 0.009         0.002 / 0.009       ms
[230.039s][info][gc,stats    ]    Subphase: Concurrent Roots Setup                        0.010 / 0.011         0.004 / 0.012         0.004 / 0.012         0.004 / 0.012       ms
[230.039s][info][gc,stats    ]    Subphase: Concurrent Roots Teardown                     0.000 / 0.000         0.000 / 0.000         0.000 / 0.000         0.000 / 0.000       ms
[230.039s][info][gc,stats    ]    Subphase: Concurrent Roots VMHandles                    0.003 / 0.003         0.002 / 0.007         0.002 / 0.007         0.002 / 0.007       ms
[230.039s][info][gc,stats    ]    Subphase: Concurrent Weak Roots                         0.217 / 0.233         0.172 / 0.490         0.172 / 0.490         0.172 / 0.490       ms
[230.039s][info][gc,stats    ]    Subphase: Concurrent Weak Roots JNIWeakHandles          0.000 / 0.001         0.000 / 0.001         0.000 / 0.001         0.000 / 0.001       ms
[230.039s][info][gc,stats    ]    Subphase: Concurrent Weak Roots ResolvedMethodTable     0.013 / 0.014         0.007 / 0.042         0.007 / 0.042         0.007 / 0.042       ms
[230.039s][info][gc,stats    ]    Subphase: Concurrent Weak Roots StringTable             0.195 / 0.209         0.161 / 0.432         0.161 / 0.432         0.161 / 0.432       ms
[230.039s][info][gc,stats    ]    Subphase: Concurrent Weak Roots VMWeakHandles           0.008 / 0.009         0.003 / 0.016         0.003 / 0.016         0.003 / 0.016       ms
[230.039s][info][gc,stats    ]    Subphase: Pause Mark Try Complete                       0.013 / 0.020         0.127 / 0.982         0.127 / 0.982         0.127 / 0.982       ms
[230.039s][info][gc,stats    ]    Subphase: Pause Roots                                   0.027 / 0.101         0.015 / 0.487         0.015 / 0.487         0.015 / 0.487       ms
[230.039s][info][gc,stats    ]    Subphase: Pause Roots CodeCache                         0.000 / 0.000         0.000 / 0.000         0.000 / 0.000         0.000 / 0.000       ms
[230.039s][info][gc,stats    ]    Subphase: Pause Roots JVMTIExport                       0.001 / 0.007         0.001 / 0.007         0.001 / 0.007         0.001 / 0.007       ms
[230.039s][info][gc,stats    ]    Subphase: Pause Roots JVMTIWeakExport                   0.001 / 0.001         0.001 / 0.003         0.001 / 0.003         0.001 / 0.003       ms
[230.039s][info][gc,stats    ]    Subphase: Pause Roots Java Threads                      0.027 / 0.098         0.021 / 0.484         0.021 / 0.484         0.021 / 0.484       ms
[230.039s][info][gc,stats    ]    Subphase: Pause Roots Management                        0.001 / 0.002         0.001 / 0.011         0.001 / 0.011         0.001 / 0.011       ms
[230.039s][info][gc,stats    ]    Subphase: Pause Roots ObjectSynchronizer                0.000 / 0.001         0.000 / 0.022         0.000 / 0.022         0.000 / 0.022       ms
[230.039s][info][gc,stats    ]    Subphase: Pause Roots Setup                             0.000 / 0.001         0.000 / 0.002         0.000 / 0.002         0.000 / 0.002       ms
[230.039s][info][gc,stats    ]    Subphase: Pause Roots Teardown                          0.001 / 0.001         0.000 / 0.002         0.000 / 0.002         0.000 / 0.002       ms
[230.039s][info][gc,stats    ]    Subphase: Pause Roots Universe                          0.001 / 0.002         0.001 / 0.015         0.001 / 0.015         0.001 / 0.015       ms
[230.039s][info][gc,stats    ]    Subphase: Pause Roots VM Thread                         0.001 / 0.002         0.001 / 0.003         0.001 / 0.003         0.001 / 0.003       ms
[230.039s][info][gc,stats    ]    Subphase: Pause Weak Roots                              0.003 / 0.014         0.003 / 0.086         0.003 / 0.086         0.003 / 0.086       ms
[230.039s][info][gc,stats    ]    Subphase: Pause Weak Roots JFRWeak                      0.012 / 0.013         0.012 / 0.082         0.012 / 0.082         0.012 / 0.082       ms
[230.039s][info][gc,stats    ]    Subphase: Pause Weak Roots JVMTIWeakExport              0.001 / 0.001         0.001 / 0.006         0.001 / 0.006         0.001 / 0.006       ms
[230.039s][info][gc,stats    ]    Subphase: Pause Weak Roots Setup                        0.000 / 0.000         0.000 / 0.001         0.000 / 0.001         0.000 / 0.001       ms
[230.039s][info][gc,stats    ]    Subphase: Pause Weak Roots Teardown                     0.000 / 0.000         0.000 / 0.000         0.000 / 0.000         0.000 / 0.000       ms
[230.039s][info][gc,stats    ]      System: Java Threads                                     22 / 22               15 / 23               15 / 23               15 / 23          threads
[230.039s][info][gc,stats    ] =========================================================================================================================================================
[230.538s][info][gc,start    ] GC(422) Garbage Collection (Allocation Rate)
[230.538s][info][gc,phases   ] GC(422) Pause Mark Start 0.097ms
[230.578s][info][gc,phases   ] GC(422) Concurrent Mark 39.888ms
[230.579s][info][gc,phases   ] GC(422) Pause Mark End 0.127ms
[230.582s][info][gc,phases   ] GC(422) Concurrent Process Non-Strong References 2.985ms
[230.582s][info][gc,phases   ] GC(422) Concurrent Reset Relocation Set 0.097ms
[230.585s][info][gc,phases   ] GC(422) Concurrent Select Relocation Set 2.737ms
[230.585s][info][gc,phases   ] GC(422) Pause Relocate Start 0.072ms
[230.614s][info][gc,phases   ] GC(422) Concurrent Relocate 29.015ms
[230.614s][info][gc,load     ] GC(422) Load: 0.00/0.00/0.00
[230.614s][info][gc,mmu      ] GC(422) MMU: 2ms/48.2%, 5ms/79.3%, 10ms/89.6%, 20ms/94.4%, 50ms/97.8%, 100ms/98.4%
[230.614s][info][gc,marking  ] GC(422) Mark: 1 stripe(s), 2 proactive flush(es), 1 terminate flush(es), 1 completion(s), 0 continuation(s) 
[230.614s][info][gc,nmethod  ] GC(422) NMethods: 2673 registered, 0 unregistered
[230.614s][info][gc,metaspace] GC(422) Metaspace: 9M used, 9M capacity, 9M committed, 1034M reserved
[230.614s][info][gc,ref      ] GC(422) Soft: 782 encountered, 0 discovered, 0 enqueued
[230.614s][info][gc,ref      ] GC(422) Weak: 1194 encountered, 753 discovered, 0 enqueued
[230.614s][info][gc,ref      ] GC(422) Final: 1 encountered, 1 discovered, 0 enqueued
[230.614s][info][gc,ref      ] GC(422) Phantom: 49 encountered, 40 discovered, 0 enqueued
[230.614s][info][gc,reloc    ] GC(422) Small Pages: 1367 / 2734M(99%), Empty: 2588M(93%), Compacting: 138M(5%)->50M(2%)
[230.614s][info][gc,reloc    ] GC(422) Medium Pages: 1 / 32M(1%), Empty: 0M(0%), Compacting: 0M(0%)->0M(0%)
[230.614s][info][gc,reloc    ] GC(422) Large Pages: 1 / 8M(0%), Empty: 0M(0%), Compacting: 0M(0%)->0M(0%)
[230.614s][info][gc,reloc    ] GC(422) Relocation: Successful
[230.614s][info][gc,heap     ] GC(422) Min Capacity: 42M(1%)
[230.614s][info][gc,heap     ] GC(422) Max Capacity: 4060M(100%)
[230.614s][info][gc,heap     ] GC(422) Soft Max Capacity: 4060M(100%)
[230.614s][info][gc,heap     ] GC(422)                Mark Start          Mark End        Relocate Start      Relocate End           High               Low         
[230.614s][info][gc,heap     ] GC(422)  Capacity:     3246M (80%)        3246M (80%)        3246M (80%)        3246M (80%)        3246M (80%)        3246M (80%)    
[230.614s][info][gc,heap     ] GC(422)   Reserve:       42M (1%)           42M (1%)           42M (1%)           42M (1%)           42M (1%)           42M (1%)     
[230.614s][info][gc,heap     ] GC(422)      Free:     1244M (31%)        1068M (26%)        3632M (89%)        3590M (88%)        3642M (90%)        1056M (26%)    
[230.614s][info][gc,heap     ] GC(422)      Used:     2774M (68%)        2950M (73%)         386M (10%)         428M (11%)        2962M (73%)         376M (9%)     
[230.614s][info][gc,heap     ] GC(422)      Live:         -                58M (1%)           58M (1%)           58M (1%)             -                  -          
[230.614s][info][gc,heap     ] GC(422) Allocated:         -               176M (4%)          200M (5%)          380M (9%)             -                  -          
[230.614s][info][gc,heap     ] GC(422)   Garbage:         -              2715M (67%)         127M (3%)           41M (1%)             -                  -          
[230.614s][info][gc,heap     ] GC(422) Reclaimed:         -                  -              2588M (64%)        2674M (66%)            -                  -          
[230.614s][info][gc          ] GC(422) Garbage Collection (Allocation Rate) 2774M(68%)->428M(11%)
[231.139s][info][gc,start    ] GC(423) Garbage Collection (Allocation Rate)
[231.139s][info][gc,phases   ] GC(423) Pause Mark Start 0.081ms
[231.180s][info][gc,phases   ] GC(423) Concurrent Mark 40.593ms
[231.180s][info][gc,phases   ] GC(423) Pause Mark End 0.194ms
[231.183s][info][gc,phases   ] GC(423) Concurrent Process Non-Strong References 2.996ms
[231.183s][info][gc,phases   ] GC(423) Concurrent Reset Relocation Set 0.379ms
[231.186s][info][gc,phases   ] GC(423) Concurrent Select Relocation Set 2.969ms
[231.187s][info][gc,phases   ] GC(423) Pause Relocate Start 0.104ms
[231.217s][info][gc,phases   ] GC(423) Concurrent Relocate 30.494ms
[231.217s][info][gc,load     ] GC(423) Load: 0.00/0.00/0.00
[231.217s][info][gc,mmu      ] GC(423) MMU: 2ms/48.2%, 5ms/79.3%, 10ms/89.6%, 20ms/94.4%, 50ms/97.8%, 100ms/98.4%
[231.217s][info][gc,marking  ] GC(423) Mark: 1 stripe(s), 2 proactive flush(es), 1 terminate flush(es), 1 completion(s), 0 continuation(s) 
[231.217s][info][gc,nmethod  ] GC(423) NMethods: 2673 registered, 0 unregistered
[231.217s][info][gc,metaspace] GC(423) Metaspace: 9M used, 9M capacity, 9M committed, 1034M reserved
[231.217s][info][gc,ref      ] GC(423) Soft: 782 encountered, 0 discovered, 0 enqueued
[231.217s][info][gc,ref      ] GC(423) Weak: 1194 encountered, 753 discovered, 0 enqueued
[231.217s][info][gc,ref      ] GC(423) Final: 1 encountered, 1 discovered, 0 enqueued
[231.217s][info][gc,ref      ] GC(423) Phantom: 49 encountered, 40 discovered, 0 enqueued
[231.217s][info][gc,reloc    ] GC(423) Small Pages: 1367 / 2734M(99%), Empty: 2588M(93%), Compacting: 138M(5%)->54M(2%)
[231.217s][info][gc,reloc    ] GC(423) Medium Pages: 1 / 32M(1%), Empty: 0M(0%), Compacting: 0M(0%)->0M(0%)
[231.217s][info][gc,reloc    ] GC(423) Large Pages: 1 / 8M(0%), Empty: 0M(0%), Compacting: 0M(0%)->0M(0%)
[231.217s][info][gc,reloc    ] GC(423) Relocation: Successful
[231.217s][info][gc,heap     ] GC(423) Min Capacity: 42M(1%)
[231.217s][info][gc,heap     ] GC(423) Max Capacity: 4060M(100%)
[231.217s][info][gc,heap     ] GC(423) Soft Max Capacity: 4060M(100%)
[231.217s][info][gc,heap     ] GC(423)                Mark Start          Mark End        Relocate Start      Relocate End           High               Low         
[231.217s][info][gc,heap     ] GC(423)  Capacity:     3246M (80%)        3246M (80%)        3246M (80%)        3246M (80%)        3246M (80%)        3246M (80%)    
[231.217s][info][gc,heap     ] GC(423)   Reserve:       42M (1%)           42M (1%)           42M (1%)           42M (1%)           42M (1%)           42M (1%)     
[231.217s][info][gc,heap     ] GC(423)      Free:     1244M (31%)        1064M (26%)        3622M (89%)        3570M (88%)        3636M (90%)        1048M (26%)    
[231.217s][info][gc,heap     ] GC(423)      Used:     2774M (68%)        2954M (73%)         396M (10%)         448M (11%)        2970M (73%)         382M (9%)     
[231.217s][info][gc,heap     ] GC(423)      Live:         -                61M (2%)           61M (2%)           61M (2%)             -                  -          
[231.217s][info][gc,heap     ] GC(423) Allocated:         -               180M (4%)          210M (5%)          400M (10%)            -                  -          
[231.217s][info][gc,heap     ] GC(423)   Garbage:         -              2712M (67%)         124M (3%)           40M (1%)             -                  -          
[231.217s][info][gc,heap     ] GC(423) Reclaimed:         -                  -              2588M (64%)        2672M (66%)            -                  -          
[231.217s][info][gc          ] GC(423) Garbage Collection (Allocation Rate) 2774M(68%)->448M(11%)
[231.738s][info][gc,start    ] GC(424) Garbage Collection (Allocation Rate)
[231.738s][info][gc,phases   ] GC(424) Pause Mark Start 0.067ms
[231.780s][info][gc,phases   ] GC(424) Concurrent Mark 41.447ms
[231.780s][info][gc,phases   ] GC(424) Pause Mark End 0.099ms
[231.783s][info][gc,phases   ] GC(424) Concurrent Process Non-Strong References 2.775ms
[231.783s][info][gc,phases   ] GC(424) Concurrent Reset Relocation Set 0.282ms
[231.785s][info][gc,phases   ] GC(424) Concurrent Select Relocation Set 2.070ms
[231.785s][info][gc,phases   ] GC(424) Pause Relocate Start 0.083ms
[231.809s][info][gc,phases   ] GC(424) Concurrent Relocate 23.048ms
[231.809s][info][gc,load     ] GC(424) Load: 0.00/0.00/0.00
[231.809s][info][gc,mmu      ] GC(424) MMU: 2ms/48.2%, 5ms/79.3%, 10ms/89.6%, 20ms/94.4%, 50ms/97.8%, 100ms/98.4%
[231.809s][info][gc,marking  ] GC(424) Mark: 1 stripe(s), 2 proactive flush(es), 1 terminate flush(es), 1 completion(s), 0 continuation(s) 
[231.809s][info][gc,nmethod  ] GC(424) NMethods: 2673 registered, 0 unregistered
[231.809s][info][gc,metaspace] GC(424) Metaspace: 9M used, 9M capacity, 9M committed, 1034M reserved
[231.809s][info][gc,ref      ] GC(424) Soft: 782 encountered, 0 discovered, 0 enqueued
[231.809s][info][gc,ref      ] GC(424) Weak: 1194 encountered, 753 discovered, 0 enqueued
[231.809s][info][gc,ref      ] GC(424) Final: 1 encountered, 1 discovered, 0 enqueued
[231.809s][info][gc,ref      ] GC(424) Phantom: 49 encountered, 40 discovered, 0 enqueued
[231.809s][info][gc,reloc    ] GC(424) Small Pages: 1368 / 2736M(99%), Empty: 2606M(94%), Compacting: 108M(4%)->40M(1%)
[231.809s][info][gc,reloc    ] GC(424) Medium Pages: 1 / 32M(1%), Empty: 0M(0%), Compacting: 0M(0%)->0M(0%)
[231.809s][info][gc,reloc    ] GC(424) Large Pages: 1 / 8M(0%), Empty: 0M(0%), Compacting: 0M(0%)->0M(0%)
[231.809s][info][gc,reloc    ] GC(424) Relocation: Successful
[231.809s][info][gc,heap     ] GC(424) Min Capacity: 42M(1%)
[231.809s][info][gc,heap     ] GC(424) Max Capacity: 4060M(100%)
[231.809s][info][gc,heap     ] GC(424) Soft Max Capacity: 4060M(100%)
[231.809s][info][gc,heap     ] GC(424)                Mark Start          Mark End        Relocate Start      Relocate End           High               Low         
[231.809s][info][gc,heap     ] GC(424)  Capacity:     3246M (80%)        3246M (80%)        3246M (80%)        3246M (80%)        3246M (80%)        3246M (80%)    
[231.809s][info][gc,heap     ] GC(424)   Reserve:       42M (1%)           42M (1%)           42M (1%)           42M (1%)           42M (1%)           42M (1%)     
[231.809s][info][gc,heap     ] GC(424)      Free:     1242M (31%)        1058M (26%)        3642M (90%)        3602M (89%)        3650M (90%)        1044M (26%)    
[231.809s][info][gc,heap     ] GC(424)      Used:     2776M (68%)        2960M (73%)         376M (9%)          416M (10%)        2974M (73%)         368M (9%)     
[231.809s][info][gc,heap     ] GC(424)      Live:         -                62M (2%)           62M (2%)           62M (2%)             -                  -          
[231.809s][info][gc,heap     ] GC(424) Allocated:         -               184M (5%)          206M (5%)          354M (9%)             -                  -          
[231.809s][info][gc,heap     ] GC(424)   Garbage:         -              2713M (67%)         107M (3%)           45M (1%)             -                  -          
[231.809s][info][gc,heap     ] GC(424) Reclaimed:         -                  -              2606M (64%)        2668M (66%)            -                  -          
[231.809s][info][gc          ] GC(424) Garbage Collection (Allocation Rate) 2776M(68%)->416M(10%)
[232.338s][info][gc,start    ] GC(425) Garbage Collection (Allocation Rate)
[232.338s][info][gc,phases   ] GC(425) Pause Mark Start 0.052ms
[232.380s][info][gc,phases   ] GC(425) Concurrent Mark 41.394ms
[232.380s][info][gc,phases   ] GC(425) Pause Mark End 0.083ms
[232.383s][info][gc,phases   ] GC(425) Concurrent Process Non-Strong References 2.827ms
[232.383s][info][gc,phases   ] GC(425) Concurrent Reset Relocation Set 0.093ms
[232.385s][info][gc,phases   ] GC(425) Concurrent Select Relocation Set 1.946ms
[232.385s][info][gc,phases   ] GC(425) Pause Relocate Start 0.088ms
[232.406s][info][gc,phases   ] GC(425) Concurrent Relocate 20.156ms
[232.406s][info][gc,load     ] GC(425) Load: 0.00/0.00/0.00
[232.406s][info][gc,mmu      ] GC(425) MMU: 2ms/48.2%, 5ms/79.3%, 10ms/89.6%, 20ms/94.4%, 50ms/97.8%, 100ms/98.4%
[232.406s][info][gc,marking  ] GC(425) Mark: 1 stripe(s), 2 proactive flush(es), 1 terminate flush(es), 1 completion(s), 0 continuation(s) 
[232.406s][info][gc,nmethod  ] GC(425) NMethods: 2674 registered, 0 unregistered
[232.406s][info][gc,metaspace] GC(425) Metaspace: 9M used, 9M capacity, 9M committed, 1034M reserved
[232.406s][info][gc,ref      ] GC(425) Soft: 782 encountered, 0 discovered, 0 enqueued
[232.406s][info][gc,ref      ] GC(425) Weak: 1194 encountered, 753 discovered, 0 enqueued
[232.406s][info][gc,ref      ] GC(425) Final: 1 encountered, 1 discovered, 0 enqueued
[232.406s][info][gc,ref      ] GC(425) Phantom: 49 encountered, 40 discovered, 0 enqueued
[232.406s][info][gc,reloc    ] GC(425) Small Pages: 1378 / 2756M(99%), Empty: 2632M(94%), Compacting: 92M(3%)->34M(1%)
[232.406s][info][gc,reloc    ] GC(425) Medium Pages: 1 / 32M(1%), Empty: 0M(0%), Compacting: 0M(0%)->0M(0%)
[232.406s][info][gc,reloc    ] GC(425) Large Pages: 1 / 8M(0%), Empty: 0M(0%), Compacting: 0M(0%)->0M(0%)
[232.406s][info][gc,reloc    ] GC(425) Relocation: Successful
[232.406s][info][gc,heap     ] GC(425) Min Capacity: 42M(1%)
[232.406s][info][gc,heap     ] GC(425) Max Capacity: 4060M(100%)
[232.406s][info][gc,heap     ] GC(425) Soft Max Capacity: 4060M(100%)
[232.406s][info][gc,heap     ] GC(425)                Mark Start          Mark End        Relocate Start      Relocate End           High               Low         
[232.406s][info][gc,heap     ] GC(425)  Capacity:     3246M (80%)        3246M (80%)        3246M (80%)        3246M (80%)        3246M (80%)        3246M (80%)    
[232.406s][info][gc,heap     ] GC(425)   Reserve:       42M (1%)           42M (1%)           42M (1%)           42M (1%)           42M (1%)           42M (1%)     
[232.406s][info][gc,heap     ] GC(425)      Free:     1222M (30%)        1036M (26%)        3646M (90%)        3610M (89%)        3654M (90%)        1022M (25%)    
[232.406s][info][gc,heap     ] GC(425)      Used:     2796M (69%)        2982M (73%)         372M (9%)          408M (10%)        2996M (74%)         364M (9%)     
[232.406s][info][gc,heap     ] GC(425)      Live:         -                66M (2%)           66M (2%)           66M (2%)             -                  -          
[232.406s][info][gc,heap     ] GC(425) Allocated:         -               186M (5%)          208M (5%)          336M (8%)             -                  -          
[232.406s][info][gc,heap     ] GC(425)   Garbage:         -              2729M (67%)          97M (2%)           43M (1%)             -                  -          
[232.406s][info][gc,heap     ] GC(425) Reclaimed:         -                  -              2632M (65%)        2686M (66%)            -                  -          
[232.406s][info][gc          ] GC(425) Garbage Collection (Allocation Rate) 2796M(69%)->408M(10%)
[232.939s][info][gc,start    ] GC(426) Garbage Collection (Allocation Rate)
[232.939s][info][gc,phases   ] GC(426) Pause Mark Start 0.056ms
[232.981s][info][gc,phases   ] GC(426) Concurrent Mark 41.939ms
[232.981s][info][gc,phases   ] GC(426) Pause Mark End 0.060ms
[232.984s][info][gc,phases   ] GC(426) Concurrent Process Non-Strong References 3.443ms
[232.984s][info][gc,phases   ] GC(426) Concurrent Reset Relocation Set 0.086ms
[232.987s][info][gc,phases   ] GC(426) Concurrent Select Relocation Set 2.325ms
[232.987s][info][gc,phases   ] GC(426) Pause Relocate Start 0.061ms
[232.996s][info][gc,phases   ] GC(426) Concurrent Relocate 9.005ms
[232.996s][info][gc,load     ] GC(426) Load: 0.00/0.00/0.00
[232.996s][info][gc,mmu      ] GC(426) MMU: 2ms/48.2%, 5ms/79.3%, 10ms/89.6%, 20ms/94.4%, 50ms/97.8%, 100ms/98.4%
[232.996s][info][gc,marking  ] GC(426) Mark: 1 stripe(s), 2 proactive flush(es), 1 terminate flush(es), 1 completion(s), 0 continuation(s) 
[232.996s][info][gc,nmethod  ] GC(426) NMethods: 2682 registered, 0 unregistered
[232.996s][info][gc,metaspace] GC(426) Metaspace: 9M used, 9M capacity, 9M committed, 1034M reserved
[232.996s][info][gc,ref      ] GC(426) Soft: 784 encountered, 0 discovered, 0 enqueued
[232.996s][info][gc,ref      ] GC(426) Weak: 1196 encountered, 755 discovered, 0 enqueued
[232.996s][info][gc,ref      ] GC(426) Final: 1 encountered, 1 discovered, 0 enqueued
[232.996s][info][gc,ref      ] GC(426) Phantom: 49 encountered, 40 discovered, 0 enqueued
[232.997s][info][gc,reloc    ] GC(426) Small Pages: 1357 / 2714M(99%), Empty: 2628M(95%), Compacting: 36M(1%)->8M(0%)
[232.997s][info][gc,reloc    ] GC(426) Medium Pages: 1 / 32M(1%), Empty: 0M(0%), Compacting: 0M(0%)->0M(0%)
[232.997s][info][gc,reloc    ] GC(426) Large Pages: 1 / 8M(0%), Empty: 0M(0%), Compacting: 0M(0%)->0M(0%)
[232.997s][info][gc,reloc    ] GC(426) Relocation: Successful
[232.997s][info][gc,heap     ] GC(426) Min Capacity: 42M(1%)
[232.997s][info][gc,heap     ] GC(426) Max Capacity: 4060M(100%)
[232.997s][info][gc,heap     ] GC(426) Soft Max Capacity: 4060M(100%)
[232.997s][info][gc,heap     ] GC(426)                Mark Start          Mark End        Relocate Start      Relocate End           High               Low         
[232.997s][info][gc,heap     ] GC(426)  Capacity:     3246M (80%)        3246M (80%)        3246M (80%)        3246M (80%)        3246M (80%)        3246M (80%)    
[232.997s][info][gc,heap     ] GC(426)   Reserve:       42M (1%)           42M (1%)           42M (1%)           42M (1%)           42M (1%)           42M (1%)     
[232.997s][info][gc,heap     ] GC(426)      Free:     1264M (31%)        1138M (28%)        3742M (92%)        3724M (92%)        3752M (92%)        1124M (28%)    
[232.997s][info][gc,heap     ] GC(426)      Used:     2754M (68%)        2880M (71%)         276M (7%)          294M (7%)         2894M (71%)         266M (7%)     
[232.997s][info][gc,heap     ] GC(426)      Live:         -                58M (1%)           58M (1%)           58M (1%)             -                  -          
[232.997s][info][gc,heap     ] GC(426) Allocated:         -               126M (3%)          150M (4%)          204M (5%)             -                  -          
[232.997s][info][gc,heap     ] GC(426)   Garbage:         -              2695M (66%)          67M (2%)           47M (1%)             -                  -          
[232.997s][info][gc,heap     ] GC(426) Reclaimed:         -                  -              2628M (65%)        2648M (65%)            -                  -          
[232.997s][info][gc          ] GC(426) Garbage Collection (Allocation Rate) 2754M(68%)->294M(7%)
[233.539s][info][gc,start    ] GC(427) Garbage Collection (Allocation Rate)
[233.539s][info][gc,phases   ] GC(427) Pause Mark Start 0.100ms
[233.582s][info][gc,phases   ] GC(427) Concurrent Mark 42.935ms
[233.582s][info][gc,phases   ] GC(427) Pause Mark End 0.197ms
[233.585s][info][gc,phases   ] GC(427) Concurrent Process Non-Strong References 3.141ms
[233.586s][info][gc,phases   ] GC(427) Concurrent Reset Relocation Set 0.042ms
[233.587s][info][gc,phases   ] GC(427) Concurrent Select Relocation Set 1.615ms
[233.588s][info][gc,phases   ] GC(427) Pause Relocate Start 0.107ms
[233.589s][info][gc,phases   ] GC(427) Concurrent Relocate 1.077ms
[233.589s][info][gc,load     ] GC(427) Load: 0.00/0.00/0.00
[233.589s][info][gc,mmu      ] GC(427) MMU: 2ms/48.2%, 5ms/79.3%, 10ms/89.6%, 20ms/94.4%, 50ms/97.8%, 100ms/98.4%
[233.589s][info][gc,marking  ] GC(427) Mark: 1 stripe(s), 2 proactive flush(es), 1 terminate flush(es), 1 completion(s), 0 continuation(s) 
[233.589s][info][gc,nmethod  ] GC(427) NMethods: 2682 registered, 0 unregistered
[233.589s][info][gc,metaspace] GC(427) Metaspace: 9M used, 9M capacity, 9M committed, 1034M reserved
[233.589s][info][gc,ref      ] GC(427) Soft: 784 encountered, 0 discovered, 0 enqueued
[233.589s][info][gc,ref      ] GC(427) Weak: 1196 encountered, 755 discovered, 0 enqueued
[233.589s][info][gc,ref      ] GC(427) Final: 1 encountered, 1 discovered, 0 enqueued
[233.589s][info][gc,ref      ] GC(427) Phantom: 49 encountered, 40 discovered, 0 enqueued
[233.589s][info][gc,reloc    ] GC(427) Small Pages: 1308 / 2616M(98%), Empty: 2528M(95%), Compacting: 18M(1%)->2M(0%)
[233.589s][info][gc,reloc    ] GC(427) Medium Pages: 1 / 32M(1%), Empty: 0M(0%), Compacting: 0M(0%)->0M(0%)
[233.589s][info][gc,reloc    ] GC(427) Large Pages: 1 / 8M(0%), Empty: 0M(0%), Compacting: 0M(0%)->0M(0%)
[233.589s][info][gc,reloc    ] GC(427) Relocation: Successful
[233.589s][info][gc,heap     ] GC(427) Min Capacity: 42M(1%)
[233.589s][info][gc,heap     ] GC(427) Max Capacity: 4060M(100%)
[233.589s][info][gc,heap     ] GC(427) Soft Max Capacity: 4060M(100%)
[233.589s][info][gc,heap     ] GC(427)                Mark Start          Mark End        Relocate Start      Relocate End           High               Low         
[233.589s][info][gc,heap     ] GC(427)  Capacity:     3246M (80%)        3246M (80%)        3246M (80%)        3246M (80%)        3246M (80%)        3246M (80%)    
[233.589s][info][gc,heap     ] GC(427)   Reserve:       42M (1%)           42M (1%)           42M (1%)           42M (1%)           42M (1%)           42M (1%)     
[233.589s][info][gc,heap     ] GC(427)      Free:     1362M (34%)        1168M (29%)        3674M (90%)        3680M (91%)        3682M (91%)        1154M (28%)    
[233.589s][info][gc,heap     ] GC(427)      Used:     2656M (65%)        2850M (70%)         344M (8%)          338M (8%)         2864M (71%)         336M (8%)     
[233.589s][info][gc,heap     ] GC(427)      Live:         -                70M (2%)           70M (2%)           70M (2%)             -                  -          
[233.589s][info][gc,heap     ] GC(427) Allocated:         -               194M (5%)          216M (5%)          228M (6%)             -                  -          
[233.589s][info][gc,heap     ] GC(427)   Garbage:         -              2585M (64%)          57M (1%)           47M (1%)             -                  -          
[233.589s][info][gc,heap     ] GC(427) Reclaimed:         -                  -              2528M (62%)        2538M (63%)            -                  -          
[233.589s][info][gc          ] GC(427) Garbage Collection (Allocation Rate) 2656M(65%)->338M(8%)
[234.138s][info][gc,start    ] GC(428) Garbage Collection (Allocation Rate)
[234.138s][info][gc,phases   ] GC(428) Pause Mark Start 0.084ms
[234.178s][info][gc,phases   ] GC(428) Concurrent Mark 39.985ms
[234.179s][info][gc,phases   ] GC(428) Pause Mark End 0.144ms
[234.182s][info][gc,phases   ] GC(428) Concurrent Process Non-Strong References 2.967ms
[234.182s][info][gc,phases   ] GC(428) Concurrent Reset Relocation Set 0.029ms
[234.183s][info][gc,phases   ] GC(428) Concurrent Select Relocation Set 1.542ms
[234.184s][info][gc,phases   ] GC(428) Pause Relocate Start 0.105ms
[234.185s][info][gc,phases   ] GC(428) Concurrent Relocate 0.832ms
[234.185s][info][gc,load     ] GC(428) Load: 0.00/0.00/0.00
[234.185s][info][gc,mmu      ] GC(428) MMU: 2ms/48.2%, 5ms/79.3%, 10ms/89.6%, 20ms/94.4%, 50ms/97.8%, 100ms/98.4%
[234.185s][info][gc,marking  ] GC(428) Mark: 1 stripe(s), 2 proactive flush(es), 1 terminate flush(es), 1 completion(s), 0 continuation(s) 
[234.185s][info][gc,nmethod  ] GC(428) NMethods: 2686 registered, 0 unregistered
[234.185s][info][gc,metaspace] GC(428) Metaspace: 9M used, 9M capacity, 9M committed, 1034M reserved
[234.185s][info][gc,ref      ] GC(428) Soft: 784 encountered, 0 discovered, 0 enqueued
[234.185s][info][gc,ref      ] GC(428) Weak: 1196 encountered, 755 discovered, 0 enqueued
[234.185s][info][gc,ref      ] GC(428) Final: 1 encountered, 1 discovered, 0 enqueued
[234.185s][info][gc,ref      ] GC(428) Phantom: 49 encountered, 40 discovered, 0 enqueued
[234.185s][info][gc,reloc    ] GC(428) Small Pages: 1384 / 2768M(99%), Empty: 2692M(96%), Compacting: 14M(0%)->2M(0%)
[234.185s][info][gc,reloc    ] GC(428) Medium Pages: 1 / 32M(1%), Empty: 0M(0%), Compacting: 0M(0%)->0M(0%)
[234.185s][info][gc,reloc    ] GC(428) Large Pages: 1 / 8M(0%), Empty: 0M(0%), Compacting: 0M(0%)->0M(0%)
[234.185s][info][gc,reloc    ] GC(428) Relocation: Successful
[234.185s][info][gc,heap     ] GC(428) Min Capacity: 42M(1%)
[234.185s][info][gc,heap     ] GC(428) Max Capacity: 4060M(100%)
[234.185s][info][gc,heap     ] GC(428) Soft Max Capacity: 4060M(100%)
[234.185s][info][gc,heap     ] GC(428)                Mark Start          Mark End        Relocate Start      Relocate End           High               Low         
[234.185s][info][gc,heap     ] GC(428)  Capacity:     3246M (80%)        3246M (80%)        3246M (80%)        3246M (80%)        3246M (80%)        3246M (80%)    
[234.185s][info][gc,heap     ] GC(428)   Reserve:       42M (1%)           42M (1%)           42M (1%)           42M (1%)           42M (1%)           42M (1%)     
[234.185s][info][gc,heap     ] GC(428)      Free:     1210M (30%)        1030M (25%)        3702M (91%)        3704M (91%)        3708M (91%)        1016M (25%)    
[234.185s][info][gc,heap     ] GC(428)      Used:     2808M (69%)        2988M (74%)         316M (8%)          314M (8%)         3002M (74%)         310M (8%)     
[234.185s][info][gc,heap     ] GC(428)      Live:         -                63M (2%)           63M (2%)           63M (2%)             -                  -          
[234.185s][info][gc,heap     ] GC(428) Allocated:         -               180M (4%)          200M (5%)          212M (5%)             -                  -          
[234.185s][info][gc,heap     ] GC(428)   Garbage:         -              2744M (68%)          52M (1%)           46M (1%)             -                  -          
[234.185s][info][gc,heap     ] GC(428) Reclaimed:         -                  -              2692M (66%)        2698M (66%)            -                  -          
[234.185s][info][gc          ] GC(428) Garbage Collection (Allocation Rate) 2808M(69%)->314M(8%)
[234.737s][info][gc,start    ] GC(429) Garbage Collection (Allocation Rate)
[234.738s][info][gc,phases   ] GC(429) Pause Mark Start 0.110ms
[234.771s][info][gc,phases   ] GC(429) Concurrent Mark 33.338ms
[234.771s][info][gc,phases   ] GC(429) Pause Mark End 0.197ms
[234.774s][info][gc,phases   ] GC(429) Concurrent Process Non-Strong References 3.018ms
[234.774s][info][gc,phases   ] GC(429) Concurrent Reset Relocation Set 0.032ms
[234.776s][info][gc,phases   ] GC(429) Concurrent Select Relocation Set 1.651ms
[234.777s][info][gc,phases   ] GC(429) Pause Relocate Start 0.079ms
[234.777s][info][gc,phases   ] GC(429) Concurrent Relocate 0.767ms
[234.777s][info][gc,load     ] GC(429) Load: 0.00/0.00/0.00
[234.777s][info][gc,mmu      ] GC(429) MMU: 2ms/48.2%, 5ms/79.3%, 10ms/89.6%, 20ms/94.4%, 50ms/97.8%, 100ms/98.4%
[234.777s][info][gc,marking  ] GC(429) Mark: 1 stripe(s), 2 proactive flush(es), 1 terminate flush(es), 1 completion(s), 0 continuation(s) 
[234.777s][info][gc,nmethod  ] GC(429) NMethods: 2688 registered, 0 unregistered
[234.777s][info][gc,metaspace] GC(429) Metaspace: 9M used, 9M capacity, 9M committed, 1034M reserved
[234.777s][info][gc,ref      ] GC(429) Soft: 784 encountered, 0 discovered, 0 enqueued
[234.777s][info][gc,ref      ] GC(429) Weak: 1196 encountered, 755 discovered, 0 enqueued
[234.777s][info][gc,ref      ] GC(429) Final: 1 encountered, 1 discovered, 0 enqueued
[234.777s][info][gc,ref      ] GC(429) Phantom: 49 encountered, 40 discovered, 0 enqueued
[234.777s][info][gc,reloc    ] GC(429) Small Pages: 1375 / 2750M(99%), Empty: 2690M(96%), Compacting: 14M(1%)->2M(0%)
[234.777s][info][gc,reloc    ] GC(429) Medium Pages: 1 / 32M(1%), Empty: 0M(0%), Compacting: 0M(0%)->0M(0%)
[234.777s][info][gc,reloc    ] GC(429) Large Pages: 1 / 8M(0%), Empty: 0M(0%), Compacting: 0M(0%)->0M(0%)
[234.777s][info][gc,reloc    ] GC(429) Relocation: Successful
[234.777s][info][gc,heap     ] GC(429) Min Capacity: 42M(1%)
[234.777s][info][gc,heap     ] GC(429) Max Capacity: 4060M(100%)
[234.778s][info][gc,heap     ] GC(429) Soft Max Capacity: 4060M(100%)
[234.778s][info][gc,heap     ] GC(429)                Mark Start          Mark End        Relocate Start      Relocate End           High               Low         
[234.778s][info][gc,heap     ] GC(429)  Capacity:     3246M (80%)        3246M (80%)        3246M (80%)        3246M (80%)        3246M (80%)        3246M (80%)    
[234.778s][info][gc,heap     ] GC(429)   Reserve:       42M (1%)           42M (1%)           42M (1%)           42M (1%)           42M (1%)           42M (1%)     
[234.778s][info][gc,heap     ] GC(429)      Free:     1228M (30%)        1078M (27%)        3746M (92%)        3748M (92%)        3754M (92%)        1064M (26%)    
[234.778s][info][gc,heap     ] GC(429)      Used:     2790M (69%)        2940M (72%)         272M (7%)          270M (7%)         2954M (73%)         264M (7%)     
[234.778s][info][gc,heap     ] GC(429)      Live:         -                49M (1%)           49M (1%)           49M (1%)             -                  -          
[234.778s][info][gc,heap     ] GC(429) Allocated:         -               150M (4%)          172M (4%)          184M (5%)             -                  -          
[234.778s][info][gc,heap     ] GC(429)   Garbage:         -              2740M (68%)          50M (1%)           44M (1%)             -                  -          
[234.778s][info][gc,heap     ] GC(429) Reclaimed:         -                  -              2690M (66%)        2696M (66%)            -                  -          
[234.778s][info][gc          ] GC(429) Garbage Collection (Allocation Rate) 2790M(69%)->270M(7%)
[235.337s][info][gc,start    ] GC(430) Garbage Collection (Allocation Rate)
[235.338s][info][gc,phases   ] GC(430) Pause Mark Start 0.065ms
[235.370s][info][gc,phases   ] GC(430) Concurrent Mark 31.973ms
[235.370s][info][gc,phases   ] GC(430) Pause Mark End 0.175ms
[235.373s][info][gc,phases   ] GC(430) Concurrent Process Non-Strong References 2.644ms
[235.373s][info][gc,phases   ] GC(430) Concurrent Reset Relocation Set 0.031ms
[235.374s][info][gc,phases   ] GC(430) Concurrent Select Relocation Set 1.525ms
[235.375s][info][gc,phases   ] GC(430) Pause Relocate Start 0.110ms
[235.376s][info][gc,phases   ] GC(430) Concurrent Relocate 0.872ms
[235.376s][info][gc,load     ] GC(430) Load: 0.00/0.00/0.00
[235.376s][info][gc,mmu      ] GC(430) MMU: 2ms/48.2%, 5ms/79.3%, 10ms/89.6%, 20ms/94.4%, 50ms/97.8%, 100ms/98.4%
[235.376s][info][gc,marking  ] GC(430) Mark: 1 stripe(s), 2 proactive flush(es), 1 terminate flush(es), 1 completion(s), 0 continuation(s) 
[235.376s][info][gc,nmethod  ] GC(430) NMethods: 2688 registered, 0 unregistered
[235.376s][info][gc,metaspace] GC(430) Metaspace: 9M used, 9M capacity, 9M committed, 1034M reserved
[235.376s][info][gc,ref      ] GC(430) Soft: 784 encountered, 0 discovered, 0 enqueued
[235.376s][info][gc,ref      ] GC(430) Weak: 1196 encountered, 755 discovered, 0 enqueued
[235.376s][info][gc,ref      ] GC(430) Final: 1 encountered, 1 discovered, 0 enqueued
[235.376s][info][gc,ref      ] GC(430) Phantom: 49 encountered, 40 discovered, 0 enqueued
[235.376s][info][gc,reloc    ] GC(430) Small Pages: 1374 / 2748M(99%), Empty: 2692M(97%), Compacting: 14M(1%)->2M(0%)
[235.376s][info][gc,reloc    ] GC(430) Medium Pages: 1 / 32M(1%), Empty: 0M(0%), Compacting: 0M(0%)->0M(0%)
[235.376s][info][gc,reloc    ] GC(430) Large Pages: 1 / 8M(0%), Empty: 0M(0%), Compacting: 0M(0%)->0M(0%)
[235.376s][info][gc,reloc    ] GC(430) Relocation: Successful
[235.376s][info][gc,heap     ] GC(430) Min Capacity: 42M(1%)
[235.376s][info][gc,heap     ] GC(430) Max Capacity: 4060M(100%)
[235.376s][info][gc,heap     ] GC(430) Soft Max Capacity: 4060M(100%)
[235.376s][info][gc,heap     ] GC(430)                Mark Start          Mark End        Relocate Start      Relocate End           High               Low         
[235.376s][info][gc,heap     ] GC(430)  Capacity:     3246M (80%)        3246M (80%)        3246M (80%)        3246M (80%)        3246M (80%)        3246M (80%)    
[235.376s][info][gc,heap     ] GC(430)   Reserve:       42M (1%)           42M (1%)           42M (1%)           42M (1%)           42M (1%)           42M (1%)     
[235.376s][info][gc,heap     ] GC(430)      Free:     1230M (30%)        1086M (27%)        3758M (93%)        3760M (93%)        3764M (93%)        1072M (26%)    
[235.376s][info][gc,heap     ] GC(430)      Used:     2788M (69%)        2932M (72%)         260M (6%)          258M (6%)         2946M (73%)         254M (6%)     
[235.376s][info][gc,heap     ] GC(430)      Live:         -                45M (1%)           45M (1%)           45M (1%)             -                  -          
[235.376s][info][gc,heap     ] GC(430) Allocated:         -               144M (4%)          164M (4%)          176M (4%)             -                  -          
[235.376s][info][gc,heap     ] GC(430)   Garbage:         -              2742M (68%)          50M (1%)           44M (1%)             -                  -          
[235.376s][info][gc,heap     ] GC(430) Reclaimed:         -                  -              2692M (66%)        2698M (66%)            -                  -          
[235.376s][info][gc          ] GC(430) Garbage Collection (Allocation Rate) 2788M(69%)->258M(6%)
[235.938s][info][gc,start    ] GC(431) Garbage Collection (Allocation Rate)
[235.939s][info][gc,phases   ] GC(431) Pause Mark Start 0.079ms
[235.971s][info][gc,phases   ] GC(431) Concurrent Mark 32.410ms
[235.971s][info][gc,phases   ] GC(431) Pause Mark End 0.161ms
[235.974s][info][gc,phases   ] GC(431) Concurrent Process Non-Strong References 2.903ms
[235.974s][info][gc,phases   ] GC(431) Concurrent Reset Relocation Set 0.031ms
[235.976s][info][gc,phases   ] GC(431) Concurrent Select Relocation Set 1.658ms
[235.977s][info][gc,phases   ] GC(431) Pause Relocate Start 0.112ms
[235.983s][info][gc,phases   ] GC(431) Concurrent Relocate 6.768ms
[235.983s][info][gc,load     ] GC(431) Load: 0.00/0.00/0.00
[235.983s][info][gc,mmu      ] GC(431) MMU: 2ms/48.2%, 5ms/79.3%, 10ms/89.6%, 20ms/94.4%, 50ms/97.8%, 100ms/98.4%
[235.983s][info][gc,marking  ] GC(431) Mark: 1 stripe(s), 2 proactive flush(es), 1 terminate flush(es), 1 completion(s), 0 continuation(s) 
[235.983s][info][gc,nmethod  ] GC(431) NMethods: 2688 registered, 0 unregistered
[235.983s][info][gc,metaspace] GC(431) Metaspace: 9M used, 9M capacity, 9M committed, 1034M reserved
[235.983s][info][gc,ref      ] GC(431) Soft: 784 encountered, 0 discovered, 0 enqueued
[235.983s][info][gc,ref      ] GC(431) Weak: 1196 encountered, 755 discovered, 0 enqueued
[235.983s][info][gc,ref      ] GC(431) Final: 1 encountered, 1 discovered, 0 enqueued
[235.983s][info][gc,ref      ] GC(431) Phantom: 49 encountered, 40 discovered, 0 enqueued
[235.983s][info][gc,reloc    ] GC(431) Small Pages: 1368 / 2736M(99%), Empty: 2666M(96%), Compacting: 38M(1%)->12M(0%)
[235.983s][info][gc,reloc    ] GC(431) Medium Pages: 1 / 32M(1%), Empty: 0M(0%), Compacting: 0M(0%)->0M(0%)
[235.983s][info][gc,reloc    ] GC(431) Large Pages: 1 / 8M(0%), Empty: 0M(0%), Compacting: 0M(0%)->0M(0%)
[235.983s][info][gc,reloc    ] GC(431) Relocation: Successful
[235.983s][info][gc,heap     ] GC(431) Min Capacity: 42M(1%)
[235.983s][info][gc,heap     ] GC(431) Max Capacity: 4060M(100%)
[235.983s][info][gc,heap     ] GC(431) Soft Max Capacity: 4060M(100%)
[235.983s][info][gc,heap     ] GC(431)                Mark Start          Mark End        Relocate Start      Relocate End           High               Low         
[235.983s][info][gc,heap     ] GC(431)  Capacity:     3246M (80%)        3246M (80%)        3246M (80%)        3246M (80%)        3246M (80%)        3246M (80%)    
[235.983s][info][gc,heap     ] GC(431)   Reserve:       42M (1%)           42M (1%)           42M (1%)           42M (1%)           42M (1%)           42M (1%)     
[235.983s][info][gc,heap     ] GC(431)      Free:     1242M (31%)        1096M (27%)        3742M (92%)        3728M (92%)        3748M (92%)        1082M (27%)    
[235.983s][info][gc,heap     ] GC(431)      Used:     2776M (68%)        2922M (72%)         276M (7%)          290M (7%)         2936M (72%)         270M (7%)     
[235.983s][info][gc,heap     ] GC(431)      Live:         -                46M (1%)           46M (1%)           46M (1%)             -                  -          
[235.984s][info][gc,heap     ] GC(431) Allocated:         -               146M (4%)          166M (4%)          218M (5%)             -                  -          
[235.984s][info][gc,heap     ] GC(431)   Garbage:         -              2729M (67%)          63M (2%)           47M (1%)             -                  -          
[235.984s][info][gc,heap     ] GC(431) Reclaimed:         -                  -              2666M (66%)        2682M (66%)            -                  -          
[235.984s][info][gc          ] GC(431) Garbage Collection (Allocation Rate) 2776M(68%)->290M(7%)
[236.538s][info][gc,start    ] GC(432) Garbage Collection (Allocation Rate)
[236.538s][info][gc,phases   ] GC(432) Pause Mark Start 0.071ms
[236.574s][info][gc,phases   ] GC(432) Concurrent Mark 36.156ms
[236.574s][info][gc,phases   ] GC(432) Pause Mark End 0.116ms
[236.577s][info][gc,phases   ] GC(432) Concurrent Process Non-Strong References 2.834ms
[236.577s][info][gc,phases   ] GC(432) Concurrent Reset Relocation Set 0.044ms
[236.579s][info][gc,phases   ] GC(432) Concurrent Select Relocation Set 2.076ms
[236.580s][info][gc,phases   ] GC(432) Pause Relocate Start 0.087ms
[236.599s][info][gc,phases   ] GC(432) Concurrent Relocate 18.595ms
[236.599s][info][gc,load     ] GC(432) Load: 0.00/0.00/0.00
[236.599s][info][gc,mmu      ] GC(432) MMU: 2ms/48.2%, 5ms/79.3%, 10ms/89.6%, 20ms/94.4%, 50ms/97.8%, 100ms/98.4%
[236.599s][info][gc,marking  ] GC(432) Mark: 1 stripe(s), 2 proactive flush(es), 1 terminate flush(es), 1 completion(s), 0 continuation(s) 
[236.599s][info][gc,nmethod  ] GC(432) NMethods: 2688 registered, 0 unregistered
[236.599s][info][gc,metaspace] GC(432) Metaspace: 9M used, 9M capacity, 9M committed, 1034M reserved
[236.599s][info][gc,ref      ] GC(432) Soft: 784 encountered, 0 discovered, 0 enqueued
[236.599s][info][gc,ref      ] GC(432) Weak: 1196 encountered, 755 discovered, 0 enqueued
[236.599s][info][gc,ref      ] GC(432) Final: 1 encountered, 1 discovered, 0 enqueued
[236.599s][info][gc,ref      ] GC(432) Phantom: 49 encountered, 40 discovered, 0 enqueued
[236.599s][info][gc,reloc    ] GC(432) Small Pages: 1367 / 2734M(99%), Empty: 2620M(94%), Compacting: 96M(3%)->32M(1%)
[236.599s][info][gc,reloc    ] GC(432) Medium Pages: 1 / 32M(1%), Empty: 0M(0%), Compacting: 0M(0%)->0M(0%)
[236.599s][info][gc,reloc    ] GC(432) Large Pages: 1 / 8M(0%), Empty: 0M(0%), Compacting: 0M(0%)->0M(0%)
[236.599s][info][gc,reloc    ] GC(432) Relocation: Successful
[236.599s][info][gc,heap     ] GC(432) Min Capacity: 42M(1%)
[236.599s][info][gc,heap     ] GC(432) Max Capacity: 4060M(100%)
[236.599s][info][gc,heap     ] GC(432) Soft Max Capacity: 4060M(100%)
[236.599s][info][gc,heap     ] GC(432)                Mark Start          Mark End        Relocate Start      Relocate End           High               Low         
[236.599s][info][gc,heap     ] GC(432)  Capacity:     3246M (80%)        3246M (80%)        3246M (80%)        3246M (80%)        3246M (80%)        3246M (80%)    
[236.599s][info][gc,heap     ] GC(432)   Reserve:       42M (1%)           42M (1%)           42M (1%)           42M (1%)           42M (1%)           42M (1%)     
[236.599s][info][gc,heap     ] GC(432)      Free:     1244M (31%)        1084M (27%)        3680M (91%)        3658M (90%)        3690M (91%)        1070M (26%)    
[236.599s][info][gc,heap     ] GC(432)      Used:     2774M (68%)        2934M (72%)         338M (8%)          360M (9%)         2948M (73%)         328M (8%)     
[236.599s][info][gc,heap     ] GC(432)      Live:         -                50M (1%)           50M (1%)           50M (1%)             -                  -          
[236.599s][info][gc,heap     ] GC(432) Allocated:         -               160M (4%)          184M (5%)          302M (7%)             -                  -          
[236.599s][info][gc,heap     ] GC(432)   Garbage:         -              2723M (67%)         103M (3%)           43M (1%)             -                  -          
[236.599s][info][gc,heap     ] GC(432) Reclaimed:         -                  -              2620M (65%)        2680M (66%)            -                  -          
[236.599s][info][gc          ] GC(432) Garbage Collection (Allocation Rate) 2774M(68%)->360M(9%)
[237.139s][info][gc,start    ] GC(433) Garbage Collection (Allocation Rate)
[237.139s][info][gc,phases   ] GC(433) Pause Mark Start 0.085ms
[237.179s][info][gc,phases   ] GC(433) Concurrent Mark 39.621ms
[237.179s][info][gc,phases   ] GC(433) Pause Mark End 0.153ms
[237.182s][info][gc,phases   ] GC(433) Concurrent Process Non-Strong References 2.861ms
[237.182s][info][gc,phases   ] GC(433) Concurrent Reset Relocation Set 0.061ms
[237.185s][info][gc,phases   ] GC(433) Concurrent Select Relocation Set 2.702ms
[237.185s][info][gc,phases   ] GC(433) Pause Relocate Start 0.076ms
[237.215s][info][gc,phases   ] GC(433) Concurrent Relocate 29.450ms
[237.215s][info][gc,load     ] GC(433) Load: 0.00/0.00/0.00
[237.215s][info][gc,mmu      ] GC(433) MMU: 2ms/48.2%, 5ms/79.3%, 10ms/89.6%, 20ms/94.4%, 50ms/97.8%, 100ms/98.4%
[237.215s][info][gc,marking  ] GC(433) Mark: 1 stripe(s), 2 proactive flush(es), 1 terminate flush(es), 1 completion(s), 0 continuation(s) 
[237.215s][info][gc,nmethod  ] GC(433) NMethods: 2705 registered, 0 unregistered
[237.215s][info][gc,metaspace] GC(433) Metaspace: 9M used, 9M capacity, 9M committed, 1034M reserved
[237.215s][info][gc,ref      ] GC(433) Soft: 786 encountered, 0 discovered, 0 enqueued
[237.215s][info][gc,ref      ] GC(433) Weak: 1198 encountered, 757 discovered, 0 enqueued
[237.215s][info][gc,ref      ] GC(433) Final: 1 encountered, 1 discovered, 0 enqueued
[237.215s][info][gc,ref      ] GC(433) Phantom: 49 encountered, 40 discovered, 0 enqueued
[237.215s][info][gc,reloc    ] GC(433) Small Pages: 1362 / 2724M(99%), Empty: 2574M(93%), Compacting: 144M(5%)->52M(2%)
[237.215s][info][gc,reloc    ] GC(433) Medium Pages: 1 / 32M(1%), Empty: 0M(0%), Compacting: 0M(0%)->0M(0%)
[237.215s][info][gc,reloc    ] GC(433) Large Pages: 1 / 8M(0%), Empty: 0M(0%), Compacting: 0M(0%)->0M(0%)
[237.215s][info][gc,reloc    ] GC(433) Relocation: Successful
[237.215s][info][gc,heap     ] GC(433) Min Capacity: 42M(1%)
[237.215s][info][gc,heap     ] GC(433) Max Capacity: 4060M(100%)
[237.215s][info][gc,heap     ] GC(433) Soft Max Capacity: 4060M(100%)
[237.215s][info][gc,heap     ] GC(433)                Mark Start          Mark End        Relocate Start      Relocate End           High               Low         
[237.215s][info][gc,heap     ] GC(433)  Capacity:     3246M (80%)        3246M (80%)        3246M (80%)        3246M (80%)        3246M (80%)        3246M (80%)    
[237.215s][info][gc,heap     ] GC(433)   Reserve:       42M (1%)           42M (1%)           42M (1%)           42M (1%)           42M (1%)           42M (1%)     
[237.215s][info][gc,heap     ] GC(433)      Free:     1254M (31%)        1078M (27%)        3628M (89%)        3586M (88%)        3638M (90%)        1064M (26%)    
[237.215s][info][gc,heap     ] GC(433)      Used:     2764M (68%)        2940M (72%)         390M (10%)         432M (11%)        2954M (73%)         380M (9%)     
[237.215s][info][gc,heap     ] GC(433)      Live:         -                59M (1%)           59M (1%)           59M (1%)             -                  -          
[237.215s][info][gc,heap     ] GC(433) Allocated:         -               176M (4%)          200M (5%)          386M (10%)            -                  -          
[237.215s][info][gc,heap     ] GC(433)   Garbage:         -              2704M (67%)         130M (3%)           40M (1%)             -                  -          
[237.215s][info][gc,heap     ] GC(433) Reclaimed:         -                  -              2574M (63%)        2664M (66%)            -                  -          
[237.215s][info][gc          ] GC(433) Garbage Collection (Allocation Rate) 2764M(68%)->432M(11%)
[237.738s][info][gc,start    ] GC(434) Garbage Collection (Allocation Rate)
[237.738s][info][gc,phases   ] GC(434) Pause Mark Start 0.068ms
[237.779s][info][gc,phases   ] GC(434) Concurrent Mark 40.464ms
[237.779s][info][gc,phases   ] GC(434) Pause Mark End 0.121ms
[237.782s][info][gc,phases   ] GC(434) Concurrent Process Non-Strong References 2.762ms
[237.783s][info][gc,phases   ] GC(434) Concurrent Reset Relocation Set 1.315ms
[237.788s][info][gc,phases   ] GC(434) Concurrent Select Relocation Set 4.908ms
[237.789s][info][gc,phases   ] GC(434) Pause Relocate Start 0.073ms
[237.818s][info][gc,phases   ] GC(434) Concurrent Relocate 29.293ms
[237.818s][info][gc,load     ] GC(434) Load: 0.00/0.00/0.00
[237.818s][info][gc,mmu      ] GC(434) MMU: 2ms/48.2%, 5ms/79.3%, 10ms/89.6%, 20ms/94.4%, 50ms/97.8%, 100ms/98.4%
[237.818s][info][gc,marking  ] GC(434) Mark: 1 stripe(s), 2 proactive flush(es), 1 terminate flush(es), 1 completion(s), 0 continuation(s) 
[237.818s][info][gc,nmethod  ] GC(434) NMethods: 2706 registered, 0 unregistered
[237.818s][info][gc,metaspace] GC(434) Metaspace: 9M used, 9M capacity, 9M committed, 1034M reserved
[237.818s][info][gc,ref      ] GC(434) Soft: 786 encountered, 0 discovered, 0 enqueued
[237.818s][info][gc,ref      ] GC(434) Weak: 1198 encountered, 757 discovered, 0 enqueued
[237.818s][info][gc,ref      ] GC(434) Final: 1 encountered, 1 discovered, 0 enqueued
[237.818s][info][gc,ref      ] GC(434) Phantom: 49 encountered, 40 discovered, 0 enqueued
[237.818s][info][gc,reloc    ] GC(434) Small Pages: 1369 / 2738M(99%), Empty: 2594M(93%), Compacting: 136M(5%)->52M(2%)
[237.818s][info][gc,reloc    ] GC(434) Medium Pages: 1 / 32M(1%), Empty: 0M(0%), Compacting: 0M(0%)->0M(0%)
[237.818s][info][gc,reloc    ] GC(434) Large Pages: 1 / 8M(0%), Empty: 0M(0%), Compacting: 0M(0%)->0M(0%)
[237.818s][info][gc,reloc    ] GC(434) Relocation: Successful
[237.818s][info][gc,heap     ] GC(434) Min Capacity: 42M(1%)
[237.818s][info][gc,heap     ] GC(434) Max Capacity: 4060M(100%)
[237.818s][info][gc,heap     ] GC(434) Soft Max Capacity: 4060M(100%)
[237.818s][info][gc,heap     ] GC(434)                Mark Start          Mark End        Relocate Start      Relocate End           High               Low         
[237.818s][info][gc,heap     ] GC(434)  Capacity:     3246M (80%)        3246M (80%)        3246M (80%)        3246M (80%)        3246M (80%)        3246M (80%)    
[237.818s][info][gc,heap     ] GC(434)   Reserve:       42M (1%)           42M (1%)           42M (1%)           42M (1%)           42M (1%)           42M (1%)     
[237.818s][info][gc,heap     ] GC(434)      Free:     1240M (31%)        1060M (26%)        3616M (89%)        3572M (88%)        3638M (90%)        1044M (26%)    
[237.818s][info][gc,heap     ] GC(434)      Used:     2778M (68%)        2958M (73%)         402M (10%)         446M (11%)        2974M (73%)         380M (9%)     
[237.818s][info][gc,heap     ] GC(434)      Live:         -                59M (1%)           59M (1%)           59M (1%)             -                  -          
[237.818s][info][gc,heap     ] GC(434) Allocated:         -               180M (4%)          218M (5%)          398M (10%)            -                  -          
[237.818s][info][gc,heap     ] GC(434)   Garbage:         -              2718M (67%)         124M (3%)           38M (1%)             -                  -          
[237.818s][info][gc,heap     ] GC(434) Reclaimed:         -                  -              2594M (64%)        2680M (66%)            -                  -          
[237.818s][info][gc          ] GC(434) Garbage Collection (Allocation Rate) 2778M(68%)->446M(11%)
[238.237s][info][gc,start    ] GC(435) Garbage Collection (Allocation Rate)
[238.238s][info][gc,phases   ] GC(435) Pause Mark Start 0.081ms
[238.277s][info][gc,phases   ] GC(435) Concurrent Mark 38.981ms
[238.277s][info][gc,phases   ] GC(435) Pause Mark End 0.164ms
[238.280s][info][gc,phases   ] GC(435) Concurrent Process Non-Strong References 2.970ms
[238.280s][info][gc,phases   ] GC(435) Concurrent Reset Relocation Set 0.292ms
[238.283s][info][gc,phases   ] GC(435) Concurrent Select Relocation Set 2.477ms
[238.283s][info][gc,phases   ] GC(435) Pause Relocate Start 0.078ms
[238.305s][info][gc,phases   ] GC(435) Concurrent Relocate 21.382ms
[238.305s][info][gc,load     ] GC(435) Load: 0.00/0.00/0.00
[238.305s][info][gc,mmu      ] GC(435) MMU: 2ms/48.2%, 5ms/79.3%, 10ms/89.6%, 20ms/94.4%, 50ms/97.8%, 100ms/98.4%
[238.305s][info][gc,marking  ] GC(435) Mark: 1 stripe(s), 2 proactive flush(es), 1 terminate flush(es), 1 completion(s), 0 continuation(s) 
[238.305s][info][gc,nmethod  ] GC(435) NMethods: 2706 registered, 0 unregistered
[238.305s][info][gc,metaspace] GC(435) Metaspace: 9M used, 9M capacity, 9M committed, 1034M reserved
[238.305s][info][gc,ref      ] GC(435) Soft: 786 encountered, 0 discovered, 0 enqueued
[238.305s][info][gc,ref      ] GC(435) Weak: 1198 encountered, 757 discovered, 0 enqueued
[238.305s][info][gc,ref      ] GC(435) Final: 1 encountered, 1 discovered, 0 enqueued
[238.305s][info][gc,ref      ] GC(435) Phantom: 49 encountered, 40 discovered, 0 enqueued
[238.305s][info][gc,reloc    ] GC(435) Small Pages: 1146 / 2292M(98%), Empty: 2154M(92%), Compacting: 132M(6%)->38M(2%)
[238.305s][info][gc,reloc    ] GC(435) Medium Pages: 1 / 32M(1%), Empty: 0M(0%), Compacting: 0M(0%)->0M(0%)
[238.305s][info][gc,reloc    ] GC(435) Large Pages: 1 / 8M(0%), Empty: 0M(0%), Compacting: 0M(0%)->0M(0%)
[238.305s][info][gc,reloc    ] GC(435) Relocation: Successful
[238.305s][info][gc,heap     ] GC(435) Min Capacity: 42M(1%)
[238.305s][info][gc,heap     ] GC(435) Max Capacity: 4060M(100%)
[238.305s][info][gc,heap     ] GC(435) Soft Max Capacity: 4060M(100%)
[238.305s][info][gc,heap     ] GC(435)                Mark Start          Mark End        Relocate Start      Relocate End           High               Low         
[238.305s][info][gc,heap     ] GC(435)  Capacity:     3246M (80%)        3246M (80%)        3246M (80%)        3246M (80%)        3246M (80%)        3246M (80%)    
[238.305s][info][gc,heap     ] GC(435)   Reserve:       42M (1%)           42M (1%)           42M (1%)           42M (1%)           42M (1%)           42M (1%)     
[238.305s][info][gc,heap     ] GC(435)      Free:     1686M (42%)        1514M (37%)        3642M (90%)        3638M (90%)        3654M (90%)        1500M (37%)    
[238.305s][info][gc,heap     ] GC(435)      Used:     2332M (57%)        2504M (62%)         376M (9%)          380M (9%)         2518M (62%)         364M (9%)     
[238.305s][info][gc,heap     ] GC(435)      Live:         -                47M (1%)           47M (1%)           47M (1%)             -                  -          
[238.305s][info][gc,heap     ] GC(435) Allocated:         -               172M (4%)          198M (5%)          334M (8%)             -                  -          
[238.305s][info][gc,heap     ] GC(435)   Garbage:         -              2284M (56%)         130M (3%)           40M (1%)             -                  -          
[238.305s][info][gc,heap     ] GC(435) Reclaimed:         -                  -              2154M (53%)        2244M (55%)            -                  -          
[238.305s][info][gc          ] GC(435) Garbage Collection (Allocation Rate) 2332M(57%)->380M(9%)
[238.838s][info][gc,start    ] GC(436) Garbage Collection (Allocation Rate)
[238.838s][info][gc,phases   ] GC(436) Pause Mark Start 0.071ms
[238.878s][info][gc,phases   ] GC(436) Concurrent Mark 39.624ms
[238.878s][info][gc,phases   ] GC(436) Pause Mark End 0.177ms
[238.881s][info][gc,phases   ] GC(436) Concurrent Process Non-Strong References 3.079ms
[238.881s][info][gc,phases   ] GC(436) Concurrent Reset Relocation Set 0.079ms
[238.884s][info][gc,phases   ] GC(436) Concurrent Select Relocation Set 2.810ms
[238.885s][info][gc,phases   ] GC(436) Pause Relocate Start 0.070ms
[238.914s][info][gc,phases   ] GC(436) Concurrent Relocate 29.139ms
[238.914s][info][gc,load     ] GC(436) Load: 0.00/0.00/0.00
[238.914s][info][gc,mmu      ] GC(436) MMU: 2ms/48.2%, 5ms/79.3%, 10ms/89.6%, 20ms/94.4%, 50ms/97.8%, 100ms/98.4%
[238.914s][info][gc,marking  ] GC(436) Mark: 1 stripe(s), 2 proactive flush(es), 1 terminate flush(es), 1 completion(s), 0 continuation(s) 
[238.914s][info][gc,nmethod  ] GC(436) NMethods: 2707 registered, 0 unregistered
[238.914s][info][gc,metaspace] GC(436) Metaspace: 9M used, 9M capacity, 9M committed, 1034M reserved
[238.914s][info][gc,ref      ] GC(436) Soft: 786 encountered, 0 discovered, 0 enqueued
[238.914s][info][gc,ref      ] GC(436) Weak: 1198 encountered, 757 discovered, 0 enqueued
[238.914s][info][gc,ref      ] GC(436) Final: 1 encountered, 1 discovered, 0 enqueued
[238.914s][info][gc,ref      ] GC(436) Phantom: 49 encountered, 40 discovered, 0 enqueued
[238.914s][info][gc,reloc    ] GC(436) Small Pages: 1362 / 2724M(99%), Empty: 2580M(93%), Compacting: 136M(5%)->52M(2%)
[238.914s][info][gc,reloc    ] GC(436) Medium Pages: 1 / 32M(1%), Empty: 0M(0%), Compacting: 0M(0%)->0M(0%)
[238.914s][info][gc,reloc    ] GC(436) Large Pages: 1 / 8M(0%), Empty: 0M(0%), Compacting: 0M(0%)->0M(0%)
[238.914s][info][gc,reloc    ] GC(436) Relocation: Successful
[238.914s][info][gc,heap     ] GC(436) Min Capacity: 42M(1%)
[238.914s][info][gc,heap     ] GC(436) Max Capacity: 4060M(100%)
[238.914s][info][gc,heap     ] GC(436) Soft Max Capacity: 4060M(100%)
[238.914s][info][gc,heap     ] GC(436)                Mark Start          Mark End        Relocate Start      Relocate End           High               Low         
[238.914s][info][gc,heap     ] GC(436)  Capacity:     3246M (80%)        3246M (80%)        3246M (80%)        3246M (80%)        3246M (80%)        3246M (80%)    
[238.914s][info][gc,heap     ] GC(436)   Reserve:       42M (1%)           42M (1%)           42M (1%)           42M (1%)           42M (1%)           42M (1%)     
[238.914s][info][gc,heap     ] GC(436)      Free:     1254M (31%)        1078M (27%)        3632M (89%)        3588M (88%)        3644M (90%)        1064M (26%)    
[238.914s][info][gc,heap     ] GC(436)      Used:     2764M (68%)        2940M (72%)         386M (10%)         430M (11%)        2954M (73%)         374M (9%)     
[238.914s][info][gc,heap     ] GC(436)      Live:         -                59M (1%)           59M (1%)           59M (1%)             -                  -          
[238.914s][info][gc,heap     ] GC(436) Allocated:         -               176M (4%)          202M (5%)          382M (9%)             -                  -          
[238.914s][info][gc,heap     ] GC(436)   Garbage:         -              2704M (67%)         124M (3%)           38M (1%)             -                  -          
[238.914s][info][gc,heap     ] GC(436) Reclaimed:         -                  -              2580M (64%)        2666M (66%)            -                  -          
[238.914s][info][gc          ] GC(436) Garbage Collection (Allocation Rate) 2764M(68%)->430M(11%)
[239.438s][info][gc,start    ] GC(437) Garbage Collection (Allocation Rate)
[239.438s][info][gc,phases   ] GC(437) Pause Mark Start 0.072ms
[239.479s][info][gc,phases   ] GC(437) Concurrent Mark 40.180ms
[239.479s][info][gc,phases   ] GC(437) Pause Mark End 0.130ms
[239.482s][info][gc,phases   ] GC(437) Concurrent Process Non-Strong References 2.817ms
[239.482s][info][gc,phases   ] GC(437) Concurrent Reset Relocation Set 0.206ms
[239.485s][info][gc,phases   ] GC(437) Concurrent Select Relocation Set 2.846ms
[239.485s][info][gc,phases   ] GC(437) Pause Relocate Start 0.089ms
[239.516s][info][gc,phases   ] GC(437) Concurrent Relocate 30.245ms
[239.516s][info][gc,load     ] GC(437) Load: 0.00/0.00/0.00
[239.516s][info][gc,mmu      ] GC(437) MMU: 2ms/48.2%, 5ms/79.3%, 10ms/89.6%, 20ms/94.4%, 50ms/97.8%, 100ms/98.4%
[239.516s][info][gc,marking  ] GC(437) Mark: 1 stripe(s), 2 proactive flush(es), 1 terminate flush(es), 1 completion(s), 0 continuation(s) 
[239.516s][info][gc,nmethod  ] GC(437) NMethods: 2708 registered, 0 unregistered
[239.516s][info][gc,metaspace] GC(437) Metaspace: 9M used, 9M capacity, 9M committed, 1034M reserved
[239.516s][info][gc,ref      ] GC(437) Soft: 786 encountered, 0 discovered, 0 enqueued
[239.516s][info][gc,ref      ] GC(437) Weak: 1198 encountered, 757 discovered, 0 enqueued
[239.516s][info][gc,ref      ] GC(437) Final: 1 encountered, 1 discovered, 0 enqueued
[239.516s][info][gc,ref      ] GC(437) Phantom: 49 encountered, 40 discovered, 0 enqueued
[239.516s][info][gc,reloc    ] GC(437) Small Pages: 1372 / 2744M(99%), Empty: 2598M(93%), Compacting: 138M(5%)->52M(2%)
[239.516s][info][gc,reloc    ] GC(437) Medium Pages: 1 / 32M(1%), Empty: 0M(0%), Compacting: 0M(0%)->0M(0%)
[239.516s][info][gc,reloc    ] GC(437) Large Pages: 1 / 8M(0%), Empty: 0M(0%), Compacting: 0M(0%)->0M(0%)
[239.516s][info][gc,reloc    ] GC(437) Relocation: Successful
[239.516s][info][gc,heap     ] GC(437) Min Capacity: 42M(1%)
[239.516s][info][gc,heap     ] GC(437) Max Capacity: 4060M(100%)
[239.516s][info][gc,heap     ] GC(437) Soft Max Capacity: 4060M(100%)
[239.516s][info][gc,heap     ] GC(437)                Mark Start          Mark End        Relocate Start      Relocate End           High               Low         
[239.516s][info][gc,heap     ] GC(437)  Capacity:     3246M (80%)        3246M (80%)        3246M (80%)        3246M (80%)        3246M (80%)        3246M (80%)    
[239.516s][info][gc,heap     ] GC(437)   Reserve:       42M (1%)           42M (1%)           42M (1%)           42M (1%)           42M (1%)           42M (1%)     
[239.516s][info][gc,heap     ] GC(437)      Free:     1234M (30%)        1056M (26%)        3628M (89%)        3580M (88%)        3640M (90%)        1042M (26%)    
[239.516s][info][gc,heap     ] GC(437)      Used:     2784M (69%)        2962M (73%)         390M (10%)         438M (11%)        2976M (73%)         378M (9%)     
[239.516s][info][gc,heap     ] GC(437)      Live:         -                59M (1%)           59M (1%)           59M (1%)             -                  -          
[239.516s][info][gc,heap     ] GC(437) Allocated:         -               178M (4%)          204M (5%)          390M (10%)            -                  -          
[239.516s][info][gc,heap     ] GC(437)   Garbage:         -              2724M (67%)         126M (3%)           38M (1%)             -                  -          
[239.516s][info][gc,heap     ] GC(437) Reclaimed:         -                  -              2598M (64%)        2686M (66%)            -                  -          
[239.516s][info][gc          ] GC(437) Garbage Collection (Allocation Rate) 2784M(69%)->438M(11%)
[240.038s][info][gc,stats    ] === Garbage Collection Statistics =======================================================================================================================
[240.038s][info][gc,stats    ]                                                              Last 10s              Last 10m              Last 10h                Total
[240.038s][info][gc,stats    ]                                                              Avg / Max             Avg / Max             Avg / Max             Avg / Max
[240.038s][info][gc,stats    ]   Collector: Garbage Collection Cycle                     62.998 / 79.818       61.192 / 153.808      61.192 / 153.808      61.192 / 153.808     ms
[240.038s][info][gc,stats    ]  Contention: Mark Segment Reset Contention                     0 / 0                 0 / 0                 0 / 0                 0 / 0           ops/s
[240.038s][info][gc,stats    ]  Contention: Mark SeqNum Reset Contention                      0 / 0                 0 / 0                 0 / 0                 0 / 0           ops/s
[240.038s][info][gc,start    ] GC(438) Garbage Collection (Allocation Rate)
[240.038s][info][gc,stats    ]  Contention: Relocation Contention                             0 / 2                 0 / 2                 0 / 2                 0 / 2           ops/s
[240.038s][info][gc,stats    ]    Critical: Allocation Stall                              0.000 / 0.000         0.000 / 0.000         0.000 / 0.000         0.000 / 0.000       ms
[240.038s][info][gc,stats    ]    Critical: Allocation Stall                                  0 / 0                 0 / 0                 0 / 0                 0 / 0           ops/s
[240.038s][info][gc,stats    ]    Critical: GC Locker Stall                               0.000 / 0.000         0.000 / 0.000         0.000 / 0.000         0.000 / 0.000       ms
[240.038s][info][gc,stats    ]    Critical: GC Locker Stall                                   0 / 0                 0 / 0                 0 / 0                 0 / 0           ops/s
[240.038s][info][gc,stats    ]      Memory: Allocation Rate                                4453 / 4484           4591 / 4810           4591 / 4810           4591 / 4810        MB/s
[240.038s][info][gc,stats    ]      Memory: Heap Used After Mark                           2912 / 2988           2755 / 3200           2755 / 3200           2755 / 3200        MB
[240.038s][info][gc,stats    ]      Memory: Heap Used After Relocation                      371 / 448             337 / 476             337 / 476             337 / 476         MB
[240.038s][info][gc,stats    ]      Memory: Heap Used Before Mark                          2743 / 2808           2584 / 3026           2584 / 3026           2584 / 3026        MB
[240.038s][info][gc,stats    ]      Memory: Heap Used Before Relocation                     347 / 402             316 / 410             316 / 410             316 / 410         MB
[240.038s][info][gc,stats    ]      Memory: Out Of Memory                                     0 / 0                 0 / 0                 0 / 0                 0 / 0           ops/s
[240.038s][info][gc,stats    ]      Memory: Page Cache Flush                                  0 / 0                 0 / 0                 0 / 0                 0 / 0           MB/s
[240.038s][info][gc,stats    ]      Memory: Page Cache Hit L1                              2253 / 2286           2312 / 2439           2312 / 2439           2312 / 2439        ops/s
[240.038s][info][gc,stats    ]      Memory: Page Cache Hit L2                                 0 / 0                 0 / 0                 0 / 0                 0 / 0           ops/s
[240.038s][info][gc,stats    ]      Memory: Page Cache Hit L3                                 0 / 0                 0 / 103               0 / 103               0 / 103         ops/s
[240.038s][info][gc,stats    ]      Memory: Page Cache Miss                                   0 / 0                 0 / 0                 0 / 0                 0 / 0           ops/s
[240.038s][info][gc,stats    ]      Memory: Uncommit                                          0 / 0                 0 / 0                 0 / 0                 0 / 0           MB/s
[240.038s][info][gc,stats    ]      Memory: Undo Object Allocation Failed                     0 / 0                 0 / 0                 0 / 0                 0 / 0           ops/s
[240.038s][info][gc,stats    ]      Memory: Undo Object Allocation Succeeded                  0 / 2                 0 / 2                 0 / 2                 0 / 2           ops/s
[240.038s][info][gc,stats    ]      Memory: Undo Page Allocation                              0 / 0                 0 / 0                 0 / 0                 0 / 0           ops/s
[240.038s][info][gc,stats    ]       Phase: Concurrent Mark                              38.808 / 42.935       39.285 / 106.230      39.285 / 106.230      39.285 / 106.230     ms
[240.038s][info][gc,stats    ]       Phase: Concurrent Mark Continue                      0.000 / 0.000         0.000 / 0.000         0.000 / 0.000         0.000 / 0.000       ms
[240.038s][info][gc,stats    ]       Phase: Concurrent Process Non-Strong References      2.939 / 3.443         1.840 / 6.765         1.840 / 6.765         1.840 / 6.765       ms
[240.038s][info][gc,phases   ] GC(438) Pause Mark Start 0.060ms
[240.038s][info][gc,stats    ]       Phase: Concurrent Relocate                          17.508 / 30.494       15.473 / 40.994       15.473 / 40.994       15.473 / 40.994      ms
[240.038s][info][gc,stats    ]       Phase: Concurrent Reset Relocation Set               0.194 / 1.315         0.372 / 1.968         0.372 / 1.968         0.372 / 1.968       ms
[240.038s][info][gc,stats    ]       Phase: Concurrent Select Relocation Set              2.366 / 4.908         3.046 / 7.978         3.046 / 7.978         3.046 / 7.978       ms
[240.038s][info][gc,stats    ]       Phase: Pause Mark End                                0.143 / 0.197         0.236 / 1.037         0.236 / 1.037         0.236 / 1.037       ms
[240.038s][info][gc,stats    ]       Phase: Pause Mark Start                              0.077 / 0.110         0.072 / 0.509         0.072 / 0.509         0.072 / 0.509       ms
[240.038s][info][gc,stats    ]       Phase: Pause Relocate Start                          0.087 / 0.112         0.073 / 0.152         0.073 / 0.152         0.073 / 0.152       ms
[240.038s][info][gc,stats    ]    Subphase: Concurrent Classes Purge                      0.123 / 0.148         0.096 / 0.200         0.096 / 0.200         0.096 / 0.200       ms
[240.038s][info][gc,stats    ]    Subphase: Concurrent Classes Unlink                     2.369 / 2.925         1.396 / 5.156         1.396 / 5.156         1.396 / 5.156       ms
[240.038s][info][gc,stats    ]    Subphase: Concurrent Mark                              38.624 / 42.709       39.143 / 106.127      39.143 / 106.127      39.143 / 106.127     ms
[240.038s][info][gc,stats    ]    Subphase: Concurrent Mark Idle                          0.000 / 0.000         0.000 / 0.000         0.000 / 0.000         0.000 / 0.000       ms
[240.038s][info][gc,stats    ]    Subphase: Concurrent Mark Try Flush                     0.084 / 0.166         0.072 / 0.166         0.072 / 0.166         0.072 / 0.166       ms
[240.038s][info][gc,stats    ]    Subphase: Concurrent Mark Try Terminate                 0.036 / 0.092         0.032 / 0.136         0.032 / 0.136         0.032 / 0.136       ms
[240.038s][info][gc,stats    ]    Subphase: Concurrent References Enqueue                 0.000 / 0.000         0.000 / 0.003         0.000 / 0.003         0.000 / 0.003       ms
[240.038s][info][gc,stats    ]    Subphase: Concurrent References Process                 0.106 / 0.138         0.065 / 0.146         0.065 / 0.146         0.065 / 0.146       ms
[240.038s][info][gc,stats    ]    Subphase: Concurrent Roots                              0.067 / 0.086         0.051 / 0.196         0.051 / 0.196         0.051 / 0.196       ms
[240.038s][info][gc,stats    ]    Subphase: Concurrent Roots ClassLoaderDataGraph         0.062 / 0.081         0.046 / 0.184         0.046 / 0.184         0.046 / 0.184       ms
[240.038s][info][gc,stats    ]    Subphase: Concurrent Roots JNIHandles                   0.002 / 0.002         0.002 / 0.009         0.002 / 0.009         0.002 / 0.009       ms
[240.038s][info][gc,stats    ]    Subphase: Concurrent Roots Setup                        0.010 / 0.011         0.004 / 0.012         0.004 / 0.012         0.004 / 0.012       ms
[240.038s][info][gc,stats    ]    Subphase: Concurrent Roots Teardown                     0.000 / 0.000         0.000 / 0.000         0.000 / 0.000         0.000 / 0.000       ms
[240.038s][info][gc,stats    ]    Subphase: Concurrent Roots VMHandles                    0.003 / 0.003         0.002 / 0.007         0.002 / 0.007         0.002 / 0.007       ms
[240.038s][info][gc,stats    ]    Subphase: Concurrent Weak Roots                         0.222 / 0.265         0.174 / 0.490         0.174 / 0.490         0.174 / 0.490       ms
[240.038s][info][gc,stats    ]    Subphase: Concurrent Weak Roots JNIWeakHandles          0.000 / 0.001         0.000 / 0.001         0.000 / 0.001         0.000 / 0.001       ms
[240.038s][info][gc,stats    ]    Subphase: Concurrent Weak Roots ResolvedMethodTable     0.013 / 0.017         0.008 / 0.042         0.008 / 0.042         0.008 / 0.042       ms
[240.038s][info][gc,stats    ]    Subphase: Concurrent Weak Roots StringTable             0.198 / 0.234         0.162 / 0.432         0.162 / 0.432         0.162 / 0.432       ms
[240.038s][info][gc,stats    ]    Subphase: Concurrent Weak Roots VMWeakHandles           0.009 / 0.013         0.003 / 0.016         0.003 / 0.016         0.003 / 0.016       ms
[240.038s][info][gc,stats    ]    Subphase: Pause Mark Try Complete                       0.013 / 0.015         0.123 / 0.982         0.123 / 0.982         0.123 / 0.982       ms
[240.038s][info][gc,stats    ]    Subphase: Pause Roots                                   0.026 / 0.067         0.015 / 0.487         0.015 / 0.487         0.015 / 0.487       ms
[240.038s][info][gc,stats    ]    Subphase: Pause Roots CodeCache                         0.000 / 0.000         0.000 / 0.000         0.000 / 0.000         0.000 / 0.000       ms
[240.038s][info][gc,stats    ]    Subphase: Pause Roots JVMTIExport                       0.001 / 0.002         0.001 / 0.007         0.001 / 0.007         0.001 / 0.007       ms
[240.038s][info][gc,stats    ]    Subphase: Pause Roots JVMTIWeakExport                   0.001 / 0.001         0.001 / 0.003         0.001 / 0.003         0.001 / 0.003       ms
[240.038s][info][gc,stats    ]    Subphase: Pause Roots Java Threads                      0.026 / 0.063         0.021 / 0.484         0.021 / 0.484         0.021 / 0.484       ms
[240.038s][info][gc,stats    ]    Subphase: Pause Roots Management                        0.001 / 0.003         0.001 / 0.011         0.001 / 0.011         0.001 / 0.011       ms
[240.038s][info][gc,stats    ]    Subphase: Pause Roots ObjectSynchronizer                0.000 / 0.001         0.000 / 0.022         0.000 / 0.022         0.000 / 0.022       ms
[240.038s][info][gc,stats    ]    Subphase: Pause Roots Setup                             0.000 / 0.001         0.000 / 0.002         0.000 / 0.002         0.000 / 0.002       ms
[240.038s][info][gc,stats    ]    Subphase: Pause Roots Teardown                          0.001 / 0.001         0.000 / 0.002         0.000 / 0.002         0.000 / 0.002       ms
[240.038s][info][gc,stats    ]    Subphase: Pause Roots Universe                          0.001 / 0.002         0.001 / 0.015         0.001 / 0.015         0.001 / 0.015       ms
[240.038s][info][gc,stats    ]    Subphase: Pause Roots VM Thread                         0.001 / 0.001         0.001 / 0.003         0.001 / 0.003         0.001 / 0.003       ms
[240.038s][info][gc,stats    ]    Subphase: Pause Weak Roots                              0.003 / 0.018         0.003 / 0.086         0.003 / 0.086         0.003 / 0.086       ms
[240.038s][info][gc,stats    ]    Subphase: Pause Weak Roots JFRWeak                      0.012 / 0.018         0.012 / 0.082         0.012 / 0.082         0.012 / 0.082       ms
[240.038s][info][gc,stats    ]    Subphase: Pause Weak Roots JVMTIWeakExport              0.001 / 0.001         0.001 / 0.006         0.001 / 0.006         0.001 / 0.006       ms
[240.038s][info][gc,stats    ]    Subphase: Pause Weak Roots Setup                        0.000 / 0.001         0.000 / 0.001         0.000 / 0.001         0.000 / 0.001       ms
[240.038s][info][gc,stats    ]    Subphase: Pause Weak Roots Teardown                     0.000 / 0.000         0.000 / 0.000         0.000 / 0.000         0.000 / 0.000       ms
[240.038s][info][gc,stats    ]      System: Java Threads                                     22 / 22               15 / 23               15 / 23               15 / 23          threads
[240.038s][info][gc,stats    ] =========================================================================================================================================================
[240.080s][info][gc,phases   ] GC(438) Concurrent Mark 41.758ms
[240.080s][info][gc,phases   ] GC(438) Pause Mark End 0.130ms
[240.083s][info][gc,phases   ] GC(438) Concurrent Process Non-Strong References 2.855ms
[240.083s][info][gc,phases   ] GC(438) Concurrent Reset Relocation Set 0.245ms
[240.086s][info][gc,phases   ] GC(438) Concurrent Select Relocation Set 2.172ms
[240.086s][info][gc,phases   ] GC(438) Pause Relocate Start 0.072ms
[240.110s][info][gc,phases   ] GC(438) Concurrent Relocate 23.958ms
[240.110s][info][gc,load     ] GC(438) Load: 0.00/0.00/0.00
[240.110s][info][gc,mmu      ] GC(438) MMU: 2ms/48.2%, 5ms/79.3%, 10ms/89.6%, 20ms/94.4%, 50ms/97.8%, 100ms/98.4%
[240.110s][info][gc,marking  ] GC(438) Mark: 1 stripe(s), 2 proactive flush(es), 1 terminate flush(es), 1 completion(s), 0 continuation(s) 
[240.110s][info][gc,nmethod  ] GC(438) NMethods: 2708 registered, 0 unregistered
[240.110s][info][gc,metaspace] GC(438) Metaspace: 9M used, 9M capacity, 9M committed, 1034M reserved
[240.110s][info][gc,ref      ] GC(438) Soft: 786 encountered, 0 discovered, 0 enqueued
[240.110s][info][gc,ref      ] GC(438) Weak: 1198 encountered, 757 discovered, 0 enqueued
[240.110s][info][gc,ref      ] GC(438) Final: 1 encountered, 1 discovered, 0 enqueued
[240.110s][info][gc,ref      ] GC(438) Phantom: 49 encountered, 40 discovered, 0 enqueued
[240.110s][info][gc,reloc    ] GC(438) Small Pages: 1368 / 2736M(99%), Empty: 2602M(94%), Compacting: 116M(4%)->42M(2%)
[240.110s][info][gc,reloc    ] GC(438) Medium Pages: 1 / 32M(1%), Empty: 0M(0%), Compacting: 0M(0%)->0M(0%)
[240.110s][info][gc,reloc    ] GC(438) Large Pages: 1 / 8M(0%), Empty: 0M(0%), Compacting: 0M(0%)->0M(0%)
[240.110s][info][gc,reloc    ] GC(438) Relocation: Successful
[240.110s][info][gc,heap     ] GC(438) Min Capacity: 42M(1%)
[240.110s][info][gc,heap     ] GC(438) Max Capacity: 4060M(100%)
[240.110s][info][gc,heap     ] GC(438) Soft Max Capacity: 4060M(100%)
[240.110s][info][gc,heap     ] GC(438)                Mark Start          Mark End        Relocate Start      Relocate End           High               Low         
[240.110s][info][gc,heap     ] GC(438)  Capacity:     3246M (80%)        3246M (80%)        3246M (80%)        3246M (80%)        3246M (80%)        3246M (80%)    
[240.110s][info][gc,heap     ] GC(438)   Reserve:       42M (1%)           42M (1%)           42M (1%)           42M (1%)           42M (1%)           42M (1%)     
[240.110s][info][gc,heap     ] GC(438)      Free:     1242M (31%)        1058M (26%)        3636M (90%)        3600M (89%)        3646M (90%)        1044M (26%)    
[240.110s][info][gc,heap     ] GC(438)      Used:     2776M (68%)        2960M (73%)         382M (9%)          418M (10%)        2974M (73%)         372M (9%)     
[240.110s][info][gc,heap     ] GC(438)      Live:         -                59M (1%)           59M (1%)           59M (1%)             -                  -          
[240.110s][info][gc,heap     ] GC(438) Allocated:         -               184M (5%)          208M (5%)          360M (9%)             -                  -          
[240.110s][info][gc,heap     ] GC(438)   Garbage:         -              2716M (67%)         114M (3%)           44M (1%)             -                  -          
[240.110s][info][gc,heap     ] GC(438) Reclaimed:         -                  -              2602M (64%)        2672M (66%)            -                  -          
[240.110s][info][gc          ] GC(438) Garbage Collection (Allocation Rate) 2776M(68%)->418M(10%)
[240.638s][info][gc,start    ] GC(439) Garbage Collection (Allocation Rate)
[240.638s][info][gc,phases   ] GC(439) Pause Mark Start 0.118ms
[240.680s][info][gc,phases   ] GC(439) Concurrent Mark 41.971ms
[240.680s][info][gc,phases   ] GC(439) Pause Mark End 0.116ms
[240.683s][info][gc,phases   ] GC(439) Concurrent Process Non-Strong References 2.893ms
[240.684s][info][gc,phases   ] GC(439) Concurrent Reset Relocation Set 0.103ms
[240.685s][info][gc,phases   ] GC(439) Concurrent Select Relocation Set 1.700ms
[240.686s][info][gc,phases   ] GC(439) Pause Relocate Start 0.068ms
[240.699s][info][gc,phases   ] GC(439) Concurrent Relocate 13.396ms
[240.699s][info][gc,load     ] GC(439) Load: 0.00/0.00/0.00
[240.699s][info][gc,mmu      ] GC(439) MMU: 2ms/48.2%, 5ms/79.3%, 10ms/89.6%, 20ms/94.4%, 50ms/97.8%, 100ms/98.4%
[240.699s][info][gc,marking  ] GC(439) Mark: 1 stripe(s), 2 proactive flush(es), 1 terminate flush(es), 1 completion(s), 0 continuation(s) 
[240.699s][info][gc,nmethod  ] GC(439) NMethods: 2708 registered, 0 unregistered
[240.699s][info][gc,metaspace] GC(439) Metaspace: 9M used, 9M capacity, 9M committed, 1034M reserved
[240.699s][info][gc,ref      ] GC(439) Soft: 786 encountered, 0 discovered, 0 enqueued
[240.699s][info][gc,ref      ] GC(439) Weak: 1198 encountered, 757 discovered, 0 enqueued
[240.699s][info][gc,ref      ] GC(439) Final: 1 encountered, 1 discovered, 0 enqueued
[240.699s][info][gc,ref      ] GC(439) Phantom: 49 encountered, 40 discovered, 0 enqueued
[240.699s][info][gc,reloc    ] GC(439) Small Pages: 1366 / 2732M(99%), Empty: 2620M(95%), Compacting: 68M(2%)->22M(1%)
[240.699s][info][gc,reloc    ] GC(439) Medium Pages: 1 / 32M(1%), Empty: 0M(0%), Compacting: 0M(0%)->0M(0%)
[240.699s][info][gc,reloc    ] GC(439) Large Pages: 1 / 8M(0%), Empty: 0M(0%), Compacting: 0M(0%)->0M(0%)
[240.699s][info][gc,reloc    ] GC(439) Relocation: Successful
[240.699s][info][gc,heap     ] GC(439) Min Capacity: 42M(1%)
[240.699s][info][gc,heap     ] GC(439) Max Capacity: 4060M(100%)
[240.699s][info][gc,heap     ] GC(439) Soft Max Capacity: 4060M(100%)
[240.699s][info][gc,heap     ] GC(439)                Mark Start          Mark End        Relocate Start      Relocate End           High               Low         
[240.699s][info][gc,heap     ] GC(439)  Capacity:     3246M (80%)        3246M (80%)        3246M (80%)        3246M (80%)        3246M (80%)        3246M (80%)    
[240.699s][info][gc,heap     ] GC(439)   Reserve:       42M (1%)           42M (1%)           42M (1%)           42M (1%)           42M (1%)           42M (1%)     
[240.699s][info][gc,heap     ] GC(439)      Free:     1246M (31%)        1058M (26%)        3656M (90%)        3634M (90%)        3664M (90%)        1044M (26%)    
[240.699s][info][gc,heap     ] GC(439)      Used:     2772M (68%)        2960M (73%)         362M (9%)          384M (9%)         2974M (73%)         354M (9%)     
[240.699s][info][gc,heap     ] GC(439)      Live:         -                65M (2%)           65M (2%)           65M (2%)             -                  -          
[240.699s][info][gc,heap     ] GC(439) Allocated:         -               188M (5%)          210M (5%)          300M (7%)             -                  -          
[240.699s][info][gc,heap     ] GC(439)   Garbage:         -              2706M (67%)          86M (2%)           46M (1%)             -                  -          
[240.699s][info][gc,heap     ] GC(439) Reclaimed:         -                  -              2620M (65%)        2660M (66%)            -                  -          
[240.699s][info][gc          ] GC(439) Garbage Collection (Allocation Rate) 2772M(68%)->384M(9%)
[241.238s][info][gc,start    ] GC(440) Garbage Collection (Allocation Rate)
[241.238s][info][gc,phases   ] GC(440) Pause Mark Start 0.073ms
[241.277s][info][gc,phases   ] GC(440) Concurrent Mark 38.915ms
[241.278s][info][gc,phases   ] GC(440) Pause Mark End 0.195ms
[241.281s][info][gc,phases   ] GC(440) Concurrent Process Non-Strong References 3.048ms
[241.281s][info][gc,phases   ] GC(440) Concurrent Reset Relocation Set 0.054ms
[241.282s][info][gc,phases   ] GC(440) Concurrent Select Relocation Set 1.432ms
[241.283s][info][gc,phases   ] GC(440) Pause Relocate Start 0.076ms
[241.284s][info][gc,phases   ] GC(440) Concurrent Relocate 0.925ms
[241.284s][info][gc,load     ] GC(440) Load: 0.00/0.00/0.00
[241.284s][info][gc,mmu      ] GC(440) MMU: 2ms/48.2%, 5ms/79.3%, 10ms/89.6%, 20ms/94.4%, 50ms/97.8%, 100ms/98.4%
[241.284s][info][gc,marking  ] GC(440) Mark: 1 stripe(s), 2 proactive flush(es), 1 terminate flush(es), 1 completion(s), 0 continuation(s) 
[241.284s][info][gc,nmethod  ] GC(440) NMethods: 2730 registered, 0 unregistered
[241.284s][info][gc,metaspace] GC(440) Metaspace: 9M used, 9M capacity, 9M committed, 1034M reserved
[241.284s][info][gc,ref      ] GC(440) Soft: 789 encountered, 0 discovered, 0 enqueued
[241.284s][info][gc,ref      ] GC(440) Weak: 1201 encountered, 760 discovered, 0 enqueued
[241.284s][info][gc,ref      ] GC(440) Final: 1 encountered, 1 discovered, 0 enqueued
[241.284s][info][gc,ref      ] GC(440) Phantom: 49 encountered, 40 discovered, 0 enqueued
[241.284s][info][gc,reloc    ] GC(440) Small Pages: 1369 / 2738M(99%), Empty: 2660M(96%), Compacting: 18M(1%)->2M(0%)
[241.284s][info][gc,reloc    ] GC(440) Medium Pages: 1 / 32M(1%), Empty: 0M(0%), Compacting: 0M(0%)->0M(0%)
[241.284s][info][gc,reloc    ] GC(440) Large Pages: 1 / 8M(0%), Empty: 0M(0%), Compacting: 0M(0%)->0M(0%)
[241.284s][info][gc,reloc    ] GC(440) Relocation: Successful
[241.284s][info][gc,heap     ] GC(440) Min Capacity: 42M(1%)
[241.284s][info][gc,heap     ] GC(440) Max Capacity: 4060M(100%)
[241.284s][info][gc,heap     ] GC(440) Soft Max Capacity: 4060M(100%)
[241.284s][info][gc,heap     ] GC(440)                Mark Start          Mark End        Relocate Start      Relocate End           High               Low         
[241.284s][info][gc,heap     ] GC(440)  Capacity:     3246M (80%)        3246M (80%)        3246M (80%)        3246M (80%)        3246M (80%)        3246M (80%)    
[241.284s][info][gc,heap     ] GC(440)   Reserve:       42M (1%)           42M (1%)           42M (1%)           42M (1%)           42M (1%)           42M (1%)     
[241.284s][info][gc,heap     ] GC(440)      Free:     1240M (31%)        1064M (26%)        3704M (91%)        3708M (91%)        3710M (91%)        1050M (26%)    
[241.284s][info][gc,heap     ] GC(440)      Used:     2778M (68%)        2954M (73%)         314M (8%)          310M (8%)         2968M (73%)         308M (8%)     
[241.284s][info][gc,heap     ] GC(440)      Live:         -                61M (2%)           61M (2%)           61M (2%)             -                  -          
[241.284s][info][gc,heap     ] GC(440) Allocated:         -               176M (4%)          196M (5%)          210M (5%)             -                  -          
[241.284s][info][gc,heap     ] GC(440)   Garbage:         -              2716M (67%)          56M (1%)           48M (1%)             -                  -          
[241.284s][info][gc,heap     ] GC(440) Reclaimed:         -                  -              2660M (66%)        2668M (66%)            -                  -          
[241.284s][info][gc          ] GC(440) Garbage Collection (Allocation Rate) 2778M(68%)->310M(8%)
[241.838s][info][gc,start    ] GC(441) Garbage Collection (Allocation Rate)
[241.838s][info][gc,phases   ] GC(441) Pause Mark Start 0.084ms
[241.872s][info][gc,phases   ] GC(441) Concurrent Mark 33.660ms
[241.872s][info][gc,phases   ] GC(441) Pause Mark End 0.132ms
[241.875s][info][gc,phases   ] GC(441) Concurrent Process Non-Strong References 3.063ms
[241.875s][info][gc,phases   ] GC(441) Concurrent Reset Relocation Set 0.029ms
[241.877s][info][gc,phases   ] GC(441) Concurrent Select Relocation Set 1.661ms
[241.877s][info][gc,phases   ] GC(441) Pause Relocate Start 0.067ms
[241.879s][info][gc,phases   ] GC(441) Concurrent Relocate 1.826ms
[241.879s][info][gc,load     ] GC(441) Load: 0.00/0.00/0.00
[241.879s][info][gc,mmu      ] GC(441) MMU: 2ms/48.2%, 5ms/79.3%, 10ms/89.6%, 20ms/94.4%, 50ms/97.8%, 100ms/98.4%
[241.879s][info][gc,marking  ] GC(441) Mark: 1 stripe(s), 2 proactive flush(es), 1 terminate flush(es), 1 completion(s), 0 continuation(s) 
[241.879s][info][gc,nmethod  ] GC(441) NMethods: 2730 registered, 0 unregistered
[241.879s][info][gc,metaspace] GC(441) Metaspace: 9M used, 9M capacity, 9M committed, 1034M reserved
[241.879s][info][gc,ref      ] GC(441) Soft: 789 encountered, 0 discovered, 0 enqueued
[241.879s][info][gc,ref      ] GC(441) Weak: 1201 encountered, 760 discovered, 0 enqueued
[241.879s][info][gc,ref      ] GC(441) Final: 1 encountered, 1 discovered, 0 enqueued
[241.879s][info][gc,ref      ] GC(441) Phantom: 49 encountered, 40 discovered, 0 enqueued
[241.879s][info][gc,reloc    ] GC(441) Small Pages: 1378 / 2756M(99%), Empty: 2694M(96%), Compacting: 16M(1%)->2M(0%)
[241.879s][info][gc,reloc    ] GC(441) Medium Pages: 1 / 32M(1%), Empty: 0M(0%), Compacting: 0M(0%)->0M(0%)
[241.879s][info][gc,reloc    ] GC(441) Large Pages: 1 / 8M(0%), Empty: 0M(0%), Compacting: 0M(0%)->0M(0%)
[241.879s][info][gc,reloc    ] GC(441) Relocation: Successful
[241.879s][info][gc,heap     ] GC(441) Min Capacity: 42M(1%)
[241.879s][info][gc,heap     ] GC(441) Max Capacity: 4060M(100%)
[241.879s][info][gc,heap     ] GC(441) Soft Max Capacity: 4060M(100%)
[241.879s][info][gc,heap     ] GC(441)                Mark Start          Mark End        Relocate Start      Relocate End           High               Low         
[241.879s][info][gc,heap     ] GC(441)  Capacity:     3246M (80%)        3246M (80%)        3246M (80%)        3246M (80%)        3246M (80%)        3246M (80%)    
[241.879s][info][gc,heap     ] GC(441)   Reserve:       42M (1%)           42M (1%)           42M (1%)           42M (1%)           42M (1%)           42M (1%)     
[241.879s][info][gc,heap     ] GC(441)      Free:     1222M (30%)        1070M (26%)        3742M (92%)        3748M (92%)        3750M (92%)        1056M (26%)    
[241.879s][info][gc,heap     ] GC(441)      Used:     2796M (69%)        2948M (73%)         276M (7%)          270M (7%)         2962M (73%)         268M (7%)     
[241.879s][info][gc,heap     ] GC(441)      Live:         -                49M (1%)           49M (1%)           49M (1%)             -                  -          
[241.879s][info][gc,heap     ] GC(441) Allocated:         -               152M (4%)          174M (4%)          184M (5%)             -                  -          
[241.879s][info][gc,heap     ] GC(441)   Garbage:         -              2746M (68%)          52M (1%)           42M (1%)             -                  -          
[241.879s][info][gc,heap     ] GC(441) Reclaimed:         -                  -              2694M (66%)        2704M (67%)            -                  -          
[241.879s][info][gc          ] GC(441) Garbage Collection (Allocation Rate) 2796M(69%)->270M(7%)
[242.438s][info][gc,start    ] GC(442) Garbage Collection (Allocation Rate)
[242.438s][info][gc,phases   ] GC(442) Pause Mark Start 0.051ms
[242.470s][info][gc,phases   ] GC(442) Concurrent Mark 31.464ms
[242.470s][info][gc,phases   ] GC(442) Pause Mark End 0.111ms
[242.473s][info][gc,phases   ] GC(442) Concurrent Process Non-Strong References 2.821ms
[242.473s][info][gc,phases   ] GC(442) Concurrent Reset Relocation Set 0.029ms
[242.474s][info][gc,phases   ] GC(442) Concurrent Select Relocation Set 1.480ms
[242.475s][info][gc,phases   ] GC(442) Pause Relocate Start 0.083ms
[242.476s][info][gc,phases   ] GC(442) Concurrent Relocate 1.169ms
[242.476s][info][gc,load     ] GC(442) Load: 0.00/0.00/0.00
[242.476s][info][gc,mmu      ] GC(442) MMU: 2ms/48.2%, 5ms/79.3%, 10ms/89.6%, 20ms/94.4%, 50ms/97.8%, 100ms/98.4%
[242.476s][info][gc,marking  ] GC(442) Mark: 1 stripe(s), 2 proactive flush(es), 1 terminate flush(es), 1 completion(s), 0 continuation(s) 
[242.476s][info][gc,nmethod  ] GC(442) NMethods: 2730 registered, 0 unregistered
[242.476s][info][gc,metaspace] GC(442) Metaspace: 9M used, 9M capacity, 9M committed, 1034M reserved
[242.476s][info][gc,ref      ] GC(442) Soft: 789 encountered, 0 discovered, 0 enqueued
[242.476s][info][gc,ref      ] GC(442) Weak: 1201 encountered, 760 discovered, 0 enqueued
[242.476s][info][gc,ref      ] GC(442) Final: 1 encountered, 1 discovered, 0 enqueued
[242.476s][info][gc,ref      ] GC(442) Phantom: 49 encountered, 40 discovered, 0 enqueued
[242.476s][info][gc,reloc    ] GC(442) Small Pages: 1371 / 2742M(99%), Empty: 2690M(97%), Compacting: 12M(0%)->2M(0%)
[242.476s][info][gc,reloc    ] GC(442) Medium Pages: 1 / 32M(1%), Empty: 0M(0%), Compacting: 0M(0%)->0M(0%)
[242.476s][info][gc,reloc    ] GC(442) Large Pages: 1 / 8M(0%), Empty: 0M(0%), Compacting: 0M(0%)->0M(0%)
[242.476s][info][gc,reloc    ] GC(442) Relocation: Successful
[242.476s][info][gc,heap     ] GC(442) Min Capacity: 42M(1%)
[242.476s][info][gc,heap     ] GC(442) Max Capacity: 4060M(100%)
[242.476s][info][gc,heap     ] GC(442) Soft Max Capacity: 4060M(100%)
[242.476s][info][gc,heap     ] GC(442)                Mark Start          Mark End        Relocate Start      Relocate End           High               Low         
[242.476s][info][gc,heap     ] GC(442)  Capacity:     3246M (80%)        3246M (80%)        3246M (80%)        3246M (80%)        3246M (80%)        3246M (80%)    
[242.476s][info][gc,heap     ] GC(442)   Reserve:       42M (1%)           42M (1%)           42M (1%)           42M (1%)           42M (1%)           42M (1%)     
[242.476s][info][gc,heap     ] GC(442)      Free:     1236M (30%)        1094M (27%)        3764M (93%)        3760M (93%)        3770M (93%)        1080M (27%)    
[242.476s][info][gc,heap     ] GC(442)      Used:     2782M (69%)        2924M (72%)         254M (6%)          258M (6%)         2938M (72%)         248M (6%)     
[242.476s][info][gc,heap     ] GC(442)      Live:         -                44M (1%)           44M (1%)           44M (1%)             -                  -          
[242.476s][info][gc,heap     ] GC(442) Allocated:         -               142M (3%)          162M (4%)          178M (4%)             -                  -          
[242.476s][info][gc,heap     ] GC(442)   Garbage:         -              2737M (67%)          47M (1%)           45M (1%)             -                  -          
[242.476s][info][gc,heap     ] GC(442) Reclaimed:         -                  -              2690M (66%)        2692M (66%)            -                  -          
[242.476s][info][gc          ] GC(442) Garbage Collection (Allocation Rate) 2782M(69%)->258M(6%)
[243.038s][info][gc,start    ] GC(443) Garbage Collection (Allocation Rate)
[243.038s][info][gc,phases   ] GC(443) Pause Mark Start 0.076ms
[243.074s][info][gc,phases   ] GC(443) Concurrent Mark 36.529ms
[243.075s][info][gc,phases   ] GC(443) Pause Mark End 0.125ms
[243.078s][info][gc,phases   ] GC(443) Concurrent Process Non-Strong References 2.905ms
[243.078s][info][gc,phases   ] GC(443) Concurrent Reset Relocation Set 0.028ms
[243.080s][info][gc,phases   ] GC(443) Concurrent Select Relocation Set 2.087ms
[243.080s][info][gc,phases   ] GC(443) Pause Relocate Start 0.091ms
[243.099s][info][gc,phases   ] GC(443) Concurrent Relocate 18.540ms
[243.099s][info][gc,load     ] GC(443) Load: 0.00/0.00/0.00
[243.099s][info][gc,mmu      ] GC(443) MMU: 2ms/48.2%, 5ms/79.3%, 10ms/89.6%, 20ms/94.4%, 50ms/97.8%, 100ms/98.4%
[243.099s][info][gc,marking  ] GC(443) Mark: 1 stripe(s), 2 proactive flush(es), 1 terminate flush(es), 1 completion(s), 0 continuation(s) 
[243.099s][info][gc,nmethod  ] GC(443) NMethods: 2730 registered, 0 unregistered
[243.099s][info][gc,metaspace] GC(443) Metaspace: 9M used, 9M capacity, 9M committed, 1034M reserved
[243.099s][info][gc,ref      ] GC(443) Soft: 789 encountered, 0 discovered, 0 enqueued
[243.099s][info][gc,ref      ] GC(443) Weak: 1201 encountered, 760 discovered, 0 enqueued
[243.099s][info][gc,ref      ] GC(443) Final: 1 encountered, 1 discovered, 0 enqueued
[243.099s][info][gc,ref      ] GC(443) Phantom: 49 encountered, 40 discovered, 0 enqueued
[243.099s][info][gc,reloc    ] GC(443) Small Pages: 1362 / 2724M(99%), Empty: 2614M(95%), Compacting: 94M(3%)->32M(1%)
[243.099s][info][gc,reloc    ] GC(443) Medium Pages: 1 / 32M(1%), Empty: 0M(0%), Compacting: 0M(0%)->0M(0%)
[243.099s][info][gc,reloc    ] GC(443) Large Pages: 1 / 8M(0%), Empty: 0M(0%), Compacting: 0M(0%)->0M(0%)
[243.099s][info][gc,reloc    ] GC(443) Relocation: Successful
[243.099s][info][gc,heap     ] GC(443) Min Capacity: 42M(1%)
[243.099s][info][gc,heap     ] GC(443) Max Capacity: 4060M(100%)
[243.099s][info][gc,heap     ] GC(443) Soft Max Capacity: 4060M(100%)
[243.099s][info][gc,heap     ] GC(443)                Mark Start          Mark End        Relocate Start      Relocate End           High               Low         
[243.099s][info][gc,heap     ] GC(443)  Capacity:     3246M (80%)        3246M (80%)        3246M (80%)        3246M (80%)        3246M (80%)        3246M (80%)    
[243.099s][info][gc,heap     ] GC(443)   Reserve:       42M (1%)           42M (1%)           42M (1%)           42M (1%)           42M (1%)           42M (1%)     
[243.099s][info][gc,heap     ] GC(443)      Free:     1254M (31%)        1094M (27%)        3684M (91%)        3660M (90%)        3694M (91%)        1080M (27%)    
[243.099s][info][gc,heap     ] GC(443)      Used:     2764M (68%)        2924M (72%)         334M (8%)          358M (9%)         2938M (72%)         324M (8%)     
[243.099s][info][gc,heap     ] GC(443)      Live:         -                50M (1%)           50M (1%)           50M (1%)             -                  -          
[243.099s][info][gc,heap     ] GC(443) Allocated:         -               160M (4%)          184M (5%)          302M (7%)             -                  -          
[243.099s][info][gc,heap     ] GC(443)   Garbage:         -              2713M (67%)          99M (2%)           41M (1%)             -                  -          
[243.099s][info][gc,heap     ] GC(443) Reclaimed:         -                  -              2614M (64%)        2672M (66%)            -                  -          
[243.099s][info][gc          ] GC(443) Garbage Collection (Allocation Rate) 2764M(68%)->358M(9%)
[243.639s][info][gc,start    ] GC(444) Garbage Collection (Allocation Rate)
[243.639s][info][gc,phases   ] GC(444) Pause Mark Start 0.124ms
[243.678s][info][gc,phases   ] GC(444) Concurrent Mark 39.194ms
[243.678s][info][gc,phases   ] GC(444) Pause Mark End 0.202ms
[243.682s][info][gc,phases   ] GC(444) Concurrent Process Non-Strong References 3.125ms
[243.682s][info][gc,phases   ] GC(444) Concurrent Reset Relocation Set 0.068ms
[243.684s][info][gc,phases   ] GC(444) Concurrent Select Relocation Set 2.425ms
[243.685s][info][gc,phases   ] GC(444) Pause Relocate Start 0.097ms
[243.712s][info][gc,phases   ] GC(444) Concurrent Relocate 27.404ms
[243.712s][info][gc,load     ] GC(444) Load: 0.00/0.00/0.00
[243.712s][info][gc,mmu      ] GC(444) MMU: 2ms/48.2%, 5ms/79.3%, 10ms/89.6%, 20ms/94.4%, 50ms/97.8%, 100ms/98.4%
[243.712s][info][gc,marking  ] GC(444) Mark: 1 stripe(s), 2 proactive flush(es), 1 terminate flush(es), 1 completion(s), 0 continuation(s) 
[243.712s][info][gc,nmethod  ] GC(444) NMethods: 2730 registered, 0 unregistered
[243.712s][info][gc,metaspace] GC(444) Metaspace: 9M used, 9M capacity, 9M committed, 1034M reserved
[243.712s][info][gc,ref      ] GC(444) Soft: 789 encountered, 0 discovered, 0 enqueued
[243.712s][info][gc,ref      ] GC(444) Weak: 1201 encountered, 760 discovered, 0 enqueued
[243.712s][info][gc,ref      ] GC(444) Final: 1 encountered, 1 discovered, 0 enqueued
[243.712s][info][gc,ref      ] GC(444) Phantom: 49 encountered, 40 discovered, 0 enqueued
[243.712s][info][gc,reloc    ] GC(444) Small Pages: 1363 / 2726M(99%), Empty: 2586M(93%), Compacting: 132M(5%)->48M(2%)
[243.712s][info][gc,reloc    ] GC(444) Medium Pages: 1 / 32M(1%), Empty: 0M(0%), Compacting: 0M(0%)->0M(0%)
[243.712s][info][gc,reloc    ] GC(444) Large Pages: 1 / 8M(0%), Empty: 0M(0%), Compacting: 0M(0%)->0M(0%)
[243.712s][info][gc,reloc    ] GC(444) Relocation: Successful
[243.712s][info][gc,heap     ] GC(444) Min Capacity: 42M(1%)
[243.712s][info][gc,heap     ] GC(444) Max Capacity: 4060M(100%)
[243.712s][info][gc,heap     ] GC(444) Soft Max Capacity: 4060M(100%)
[243.712s][info][gc,heap     ] GC(444)                Mark Start          Mark End        Relocate Start      Relocate End           High               Low         
[243.712s][info][gc,heap     ] GC(444)  Capacity:     3246M (80%)        3246M (80%)        3246M (80%)        3246M (80%)        3246M (80%)        3246M (80%)    
[243.712s][info][gc,heap     ] GC(444)   Reserve:       42M (1%)           42M (1%)           42M (1%)           42M (1%)           42M (1%)           42M (1%)     
[243.712s][info][gc,heap     ] GC(444)      Free:     1252M (31%)        1078M (27%)        3638M (90%)        3598M (89%)        3648M (90%)        1062M (26%)    
[243.712s][info][gc,heap     ] GC(444)      Used:     2766M (68%)        2940M (72%)         380M (9%)          420M (10%)        2956M (73%)         370M (9%)     
[243.712s][info][gc,heap     ] GC(444)      Live:         -                56M (1%)           56M (1%)           56M (1%)             -                  -          
[243.712s][info][gc,heap     ] GC(444) Allocated:         -               174M (4%)          200M (5%)          372M (9%)             -                  -          
[243.712s][info][gc,heap     ] GC(444)   Garbage:         -              2709M (67%)         123M (3%)           39M (1%)             -                  -          
[243.712s][info][gc,heap     ] GC(444) Reclaimed:         -                  -              2586M (64%)        2670M (66%)            -                  -          
[243.712s][info][gc          ] GC(444) Garbage Collection (Allocation Rate) 2766M(68%)->420M(10%)
[244.238s][info][gc,start    ] GC(445) Garbage Collection (Allocation Rate)
[244.239s][info][gc,phases   ] GC(445) Pause Mark Start 0.080ms
[244.278s][info][gc,phases   ] GC(445) Concurrent Mark 39.486ms
[244.278s][info][gc,phases   ] GC(445) Pause Mark End 0.081ms
[244.281s][info][gc,phases   ] GC(445) Concurrent Process Non-Strong References 3.010ms
[244.282s][info][gc,phases   ] GC(445) Concurrent Reset Relocation Set 0.137ms
[244.284s][info][gc,phases   ] GC(445) Concurrent Select Relocation Set 2.643ms
[244.285s][info][gc,phases   ] GC(445) Pause Relocate Start 0.090ms
[244.313s][info][gc,phases   ] GC(445) Concurrent Relocate 28.531ms
[244.313s][info][gc,load     ] GC(445) Load: 0.00/0.00/0.00
[244.313s][info][gc,mmu      ] GC(445) MMU: 2ms/48.2%, 5ms/79.3%, 10ms/89.6%, 20ms/94.4%, 50ms/97.8%, 100ms/98.4%
[244.313s][info][gc,marking  ] GC(445) Mark: 1 stripe(s), 2 proactive flush(es), 1 terminate flush(es), 1 completion(s), 0 continuation(s) 
[244.313s][info][gc,nmethod  ] GC(445) NMethods: 2730 registered, 0 unregistered
[244.313s][info][gc,metaspace] GC(445) Metaspace: 9M used, 9M capacity, 9M committed, 1034M reserved
[244.313s][info][gc,ref      ] GC(445) Soft: 789 encountered, 0 discovered, 0 enqueued
[244.313s][info][gc,ref      ] GC(445) Weak: 1201 encountered, 760 discovered, 0 enqueued
[244.313s][info][gc,ref      ] GC(445) Final: 1 encountered, 1 discovered, 0 enqueued
[244.313s][info][gc,ref      ] GC(445) Phantom: 49 encountered, 40 discovered, 0 enqueued
[244.313s][info][gc,reloc    ] GC(445) Small Pages: 1371 / 2742M(99%), Empty: 2604M(94%), Compacting: 132M(5%)->50M(2%)
[244.313s][info][gc,reloc    ] GC(445) Medium Pages: 1 / 32M(1%), Empty: 0M(0%), Compacting: 0M(0%)->0M(0%)
[244.313s][info][gc,reloc    ] GC(445) Large Pages: 1 / 8M(0%), Empty: 0M(0%), Compacting: 0M(0%)->0M(0%)
[244.313s][info][gc,reloc    ] GC(445) Relocation: Successful
[244.313s][info][gc,heap     ] GC(445) Min Capacity: 42M(1%)
[244.313s][info][gc,heap     ] GC(445) Max Capacity: 4060M(100%)
[244.313s][info][gc,heap     ] GC(445) Soft Max Capacity: 4060M(100%)
[244.313s][info][gc,heap     ] GC(445)                Mark Start          Mark End        Relocate Start      Relocate End           High               Low         
[244.313s][info][gc,heap     ] GC(445)  Capacity:     3246M (80%)        3246M (80%)        3246M (80%)        3246M (80%)        3246M (80%)        3246M (80%)    
[244.313s][info][gc,heap     ] GC(445)   Reserve:       42M (1%)           42M (1%)           42M (1%)           42M (1%)           42M (1%)           42M (1%)     
[244.313s][info][gc,heap     ] GC(445)      Free:     1236M (30%)        1060M (26%)        3638M (90%)        3592M (88%)        3650M (90%)        1046M (26%)    
[244.313s][info][gc,heap     ] GC(445)      Used:     2782M (69%)        2958M (73%)         380M (9%)          426M (10%)        2972M (73%)         368M (9%)     
[244.313s][info][gc,heap     ] GC(445)      Live:         -                57M (1%)           57M (1%)           57M (1%)             -                  -          
[244.313s][info][gc,heap     ] GC(445) Allocated:         -               176M (4%)          202M (5%)          380M (9%)             -                  -          
[244.313s][info][gc,heap     ] GC(445)   Garbage:         -              2724M (67%)         120M (3%)           40M (1%)             -                  -          
[244.313s][info][gc,heap     ] GC(445) Reclaimed:         -                  -              2604M (64%)        2684M (66%)            -                  -          
[244.313s][info][gc          ] GC(445) Garbage Collection (Allocation Rate) 2782M(69%)->426M(10%)
[244.838s][info][gc,start    ] GC(446) Garbage Collection (Allocation Rate)
[244.838s][info][gc,phases   ] GC(446) Pause Mark Start 0.058ms
[244.883s][info][gc,phases   ] GC(446) Concurrent Mark 44.449ms
[244.883s][info][gc,phases   ] GC(446) Pause Mark End 0.053ms
[244.886s][info][gc,phases   ] GC(446) Concurrent Process Non-Strong References 3.128ms
[244.886s][info][gc,phases   ] GC(446) Concurrent Reset Relocation Set 0.191ms
[244.888s][info][gc,phases   ] GC(446) Concurrent Select Relocation Set 2.034ms
[244.888s][info][gc,phases   ] GC(446) Pause Relocate Start 0.087ms
[244.916s][info][gc,phases   ] GC(446) Concurrent Relocate 27.784ms
[244.916s][info][gc,load     ] GC(446) Load: 0.00/0.00/0.00
[244.916s][info][gc,mmu      ] GC(446) MMU: 2ms/48.2%, 5ms/79.3%, 10ms/89.6%, 20ms/94.4%, 50ms/97.8%, 100ms/98.4%
[244.916s][info][gc,marking  ] GC(446) Mark: 1 stripe(s), 2 proactive flush(es), 1 terminate flush(es), 1 completion(s), 0 continuation(s) 
[244.916s][info][gc,nmethod  ] GC(446) NMethods: 2743 registered, 0 unregistered
[244.916s][info][gc,metaspace] GC(446) Metaspace: 9M used, 9M capacity, 9M committed, 1034M reserved
[244.916s][info][gc,ref      ] GC(446) Soft: 789 encountered, 0 discovered, 0 enqueued
[244.916s][info][gc,ref      ] GC(446) Weak: 1201 encountered, 760 discovered, 0 enqueued
[244.916s][info][gc,ref      ] GC(446) Final: 1 encountered, 1 discovered, 0 enqueued
[244.916s][info][gc,ref      ] GC(446) Phantom: 49 encountered, 40 discovered, 0 enqueued
[244.916s][info][gc,reloc    ] GC(446) Small Pages: 1368 / 2736M(99%), Empty: 2588M(93%), Compacting: 138M(5%)->40M(1%)
[244.916s][info][gc,reloc    ] GC(446) Medium Pages: 1 / 32M(1%), Empty: 0M(0%), Compacting: 0M(0%)->0M(0%)
[244.916s][info][gc,reloc    ] GC(446) Large Pages: 1 / 8M(0%), Empty: 0M(0%), Compacting: 0M(0%)->0M(0%)
[244.916s][info][gc,reloc    ] GC(446) Relocation: Successful
[244.916s][info][gc,heap     ] GC(446) Min Capacity: 42M(1%)
[244.916s][info][gc,heap     ] GC(446) Max Capacity: 4060M(100%)
[244.916s][info][gc,heap     ] GC(446) Soft Max Capacity: 4060M(100%)
[244.916s][info][gc,heap     ] GC(446)                Mark Start          Mark End        Relocate Start      Relocate End           High               Low         
[244.916s][info][gc,heap     ] GC(446)  Capacity:     3246M (80%)        3246M (80%)        3246M (80%)        3246M (80%)        3246M (80%)        3246M (80%)    
[244.916s][info][gc,heap     ] GC(446)   Reserve:       42M (1%)           42M (1%)           42M (1%)           42M (1%)           42M (1%)           42M (1%)     
[244.916s][info][gc,heap     ] GC(446)      Free:     1242M (31%)        1052M (26%)        3616M (89%)        3600M (89%)        3636M (90%)        1036M (26%)    
[244.916s][info][gc,heap     ] GC(446)      Used:     2776M (68%)        2966M (73%)         402M (10%)         418M (10%)        2982M (73%)         382M (9%)     
[244.916s][info][gc,heap     ] GC(446)      Live:         -                50M (1%)           50M (1%)           50M (1%)             -                  -          
[244.916s][info][gc,heap     ] GC(446) Allocated:         -               190M (5%)          214M (5%)          368M (9%)             -                  -          
[244.916s][info][gc,heap     ] GC(446)   Garbage:         -              2725M (67%)         137M (3%)           43M (1%)             -                  -          
[244.916s][info][gc,heap     ] GC(446) Reclaimed:         -                  -              2588M (64%)        2682M (66%)            -                  -          
[244.916s][info][gc          ] GC(446) Garbage Collection (Allocation Rate) 2776M(68%)->418M(10%)
[245.438s][info][gc,start    ] GC(447) Garbage Collection (Allocation Rate)
[245.438s][info][gc,phases   ] GC(447) Pause Mark Start 0.081ms
[245.481s][info][gc,phases   ] GC(447) Concurrent Mark 42.510ms
[245.481s][info][gc,phases   ] GC(447) Pause Mark End 0.117ms
[245.484s][info][gc,phases   ] GC(447) Concurrent Process Non-Strong References 2.933ms
[245.484s][info][gc,phases   ] GC(447) Concurrent Reset Relocation Set 0.066ms
[245.486s][info][gc,phases   ] GC(447) Concurrent Select Relocation Set 1.744ms
[245.486s][info][gc,phases   ] GC(447) Pause Relocate Start 0.086ms
[245.493s][info][gc,phases   ] GC(447) Concurrent Relocate 6.939ms
[245.493s][info][gc,load     ] GC(447) Load: 0.00/0.00/0.00
[245.493s][info][gc,mmu      ] GC(447) MMU: 2ms/48.2%, 5ms/79.3%, 10ms/89.6%, 20ms/94.4%, 50ms/97.8%, 100ms/98.4%
[245.493s][info][gc,marking  ] GC(447) Mark: 1 stripe(s), 2 proactive flush(es), 1 terminate flush(es), 1 completion(s), 0 continuation(s) 
[245.493s][info][gc,nmethod  ] GC(447) NMethods: 2743 registered, 0 unregistered
[245.493s][info][gc,metaspace] GC(447) Metaspace: 9M used, 9M capacity, 9M committed, 1034M reserved
[245.493s][info][gc,ref      ] GC(447) Soft: 793 encountered, 0 discovered, 0 enqueued
[245.493s][info][gc,ref      ] GC(447) Weak: 1205 encountered, 764 discovered, 0 enqueued
[245.493s][info][gc,ref      ] GC(447) Final: 1 encountered, 1 discovered, 0 enqueued
[245.493s][info][gc,ref      ] GC(447) Phantom: 49 encountered, 40 discovered, 0 enqueued
[245.493s][info][gc,reloc    ] GC(447) Small Pages: 1351 / 2702M(99%), Empty: 2600M(95%), Compacting: 44M(2%)->12M(0%)
[245.493s][info][gc,reloc    ] GC(447) Medium Pages: 1 / 32M(1%), Empty: 0M(0%), Compacting: 0M(0%)->0M(0%)
[245.493s][info][gc,reloc    ] GC(447) Large Pages: 1 / 8M(0%), Empty: 0M(0%), Compacting: 0M(0%)->0M(0%)
[245.493s][info][gc,reloc    ] GC(447) Relocation: Successful
[245.493s][info][gc,heap     ] GC(447) Min Capacity: 42M(1%)
[245.493s][info][gc,heap     ] GC(447) Max Capacity: 4060M(100%)
[245.493s][info][gc,heap     ] GC(447) Soft Max Capacity: 4060M(100%)
[245.493s][info][gc,heap     ] GC(447)                Mark Start          Mark End        Relocate Start      Relocate End           High               Low         
[245.493s][info][gc,heap     ] GC(447)  Capacity:     3246M (80%)        3246M (80%)        3246M (80%)        3246M (80%)        3246M (80%)        3246M (80%)    
[245.493s][info][gc,heap     ] GC(447)   Reserve:       42M (1%)           42M (1%)           42M (1%)           42M (1%)           42M (1%)           42M (1%)     
[245.493s][info][gc,heap     ] GC(447)      Free:     1276M (31%)        1084M (27%)        3664M (90%)        3658M (90%)        3670M (90%)        1072M (26%)    
[245.493s][info][gc,heap     ] GC(447)      Used:     2742M (68%)        2934M (72%)         354M (9%)          360M (9%)         2946M (73%)         348M (9%)     
[245.493s][info][gc,heap     ] GC(447)      Live:         -                67M (2%)           67M (2%)           67M (2%)             -                  -          
[245.493s][info][gc,heap     ] GC(447) Allocated:         -               192M (5%)          212M (5%)          262M (6%)             -                  -          
[245.493s][info][gc,heap     ] GC(447)   Garbage:         -              2674M (66%)          74M (2%)           50M (1%)             -                  -          
[245.494s][info][gc,heap     ] GC(447) Reclaimed:         -                  -              2600M (64%)        2624M (65%)            -                  -          
[245.494s][info][gc          ] GC(447) Garbage Collection (Allocation Rate) 2742M(68%)->360M(9%)
[246.038s][info][gc,start    ] GC(448) Garbage Collection (Allocation Rate)
[246.039s][info][gc,phases   ] GC(448) Pause Mark Start 0.063ms
[246.082s][info][gc,phases   ] GC(448) Concurrent Mark 42.981ms
[246.082s][info][gc,phases   ] GC(448) Pause Mark End 0.132ms
[246.085s][info][gc,phases   ] GC(448) Concurrent Process Non-Strong References 2.928ms
[246.085s][info][gc,phases   ] GC(448) Concurrent Reset Relocation Set 0.031ms
[246.087s][info][gc,phases   ] GC(448) Concurrent Select Relocation Set 1.699ms
[246.087s][info][gc,phases   ] GC(448) Pause Relocate Start 0.075ms
[246.089s][info][gc,phases   ] GC(448) Concurrent Relocate 2.042ms
[246.089s][info][gc,load     ] GC(448) Load: 0.00/0.00/0.00
[246.089s][info][gc,mmu      ] GC(448) MMU: 2ms/48.2%, 5ms/79.3%, 10ms/89.6%, 20ms/94.4%, 50ms/97.8%, 100ms/98.4%
[246.089s][info][gc,marking  ] GC(448) Mark: 1 stripe(s), 2 proactive flush(es), 1 terminate flush(es), 1 completion(s), 0 continuation(s) 
[246.089s][info][gc,nmethod  ] GC(448) NMethods: 2743 registered, 0 unregistered
[246.089s][info][gc,metaspace] GC(448) Metaspace: 9M used, 9M capacity, 9M committed, 1034M reserved
[246.089s][info][gc,ref      ] GC(448) Soft: 793 encountered, 0 discovered, 0 enqueued
[246.089s][info][gc,ref      ] GC(448) Weak: 1205 encountered, 764 discovered, 0 enqueued
[246.089s][info][gc,ref      ] GC(448) Final: 1 encountered, 1 discovered, 0 enqueued
[246.089s][info][gc,ref      ] GC(448) Phantom: 49 encountered, 40 discovered, 0 enqueued
[246.089s][info][gc,reloc    ] GC(448) Small Pages: 1382 / 2764M(99%), Empty: 2672M(95%), Compacting: 24M(1%)->4M(0%)
[246.089s][info][gc,reloc    ] GC(448) Medium Pages: 1 / 32M(1%), Empty: 0M(0%), Compacting: 0M(0%)->0M(0%)
[246.089s][info][gc,reloc    ] GC(448) Large Pages: 1 / 8M(0%), Empty: 0M(0%), Compacting: 0M(0%)->0M(0%)
[246.089s][info][gc,reloc    ] GC(448) Relocation: Successful
[246.089s][info][gc,heap     ] GC(448) Min Capacity: 42M(1%)
[246.089s][info][gc,heap     ] GC(448) Max Capacity: 4060M(100%)
[246.089s][info][gc,heap     ] GC(448) Soft Max Capacity: 4060M(100%)
[246.089s][info][gc,heap     ] GC(448)                Mark Start          Mark End        Relocate Start      Relocate End           High               Low         
[246.089s][info][gc,heap     ] GC(448)  Capacity:     3246M (80%)        3246M (80%)        3246M (80%)        3246M (80%)        3246M (80%)        3246M (80%)    
[246.089s][info][gc,heap     ] GC(448)   Reserve:       42M (1%)           42M (1%)           42M (1%)           42M (1%)           42M (1%)           42M (1%)     
[246.089s][info][gc,heap     ] GC(448)      Free:     1214M (30%)        1020M (25%)        3672M (90%)        3674M (90%)        3680M (91%)        1008M (25%)    
[246.089s][info][gc,heap     ] GC(448)      Used:     2804M (69%)        2998M (74%)         346M (9%)          344M (8%)         3010M (74%)         338M (8%)     
[246.089s][info][gc,heap     ] GC(448)      Live:         -                69M (2%)           69M (2%)           69M (2%)             -                  -          
[246.089s][info][gc,heap     ] GC(448) Allocated:         -               194M (5%)          214M (5%)          236M (6%)             -                  -          
[246.089s][info][gc,heap     ] GC(448)   Garbage:         -              2734M (67%)          62M (2%)           52M (1%)             -                  -          
[246.089s][info][gc,heap     ] GC(448) Reclaimed:         -                  -              2672M (66%)        2682M (66%)            -                  -          
[246.089s][info][gc          ] GC(448) Garbage Collection (Allocation Rate) 2804M(69%)->344M(8%)
[246.638s][info][gc,start    ] GC(449) Garbage Collection (Allocation Rate)
[246.638s][info][gc,phases   ] GC(449) Pause Mark Start 0.080ms
[246.675s][info][gc,phases   ] GC(449) Concurrent Mark 37.083ms
[246.675s][info][gc,phases   ] GC(449) Pause Mark End 0.208ms
[246.679s][info][gc,phases   ] GC(449) Concurrent Process Non-Strong References 3.081ms
[246.679s][info][gc,phases   ] GC(449) Concurrent Reset Relocation Set 0.028ms
[246.681s][info][gc,phases   ] GC(449) Concurrent Select Relocation Set 2.354ms
[246.681s][info][gc,phases   ] GC(449) Pause Relocate Start 0.081ms
[246.683s][info][gc,phases   ] GC(449) Concurrent Relocate 0.974ms
[246.683s][info][gc,load     ] GC(449) Load: 0.00/0.00/0.00
[246.683s][info][gc,mmu      ] GC(449) MMU: 2ms/48.2%, 5ms/79.3%, 10ms/89.6%, 20ms/94.4%, 50ms/97.8%, 100ms/98.4%
[246.683s][info][gc,marking  ] GC(449) Mark: 1 stripe(s), 2 proactive flush(es), 1 terminate flush(es), 1 completion(s), 0 continuation(s) 
[246.683s][info][gc,nmethod  ] GC(449) NMethods: 2743 registered, 0 unregistered
[246.683s][info][gc,metaspace] GC(449) Metaspace: 9M used, 9M capacity, 9M committed, 1034M reserved
[246.683s][info][gc,ref      ] GC(449) Soft: 793 encountered, 0 discovered, 0 enqueued
[246.683s][info][gc,ref      ] GC(449) Weak: 1205 encountered, 764 discovered, 0 enqueued
[246.683s][info][gc,ref      ] GC(449) Final: 1 encountered, 1 discovered, 0 enqueued
[246.683s][info][gc,ref      ] GC(449) Phantom: 49 encountered, 40 discovered, 0 enqueued
[246.683s][info][gc,reloc    ] GC(449) Small Pages: 1378 / 2756M(99%), Empty: 2686M(96%), Compacting: 16M(1%)->2M(0%)
[246.683s][info][gc,reloc    ] GC(449) Medium Pages: 1 / 32M(1%), Empty: 0M(0%), Compacting: 0M(0%)->0M(0%)
[246.683s][info][gc,reloc    ] GC(449) Large Pages: 1 / 8M(0%), Empty: 0M(0%), Compacting: 0M(0%)->0M(0%)
[246.683s][info][gc,reloc    ] GC(449) Relocation: Successful
[246.683s][info][gc,heap     ] GC(449) Min Capacity: 42M(1%)
[246.683s][info][gc,heap     ] GC(449) Max Capacity: 4060M(100%)
[246.683s][info][gc,heap     ] GC(449) Soft Max Capacity: 4060M(100%)
[246.683s][info][gc,heap     ] GC(449)                Mark Start          Mark End        Relocate Start      Relocate End           High               Low         
[246.683s][info][gc,heap     ] GC(449)  Capacity:     3246M (80%)        3246M (80%)        3246M (80%)        3246M (80%)        3246M (80%)        3246M (80%)    
[246.683s][info][gc,heap     ] GC(449)   Reserve:       42M (1%)           42M (1%)           42M (1%)           42M (1%)           42M (1%)           42M (1%)     
[246.683s][info][gc,heap     ] GC(449)      Free:     1222M (30%)        1054M (26%)        3720M (92%)        3722M (92%)        3726M (92%)        1040M (26%)    
[246.683s][info][gc,heap     ] GC(449)      Used:     2796M (69%)        2964M (73%)         298M (7%)          296M (7%)         2978M (73%)         292M (7%)     
[246.683s][info][gc,heap     ] GC(449)      Live:         -                56M (1%)           56M (1%)           56M (1%)             -                  -          
[246.683s][info][gc,heap     ] GC(449) Allocated:         -               168M (4%)          188M (5%)          202M (5%)             -                  -          
[246.683s][info][gc,heap     ] GC(449)   Garbage:         -              2739M (67%)          53M (1%)           47M (1%)             -                  -          
[246.683s][info][gc,heap     ] GC(449) Reclaimed:         -                  -              2686M (66%)        2692M (66%)            -                  -          
[246.683s][info][gc          ] GC(449) Garbage Collection (Allocation Rate) 2796M(69%)->296M(7%)
[247.239s][info][gc,start    ] GC(450) Garbage Collection (Allocation Rate)
[247.239s][info][gc,phases   ] GC(450) Pause Mark Start 0.066ms
[247.274s][info][gc,phases   ] GC(450) Concurrent Mark 34.638ms
[247.274s][info][gc,phases   ] GC(450) Pause Mark End 0.127ms
[247.277s][info][gc,phases   ] GC(450) Concurrent Process Non-Strong References 2.917ms
[247.277s][info][gc,phases   ] GC(450) Concurrent Reset Relocation Set 0.022ms
[247.278s][info][gc,phases   ] GC(450) Concurrent Select Relocation Set 1.550ms
[247.279s][info][gc,phases   ] GC(450) Pause Relocate Start 0.062ms
[247.280s][info][gc,phases   ] GC(450) Concurrent Relocate 1.278ms
[247.280s][info][gc,load     ] GC(450) Load: 0.00/0.00/0.00
[247.280s][info][gc,mmu      ] GC(450) MMU: 2ms/48.2%, 5ms/79.3%, 10ms/89.6%, 20ms/94.4%, 50ms/97.8%, 100ms/98.4%
[247.280s][info][gc,marking  ] GC(450) Mark: 1 stripe(s), 2 proactive flush(es), 1 terminate flush(es), 1 completion(s), 0 continuation(s) 
[247.280s][info][gc,nmethod  ] GC(450) NMethods: 2743 registered, 0 unregistered
[247.280s][info][gc,metaspace] GC(450) Metaspace: 9M used, 9M capacity, 9M committed, 1034M reserved
[247.280s][info][gc,ref      ] GC(450) Soft: 793 encountered, 0 discovered, 0 enqueued
[247.280s][info][gc,ref      ] GC(450) Weak: 1205 encountered, 764 discovered, 0 enqueued
[247.280s][info][gc,ref      ] GC(450) Final: 1 encountered, 1 discovered, 0 enqueued
[247.280s][info][gc,ref      ] GC(450) Phantom: 49 encountered, 40 discovered, 0 enqueued
[247.280s][info][gc,reloc    ] GC(450) Small Pages: 1378 / 2756M(99%), Empty: 2692M(96%), Compacting: 16M(1%)->2M(0%)
[247.280s][info][gc,reloc    ] GC(450) Medium Pages: 1 / 32M(1%), Empty: 0M(0%), Compacting: 0M(0%)->0M(0%)
[247.280s][info][gc,reloc    ] GC(450) Large Pages: 1 / 8M(0%), Empty: 0M(0%), Compacting: 0M(0%)->0M(0%)
[247.280s][info][gc,reloc    ] GC(450) Relocation: Successful
[247.280s][info][gc,heap     ] GC(450) Min Capacity: 42M(1%)
[247.280s][info][gc,heap     ] GC(450) Max Capacity: 4060M(100%)
[247.280s][info][gc,heap     ] GC(450) Soft Max Capacity: 4060M(100%)
[247.280s][info][gc,heap     ] GC(450)                Mark Start          Mark End        Relocate Start      Relocate End           High               Low         
[247.280s][info][gc,heap     ] GC(450)  Capacity:     3246M (80%)        3246M (80%)        3246M (80%)        3246M (80%)        3246M (80%)        3246M (80%)    
[247.280s][info][gc,heap     ] GC(450)   Reserve:       42M (1%)           42M (1%)           42M (1%)           42M (1%)           42M (1%)           42M (1%)     
[247.280s][info][gc,heap     ] GC(450)      Free:     1222M (30%)        1066M (26%)        3738M (92%)        3742M (92%)        3744M (92%)        1052M (26%)    
[247.280s][info][gc,heap     ] GC(450)      Used:     2796M (69%)        2952M (73%)         280M (7%)          276M (7%)         2966M (73%)         274M (7%)     
[247.280s][info][gc,heap     ] GC(450)      Live:         -                51M (1%)           51M (1%)           51M (1%)             -                  -          
[247.280s][info][gc,heap     ] GC(450) Allocated:         -               156M (4%)          176M (4%)          188M (5%)             -                  -          
[247.280s][info][gc,heap     ] GC(450)   Garbage:         -              2744M (68%)          52M (1%)           42M (1%)             -                  -          
[247.280s][info][gc,heap     ] GC(450) Reclaimed:         -                  -              2692M (66%)        2702M (67%)            -                  -          
[247.280s][info][gc          ] GC(450) Garbage Collection (Allocation Rate) 2796M(69%)->276M(7%)
[247.838s][info][gc,start    ] GC(451) Garbage Collection (Allocation Rate)
[247.838s][info][gc,phases   ] GC(451) Pause Mark Start 0.056ms
[247.872s][info][gc,phases   ] GC(451) Concurrent Mark 34.033ms
[247.873s][info][gc,phases   ] GC(451) Pause Mark End 0.116ms
[247.876s][info][gc,phases   ] GC(451) Concurrent Process Non-Strong References 3.074ms
[247.876s][info][gc,phases   ] GC(451) Concurrent Reset Relocation Set 0.023ms
[247.877s][info][gc,phases   ] GC(451) Concurrent Select Relocation Set 1.464ms
[247.878s][info][gc,phases   ] GC(451) Pause Relocate Start 0.077ms
[247.884s][info][gc,phases   ] GC(451) Concurrent Relocate 6.561ms
[247.884s][info][gc,load     ] GC(451) Load: 0.00/0.00/0.00
[247.884s][info][gc,mmu      ] GC(451) MMU: 2ms/48.2%, 5ms/79.3%, 10ms/89.6%, 20ms/94.4%, 50ms/97.8%, 100ms/98.4%
[247.884s][info][gc,marking  ] GC(451) Mark: 1 stripe(s), 2 proactive flush(es), 1 terminate flush(es), 1 completion(s), 0 continuation(s) 
[247.884s][info][gc,nmethod  ] GC(451) NMethods: 2745 registered, 0 unregistered
[247.884s][info][gc,metaspace] GC(451) Metaspace: 9M used, 9M capacity, 9M committed, 1034M reserved
[247.884s][info][gc,ref      ] GC(451) Soft: 793 encountered, 0 discovered, 0 enqueued
[247.884s][info][gc,ref      ] GC(451) Weak: 1205 encountered, 764 discovered, 0 enqueued
[247.884s][info][gc,ref      ] GC(451) Final: 1 encountered, 1 discovered, 0 enqueued
[247.884s][info][gc,ref      ] GC(451) Phantom: 49 encountered, 40 discovered, 0 enqueued
[247.884s][info][gc,reloc    ] GC(451) Small Pages: 1364 / 2728M(99%), Empty: 2664M(96%), Compacting: 38M(1%)->12M(0%)
[247.884s][info][gc,reloc    ] GC(451) Medium Pages: 1 / 32M(1%), Empty: 0M(0%), Compacting: 0M(0%)->0M(0%)
[247.884s][info][gc,reloc    ] GC(451) Large Pages: 1 / 8M(0%), Empty: 0M(0%), Compacting: 0M(0%)->0M(0%)
[247.884s][info][gc,reloc    ] GC(451) Relocation: Successful
[247.884s][info][gc,heap     ] GC(451) Min Capacity: 42M(1%)
[247.884s][info][gc,heap     ] GC(451) Max Capacity: 4060M(100%)
[247.884s][info][gc,heap     ] GC(451) Soft Max Capacity: 4060M(100%)
[247.884s][info][gc,heap     ] GC(451)                Mark Start          Mark End        Relocate Start      Relocate End           High               Low         
[247.884s][info][gc,heap     ] GC(451)  Capacity:     3246M (80%)        3246M (80%)        3246M (80%)        3246M (80%)        3246M (80%)        3246M (80%)    
[247.884s][info][gc,heap     ] GC(451)   Reserve:       42M (1%)           42M (1%)           42M (1%)           42M (1%)           42M (1%)           42M (1%)     
[247.884s][info][gc,heap     ] GC(451)      Free:     1250M (31%)        1098M (27%)        3742M (92%)        3736M (92%)        3746M (92%)        1084M (27%)    
[247.884s][info][gc,heap     ] GC(451)      Used:     2768M (68%)        2920M (72%)         276M (7%)          282M (7%)         2934M (72%)         272M (7%)     
[247.884s][info][gc,heap     ] GC(451)      Live:         -                40M (1%)           40M (1%)           40M (1%)             -                  -          
[247.884s][info][gc,heap     ] GC(451) Allocated:         -               152M (4%)          172M (4%)          216M (5%)             -                  -          
[247.884s][info][gc,heap     ] GC(451)   Garbage:         -              2727M (67%)          63M (2%)           41M (1%)             -                  -          
[247.884s][info][gc,heap     ] GC(451) Reclaimed:         -                  -              2664M (66%)        2686M (66%)            -                  -          
[247.884s][info][gc          ] GC(451) Garbage Collection (Allocation Rate) 2768M(68%)->282M(7%)
[248.438s][info][gc,start    ] GC(452) Garbage Collection (Allocation Rate)
[248.439s][info][gc,phases   ] GC(452) Pause Mark Start 0.080ms
[248.481s][info][gc,phases   ] GC(452) Concurrent Mark 41.899ms
[248.481s][info][gc,phases   ] GC(452) Pause Mark End 0.207ms
[248.484s][info][gc,phases   ] GC(452) Concurrent Process Non-Strong References 3.017ms
[248.484s][info][gc,phases   ] GC(452) Concurrent Reset Relocation Set 0.029ms
[248.486s][info][gc,phases   ] GC(452) Concurrent Select Relocation Set 1.785ms
[248.486s][info][gc,phases   ] GC(452) Pause Relocate Start 0.116ms
[248.506s][info][gc,phases   ] GC(452) Concurrent Relocate 19.314ms
[248.506s][info][gc,load     ] GC(452) Load: 0.00/0.00/0.00
[248.506s][info][gc,mmu      ] GC(452) MMU: 2ms/48.2%, 5ms/79.3%, 10ms/89.6%, 20ms/94.4%, 50ms/97.8%, 100ms/98.4%
[248.506s][info][gc,marking  ] GC(452) Mark: 1 stripe(s), 2 proactive flush(es), 1 terminate flush(es), 1 completion(s), 0 continuation(s) 
[248.506s][info][gc,nmethod  ] GC(452) NMethods: 2745 registered, 0 unregistered
[248.506s][info][gc,metaspace] GC(452) Metaspace: 9M used, 9M capacity, 9M committed, 1034M reserved
[248.506s][info][gc,ref      ] GC(452) Soft: 793 encountered, 0 discovered, 0 enqueued
[248.506s][info][gc,ref      ] GC(452) Weak: 1205 encountered, 764 discovered, 0 enqueued
[248.506s][info][gc,ref      ] GC(452) Final: 1 encountered, 1 discovered, 0 enqueued
[248.506s][info][gc,ref      ] GC(452) Phantom: 49 encountered, 40 discovered, 0 enqueued
[248.506s][info][gc,reloc    ] GC(452) Small Pages: 1326 / 2652M(99%), Empty: 2532M(94%), Compacting: 86M(3%)->32M(1%)
[248.506s][info][gc,reloc    ] GC(452) Medium Pages: 1 / 32M(1%), Empty: 0M(0%), Compacting: 0M(0%)->0M(0%)
[248.506s][info][gc,reloc    ] GC(452) Large Pages: 1 / 8M(0%), Empty: 0M(0%), Compacting: 0M(0%)->0M(0%)
[248.506s][info][gc,reloc    ] GC(452) Relocation: Successful
[248.506s][info][gc,heap     ] GC(452) Min Capacity: 42M(1%)
[248.506s][info][gc,heap     ] GC(452) Max Capacity: 4060M(100%)
[248.506s][info][gc,heap     ] GC(452) Soft Max Capacity: 4060M(100%)
[248.506s][info][gc,heap     ] GC(452)                Mark Start          Mark End        Relocate Start      Relocate End           High               Low         
[248.506s][info][gc,heap     ] GC(452)  Capacity:     3246M (80%)        3246M (80%)        3246M (80%)        3246M (80%)        3246M (80%)        3246M (80%)    
[248.506s][info][gc,heap     ] GC(452)   Reserve:       42M (1%)           42M (1%)           42M (1%)           42M (1%)           42M (1%)           42M (1%)     
[248.506s][info][gc,heap     ] GC(452)      Free:     1326M (33%)        1140M (28%)        3650M (90%)        3614M (89%)        3658M (90%)        1126M (28%)    
[248.506s][info][gc,heap     ] GC(452)      Used:     2692M (66%)        2878M (71%)         368M (9%)          404M (10%)        2892M (71%)         360M (9%)     
[248.506s][info][gc,heap     ] GC(452)      Live:         -                65M (2%)           65M (2%)           65M (2%)             -                  -          
[248.506s][info][gc,heap     ] GC(452) Allocated:         -               186M (5%)          208M (5%)          330M (8%)             -                  -          
[248.506s][info][gc,heap     ] GC(452)   Garbage:         -              2626M (65%)          94M (2%)           46M (1%)             -                  -          
[248.506s][info][gc,heap     ] GC(452) Reclaimed:         -                  -              2532M (62%)        2580M (64%)            -                  -          
[248.506s][info][gc          ] GC(452) Garbage Collection (Allocation Rate) 2692M(66%)->404M(10%)
[249.038s][info][gc,start    ] GC(453) Garbage Collection (Allocation Rate)
[249.038s][info][gc,phases   ] GC(453) Pause Mark Start 0.085ms
[249.086s][info][gc,phases   ] GC(453) Concurrent Mark 47.182ms
[249.086s][info][gc,phases   ] GC(453) Pause Mark End 0.142ms
[249.089s][info][gc,phases   ] GC(453) Concurrent Process Non-Strong References 3.398ms
[249.089s][info][gc,phases   ] GC(453) Concurrent Reset Relocation Set 0.057ms
[249.092s][info][gc,phases   ] GC(453) Concurrent Select Relocation Set 2.341ms
[249.092s][info][gc,phases   ] GC(453) Pause Relocate Start 0.081ms
[249.119s][info][gc,phases   ] GC(453) Concurrent Relocate 26.956ms
[249.119s][info][gc,load     ] GC(453) Load: 0.00/0.00/0.00
[249.119s][info][gc,mmu      ] GC(453) MMU: 2ms/48.2%, 5ms/79.3%, 10ms/89.6%, 20ms/94.4%, 50ms/97.8%, 100ms/98.4%
[249.119s][info][gc,marking  ] GC(453) Mark: 1 stripe(s), 2 proactive flush(es), 1 terminate flush(es), 1 completion(s), 0 continuation(s) 
[249.119s][info][gc,nmethod  ] GC(453) NMethods: 2756 registered, 0 unregistered
[249.119s][info][gc,metaspace] GC(453) Metaspace: 9M used, 9M capacity, 9M committed, 1034M reserved
[249.119s][info][gc,ref      ] GC(453) Soft: 800 encountered, 0 discovered, 0 enqueued
[249.119s][info][gc,ref      ] GC(453) Weak: 1212 encountered, 771 discovered, 0 enqueued
[249.119s][info][gc,ref      ] GC(453) Final: 1 encountered, 1 discovered, 0 enqueued
[249.119s][info][gc,ref      ] GC(453) Phantom: 49 encountered, 40 discovered, 0 enqueued
[249.119s][info][gc,reloc    ] GC(453) Small Pages: 1237 / 2474M(98%), Empty: 2344M(93%), Compacting: 120M(5%)->40M(2%)
[249.119s][info][gc,reloc    ] GC(453) Medium Pages: 1 / 32M(1%), Empty: 0M(0%), Compacting: 0M(0%)->0M(0%)
[249.119s][info][gc,reloc    ] GC(453) Large Pages: 1 / 8M(0%), Empty: 0M(0%), Compacting: 0M(0%)->0M(0%)
[249.119s][info][gc,reloc    ] GC(453) Relocation: Successful
[249.119s][info][gc,heap     ] GC(453) Min Capacity: 42M(1%)
[249.119s][info][gc,heap     ] GC(453) Max Capacity: 4060M(100%)
[249.119s][info][gc,heap     ] GC(453) Soft Max Capacity: 4060M(100%)
[249.119s][info][gc,heap     ] GC(453)                Mark Start          Mark End        Relocate Start      Relocate End           High               Low         
[249.119s][info][gc,heap     ] GC(453)  Capacity:     3246M (80%)        3246M (80%)        3246M (80%)        3246M (80%)        3246M (80%)        3246M (80%)    
[249.119s][info][gc,heap     ] GC(453)   Reserve:       42M (1%)           42M (1%)           42M (1%)           42M (1%)           42M (1%)           42M (1%)     
[249.119s][info][gc,heap     ] GC(453)      Free:     1504M (37%)        1326M (33%)        3646M (90%)        3616M (89%)        3656M (90%)        1312M (32%)    
[249.119s][info][gc,heap     ] GC(453)      Used:     2514M (62%)        2692M (66%)         372M (9%)          402M (10%)        2706M (67%)         362M (9%)     
[249.119s][info][gc,heap     ] GC(453)      Live:         -                51M (1%)           51M (1%)           51M (1%)             -                  -          
[249.119s][info][gc,heap     ] GC(453) Allocated:         -               178M (4%)          202M (5%)          352M (9%)             -                  -          
[249.119s][info][gc,heap     ] GC(453)   Garbage:         -              2462M (61%)         118M (3%)           42M (1%)             -                  -          
[249.119s][info][gc,heap     ] GC(453) Reclaimed:         -                  -              2344M (58%)        2420M (60%)            -                  -          
[249.119s][info][gc          ] GC(453) Garbage Collection (Allocation Rate) 2514M(62%)->402M(10%)
[249.638s][info][gc,start    ] GC(454) Garbage Collection (Allocation Rate)
[249.638s][info][gc,phases   ] GC(454) Pause Mark Start 0.084ms
[249.675s][info][gc,phases   ] GC(454) Concurrent Mark 36.390ms
[249.675s][info][gc,phases   ] GC(454) Pause Mark End 0.260ms
[249.678s][info][gc,phases   ] GC(454) Concurrent Process Non-Strong References 3.079ms
[249.680s][info][gc,phases   ] GC(454) Concurrent Reset Relocation Set 1.528ms
[249.682s][info][gc,phases   ] GC(454) Concurrent Select Relocation Set 1.869ms
[249.682s][info][gc,phases   ] GC(454) Pause Relocate Start 0.076ms
[249.684s][info][gc,phases   ] GC(454) Concurrent Relocate 2.088ms
[249.684s][info][gc,load     ] GC(454) Load: 0.00/0.00/0.00
[249.684s][info][gc,mmu      ] GC(454) MMU: 2ms/48.2%, 5ms/79.3%, 10ms/89.6%, 20ms/94.4%, 50ms/97.8%, 100ms/98.4%
[249.684s][info][gc,marking  ] GC(454) Mark: 1 stripe(s), 2 proactive flush(es), 1 terminate flush(es), 1 completion(s), 0 continuation(s) 
[249.684s][info][gc,nmethod  ] GC(454) NMethods: 2758 registered, 0 unregistered
[249.684s][info][gc,metaspace] GC(454) Metaspace: 9M used, 9M capacity, 9M committed, 1034M reserved
[249.684s][info][gc,ref      ] GC(454) Soft: 800 encountered, 0 discovered, 0 enqueued
[249.684s][info][gc,ref      ] GC(454) Weak: 1212 encountered, 771 discovered, 0 enqueued
[249.684s][info][gc,ref      ] GC(454) Final: 1 encountered, 1 discovered, 0 enqueued
[249.684s][info][gc,ref      ] GC(454) Phantom: 49 encountered, 40 discovered, 0 enqueued
[249.684s][info][gc,reloc    ] GC(454) Small Pages: 1329 / 2658M(99%), Empty: 2586M(96%), Compacting: 20M(1%)->2M(0%)
[249.684s][info][gc,reloc    ] GC(454) Medium Pages: 1 / 32M(1%), Empty: 0M(0%), Compacting: 0M(0%)->0M(0%)
[249.684s][info][gc,reloc    ] GC(454) Large Pages: 1 / 8M(0%), Empty: 0M(0%), Compacting: 0M(0%)->0M(0%)
[249.684s][info][gc,reloc    ] GC(454) Relocation: Successful
[249.684s][info][gc,heap     ] GC(454) Min Capacity: 42M(1%)
[249.684s][info][gc,heap     ] GC(454) Max Capacity: 4060M(100%)
[249.684s][info][gc,heap     ] GC(454) Soft Max Capacity: 4060M(100%)
[249.684s][info][gc,heap     ] GC(454)                Mark Start          Mark End        Relocate Start      Relocate End           High               Low         
[249.684s][info][gc,heap     ] GC(454)  Capacity:     3246M (80%)        3246M (80%)        3246M (80%)        3246M (80%)        3246M (80%)        3246M (80%)    
[249.684s][info][gc,heap     ] GC(454)   Reserve:       42M (1%)           42M (1%)           42M (1%)           42M (1%)           42M (1%)           42M (1%)     
[249.684s][info][gc,heap     ] GC(454)      Free:     1320M (33%)        1158M (29%)        3714M (91%)        3720M (92%)        3724M (92%)        1138M (28%)    
[249.684s][info][gc,heap     ] GC(454)      Used:     2698M (66%)        2860M (70%)         304M (7%)          298M (7%)         2880M (71%)         294M (7%)     
[249.684s][info][gc,heap     ] GC(454)      Live:         -                55M (1%)           55M (1%)           55M (1%)             -                  -          
[249.684s][info][gc,heap     ] GC(454) Allocated:         -               162M (4%)          192M (5%)          206M (5%)             -                  -          
[249.684s][info][gc,heap     ] GC(454)   Garbage:         -              2642M (65%)          56M (1%)           46M (1%)             -                  -          
[249.684s][info][gc,heap     ] GC(454) Reclaimed:         -                  -              2586M (64%)        2596M (64%)            -                  -          
[249.684s][info][gc          ] GC(454) Garbage Collection (Allocation Rate) 2698M(66%)->298M(7%)
[250.037s][info][gc,stats    ] === Garbage Collection Statistics =======================================================================================================================
[250.037s][info][gc,stats    ]                                                              Last 10s              Last 10m              Last 10h                Total
[250.037s][info][gc,stats    ]                                                              Avg / Max             Avg / Max             Avg / Max             Avg / Max
[250.037s][info][gc,stats    ]   Collector: Garbage Collection Cycle                     57.621 / 81.148       61.058 / 153.808      61.058 / 153.808      61.058 / 153.808     ms
[250.037s][info][gc,stats    ]  Contention: Mark Segment Reset Contention                     0 / 0                 0 / 0                 0 / 0                 0 / 0           ops/s
[250.037s][info][gc,stats    ]  Contention: Mark SeqNum Reset Contention                      0 / 0                 0 / 0                 0 / 0                 0 / 0           ops/s
[250.037s][info][gc,stats    ]  Contention: Relocation Contention                             0 / 1                 0 / 2                 0 / 2                 0 / 2           ops/s
[250.037s][info][gc,stats    ]    Critical: Allocation Stall                              0.000 / 0.000         0.000 / 0.000         0.000 / 0.000         0.000 / 0.000       ms
[250.037s][info][gc,stats    ]    Critical: Allocation Stall                                  0 / 0                 0 / 0                 0 / 0                 0 / 0           ops/s
[250.037s][info][gc,stats    ]    Critical: GC Locker Stall                               0.000 / 0.000         0.000 / 0.000         0.000 / 0.000         0.000 / 0.000       ms
[250.037s][info][gc,stats    ]    Critical: GC Locker Stall                                   0 / 0                 0 / 0                 0 / 0                 0 / 0           ops/s
[250.037s][info][gc,stats    ]      Memory: Allocation Rate                                4418 / 4484           4584 / 4810           4584 / 4810           4584 / 4810        MB/s
[250.037s][info][gc,stats    ]      Memory: Heap Used After Mark                           2925 / 2998           2761 / 3200           2761 / 3200           2761 / 3200        MB
[250.037s][info][gc,stats    ]      Memory: Heap Used After Relocation                      348 / 426             338 / 476             338 / 476             338 / 476         MB
[250.037s][info][gc,stats    ]      Memory: Heap Used Before Mark                          2753 / 2804           2590 / 3026           2590 / 3026           2590 / 3026        MB
[250.037s][info][gc,stats    ]      Memory: Heap Used Before Relocation                     334 / 402             317 / 410             317 / 410             317 / 410         MB
[250.037s][info][gc,stats    ]      Memory: Out Of Memory                                     0 / 0                 0 / 0                 0 / 0                 0 / 0           ops/s
[250.037s][info][gc,stats    ]      Memory: Page Cache Flush                                  0 / 0                 0 / 0                 0 / 0                 0 / 0           MB/s
[250.037s][info][gc,stats    ]      Memory: Page Cache Hit L1                              2230 / 2274           2309 / 2439           2309 / 2439           2309 / 2439        ops/s
[250.037s][info][gc,stats    ]      Memory: Page Cache Hit L2                                 0 / 0                 0 / 0                 0 / 0                 0 / 0           ops/s
[250.037s][info][gc,stats    ]      Memory: Page Cache Hit L3                                 0 / 0                 0 / 103               0 / 103               0 / 103         ops/s
[250.037s][info][gc,stats    ]      Memory: Page Cache Miss                                   0 / 0                 0 / 0                 0 / 0                 0 / 0           ops/s
[250.037s][info][gc,stats    ]      Memory: Uncommit                                          0 / 0                 0 / 0                 0 / 0                 0 / 0           MB/s
[250.037s][info][gc,stats    ]      Memory: Undo Object Allocation Failed                     0 / 0                 0 / 0                 0 / 0                 0 / 0           ops/s
[250.037s][info][gc,stats    ]      Memory: Undo Object Allocation Succeeded                  0 / 1                 0 / 2                 0 / 2                 0 / 2           ops/s
[250.037s][info][gc,stats    ]      Memory: Undo Page Allocation                              0 / 0                 0 / 0                 0 / 0                 0 / 0           ops/s
[250.037s][info][gc,stats    ]       Phase: Concurrent Mark                              39.067 / 47.182       39.277 / 106.230      39.277 / 106.230      39.277 / 106.230     ms
[250.037s][info][gc,stats    ]       Phase: Concurrent Mark Continue                      0.000 / 0.000         0.000 / 0.000         0.000 / 0.000         0.000 / 0.000       ms
[250.037s][info][gc,stats    ]       Phase: Concurrent Process Non-Strong References      3.016 / 3.398         1.884 / 6.765         1.884 / 6.765         1.884 / 6.765       ms
[250.037s][info][gc,stats    ]       Phase: Concurrent Relocate                          12.334 / 28.531       15.356 / 40.994       15.356 / 40.994       15.356 / 40.994      ms
[250.037s][info][gc,stats    ]       Phase: Concurrent Reset Relocation Set               0.157 / 1.528         0.363 / 1.968         0.363 / 1.968         0.363 / 1.968       ms
[250.037s][info][gc,stats    ]       Phase: Concurrent Select Relocation Set              1.908 / 2.643         3.003 / 7.978         3.003 / 7.978         3.003 / 7.978       ms
[250.037s][info][gc,stats    ]       Phase: Pause Mark End                                0.144 / 0.260         0.233 / 1.037         0.233 / 1.037         0.233 / 1.037       ms
[250.037s][info][gc,stats    ]       Phase: Pause Mark Start                              0.078 / 0.124         0.072 / 0.509         0.072 / 0.509         0.072 / 0.509       ms
[250.037s][info][gc,stats    ]       Phase: Pause Relocate Start                          0.081 / 0.116         0.074 / 0.152         0.074 / 0.152         0.074 / 0.152       ms
[250.037s][info][gc,stats    ]    Subphase: Concurrent Classes Purge                      0.123 / 0.146         0.097 / 0.200         0.097 / 0.200         0.097 / 0.200       ms
[250.037s][info][gc,stats    ]    Subphase: Concurrent Classes Unlink                     2.427 / 2.786         1.435 / 5.156         1.435 / 5.156         1.435 / 5.156       ms
[250.037s][info][gc,stats    ]    Subphase: Concurrent Mark                              38.901 / 47.057       39.134 / 106.127      39.134 / 106.127      39.134 / 106.127     ms
[250.037s][info][gc,stats    ]    Subphase: Concurrent Mark Idle                          0.000 / 0.000         0.000 / 0.000         0.000 / 0.000         0.000 / 0.000       ms
[250.037s][info][gc,stats    ]    Subphase: Concurrent Mark Try Flush                     0.073 / 0.115         0.072 / 0.166         0.072 / 0.166         0.072 / 0.166       ms
[250.037s][info][gc,stats    ]    Subphase: Concurrent Mark Try Terminate                 0.033 / 0.116         0.032 / 0.136         0.032 / 0.136         0.032 / 0.136       ms
[250.038s][info][gc,stats    ]    Subphase: Concurrent References Enqueue                 0.000 / 0.000         0.000 / 0.003         0.000 / 0.003         0.000 / 0.003       ms
[250.038s][info][gc,stats    ]    Subphase: Concurrent References Process                 0.109 / 0.140         0.066 / 0.146         0.066 / 0.146         0.066 / 0.146       ms
[250.038s][info][gc,stats    ]    Subphase: Concurrent Roots                              0.066 / 0.069         0.051 / 0.196         0.051 / 0.196         0.051 / 0.196       ms
[250.038s][info][gc,stats    ]    Subphase: Concurrent Roots ClassLoaderDataGraph         0.061 / 0.064         0.046 / 0.184         0.046 / 0.184         0.046 / 0.184       ms
[250.038s][info][gc,stats    ]    Subphase: Concurrent Roots JNIHandles                   0.002 / 0.002         0.002 / 0.009         0.002 / 0.009         0.002 / 0.009       ms
[250.038s][info][gc,stats    ]    Subphase: Concurrent Roots Setup                        0.010 / 0.014         0.004 / 0.014         0.004 / 0.014         0.004 / 0.014       ms
[250.038s][info][gc,stats    ]    Subphase: Concurrent Roots Teardown                     0.000 / 0.000         0.000 / 0.000         0.000 / 0.000         0.000 / 0.000       ms
[250.038s][info][gc,stats    ]    Subphase: Concurrent Roots VMHandles                    0.003 / 0.003         0.002 / 0.007         0.002 / 0.007         0.002 / 0.007       ms
[250.038s][info][gc,stats    ]    Subphase: Concurrent Weak Roots                         0.232 / 0.334         0.176 / 0.490         0.176 / 0.490         0.176 / 0.490       ms
[250.038s][info][gc,stats    ]    Subphase: Concurrent Weak Roots JNIWeakHandles          0.001 / 0.001         0.000 / 0.001         0.000 / 0.001         0.000 / 0.001       ms
[250.038s][info][gc,stats    ]    Subphase: Concurrent Weak Roots ResolvedMethodTable     0.013 / 0.021         0.008 / 0.042         0.008 / 0.042         0.008 / 0.042       ms
[250.038s][info][gc,stats    ]    Subphase: Concurrent Weak Roots StringTable             0.207 / 0.293         0.164 / 0.432         0.164 / 0.432         0.164 / 0.432       ms
[250.038s][info][gc,stats    ]    Subphase: Concurrent Weak Roots VMWeakHandles           0.010 / 0.018         0.004 / 0.018         0.004 / 0.018         0.004 / 0.018       ms
[250.038s][info][gc,stats    ]    Subphase: Pause Mark Try Complete                       0.015 / 0.043         0.119 / 0.982         0.119 / 0.982         0.119 / 0.982       ms
[250.038s][info][gc,stats    ]    Subphase: Pause Roots                                   0.026 / 0.067         0.016 / 0.487         0.016 / 0.487         0.016 / 0.487       ms
[250.038s][info][gc,stats    ]    Subphase: Pause Roots CodeCache                         0.000 / 0.000         0.000 / 0.000         0.000 / 0.000         0.000 / 0.000       ms
[250.038s][info][gc,stats    ]    Subphase: Pause Roots JVMTIExport                       0.001 / 0.001         0.001 / 0.007         0.001 / 0.007         0.001 / 0.007       ms
[250.038s][info][gc,stats    ]    Subphase: Pause Roots JVMTIWeakExport                   0.001 / 0.001         0.001 / 0.003         0.001 / 0.003         0.001 / 0.003       ms
[250.038s][info][gc,stats    ]    Subphase: Pause Roots Java Threads                      0.026 / 0.062         0.021 / 0.484         0.021 / 0.484         0.021 / 0.484       ms
[250.038s][info][gc,stats    ]    Subphase: Pause Roots Management                        0.001 / 0.002         0.001 / 0.011         0.001 / 0.011         0.001 / 0.011       ms
[250.038s][info][gc,stats    ]    Subphase: Pause Roots ObjectSynchronizer                0.000 / 0.000         0.000 / 0.022         0.000 / 0.022         0.000 / 0.022       ms
[250.038s][info][gc,stats    ]    Subphase: Pause Roots Setup                             0.000 / 0.001         0.000 / 0.002         0.000 / 0.002         0.000 / 0.002       ms
[250.038s][info][gc,stats    ]    Subphase: Pause Roots Teardown                          0.001 / 0.001         0.000 / 0.002         0.000 / 0.002         0.000 / 0.002       ms
[250.038s][info][gc,stats    ]    Subphase: Pause Roots Universe                          0.001 / 0.002         0.001 / 0.015         0.001 / 0.015         0.001 / 0.015       ms
[250.038s][info][gc,stats    ]    Subphase: Pause Roots VM Thread                         0.001 / 0.001         0.001 / 0.003         0.001 / 0.003         0.001 / 0.003       ms
[250.038s][info][gc,stats    ]    Subphase: Pause Weak Roots                              0.003 / 0.050         0.003 / 0.086         0.003 / 0.086         0.003 / 0.086       ms
[250.038s][info][gc,stats    ]    Subphase: Pause Weak Roots JFRWeak                      0.014 / 0.049         0.012 / 0.082         0.012 / 0.082         0.012 / 0.082       ms
[250.038s][info][gc,stats    ]    Subphase: Pause Weak Roots JVMTIWeakExport              0.001 / 0.001         0.001 / 0.006         0.001 / 0.006         0.001 / 0.006       ms
[250.038s][info][gc,stats    ]    Subphase: Pause Weak Roots Setup                        0.000 / 0.000         0.000 / 0.001         0.000 / 0.001         0.000 / 0.001       ms
[250.038s][info][gc,stats    ]    Subphase: Pause Weak Roots Teardown                     0.000 / 0.001         0.000 / 0.001         0.000 / 0.001         0.000 / 0.001       ms
[250.038s][info][gc,stats    ]      System: Java Threads                                     22 / 22               15 / 23               15 / 23               15 / 23          threads
[250.038s][info][gc,stats    ] =========================================================================================================================================================
[250.238s][info][gc,start    ] GC(455) Garbage Collection (Allocation Rate)
[250.238s][info][gc,phases   ] GC(455) Pause Mark Start 0.067ms
[250.277s][info][gc,phases   ] GC(455) Concurrent Mark 38.802ms
[250.277s][info][gc,phases   ] GC(455) Pause Mark End 0.111ms
[250.280s][info][gc,phases   ] GC(455) Concurrent Process Non-Strong References 2.923ms
[250.280s][info][gc,phases   ] GC(455) Concurrent Reset Relocation Set 0.034ms
[250.284s][info][gc,phases   ] GC(455) Concurrent Select Relocation Set 4.030ms
[250.285s][info][gc,phases   ] GC(455) Pause Relocate Start 0.063ms
[250.311s][info][gc,phases   ] GC(455) Concurrent Relocate 26.628ms
[250.311s][info][gc,load     ] GC(455) Load: 0.00/0.00/0.00
[250.311s][info][gc,mmu      ] GC(455) MMU: 2ms/48.2%, 5ms/79.3%, 10ms/89.6%, 20ms/94.4%, 50ms/97.8%, 100ms/98.4%
[250.311s][info][gc,marking  ] GC(455) Mark: 1 stripe(s), 2 proactive flush(es), 1 terminate flush(es), 1 completion(s), 0 continuation(s) 
[250.311s][info][gc,nmethod  ] GC(455) NMethods: 2758 registered, 0 unregistered
[250.311s][info][gc,metaspace] GC(455) Metaspace: 9M used, 9M capacity, 9M committed, 1034M reserved
[250.311s][info][gc,ref      ] GC(455) Soft: 800 encountered, 0 discovered, 0 enqueued
[250.311s][info][gc,ref      ] GC(455) Weak: 1212 encountered, 771 discovered, 0 enqueued
[250.311s][info][gc,ref      ] GC(455) Final: 1 encountered, 1 discovered, 0 enqueued
[250.311s][info][gc,ref      ] GC(455) Phantom: 49 encountered, 40 discovered, 0 enqueued
[250.311s][info][gc,reloc    ] GC(455) Small Pages: 1353 / 2706M(99%), Empty: 2574M(94%), Compacting: 126M(5%)->46M(2%)
[250.311s][info][gc,reloc    ] GC(455) Medium Pages: 1 / 32M(1%), Empty: 0M(0%), Compacting: 0M(0%)->0M(0%)
[250.311s][info][gc,reloc    ] GC(455) Large Pages: 1 / 8M(0%), Empty: 0M(0%), Compacting: 0M(0%)->0M(0%)
[250.311s][info][gc,reloc    ] GC(455) Relocation: Successful
[250.311s][info][gc,heap     ] GC(455) Min Capacity: 42M(1%)
[250.311s][info][gc,heap     ] GC(455) Max Capacity: 4060M(100%)
[250.311s][info][gc,heap     ] GC(455) Soft Max Capacity: 4060M(100%)
[250.311s][info][gc,heap     ] GC(455)                Mark Start          Mark End        Relocate Start      Relocate End           High               Low         
[250.311s][info][gc,heap     ] GC(455)  Capacity:     3246M (80%)        3246M (80%)        3246M (80%)        3246M (80%)        3246M (80%)        3246M (80%)    
[250.311s][info][gc,heap     ] GC(455)   Reserve:       42M (1%)           42M (1%)           42M (1%)           42M (1%)           42M (1%)           42M (1%)     
[250.311s][info][gc,heap     ] GC(455)      Free:     1272M (31%)        1098M (27%)        3642M (90%)        3602M (89%)        3660M (90%)        1086M (27%)    
[250.311s][info][gc,heap     ] GC(455)      Used:     2746M (68%)        2920M (72%)         376M (9%)          416M (10%)        2932M (72%)         358M (9%)     
[250.311s][info][gc,heap     ] GC(455)      Live:         -                54M (1%)           54M (1%)           54M (1%)             -                  -          
[250.311s][info][gc,heap     ] GC(455) Allocated:         -               174M (4%)          204M (5%)          370M (9%)             -                  -          
[250.311s][info][gc,heap     ] GC(455)   Garbage:         -              2691M (66%)         117M (3%)           37M (1%)             -                  -          
[250.311s][info][gc,heap     ] GC(455) Reclaimed:         -                  -              2574M (63%)        2654M (65%)            -                  -          
[250.311s][info][gc          ] GC(455) Garbage Collection (Allocation Rate) 2746M(68%)->416M(10%)
[250.838s][info][gc,start    ] GC(456) Garbage Collection (Allocation Rate)
[250.838s][info][gc,phases   ] GC(456) Pause Mark Start 0.077ms
[250.881s][info][gc,phases   ] GC(456) Concurrent Mark 42.009ms
[250.881s][info][gc,phases   ] GC(456) Pause Mark End 0.112ms
[250.884s][info][gc,phases   ] GC(456) Concurrent Process Non-Strong References 3.050ms
[250.884s][info][gc,phases   ] GC(456) Concurrent Reset Relocation Set 0.085ms
[250.886s][info][gc,phases   ] GC(456) Concurrent Select Relocation Set 2.166ms
[250.887s][info][gc,phases   ] GC(456) Pause Relocate Start 0.083ms
[250.908s][info][gc,phases   ] GC(456) Concurrent Relocate 20.815ms
[250.908s][info][gc,load     ] GC(456) Load: 0.00/0.00/0.00
[250.908s][info][gc,mmu      ] GC(456) MMU: 2ms/48.2%, 5ms/79.3%, 10ms/89.6%, 20ms/94.4%, 50ms/97.8%, 100ms/98.4%
[250.908s][info][gc,marking  ] GC(456) Mark: 1 stripe(s), 2 proactive flush(es), 1 terminate flush(es), 1 completion(s), 0 continuation(s) 
[250.908s][info][gc,nmethod  ] GC(456) NMethods: 2758 registered, 0 unregistered
[250.908s][info][gc,metaspace] GC(456) Metaspace: 9M used, 9M capacity, 9M committed, 1034M reserved
[250.908s][info][gc,ref      ] GC(456) Soft: 800 encountered, 0 discovered, 0 enqueued
[250.908s][info][gc,ref      ] GC(456) Weak: 1212 encountered, 771 discovered, 0 enqueued
[250.908s][info][gc,ref      ] GC(456) Final: 1 encountered, 1 discovered, 0 enqueued
[250.908s][info][gc,ref      ] GC(456) Phantom: 49 encountered, 40 discovered, 0 enqueued
[250.908s][info][gc,reloc    ] GC(456) Small Pages: 1343 / 2686M(99%), Empty: 2564M(94%), Compacting: 94M(3%)->34M(1%)
[250.908s][info][gc,reloc    ] GC(456) Medium Pages: 1 / 32M(1%), Empty: 0M(0%), Compacting: 0M(0%)->0M(0%)
[250.908s][info][gc,reloc    ] GC(456) Large Pages: 1 / 8M(0%), Empty: 0M(0%), Compacting: 0M(0%)->0M(0%)
[250.908s][info][gc,reloc    ] GC(456) Relocation: Successful
[250.908s][info][gc,heap     ] GC(456) Min Capacity: 42M(1%)
[250.908s][info][gc,heap     ] GC(456) Max Capacity: 4060M(100%)
[250.908s][info][gc,heap     ] GC(456) Soft Max Capacity: 4060M(100%)
[250.908s][info][gc,heap     ] GC(456)                Mark Start          Mark End        Relocate Start      Relocate End           High               Low         
[250.908s][info][gc,heap     ] GC(456)  Capacity:     3246M (80%)        3246M (80%)        3246M (80%)        3246M (80%)        3246M (80%)        3246M (80%)    
[250.908s][info][gc,heap     ] GC(456)   Reserve:       42M (1%)           42M (1%)           42M (1%)           42M (1%)           42M (1%)           42M (1%)     
[250.908s][info][gc,heap     ] GC(456)      Free:     1292M (32%)        1104M (27%)        3644M (90%)        3608M (89%)        3654M (90%)        1090M (27%)    
[250.908s][info][gc,heap     ] GC(456)      Used:     2726M (67%)        2914M (72%)         374M (9%)          410M (10%)        2928M (72%)         364M (9%)     
[250.908s][info][gc,heap     ] GC(456)      Live:         -                62M (2%)           62M (2%)           62M (2%)             -                  -          
[250.908s][info][gc,heap     ] GC(456) Allocated:         -               188M (5%)          212M (5%)          342M (8%)             -                  -          
[250.908s][info][gc,heap     ] GC(456)   Garbage:         -              2663M (66%)          99M (2%)           43M (1%)             -                  -          
[250.908s][info][gc,heap     ] GC(456) Reclaimed:         -                  -              2564M (63%)        2620M (65%)            -                  -          
[250.908s][info][gc          ] GC(456) Garbage Collection (Allocation Rate) 2726M(67%)->410M(10%)
[251.438s][info][gc,start    ] GC(457) Garbage Collection (Allocation Rate)
[251.438s][info][gc,phases   ] GC(457) Pause Mark Start 0.080ms
[251.478s][info][gc,phases   ] GC(457) Concurrent Mark 39.379ms
[251.478s][info][gc,phases   ] GC(457) Pause Mark End 0.104ms
[251.481s][info][gc,phases   ] GC(457) Concurrent Process Non-Strong References 2.982ms
[251.481s][info][gc,phases   ] GC(457) Concurrent Reset Relocation Set 0.075ms
[251.483s][info][gc,phases   ] GC(457) Concurrent Select Relocation Set 1.591ms
[251.483s][info][gc,phases   ] GC(457) Pause Relocate Start 0.063ms
[251.485s][info][gc,phases   ] GC(457) Concurrent Relocate 2.259ms
[251.485s][info][gc,load     ] GC(457) Load: 0.00/0.00/0.00
[251.485s][info][gc,mmu      ] GC(457) MMU: 2ms/48.2%, 5ms/79.3%, 10ms/89.6%, 20ms/94.4%, 50ms/97.8%, 100ms/98.4%
[251.486s][info][gc,marking  ] GC(457) Mark: 1 stripe(s), 2 proactive flush(es), 1 terminate flush(es), 1 completion(s), 0 continuation(s) 
[251.486s][info][gc,nmethod  ] GC(457) NMethods: 2758 registered, 0 unregistered
[251.486s][info][gc,metaspace] GC(457) Metaspace: 9M used, 9M capacity, 9M committed, 1034M reserved
[251.486s][info][gc,ref      ] GC(457) Soft: 800 encountered, 0 discovered, 0 enqueued
[251.486s][info][gc,ref      ] GC(457) Weak: 1212 encountered, 771 discovered, 0 enqueued
[251.486s][info][gc,ref      ] GC(457) Final: 1 encountered, 1 discovered, 0 enqueued
[251.486s][info][gc,ref      ] GC(457) Phantom: 49 encountered, 40 discovered, 0 enqueued
[251.486s][info][gc,reloc    ] GC(457) Small Pages: 1358 / 2716M(99%), Empty: 2636M(96%), Compacting: 22M(1%)->4M(0%)
[251.486s][info][gc,reloc    ] GC(457) Medium Pages: 1 / 32M(1%), Empty: 0M(0%), Compacting: 0M(0%)->0M(0%)
[251.486s][info][gc,reloc    ] GC(457) Large Pages: 1 / 8M(0%), Empty: 0M(0%), Compacting: 0M(0%)->0M(0%)
[251.486s][info][gc,reloc    ] GC(457) Relocation: Successful
[251.486s][info][gc,heap     ] GC(457) Min Capacity: 42M(1%)
[251.486s][info][gc,heap     ] GC(457) Max Capacity: 4060M(100%)
[251.486s][info][gc,heap     ] GC(457) Soft Max Capacity: 4060M(100%)
[251.486s][info][gc,heap     ] GC(457)                Mark Start          Mark End        Relocate Start      Relocate End           High               Low         
[251.486s][info][gc,heap     ] GC(457)  Capacity:     3246M (80%)        3246M (80%)        3246M (80%)        3246M (80%)        3246M (80%)        3246M (80%)    
[251.486s][info][gc,heap     ] GC(457)   Reserve:       42M (1%)           42M (1%)           42M (1%)           42M (1%)           42M (1%)           42M (1%)     
[251.486s][info][gc,heap     ] GC(457)      Free:     1262M (31%)        1084M (27%)        3698M (91%)        3700M (91%)        3706M (91%)        1070M (26%)    
[251.486s][info][gc,heap     ] GC(457)      Used:     2756M (68%)        2934M (72%)         320M (8%)          318M (8%)         2948M (73%)         312M (8%)     
[251.486s][info][gc,heap     ] GC(457)      Live:         -                62M (2%)           62M (2%)           62M (2%)             -                  -          
[251.486s][info][gc,heap     ] GC(457) Allocated:         -               178M (4%)          200M (5%)          220M (5%)             -                  -          
[251.486s][info][gc,heap     ] GC(457)   Garbage:         -              2693M (66%)          57M (1%)           45M (1%)             -                  -          
[251.486s][info][gc,heap     ] GC(457) Reclaimed:         -                  -              2636M (65%)        2648M (65%)            -                  -          
[251.486s][info][gc          ] GC(457) Garbage Collection (Allocation Rate) 2756M(68%)->318M(8%)
[252.038s][info][gc,start    ] GC(458) Garbage Collection (Allocation Rate)
[252.038s][info][gc,phases   ] GC(458) Pause Mark Start 0.082ms
[252.074s][info][gc,phases   ] GC(458) Concurrent Mark 35.761ms
[252.074s][info][gc,phases   ] GC(458) Pause Mark End 0.114ms
[252.077s][info][gc,phases   ] GC(458) Concurrent Process Non-Strong References 3.016ms
[252.077s][info][gc,phases   ] GC(458) Concurrent Reset Relocation Set 0.033ms
[252.080s][info][gc,phases   ] GC(458) Concurrent Select Relocation Set 2.391ms
[252.080s][info][gc,phases   ] GC(458) Pause Relocate Start 0.070ms
[252.103s][info][gc,phases   ] GC(458) Concurrent Relocate 22.085ms
[252.103s][info][gc,load     ] GC(458) Load: 0.00/0.00/0.00
[252.103s][info][gc,mmu      ] GC(458) MMU: 2ms/48.2%, 5ms/79.3%, 10ms/89.6%, 20ms/94.4%, 50ms/97.8%, 100ms/98.4%
[252.103s][info][gc,marking  ] GC(458) Mark: 1 stripe(s), 2 proactive flush(es), 1 terminate flush(es), 1 completion(s), 0 continuation(s) 
[252.103s][info][gc,nmethod  ] GC(458) NMethods: 2759 registered, 0 unregistered
[252.103s][info][gc,metaspace] GC(458) Metaspace: 9M used, 9M capacity, 9M committed, 1034M reserved
[252.103s][info][gc,ref      ] GC(458) Soft: 800 encountered, 0 discovered, 0 enqueued
[252.103s][info][gc,ref      ] GC(458) Weak: 1212 encountered, 771 discovered, 0 enqueued
[252.103s][info][gc,ref      ] GC(458) Final: 1 encountered, 1 discovered, 0 enqueued
